Component: ARM Compiler 5.06 update 5 (build 528) Tool: armlink [4d35e2]

==============================================================================

Section Cross References

    system_stm32f10x.o(.text) refers to system_stm32f10x.o(.data) for SystemCoreClock
    main.o(.text) refers to misc.o(.text) for NVIC_PriorityGroupConfig
    main.o(.text) refers to platform.o(.text) for systick_init
    main.o(.text) refers to led.o(.text) for led_init
    main.o(.text) refers to button.o(.text) for button_init
    main.o(.text) refers to lcd_driver.o(.text) for TFT_Init
    main.o(.text) refers to flash.o(.text) for FLASH_Init
    main.o(.text) refers to touch.o(.text) for TOUCH_Init
    main.o(.text) refers to tim.o(.text) for TIM3_Init
    main.o(.text) refers to rtc.o(.text) for rtc_init
    main.o(.text) refers to demo_main.o(.text) for gui_app_start
    sys.o(.text) refers to misc.o(.text) for NVIC_PriorityGroupConfig
    usart.o(.text) refers (Special) to use_no_semi_2.o(.text) for __use_no_semihosting
    usart.o(.text) refers to stm32f10x_rcc.o(.text) for RCC_APB2PeriphClockCmd
    usart.o(.text) refers to stm32f10x_gpio.o(.text) for GPIO_Init
    usart.o(.text) refers to misc.o(.text) for NVIC_Init
    usart.o(.text) refers to stm32f10x_usart.o(.text) for USART_Init
    usart.o(.text) refers to usart.o(.data) for USART_RX_STA
    usart.o(.text) refers to usart.o(.bss) for USART_RX_BUF
    usart.o(.bss) refers (Special) to use_no_semi_2.o(.text) for __use_no_semihosting
    usart.o(.data) refers (Special) to use_no_semi_2.o(.text) for __use_no_semihosting
    startup_stm32f10x_hd.o(STACK) refers (Special) to heapauxi.o(.text) for __use_two_region_memory
    startup_stm32f10x_hd.o(HEAP) refers (Special) to heapauxi.o(.text) for __use_two_region_memory
    startup_stm32f10x_hd.o(RESET) refers (Special) to heapauxi.o(.text) for __use_two_region_memory
    startup_stm32f10x_hd.o(RESET) refers to startup_stm32f10x_hd.o(STACK) for __initial_sp
    startup_stm32f10x_hd.o(RESET) refers to startup_stm32f10x_hd.o(.text) for Reset_Handler
    startup_stm32f10x_hd.o(RESET) refers to stm32f10x_it.o(.text) for NMI_Handler
    startup_stm32f10x_hd.o(RESET) refers to sys_tick.o(.text) for SysTick_Handler
    startup_stm32f10x_hd.o(RESET) refers to rtc.o(.text) for RTC_IRQHandler
    startup_stm32f10x_hd.o(RESET) refers to main_loop_stm32_raw.o(.text) for TIM3_IRQHandler
    startup_stm32f10x_hd.o(RESET) refers to usart.o(.text) for USART1_IRQHandler
    startup_stm32f10x_hd.o(RESET) refers to tim.o(.text) for TIM5_IRQHandler
    startup_stm32f10x_hd.o(.text) refers (Special) to heapauxi.o(.text) for __use_two_region_memory
    startup_stm32f10x_hd.o(.text) refers to system_stm32f10x.o(.text) for SystemInit
    startup_stm32f10x_hd.o(.text) refers to __main.o(!!!main) for __main
    startup_stm32f10x_hd.o(.text) refers to startup_stm32f10x_hd.o(HEAP) for Heap_Mem
    startup_stm32f10x_hd.o(.text) refers to startup_stm32f10x_hd.o(STACK) for Stack_Mem
    stm32f10x_gpio.o(.text) refers to stm32f10x_rcc.o(.text) for RCC_APB2PeriphResetCmd
    stm32f10x_rcc.o(.text) refers to stm32f10x_rcc.o(.data) for APBAHBPrescTable
    stm32f10x_usart.o(.text) refers to stm32f10x_rcc.o(.text) for RCC_APB2PeriphResetCmd
    stm32f10x_wwdg.o(.text) refers to stm32f10x_rcc.o(.text) for RCC_APB1PeriphResetCmd
    stm32f10x_tim.o(.text) refers to stm32f10x_rcc.o(.text) for RCC_APB2PeriphResetCmd
    stm32f10x_bkp.o(.text) refers to stm32f10x_rcc.o(.text) for RCC_BackupResetCmd
    stm32f10x_pwr.o(.text) refers to stm32f10x_rcc.o(.text) for RCC_APB1PeriphResetCmd
    stm32f10x_spi.o(.text) refers to stm32f10x_rcc.o(.text) for RCC_APB2PeriphResetCmd
    led.o(.text) refers to stm32f10x_rcc.o(.text) for RCC_APB2PeriphClockCmd
    led.o(.text) refers to stm32f10x_gpio.o(.text) for GPIO_Init
    led.o(.text) refers to sys_tick.o(.text) for delay_ms
    led.o(.text) refers to led.o(.data) for i
    lcd_driver.o(.text) refers to stm32f10x_rcc.o(.text) for RCC_APB2PeriphClockCmd
    lcd_driver.o(.text) refers to stm32f10x_gpio.o(.text) for GPIO_Init
    lcd_driver.o(.text) refers to stm32f10x_fsmc.o(.text) for FSMC_NORSRAMInit
    button.o(.text) refers to stm32f10x_rcc.o(.text) for RCC_APB2PeriphClockCmd
    button.o(.text) refers to stm32f10x_gpio.o(.text) for GPIO_Init
    button.o(.text) refers to sys_tick.o(.text) for delay_ms
    button.o(.text) refers to button.o(.data) for key_up
    tim.o(.text) refers to stm32f10x_rcc.o(.text) for RCC_APB1PeriphClockCmd
    tim.o(.text) refers to stm32f10x_gpio.o(.text) for GPIO_Init
    tim.o(.text) refers to stm32f10x_tim.o(.text) for TIM_TimeBaseInit
    tim.o(.text) refers to misc.o(.text) for NVIC_Init
    tim.o(.text) refers to tim.o(.data) for TIM5CH1_CAPTURE_STA
    rtc.o(.text) refers to _printf_percent.o(.ARM.Collect$$_printf_percent$$00000000) for _printf_percent
[...]
    widget_get_value                         0x08009901   Thumb Code    36  widget.o(.text)
    widget_get_text                          0x08009925   Thumb Code    36  widget.o(.text)
    widget_set_enable                        0x08009949   Thumb Code   112  widget.o(.text)
    widget_set_focused                       0x080099b9   Thumb Code    48  widget.o(.text)
    widget_set_state                         0x080099e9   Thumb Code    38  widget.o(.text)
    widget_set_opacity                       0x08009a0f   Thumb Code    26  widget.o(.text)
    widget_set_rotation                      0x08009a29   Thumb Code    12  widget.o(.text)
    widget_set_scale                         0x08009a35   Thumb Code    12  widget.o(.text)
    widget_set_anchor                        0x08009a41   Thumb Code    12  widget.o(.text)
    widget_destroy                           0x08009a4d   Thumb Code   116  widget.o(.text)
    widget_destroy_children                  0x08009ac1   Thumb Code    60  widget.o(.text)
    widget_add_child                         0x08009afd   Thumb Code    38  widget.o(.text)
    widget_remove_child                      0x08009b23   Thumb Code    48  widget.o(.text)
    widget_lookup                            0x08009bf7   Thumb Code    30  widget.o(.text)
    widget_set_visible                       0x08009c87   Thumb Code    30  widget.o(.text)
    widget_find_target                       0x08009ca5   Thumb Code    62  widget.o(.text)
    widget_on                                0x08009ce3   Thumb Code    46  widget.o(.text)
    widget_child_on                          0x08009d11   Thumb Code    42  widget.o(.text)
    widget_off                               0x08009d3b   Thumb Code    30  widget.o(.text)
    widget_off_by_func                       0x08009d59   Thumb Code    44  widget.o(.text)
    widget_draw_icon_text                    0x08009d85   Thumb Code   540  widget.o(.text)
    widget_draw_background                   0x08009fa1   Thumb Code   166  widget.o(.text)
    widget_draw_border                       0x0800a047   Thumb Code    70  widget.o(.text)
    widget_paint_helper                      0x0800a08d   Thumb Code    34  widget.o(.text)
    widget_on_paint_done                     0x0800a0af   Thumb Code    62  widget.o(.text)
    widget_on_paint_children                 0x0800a0ed   Thumb Code    58  widget.o(.text)
    widget_on_paint_self                     0x0800a127   Thumb Code    68  widget.o(.text)
    widget_on_paint_background               0x0800a16b   Thumb Code    60  widget.o(.text)
    widget_paint                             0x0800a1a7   Thumb Code   220  widget.o(.text)
    widget_on_keydown                        0x0800a283   Thumb Code    68  widget.o(.text)
    widget_on_keyup                          0x0800a2c7   Thumb Code    68  widget.o(.text)
    widget_on_click                          0x0800a30b   Thumb Code    68  widget.o(.text)
    widget_on_pointer_down                   0x0800a3a3   Thumb Code   146  widget.o(.text)
    widget_on_pointer_move                   0x0800a435   Thumb Code   122  widget.o(.text)
    widget_on_pointer_up                     0x0800a4af   Thumb Code    66  widget.o(.text)
    widget_grab                              0x0800a4f1   Thumb Code    54  widget.o(.text)
    widget_ungrab                            0x0800a527   Thumb Code    52  widget.o(.text)
    widget_foreach                           0x0800a55b   Thumb Code    88  widget.o(.text)
    widget_invalidate_force                  0x0800a5b3   Thumb Code    28  widget.o(.text)
    widget_init                              0x0800a5cf   Thumb Code   116  widget.o(.text)
    widget_to_local                          0x0800a643   Thumb Code    42  widget.o(.text)
    widget_to_global                         0x0800a66d   Thumb Code    42  widget.o(.text)
    widget_count_children                    0x0800a697   Thumb Code    22  widget.o(.text)
    widget_get_child                         0x0800a6ad   Thumb Code    34  widget.o(.text)
    widget_to_xml                            0x0800a6cf   Thumb Code    88  widget.o(.text)
    widget_invalidate_default                0x0800a729   Thumb Code    64  widget_vtable.o(.text)
    widget_on_event_default                  0x0800a769   Thumb Code    14  widget_vtable.o(.text)
    widget_on_paint_self_default             0x0800a777   Thumb Code    14  widget_vtable.o(.text)
    widget_on_paint_children_default         0x0800a785   Thumb Code    70  widget_vtable.o(.text)
    widget_on_keydown_default                0x0800a7cb   Thumb Code    14  widget_vtable.o(.text)
    widget_on_keyup_default                  0x0800a7d9   Thumb Code    14  widget_vtable.o(.text)
    widget_on_click_default                  0x0800a7e7   Thumb Code    14  widget_vtable.o(.text)
    widget_on_pointer_down_default           0x0800a7f5   Thumb Code    14  widget_vtable.o(.text)
    widget_on_pointer_move_default           0x0800a803   Thumb Code    14  widget_vtable.o(.text)
    widget_on_pointer_up_default             0x0800a811   Thumb Code    14  widget_vtable.o(.text)
    widget_get_prop_default                  0x0800a81f   Thumb Code    16  widget_vtable.o(.text)
    widget_set_prop_default                  0x0800a82f   Thumb Code    16  widget_vtable.o(.text)
    widget_grab_default                      0x0800a83f   Thumb Code    34  widget_vtable.o(.text)
    widget_ungrab_default                    0x0800a861   Thumb Code    34  widget_vtable.o(.text)
    widget_find_target_default               0x0800a883   Thumb Code   138  widget_vtable.o(.text)
    widget_destroy_default                   0x0800a90d   Thumb Code     6  widget_vtable.o(.text)
    widget_on_paint_background_null          0x0800a913   Thumb Code     6  widget_vtable.o(.text)
    widget_on_paint_done_null                0x0800a919   Thumb Code     6  widget_vtable.o(.text)
    widget_vtable_default                    0x0800a91f   Thumb Code     4  widget_vtable.o(.text)
    window_create                            0x0800a9c9   Thumb Code   110  window.o(.text)
    window_close                             0x0800aa37   Thumb Code    20  window.o(.text)
    window_manager_find_top_window_index     0x0800ab93   Thumb Code    64  window_manager.o(.text)
    window_manager_get_top_window            0x0800abd3   Thumb Code    30  window_manager.o(.text)
    window_manager_add_child                 0x0800ac5d   Thumb Code   152  window_manager.o(.text)
    window_manager_remove_child              0x0800ad05   Thumb Code    46  window_manager.o(.text)
    window_manager_find_target               0x0800ad33   Thumb Code   188  window_manager.o(.text)
    window_manager_paint                     0x0800af55   Thumb Code    72  window_manager.o(.text)
    window_manager                           0x0800af9d   Thumb Code     6  window_manager.o(.text)
    window_manager_set                       0x0800afa3   Thumb Code    10  window_manager.o(.text)
    window_manager_init                      0x0800afad   Thumb Code    40  window_manager.o(.text)
    window_manager_create                    0x0800afd5   Thumb Code    26  window_manager.o(.text)
    window_manager_on_paint_children         0x0800b047   Thumb Code   110  window_manager.o(.text)
    window_manager_resize                    0x0800b115   Thumb Code    62  window_manager.o(.text)
    window_manager_dispatch_input_event      0x0800b20b   Thumb Code   436  window_manager.o(.text)
    window_manager_set_animating             0x0800b3bf   Thumb Code    18  window_manager.o(.text)
    window_manager_set_show_fps              0x0800b3d1   Thumb Code    18  window_manager.o(.text)
    wcs_chr                                  0x0800b3e3   Thumb Code    38  wstr.o(.text)
    wcs_cpy                                  0x0800b409   Thumb Code    40  wstr.o(.text)
    wcs_len                                  0x0800b431   Thumb Code    30  wstr.o(.text)
    wstr_init                                0x0800b485   Thumb Code    36  wstr.o(.text)
    wstr_set                                 0x0800b4a9   Thumb Code    54  wstr.o(.text)
    wstr_set_utf8                            0x0800b4df   Thumb Code    62  wstr.o(.text)
    wstr_get_utf8                            0x0800b51d   Thumb Code    30  wstr.o(.text)
    wstr_remove                              0x0800b53b   Thumb Code    88  wstr.o(.text)
    wstr_insert                              0x0800b593   Thumb Code   180  wstr.o(.text)
    wstr_push                                0x0800b647   Thumb Code    56  wstr.o(.text)
    wstr_pop                                 0x0800b67f   Thumb Code    34  wstr.o(.text)
    wstr_from_int                            0x0800b6a1   Thumb Code    38  wstr.o(.text)
    wstr_from_float                          0x0800b6c7   Thumb Code    38  wstr.o(.text)
    wstr_from_value                          0x0800b6ed   Thumb Code   104  wstr.o(.text)
    wstr_to_int                              0x0800b755   Thumb Code    40  wstr.o(.text)
    wstr_to_float                            0x0800b77d   Thumb Code    40  wstr.o(.text)
    wstr_reset                               0x0800b7a5   Thumb Code    20  wstr.o(.text)
    font_bitmap_init                         0x0800b88d   Thumb Code    34  font_bitmap.o(.text)
    font_bitmap_create                       0x0800b8af   Thumb Code    54  font_bitmap.o(.text)
    tk_skip_to_num                           0x0800b8f1   Thumb Code    34  utils.o(.text)
    tk_str2bool                              0x0800b913   Thumb Code    40  utils.o(.text)
    tk_strtol                                0x0800ba01   Thumb Code    92  utils.o(.text)
    tk_atoi                                  0x0800ba5d   Thumb Code    16  utils.o(.text)
    tk_atof                                  0x0800ba6d   Thumb Code   154  utils.o(.text)
    tk_itoa                                  0x0800bb97   Thumb Code    22  utils.o(.text)
    tk_ftoa                                  0x0800bbad   Thumb Code   262  utils.o(.text)
    tk_strcpy                                0x0800bcb3   Thumb Code    16  utils.o(.text)
    tk_memset16                              0x0800bcc3   Thumb Code   136  utils.o(.text)
    tk_memset32                              0x0800bd4b   Thumb Code    30  utils.o(.text)
    tk_memcpy16                              0x0800bd69   Thumb Code    40  utils.o(.text)
    tk_memcpy32                              0x0800bd91   Thumb Code    36  utils.o(.text)
    tk_pixel_copy                            0x0800bdb5   Thumb Code    56  utils.o(.text)
    tk_snprintf                              0x0800e295   Thumb Code    40  utils.o(.text)
    filename_to_name                         0x0800e2bd   Thumb Code    98  utils.o(.text)
    pointer_event_cast                       0x0800e325   Thumb Code    26  events.o(.text)
    key_event_cast                           0x0800e33f   Thumb Code    28  events.o(.text)
    paint_event_cast                         0x0800e35b   Thumb Code    34  events.o(.text)
    event_init                               0x0800e37d   Thumb Code    28  events.o(.text)
    pointer_event_rotate                     0x0800e399   Thumb Code    42  events.o(.text)
    timer_manager                            0x0800e3c5   Thumb Code     6  timer.o(.text)
    timer_manager_set                        0x0800e3cb   Thumb Code    10  timer.o(.text)
    timer_manager_init                       0x0800e3d5   Thumb Code    40  timer.o(.text)
    timer_manager_create                     0x0800e3fd   Thumb Code    38  timer.o(.text)
    timer_manager_deinit                     0x0800e423   Thumb Code    72  timer.o(.text)
    timer_manager_destroy                    0x0800e46b   Thumb Code    26  timer.o(.text)
    timer_manager_add                        0x0800e485   Thumb Code    92  timer.o(.text)
    timer_manager_remove                     0x0800e509   Thumb Code    76  timer.o(.text)
    timer_manager_find                       0x0800e555   Thumb Code    72  timer.o(.text)
    timer_manager_dispatch                   0x0800e59d   Thumb Code   138  timer.o(.text)
    timer_manager_count                      0x0800e627   Thumb Code    36  timer.o(.text)
    timer_manager_next_time                  0x0800e64b   Thumb Code    72  timer.o(.text)
    timer_init                               0x0800e693   Thumb Code    34  timer.o(.text)
    timer_add                                0x0800e6b5   Thumb Code    30  timer.o(.text)
    timer_remove                             0x0800e6d3   Thumb Code    18  timer.o(.text)
    timer_find                               0x0800e6e5   Thumb Code    18  timer.o(.text)
    timer_dispatch                           0x0800e6f7   Thumb Code    14  timer.o(.text)
    timer_count                              0x0800e705   Thumb Code    22  timer.o(.text)
    timer_next_time                          0x0800e71b   Thumb Code    14  timer.o(.text)
    timer_now                                0x0800e729   Thumb Code    12  timer.o(.text)
    timer_queue                              0x0800e735   Thumb Code    36  timer.o(.text)
    resource_manager_load                    0x0800e765   Thumb Code     6  resource_manager.o(.text)
    resource_manager                         0x0800e76b   Thumb Code     6  resource_manager.o(.text)
    resource_manager_set                     0x0800e7cd   Thumb Code    10  resource_manager.o(.text)
    resource_manager_init                    0x0800e7d7   Thumb Code    24  resource_manager.o(.text)
    resource_manager_create                  0x0800e7ef   Thumb Code    24  resource_manager.o(.text)
    resource_manager_add                     0x0800e807   Thumb Code    32  resource_manager.o(.text)
    resource_manager_find_in_cache           0x0800e827   Thumb Code    72  resource_manager.o(.text)
    resource_manager_ref                     0x0800e86f   Thumb Code    50  resource_manager.o(.text)
    resource_manager_unref                   0x0800e8a1   Thumb Code    42  resource_manager.o(.text)
    resource_manager_clear_cache             0x0800e8db   Thumb Code    28  resource_manager.o(.text)
    resource_manager_deinit                  0x0800e8f7   Thumb Code    54  resource_manager.o(.text)
    resource_manager_destroy                 0x0800e92d   Thumb Code    40  resource_manager.o(.text)
    widget_layout_parse                      0x0800e961   Thumb Code   340  layout.o(.text)
    widget_layout_calc                       0x0800eab5   Thumb Code   208  layout.o(.text)
    widget_set_parsed_self_layout_params     0x0800eb85   Thumb Code    56  layout.o(.text)
    widget_set_self_layout_params            0x0800ebbd   Thumb Code    66  layout.o(.text)
    widget_set_children_layout               0x0800ebff   Thumb Code    64  layout.o(.text)
    widget_set_children_layout_params        0x0800ec3f   Thumb Code    56  layout.o(.text)
    widget_layout_self_with_wh               0x0800ec77   Thumb Code    64  layout.o(.text)
    widget_layout_self                       0x0800ecb7   Thumb Code    28  layout.o(.text)
    widget_layout_children                   0x0800ecd3   Thumb Code  1142  layout.o(.text)
    widget_layout                            0x0800f149   Thumb Code    24  layout.o(.text)
    children_layout_parser                   0x0800f161   Thumb Code   218  layout.o(.text)
    event_queue_create                       0x0800f241   Thumb Code    58  event_queue.o(.text)
    event_queue_recv                         0x0800f27b   Thumb Code    80  event_queue.o(.text)
    event_queue_send                         0x0800f2cb   Thumb Code    90  event_queue.o(.text)
    event_queue_replace_last                 0x0800f325   Thumb Code    78  event_queue.o(.text)
    event_queue_destroy                      0x0800f373   Thumb Code    20  event_queue.o(.text)
    slider_set_value                         0x0800f919   Thumb Code    18  slider.o(.text)
    slider_set_min                           0x0800f92b   Thumb Code    18  slider.o(.text)
    slider_set_max                           0x0800f93d   Thumb Code    18  slider.o(.text)
    slider_set_step                          0x0800f94f   Thumb Code    22  slider.o(.text)
    slider_set_vertical                      0x0800f965   Thumb Code    18  slider.o(.text)
    slider_create                            0x0800fab1   Thumb Code    92  slider.o(.text)
    window_animator_update                   0x0800fb35   Thumb Code   164  window_animator.o(.text)
    window_animator_destroy                  0x0800fbd9   Thumb Code    22  window_animator.o(.text)
    window_animator_begin_frame              0x0800fbef   Thumb Code    42  window_animator.o(.text)
    window_animator_begin_frame_overlap      0x0800fc19   Thumb Code    60  window_animator.o(.text)
    window_animator_create_for_open          0x0800fc55   Thumb Code     8  window_animator_null.o(.text)
    window_animator_create_for_close         0x0800fc5d   Thumb Code     8  window_animator_null.o(.text)
    idle_manager                             0x0800fc65   Thumb Code     6  idle.o(.text)
    idle_manager_set                         0x0800fc6b   Thumb Code    10  idle.o(.text)
    idle_manager_init                        0x0800fc75   Thumb Code    36  idle.o(.text)
    idle_manager_create                      0x0800fc99   Thumb Code    20  idle.o(.text)
    idle_manager_deinit                      0x0800fcad   Thumb Code    72  idle.o(.text)
    idle_manager_destroy                     0x0800fcf5   Thumb Code    26  idle.o(.text)
    idle_manager_add                         0x0800fd0f   Thumb Code    78  idle.o(.text)
    idle_manager_remove                      0x0800fd85   Thumb Code    72  idle.o(.text)
    idle_manager_find                        0x0800fdcd   Thumb Code    68  idle.o(.text)
    idle_manager_dispatch                    0x0800fe11   Thumb Code   106  idle.o(.text)
    idle_add                                 0x0800fe7b   Thumb Code    22  idle.o(.text)
    idle_remove                              0x0800fe91   Thumb Code    18  idle.o(.text)
    idle_find                                0x0800fea3   Thumb Code    18  idle.o(.text)
    idle_dispatch                            0x0800feb5   Thumb Code    14  idle.o(.text)
    idle_count                               0x0800fec3   Thumb Code    50  idle.o(.text)
    idle_queue                               0x0800fef5   Thumb Code    32  idle.o(.text)
    time_now_ms                              0x0800ff21   Thumb Code     8  time.o(.text)
    time_now_s                               0x0800ff29   Thumb Code    16  time.o(.text)
    system_info                              0x0800ff39   Thumb Code     4  system_info.o(.text)
    image_loader_load                        0x0800ff41   Thumb Code    44  image_loader.o(.text)
    tk_init_resources                        0x0800ff9b   Thumb Code    90  tk.o(.text)
    tk_init_internal                         0x0800fff5   Thumb Code   166  tk.o(.text)
    tk_init                                  0x0801009b   Thumb Code    34  tk.o(.text)
    tk_deinit_internal                       0x080100bd   Thumb Code   134  tk.o(.text)
    tk_run                                   0x08010155   Thumb Code    18  tk.o(.text)
    tk_quit                                  0x08010177   Thumb Code    16  tk.o(.text)
    tk_set_lcd_orientation                   0x08010187   Thumb Code   102  tk.o(.text)
    locale                                   0x080101fd   Thumb Code     6  locale.o(.text)
    locale_set                               0x08010203   Thumb Code    10  locale.o(.text)
    locale_change                            0x0801020d   Thumb Code   176  locale.o(.text)
    locale_init                              0x080102bd   Thumb Code    42  locale.o(.text)
    locale_create                            0x080102e7   Thumb Code    28  locale.o(.text)
    str_table_lookup                         0x08010303   Thumb Code   116  locale.o(.text)
    locale_tr                                0x08010377   Thumb Code    56  locale.o(.text)
    locale_on                                0x080103af   Thumb Code    40  locale.o(.text)
    locale_off                               0x080103d7   Thumb Code    24  locale.o(.text)
    locale_deinit                            0x080103ef   Thumb Code    46  locale.o(.text)
    locale_destroy                           0x0801041d   Thumb Code    26  locale.o(.text)
    str_init                                 0x0801047f   Thumb Code    36  str.o(.text)
    str_set_with_len                         0x080104a3   Thumb Code    74  str.o(.text)
    str_set                                  0x080104ed   Thumb Code    20  str.o(.text)
    str_append                               0x08010501   Thumb Code    66  str.o(.text)
    str_decode_xml_entity                    0x08010543   Thumb Code   168  str.o(.text)
    str_eq                                   0x080105eb   Thumb Code    66  str.o(.text)
    str_from_int                             0x0801062d   Thumb Code    38  str.o(.text)
    str_from_float                           0x08010653   Thumb Code    38  str.o(.text)
    str_from_value                           0x08010679   Thumb Code    90  str.o(.text)
    str_to_int                               0x080106d3   Thumb Code    26  str.o(.text)
    str_to_float                             0x080106ed   Thumb Code    26  str.o(.text)
    str_reset                                0x08010707   Thumb Code    20  str.o(.text)
    str_end_with                             0x0801071b   Thumb Code    64  str.o(.text)
    str_start_with                           0x0801075b   Thumb Code    46  str.o(.text)
    str_trim_left                            0x08010789   Thumb Code   110  str.o(.text)
    str_trim_right                           0x080107f7   Thumb Code    82  str.o(.text)
    str_trim                                 0x08010849   Thumb Code    32  str.o(.text)
    str_replace                              0x08010899   Thumb Code   270  str.o(.text)
    str_to_lower                             0x080109a7   Thumb Code    46  str.o(.text)
    str_to_upper                             0x080109d5   Thumb Code    46  str.o(.text)
    main_loop_post_pointer_event             0x08010a4f   Thumb Code   164  main_loop_simple.o(.text)
    main_loop_post_key_event                 0x08010af3   Thumb Code    98  main_loop_simple.o(.text)
    main_loop_simple_init                    0x08010c0f   Thumb Code    92  main_loop_simple.o(.text)
    main_loop_simple_reset                   0x08010c6b   Thumb Code    34  main_loop_simple.o(.text)
    keyboard_create                          0x08010dbb   Thumb Code   112  keyboard.o(.text)
    keyboard_close                           0x08010e2b   Thumb Code    20  keyboard.o(.text)
    pages_set_active                         0x08010e6d   Thumb Code    34  pages.o(.text)
    pages_set_active_by_name                 0x08010e8f   Thumb Code    98  pages.o(.text)
    pages_create                             0x08010fd9   Thumb Code    72  pages.o(.text)
    edit_set_text_limit                      0x08011539   Thumb Code    28  edit.o(.text)
    edit_set_int_limit                       0x08011555   Thumb Code    28  edit.o(.text)
    edit_set_float_limit                     0x08011571   Thumb Code    30  edit.o(.text)
    edit_set_readonly                        0x0801158f   Thumb Code    18  edit.o(.text)
    edit_set_input_type                      0x080115a1   Thumb Code    18  edit.o(.text)
    edit_set_input_tips                      0x080115b3   Thumb Code    28  edit.o(.text)
    edit_set_password_visible                0x080118ff   Thumb Code    18  edit.o(.text)
    edit_create                              0x08011911   Thumb Code    84  edit.o(.text)
    view_create                              0x08011969   Thumb Code    80  view.o(.text)
    widget_factory                           0x080119f1   Thumb Code     6  widget_factory.o(.text)
    widget_factory_init                      0x080119f7   Thumb Code    22  widget_factory.o(.text)
    widget_factory_create                    0x08011a0d   Thumb Code    26  widget_factory.o(.text)
    widget_factory_register                  0x08011a27   Thumb Code    64  widget_factory.o(.text)
    widget_factory_create_widget             0x08011a67   Thumb Code   142  widget_factory.o(.text)
    widget_factory_set                       0x08011af5   Thumb Code    10  widget_factory.o(.text)
    widget_factory_deinit                    0x08011aff   Thumb Code    62  widget_factory.o(.text)
    widget_factory_destroy                   0x08011b3d   Thumb Code    26  widget_factory.o(.text)
    tokenizer_init                           0x08011b61   Thumb Code    70  tokenizer.o(.text)
    tokenizer_has_more                       0x08011c13   Thumb Code    24  tokenizer.o(.text)
    tokenizer_next                           0x08011c2b   Thumb Code    72  tokenizer.o(.text)
    tokenizer_next_int                       0x08011c73   Thumb Code    38  tokenizer.o(.text)
    tokenizer_next_float                     0x08011c99   Thumb Code    38  tokenizer.o(.text)
    tokenizer_deinit                         0x08011cbf   Thumb Code    30  tokenizer.o(.text)
    input_method_dispatch                    0x08011cdd   Thumb Code    26  input_method.o(.text)
    input_method_dispatch_to_widget          0x08011cf7   Thumb Code    32  input_method.o(.text)
    input_method_on                          0x08011d17   Thumb Code    38  input_method.o(.text)
    input_method_off                         0x08011d3d   Thumb Code    24  input_method.o(.text)
    input_method_request                     0x08011d55   Thumb Code    26  input_method.o(.text)
    input_method                             0x08011d6f   Thumb Code     6  input_method.o(.text)
    input_method_set                         0x08011d75   Thumb Code    10  input_method.o(.text)
    input_method_create                      0x08011d8b   Thumb Code    34  input_method_null.o(.text)
    input_method_destroy                     0x08011dad   Thumb Code    28  input_method_null.o(.text)
    lcd_reg_create                           0x0801226f   Thumb Code   110  lcd_stm32_raw.o(.text)
    platform_disaptch_input                  0x08012301   Thumb Code     6  main_loop_stm32_raw.o(.text)
    TIM3_IRQHandler                          0x08012317   Thumb Code    70  main_loop_stm32_raw.o(.text)
    main_loop_init                           0x080123a5   Thumb Code    36  main_loop_stm32_raw.o(.text)
    systick_init                             0x080123d9   Thumb Code    72  platform.o(.text)
    platform_prepare                         0x08012421   Thumb Code    16  platform.o(.text)
    tk_mutex_create                          0x0801243d   Thumb Code     4  mutex_null.o(.text)
    tk_mutex_lock                            0x08012441   Thumb Code     6  mutex_null.o(.text)
    tk_mutex_unlock                          0x08012447   Thumb Code     6  mutex_null.o(.text)
    tk_mutex_destroy                         0x0801244d   Thumb Code     6  mutex_null.o(.text)
    SysTick_Handler                          0x08012459   Thumb Code    12  sys_tick.o(.text)
    get_time_ms                              0x08012465   Thumb Code     6  sys_tick.o(.text)
    sleep_ms                                 0x0801246b   Thumb Code    28  sys_tick.o(.text)
    delay_ms                                 0x08012487   Thumb Code    12  sys_tick.o(.text)
    delay_us                                 0x08012493   Thumb Code    12  sys_tick.o(.text)
    gui_app_start                            0x080124a5   Thumb Code    30  demo_main.o(.text)
    application_init                         0x08012629   Thumb Code   736  demo1_app.o(.text)
    resource_init                            0x08012a09   Thumb Code   280  resource-mini.o(.text)
    __use_no_semihosting                     0x08012ba5   Thumb Code     2  use_no_semi_2.o(.text)
    __aeabi_uldivmod                         0x08012ba7   Thumb Code     0  lludivv7m.o(.text)
    _ll_udiv                                 0x08012ba7   Thumb Code   238  lludivv7m.o(.text)
    __aeabi_llsr                             0x08012c95   Thumb Code     0  llushr.o(.text)
    _ll_ushift_r                             0x08012c95   Thumb Code    38  llushr.o(.text)
    __aeabi_ldivmod                          0x08012cbb   Thumb Code     0  llsdiv.o(.text)
    _ll_sdiv                                 0x08012cbb   Thumb Code    72  llsdiv.o(.text)
    tolower                                  0x08012d03   Thumb Code    26  tolower.o(.text)
    toupper                                  0x08012d1d   Thumb Code    30  toupper.o(.text)
    __2printf                                0x08012d3d   Thumb Code    20  noretval__2printf.o(.text)
    __printf                                 0x08012d55   Thumb Code   104  __printf.o(.text)
    _printf_int_dec                          0x08012dbd   Thumb Code   104  _printf_dec.o(.text)
    atoi                                     0x08012e35   Thumb Code    26  atoi.o(.text)
    strchr                                   0x08012e4f   Thumb Code    20  strchr.o(.text)
    strstr                                   0x08012e63   Thumb Code    36  strstr.o(.text)
    strcpy                                   0x08012e87   Thumb Code    72  strcpy.o(.text)
    strrchr                                  0x08012ecf   Thumb Code    22  strrchr.o(.text)
    strlen                                   0x08012ee5   Thumb Code    62  strlen.o(.text)
    wcscpy                                   0x08012f23   Thumb Code    18  wcscpy.o(.text)
    wcslen                                   0x08012f35   Thumb Code    18  wcslen.o(.text)
    strncmp                                  0x08012f47   Thumb Code   150  strncmp.o(.text)
    __aeabi_memcpy                           0x08012fdd   Thumb Code     0  rt_memcpy_v6.o(.text)
    __rt_memcpy                              0x08012fdd   Thumb Code   138  rt_memcpy_v6.o(.text)
    _memcpy_lastbytes                        0x08013043   Thumb Code     0  rt_memcpy_v6.o(.text)
    __aeabi_memmove                          0x08013067   Thumb Code     0  rt_memmove_v6.o(.text)
    __rt_memmove                             0x08013067   Thumb Code   132  rt_memmove_v6.o(.text)
    __memmove_lastfew                        0x080130c7   Thumb Code     0  rt_memmove_v6.o(.text)
    __aeabi_memcpy4                          0x080130eb   Thumb Code     0  rt_memcpy_w.o(.text)
    __aeabi_memcpy8                          0x080130eb   Thumb Code     0  rt_memcpy_w.o(.text)
    __rt_memcpy_w                            0x080130eb   Thumb Code   100  rt_memcpy_w.o(.text)
    _memcpy_lastbytes_aligned                0x08013133   Thumb Code     0  rt_memcpy_w.o(.text)
    __aeabi_memclr                           0x0801314f   Thumb Code     0  rt_memclr.o(.text)
    __rt_memclr                              0x0801314f   Thumb Code    68  rt_memclr.o(.text)
    _memset                                  0x08013153   Thumb Code     0  rt_memclr.o(.text)
    __aeabi_memclr4                          0x08013193   Thumb Code     0  rt_memclr_w.o(.text)
    __aeabi_memclr8                          0x08013193   Thumb Code     0  rt_memclr_w.o(.text)
    __rt_memclr_w                            0x08013193   Thumb Code    78  rt_memclr_w.o(.text)
    _memset_w                                0x08013197   Thumb Code     0  rt_memclr_w.o(.text)
    strncpy                                  0x080131e1   Thumb Code    86  strncpy.o(.text)
    strcmp                                   0x08013239   Thumb Code   128  strcmpv7m.o(.text)
    __use_two_region_memory                  0x080132b9   Thumb Code     2  heapauxi.o(.text)
    __rt_heap_escrow$2region                 0x080132bb   Thumb Code     2  heapauxi.o(.text)
    __rt_heap_expand$2region                 0x080132bd   Thumb Code     2  heapauxi.o(.text)
    __I$use$semihosting                      0x080132bf   Thumb Code     0  use_no_semi.o(.text)
    __use_no_semihosting_swi                 0x080132bf   Thumb Code     2  use_no_semi.o(.text)
    __rt_ctype_table                         0x080132c1   Thumb Code    16  rt_ctype_table.o(.text)
    __aeabi_errno_addr                       0x080132d1   Thumb Code     8  rt_errno_addr_intlibspace.o(.text)
    __errno$intlibspace                      0x080132d1   Thumb Code     0  rt_errno_addr_intlibspace.o(.text)
    __rt_errno_addr$intlibspace              0x080132d1   Thumb Code     0  rt_errno_addr_intlibspace.o(.text)
    _printf_int_common                       0x080132d9   Thumb Code   178  _printf_intcommon.o(.text)
    _printf_char_file                        0x0801338d   Thumb Code    32  _printf_char_file.o(.text)
    strtol                                   0x080133b1   Thumb Code   112  strtol.o(.text)
    __aeabi_memmove4                         0x08013421   Thumb Code     0  rt_memmove_w.o(.text)
    __aeabi_memmove8                         0x08013421   Thumb Code     0  rt_memmove_w.o(.text)
    __rt_memmove_w                           0x08013421   Thumb Code   122  rt_memmove_w.o(.text)
    __memmove_aligned                        0x08013447   Thumb Code     0  rt_memmove_w.o(.text)
    __memmove_lastfew_aligned                0x0801347f   Thumb Code     0  rt_memmove_w.o(.text)
    __user_libspace                          0x0801349d   Thumb Code     8  libspace.o(.text)
    __user_perproc_libspace                  0x0801349d   Thumb Code     0  libspace.o(.text)
    __user_perthread_libspace                0x0801349d   Thumb Code     0  libspace.o(.text)
    __rt_locale                              0x080134a5   Thumb Code     8  rt_locale_intlibspace.o(.text)
    _printf_char_common                      0x080134b7   Thumb Code    32  _printf_char_common.o(.text)
    _strtoul                                 0x080134dd   Thumb Code   158  _strtoul.o(.text)
    ferror                                   0x0801357b   Thumb Code     8  ferror.o(.text)
    __user_setup_stackheap                   0x08013583   Thumb Code    74  sys_stackheap_outer.o(.text)
    _chval                                   0x080135cd   Thumb Code    28  _chval.o(.text)
    exit                                     0x080135e9   Thumb Code    18  exit.o(.text)
    _get_lc_ctype                            0x080135fd   Thumb Code    44  lc_ctype_c.o(locale$$code)
    __aeabi_d2f                              0x08013629   Thumb Code     0  d2f.o(x$fpl$d2f)
    _d2f                                     0x08013629   Thumb Code    98  d2f.o(x$fpl$d2f)
    __aeabi_dadd                             0x0801368d   Thumb Code     0  daddsub_clz.o(x$fpl$dadd)
    _dadd                                    0x0801368d   Thumb Code   332  daddsub_clz.o(x$fpl$dadd)
    __fpl_dcmp_Inf                           0x080137dd   Thumb Code    24  dcmpi.o(x$fpl$dcmpinf)
    __aeabi_ddiv                             0x080137f5   Thumb Code     0  ddiv.o(x$fpl$ddiv)
    _ddiv                                    0x080137f5   Thumb Code   552  ddiv.o(x$fpl$ddiv)
    __aeabi_cdcmpeq                          0x08013aa5   Thumb Code     0  deqf.o(x$fpl$deqf)
    _dcmpeq                                  0x08013aa5   Thumb Code   120  deqf.o(x$fpl$deqf)
    __aeabi_d2iz                             0x08013b1d   Thumb Code     0  dfix.o(x$fpl$dfix)
    _dfix                                    0x08013b1d   Thumb Code    94  dfix.o(x$fpl$dfix)
    __aeabi_d2uiz                            0x08013b7d   Thumb Code     0  dfixu.o(x$fpl$dfixu)
    _dfixu                                   0x08013b7d   Thumb Code    90  dfixu.o(x$fpl$dfixu)
    __aeabi_i2d                              0x08013bd7   Thumb Code     0  dflt_clz.o(x$fpl$dflt)
    _dflt                                    0x08013bd7   Thumb Code    46  dflt_clz.o(x$fpl$dflt)
    __aeabi_l2d                              0x08013c05   Thumb Code     0  dfltll_clz.o(x$fpl$dfltll)
    _ll_sto_d                                0x08013c05   Thumb Code   162  dfltll_clz.o(x$fpl$dfltll)
    __aeabi_ui2d                             0x08013ca7   Thumb Code     0  dflt_clz.o(x$fpl$dfltu)
    _dfltu                                   0x08013ca7   Thumb Code    38  dflt_clz.o(x$fpl$dfltu)
    __aeabi_cdcmple                          0x08013ccd   Thumb Code     0  dleqf.o(x$fpl$dleqf)
    _dcmple                                  0x08013ccd   Thumb Code   120  dleqf.o(x$fpl$dleqf)
    __fpl_dcmple_InfNaN                      0x08013d2f   Thumb Code     0  dleqf.o(x$fpl$dleqf)
    __aeabi_dmul                             0x08013d45   Thumb Code     0  dmul.o(x$fpl$dmul)
    _dmul                                    0x08013d45   Thumb Code   332  dmul.o(x$fpl$dmul)
    __fpl_dnaninf                            0x08013e99   Thumb Code   156  dnaninf.o(x$fpl$dnaninf)
    __fpl_dretinf                            0x08013f35   Thumb Code    12  dretinf.o(x$fpl$dretinf)
    __aeabi_cdrcmple                         0x08013f41   Thumb Code     0  drleqf.o(x$fpl$drleqf)
    _drcmple                                 0x08013f41   Thumb Code   108  drleqf.o(x$fpl$drleqf)
    __aeabi_drsub                            0x08013fad   Thumb Code     0  daddsub_clz.o(x$fpl$drsb)
    _drsb                                    0x08013fad   Thumb Code    22  daddsub_clz.o(x$fpl$drsb)
    __aeabi_dsub                             0x08013fc5   Thumb Code     0  daddsub_clz.o(x$fpl$dsub)
    _dsub                                    0x08013fc5   Thumb Code   464  daddsub_clz.o(x$fpl$dsub)
    __aeabi_fadd                             0x08014199   Thumb Code     0  faddsub_clz.o(x$fpl$fadd)
    _fadd                                    0x08014199   Thumb Code   196  faddsub_clz.o(x$fpl$fadd)
    __fpl_fcmp_Inf                           0x0801425d   Thumb Code    24  fcmpi.o(x$fpl$fcmpinf)
    __aeabi_fdiv                             0x08014275   Thumb Code     0  fdiv.o(x$fpl$fdiv)
    _fdiv                                    0x08014275   Thumb Code   384  fdiv.o(x$fpl$fdiv)
    __aeabi_cfcmpeq                          0x080143f9   Thumb Code     0  feqf.o(x$fpl$feqf)
    _fcmpeq                                  0x080143f9   Thumb Code   104  feqf.o(x$fpl$feqf)
    __aeabi_f2iz                             0x08014461   Thumb Code     0  ffix.o(x$fpl$ffix)
    _ffix                                    0x08014461   Thumb Code    54  ffix.o(x$fpl$ffix)
    __aeabi_f2uiz                            0x08014499   Thumb Code     0  ffixu.o(x$fpl$ffixu)
    _ffixu                                   0x08014499   Thumb Code    62  ffixu.o(x$fpl$ffixu)
    __aeabi_i2f                              0x080144d9   Thumb Code     0  fflt_clz.o(x$fpl$fflt)
    _fflt                                    0x080144d9   Thumb Code    48  fflt_clz.o(x$fpl$fflt)
    __aeabi_ul2f                             0x08014509   Thumb Code     0  ffltll_clz.o(x$fpl$ffltll)
    _ll_uto_f                                0x08014509   Thumb Code     6  ffltll_clz.o(x$fpl$ffltll)
    __aeabi_l2f                              0x0801450f   Thumb Code     0  ffltll_clz.o(x$fpl$ffltll)
    _ll_sto_f                                0x0801450f   Thumb Code    90  ffltll_clz.o(x$fpl$ffltll)
    __aeabi_ui2f                             0x08014569   Thumb Code     0  fflt_clz.o(x$fpl$ffltu)
    _ffltu                                   0x08014569   Thumb Code    38  fflt_clz.o(x$fpl$ffltu)
    __aeabi_cfcmple                          0x08014591   Thumb Code     0  fleqf.o(x$fpl$fleqf)
    _fcmple                                  0x08014591   Thumb Code   104  fleqf.o(x$fpl$fleqf)
    __fpl_fcmple_InfNaN                      0x080145e3   Thumb Code     0  fleqf.o(x$fpl$fleqf)
    __aeabi_fmul                             0x080145f9   Thumb Code     0  fmul.o(x$fpl$fmul)
    _fmul                                    0x080145f9   Thumb Code   258  fmul.o(x$fpl$fmul)
    __fpl_fnaninf                            0x080146fb   Thumb Code   140  fnaninf.o(x$fpl$fnaninf)
    __fpl_fretinf                            0x08014787   Thumb Code    10  fretinf.o(x$fpl$fretinf)
    __aeabi_cfrcmple                         0x08014791   Thumb Code     0  frleqf.o(x$fpl$frleqf)
    _frcmple                                 0x08014791   Thumb Code    98  frleqf.o(x$fpl$frleqf)
    __aeabi_frsub                            0x080147f3   Thumb Code     0  faddsub_clz.o(x$fpl$frsb)
    _frsb                                    0x080147f3   Thumb Code    20  faddsub_clz.o(x$fpl$frsb)
    __aeabi_fsub                             0x08014809   Thumb Code     0  faddsub_clz.o(x$fpl$fsub)
    _fsub                                    0x08014809   Thumb Code   234  faddsub_clz.o(x$fpl$fsub)
    __aeabi_d2lz                             0x080148f5   Thumb Code     0  dfixll.o(x$fpl$llsfromd)
    _ll_sfrom_d                              0x080148f5   Thumb Code   194  dfixll.o(x$fpl$llsfromd)
    __I$use$fp                               0x080149b6   Number         0  usenofp.o(x$fpl$usenofp)
    table_week                               0x080149b6   Data          12  rtc.o(.constdata)
    mon_table                                0x080149c2   Data          12  rtc.o(.constdata)
    ASCII8x16                                0x080149ce   Data        1536  gui.o(.constdata)
    tfont16                                  0x08014fce   Data         480  gui.o(.constdata)
    tfont24                                  0x080151ae   Data         360  gui.o(.constdata)
    g_utf8_skip                              0x08015a28   Data           4  utf8.o(.constdata)
    font_default                             0x08016224   Data       10195  resource-mini.o(.constdata)
    image_bricks                             0x080189f7   Data        7244  resource-mini.o(.constdata)
    image_checked                            0x0801a643   Data        2348  resource-mini.o(.constdata)
    image_dialog_title                       0x0801af6f   Data        7244  resource-mini.o(.constdata)
    image_earth                              0x0801cbbb   Data        2348  resource-mini.o(.constdata)
    image_green_btn_n                        0x0801d4e7   Data        3644  resource-mini.o(.constdata)
    image_green_btn_o                        0x0801e323   Data        3644  resource-mini.o(.constdata)
    image_green_btn_p                        0x0801f15f   Data        3644  resource-mini.o(.constdata)
    image_info                               0x0801ff9b   Data        2348  resource-mini.o(.constdata)
    image_left_off                           0x080208c7   Data        2348  resource-mini.o(.constdata)
    image_left_on                            0x080211f3   Data        2348  resource-mini.o(.constdata)
    image_middle_off                         0x08021b1f   Data        2348  resource-mini.o(.constdata)
    image_middle_on                          0x0802244b   Data        2348  resource-mini.o(.constdata)
    image_muted                              0x08022d77   Data        2348  resource-mini.o(.constdata)
    image_question                           0x080236a3   Data        2348  resource-mini.o(.constdata)
    image_radio_checked                      0x08023fcf   Data        2348  resource-mini.o(.constdata)
    image_radio_unchecked                    0x080248fb   Data        2348  resource-mini.o(.constdata)
    image_red_btn_n                          0x08025227   Data        3644  resource-mini.o(.constdata)
    image_red_btn_o                          0x08026063   Data        3644  resource-mini.o(.constdata)
    image_red_btn_p                          0x08026e9f   Data        3644  resource-mini.o(.constdata)
    image_right_off                          0x08027cdb   Data        2348  resource-mini.o(.constdata)
    image_right_on                           0x08028607   Data        2348  resource-mini.o(.constdata)
    image_slider_bg                          0x08028f33   Data        1004  resource-mini.o(.constdata)
    image_slider_drag                        0x0802931f   Data        3180  resource-mini.o(.constdata)
    image_slider_drag_o                      0x08029f8b   Data        3180  resource-mini.o(.constdata)
    image_slider_drag_p                      0x0802abf7   Data        3180  resource-mini.o(.constdata)
    image_slider_fg                          0x0802b863   Data        1004  resource-mini.o(.constdata)
    image_slider_v_bg                        0x0802bc4f   Data        1004  resource-mini.o(.constdata)
    image_slider_v_fg                        0x0802c03b   Data        1004  resource-mini.o(.constdata)
    image_unchecked                          0x0802c427   Data        2348  resource-mini.o(.constdata)
    image_unmuted                            0x0802cd53   Data        2348  resource-mini.o(.constdata)
    image_warn                               0x0802d67f   Data        2348  resource-mini.o(.constdata)
    theme_default                            0x0802dfab   Data        2302  resource-mini.o(.constdata)
    Region$$Table$$Base                      0x0802ebf8   Number         0  anon$$obj.o(Region$$Table)
    Region$$Table$$Limit                     0x0802ec18   Number         0  anon$$obj.o(Region$$Table)
    __ctype                                  0x0802ec25   Data           0  lc_ctype_c.o(locale$$data)
    SystemCoreClock                          0x20000000   Data           4  system_stm32f10x.o(.data)
    AHBPrescTable                            0x20000004   Data          16  system_stm32f10x.o(.data)
    __stdout                                 0x20000014   Data           4  usart.o(.data)
    USART_RX_STA                             0x20000018   Data           2  usart.o(.data)
    TIM5CH1_CAPTURE_STA                      0x20000030   Data           1  tim.o(.data)
    TIM5CH1_CAPTURE_VAL                      0x20000032   Data           2  tim.o(.data)
    rtc_data                                 0x20000034   Data           7  rtc.o(.data)
    rtc_bit                                  0x2000003b   Data           1  rtc.o(.data)
    TouchData                                0x2000003e   Data           8  touch.o(.data)
    USART_RX_BUF                             0x20000170   Data         200  usart.o(.bss)
    calendar                                 0x20000238   Data          10  rtc.o(.bss)
    __libspace_start                         0x200032fc   Data          96  libspace.o(.bss)
    __temporary_stack_top$libspace           0x2000335c   Data           0  libspace.o(.bss)



==============================================================================

Memory Map of the image

  Image Entry point : 0x08000131

  Load Region LR_IROM1 (Base: 0x08000000, Size: 0x0002ee98, Max: 0x00080000, ABSOLUTE, COMPRESSED[0x0002ee2c])

    Execution Region ER_IROM1 (Exec base: 0x08000000, Load base: 0x08000000, Size: 0x0002ed28, Max: 0x00080000, ABSOLUTE)

    Exec Addr    Load Addr    Size         Type   Attr      Idx    E Section Name        Object

    0x08000000   0x08000000   0x00000130   Data   RO          252    RESET               startup_stm32f10x_hd.o
    0x08000130   0x08000130   0x00000008   Code   RO         1952  * !!!main             c_w.l(__main.o)
    0x08000138   0x08000138   0x00000034   Code   RO         2244    !!!scatter          c_w.l(__scatter.o)
    0x0800016c   0x0800016c   0x0000005a   Code   RO         2242    !!dczerorl2         c_w.l(__dczerorl2.o)
    0x080001c6   0x080001c6   0x00000002   PAD
    0x080001c8   0x080001c8   0x0000001c   Code   RO         2246    !!handler_zi        c_w.l(__scatter_zi.o)
    0x080001e4   0x080001e4   0x00000000   Code   RO         1917    .ARM.Collect$$_printf_percent$$00000000  c_w.l(_printf_percent.o)
    0x080001e4   0x080001e4   0x00000006   Code   RO         1916    .ARM.Collect$$_printf_percent$$00000009  c_w.l(_printf_d.o)
    0x080001ea   0x080001ea   0x00000004   Code   RO         2048    .ARM.Collect$$_printf_percent$$00000017  c_w.l(_printf_percent_end.o)
    0x080001ee   0x080001ee   0x00000002   Code   RO         2119    .ARM.Collect$$libinit$$00000000  c_w.l(libinit.o)
    0x080001f0   0x080001f0   0x00000000   Code   RO         2121    .ARM.Collect$$libinit$$00000002  c_w.l(libinit2.o)
    0x080001f0   0x080001f0   0x00000000   Code   RO         2123    .ARM.Collect$$libinit$$00000004  c_w.l(libinit2.o)
    0x080001f0   0x080001f0   0x00000000   Code   RO         2126    .ARM.Collect$$libinit$$0000000A  c_w.l(libinit2.o)
    0x080001f0   0x080001f0   0x00000000   Code   RO         2128    .ARM.Collect$$libinit$$0000000C  c_w.l(libinit2.o)
    0x080001f0   0x080001f0   0x00000000   Code   RO         2130    .ARM.Collect$$libinit$$0000000E  c_w.l(libinit2.o)
    0x080001f0   0x080001f0   0x00000006   Code   RO         2131    .ARM.Collect$$libinit$$0000000F  c_w.l(libinit2.o)
    0x080001f6   0x080001f6   0x00000000   Code   RO         2133    .ARM.Collect$$libinit$$00000011  c_w.l(libinit2.o)
    0x080001f6   0x080001f6   0x0000000c   Code   RO         2134    .ARM.Collect$$libinit$$00000012  c_w.l(libinit2.o)
    0x08000202   0x08000202   0x00000000   Code   RO         2135    .ARM.Collect$$libinit$$00000013  c_w.l(libinit2.o)
    0x08000202   0x08000202   0x00000000   Code   RO         2137    .ARM.Collect$$libinit$$00000015  c_w.l(libinit2.o)
    0x08000202   0x08000202   0x00000000   Code   RO         2139    .ARM.Collect$$libinit$$00000017  c_w.l(libinit2.o)
    0x08000202   0x08000202   0x00000000   Code   RO         2141    .ARM.Collect$$libinit$$00000019  c_w.l(libinit2.o)
    0x08000202   0x08000202   0x00000000   Code   RO         2143    .ARM.Collect$$libinit$$0000001B  c_w.l(libinit2.o)
    0x08000202   0x08000202   0x00000000   Code   RO         2145    .ARM.Collect$$libinit$$0000001D  c_w.l(libinit2.o)
    0x08000202   0x08000202   0x00000000   Code   RO         2147    .ARM.Collect$$libinit$$0000001F  c_w.l(libinit2.o)
    0x08000202   0x08000202   0x00000000   Code   RO         2149    .ARM.Collect$$libinit$$00000021  c_w.l(libinit2.o)
    0x08000202   0x08000202   0x00000000   Code   RO         2151    .ARM.Collect$$libinit$$00000023  c_w.l(libinit2.o)
    0x08000202   0x08000202   0x00000000   Code   RO         2153    .ARM.Collect$$libinit$$00000025  c_w.l(libinit2.o)
    0x08000202   0x08000202   0x00000000   Code   RO         2157    .ARM.Collect$$libinit$$0000002C  c_w.l(libinit2.o)
    0x08000202   0x08000202   0x00000000   Code   RO         2159    .ARM.Collect$$libinit$$0000002E  c_w.l(libinit2.o)
    0x08000202   0x08000202   0x00000000   Code   RO         2161    .ARM.Collect$$libinit$$00000030  c_w.l(libinit2.o)
    0x08000202   0x08000202   0x00000000   Code   RO         2163    .ARM.Collect$$libinit$$00000032  c_w.l(libinit2.o)
    0x08000202   0x08000202   0x00000002   Code   RO         2164    .ARM.Collect$$libinit$$00000033  c_w.l(libinit2.o)
    0x08000204   0x08000204   0x00000002   Code   RO         2206    .ARM.Collect$$libshutdown$$00000000  c_w.l(libshutdown.o)
    0x08000206   0x08000206   0x00000000   Code   RO         2225    .ARM.Collect$$libshutdown$$00000002  c_w.l(libshutdown2.o)
    0x08000206   0x08000206   0x00000000   Code   RO         2227    .ARM.Collect$$libshutdown$$00000004  c_w.l(libshutdown2.o)
    0x08000206   0x08000206   0x00000000   Code   RO         2230    .ARM.Collect$$libshutdown$$00000007  c_w.l(libshutdown2.o)
    0x08000206   0x08000206   0x00000000   Code   RO         2233    .ARM.Collect$$libshutdown$$0000000A  c_w.l(libshutdown2.o)
    0x08000206   0x08000206   0x00000000   Code   RO         2235    .ARM.Collect$$libshutdown$$0000000C  c_w.l(libshutdown2.o)
    0x08000206   0x08000206   0x00000000   Code   RO         2238    .ARM.Collect$$libshutdown$$0000000F  c_w.l(libshutdown2.o)
    0x08000206   0x08000206   0x00000002   Code   RO         2239    .ARM.Collect$$libshutdown$$00000010  c_w.l(libshutdown2.o)
    0x08000208   0x08000208   0x00000000   Code   RO         2032    .ARM.Collect$$rtentry$$00000000  c_w.l(__rtentry.o)
    0x08000208   0x08000208   0x00000000   Code   RO         2070    .ARM.Collect$$rtentry$$00000002  c_w.l(__rtentry2.o)
    0x08000208   0x08000208   0x00000006   Code   RO         2082    .ARM.Collect$$rtentry$$00000004  c_w.l(__rtentry4.o)
    0x0800020e   0x0800020e   0x00000000   Code   RO         2072    .ARM.Collect$$rtentry$$00000009  c_w.l(__rtentry2.o)
    0x0800020e   0x0800020e   0x00000004   Code   RO         2073    .ARM.Collect$$rtentry$$0000000A  c_w.l(__rtentry2.o)
    0x08000212   0x08000212   0x00000000   Code   RO         2075    .ARM.Collect$$rtentry$$0000000C  c_w.l(__rtentry2.o)
    0x08000212   0x08000212   0x00000008   Code   RO         2076    .ARM.Collect$$rtentry$$0000000D  c_w.l(__rtentry2.o)
    0x0800021a   0x0800021a   0x00000002   Code   RO         2165    .ARM.Collect$$rtexit$$00000000  c_w.l(rtexit.o)
    0x0800021c   0x0800021c   0x00000000   Code   RO         2178    .ARM.Collect$$rtexit$$00000002  c_w.l(rtexit2.o)
    0x0800021c   0x0800021c   0x00000004   Code   RO         2179    .ARM.Collect$$rtexit$$00000003  c_w.l(rtexit2.o)
    0x08000220   0x08000220   0x00000006   Code   RO         2180    .ARM.Collect$$rtexit$$00000004  c_w.l(rtexit2.o)
    0x08000226   0x08000226   0x00000018   Code   RO            1    .text               stm32f10x_it.o
    0x0800023e   0x0800023e   0x00000002   PAD
    0x08000240   0x08000240   0x000001e0   Code   RO          104    .text               system_stm32f10x.o
    0x08000420   0x08000420   0x00000044   Code   RO          122    .text               main.o
    0x08000464   0x08000464   0x00000128   Code   RO          216    .text               usart.o
    0x0800058c   0x0800058c   0x00000040   Code   RO          253    .text               startup_stm32f10x_hd.o
    0x080005cc   0x080005cc   0x000000dc   Code   RO          257    .text               misc.o
    0x080006a8   0x080006a8   0x0000035c   Code   RO          269    .text               stm32f10x_gpio.o
    0x08000a04   0x08000a04   0x000003a4   Code   RO          281    .text               stm32f10x_rcc.o
    0x08000da8   0x08000da8   0x00000408   Code   RO          295    .text               stm32f10x_usart.o
    0x080011b0   0x080011b0   0x00000e1a   Code   RO          343    .text               stm32f10x_tim.o
    0x08001fca   0x08001fca   0x00000002   PAD
    0x08001fcc   0x08001fcc   0x0000060c   Code   RO          355    .text               stm32f10x_fsmc.o
    0x080025d8   0x080025d8   0x000000c4   Code   RO          367    .text               stm32f10x_bkp.o
    0x0800269c   0x0800269c   0x00000148   Code   RO          379    .text               stm32f10x_rtc.o
    0x080027e4   0x080027e4   0x000000cc   Code   RO          391    .text               stm32f10x_pwr.o
    0x080028b0   0x080028b0   0x0000030c   Code   RO          415    .text               stm32f10x_spi.o
    0x08002bbc   0x08002bbc   0x000000a4   Code   RO          451    .text               led.o
    0x08002c60   0x08002c60   0x000002b8   Code   RO          464    .text               lcd_driver.o
    0x08002f18   0x08002f18   0x00000100   Code   RO          479    .text               button.o
    0x08003018   0x08003018   0x0000023c   Code   RO          492    .text               tim.o
    0x08003254   0x08003254   0x00000460   Code   RO          511    .text               rtc.o
    0x080036b4   0x080036b4   0x00000440   Code   RO          535    .text               touch.o
    0x08003af4   0x08003af4   0x000001dc   Code   RO          557    .text               spi.o
    0x08003cd0   0x08003cd0   0x00000430   Code   RO          569    .text               gui.o
    0x08004100   0x08004100   0x0000039c   Code   RO          590    .text               flash.o
    0x0800449c   0x0800449c   0x0000026a   Code   RO          604    .text               array.o
    0x08004706   0x08004706   0x000000a2   Code   RO          644    .text               bitmap.o
    0x080047a8   0x080047a8   0x000000dc   Code   RO          680    .text               button_1.o
    0x08004884   0x08004884   0x000022ea   Code   RO          745    .text               canvas.o
    0x08006b6e   0x08006b6e   0x00000002   PAD
    0x08006b70   0x08006b70   0x00000210   Code   RO          769    .text               check_button.o
    0x08006d80   0x08006d80   0x00000018   Code   RO          795    .text               color.o
    0x08006d98   0x08006d98   0x00000398   Code   RO          807    .text               dialog.o
    0x08007130   0x08007130   0x0000029c   Code   RO          857    .text               emitter.o
    0x080073cc   0x080073cc   0x00000148   Code   RO          869    .text               enums.o
    0x08007514   0x08007514   0x0000005e   Code   RO          893    .text               font.o
    0x08007572   0x08007572   0x00000002   PAD
    0x08007574   0x08007574   0x000000fc   Code   RO          905    .text               font_manager.o
    0x08007670   0x08007670   0x00000068   Code   RO          919    .text               group_box.o
    0x080076d8   0x080076d8   0x0000027c   Code   RO          933    .text               image.o
    0x08007954   0x08007954   0x000002bc   Code   RO          950    .text               image_manager.o
    0x08007c10   0x08007c10   0x00000060   Code   RO          964    .text               label.o
    0x08007c70   0x08007c70   0x00000380   Code   RO          978    .text               lcd.o
    0x08007ff0   0x08007ff0   0x00000114   Code   RO          990    .text               main_loop.o
    0x08008104   0x08008104   0x00000364   Code   RO         1007    .text               mem.o
    0x08008468   0x08008468   0x00000434   Code   RO         1021    .text               progress_bar.o
    0x0800889c   0x0800889c   0x000000d4   Code   RO         1038    .text               rect.o
    0x08008970   0x08008970   0x0000023c   Code   RO         1050    .text               theme.o
    0x08008bac   0x08008bac   0x00000304   Code   RO         1064    .text               utf8.o
    0x08008eb0   0x08008eb0   0x00000418   Code   RO         1079    .text               value.o
    0x080092c8   0x080092c8   0x0000145e   Code   RO         1094    .text               widget.o
    0x0800a726   0x0800a726   0x00000002   PAD
    0x0800a728   0x0800a728   0x00000200   Code   RO         1109    .text               widget_vtable.o
    0x0800a928   0x0800a928   0x00000134   Code   RO         1147    .text               window.o
    0x0800aa5c   0x0800aa5c   0x00000986   Code   RO         1164    .text               window_manager.o
    0x0800b3e2   0x0800b3e2   0x000003d6   Code   RO         1191    .text               wstr.o
    0x0800b7b8   0x0800b7b8   0x00000138   Code   RO         1203    .text               font_bitmap.o
    0x0800b8f0   0x0800b8f0   0x00002a34   Code   RO         1218    .text               utils.o
    0x0800e324   0x0800e324   0x0000009e   Code   RO         1242    .text               events.o
    0x0800e3c2   0x0800e3c2   0x00000002   PAD
    0x0800e3c4   0x0800e3c4   0x000003a0   Code   RO         1254    .text               timer.o
    0x0800e764   0x0800e764   0x000001fc   Code   RO         1268    .text               resource_manager.o
    0x0800e960   0x0800e960   0x000008e0   Code   RO         1282    .text               layout.o
    0x0800f240   0x0800f240   0x00000146   Code   RO         1303    .text               event_queue.o
    0x0800f386   0x0800f386   0x00000002   PAD
    0x0800f388   0x0800f388   0x000007ac   Code   RO         1315    .text               slider.o
    0x0800fb34   0x0800fb34   0x00000120   Code   RO         1332    .text               window_animator.o
    0x0800fc54   0x0800fc54   0x00000010   Code   RO         1344    .text               window_animator_null.o
    0x0800fc64   0x0800fc64   0x000002bc   Code   RO         1356    .text               idle.o
    0x0800ff20   0x0800ff20   0x00000018   Code   RO         1370    .text               time.o
    0x0800ff38   0x0800ff38   0x00000008   Code   RO         1382    .text               system_info.o
    0x0800ff40   0x0800ff40   0x0000002c   Code   RO         1396    .text               image_loader.o
    0x0800ff6c   0x0800ff6c   0x00000290   Code   RO         1408    .text               tk.o
    0x080101fc   0x080101fc   0x00000250   Code   RO         1426    .text               locale.o
    0x0801044c   0x0801044c   0x000005b6   Code   RO         1440    .text               str.o
    0x08010a02   0x08010a02   0x00000002   PAD
    0x08010a04   0x08010a04   0x00000294   Code   RO         1452    .text               main_loop_simple.o
    0x08010c98   0x08010c98   0x000001d4   Code   RO         1471    .text               keyboard.o
    0x08010e6c   0x08010e6c   0x000001c8   Code   RO         1491    .text               pages.o
    0x08011034   0x08011034   0x00000934   Code   RO         1505    .text               edit.o
    0x08011968   0x08011968   0x00000054   Code   RO         1519    .text               view.o
    0x080119bc   0x080119bc   0x000001a4   Code   RO         1551    .text               widget_factory.o
    0x08011b60   0x08011b60   0x0000017c   Code   RO         1623    .text               tokenizer.o
    0x08011cdc   0x08011cdc   0x000000a8   Code   RO         1635    .text               input_method.o
    0x08011d84   0x08011d84   0x00000048   Code   RO         1649    .text               input_method_null.o
    0x08011dcc   0x08011dcc   0x00000534   Code   RO         1661    .text               lcd_stm32_raw.o
    0x08012300   0x08012300   0x000000d8   Code   RO         1685    .text               main_loop_stm32_raw.o
    0x080123d8   0x080123d8   0x00000064   Code   RO         1748    .text               platform.o
    0x0801243c   0x0801243c   0x0000001c   Code   RO         1762    .text               mutex_null.o
    0x08012458   0x08012458   0x0000004c   Code   RO         1779    .text               sys_tick.o
    0x080124a4   0x080124a4   0x0000001e   Code   RO         1793    .text               demo_main.o
    0x080124c2   0x080124c2   0x00000002   PAD
    0x080124c4   0x080124c4   0x00000544   Code   RO         1808    .text               demo1_app.o
    0x08012a08   0x08012a08   0x0000019c   Code   RO         1826    .text               resource-mini.o
    0x08012ba4   0x08012ba4   0x00000002   Code   RO         1876    .text               c_w.l(use_no_semi_2.o)
    0x08012ba6   0x08012ba6   0x000000ee   Code   RO         1878    .text               c_w.l(lludivv7m.o)
    0x08012c94   0x08012c94   0x00000026   Code   RO         1880    .text               c_w.l(llushr.o)
    0x08012cba   0x08012cba   0x00000048   Code   RO         1882    .text               c_w.l(llsdiv.o)
    0x08012d02   0x08012d02   0x0000001a   Code   RO         1884    .text               c_w.l(tolower.o)
    0x08012d1c   0x08012d1c   0x0000001e   Code   RO         1886    .text               c_w.l(toupper.o)
    0x08012d3a   0x08012d3a   0x00000002   PAD
    0x08012d3c   0x08012d3c   0x00000018   Code   RO         1890    .text               c_w.l(noretval__2printf.o)
    0x08012d54   0x08012d54   0x00000068   Code   RO         1892    .text               c_w.l(__printf.o)
    0x08012dbc   0x08012dbc   0x00000078   Code   RO         1894    .text               c_w.l(_printf_dec.o)
    0x08012e34   0x08012e34   0x0000001a   Code   RO         1918    .text               c_w.l(atoi.o)
    0x08012e4e   0x08012e4e   0x00000014   Code   RO         1920    .text               c_w.l(strchr.o)
    0x08012e62   0x08012e62   0x00000024   Code   RO         1922    .text               c_w.l(strstr.o)
    0x08012e86   0x08012e86   0x00000048   Code   RO         1924    .text               c_w.l(strcpy.o)
    0x08012ece   0x08012ece   0x00000016   Code   RO         1926    .text               c_w.l(strrchr.o)
    0x08012ee4   0x08012ee4   0x0000003e   Code   RO         1928    .text               c_w.l(strlen.o)
    0x08012f22   0x08012f22   0x00000012   Code   RO         1930    .text               c_w.l(wcscpy.o)
    0x08012f34   0x08012f34   0x00000012   Code   RO         1932    .text               c_w.l(wcslen.o)
    0x08012f46   0x08012f46   0x00000096   Code   RO         1934    .text               c_w.l(strncmp.o)
    0x08012fdc   0x08012fdc   0x0000008a   Code   RO         1936    .text               c_w.l(rt_memcpy_v6.o)
    0x08013066   0x08013066   0x00000084   Code   RO         1938    .text               c_w.l(rt_memmove_v6.o)
    0x080130ea   0x080130ea   0x00000064   Code   RO         1940    .text               c_w.l(rt_memcpy_w.o)
    0x0801314e   0x0801314e   0x00000044   Code   RO         1942    .text               c_w.l(rt_memclr.o)
    0x08013192   0x08013192   0x0000004e   Code   RO         1944    .text               c_w.l(rt_memclr_w.o)
    0x080131e0   0x080131e0   0x00000056   Code   RO         1946    .text               c_w.l(strncpy.o)
    0x08013236   0x08013236   0x00000002   PAD
    0x08013238   0x08013238   0x00000080   Code   RO         1948    .text               c_w.l(strcmpv7m.o)
    0x080132b8   0x080132b8   0x00000006   Code   RO         1950    .text               c_w.l(heapauxi.o)
    0x080132be   0x080132be   0x00000002   Code   RO         2030    .text               c_w.l(use_no_semi.o)
    0x080132c0   0x080132c0   0x00000010   Code   RO         2033    .text               c_w.l(rt_ctype_table.o)
    0x080132d0   0x080132d0   0x00000008   Code   RO         2042    .text               c_w.l(rt_errno_addr_intlibspace.o)
    0x080132d8   0x080132d8   0x000000b2   Code   RO         2044    .text               c_w.l(_printf_intcommon.o)
    0x0801338a   0x0801338a   0x00000002   PAD
    0x0801338c   0x0801338c   0x00000024   Code   RO         2046    .text               c_w.l(_printf_char_file.o)
    0x080133b0   0x080133b0   0x00000070   Code   RO         2049    .text               c_w.l(strtol.o)
    0x08013420   0x08013420   0x0000007a   Code   RO         2051    .text               c_w.l(rt_memmove_w.o)
    0x0801349a   0x0801349a   0x00000002   PAD
    0x0801349c   0x0801349c   0x00000008   Code   RO         2066    .text               c_w.l(libspace.o)
    0x080134a4   0x080134a4   0x00000008   Code   RO         2089    .text               c_w.l(rt_locale_intlibspace.o)
    0x080134ac   0x080134ac   0x00000030   Code   RO         2091    .text               c_w.l(_printf_char_common.o)
    0x080134dc   0x080134dc   0x0000009e   Code   RO         2093    .text               c_w.l(_strtoul.o)
    0x0801357a   0x0801357a   0x00000008   Code   RO         2095    .text               c_w.l(ferror.o)
    0x08013582   0x08013582   0x0000004a   Code   RO         2102    .text               c_w.l(sys_stackheap_outer.o)
    0x080135cc   0x080135cc   0x0000001c   Code   RO         2106    .text               c_w.l(_chval.o)
    0x080135e8   0x080135e8   0x00000012   Code   RO         2108    .text               c_w.l(exit.o)
    0x080135fa   0x080135fa   0x00000002   PAD
    0x080135fc   0x080135fc   0x0000002c   Code   RO         2100    locale$$code        c_w.l(lc_ctype_c.o)
    0x08013628   0x08013628   0x00000062   Code   RO         1954    x$fpl$d2f           fz_ws.l(d2f.o)
    0x0801368a   0x0801368a   0x00000002   PAD
    0x0801368c   0x0801368c   0x00000150   Code   RO         1956    x$fpl$dadd          fz_ws.l(daddsub_clz.o)
    0x080137dc   0x080137dc   0x00000018   Code   RO         2053    x$fpl$dcmpinf       fz_ws.l(dcmpi.o)
    0x080137f4   0x080137f4   0x000002b0   Code   RO         1963    x$fpl$ddiv          fz_ws.l(ddiv.o)
    0x08013aa4   0x08013aa4   0x00000078   Code   RO         1966    x$fpl$deqf          fz_ws.l(deqf.o)
    0x08013b1c   0x08013b1c   0x0000005e   Code   RO         1968    x$fpl$dfix          fz_ws.l(dfix.o)
    0x08013b7a   0x08013b7a   0x00000002   PAD
    0x08013b7c   0x08013b7c   0x0000005a   Code   RO         1976    x$fpl$dfixu         fz_ws.l(dfixu.o)
    0x08013bd6   0x08013bd6   0x0000002e   Code   RO         1981    x$fpl$dflt          fz_ws.l(dflt_clz.o)
    0x08013c04   0x08013c04   0x000000a2   Code   RO         1986    x$fpl$dfltll        fz_ws.l(dfltll_clz.o)
    0x08013ca6   0x08013ca6   0x00000026   Code   RO         1980    x$fpl$dfltu         fz_ws.l(dflt_clz.o)
    0x08013ccc   0x08013ccc   0x00000078   Code   RO         1990    x$fpl$dleqf         fz_ws.l(dleqf.o)
    0x08013d44   0x08013d44   0x00000154   Code   RO         1992    x$fpl$dmul          fz_ws.l(dmul.o)
    0x08013e98   0x08013e98   0x0000009c   Code   RO         2055    x$fpl$dnaninf       fz_ws.l(dnaninf.o)
    0x08013f34   0x08013f34   0x0000000c   Code   RO         2057    x$fpl$dretinf       fz_ws.l(dretinf.o)
    0x08013f40   0x08013f40   0x0000006c   Code   RO         1994    x$fpl$drleqf        fz_ws.l(drleqf.o)
    0x08013fac   0x08013fac   0x00000016   Code   RO         1957    x$fpl$drsb          fz_ws.l(daddsub_clz.o)
    0x08013fc2   0x08013fc2   0x00000002   PAD
    0x08013fc4   0x08013fc4   0x000001d4   Code   RO         1958    x$fpl$dsub          fz_ws.l(daddsub_clz.o)
    0x08014198   0x08014198   0x000000c4   Code   RO         1996    x$fpl$fadd          fz_ws.l(faddsub_clz.o)
    0x0801425c   0x0801425c   0x00000018   Code   RO         2059    x$fpl$fcmpinf       fz_ws.l(fcmpi.o)
    0x08014274   0x08014274   0x00000184   Code   RO         2003    x$fpl$fdiv          fz_ws.l(fdiv.o)
    0x080143f8   0x080143f8   0x00000068   Code   RO         2006    x$fpl$feqf          fz_ws.l(feqf.o)
    0x08014460   0x08014460   0x00000036   Code   RO         2008    x$fpl$ffix          fz_ws.l(ffix.o)
    0x08014496   0x08014496   0x00000002   PAD
    0x08014498   0x08014498   0x0000003e   Code   RO         2012    x$fpl$ffixu         fz_ws.l(ffixu.o)
    0x080144d6   0x080144d6   0x00000002   PAD
    0x080144d8   0x080144d8   0x00000030   Code   RO         2017    x$fpl$fflt          fz_ws.l(fflt_clz.o)
    0x08014508   0x08014508   0x00000060   Code   RO         2022    x$fpl$ffltll        fz_ws.l(ffltll_clz.o)
    0x08014568   0x08014568   0x00000026   Code   RO         2016    x$fpl$ffltu         fz_ws.l(fflt_clz.o)
    0x0801458e   0x0801458e   0x00000002   PAD
    0x08014590   0x08014590   0x00000068   Code   RO         2024    x$fpl$fleqf         fz_ws.l(fleqf.o)
    0x080145f8   0x080145f8   0x00000102   Code   RO         2026    x$fpl$fmul          fz_ws.l(fmul.o)
    0x080146fa   0x080146fa   0x0000008c   Code   RO         2061    x$fpl$fnaninf       fz_ws.l(fnaninf.o)
    0x08014786   0x08014786   0x0000000a   Code   RO         2063    x$fpl$fretinf       fz_ws.l(fretinf.o)
    0x08014790   0x08014790   0x00000062   Code   RO         2028    x$fpl$frleqf        fz_ws.l(frleqf.o)
    0x080147f2   0x080147f2   0x00000014   Code   RO         1997    x$fpl$frsb          fz_ws.l(faddsub_clz.o)
    0x08014806   0x08014806   0x00000002   PAD
    0x08014808   0x08014808   0x000000ea   Code   RO         1998    x$fpl$fsub          fz_ws.l(faddsub_clz.o)
    0x080148f2   0x080148f2   0x00000002   PAD
    0x080148f4   0x080148f4   0x000000c2   Code   RO         1972    x$fpl$llsfromd      fz_ws.l(dfixll.o)
    0x080149b6   0x080149b6   0x00000000   Code   RO         2065    x$fpl$usenofp       fz_ws.l(usenofp.o)
    0x080149b6   0x080149b6   0x00000018   Data   RO          513    .constdata          rtc.o
    0x080149ce   0x080149ce   0x00000948   Data   RO          570    .constdata          gui.o
    0x08015316   0x08015316   0x00000002   PAD
    0x08015318   0x08015318   0x0000004c   Data   RO          681    .constdata          button_1.o
    0x08015364   0x08015364   0x0000004c   Data   RO          770    .constdata          check_button.o
    0x080153b0   0x080153b0   0x0000004c   Data   RO          808    .constdata          dialog.o
    0x080153fc   0x080153fc   0x000003fc   Data   RO          870    .constdata          enums.o
    0x080157f8   0x080157f8   0x0000004c   Data   RO          920    .constdata          group_box.o
    0x08015844   0x08015844   0x0000004c   Data   RO          934    .constdata          image.o
    0x08015890   0x08015890   0x0000004c   Data   RO          965    .constdata          label.o
    0x080158dc   0x080158dc   0x0000004c   Data   RO         1022    .constdata          progress_bar.o
    0x08015928   0x08015928   0x00000104   Data   RO         1065    .constdata          utf8.o
    0x08015a2c   0x08015a2c   0x0000004c   Data   RO         1110    .constdata          widget_vtable.o
    0x08015a78   0x08015a78   0x0000004c   Data   RO         1148    .constdata          window.o
    0x08015ac4   0x08015ac4   0x00000072   Data   RO         1165    .constdata          window_manager.o
    0x08015b36   0x08015b36   0x00000002   PAD
    0x08015b38   0x08015b38   0x00000458   Data   RO         1219    .constdata          utils.o
    0x08015f90   0x08015f90   0x0000004c   Data   RO         1316    .constdata          slider.o
    0x08015fdc   0x08015fdc   0x0000004c   Data   RO         1472    .constdata          keyboard.o
    0x08016028   0x08016028   0x0000004c   Data   RO         1492    .constdata          pages.o
    0x08016074   0x08016074   0x0000004c   Data   RO         1506    .constdata          edit.o
    0x080160c0   0x080160c0   0x0000004c   Data   RO         1520    .constdata          view.o
    0x0801610c   0x0801610c   0x00000118   Data   RO         1552    .constdata          widget_factory.o
    0x08016224   0x08016224   0x00018685   Data   RO         1827    .constdata          resource-mini.o
    0x0802e8a9   0x0802e8a9   0x00000003   PAD
    0x0802e8ac   0x0802e8ac   0x0000034a   Data   RO          871    .conststring        enums.o
    0x0802ebf6   0x0802ebf6   0x00000002   PAD
    0x0802ebf8   0x0802ebf8   0x00000020   Data   RO         2240    Region$$Table       anon$$obj.o
    0x0802ec18   0x0802ec18   0x00000110   Data   RO         2099    locale$$data        c_w.l(lc_ctype_c.o)


    Execution Region RW_IRAM1 (Exec base: 0x20000000, Load base: 0x0802ed28, Size: 0x00003960, Max: 0x00010000, ABSOLUTE, COMPRESSED[0x00000104])

    Exec Addr    Load Addr    Size         Type   Attr      Idx    E Section Name        Object

    0x20000000   COMPRESSED   0x00000014   Data   RW          105    .data               system_stm32f10x.o
    0x20000014   COMPRESSED   0x00000006   Data   RW          218    .data               usart.o
    0x2000001a   COMPRESSED   0x00000014   Data   RW          282    .data               stm32f10x_rcc.o
    0x2000002e   COMPRESSED   0x00000001   Data   RW          452    .data               led.o
    0x2000002f   COMPRESSED   0x00000001   Data   RW          480    .data               button.o
    0x20000030   COMPRESSED   0x00000004   Data   RW          493    .data               tim.o
    0x20000034   COMPRESSED   0x0000000a   Data   RW          514    .data               rtc.o
    0x2000003e   COMPRESSED   0x00000008   Data   RW          537    .data               touch.o
    0x20000046   COMPRESSED   0x00000002   PAD
    0x20000048   COMPRESSED   0x00000004   Data   RW          906    .data               font_manager.o
    0x2000004c   COMPRESSED   0x00000004   Data   RW          951    .data               image_manager.o
    0x20000050   COMPRESSED   0x00000004   Data   RW          991    .data               main_loop.o
    0x20000054   COMPRESSED   0x00000004   Data   RW         1051    .data               theme.o
    0x20000058   COMPRESSED   0x00000004   Data   RW         1166    .data               window_manager.o
    0x2000005c   COMPRESSED   0x000000f1   Data   RW         1220    .data               utils.o
    0x2000014d   COMPRESSED   0x00000003   PAD
    0x20000150   COMPRESSED   0x00000004   Data   RW         1255    .data               timer.o
    0x20000154   COMPRESSED   0x00000004   Data   RW         1269    .data               resource_manager.o
    0x20000158   COMPRESSED   0x00000004   Data   RW         1357    .data               idle.o
    0x2000015c   COMPRESSED   0x00000004   Data   RW         1427    .data               locale.o
    0x20000160   COMPRESSED   0x00000004   Data   RW         1553    .data               widget_factory.o
    0x20000164   COMPRESSED   0x00000004   Data   RW         1636    .data               input_method.o
    0x20000168   COMPRESSED   0x00000004   Data   RW         1763    .data               mutex_null.o
    0x2000016c   COMPRESSED   0x00000004   Data   RW         1780    .data               sys_tick.o
    0x20000170        -       0x000000c8   Zero   RW          217    .bss                usart.o
    0x20000238        -       0x0000000a   Zero   RW          512    .bss                rtc.o
    0x20000242   COMPRESSED   0x00000002   PAD
    0x20000244        -       0x0000000c   Zero   RW          536    .bss                touch.o
    0x20000250        -       0x00001000   Zero   RW          591    .bss                flash.o
    0x20001250        -       0x00000010   Zero   RW         1008    .bss                mem.o
    0x20001260        -       0x00000014   Zero   RW         1383    .bss                system_info.o
    0x20001274        -       0x00000088   Zero   RW         1453    .bss                main_loop_simple.o
    0x200012fc        -       0x00002000   Zero   RW         1749    .bss                platform.o
    0x200032fc        -       0x00000060   Zero   RW         2067    .bss                c_w.l(libspace.o)
    0x2000335c   COMPRESSED   0x00000004   PAD
    0x20003360        -       0x00000200   Zero   RW          251    HEAP                startup_stm32f10x_hd.o
    0x20003560        -       0x00000400   Zero   RW          250    STACK               startup_stm32f10x_hd.o


==============================================================================

Image component sizes


      Code (inc. data)   RO Data    RW Data    ZI Data      Debug   Object Name

       618          0          0          0          0      12691   array.o
       162          0          0          0          0       3467   bitmap.o
       256         12          0          1          0        850   button.o
       220          4         76          0          0      20980   button_1.o
      8938         80          0          0          0      29606   canvas.o
       528         14         76          0          0       5695   check_button.o
        24          0          0          0          0        641   color.o
         0          0          0          0          0         32   core_cm3.o
      1348        256          0          0          0       3495   demo1_app.o
        30          0          0          0          0        600   demo_main.o
       920         62         76          0          0      13051   dialog.o
      2356         66         76          0          0       9286   edit.o
       668          0          0          0          0       5138   emitter.o
       328         32       1862          0          0       7771   enums.o
       326          0          0          0          0       2212   event_queue.o
       158          0          0          0          0       2065   events.o
       924         12          0          0       4096       3305   flash.o
        94          0          0          0          0       1250   font.o
       312         12          0          0          0       3686   font_bitmap.o
       252         14          0          4          0       3234   font_manager.o
       104          4         76          0          0       1647   group_box.o
      1072         12       2376          0          0       5635   gui.o
       700         12          0          4          0       6027   idle.o
       636         26         76          0          0       4228   image.o
        44          0          0          0          0       1060   image_loader.o
       700         12          0          4          0       5645   image_manager.o
       168          6          0          4          0       2488   input_method.o
        72          4          0          0          0       1047   input_method_null.o
       468         46         76          0          0       4205   keyboard.o
        96          4         76          0          0       1599   label.o
      2272         18          0          0          0      12067   layout.o
       896          0          0          0          0       8062   lcd.o
       696         18          0          0          0       2092   lcd_driver.o
      1332         36          0          0          0       6505   lcd_stm32_raw.o
       164         10          0          1          0        739   led.o
       592         22          0          4          0       4521   locale.o
        68          0          0          0          0     205271   main.o
       276          6          0          4          0       3124   main_loop.o
       660         12          0          0        136       4953   main_loop_simple.o
       216         16          0          0          0      16109   main_loop_stm32_raw.o
       868          6          0          0         16       4959   mem.o
       220         22          0          0          0       1825   misc.o
        28          6          0          4          0       1993   mutex_null.o
       456         20         76          0          0       3729   pages.o
       100         12          0          0       8192       1236   platform.o
      1076         36         76          0          0       5026   progress_bar.o
       212          0          0          0          0       1443   rect.o
       412        132      99973          0          0      11873   resource-mini.o
       508         12          0          4          0       5602   resource_manager.o
      1120         66         24         10         10       4387   rtc.o
      1964         46         76          0          0       7059   slider.o
       476         16          0          0          0       1828   spi.o
        64         26        304          0       1536        812   startup_stm32f10x_hd.o
       196          8          0          0          0       3520   stm32f10x_bkp.o
      1548         18          0          0          0       5399   stm32f10x_fsmc.o
       860         38          0          0          0       5757   stm32f10x_gpio.o
        24          0          0          0          0      64030   stm32f10x_it.o
       204         14          0          0          0       1967   stm32f10x_pwr.o
       932         36          0         20          0       8944   stm32f10x_rcc.o
       328          4          0          0          0       2734   stm32f10x_rtc.o
       780         14          0          0          0       6638   stm32f10x_spi.o
      3610         88          0          0          0      22864   stm32f10x_tim.o
      1032         22          0          0          0       8480   stm32f10x_usart.o
      1462         28          0          0          0       8529   str.o
        76          6          0          4          0       1761   sys_tick.o
         8          4          0          0         20       1006   system_info.o
       480         38          0         20          0       1775   system_stm32f10x.o
       572          8          0          4          0       3416   theme.o
       572         24          0          4          0       1965   tim.o
        24          0          0          0          0        617   time.o
       928         12          0          4          0       7752   timer.o
       656         16          0          0          0       3706   tk.o
       380          0          0          0          0       3272   tokenizer.o
      1088         38          0          8         12       4326   touch.o
       296         16          0          6        200       3210   usart.o
       772          6        260          0          0       5509   utf8.o
     10804        208       1112        241          0      25844   utils.o
      1048         44          0          0          0       9376   value.o
        84          4         76          0          0       1698   view.o
      5214         64          0          0          0      27330   widget.o
       420         10        280          4          0       8648   widget_factory.o
       512          6         76          0          0      19931   widget_vtable.o
       308         18         76          0          0       3353   window.o
       288          0          0          0          0       1961   window_animator.o
        16          0          0          0          0       1475   window_animator_null.o
      2438         40        114          4          0      15330   window_manager.o
       982          0          0          0          0       6563   wstr.o

    ----------------------------------------------------------------------
     76158       2060     107410        368      14220     776537   Object Totals
         0          0         32          0          0          0   (incl. Generated)
        18          0          9          5          2          0   (incl. Padding)

    ----------------------------------------------------------------------

      Code (inc. data)   RO Data    RW Data    ZI Data      Debug   Library Member Name

        90          0          0          0          0          0   __dczerorl2.o
         8          0          0          0          0         68   __main.o
       104          0          0          0          0         84   __printf.o
         0          0          0          0          0          0   __rtentry.o
        12          0          0          0          0          0   __rtentry2.o
         6          0          0          0          0          0   __rtentry4.o
        52          8          0          0          0          0   __scatter.o
        28          0          0          0          0          0   __scatter_zi.o
        28          0          0          0          0         68   _chval.o
        48          6          0          0          0         96   _printf_char_common.o
        36          4          0          0          0         80   _printf_char_file.o
         6          0          0          0          0          0   _printf_d.o
       120         16          0          0          0         92   _printf_dec.o
       178          0          0          0          0         88   _printf_intcommon.o
         0          0          0          0          0          0   _printf_percent.o
         4          0          0          0          0          0   _printf_percent_end.o
       158          0          0          0          0         92   _strtoul.o
        26          0          0          0          0         80   atoi.o
        18          0          0          0          0         80   exit.o
         8          0          0          0          0         68   ferror.o
         6          0          0          0          0        152   heapauxi.o
        44         10        272          0          0         76   lc_ctype_c.o
         2          0          0          0          0          0   libinit.o
        20          0          0          0          0          0   libinit2.o
         2          0          0          0          0          0   libshutdown.o
         2          0          0          0          0          0   libshutdown2.o
         8          4          0          0         96         68   libspace.o
        72          0          0          0          0         76   llsdiv.o
       238          0          0          0          0        100   lludivv7m.o
        38          0          0          0          0         68   llushr.o
        24          4          0          0          0         84   noretval__2printf.o
        16          4          0          0          0         76   rt_ctype_table.o
         8          4          0          0          0         68   rt_errno_addr_intlibspace.o
         8          4          0          0          0         68   rt_locale_intlibspace.o
        68          0          0          0          0         68   rt_memclr.o
        78          0          0          0          0         80   rt_memclr_w.o
       138          0          0          0          0         68   rt_memcpy_v6.o
       100          0          0          0          0         80   rt_memcpy_w.o
       132          0          0          0          0         68   rt_memmove_v6.o
       122          0          0          0          0         80   rt_memmove_w.o
         2          0          0          0          0          0   rtexit.o
        10          0          0          0          0          0   rtexit2.o
        20          0          0          0          0         68   strchr.o
       128          0          0          0          0         68   strcmpv7m.o
        72          0          0          0          0         80   strcpy.o
        62          0          0          0          0         76   strlen.o
       150          0          0          0          0         80   strncmp.o
        86          0          0          0          0         76   strncpy.o
        22          0          0          0          0         68   strrchr.o
        36          0          0          0          0         80   strstr.o
       112          0          0          0          0         88   strtol.o
        74          0          0          0          0         80   sys_stackheap_outer.o
        26          0          0          0          0         76   tolower.o
        30          0          0          0          0         76   toupper.o
         2          0          0          0          0         68   use_no_semi.o
         2          0          0          0          0         68   use_no_semi_2.o
        18          0          0          0          0         68   wcscpy.o
        18          0          0          0          0         68   wcslen.o
        98          4          0          0          0         92   d2f.o
       826         16          0          0          0        348   daddsub_clz.o
        24          0          0          0          0         68   dcmpi.o
       688        140          0          0          0        208   ddiv.o
       120          4          0          0          0         92   deqf.o
        94          4          0          0          0         92   dfix.o
       194          4          0          0          0        116   dfixll.o
        90          4          0          0          0         92   dfixu.o
        84          0          0          0          0        136   dflt_clz.o
       162          0          0          0          0         84   dfltll_clz.o
       120          4          0          0          0         92   dleqf.o
       340         12          0          0          0        104   dmul.o
       156          4          0          0          0         92   dnaninf.o
        12          0          0          0          0         68   dretinf.o
       108          0          0          0          0         80   drleqf.o
       450          8          0          0          0        236   faddsub_clz.o
        24          0          0          0          0         68   fcmpi.o
       388         76          0          0          0         96   fdiv.o
       104          4          0          0          0         84   feqf.o
        54          4          0          0          0         84   ffix.o
        62          4          0          0          0         84   ffixu.o
        86          0          0          0          0        136   fflt_clz.o
        96          0          0          0          0         84   ffltll_clz.o
       104          4          0          0          0         84   fleqf.o
       258          4          0          0          0         84   fmul.o
       140          4          0          0          0         84   fnaninf.o
        10          0          0          0          0         68   fretinf.o
        98          0          0          0          0         68   frleqf.o
         0          0          0          0          0          0   usenofp.o

    ----------------------------------------------------------------------
      7944        368        272          0        100       6388   Library Totals
        28          0          0          0          4          0   (incl. Padding)

    ----------------------------------------------------------------------

      Code (inc. data)   RO Data    RW Data    ZI Data      Debug   Library Name

      2926         64        272          0         96       3364   c_w.l
      4990        304          0          0          0       3024   fz_ws.l

    ----------------------------------------------------------------------
      7944        368        272          0        100       6388   Library Totals

    ----------------------------------------------------------------------

==============================================================================


      Code (inc. data)   RO Data    RW Data    ZI Data      Debug   

     84102       2428     107682        368      14320     771481   Grand Totals
     84102       2428     107682        260      14320     771481   ELF Image Totals (compressed)
     84102       2428     107682        260          0          0   ROM Totals

==============================================================================

    Total RO  Size (Code + RO Data)               191784 ( 187.29kB)
    Total RW  Size (RW Data + ZI Data)             14688 (  14.34kB)
    Total ROM Size (Code + RO Data + RW Data)     192044 ( 187.54kB)

==============================================================================

