Component: ARM Compiler 5.06 update 5 (build 528) Tool: armlink [4d35e2]

==============================================================================

Section Cross References

    system_stm32f10x.o(.text) refers to system_stm32f10x.o(.data) for SystemCoreClock
    main.o(.text) refers to misc.o(.text) for NVIC_PriorityGroupConfig
    main.o(.text) refers to platform.o(.text) for systick_init
    main.o(.text) refers to led.o(.text) for led_init
    main.o(.text) refers to button.o(.text) for button_init
    main.o(.text) refers to lcd_driver.o(.text) for TFT_Init
    main.o(.text) refers to flash.o(.text) for FLASH_Init
    main.o(.text) refers to touch.o(.text) for TOUCH_Init
    main.o(.text) refers to tim.o(.text) for TIM3_Init
    main.o(.text) refers to rtc.o(.text) for rtc_init
    main.o(.text) refers to demo_main.o(.text) for gui_app_start
    sys.o(.text) refers to misc.o(.text) for NVIC_PriorityGroupConfig
    usart.o(.text) refers (Special) to use_no_semi_2.o(.text) for __use_no_semihosting
    usart.o(.text) refers to stm32f10x_rcc.o(.text) for RCC_APB2PeriphClockCmd
    usart.o(.text) refers to stm32f10x_gpio.o(.text) for GPIO_Init
    usart.o(.text) refers to misc.o(.text) for NVIC_Init
    usart.o(.text) refers to stm32f10x_usart.o(.text) for USART_Init
    usart.o(.text) refers to usart.o(.data) for USART_RX_STA
    usart.o(.text) refers to usart.o(.bss) for USART_RX_BUF
    usart.o(.bss) refers (Special) to use_no_semi_2.o(.text) for __use_no_semihosting
    usart.o(.data) refers (Special) to use_no_semi_2.o(.text) for __use_no_semihosting
    startup_stm32f10x_hd.o(STACK) refers (Special) to heapauxi.o(.text) for __use_two_region_memory
    startup_stm32f10x_hd.o(HEAP) refers (Special) to heapauxi.o(.text) for __use_two_region_memory
    startup_stm32f10x_hd.o(RESET) refers (Special) to heapauxi.o(.text) for __use_two_region_memory
    startup_stm32f10x_hd.o(RESET) refers to startup_stm32f10x_hd.o(STACK) for __initial_sp
    startup_stm32f10x_hd.o(RESET) refers to startup_stm32f10x_hd.o(.text) for Reset_Handler
    startup_stm32f10x_hd.o(RESET) refers to stm32f10x_it.o(.text) for NMI_Handler
    startup_stm32f10x_hd.o(RESET) refers to sys_tick.o(.text) for SysTick_Handler
    startup_stm32f10x_hd.o(RESET) refers to rtc.o(.text) for RTC_IRQHandler
    startup_stm32f10x_hd.o(RESET) refers to main_loop_stm32_raw.o(.text) for TIM3_IRQHandler
    startup_stm32f10x_hd.o(RESET) refers to usart.o(.text) for USART1_IRQHandler
    startup_stm32f10x_hd.o(RESET) refers to tim.o(.text) for TIM5_IRQHandler
    startup_stm32f10x_hd.o(.text) refers (Special) to heapauxi.o(.text) for __use_two_region_memory
    startup_stm32f10x_hd.o(.text) refers to system_stm32f10x.o(.text) for SystemInit
    startup_stm32f10x_hd.o(.text) refers to __main.o(!!!main) for __main
    startup_stm32f10x_hd.o(.text) refers to startup_stm32f10x_hd.o(HEAP) for Heap_Mem
    startup_stm32f10x_hd.o(.text) refers to startup_stm32f10x_hd.o(STACK) for Stack_Mem
    stm32f10x_gpio.o(.text) refers to stm32f10x_rcc.o(.text) for RCC_APB2PeriphResetCmd
    stm32f10x_rcc.o(.text) refers to stm32f10x_rcc.o(.data) for APBAHBPrescTable
    stm32f10x_usart.o(.text) refers to stm32f10x_rcc.o(.text) for RCC_APB2PeriphResetCmd
    stm32f10x_wwdg.o(.text) refers to stm32f10x_rcc.o(.text) for RCC_APB1PeriphResetCmd
    stm32f10x_tim.o(.text) refers to stm32f10x_rcc.o(.text) for RCC_APB2PeriphResetCmd
    stm32f10x_bkp.o(.text) refers to stm32f10x_rcc.o(.text) for RCC_BackupResetCmd
    stm32f10x_pwr.o(.text) refers to stm32f10x_rcc.o(.text) for RCC_APB1PeriphResetCmd
    stm32f10x_spi.o(.text) refers to stm32f10x_rcc.o(.text) for RCC_APB2PeriphResetCmd
    led.o(.text) refers to stm32f10x_rcc.o(.text) for RCC_APB2PeriphClockCmd
    led.o(.text) refers to stm32f10x_gpio.o(.text) for GPIO_Init
    led.o(.text) refers to sys_tick.o(.text) for delay_ms
    led.o(.text) refers to led.o(.data) for i
    lcd_driver.o(.text) refers to stm32f10x_rcc.o(.text) for RCC_APB2PeriphClockCmd
    lcd_driver.o(.text) refers to stm32f10x_gpio.o(.text) for GPIO_Init
    lcd_driver.o(.text) refers to stm32f10x_fsmc.o(.text) for FSMC_NORSRAMInit
    button.o(.text) refers to stm32f10x_rcc.o(.text) for RCC_APB2PeriphClockCmd
    button.o(.text) refers to stm32f10x_gpio.o(.text) for GPIO_Init
    button.o(.text) refers to sys_tick.o(.text) for delay_ms
    button.o(.text) refers to button.o(.data) for key_up
    tim.o(.text) refers to stm32f10x_rcc.o(.text) for RCC_APB1PeriphClockCmd
    tim.o(.text) refers to stm32f10x_gpio.o(.text) for GPIO_Init
    tim.o(.text) refers to stm32f10x_tim.o(.text) for TIM_TimeBaseInit
    tim.o(.text) refers to misc.o(.text) for NVIC_Init
    tim.o(.text) refers to tim.o(.data) for TIM5CH1_CAPTURE_STA
    rtc.o(.text) refers to _printf_percent.o(.ARM.Collect$$_printf_percent$$00000000) for _printf_percent
[...]
    0x08000220   0x08000220   0x00000006   Code   RO         4082    .ARM.Collect$$_printf_percent$$00000009  c_w.l(_printf_d.o)
    0x08000226   0x08000226   0x00000006   Code   RO         4387    .ARM.Collect$$_printf_percent$$0000000A  c_w.l(_printf_u.o)
    0x0800022c   0x0800022c   0x00000006   Code   RO         4385    .ARM.Collect$$_printf_percent$$0000000B  c_w.l(_printf_o.o)
    0x08000232   0x08000232   0x00000006   Code   RO         4383    .ARM.Collect$$_printf_percent$$0000000C  c_w.l(_printf_x.o)
    0x08000238   0x08000238   0x00000006   Code   RO         4393    .ARM.Collect$$_printf_percent$$0000000D  c_w.l(_printf_lli.o)
    0x0800023e   0x0800023e   0x00000006   Code   RO         4394    .ARM.Collect$$_printf_percent$$0000000E  c_w.l(_printf_lld.o)
    0x08000244   0x08000244   0x00000006   Code   RO         4395    .ARM.Collect$$_printf_percent$$0000000F  c_w.l(_printf_llu.o)
    0x0800024a   0x0800024a   0x00000006   Code   RO         4400    .ARM.Collect$$_printf_percent$$00000010  c_w.l(_printf_llo.o)
    0x08000250   0x08000250   0x00000006   Code   RO         4401    .ARM.Collect$$_printf_percent$$00000011  c_w.l(_printf_llx.o)
    0x08000256   0x08000256   0x0000000a   Code   RO         4397    .ARM.Collect$$_printf_percent$$00000012  c_w.l(_printf_l.o)
    0x08000260   0x08000260   0x00000006   Code   RO         4380    .ARM.Collect$$_printf_percent$$00000013  c_w.l(_printf_c.o)
    0x08000266   0x08000266   0x00000006   Code   RO         4381    .ARM.Collect$$_printf_percent$$00000014  c_w.l(_printf_s.o)
    0x0800026c   0x0800026c   0x00000006   Code   RO         4398    .ARM.Collect$$_printf_percent$$00000015  c_w.l(_printf_lc.o)
    0x08000272   0x08000272   0x00000006   Code   RO         4399    .ARM.Collect$$_printf_percent$$00000016  c_w.l(_printf_ls.o)
    0x08000278   0x08000278   0x00000004   Code   RO         4392    .ARM.Collect$$_printf_percent$$00000017  c_w.l(_printf_percent_end.o)
    0x0800027c   0x0800027c   0x00000002   Code   RO         4633    .ARM.Collect$$libinit$$00000000  c_w.l(libinit.o)
    0x0800027e   0x0800027e   0x00000000   Code   RO         4549    .ARM.Collect$$libinit$$00000002  c_w.l(libinit2.o)
    0x0800027e   0x0800027e   0x00000000   Code   RO         4551    .ARM.Collect$$libinit$$00000004  c_w.l(libinit2.o)
    0x0800027e   0x0800027e   0x00000000   Code   RO         4554    .ARM.Collect$$libinit$$0000000A  c_w.l(libinit2.o)
    0x0800027e   0x0800027e   0x00000000   Code   RO         4556    .ARM.Collect$$libinit$$0000000C  c_w.l(libinit2.o)
    0x0800027e   0x0800027e   0x00000000   Code   RO         4558    .ARM.Collect$$libinit$$0000000E  c_w.l(libinit2.o)
    0x0800027e   0x0800027e   0x00000006   Code   RO         4559    .ARM.Collect$$libinit$$0000000F  c_w.l(libinit2.o)
    0x08000284   0x08000284   0x00000000   Code   RO         4561    .ARM.Collect$$libinit$$00000011  c_w.l(libinit2.o)
    0x08000284   0x08000284   0x0000000c   Code   RO         4562    .ARM.Collect$$libinit$$00000012  c_w.l(libinit2.o)
    0x08000290   0x08000290   0x00000000   Code   RO         4563    .ARM.Collect$$libinit$$00000013  c_w.l(libinit2.o)
    0x08000290   0x08000290   0x00000000   Code   RO         4565    .ARM.Collect$$libinit$$00000015  c_w.l(libinit2.o)
    0x08000290   0x08000290   0x0000000a   Code   RO         4566    .ARM.Collect$$libinit$$00000016  c_w.l(libinit2.o)
    0x0800029a   0x0800029a   0x00000000   Code   RO         4567    .ARM.Collect$$libinit$$00000017  c_w.l(libinit2.o)
    0x0800029a   0x0800029a   0x00000000   Code   RO         4569    .ARM.Collect$$libinit$$00000019  c_w.l(libinit2.o)
    0x0800029a   0x0800029a   0x00000000   Code   RO         4571    .ARM.Collect$$libinit$$0000001B  c_w.l(libinit2.o)
    0x0800029a   0x0800029a   0x00000000   Code   RO         4573    .ARM.Collect$$libinit$$0000001D  c_w.l(libinit2.o)
    0x0800029a   0x0800029a   0x00000000   Code   RO         4575    .ARM.Collect$$libinit$$0000001F  c_w.l(libinit2.o)
    0x0800029a   0x0800029a   0x00000000   Code   RO         4577    .ARM.Collect$$libinit$$00000021  c_w.l(libinit2.o)
    0x0800029a   0x0800029a   0x00000000   Code   RO         4579    .ARM.Collect$$libinit$$00000023  c_w.l(libinit2.o)
    0x0800029a   0x0800029a   0x00000000   Code   RO         4581    .ARM.Collect$$libinit$$00000025  c_w.l(libinit2.o)
    0x0800029a   0x0800029a   0x00000000   Code   RO         4585    .ARM.Collect$$libinit$$0000002C  c_w.l(libinit2.o)
    0x0800029a   0x0800029a   0x00000000   Code   RO         4587    .ARM.Collect$$libinit$$0000002E  c_w.l(libinit2.o)
    0x0800029a   0x0800029a   0x00000000   Code   RO         4589    .ARM.Collect$$libinit$$00000030  c_w.l(libinit2.o)
    0x0800029a   0x0800029a   0x00000000   Code   RO         4591    .ARM.Collect$$libinit$$00000032  c_w.l(libinit2.o)
    0x0800029a   0x0800029a   0x00000002   Code   RO         4592    .ARM.Collect$$libinit$$00000033  c_w.l(libinit2.o)
    0x0800029c   0x0800029c   0x00000002   Code   RO         4710    .ARM.Collect$$libshutdown$$00000000  c_w.l(libshutdown.o)
    0x0800029e   0x0800029e   0x00000000   Code   RO         4716    .ARM.Collect$$libshutdown$$00000002  c_w.l(libshutdown2.o)
    0x0800029e   0x0800029e   0x00000000   Code   RO         4718    .ARM.Collect$$libshutdown$$00000004  c_w.l(libshutdown2.o)
    0x0800029e   0x0800029e   0x00000000   Code   RO         4721    .ARM.Collect$$libshutdown$$00000007  c_w.l(libshutdown2.o)
    0x0800029e   0x0800029e   0x00000000   Code   RO         4724    .ARM.Collect$$libshutdown$$0000000A  c_w.l(libshutdown2.o)
    0x0800029e   0x0800029e   0x00000000   Code   RO         4726    .ARM.Collect$$libshutdown$$0000000C  c_w.l(libshutdown2.o)
    0x0800029e   0x0800029e   0x00000000   Code   RO         4729    .ARM.Collect$$libshutdown$$0000000F  c_w.l(libshutdown2.o)
    0x0800029e   0x0800029e   0x00000002   Code   RO         4730    .ARM.Collect$$libshutdown$$00000010  c_w.l(libshutdown2.o)
    0x080002a0   0x080002a0   0x00000000   Code   RO         4322    .ARM.Collect$$rtentry$$00000000  c_w.l(__rtentry.o)
    0x080002a0   0x080002a0   0x00000000   Code   RO         4495    .ARM.Collect$$rtentry$$00000002  c_w.l(__rtentry2.o)
    0x080002a0   0x080002a0   0x00000006   Code   RO         4507    .ARM.Collect$$rtentry$$00000004  c_w.l(__rtentry4.o)
    0x080002a6   0x080002a6   0x00000000   Code   RO         4497    .ARM.Collect$$rtentry$$00000009  c_w.l(__rtentry2.o)
    0x080002a6   0x080002a6   0x00000004   Code   RO         4498    .ARM.Collect$$rtentry$$0000000A  c_w.l(__rtentry2.o)
    0x080002aa   0x080002aa   0x00000000   Code   RO         4500    .ARM.Collect$$rtentry$$0000000C  c_w.l(__rtentry2.o)
    0x080002aa   0x080002aa   0x00000008   Code   RO         4501    .ARM.Collect$$rtentry$$0000000D  c_w.l(__rtentry2.o)
    0x080002b2   0x080002b2   0x00000002   Code   RO         4656    .ARM.Collect$$rtexit$$00000000  c_w.l(rtexit.o)
    0x080002b4   0x080002b4   0x00000000   Code   RO         4675    .ARM.Collect$$rtexit$$00000002  c_w.l(rtexit2.o)
    0x080002b4   0x080002b4   0x00000004   Code   RO         4676    .ARM.Collect$$rtexit$$00000003  c_w.l(rtexit2.o)
    0x080002b8   0x080002b8   0x00000006   Code   RO         4677    .ARM.Collect$$rtexit$$00000004  c_w.l(rtexit2.o)
    0x080002be   0x080002be   0x00000018   Code   RO            1    .text               stm32f10x_it.o
    0x080002d6   0x080002d6   0x00000002   PAD
    0x080002d8   0x080002d8   0x000001e0   Code   RO          104    .text               system_stm32f10x.o
    0x080004b8   0x080004b8   0x00000044   Code   RO          122    .text               main.o
    0x080004fc   0x080004fc   0x00000128   Code   RO          216    .text               usart.o
    0x08000624   0x08000624   0x00000040   Code   RO          253    .text               startup_stm32f10x_hd.o
    0x08000664   0x08000664   0x000000dc   Code   RO          257    .text               misc.o
    0x08000740   0x08000740   0x0000035c   Code   RO          269    .text               stm32f10x_gpio.o
    0x08000a9c   0x08000a9c   0x000003a4   Code   RO          281    .text               stm32f10x_rcc.o
    0x08000e40   0x08000e40   0x00000408   Code   RO          295    .text               stm32f10x_usart.o
    0x08001248   0x08001248   0x00000e1a   Code   RO          343    .text               stm32f10x_tim.o
    0x08002062   0x08002062   0x00000002   PAD
    0x08002064   0x08002064   0x0000060c   Code   RO          355    .text               stm32f10x_fsmc.o
    0x08002670   0x08002670   0x000000c4   Code   RO          367    .text               stm32f10x_bkp.o
    0x08002734   0x08002734   0x00000148   Code   RO          379    .text               stm32f10x_rtc.o
    0x0800287c   0x0800287c   0x000000cc   Code   RO          391    .text               stm32f10x_pwr.o
    0x08002948   0x08002948   0x0000030c   Code   RO          415    .text               stm32f10x_spi.o
    0x08002c54   0x08002c54   0x000000a4   Code   RO          451    .text               led.o
    0x08002cf8   0x08002cf8   0x000002b8   Code   RO          464    .text               lcd_driver.o
    0x08002fb0   0x08002fb0   0x00000100   Code   RO          479    .text               button.o
    0x080030b0   0x080030b0   0x0000023c   Code   RO          492    .text               tim.o
    0x080032ec   0x080032ec   0x00000460   Code   RO          511    .text               rtc.o
    0x0800374c   0x0800374c   0x00000440   Code   RO          535    .text               touch.o
    0x08003b8c   0x08003b8c   0x000001dc   Code   RO          557    .text               spi.o
    0x08003d68   0x08003d68   0x00000430   Code   RO          569    .text               gui.o
    0x08004198   0x08004198   0x0000039c   Code   RO          590    .text               flash.o
    0x08004534   0x08004534   0x00000582   Code   RO          604    .text               bitmap.o
    0x08004ab6   0x08004ab6   0x00000002   PAD
    0x08004ab8   0x08004ab8   0x00000428   Code   RO          663    .text               buffer.o
    0x08004ee0   0x08004ee0   0x000003d8   Code   RO          679    .text               button_1.o
    0x080052b8   0x080052b8   0x00002bd4   Code   RO          803    .text               canvas.o
    0x08007e8c   0x08007e8c   0x00000394   Code   RO          875    .text               check_button.o
    0x08008220   0x08008220   0x000000dc   Code   RO          900    .text               color.o
    0x080082fc   0x080082fc   0x00000734   Code   RO          919    .text               dialog.o
    0x08008a30   0x08008a30   0x0000034c   Code   RO          983    .text               emitter.o
    0x08008d7c   0x08008d7c   0x00000124   Code   RO         1002    .text               enums.o
    0x08008ea0   0x08008ea0   0x000000cc   Code   RO         1029    .text               font.o
    0x08008f6c   0x08008f6c   0x00000194   Code   RO         1045    .text               font_manager.o
    0x08009100   0x08009100   0x00000054   Code   RO         1072    .text               group_box.o
    0x08009154   0x08009154   0x0000022c   Code   RO         1090    .text               image.o
    0x08009380   0x08009380   0x0000042c   Code   RO         1112    .text               image_manager.o
    0x080097ac   0x080097ac   0x00000490   Code   RO         1139    .text               label.o
    0x08009c3c   0x08009c3c   0x0000044e   Code   RO         1154    .text               lcd.o
    0x0800a08a   0x0800a08a   0x00000002   PAD
    0x0800a08c   0x0800a08c   0x0000012c   Code   RO         1199    .text               main_loop.o
    0x0800a1b8   0x0800a1b8   0x000002f4   Code   RO         1216    .text               mem.o
    0x0800a4ac   0x0800a4ac   0x000003e0   Code   RO         1230    .text               progress_bar.o
    0x0800a88c   0x0800a88c   0x000002e0   Code   RO         1249    .text               rect.o
    0x0800ab6c   0x0800ab6c   0x00000220   Code   RO         1265    .text               theme.o
    0x0800ad8c   0x0800ad8c   0x00000304   Code   RO         1280    .text               utf8.o
    0x0800b090   0x0800b090   0x0000087c   Code   RO         1295    .text               value.o
    0x0800b90c   0x0800b90c   0x000030a4   Code   RO         1308    .text               widget.o
    0x0800e9b0   0x0800e9b0   0x000002e4   Code   RO         1440    .text               widget_vtable.o
    0x0800ec94   0x0800ec94   0x00000040   Code   RO         1488    .text               window.o
    0x0800ecd4   0x0800ecd4   0x00000ea4   Code   RO         1507    .text               window_manager.o
    0x0800fb78   0x0800fb78   0x00000750   Code   RO         1535    .text               wstr.o
    0x080102c8   0x080102c8   0x00000a90   Code   RO         1554    .text               utils.o
    0x08010d58   0x08010d58   0x000000d6   Code   RO         1585    .text               events.o
    0x08010e2e   0x08010e2e   0x000000f4   Code   RO         1648    .text               timer.o
    0x08010f22   0x08010f22   0x00000002   PAD
    0x08010f24   0x08010f24   0x00000190   Code   RO         1660    .text               layout.o
    0x080110b4   0x080110b4   0x00000150   Code   RO         1678    .text               event_queue.o
    0x08011204   0x08011204   0x000008f4   Code   RO         1709    .text               slider.o
    0x08011af8   0x08011af8   0x0000016a   Code   RO         1728    .text               window_animator.o
    0x08011c62   0x08011c62   0x00000010   Code   RO         1740    .text               window_animator_null.o
    0x08011c72   0x08011c72   0x0000009a   Code   RO         1752    .text               idle.o
    0x08011d0c   0x08011d0c   0x000004c4   Code   RO         1764    .text               system_info.o
    0x080121d0   0x080121d0   0x00000022   Code   RO         1780    .text               image_loader.o
    0x080121f2   0x080121f2   0x00000002   PAD
    0x080121f4   0x080121f4   0x00000968   Code   RO         1795    .text               str.o
    0x08012b5c   0x08012b5c   0x000002b8   Code   RO         1811    .text               main_loop_simple.o
    0x08012e14   0x08012e14   0x00000220   Code   RO         1830    .text               pages.o
    0x08013034   0x08013034   0x00001c44   Code   RO         1849    .text               edit.o
    0x08014c78   0x08014c78   0x00000040   Code   RO         1872    .text               view.o
    0x08014cb8   0x08014cb8   0x00000180   Code   RO         1905    .text               widget_factory.o
    0x08014e38   0x08014e38   0x00000268   Code   RO         2073    .text               tokenizer.o
    0x080150a0   0x080150a0   0x00000244   Code   RO         2085    .text               input_method.o
    0x080152e4   0x080152e4   0x0000007e   Code   RO         2115    .text               input_engine.o
    0x08015362   0x08015362   0x00000002   PAD
    0x08015364   0x08015364   0x0000015c   Code   RO         2127    .text               spin_box.o
    0x080154c0   0x080154c0   0x000003b8   Code   RO         2146    .text               dragger.o
    0x08015878   0x08015878   0x0000007c   Code   RO         2165    .text               dialog_client.o
    0x080158f4   0x080158f4   0x0000006c   Code   RO         2180    .text               dialog_title.o
    0x08015960   0x08015960   0x00000334   Code   RO         2195    .text               awtk_global.o
    0x08015c94   0x08015c94   0x00000068   Code   RO         2501    .text               input_method_creator.o
    0x08015cfc   0x08015cfc   0x00000054   Code   RO         2517    .text               button_group.o
    0x08015d50   0x08015d50   0x000002a4   Code   RO         2535    .text               color_parser.o
    0x08015ff4   0x08015ff4   0x000008fc   Code   RO         2553    .text               combo_box.o
    0x080168f0   0x080168f0   0x00000334   Code   RO         2579    .text               combo_box_item.o
    0x08016c24   0x08016c24   0x00000964   Code   RO         2594    .text               easing.o
    0x08017588   0x08017588   0x0000038c   Code   RO         2608    .text               fs.o
    0x08017914   0x08017914   0x00000230   Code   RO         2667    .text               popup.o
    0x08017b44   0x08017b44   0x000004b0   Code   RO         2712    .text               tab_button.o
    0x08017ff4   0x08017ff4   0x000003e4   Code   RO         2731    .text               tab_button_group.o
    0x080183d8   0x080183d8   0x00000054   Code   RO         2749    .text               tab_control.o
    0x0801842c   0x0801842c   0x000000a2   Code   RO         2767    .text               ui_builder.o
    0x080184ce   0x080184ce   0x00000002   PAD
    0x080184d0   0x080184d0   0x00000a98   Code   RO         2782    .text               vgcanvas.o
    0x08018f68   0x08018f68   0x000003fc   Code   RO         2794    .text               widget_animator.o
    0x08019364   0x08019364   0x00000104   Code   RO         2836    .text               ui_builder_default.o
    0x08019468   0x08019468   0x00000030   Code   RO         2859    .text               ui_loader.o
    0x08019498   0x08019498   0x0000011c   Code   RO         2871    .text               ui_loader_default.o
    0x080195b4   0x080195b4   0x00000118   Code   RO         2938    .text               window_open.o
    0x080196cc   0x080196cc   0x000002cc   Code   RO         2978    .text               color_tile.o
    0x08019998   0x08019998   0x00000310   Code   RO         2997    .text               assets_manager.o
    0x08019ca8   0x08019ca8   0x00000250   Code   RO         3012    .text               locale_info.o
    0x08019ef8   0x08019ef8   0x00000344   Code   RO         3027    .text               path.o
    0x0801a23c   0x0801a23c   0x00000040   Code   RO         3039    .text               app_bar.o
    0x0801a27c   0x0801a27c   0x00000040   Code   RO         3057    .text               column.o
    0x0801a2bc   0x0801a2bc   0x00000040   Code   RO         3075    .text               grid.o
    0x0801a2fc   0x0801a2fc   0x00000040   Code   RO         3093    .text               row.o
    0x0801a33c   0x0801a33c   0x00000304   Code   RO         3111    .text               calibration_win.o
    0x0801a640   0x0801a640   0x00000190   Code   RO         3129    .text               font_loader_bitmap.o
    0x0801a7d0   0x0801a7d0   0x0000002c   Code   RO         3143    .text               font_loader.o
    0x0801a7fc   0x0801a7fc   0x00000544   Code   RO         3155    .text               window_base.o
    0x0801ad40   0x0801ad40   0x00000006   Code   RO         3169    .text               widget_animator_factory_null.o
    0x0801ad46   0x0801ad46   0x00000018   Code   RO         3184    .text               time_now.o
    0x0801ad5e   0x0801ad5e   0x000000d4   Code   RO         3196    .text               style.o
    0x0801ae32   0x0801ae32   0x00000002   PAD
    0x0801ae34   0x0801ae34   0x000001e0   Code   RO         3211    .text               style_const.o
    0x0801b014   0x0801b014   0x00000034   Code   RO         3225    .text               style_factory.o
    0x0801b048   0x0801b048   0x00000340   Code   RO         3242    .text               widget_animator_manager.o
    0x0801b388   0x0801b388   0x000000a0   Code   RO         3257    .text               clip_board_default.o
    0x0801b428   0x0801b428   0x00000104   Code   RO         3274    .text               clip_board.o
    0x0801b52c   0x0801b52c   0x00000648   Code   RO         3291    .text               image_base.o
    0x0801bb74   0x0801bb74   0x00000040   Code   RO         3305    .text               grid_item.o
    0x0801bbb4   0x0801bbb4   0x0000031c   Code   RO         3323    .text               input_device_status.o
    0x0801bed0   0x0801bed0   0x00000160   Code   RO         3337    .text               system_bar.o
    0x0801c030   0x0801c030   0x00000860   Code   RO         3356    .text               children_layouter_default.o
    0x0801c890   0x0801c890   0x00000150   Code   RO         3377    .text               children_layouter_factory.o
    0x0801c9e0   0x0801c9e0   0x000005a8   Code   RO         3401    .text               self_layouter_default.o
    0x0801cf88   0x0801cf88   0x000000ac   Code   RO         3419    .text               self_layouter_factory.o
    0x0801d034   0x0801d034   0x00000158   Code   RO         3443    .text               children_layouter.o
    0x0801d18c   0x0801d18c   0x0000013c   Code   RO         3455    .text               self_layouter.o
    0x0801d2c8   0x0801d2c8   0x000000c4   Code   RO         3485    .text               func_call_parser.o
    0x0801d38c   0x0801d38c   0x00000084   Code   RO         3500    .text               event.o
    0x0801d410   0x0801d410   0x000000f8   Code   RO         3513    .text               named_value.o
    0x0801d508   0x0801d508   0x00000670   Code   RO         3529    .text               object.o
    0x0801db78   0x0801db78   0x000003f8   Code   RO         3545    .text               object_default.o
    0x0801df70   0x0801df70   0x0000008c   Code   RO         3581    .text               timer_info.o
    0x0801dffc   0x0801dffc   0x00000284   Code   RO         3605    .text               timer_manager.o
    0x0801e280   0x0801e280   0x000001b8   Code   RO         3620    .text               idle_manager.o
    0x0801e438   0x0801e438   0x00000080   Code   RO         3641    .text               idle_info.o
    0x0801e4b8   0x0801e4b8   0x00000250   Code   RO         3656    .text               slist.o
    0x0801e708   0x0801e708   0x000002d8   Code   RO         3672    .text               widget_pool.o
    0x0801e9e0   0x0801e9e0   0x00000384   Code   RO         3687    .text               darray.o
    0x0801ed64   0x0801ed64   0x00001344   Code   RO         3703    .text               expr_eval.o
    0x080200a8   0x080200a8   0x000006d0   Code   RO         3717    .text               lcd_stm32_raw.o
    0x08020778   0x08020778   0x000000d8   Code   RO         3747    .text               main_loop_stm32_raw.o
    0x08020850   0x08020850   0x00000064   Code   RO         3874    .text               platform.o
    0x080208b4   0x080208b4   0x0000001c   Code   RO         3888    .text               mutex_null.o
    0x080208d0   0x080208d0   0x0000004c   Code   RO         3905    .text               sys_tick.o
    0x0802091c   0x0802091c   0x00000004   Code   RO         3919    .text               fs_os.o
    0x08020920   0x08020920   0x00000026   Code   RO         3931    .text               demo_main.o
    0x08020946   0x08020946   0x00000002   PAD
    0x08020948   0x08020948   0x000005b0   Code   RO         3976    .text               demo1_app.o
    0x08020ef8   0x08020ef8   0x0000019c   Code   RO         3994    .text               assets-mini.o
    0x08021094   0x08021094   0x00000002   Code   RO         4044    .text               c_w.l(use_no_semi_2.o)
    0x08021096   0x08021096   0x00000002   PAD
    0x08021098   0x08021098   0x00000010   Code   RO         4046    .text               c_w.l(rt_ctype_table.o)
    0x080210a8   0x080210a8   0x0000001a   Code   RO         4048    .text               c_w.l(tolower.o)
    0x080210c2   0x080210c2   0x0000001e   Code   RO         4050    .text               c_w.l(toupper.o)
    0x080210e0   0x080210e0   0x00000034   Code   RO         4052    .text               c_w.l(vsnprintf.o)
    0x08021114   0x08021114   0x00000018   Code   RO         4054    .text               c_w.l(__2printf.o)
    0x0802112c   0x0802112c   0x00000078   Code   RO         4060    .text               c_w.l(_printf_dec.o)
    0x080211a4   0x080211a4   0x00000188   Code   RO         4079    .text               c_w.l(__printf_flags_ss_wp.o)
    0x0802132c   0x0802132c   0x00000034   Code   RO         4084    .text               c_w.l(vsscanf.o)
    0x08021360   0x08021360   0x00000050   Code   RO         4086    .text               c_w.l(bsearchnoex.o)
    0x080213b0   0x080213b0   0x00000014   Code   RO         4088    .text               c_w.l(strchr.o)
    0x080213c4   0x080213c4   0x00000024   Code   RO         4090    .text               c_w.l(strstr.o)
    0x080213e8   0x080213e8   0x00000058   Code   RO         4092    .text               c_w.l(memcmp.o)
    0x08021440   0x08021440   0x00000048   Code   RO         4094    .text               c_w.l(strcpy.o)
    0x08021488   0x08021488   0x00000016   Code   RO         4096    .text               c_w.l(strrchr.o)
    0x0802149e   0x0802149e   0x0000003e   Code   RO         4098    .text               c_w.l(strlen.o)
    0x080214dc   0x080214dc   0x00000012   Code   RO         4100    .text               c_w.l(wcscpy.o)
    0x080214ee   0x080214ee   0x00000018   Code   RO         4102    .text               c_w.l(wcscmp.o)
    0x08021506   0x08021506   0x00000016   Code   RO         4104    .text               c_w.l(wcschr.o)
    0x0802151c   0x0802151c   0x00000012   Code   RO         4106    .text               c_w.l(wcslen.o)
    0x0802152e   0x0802152e   0x00000096   Code   RO         4108    .text               c_w.l(strncmp.o)
    0x080215c4   0x080215c4   0x0000008a   Code   RO         4110    .text               c_w.l(rt_memcpy_v6.o)
    0x0802164e   0x0802164e   0x00000084   Code   RO         4112    .text               c_w.l(rt_memmove_v6.o)
    0x080216d2   0x080216d2   0x00000064   Code   RO         4114    .text               c_w.l(rt_memcpy_w.o)
    0x08021736   0x08021736   0x00000044   Code   RO         4116    .text               c_w.l(rt_memclr.o)
    0x0802177a   0x0802177a   0x0000004e   Code   RO         4118    .text               c_w.l(rt_memclr_w.o)
    0x080217c8   0x080217c8   0x00000056   Code   RO         4120    .text               c_w.l(strncpy.o)
    0x0802181e   0x0802181e   0x00000002   PAD
    0x08021820   0x08021820   0x00000080   Code   RO         4122    .text               c_w.l(strcmpv7m.o)
    0x080218a0   0x080218a0   0x00000006   Code   RO         4124    .text               c_w.l(heapauxi.o)
    0x080218a6   0x080218a6   0x00000002   Code   RO         4320    .text               c_w.l(use_no_semi.o)
    0x080218a8   0x080218a8   0x00000008   Code   RO         4326    .text               c_w.l(rt_locale_intlibspace.o)
    0x080218b0   0x080218b0   0x00000016   Code   RO         4328    .text               c_w.l(_rserrno.o)
    0x080218c6   0x080218c6   0x0000004e   Code   RO         4330    .text               c_w.l(_printf_pad.o)
    0x08021914   0x08021914   0x00000024   Code   RO         4332    .text               c_w.l(_printf_truncate.o)
    0x08021938   0x08021938   0x00000052   Code   RO         4334    .text               c_w.l(_printf_str.o)
    0x0802198a   0x0802198a   0x000000b2   Code   RO         4336    .text               c_w.l(_printf_intcommon.o)
    0x08021a3c   0x08021a3c   0x00000028   Code   RO         4338    .text               c_w.l(_printf_charcount.o)
    0x08021a64   0x08021a64   0x00000030   Code   RO         4340    .text               c_w.l(_printf_char_common.o)
    0x08021a94   0x08021a94   0x0000000a   Code   RO         4342    .text               c_w.l(_sputc.o)
    0x08021a9e   0x08021a9e   0x00000010   Code   RO         4344    .text               c_w.l(_snputc.o)
    0x08021aae   0x08021aae   0x00000002   PAD
    0x08021ab0   0x08021ab0   0x00000024   Code   RO         4346    .text               c_w.l(_printf_char_file.o)
    0x08021ad4   0x08021ad4   0x000000bc   Code   RO         4348    .text               c_w.l(_printf_wctomb.o)
    0x08021b90   0x08021b90   0x0000007c   Code   RO         4351    .text               c_w.l(_printf_longlong_dec.o)
    0x08021c0c   0x08021c0c   0x00000070   Code   RO         4357    .text               c_w.l(_printf_oct_int_ll.o)
    0x08021c7c   0x08021c7c   0x00000094   Code   RO         4377    .text               c_w.l(_printf_hex_int_ll_ptr.o)
    0x08021d10   0x08021d10   0x00000156   Code   RO         4402    .text               c_w.l(_scanf_longlong.o)
    0x08021e66   0x08021e66   0x0000014c   Code   RO         4404    .text               c_w.l(_scanf_int.o)
    0x08021fb2   0x08021fb2   0x000000e0   Code   RO         4406    .text               c_w.l(_scanf_str.o)
    0x08022092   0x08022092   0x00000002   PAD
    0x08022094   0x08022094   0x0000002c   Code   RO         4408    .text               c_w.l(scanf_char.o)
    0x080220c0   0x080220c0   0x00000040   Code   RO         4410    .text               c_w.l(_sgetc.o)
    0x08022100   0x08022100   0x000000a4   Code   RO         4412    .text               c_w.l(strtod.o)
    0x080221a4   0x080221a4   0x00000114   Code   RO         4414    .text               c_w.l(_scanf_mbtowc.o)
    0x080222b8   0x080222b8   0x000000e8   Code   RO         4416    .text               c_w.l(_scanf_wctomb.o)
    0x080223a0   0x080223a0   0x000000d0   Code   RO         4418    .text               c_w.l(_scanf_wstr.o)
    0x08022470   0x08022470   0x0000007a   Code   RO         4423    .text               c_w.l(rt_memmove_w.o)
    0x080224ea   0x080224ea   0x00000002   PAD
    0x080224ec   0x080224ec   0x00000008   Code   RO         4491    .text               c_w.l(libspace.o)
    0x080224f4   0x080224f4   0x00000008   Code   RO         4512    .text               c_w.l(rt_errno_addr_intlibspace.o)
    0x080224fc   0x080224fc   0x0000008a   Code   RO         4514    .text               c_w.l(lludiv10.o)
    0x08022586   0x08022586   0x00000012   Code   RO         4516    .text               c_w.l(isspace.o)
    0x08022598   0x08022598   0x0000041e   Code   RO         4518    .text               c_w.l(_printf_fp_dec.o)
    0x080229b6   0x080229b6   0x00000002   PAD
    0x080229b8   0x080229b8   0x000002fc   Code   RO         4520    .text               c_w.l(_printf_fp_hex.o)
    0x08022cb4   0x08022cb4   0x0000002c   Code   RO         4525    .text               c_w.l(_printf_char.o)
    0x08022ce0   0x08022ce0   0x0000002c   Code   RO         4527    .text               c_w.l(_printf_wchar.o)
    0x08022d0c   0x08022d0c   0x0000001c   Code   RO         4529    .text               c_w.l(_chval.o)
    0x08022d28   0x08022d28   0x00000374   Code   RO         4531    .text               c_w.l(_scanf.o)
    0x0802309c   0x0802309c   0x000004f8   Code   RO         4533    .text               c_w.l(scanf_fp.o)
    0x08023594   0x08023594   0x0000001e   Code   RO         4535    .text               c_w.l(_scanf_wcharmap.o)
    0x080235b2   0x080235b2   0x00000008   Code   RO         4537    .text               c_w.l(ferror.o)
    0x080235ba   0x080235ba   0x0000003c   Code   RO         4541    .text               c_w.l(_mbrtowc.o)
    0x080235f6   0x080235f6   0x00000040   Code   RO         4543    .text               c_w.l(_wcrtomb.o)
    0x08023636   0x08023636   0x0000004a   Code   RO         4595    .text               c_w.l(sys_stackheap_outer.o)
    0x08023680   0x08023680   0x00000080   Code   RO         4597    .text               c_w.l(_printf_fp_infnan.o)
    0x08023700   0x08023700   0x000000e4   Code   RO         4599    .text               c_w.l(bigflt0.o)
    0x080237e4   0x080237e4   0x00000012   Code   RO         4624    .text               c_w.l(exit.o)
    0x080237f6   0x080237f6   0x00000002   PAD
    0x080237f8   0x080237f8   0x00000320   Code   RO         4658    .text               c_w.l(scanf_hexfp.o)
    0x08023b18   0x08023b18   0x00000134   Code   RO         4660    .text               c_w.l(scanf_infnan.o)
    0x08023c4c   0x08023c4c   0x00000026   Code   RO         4683    .text               c_w.l(llshl.o)
    0x08023c72   0x08023c72   0x0000003e   Code   RO         4602    CL$$btod_d2e        c_w.l(btod.o)
    0x08023cb0   0x08023cb0   0x00000046   Code   RO         4604    CL$$btod_d2e_denorm_low  c_w.l(btod.o)
    0x08023cf6   0x08023cf6   0x00000060   Code   RO         4603    CL$$btod_d2e_norm_op1  c_w.l(btod.o)
    0x08023d56   0x08023d56   0x00000338   Code   RO         4612    CL$$btod_div_common  c_w.l(btod.o)
    0x0802408e   0x0802408e   0x00000002   PAD
    0x08024090   0x08024090   0x00000084   Code   RO         4610    CL$$btod_e2d        c_w.l(btod.o)
    0x08024114   0x08024114   0x000000dc   Code   RO         4609    CL$$btod_e2e        c_w.l(btod.o)
    0x080241f0   0x080241f0   0x0000002a   Code   RO         4606    CL$$btod_ediv       c_w.l(btod.o)
    0x0802421a   0x0802421a   0x0000002a   Code   RO         4608    CL$$btod_edivd      c_w.l(btod.o)
    0x08024244   0x08024244   0x0000002a   Code   RO         4605    CL$$btod_emul       c_w.l(btod.o)
    0x0802426e   0x0802426e   0x0000002a   Code   RO         4607    CL$$btod_emuld      c_w.l(btod.o)
    0x08024298   0x08024298   0x00000244   Code   RO         4611    CL$$btod_mult_common  c_w.l(btod.o)
    0x080244dc   0x080244dc   0x00000028   Code   RO         4469    i.__ARM_fpclassify  m_ws.l(fpclassify.o)
    0x08024504   0x08024504   0x00000388   Code   RO         4474    i.__ieee754_rem_pio2  m_ws.l(rred.o)
    0x0802488c   0x0802488c   0x000000fc   Code   RO         4452    i.__kernel_cos      m_ws.l(cos_i.o)
    0x08024988   0x08024988   0x000000aa   Code   RO         4471    i.__kernel_poly     m_ws.l(poly.o)
    0x08024a32   0x08024a32   0x00000002   PAD
    0x08024a34   0x08024a34   0x000000ec   Code   RO         4479    i.__kernel_sin      m_ws.l(sin_i.o)
    0x08024b20   0x08024b20   0x0000027c   Code   RO         4485    i.__kernel_tan      m_ws.l(tan_i.o)
    0x08024d9c   0x08024d9c   0x00000010   Code   RO         4455    i.__mathlib_dbl_divzero  m_ws.l(dunder.o)
    0x08024dac   0x08024dac   0x00000006   Code   RO         4456    i.__mathlib_dbl_infnan  m_ws.l(dunder.o)
    0x08024db2   0x08024db2   0x00000004   Code   RO         4457    i.__mathlib_dbl_infnan2  m_ws.l(dunder.o)
    0x08024db6   0x08024db6   0x0000000c   Code   RO         4458    i.__mathlib_dbl_invalid  m_ws.l(dunder.o)
    0x08024dc2   0x08024dc2   0x0000000e   Code   RO         4459    i.__mathlib_dbl_overflow  m_ws.l(dunder.o)
    0x08024dd0   0x08024dd0   0x00000010   Code   RO         4461    i.__mathlib_dbl_underflow  m_ws.l(dunder.o)
    0x08024de0   0x08024de0   0x00000010   Code   RO         4650    i.__mathlib_narrow  m_ws.l(narrow.o)
    0x08024df0   0x08024df0   0x000000bc   Code   RO         4651    i.__mathlib_tofloat  m_ws.l(narrow.o)
    0x08024eac   0x08024eac   0x00000016   Code   RO         4690    i.__support_ldexp   m_ws.l(ldexp.o)
    0x08024ec2   0x08024ec2   0x0000000e   Code   RO         4072    i._is_digit         c_w.l(__printf_wp.o)
    0x08024ed0   0x08024ed0   0x0000027c   Code   RO         4207    i.acos              m_ws.l(acos.o)
    0x0802514c   0x0802514c   0x00000270   Code   RO         4217    i.asin              m_ws.l(asin.o)
    0x080253bc   0x080253bc   0x00000220   Code   RO         4227    i.atan              m_ws.l(atan.o)
    0x080255dc   0x080255dc   0x0000002a   Code   RO         4237    i.atof              m_ws.l(atof.o)
    0x08025606   0x08025606   0x00000002   PAD
    0x08025608   0x08025608   0x000000dc   Code   RO         4241    i.ceil              m_ws.l(ceil.o)
    0x080256e4   0x080256e4   0x00000004   Code   RO         4318    i.ceill             m_ws.l(ceill.o)
    0x080256e8   0x080256e8   0x0000009c   Code   RO         4245    i.cos               m_ws.l(cos.o)
    0x08025784   0x08025784   0x00000284   Code   RO         4253    i.exp               m_ws.l(exp.o)
    0x08025a08   0x08025a08   0x000000dc   Code   RO         4263    i.floor             m_ws.l(floor.o)
    0x08025ae4   0x08025ae4   0x00000058   Code   RO         4669    i.frexp             m_ws.l(frexp.o)
    0x08025b3c   0x08025b3c   0x00000074   Code   RO         4691    i.ldexp             m_ws.l(ldexp.o)
    0x08025bb0   0x08025bb0   0x0000035c   Code   RO         4267    i.log               m_ws.l(log.o)
    0x08025f0c   0x08025f0c   0x000000e4   Code   RO         4277    i.log10             m_ws.l(log10.o)
    0x08025ff0   0x08025ff0   0x000009d8   Code   RO         4285    i.pow               m_ws.l(pow.o)
    0x080269c8   0x080269c8   0x000000a0   Code   RO         4295    i.sin               m_ws.l(sin.o)
    0x08026a68   0x08026a68   0x0000004c   Code   RO         4303    i.sqrt              m_ws.l(sqrt.o)
    0x08026ab4   0x08026ab4   0x00000064   Code   RO         4311    i.tan               m_ws.l(tan.o)
    0x08026b18   0x08026b18   0x0000002c   Code   RO         4421    locale$$code        c_w.l(lc_ctype_c.o)
    0x08026b44   0x08026b44   0x0000002c   Code   RO         4546    locale$$code        c_w.l(lc_numeric_c.o)
    0x08026b70   0x08026b70   0x00000062   Code   RO         4128    x$fpl$d2f           fz_ws.l(d2f.o)
    0x08026bd2   0x08026bd2   0x00000002   PAD
    0x08026bd4   0x08026bd4   0x00000150   Code   RO         4130    x$fpl$dadd          fz_ws.l(daddsub_clz.o)
    0x08026d24   0x08026d24   0x00000010   Code   RO         4593    x$fpl$dcheck1       fz_ws.l(dcheck1.o)
    0x08026d34   0x08026d34   0x00000018   Code   RO         4425    x$fpl$dcmpinf       fz_ws.l(dcmpi.o)
    0x08026d4c   0x08026d4c   0x000002b0   Code   RO         4137    x$fpl$ddiv          fz_ws.l(ddiv.o)
    0x08026ffc   0x08026ffc   0x00000078   Code   RO         4140    x$fpl$deqf          fz_ws.l(deqf.o)
    0x08027074   0x08027074   0x0000005e   Code   RO         4142    x$fpl$dfix          fz_ws.l(dfix.o)
    0x080270d2   0x080270d2   0x00000002   PAD
    0x080270d4   0x080270d4   0x0000005a   Code   RO         4150    x$fpl$dfixu         fz_ws.l(dfixu.o)
    0x0802712e   0x0802712e   0x0000002e   Code   RO         4155    x$fpl$dflt          fz_ws.l(dflt_clz.o)
    0x0802715c   0x0802715c   0x000000a2   Code   RO         4160    x$fpl$dfltll        fz_ws.l(dfltll_clz.o)
    0x080271fe   0x080271fe   0x00000026   Code   RO         4154    x$fpl$dfltu         fz_ws.l(dflt_clz.o)
    0x08027224   0x08027224   0x00000078   Code   RO         4164    x$fpl$dleqf         fz_ws.l(dleqf.o)
    0x0802729c   0x0802729c   0x00000154   Code   RO         4166    x$fpl$dmul          fz_ws.l(dmul.o)
    0x080273f0   0x080273f0   0x0000009c   Code   RO         4427    x$fpl$dnaninf       fz_ws.l(dnaninf.o)
    0x0802748c   0x0802748c   0x0000000c   Code   RO         4429    x$fpl$dretinf       fz_ws.l(dretinf.o)
    0x08027498   0x08027498   0x0000006c   Code   RO         4168    x$fpl$drleqf        fz_ws.l(drleqf.o)
    0x08027504   0x08027504   0x00000016   Code   RO         4131    x$fpl$drsb          fz_ws.l(daddsub_clz.o)
    0x0802751a   0x0802751a   0x00000002   PAD
    0x0802751c   0x0802751c   0x000001cc   Code   RO         4431    x$fpl$dsqrt         fz_ws.l(dsqrt_noumaal.o)
    0x080276e8   0x080276e8   0x000001d4   Code   RO         4132    x$fpl$dsub          fz_ws.l(daddsub_clz.o)
    0x080278bc   0x080278bc   0x00000056   Code   RO         4170    x$fpl$f2d           fz_ws.l(f2d.o)
    0x08027912   0x08027912   0x00000002   PAD
    0x08027914   0x08027914   0x000000c4   Code   RO         4172    x$fpl$fadd          fz_ws.l(faddsub_clz.o)
    0x080279d8   0x080279d8   0x00000018   Code   RO         4433    x$fpl$fcmpinf       fz_ws.l(fcmpi.o)
    0x080279f0   0x080279f0   0x00000184   Code   RO         4179    x$fpl$fdiv          fz_ws.l(fdiv.o)
    0x08027b74   0x08027b74   0x00000068   Code   RO         4182    x$fpl$feqf          fz_ws.l(feqf.o)
    0x08027bdc   0x08027bdc   0x00000036   Code   RO         4184    x$fpl$ffix          fz_ws.l(ffix.o)
    0x08027c12   0x08027c12   0x00000002   PAD
    0x08027c14   0x08027c14   0x0000003e   Code   RO         4188    x$fpl$ffixu         fz_ws.l(ffixu.o)
    0x08027c52   0x08027c52   0x00000002   PAD
    0x08027c54   0x08027c54   0x00000030   Code   RO         4193    x$fpl$fflt          fz_ws.l(fflt_clz.o)
    0x08027c84   0x08027c84   0x00000060   Code   RO         4198    x$fpl$ffltll        fz_ws.l(ffltll_clz.o)
    0x08027ce4   0x08027ce4   0x00000026   Code   RO         4192    x$fpl$ffltu         fz_ws.l(fflt_clz.o)
    0x08027d0a   0x08027d0a   0x00000002   PAD
    0x08027d0c   0x08027d0c   0x00000068   Code   RO         4200    x$fpl$fleqf         fz_ws.l(fleqf.o)
    0x08027d74   0x08027d74   0x00000102   Code   RO         4202    x$fpl$fmul          fz_ws.l(fmul.o)
    0x08027e76   0x08027e76   0x0000008c   Code   RO         4435    x$fpl$fnaninf       fz_ws.l(fnaninf.o)
    0x08027f02   0x08027f02   0x0000000a   Code   RO         4437    x$fpl$fretinf       fz_ws.l(fretinf.o)
    0x08027f0c   0x08027f0c   0x00000062   Code   RO         4204    x$fpl$frleqf        fz_ws.l(frleqf.o)
    0x08027f6e   0x08027f6e   0x00000014   Code   RO         4173    x$fpl$frsb          fz_ws.l(faddsub_clz.o)
    0x08027f82   0x08027f82   0x00000002   PAD
    0x08027f84   0x08027f84   0x000000ea   Code   RO         4174    x$fpl$fsub          fz_ws.l(faddsub_clz.o)
    0x0802806e   0x0802806e   0x00000006   Code   RO         4640    x$fpl$ieeestatus    fz_ws.l(istatus.o)
    0x08028074   0x08028074   0x000000c2   Code   RO         4146    x$fpl$llsfromd      fz_ws.l(dfixll.o)
    0x08028136   0x08028136   0x00000004   Code   RO         4439    x$fpl$printf1       fz_ws.l(printf1.o)
    0x0802813a   0x0802813a   0x00000004   Code   RO         4441    x$fpl$printf2       fz_ws.l(printf2.o)
    0x0802813e   0x0802813e   0x00000064   Code   RO         4642    x$fpl$retnan        fz_ws.l(retnan.o)
    0x080281a2   0x080281a2   0x0000005c   Code   RO         4447    x$fpl$scalbn        fz_ws.l(scalbn.o)
    0x080281fe   0x080281fe   0x00000004   Code   RO         4449    x$fpl$scanf1        fz_ws.l(scanf1.o)
    0x08028202   0x08028202   0x00000008   Code   RO         4644    x$fpl$scanf2        fz_ws.l(scanf2.o)
    0x0802820a   0x0802820a   0x00000030   Code   RO         4666    x$fpl$trapveneer    fz_ws.l(trapv.o)
    0x0802823a   0x0802823a   0x00000000   Code   RO         4451    x$fpl$usenofp       fz_ws.l(usenofp.o)
    0x0802823a   0x0802823a   0x00000018   Data   RO          513    .constdata          rtc.o
    0x08028252   0x08028252   0x00000948   Data   RO          570    .constdata          gui.o
    0x08028b9a   0x08028b9a   0x00000002   PAD
    0x08028b9c   0x08028b9c   0x00000044   Data   RO          605    .constdata          bitmap.o
    0x08028be0   0x08028be0   0x00000018   Data   RO          664    .constdata          buffer.o
    0x08028bf8   0x08028bf8   0x00000070   Data   RO          680    .constdata          button_1.o
    0x08028c68   0x08028c68   0x000000e0   Data   RO          876    .constdata          check_button.o
    0x08028d48   0x08028d48   0x0000000d   Data   RO          901    .constdata          color.o
    0x08028d55   0x08028d55   0x00000003   PAD
    0x08028d58   0x08028d58   0x00000070   Data   RO          920    .constdata          dialog.o
    0x08028dc8   0x08028dc8   0x0000001a   Data   RO          984    .constdata          emitter.o
    0x08028de2   0x08028de2   0x00000002   PAD
    0x08028de4   0x08028de4   0x00000324   Data   RO         1003    .constdata          enums.o
    0x08029108   0x08029108   0x0000000d   Data   RO         1030    .constdata          font.o
    0x08029115   0x08029115   0x00000014   Data   RO         1046    .constdata          font_manager.o
    0x08029129   0x08029129   0x00000003   PAD
    0x0802912c   0x0802912c   0x00000070   Data   RO         1073    .constdata          group_box.o
    0x0802919c   0x0802919c   0x00000070   Data   RO         1091    .constdata          image.o
    0x0802920c   0x0802920c   0x00000027   Data   RO         1113    .constdata          image_manager.o
    0x08029233   0x08029233   0x00000001   PAD
    0x08029234   0x08029234   0x00000070   Data   RO         1140    .constdata          label.o
    0x080292a4   0x080292a4   0x00000070   Data   RO         1231    .constdata          progress_bar.o
    0x08029314   0x08029314   0x0000000c   Data   RO         1250    .constdata          rect.o
    0x08029320   0x08029320   0x0000000d   Data   RO         1266    .constdata          theme.o
    0x0802932d   0x0802932d   0x00000003   PAD
    0x08029330   0x08029330   0x00000104   Data   RO         1281    .constdata          utf8.o
    0x08029434   0x08029434   0x0000000d   Data   RO         1296    .constdata          value.o
    0x08029441   0x08029441   0x00000003   PAD
    0x08029444   0x08029444   0x00000070   Data   RO         1441    .constdata          widget_vtable.o
    0x080294b4   0x080294b4   0x00000070   Data   RO         1489    .constdata          window.o
    0x08029524   0x08029524   0x00000086   Data   RO         1508    .constdata          window_manager.o
    0x080295aa   0x080295aa   0x00000014   Data   RO         1536    .constdata          wstr.o
    0x080295be   0x080295be   0x00000022   Data   RO         1555    .constdata          utils.o
    0x080295e0   0x080295e0   0x00000013   Data   RO         1679    .constdata          event_queue.o
    0x080295f3   0x080295f3   0x00000001   PAD
    0x080295f4   0x080295f4   0x00000070   Data   RO         1710    .constdata          slider.o
    0x08029664   0x08029664   0x0000002c   Data   RO         1765    .constdata          system_info.o
    0x08029690   0x08029690   0x00000017   Data   RO         1796    .constdata          str.o
    0x080296a7   0x080296a7   0x00000001   PAD
    0x080296a8   0x080296a8   0x00000070   Data   RO         1831    .constdata          pages.o
    0x08029718   0x08029718   0x00000070   Data   RO         1850    .constdata          edit.o
    0x08029788   0x08029788   0x00000070   Data   RO         1873    .constdata          view.o
    0x080297f8   0x080297f8   0x000004ae   Data   RO         1906    .constdata          widget_factory.o
    0x08029ca6   0x08029ca6   0x00000002   PAD
    0x08029ca8   0x08029ca8   0x00000070   Data   RO         2128    .constdata          spin_box.o
    0x08029d18   0x08029d18   0x00000070   Data   RO         2147    .constdata          dragger.o
    0x08029d88   0x08029d88   0x00000070   Data   RO         2166    .constdata          dialog_client.o
    0x08029df8   0x08029df8   0x00000070   Data   RO         2181    .constdata          dialog_title.o
    0x08029e68   0x08029e68   0x00000019   Data   RO         2502    .constdata          input_method_creator.o
    0x08029e81   0x08029e81   0x00000003   PAD
    0x08029e84   0x08029e84   0x00000070   Data   RO         2518    .constdata          button_group.o
    0x08029ef4   0x08029ef4   0x00000088   Data   RO         2554    .constdata          combo_box.o
    0x08029f7c   0x08029f7c   0x00000070   Data   RO         2580    .constdata          combo_box_item.o
    0x08029fec   0x08029fec   0x00000060   Data   RO         2595    .constdata          easing.o
    0x0802a04c   0x0802a04c   0x0000000a   Data   RO         2609    .constdata          fs.o
    0x0802a056   0x0802a056   0x00000002   PAD
    0x0802a058   0x0802a058   0x00000070   Data   RO         2668    .constdata          popup.o
    0x0802a0c8   0x0802a0c8   0x00000070   Data   RO         2713    .constdata          tab_button.o
    0x0802a138   0x0802a138   0x00000070   Data   RO         2732    .constdata          tab_button_group.o
    0x0802a1a8   0x0802a1a8   0x00000070   Data   RO         2750    .constdata          tab_control.o
    0x0802a218   0x0802a218   0x00000004   Data   RO         2872    .constdata          ui_loader_default.o
    0x0802a21c   0x0802a21c   0x00000070   Data   RO         2979    .constdata          color_tile.o
    0x0802a28c   0x0802a28c   0x00000016   Data   RO         2998    .constdata          assets_manager.o
    0x0802a2a2   0x0802a2a2   0x00000013   Data   RO         3013    .constdata          locale_info.o
    0x0802a2b5   0x0802a2b5   0x00000003   PAD
    0x0802a2b8   0x0802a2b8   0x00000070   Data   RO         3040    .constdata          app_bar.o
    0x0802a328   0x0802a328   0x00000070   Data   RO         3058    .constdata          column.o
    0x0802a398   0x0802a398   0x00000070   Data   RO         3076    .constdata          grid.o
    0x0802a408   0x0802a408   0x00000070   Data   RO         3094    .constdata          row.o
    0x0802a478   0x0802a478   0x00000070   Data   RO         3112    .constdata          calibration_win.o
    0x0802a4e8   0x0802a4e8   0x00000013   Data   RO         3130    .constdata          font_loader_bitmap.o
    0x0802a4fb   0x0802a4fb   0x00000001   PAD
    0x0802a4fc   0x0802a4fc   0x00000070   Data   RO         3156    .constdata          window_base.o
    0x0802a56c   0x0802a56c   0x0000002b   Data   RO         3212    .constdata          style_const.o
    0x0802a597   0x0802a597   0x0000001f   Data   RO         3243    .constdata          widget_animator_manager.o
    0x0802a5b6   0x0802a5b6   0x00000002   PAD
    0x0802a5b8   0x0802a5b8   0x0000002a   Data   RO         3258    .constdata          clip_board_default.o
    0x0802a5e2   0x0802a5e2   0x00000002   PAD
    0x0802a5e4   0x0802a5e4   0x00000070   Data   RO         3292    .constdata          image_base.o
    0x0802a654   0x0802a654   0x00000070   Data   RO         3306    .constdata          grid_item.o
    0x0802a6c4   0x0802a6c4   0x00000026   Data   RO         3324    .constdata          input_device_status.o
    0x0802a6ea   0x0802a6ea   0x00000002   PAD
    0x0802a6ec   0x0802a6ec   0x00000070   Data   RO         3338    .constdata          system_bar.o
    0x0802a75c   0x0802a75c   0x00000064   Data   RO         3357    .constdata          children_layouter_default.o
    0x0802a7c0   0x0802a7c0   0x00000035   Data   RO         3402    .constdata          self_layouter_default.o
    0x0802a7f5   0x0802a7f5   0x0000000d   Data   RO         3501    .constdata          event.o
    0x0802a802   0x0802a802   0x00000013   Data   RO         3514    .constdata          named_value.o
    0x0802a815   0x0802a815   0x0000000e   Data   RO         3530    .constdata          object.o
    0x0802a823   0x0802a823   0x00000001   PAD
    0x0802a824   0x0802a824   0x00000058   Data   RO         3546    .constdata          object_default.o
    0x0802a87c   0x0802a87c   0x0000002c   Data   RO         3582    .constdata          timer_info.o
    0x0802a8a8   0x0802a8a8   0x00000015   Data   RO         3606    .constdata          timer_manager.o
    0x0802a8bd   0x0802a8bd   0x00000014   Data   RO         3621    .constdata          idle_manager.o
    0x0802a8d1   0x0802a8d1   0x00000003   PAD
    0x0802a8d4   0x0802a8d4   0x0000002c   Data   RO         3642    .constdata          idle_info.o
    0x0802a900   0x0802a900   0x0000001f   Data   RO         3657    .constdata          slist.o
    0x0802a91f   0x0802a91f   0x00000032   Data   RO         3673    .constdata          widget_pool.o
    0x0802a951   0x0802a951   0x00000028   Data   RO         3688    .constdata          darray.o
    0x0802a979   0x0802a979   0x00000007   PAD
    0x0802a980   0x0802a980   0x0000010c   Data   RO         3704    .constdata          expr_eval.o
    0x0802aa8c   0x0802aa8c   0x0000000f   Data   RO         3718    .constdata          lcd_stm32_raw.o
    0x0802aa9b   0x0802aa9b   0x00025cd1   Data   RO         3995    .constdata          assets-mini.o
    0x0805076c   0x0805076c   0x00000011   Data   RO         4080    .constdata          c_w.l(__printf_flags_ss_wp.o)
    0x0805077d   0x0805077d   0x00000003   PAD
    0x08050780   0x08050780   0x00000050   Data   RO         4208    .constdata          m_ws.l(acos.o)
    0x080507d0   0x080507d0   0x00000050   Data   RO         4218    .constdata          m_ws.l(asin.o)
    0x08050820   0x08050820   0x00000098   Data   RO         4228    .constdata          m_ws.l(atan.o)
    0x080508b8   0x080508b8   0x00000058   Data   RO         4254    .constdata          m_ws.l(exp.o)
    0x08050910   0x08050910   0x00000038   Data   RO         4268    .constdata          m_ws.l(log.o)
    0x08050948   0x08050948   0x00000088   Data   RO         4286    .constdata          m_ws.l(pow.o)
    0x080509d0   0x080509d0   0x00000008   Data   RO         4349    .constdata          c_w.l(_printf_wctomb.o)
    0x080509d8   0x080509d8   0x00000028   Data   RO         4378    .constdata          c_w.l(_printf_hex_int_ll_ptr.o)
    0x08050a00   0x08050a00   0x00000030   Data   RO         4453    .constdata          m_ws.l(cos_i.o)
    0x08050a30   0x08050a30   0x00000008   Data   RO         4473    .constdata          m_ws.l(qnan.o)
    0x08050a38   0x08050a38   0x000000c8   Data   RO         4476    .constdata          m_ws.l(rred.o)
    0x08050b00   0x08050b00   0x00000028   Data   RO         4480    .constdata          m_ws.l(sin_i.o)
    0x08050b28   0x08050b28   0x00000060   Data   RO         4486    .constdata          m_ws.l(tan_i.o)
    0x08050b88   0x08050b88   0x00000026   Data   RO         4521    .constdata          c_w.l(_printf_fp_hex.o)
    0x08050bae   0x08050bae   0x00000002   PAD
    0x08050bb0   0x08050bb0   0x00000094   Data   RO         4600    .constdata          c_w.l(bigflt0.o)
    0x08050c44   0x08050c44   0x0000000f   Data   RO          681    .conststring        button_1.o
    0x08050c53   0x08050c53   0x00000001   PAD
    0x08050c54   0x08050c54   0x00000025   Data   RO          877    .conststring        check_button.o
    0x08050c79   0x08050c79   0x00000003   PAD
    0x08050c7c   0x08050c7c   0x0000003a   Data   RO          921    .conststring        dialog.o
    0x08050cb6   0x08050cb6   0x00000002   PAD
    0x08050cb8   0x08050cb8   0x00000281   Data   RO         1004    .conststring        enums.o
    0x08050f39   0x08050f39   0x00000003   PAD
    0x08050f3c   0x08050f3c   0x0000000a   Data   RO         1074    .conststring        group_box.o
    0x08050f46   0x08050f46   0x00000002   PAD
    0x08050f48   0x08050f48   0x00000055   Data   RO         1092    .conststring        image.o
    0x08050f9d   0x08050f9d   0x00000003   PAD
    0x08050fa0   0x08050fa0   0x00000006   Data   RO         1141    .conststring        label.o
    0x08050fa6   0x08050fa6   0x00000002   PAD
    0x08050fa8   0x08050fa8   0x00000026   Data   RO         1232    .conststring        progress_bar.o
    0x08050fce   0x08050fce   0x00000002   PAD
    0x08050fd0   0x08050fd0   0x00000068   Data   RO         1309    .conststring        widget.o
    0x08051038   0x08051038   0x00000007   Data   RO         1442    .conststring        widget_vtable.o
    0x0805103f   0x0805103f   0x00000001   PAD
    0x08051040   0x08051040   0x00000007   Data   RO         1490    .conststring        window.o
    0x08051047   0x08051047   0x00000001   PAD
    0x08051048   0x08051048   0x0000000f   Data   RO         1509    .conststring        window_manager.o
    0x08051057   0x08051057   0x00000001   PAD
    0x08051058   0x08051058   0x00000018   Data   RO         1711    .conststring        slider.o
    0x08051070   0x08051070   0x0000000c   Data   RO         1766    .conststring        system_info.o
    0x0805107c   0x0805107c   0x00000006   Data   RO         1832    .conststring        pages.o
    0x08051082   0x08051082   0x00000002   PAD
    0x08051084   0x08051084   0x00000085   Data   RO         1851    .conststring        edit.o
    0x08051109   0x08051109   0x00000003   PAD
    0x0805110c   0x0805110c   0x00000005   Data   RO         1874    .conststring        view.o
    0x08051111   0x08051111   0x00000003   PAD
    0x08051114   0x08051114   0x00000009   Data   RO         2129    .conststring        spin_box.o
    0x0805111d   0x0805111d   0x00000003   PAD
    0x08051120   0x08051120   0x00000026   Data   RO         2148    .conststring        dragger.o
    0x08051146   0x08051146   0x00000002   PAD
    0x08051148   0x08051148   0x0000000e   Data   RO         2167    .conststring        dialog_client.o
    0x08051156   0x08051156   0x00000002   PAD
    0x08051158   0x08051158   0x0000000d   Data   RO         2182    .conststring        dialog_title.o
    0x08051165   0x08051165   0x00000003   PAD
    0x08051168   0x08051168   0x00000a61   Data   RO         2536    .conststring        color_parser.o
    0x08051bc9   0x08051bc9   0x00000003   PAD
    0x08051bcc   0x08051bcc   0x00000026   Data   RO         2555    .conststring        combo_box.o
    0x08051bf2   0x08051bf2   0x00000002   PAD
    0x08051bf4   0x08051bf4   0x0000000f   Data   RO         2581    .conststring        combo_box_item.o
    0x08051c03   0x08051c03   0x00000001   PAD
    0x08051c04   0x08051c04   0x00000036   Data   RO         2669    .conststring        popup.o
    0x08051c3a   0x08051c3a   0x00000002   PAD
    0x08051c3c   0x08051c3c   0x0000000b   Data   RO         2714    .conststring        tab_button.o
    0x08051c47   0x08051c47   0x00000001   PAD
    0x08051c48   0x08051c48   0x00000011   Data   RO         2733    .conststring        tab_button_group.o
    0x08051c59   0x08051c59   0x00000003   PAD
    0x08051c5c   0x08051c5c   0x0000000c   Data   RO         2751    .conststring        tab_control.o
    0x08051c68   0x08051c68   0x00000025   Data   RO         2980    .conststring        color_tile.o
    0x08051c8d   0x08051c8d   0x00000003   PAD
    0x08051c90   0x08051c90   0x00000008   Data   RO         3041    .conststring        app_bar.o
    0x08051c98   0x08051c98   0x00000007   Data   RO         3059    .conststring        column.o
    0x08051c9f   0x08051c9f   0x00000001   PAD
    0x08051ca0   0x08051ca0   0x00000004   Data   RO         3077    .conststring        grid.o
    0x08051ca4   0x08051ca4   0x00000010   Data   RO         3113    .conststring        calibration_win.o
    0x08051cb4   0x08051cb4   0x0000000b   Data   RO         3339    .conststring        system_bar.o
    0x08051cbf   0x08051cbf   0x00000001   PAD
    0x08051cc0   0x08051cc0   0x0000000f   Data   RO         3547    .conststring        object_default.o
    0x08051ccf   0x08051ccf   0x00000001   PAD
    0x08051cd0   0x08051cd0   0x0000000b   Data   RO         3583    .conststring        timer_info.o
    0x08051cdb   0x08051cdb   0x00000001   PAD
    0x08051cdc   0x08051cdc   0x0000000a   Data   RO         3643    .conststring        idle_info.o
    0x08051ce6   0x08051ce6   0x00000002   PAD
    0x08051ce8   0x08051ce8   0x0000016b   Data   RO         3705    .conststring        expr_eval.o
    0x08051e53   0x08051e53   0x00000001   PAD
    0x08051e54   0x08051e54   0x00000020   Data   RO         4751    Region$$Table       anon$$obj.o
    0x08051e74   0x08051e74   0x00000008   Data   RO         4634    c$$dinf             fz_ws.l(fpconst.o)
    0x08051e7c   0x08051e7c   0x00000008   Data   RO         4637    c$$dmax             fz_ws.l(fpconst.o)
    0x08051e84   0x08051e84   0x00000110   Data   RO         4420    locale$$data        c_w.l(lc_ctype_c.o)
    0x08051f94   0x08051f94   0x0000001c   Data   RO         4545    locale$$data        c_w.l(lc_numeric_c.o)


    Execution Region RW_IRAM1 (Exec base: 0x20000000, Load base: 0x08051fb0, Size: 0x00003e88, Max: 0x00010000, ABSOLUTE, COMPRESSED[0x00000414])

    Exec Addr    Load Addr    Size         Type   Attr      Idx    E Section Name        Object

    0x20000000   COMPRESSED   0x00000014   Data   RW          105    .data               system_stm32f10x.o
    0x20000014   COMPRESSED   0x00000006   Data   RW          218    .data               usart.o
    0x2000001a   COMPRESSED   0x00000014   Data   RW          282    .data               stm32f10x_rcc.o
    0x2000002e   COMPRESSED   0x00000001   Data   RW          452    .data               led.o
    0x2000002f   COMPRESSED   0x00000001   Data   RW          480    .data               button.o
    0x20000030   COMPRESSED   0x00000004   Data   RW          493    .data               tim.o
    0x20000034   COMPRESSED   0x0000000a   Data   RW          514    .data               rtc.o
    0x2000003e   COMPRESSED   0x00000008   Data   RW          537    .data               touch.o
    0x20000046   COMPRESSED   0x00000002   PAD
    0x20000048   COMPRESSED   0x00000008   Data   RW          682    .data               button_1.o
    0x20000050   COMPRESSED   0x00000008   Data   RW          878    .data               check_button.o
    0x20000058   COMPRESSED   0x00000014   Data   RW          922    .data               dialog.o
    0x2000006c   COMPRESSED   0x00000004   Data   RW         1047    .data               font_manager.o
    0x20000070   COMPRESSED   0x00000028   Data   RW         1093    .data               image.o
    0x20000098   COMPRESSED   0x00000004   Data   RW         1114    .data               image_manager.o
    0x2000009c   COMPRESSED   0x00000004   Data   RW         1200    .data               main_loop.o
    0x200000a0   COMPRESSED   0x00000010   Data   RW         1233    .data               progress_bar.o
    0x200000b0   COMPRESSED   0x00000004   Data   RW         1267    .data               theme.o
    0x200000b4   COMPRESSED   0x00000034   Data   RW         1310    .data               widget.o
    0x200000e8   COMPRESSED   0x00000014   Data   RW         1491    .data               window.o
    0x200000fc   COMPRESSED   0x00000004   Data   RW         1510    .data               window_manager.o
    0x20000100   COMPRESSED   0x00000018   Data   RW         1712    .data               slider.o
    0x20000118   COMPRESSED   0x00000004   Data   RW         1767    .data               system_info.o
    0x2000011c   COMPRESSED   0x00000008   Data   RW         1833    .data               pages.o
    0x20000124   COMPRESSED   0x00000038   Data   RW         1852    .data               edit.o
    0x2000015c   COMPRESSED   0x00000004   Data   RW         1907    .data               widget_factory.o
    0x20000160   COMPRESSED   0x00000004   Data   RW         2086    .data               input_method.o
    0x20000164   COMPRESSED   0x00000014   Data   RW         2149    .data               dragger.o
    0x20000178   COMPRESSED   0x00000460   Data   RW         2537    .data               color_parser.o
    0x200005d8   COMPRESSED   0x0000003c   Data   RW         2556    .data               combo_box.o
    0x20000614   COMPRESSED   0x0000001c   Data   RW         2670    .data               popup.o
    0x20000630   COMPRESSED   0x00000008   Data   RW         2715    .data               tab_button.o
    0x20000638   COMPRESSED   0x0000000c   Data   RW         2981    .data               color_tile.o
    0x20000644   COMPRESSED   0x00000004   Data   RW         2999    .data               assets_manager.o
    0x20000648   COMPRESSED   0x00000004   Data   RW         3014    .data               locale_info.o
    0x2000064c   COMPRESSED   0x00000008   Data   RW         3131    .data               font_loader_bitmap.o
    0x20000654   COMPRESSED   0x00000004   Data   RW         3226    .data               style_factory.o
    0x20000658   COMPRESSED   0x00000004   Data   RW         3244    .data               widget_animator_manager.o
    0x2000065c   COMPRESSED   0x00000004   Data   RW         3275    .data               clip_board.o
    0x20000660   COMPRESSED   0x00000008   Data   RW         3340    .data               system_bar.o
    0x20000668   COMPRESSED   0x00000004   Data   RW         3607    .data               timer_manager.o
    0x2000066c   COMPRESSED   0x00000004   Data   RW         3622    .data               idle_manager.o
    0x20000670   COMPRESSED   0x00000004   Data   RW         3674    .data               widget_pool.o
    0x20000674   COMPRESSED   0x00000004   Data   RW         3889    .data               mutex_null.o
    0x20000678   COMPRESSED   0x00000004   Data   RW         3906    .data               sys_tick.o
    0x2000067c        -       0x000000c8   Zero   RW          217    .bss                usart.o
    0x20000744        -       0x0000000a   Zero   RW          512    .bss                rtc.o
    0x2000074e   COMPRESSED   0x00000002   PAD
    0x20000750        -       0x0000000c   Zero   RW          536    .bss                touch.o
    0x2000075c        -       0x00001000   Zero   RW          591    .bss                flash.o
    0x2000175c        -       0x00000014   Zero   RW         1217    .bss                mem.o
    0x20001770        -       0x00000090   Zero   RW         1812    .bss                main_loop_simple.o
    0x20001800        -       0x00000024   Zero   RW         2837    .bss                ui_builder_default.o
    0x20001824        -       0x00002000   Zero   RW         3875    .bss                platform.o
    0x20003824        -       0x00000060   Zero   RW         4492    .bss                c_w.l(libspace.o)
    0x20003884   COMPRESSED   0x00000004   PAD
    0x20003888        -       0x00000200   Zero   RW          251    HEAP                startup_stm32f10x_hd.o
    0x20003a88        -       0x00000400   Zero   RW          250    STACK               startup_stm32f10x_hd.o


==============================================================================

Image component sizes


      Code (inc. data)   RO Data    RW Data    ZI Data      Debug   Object Name

        64          6        120          0          0       1522   app_bar.o
       412        132     154833          0          0      12083   assets-mini.o
       784         42         22          4          0       6642   assets_manager.o
       820         16          0          0          0      41755   awtk_global.o
      1410         38         68          0          0      22975   bitmap.o
      1064          8         24          0          0       8623   buffer.o
       256         12          0          1          0        850   button.o
       984         72        127          8          0      48003   button_1.o
        84          6        112          0          0       1800   button_group.o
       772         22        128          0          0       5355   calibration_win.o
     11220         68          0          0          0      57868   canvas.o
       916         66        261          8          0       5501   check_button.o
       344          0          0          0          0       3722   children_layouter.o
      2144        110        100          0          0       6807   children_layouter_default.o
       336         20          0          0          0       4569   children_layouter_factory.o
       260          8          0          4          0       3856   clip_board.o
       160         14         42          0          0       3584   clip_board_default.o
       220         20         13          0          0       6281   color.o
       676        100       2657       1120          0       3893   color_parser.o
       716         58        149         12          0       4537   color_tile.o
        64          6        119          0          0       1488   column.o
      2300        178        174         60          0      13078   combo_box.o
       820         68        127          0          0       4460   combo_box_item.o
         0          0          0          0          0         32   core_cm3.o
       900         20         40          0          0       7227   darray.o
      1456        258          0          0          0       3867   demo1_app.o
        38          0          0          0          0        604   demo_main.o
      1844        402        170         20          0      16745   dialog.o
       124         20        126          0          0       1906   dialog_client.o
       108         12        125          0          0       1956   dialog_title.o
       952         70        150         20          0       4856   dragger.o
      2404        128         96          0          0       6321   easing.o
      7236        302        245         56          0      23577   edit.o
       844          8         26          0          0       8129   emitter.o
       292         28       1445          0          0       7628   enums.o
       132          6         13          0          0       2074   event.o
       336          4         19          0          0       5696   event_queue.o
       214          0          0          0          0      25645   events.o
      4932        120        631          0          0      20458   expr_eval.o
       924         12          0          0       4096       3305   flash.o
       204          6         13          0          0       2926   font.o
        44          0          0          0          0       1087   font_loader.o
       400         30         19          8          0       4093   font_loader_bitmap.o
       404         26         20          4          0       7393   font_manager.o
       908         14         10          0          0       9967   fs.o
         4          0          0          0          0        464   fs_os.o
       196         10          0          0          0       2439   func_call_parser.o
        64          6        116          0          0       1468   grid.o
        64          6        112          0          0       1518   grid_item.o
        84          6        122          0          0       1758   group_box.o
      1072         12       2376          0          0       5635   gui.o
       154          0          0          0          0       2301   idle.o
       128          6         54          0          0       2325   idle_info.o
       440         16         20          4          0       5951   idle_manager.o
       556         18        197         40          0       4534   image.o
      1608        124        112          0          0       6597   image_base.o
        34          0          0          0          0       1488   image_loader.o
      1068         52         39          4          0      11611   image_manager.o
       796          4         38          0          0       3046   input_device_status.o
       126          0          0          0          0       1042   input_engine.o
         0          0          0          0          0        640   input_engine_null.o
       580         10          0          4          0       5125   input_method.o
       104         12         25          0          0       1687   input_method_creator.o
      1168         56        118          0          0       6669   label.o
       400         58          0          0          0       3165   layout.o
      1102          0          0          0          0      26415   lcd.o
       696         18          0          0          0       2092   lcd_driver.o
      1744         46         15          0          0      17765   lcd_stm32_raw.o
       164         10          0          1          0        739   led.o
       592         26         19          4          0       4731   locale_info.o
        68          0          0          0          0     205271   main.o
       300          4          0          4          0       3368   main_loop.o
       696         12          0          0        144       4949   main_loop_simple.o
       216         16          0          0          0      40385   main_loop_stm32_raw.o
       756          4          0          0         20       5727   mem.o
       220         22          0          0          0       1825   misc.o
        28          6          0          4          0       1985   mutex_null.o
       248          6         19          0          0       3267   named_value.o
      1648         12         14          0          0      11907   object.o
      1016         12        103          0          0      12920   object_default.o
       544         20        118          8          0       4432   pages.o
       836          6          0          0          0       4938   path.o
       100         12          0          0       8192       1236   platform.o
       560         52        166         28          0       3792   popup.o
       992         72        150         16          0       5080   progress_bar.o
       736          4         12          0          0       4861   rect.o
        64          6        112          0          0       1450   row.o
      1120         66         24         10         10       4387   rtc.o
       316          0          0          0          0       3439   self_layouter.o
      1448        124         53          0          0       5380   self_layouter_default.o
       172         16          0          0          0       3439   self_layouter_factory.o
      2292        128        136         24          0       7909   slider.o
       592         16         31          0          0       5646   slist.o
       476         16          0          0          0       1828   spi.o
       348         68        121          0          0       2321   spin_box.o
        64         26        304          0       1536        812   startup_stm32f10x_hd.o
       196          8          0          0          0       3520   stm32f10x_bkp.o
      1548         18          0          0          0       5399   stm32f10x_fsmc.o
       860         38          0          0          0       5757   stm32f10x_gpio.o
        24          0          0          0          0      64030   stm32f10x_it.o
       204         14          0          0          0       1967   stm32f10x_pwr.o
       932         36          0         20          0       8944   stm32f10x_rcc.o
       328          4          0          0          0       2734   stm32f10x_rtc.o
       780         14          0          0          0       6638   stm32f10x_spi.o
      3610         88          0          0          0      22864   stm32f10x_tim.o
      1032         22          0          0          0       8480   stm32f10x_usart.o
      2408         66         23          0          0      13170   str.o
       212          0          0          0          0       4217   style.o
       480         80         43          0          0       4260   style_const.o
        52          6          0          4          0       2113   style_factory.o
        76          6          0          4          0       1757   sys_tick.o
       352         42        123          8          0       3076   system_bar.o
      1220        196         56          4          0       6116   system_info.o
       480         38          0         20          0       1775   system_stm32f10x.o
      1200         94        123          8          0       6364   tab_button.o
       996         66        129          0          0       6184   tab_button_group.o
        84          6        124          0          0       1786   tab_control.o
       544         18         13          4          0       4321   theme.o
       572         24          0          4          0       1965   tim.o
        24          0          0          0          0        625   time_now.o
       244          0          0          0          0       3109   timer.o
       140          4         55          0          0       4033   timer_info.o
       644         16         21          4          0       6183   timer_manager.o
       616          4          0          0          0       4331   tokenizer.o
      1088         38          0          8         12       4326   touch.o
       162          0          0          0          0       2952   ui_builder.o
       260         26          0          0         36       3201   ui_builder_default.o
        48          0          0          0          0       1149   ui_loader.o
       284         10          4          0          0       1939   ui_loader_default.o
       296         16          0          6        200       3210   usart.o
       772          4        260          0          0       5509   utf8.o
      2704         68         34          0          0      19285   utils.o
      2172         60         13          0          0      11722   value.o
      2712         14          0          0          0      20126   vgcanvas.o
        64          6        117          0          0       1468   view.o
     12452        722        104         52          0      87186   widget.o
      1020          4          0          0          0       7838   widget_animator.o
         6          0          0          0          0       2137   widget_animator_factory_null.o
       832         14         31          4          0       7716   widget_animator_manager.o
       384         26       1198          4          0      25788   widget_factory.o
       728         24         50          4          0       5312   widget_pool.o
       740         30        119          0          0      26583   widget_vtable.o
        64          6        119         20          0       1584   window.o
       362          0          0          0          0       2237   window_animator.o
        16          0          0          0          0       1483   window_animator_null.o
      1348        158        112          0          0       5051   window_base.o
      3748        130        149          4          0      22465   window_manager.o
       280         10          0          0          0       2952   window_open.o
      1872         26         20          0          0      14088   wstr.o

    ----------------------------------------------------------------------
    134614       6058     170130       1660      14248    1401528   Object Totals
         0          0         32          0          0          0   (incl. Generated)
        20          0        108          2          2          0   (incl. Padding)

    ----------------------------------------------------------------------

      Code (inc. data)   RO Data    RW Data    ZI Data      Debug   Library Member Name

        24          4          0          0          0         84   __2printf.o
       100          0          0          0          0          0   __dclz77c.o
         8          0          0          0          0         68   __main.o
       392          4         17          0          0         92   __printf_flags_ss_wp.o
        14          0          0          0          0         68   __printf_wp.o
         0          0          0          0          0          0   __rtentry.o
        12          0          0          0          0          0   __rtentry2.o
         6          0          0          0          0          0   __rtentry4.o
        52          8          0          0          0          0   __scatter.o
        28          0          0          0          0          0   __scatter_zi.o
        28          0          0          0          0         68   _chval.o
        60          0          0          0          0         92   _mbrtowc.o
         6          0          0          0          0          0   _printf_a.o
         6          0          0          0          0          0   _printf_c.o
        44          0          0          0          0        108   _printf_char.o
        48          6          0          0          0         96   _printf_char_common.o
        36          4          0          0          0         80   _printf_char_file.o
        40          0          0          0          0         68   _printf_charcount.o
         6          0          0          0          0          0   _printf_d.o
       120         16          0          0          0         92   _printf_dec.o
         6          0          0          0          0          0   _printf_e.o
         6          0          0          0          0          0   _printf_f.o
      1054          0          0          0          0        216   _printf_fp_dec.o
       764          8         38          0          0        100   _printf_fp_hex.o
       128         16          0          0          0         84   _printf_fp_infnan.o
         6          0          0          0          0          0   _printf_g.o
       148          4         40          0          0        160   _printf_hex_int_ll_ptr.o
         6          0          0          0          0          0   _printf_i.o
       178          0          0          0          0         88   _printf_intcommon.o
        10          0          0          0          0          0   _printf_l.o
         6          0          0          0          0          0   _printf_lc.o
        10          0          0          0          0          0   _printf_ll.o
         6          0          0          0          0          0   _printf_lld.o
         6          0          0          0          0          0   _printf_lli.o
         6          0          0          0          0          0   _printf_llo.o
         6          0          0          0          0          0   _printf_llu.o
         6          0          0          0          0          0   _printf_llx.o
       124         16          0          0          0         92   _printf_longlong_dec.o
         6          0          0          0          0          0   _printf_ls.o
         6          0          0          0          0          0   _printf_n.o
         6          0          0          0          0          0   _printf_o.o
       112         10          0          0          0        124   _printf_oct_int_ll.o
         6          0          0          0          0          0   _printf_p.o
        78          0          0          0          0        108   _printf_pad.o
         0          0          0          0          0          0   _printf_percent.o
         4          0          0          0          0          0   _printf_percent_end.o
         6          0          0          0          0          0   _printf_s.o
        82          0          0          0          0         80   _printf_str.o
        36          0          0          0          0         84   _printf_truncate.o
         6          0          0          0          0          0   _printf_u.o
        44          0          0          0          0        108   _printf_wchar.o
       188          6          8          0          0         92   _printf_wctomb.o
         6          0          0          0          0          0   _printf_x.o
        22          0          0          0          0        100   _rserrno.o
       884          6          0          0          0        100   _scanf.o
       332          0          0          0          0         96   _scanf_int.o
       342          0          0          0          0        100   _scanf_longlong.o
       276          0          0          0          0        100   _scanf_mbtowc.o
       224          0          0          0          0         96   _scanf_str.o
        30          0          0          0          0         76   _scanf_wcharmap.o
       232          0          0          0          0        100   _scanf_wctomb.o
       208          0          0          0          0         96   _scanf_wstr.o
        64          0          0          0          0         84   _sgetc.o
        16          0          0          0          0         68   _snputc.o
        10          0          0          0          0         68   _sputc.o
        64          0          0          0          0         92   _wcrtomb.o
       228          4        148          0          0         96   bigflt0.o
        80          0          0          0          0         88   bsearchnoex.o
      2152        136          0          0          0        960   btod.o
        18          0          0          0          0         80   exit.o
         8          0          0          0          0         68   ferror.o
         6          0          0          0          0        152   heapauxi.o
        18          0          0          0          0         76   isspace.o
        44         10        272          0          0         76   lc_ctype_c.o
        44         10         28          0          0         76   lc_numeric_c.o
         2          0          0          0          0          0   libinit.o
        30          0          0          0          0          0   libinit2.o
         2          0          0          0          0          0   libshutdown.o
         2          0          0          0          0          0   libshutdown2.o
         8          4          0          0         96         68   libspace.o
        38          0          0          0          0         68   llshl.o
       138          0          0          0          0         80   lludiv10.o
        88          0          0          0          0         76   memcmp.o
        16          4          0          0          0         76   rt_ctype_table.o
         8          4          0          0          0         68   rt_errno_addr_intlibspace.o
         8          4          0          0          0         68   rt_locale_intlibspace.o
        68          0          0          0          0         68   rt_memclr.o
        78          0          0          0          0         80   rt_memclr_w.o
       138          0          0          0          0         68   rt_memcpy_v6.o
       100          0          0          0          0         80   rt_memcpy_w.o
       132          0          0          0          0         68   rt_memmove_v6.o
       122          0          0          0          0         80   rt_memmove_w.o
         2          0          0          0          0          0   rtexit.o
        10          0          0          0          0          0   rtexit2.o
        44          8          0          0          0         84   scanf_char.o
      1272         16          0          0          0        168   scanf_fp.o
       800         14          0          0          0        100   scanf_hexfp.o
       308         16          0          0          0        100   scanf_infnan.o
        20          0          0          0          0         68   strchr.o
       128          0          0          0          0         68   strcmpv7m.o
        72          0          0          0          0         80   strcpy.o
        62          0          0          0          0         76   strlen.o
       150          0          0          0          0         80   strncmp.o
        86          0          0          0          0         76   strncpy.o
        22          0          0          0          0         68   strrchr.o
        36          0          0          0          0         80   strstr.o
       164         14          0          0          0        120   strtod.o
        74          0          0          0          0         80   sys_stackheap_outer.o
        26          0          0          0          0         76   tolower.o
        30          0          0          0          0         76   toupper.o
         2          0          0          0          0         68   use_no_semi.o
         2          0          0          0          0         68   use_no_semi_2.o
        52          4          0          0          0         80   vsnprintf.o
        52          8          0          0          0         80   vsscanf.o
        22          0          0          0          0         68   wcschr.o
        24          0          0          0          0         68   wcscmp.o
        18          0          0          0          0         68   wcscpy.o
        18          0          0          0          0         68   wcslen.o
        98          4          0          0          0         92   d2f.o
       826         16          0          0          0        348   daddsub_clz.o
        16          4          0          0          0         68   dcheck1.o
        24          0          0          0          0         68   dcmpi.o
       688        140          0          0          0        208   ddiv.o
       120          4          0          0          0         92   deqf.o
        94          4          0          0          0         92   dfix.o
       194          4          0          0          0        116   dfixll.o
        90          4          0          0          0         92   dfixu.o
        84          0          0          0          0        136   dflt_clz.o
       162          0          0          0          0         84   dfltll_clz.o
       120          4          0          0          0         92   dleqf.o
       340         12          0          0          0        104   dmul.o
       156          4          0          0          0         92   dnaninf.o
        12          0          0          0          0         68   dretinf.o
       108          0          0          0          0         80   drleqf.o
       460         56          0          0          0        120   dsqrt_noumaal.o
        86          4          0          0          0         84   f2d.o
       450          8          0          0          0        236   faddsub_clz.o
        24          0          0          0          0         68   fcmpi.o
       388         76          0          0          0         96   fdiv.o
       104          4          0          0          0         84   feqf.o
        54          4          0          0          0         84   ffix.o
        62          4          0          0          0         84   ffixu.o
        86          0          0          0          0        136   fflt_clz.o
        96          0          0          0          0         84   ffltll_clz.o
       104          4          0          0          0         84   fleqf.o
       258          4          0          0          0         84   fmul.o
       140          4          0          0          0         84   fnaninf.o
         0          0         16          0          0          0   fpconst.o
        10          0          0          0          0         68   fretinf.o
        98          0          0          0          0         68   frleqf.o
         6          0          0          0          0         68   istatus.o
         4          0          0          0          0         68   printf1.o
         4          0          0          0          0         68   printf2.o
       100          0          0          0          0         68   retnan.o
        92          0          0          0          0         68   scalbn.o
         4          0          0          0          0         68   scanf1.o
         8          0          0          0          0         84   scanf2.o
        48          0          0          0          0         68   trapv.o
         0          0          0          0          0          0   usenofp.o
       636         62         80          0          0        188   acos.o
       624         52         80          0          0        168   asin.o
       544         70        152          0          0        124   atan.o
        42          0          0          0          0         84   atof.o
       220         16          0          0          0         84   ceil.o
         4          0          0          0          0         68   ceill.o
       156          8          0          0          0        104   cos.o
       252         22         48          0          0        124   cos_i.o
        68         10          0          0          0        408   dunder.o
       644         90         88          0          0        204   exp.o
       220         16          0          0          0         84   floor.o
        40          0          0          0          0         68   fpclassify.o
        88          8          0          0          0         76   frexp.o
       138          0          0          0          0        160   ldexp.o
       860         52         56          0          0        256   log.o
       228         30          0          0          0        120   log10.o
       204          4          0          0          0        168   narrow.o
       170          0          0          0          0         96   poly.o
      2520        190        136          0          0        324   pow.o
         0          0          8          0          0          0   qnan.o
       904         76        200          0          0        140   rred.o
       160         10          0          0          0        108   sin.o
       236         12         40          0          0        128   sin_i.o
        76          0          0          0          0         84   sqrt.o
       100         10          0          0          0         96   tan.o
       636         50         96          0          0        168   tan_i.o

    ----------------------------------------------------------------------
     29492       1522       1556          0        100      15504   Library Totals
        36          2          5          0          4          0   (incl. Padding)

    ----------------------------------------------------------------------

      Code (inc. data)   RO Data    RW Data    ZI Data      Debug   Library Name

     13868        364        551          0         96       8016   c_w.l
      5818        368         16          0          0       3856   fz_ws.l
      9770        788        984          0          0       3632   m_ws.l

    ----------------------------------------------------------------------
     29492       1522       1556          0        100      15504   Library Totals

    ----------------------------------------------------------------------

==============================================================================


      Code (inc. data)   RO Data    RW Data    ZI Data      Debug   

    164106       7580     171686       1660      14348    1395292   Grand Totals
    164106       7580     171686       1044      14348    1395292   ELF Image Totals (compressed)
    164106       7580     171686       1044          0          0   ROM Totals

==============================================================================

    Total RO  Size (Code + RO Data)               335792 ( 327.92kB)
    Total RW  Size (RW Data + ZI Data)             16008 (  15.63kB)
    Total ROM Size (Code + RO Data + RW Data)     336836 ( 328.94kB)

==============================================================================

