Component: ARM Compiler 5.06 update 5 (build 528) Tool: armlink [4d35e2]

==============================================================================

Section Cross References

    system_stm32f10x.o(.text) refers to system_stm32f10x.o(.data) for SystemCoreClock
    main.o(.text) refers to misc.o(.text) for NVIC_PriorityGroupConfig
    main.o(.text) refers to platform.o(.text) for systick_init
    main.o(.text) refers to led.o(.text) for led_init
    main.o(.text) refers to button.o(.text) for button_init
    main.o(.text) refers to lcd_driver.o(.text) for TFT_Init
    main.o(.text) refers to flash.o(.text) for FLASH_Init
    main.o(.text) refers to touch.o(.text) for TOUCH_Init
    main.o(.text) refers to tim.o(.text) for TIM3_Init
    main.o(.text) refers to rtc.o(.text) for rtc_init
    main.o(.text) refers to demo_main.o(.text) for gui_app_start
    sys.o(.text) refers to misc.o(.text) for NVIC_PriorityGroupConfig
    usart.o(.text) refers (Special) to use_no_semi_2.o(.text) for __use_no_semihosting
    usart.o(.text) refers to stm32f10x_rcc.o(.text) for RCC_APB2PeriphClockCmd
    usart.o(.text) refers to stm32f10x_gpio.o(.text) for GPIO_Init
    usart.o(.text) refers to misc.o(.text) for NVIC_Init
    usart.o(.text) refers to stm32f10x_usart.o(.text) for USART_Init
    usart.o(.text) refers to usart.o(.data) for USART_RX_STA
    usart.o(.text) refers to usart.o(.bss) for USART_RX_BUF
    usart.o(.bss) refers (Special) to use_no_semi_2.o(.text) for __use_no_semihosting
    usart.o(.data) refers (Special) to use_no_semi_2.o(.text) for __use_no_semihosting
    startup_stm32f10x_hd.o(STACK) refers (Special) to heapauxi.o(.text) for __use_two_region_memory
    startup_stm32f10x_hd.o(HEAP) refers (Special) to heapauxi.o(.text) for __use_two_region_memory
    startup_stm32f10x_hd.o(RESET) refers (Special) to heapauxi.o(.text) for __use_two_region_memory
    startup_stm32f10x_hd.o(RESET) refers to startup_stm32f10x_hd.o(STACK) for __initial_sp
    startup_stm32f10x_hd.o(RESET) refers to startup_stm32f10x_hd.o(.text) for Reset_Handler
    startup_stm32f10x_hd.o(RESET) refers to stm32f10x_it.o(.text) for NMI_Handler
    startup_stm32f10x_hd.o(RESET) refers to sys_tick.o(.text) for SysTick_Handler
    startup_stm32f10x_hd.o(RESET) refers to rtc.o(.text) for RTC_IRQHandler
    startup_stm32f10x_hd.o(RESET) refers to main_loop_stm32_raw.o(.text) for TIM3_IRQHandler
    startup_stm32f10x_hd.o(RESET) refers to usart.o(.text) for USART1_IRQHandler
    startup_stm32f10x_hd.o(RESET) refers to tim.o(.text) for TIM5_IRQHandler
    startup_stm32f10x_hd.o(.text) refers (Special) to heapauxi.o(.text) for __use_two_region_memory
    startup_stm32f10x_hd.o(.text) refers to system_stm32f10x.o(.text) for SystemInit
    startup_stm32f10x_hd.o(.text) refers to __main.o(!!!main) for __main
    startup_stm32f10x_hd.o(.text) refers to startup_stm32f10x_hd.o(HEAP) for Heap_Mem
    startup_stm32f10x_hd.o(.text) refers to startup_stm32f10x_hd.o(STACK) for Stack_Mem
    stm32f10x_gpio.o(.text) refers to stm32f10x_rcc.o(.text) for RCC_APB2PeriphResetCmd
    stm32f10x_rcc.o(.text) refers to stm32f10x_rcc.o(.data) for APBAHBPrescTable
    stm32f10x_usart.o(.text) refers to stm32f10x_rcc.o(.text) for RCC_APB2PeriphResetCmd
    stm32f10x_wwdg.o(.text) refers to stm32f10x_rcc.o(.text) for RCC_APB1PeriphResetCmd
    stm32f10x_tim.o(.text) refers to stm32f10x_rcc.o(.text) for RCC_APB2PeriphResetCmd
    stm32f10x_bkp.o(.text) refers to stm32f10x_rcc.o(.text) for RCC_BackupResetCmd
    stm32f10x_pwr.o(.text) refers to stm32f10x_rcc.o(.text) for RCC_APB1PeriphResetCmd
    stm32f10x_spi.o(.text) refers to stm32f10x_rcc.o(.text) for RCC_APB2PeriphResetCmd
    led.o(.text) refers to stm32f10x_rcc.o(.text) for RCC_APB2PeriphClockCmd
    led.o(.text) refers to stm32f10x_gpio.o(.text) for GPIO_Init
    led.o(.text) refers to sys_tick.o(.text) for delay_ms
    led.o(.text) refers to led.o(.data) for i
    lcd_driver.o(.text) refers to stm32f10x_rcc.o(.text) for RCC_APB2PeriphClockCmd
    lcd_driver.o(.text) refers to stm32f10x_gpio.o(.text) for GPIO_Init
    lcd_driver.o(.text) refers to stm32f10x_fsmc.o(.text) for FSMC_NORSRAMInit
    button.o(.text) refers to stm32f10x_rcc.o(.text) for RCC_APB2PeriphClockCmd
    button.o(.text) refers to stm32f10x_gpio.o(.text) for GPIO_Init
    button.o(.text) refers to sys_tick.o(.text) for delay_ms
    button.o(.text) refers to button.o(.data) for key_up
    tim.o(.text) refers to stm32f10x_rcc.o(.text) for RCC_APB1PeriphClockCmd
    tim.o(.text) refers to stm32f10x_gpio.o(.text) for GPIO_Init
    tim.o(.text) refers to stm32f10x_tim.o(.text) for TIM_TimeBaseInit
    tim.o(.text) refers to misc.o(.text) for NVIC_Init
    tim.o(.text) refers to tim.o(.data) for TIM5CH1_CAPTURE_STA
    rtc.o(.text) refers to _printf_percent.o(.ARM.Collect$$_printf_percent$$00000000) for _printf_percent
[...]
    idle_manager_create                      0x080123c7   Thumb Code    20  idle.o(.text)
    idle_manager_remove_all                  0x080123db   Thumb Code    66  idle.o(.text)
    idle_manager_deinit                      0x0801241d   Thumb Code    30  idle.o(.text)
    idle_manager_destroy                     0x0801243b   Thumb Code    30  idle.o(.text)
    idle_manager_add                         0x08012459   Thumb Code    78  idle.o(.text)
    idle_manager_remove                      0x080124c1   Thumb Code    76  idle.o(.text)
    idle_manager_find                        0x0801250d   Thumb Code    72  idle.o(.text)
    idle_manager_dispatch                    0x08012555   Thumb Code    98  idle.o(.text)
    idle_add                                 0x080125b7   Thumb Code    22  idle.o(.text)
    idle_remove                              0x080125cd   Thumb Code    18  idle.o(.text)
    idle_find                                0x080125df   Thumb Code    18  idle.o(.text)
    idle_dispatch                            0x080125f1   Thumb Code    14  idle.o(.text)
    idle_count                               0x080125ff   Thumb Code    46  idle.o(.text)
    idle_queue                               0x0801262d   Thumb Code    34  idle.o(.text)
    idle_set_on_destroy                      0x0801264f   Thumb Code    34  idle.o(.text)
    time_now_ms                              0x0801267d   Thumb Code     8  time.o(.text)
    time_now_s                               0x08012685   Thumb Code    16  time.o(.text)
    system_info                              0x08012695   Thumb Code     4  system_info.o(.text)
    system_info_init                         0x08012699   Thumb Code    24  system_info.o(.text)
    image_loader_load                        0x080126b5   Thumb Code    44  image_loader.o(.text)
    str_init                                 0x08012713   Thumb Code    36  str.o(.text)
    str_set_with_len                         0x08012737   Thumb Code    68  str.o(.text)
    str_set                                  0x0801277b   Thumb Code    20  str.o(.text)
    str_append                               0x0801278f   Thumb Code    66  str.o(.text)
    str_append_char                          0x080127d1   Thumb Code    52  str.o(.text)
    str_decode_xml_entity_with_len           0x08012805   Thumb Code   188  str.o(.text)
    str_decode_xml_entity                    0x080128c1   Thumb Code    34  str.o(.text)
    str_eq                                   0x080128e3   Thumb Code    66  str.o(.text)
    str_from_int                             0x08012925   Thumb Code    38  str.o(.text)
    str_from_float                           0x0801294b   Thumb Code    52  str.o(.text)
    str_from_wstr                            0x0801297f   Thumb Code    78  str.o(.text)
    str_from_value                           0x080129cd   Thumb Code   136  str.o(.text)
    str_to_int                               0x08012a55   Thumb Code    26  str.o(.text)
    str_to_float                             0x08012a6f   Thumb Code    36  str.o(.text)
    str_reset                                0x08012a93   Thumb Code    34  str.o(.text)
    str_end_with                             0x08012ab5   Thumb Code    64  str.o(.text)
    str_start_with                           0x08012af5   Thumb Code    46  str.o(.text)
    str_trim_left                            0x08012b23   Thumb Code   110  str.o(.text)
    str_trim_right                           0x08012b91   Thumb Code    82  str.o(.text)
    str_trim                                 0x08012be3   Thumb Code    32  str.o(.text)
    str_replace                              0x08012c69   Thumb Code   246  str.o(.text)
    str_to_lower                             0x08012d5f   Thumb Code    46  str.o(.text)
    str_to_upper                             0x08012d8d   Thumb Code    46  str.o(.text)
    main_loop_post_pointer_event             0x08012e07   Thumb Code   172  main_loop_simple.o(.text)
    main_loop_post_key_event                 0x08012eb3   Thumb Code    98  main_loop_simple.o(.text)
    main_loop_simple_init                    0x08012fdb   Thumb Code    92  main_loop_simple.o(.text)
    main_loop_simple_reset                   0x08013037   Thumb Code    34  main_loop_simple.o(.text)
    pages_set_active                         0x08013065   Thumb Code    34  pages.o(.text)
    pages_set_active_by_name                 0x08013087   Thumb Code   100  pages.o(.text)
    pages_create                             0x080131eb   Thumb Code    58  pages.o(.text)
    pages_cast                               0x08013225   Thumb Code    20  pages.o(.text)
    edit_on_paint_self                       0x0801340b   Thumb Code   194  edit.o(.text)
    edit_is_valid_value                      0x08013705   Thumb Code   286  edit.o(.text)
    edit_inc                                 0x08013a4d   Thumb Code   134  edit.o(.text)
    edit_dec                                 0x08013ad3   Thumb Code   138  edit.o(.text)
    edit_on_event                            0x08013b5d   Thumb Code   298  edit.o(.text)
    edit_set_text_limit                      0x08013c87   Thumb Code    32  edit.o(.text)
    edit_set_int_limit                       0x08013ca7   Thumb Code    36  edit.o(.text)
    edit_set_float_limit                     0x08013ccb   Thumb Code    46  edit.o(.text)
    edit_set_readonly                        0x08013cf9   Thumb Code    18  edit.o(.text)
    edit_set_auto_fix                        0x08013d0b   Thumb Code    18  edit.o(.text)
    edit_set_input_type                      0x08013d1d   Thumb Code    56  edit.o(.text)
    edit_set_input_tips                      0x08013d55   Thumb Code    42  edit.o(.text)
    edit_get_prop                            0x08013d7f   Thumb Code   788  edit.o(.text)
    edit_set_password_visible                0x08014093   Thumb Code    18  edit.o(.text)
    edit_set_prop                            0x080140a5   Thumb Code   896  edit.o(.text)
    edit_get_int                             0x08014425   Thumb Code    26  edit.o(.text)
    edit_get_double                          0x0801443f   Thumb Code    34  edit.o(.text)
    edit_clear                               0x08014461   Thumb Code    18  edit.o(.text)
    edit_init                                0x0801456f   Thumb Code   108  edit.o(.text)
    edit_create_ex                           0x080145db   Thumb Code    52  edit.o(.text)
    edit_create                              0x0801460f   Thumb Code    38  edit.o(.text)
    edit_cast                                0x08014635   Thumb Code    20  edit.o(.text)
    view_create                              0x08014671   Thumb Code    58  view.o(.text)
    view_cast                                0x080146ab   Thumb Code    20  view.o(.text)
    widget_factory                           0x080146fd   Thumb Code     6  widget_factory.o(.text)
    widget_factory_init                      0x08014703   Thumb Code    22  widget_factory.o(.text)
    widget_factory_create                    0x08014719   Thumb Code    26  widget_factory.o(.text)
    widget_factory_register                  0x08014733   Thumb Code    64  widget_factory.o(.text)
    widget_factory_create_widget             0x08014773   Thumb Code   146  widget_factory.o(.text)
    widget_factory_set                       0x08014805   Thumb Code    10  widget_factory.o(.text)
    widget_factory_deinit                    0x0801480f   Thumb Code    68  widget_factory.o(.text)
    widget_factory_destroy                   0x08014853   Thumb Code    30  widget_factory.o(.text)
    tokenizer_init                           0x08014879   Thumb Code    70  tokenizer.o(.text)
    tokenizer_has_more                       0x0801492b   Thumb Code    24  tokenizer.o(.text)
    tokenizer_next                           0x08014943   Thumb Code    72  tokenizer.o(.text)
    tokenizer_next_int                       0x0801498b   Thumb Code    38  tokenizer.o(.text)
    tokenizer_next_float                     0x080149b1   Thumb Code    48  tokenizer.o(.text)
    tokenizer_deinit                         0x080149e1   Thumb Code    30  tokenizer.o(.text)
    input_method_dispatch                    0x08014a01   Thumb Code    26  input_method.o(.text)
    input_method_dispatch_to_widget          0x08014a1b   Thumb Code    32  input_method.o(.text)
    input_method_on                          0x08014a3b   Thumb Code    38  input_method.o(.text)
    input_method_off                         0x08014a61   Thumb Code    24  input_method.o(.text)
    input_method_request                     0x08014a79   Thumb Code    36  input_method.o(.text)
    input_method                             0x08014a9d   Thumb Code     6  input_method.o(.text)
    input_method_set                         0x08014aa3   Thumb Code    10  input_method.o(.text)
    input_method_update_action_button_info   0x08014aad   Thumb Code    74  input_method.o(.text)
    input_method_dispatch_candidates         0x08014af7   Thumb Code    44  input_method.o(.text)
    input_method_commit_text                 0x08014b23   Thumb Code    72  input_method.o(.text)
    input_method_dispatch_action             0x08014b6b   Thumb Code    72  input_method.o(.text)
    input_method_dispatch_key                0x08014bb3   Thumb Code    88  input_method.o(.text)
    input_method_destroy                     0x08014c0b   Thumb Code    24  input_method.o(.text)
    input_engine_reset_input                 0x08014c2d   Thumb Code    44  input_engine.o(.text)
    input_engine_input                       0x08014c59   Thumb Code    84  input_engine.o(.text)
    spin_box_create_self                     0x08014cad   Thumb Code    56  spin_box.o(.text)
    spin_box_create                          0x08014ce5   Thumb Code   198  spin_box.o(.text)
    spin_box_cast                            0x08014dab   Thumb Code    20  spin_box.o(.text)
    dragger_set_range                        0x08014f85   Thumb Code    36  dragger.o(.text)
    dragger_create                           0x08015111   Thumb Code    58  dragger.o(.text)
    dragger_cast                             0x0801514b   Thumb Code    20  dragger.o(.text)
    dialog_client_create                     0x08015199   Thumb Code    76  dialog_client.o(.text)
    dialog_client_cast                       0x080151e5   Thumb Code    20  dialog_client.o(.text)
    dialog_title_create                      0x08015219   Thumb Code    68  dialog_title.o(.text)
    dialog_title_cast                        0x0801525d   Thumb Code    20  dialog_title.o(.text)
    custom_props_create                      0x0801527d   Thumb Code    42  custom_props.o(.text)
    custom_props_get                         0x080152a7   Thumb Code   100  custom_props.o(.text)
    custom_props_set                         0x080153c1   Thumb Code   156  custom_props.o(.text)
    custom_props_destroy                     0x0801545d   Thumb Code    80  custom_props.o(.text)
    tk_init_resources                        0x080154db   Thumb Code    90  awtk.o(.text)
    tk_init_internal                         0x08015535   Thumb Code   166  awtk.o(.text)
    tk_init                                  0x080155db   Thumb Code    34  awtk.o(.text)
    tk_deinit_internal                       0x080155fd   Thumb Code   134  awtk.o(.text)
    tk_run                                   0x08015695   Thumb Code    18  awtk.o(.text)
    tk_quit                                  0x080156b7   Thumb Code    16  awtk.o(.text)
    tk_set_lcd_orientation                   0x080156c7   Thumb Code   102  awtk.o(.text)
    input_method_null_create                 0x08015763   Thumb Code    38  input_method_creator.o(.text)
    input_method_create                      0x08015789   Thumb Code    14  input_method_creator.o(.text)
    tklocale                                 0x080157a1   Thumb Code     6  tklocale.o(.text)
    tklocale_set                             0x080157a7   Thumb Code    10  tklocale.o(.text)
    tklocale_change                          0x080157b1   Thumb Code   174  tklocale.o(.text)
    tklocale_init                            0x0801585f   Thumb Code    34  tklocale.o(.text)
    tklocale_create                          0x08015881   Thumb Code    28  tklocale.o(.text)
    str_table_lookup                         0x0801589d   Thumb Code   116  tklocale.o(.text)
    tklocale_tr                              0x08015911   Thumb Code    56  tklocale.o(.text)
    tklocale_on                              0x08015949   Thumb Code    38  tklocale.o(.text)
    tklocale_off                             0x0801596f   Thumb Code    22  tklocale.o(.text)
    tklocale_deinit                          0x08015985   Thumb Code    46  tklocale.o(.text)
    tklocale_destroy                         0x080159b3   Thumb Code    30  tklocale.o(.text)
    button_group_create                      0x080159f9   Thumb Code    58  button_group.o(.text)
    button_group_cast                        0x08015a33   Thumb Code    20  button_group.o(.text)
    combo_box_reset_options                  0x08015a4d   Thumb Code    88  combo_box.o(.text)
    combo_box_append_option                  0x08015b63   Thumb Code   112  combo_box.o(.text)
    combo_box_parse_options                  0x08015bd3   Thumb Code   144  combo_box.o(.text)
    combo_box_set_options                    0x08015c63   Thumb Code    16  combo_box.o(.text)
    combo_box_get_option                     0x08015c73   Thumb Code    44  combo_box.o(.text)
    combo_box_set_selected_index             0x08015c9f   Thumb Code    60  combo_box.o(.text)
    combo_box_set_open_window                0x08015cdb   Thumb Code    48  combo_box.o(.text)
    combo_box_create_self                    0x08015dad   Thumb Code    80  combo_box.o(.text)
    combo_box_count_options                  0x08015f65   Thumb Code    32  combo_box.o(.text)
    combo_box_create                         0x0801609b   Thumb Code   134  combo_box.o(.text)
    combo_box_get_value                      0x08016121   Thumb Code    16  combo_box.o(.text)
    combo_box_get_text                       0x08016131   Thumb Code    42  combo_box.o(.text)
    combo_box_cast                           0x0801615b   Thumb Code    20  combo_box.o(.text)
    combo_box_item_set_selected              0x08016215   Thumb Code    98  combo_box_item.o(.text)
    combo_box_item_set_value                 0x0801631b   Thumb Code    16  combo_box_item.o(.text)
    combo_box_item_create                    0x08016439   Thumb Code    58  combo_box_item.o(.text)
    combo_box_item_cast                      0x08016473   Thumb Code    20  combo_box_item.o(.text)
    popup_create                             0x08016715   Thumb Code    88  popup.o(.text)
    popup_cast                               0x0801676d   Thumb Code    20  popup.o(.text)
    tab_button_set_value                     0x0801683b   Thumb Code   138  tab_button.o(.text)
    tab_button_set_active_icon               0x08016a71   Thumb Code    40  tab_button.o(.text)
    tab_button_set_icon                      0x08016a99   Thumb Code    40  tab_button.o(.text)
    tab_button_create                        0x08016b5f   Thumb Code    68  tab_button.o(.text)
    tab_button_cast                          0x08016ba3   Thumb Code    20  tab_button.o(.text)
    tab_button_group_create                  0x08016f5f   Thumb Code    58  tab_button_group.o(.text)
    tab_button_group_cast                    0x08016f99   Thumb Code    20  tab_button_group.o(.text)
    tab_control_create                       0x08016fe5   Thumb Code    58  tab_control.o(.text)
    tab_control_cast                         0x0801701f   Thumb Code    20  tab_control.o(.text)
    ui_builder_on_widget_start               0x08017039   Thumb Code    28  ui_builder.o(.text)
    ui_builder_on_widget_prop                0x08017055   Thumb Code    38  ui_builder.o(.text)
    ui_builder_on_widget_prop_end            0x0801707b   Thumb Code    22  ui_builder.o(.text)
    ui_builder_on_widget_end                 0x08017091   Thumb Code    22  ui_builder.o(.text)
    ui_builder_on_start                      0x080170a7   Thumb Code    26  ui_builder.o(.text)
    ui_builder_on_end                        0x080170c1   Thumb Code    26  ui_builder.o(.text)
    ui_builder_default                       0x080171fd   Thumb Code    40  ui_builder_default.o(.text)
    ui_loader_load                           0x08017245   Thumb Code    48  ui_loader.o(.text)
    ui_loader_load_default                   0x08017275   Thumb Code   262  ui_loader_default.o(.text)
    default_ui_loader                        0x0801737b   Thumb Code     4  ui_loader_default.o(.text)
    window_open_and_close                    0x080173f3   Thumb Code    18  window_open.o(.text)
    window_open                              0x08017405   Thumb Code    16  window_open.o(.text)
    dialog_open                              0x08017415   Thumb Code    12  window_open.o(.text)
    lcd_reg_create                           0x080178cb   Thumb Code   110  lcd_stm32_raw.o(.text)
    platform_disaptch_input                  0x0801795d   Thumb Code     6  main_loop_stm32_raw.o(.text)
    TIM3_IRQHandler                          0x08017973   Thumb Code    70  main_loop_stm32_raw.o(.text)
    main_loop_init                           0x08017a01   Thumb Code    36  main_loop_stm32_raw.o(.text)
    systick_init                             0x08017a35   Thumb Code    72  platform.o(.text)
    platform_prepare                         0x08017a7d   Thumb Code    16  platform.o(.text)
    tk_mutex_create                          0x08017a99   Thumb Code     4  mutex_null.o(.text)
    tk_mutex_lock                            0x08017a9d   Thumb Code     6  mutex_null.o(.text)
    tk_mutex_unlock                          0x08017aa3   Thumb Code     6  mutex_null.o(.text)
    tk_mutex_destroy                         0x08017aa9   Thumb Code     6  mutex_null.o(.text)
    SysTick_Handler                          0x08017ab5   Thumb Code    12  sys_tick.o(.text)
    get_time_ms                              0x08017ac1   Thumb Code     6  sys_tick.o(.text)
    sleep_ms                                 0x08017ac7   Thumb Code    28  sys_tick.o(.text)
    delay_ms                                 0x08017ae3   Thumb Code    12  sys_tick.o(.text)
    delay_us                                 0x08017aef   Thumb Code    12  sys_tick.o(.text)
    gui_app_start                            0x08017b01   Thumb Code    30  demo_main.o(.text)
    application_init                         0x08017c7f   Thumb Code   738  demo1_app.o(.text)
    resource_init                            0x08018059   Thumb Code   280  resource-mini.o(.text)
    __use_no_semihosting                     0x080181f5   Thumb Code     2  use_no_semi_2.o(.text)
    __rt_ctype_table                         0x080181f9   Thumb Code    16  rt_ctype_table.o(.text)
    __aeabi_uldivmod                         0x08018209   Thumb Code     0  lludivv7m.o(.text)
    _ll_udiv                                 0x08018209   Thumb Code   238  lludivv7m.o(.text)
    __aeabi_llsr                             0x080182f7   Thumb Code     0  llushr.o(.text)
    _ll_ushift_r                             0x080182f7   Thumb Code    38  llushr.o(.text)
    __aeabi_ldivmod                          0x0801831d   Thumb Code     0  llsdiv.o(.text)
    _ll_sdiv                                 0x0801831d   Thumb Code    72  llsdiv.o(.text)
    tolower                                  0x08018365   Thumb Code    26  tolower.o(.text)
    toupper                                  0x0801837f   Thumb Code    30  toupper.o(.text)
    __2printf                                0x0801839d   Thumb Code    20  noretval__2printf.o(.text)
    __printf                                 0x080183b5   Thumb Code   104  __printf.o(.text)
    _printf_int_dec                          0x0801841d   Thumb Code   104  _printf_dec.o(.text)
    strchr                                   0x08018495   Thumb Code    20  strchr.o(.text)
    strstr                                   0x080184a9   Thumb Code    36  strstr.o(.text)
    memcmp                                   0x080184cd   Thumb Code    88  memcmp.o(.text)
    strcpy                                   0x08018525   Thumb Code    72  strcpy.o(.text)
    strrchr                                  0x0801856d   Thumb Code    22  strrchr.o(.text)
    strlen                                   0x08018583   Thumb Code    62  strlen.o(.text)
    wcscpy                                   0x080185c1   Thumb Code    18  wcscpy.o(.text)
    wcscmp                                   0x080185d3   Thumb Code    24  wcscmp.o(.text)
    wcschr                                   0x080185eb   Thumb Code    22  wcschr.o(.text)
    wcslen                                   0x08018601   Thumb Code    18  wcslen.o(.text)
    strncmp                                  0x08018613   Thumb Code   150  strncmp.o(.text)
    __aeabi_memcpy                           0x080186a9   Thumb Code     0  rt_memcpy_v6.o(.text)
    __rt_memcpy                              0x080186a9   Thumb Code   138  rt_memcpy_v6.o(.text)
    _memcpy_lastbytes                        0x0801870f   Thumb Code     0  rt_memcpy_v6.o(.text)
    __aeabi_memmove                          0x08018733   Thumb Code     0  rt_memmove_v6.o(.text)
    __rt_memmove                             0x08018733   Thumb Code   132  rt_memmove_v6.o(.text)
    __memmove_lastfew                        0x08018793   Thumb Code     0  rt_memmove_v6.o(.text)
    __aeabi_memcpy4                          0x080187b7   Thumb Code     0  rt_memcpy_w.o(.text)
    __aeabi_memcpy8                          0x080187b7   Thumb Code     0  rt_memcpy_w.o(.text)
    __rt_memcpy_w                            0x080187b7   Thumb Code   100  rt_memcpy_w.o(.text)
    _memcpy_lastbytes_aligned                0x080187ff   Thumb Code     0  rt_memcpy_w.o(.text)
    __aeabi_memclr                           0x0801881b   Thumb Code     0  rt_memclr.o(.text)
    __rt_memclr                              0x0801881b   Thumb Code    68  rt_memclr.o(.text)
    _memset                                  0x0801881f   Thumb Code     0  rt_memclr.o(.text)
    __aeabi_memclr4                          0x0801885f   Thumb Code     0  rt_memclr_w.o(.text)
    __aeabi_memclr8                          0x0801885f   Thumb Code     0  rt_memclr_w.o(.text)
    __rt_memclr_w                            0x0801885f   Thumb Code    78  rt_memclr_w.o(.text)
    _memset_w                                0x08018863   Thumb Code     0  rt_memclr_w.o(.text)
    strncpy                                  0x080188ad   Thumb Code    86  strncpy.o(.text)
    strcmp                                   0x08018905   Thumb Code   128  strcmpv7m.o(.text)
    __use_two_region_memory                  0x08018985   Thumb Code     2  heapauxi.o(.text)
    __rt_heap_escrow$2region                 0x08018987   Thumb Code     2  heapauxi.o(.text)
    __rt_heap_expand$2region                 0x08018989   Thumb Code     2  heapauxi.o(.text)
    __I$use$semihosting                      0x0801898b   Thumb Code     0  use_no_semi.o(.text)
    __use_no_semihosting_swi                 0x0801898b   Thumb Code     2  use_no_semi.o(.text)
    __rt_locale                              0x0801898d   Thumb Code     8  rt_locale_intlibspace.o(.text)
    _printf_int_common                       0x08018995   Thumb Code   178  _printf_intcommon.o(.text)
    _printf_char_file                        0x08018a49   Thumb Code    32  _printf_char_file.o(.text)
    __aeabi_memmove4                         0x08018a6d   Thumb Code     0  rt_memmove_w.o(.text)
    __aeabi_memmove8                         0x08018a6d   Thumb Code     0  rt_memmove_w.o(.text)
    __rt_memmove_w                           0x08018a6d   Thumb Code   122  rt_memmove_w.o(.text)
    __memmove_aligned                        0x08018a93   Thumb Code     0  rt_memmove_w.o(.text)
    __memmove_lastfew_aligned                0x08018acb   Thumb Code     0  rt_memmove_w.o(.text)
    __user_libspace                          0x08018ae9   Thumb Code     8  libspace.o(.text)
    __user_perproc_libspace                  0x08018ae9   Thumb Code     0  libspace.o(.text)
    __user_perthread_libspace                0x08018ae9   Thumb Code     0  libspace.o(.text)
    _printf_char_common                      0x08018afb   Thumb Code    32  _printf_char_common.o(.text)
    ferror                                   0x08018b21   Thumb Code     8  ferror.o(.text)
    __user_setup_stackheap                   0x08018b29   Thumb Code    74  sys_stackheap_outer.o(.text)
    exit                                     0x08018b73   Thumb Code    18  exit.o(.text)
    floor                                    0x08018b85   Thumb Code   204  floor.o(i.floor)
    _get_lc_ctype                            0x08018c61   Thumb Code    44  lc_ctype_c.o(locale$$code)
    __aeabi_d2f                              0x08018c8d   Thumb Code     0  d2f.o(x$fpl$d2f)
    _d2f                                     0x08018c8d   Thumb Code    98  d2f.o(x$fpl$d2f)
    __aeabi_dadd                             0x08018cf1   Thumb Code     0  daddsub_clz.o(x$fpl$dadd)
    _dadd                                    0x08018cf1   Thumb Code   332  daddsub_clz.o(x$fpl$dadd)
    __fpl_dcmp_Inf                           0x08018e41   Thumb Code    24  dcmpi.o(x$fpl$dcmpinf)
    __aeabi_ddiv                             0x08018e59   Thumb Code     0  ddiv.o(x$fpl$ddiv)
    _ddiv                                    0x08018e59   Thumb Code   552  ddiv.o(x$fpl$ddiv)
    __aeabi_cdcmpeq                          0x08019109   Thumb Code     0  deqf.o(x$fpl$deqf)
    _dcmpeq                                  0x08019109   Thumb Code   120  deqf.o(x$fpl$deqf)
    __aeabi_d2iz                             0x08019181   Thumb Code     0  dfix.o(x$fpl$dfix)
    _dfix                                    0x08019181   Thumb Code    94  dfix.o(x$fpl$dfix)
    __aeabi_d2uiz                            0x080191e1   Thumb Code     0  dfixu.o(x$fpl$dfixu)
    _dfixu                                   0x080191e1   Thumb Code    90  dfixu.o(x$fpl$dfixu)
    __aeabi_i2d                              0x0801923b   Thumb Code     0  dflt_clz.o(x$fpl$dflt)
    _dflt                                    0x0801923b   Thumb Code    46  dflt_clz.o(x$fpl$dflt)
    __aeabi_l2d                              0x08019269   Thumb Code     0  dfltll_clz.o(x$fpl$dfltll)
    _ll_sto_d                                0x08019269   Thumb Code   162  dfltll_clz.o(x$fpl$dfltll)
    __aeabi_ui2d                             0x0801930b   Thumb Code     0  dflt_clz.o(x$fpl$dfltu)
    _dfltu                                   0x0801930b   Thumb Code    38  dflt_clz.o(x$fpl$dfltu)
    __aeabi_cdcmple                          0x08019331   Thumb Code     0  dleqf.o(x$fpl$dleqf)
    _dcmple                                  0x08019331   Thumb Code   120  dleqf.o(x$fpl$dleqf)
    __fpl_dcmple_InfNaN                      0x08019393   Thumb Code     0  dleqf.o(x$fpl$dleqf)
    __aeabi_dmul                             0x080193a9   Thumb Code     0  dmul.o(x$fpl$dmul)
    _dmul                                    0x080193a9   Thumb Code   332  dmul.o(x$fpl$dmul)
    __fpl_dnaninf                            0x080194fd   Thumb Code   156  dnaninf.o(x$fpl$dnaninf)
    __fpl_dretinf                            0x08019599   Thumb Code    12  dretinf.o(x$fpl$dretinf)
    __aeabi_cdrcmple                         0x080195a5   Thumb Code     0  drleqf.o(x$fpl$drleqf)
    _drcmple                                 0x080195a5   Thumb Code   108  drleqf.o(x$fpl$drleqf)
    __aeabi_drsub                            0x08019611   Thumb Code     0  daddsub_clz.o(x$fpl$drsb)
    _drsb                                    0x08019611   Thumb Code    22  daddsub_clz.o(x$fpl$drsb)
    __aeabi_dsub                             0x08019629   Thumb Code     0  daddsub_clz.o(x$fpl$dsub)
    _dsub                                    0x08019629   Thumb Code   464  daddsub_clz.o(x$fpl$dsub)
    __aeabi_f2d                              0x080197fd   Thumb Code     0  f2d.o(x$fpl$f2d)
    _f2d                                     0x080197fd   Thumb Code    86  f2d.o(x$fpl$f2d)
    __aeabi_fadd                             0x08019855   Thumb Code     0  faddsub_clz.o(x$fpl$fadd)
    _fadd                                    0x08019855   Thumb Code   196  faddsub_clz.o(x$fpl$fadd)
    __fpl_fcmp_Inf                           0x08019919   Thumb Code    24  fcmpi.o(x$fpl$fcmpinf)
    __aeabi_fdiv                             0x08019931   Thumb Code     0  fdiv.o(x$fpl$fdiv)
    _fdiv                                    0x08019931   Thumb Code   384  fdiv.o(x$fpl$fdiv)
    __aeabi_cfcmpeq                          0x08019ab5   Thumb Code     0  feqf.o(x$fpl$feqf)
    _fcmpeq                                  0x08019ab5   Thumb Code   104  feqf.o(x$fpl$feqf)
    __aeabi_f2iz                             0x08019b1d   Thumb Code     0  ffix.o(x$fpl$ffix)
    _ffix                                    0x08019b1d   Thumb Code    54  ffix.o(x$fpl$ffix)
    __aeabi_f2uiz                            0x08019b55   Thumb Code     0  ffixu.o(x$fpl$ffixu)
    _ffixu                                   0x08019b55   Thumb Code    62  ffixu.o(x$fpl$ffixu)
    __aeabi_i2f                              0x08019b95   Thumb Code     0  fflt_clz.o(x$fpl$fflt)
    _fflt                                    0x08019b95   Thumb Code    48  fflt_clz.o(x$fpl$fflt)
    __aeabi_ul2f                             0x08019bc5   Thumb Code     0  ffltll_clz.o(x$fpl$ffltll)
    _ll_uto_f                                0x08019bc5   Thumb Code     6  ffltll_clz.o(x$fpl$ffltll)
    __aeabi_l2f                              0x08019bcb   Thumb Code     0  ffltll_clz.o(x$fpl$ffltll)
    _ll_sto_f                                0x08019bcb   Thumb Code    90  ffltll_clz.o(x$fpl$ffltll)
    __aeabi_ui2f                             0x08019c25   Thumb Code     0  fflt_clz.o(x$fpl$ffltu)
    _ffltu                                   0x08019c25   Thumb Code    38  fflt_clz.o(x$fpl$ffltu)
    __aeabi_cfcmple                          0x08019c4d   Thumb Code     0  fleqf.o(x$fpl$fleqf)
    _fcmple                                  0x08019c4d   Thumb Code   104  fleqf.o(x$fpl$fleqf)
    __fpl_fcmple_InfNaN                      0x08019c9f   Thumb Code     0  fleqf.o(x$fpl$fleqf)
    __aeabi_fmul                             0x08019cb5   Thumb Code     0  fmul.o(x$fpl$fmul)
    _fmul                                    0x08019cb5   Thumb Code   258  fmul.o(x$fpl$fmul)
    __fpl_fnaninf                            0x08019db7   Thumb Code   140  fnaninf.o(x$fpl$fnaninf)
    __fpl_fretinf                            0x08019e43   Thumb Code    10  fretinf.o(x$fpl$fretinf)
    __aeabi_cfrcmple                         0x08019e4d   Thumb Code     0  frleqf.o(x$fpl$frleqf)
    _frcmple                                 0x08019e4d   Thumb Code    98  frleqf.o(x$fpl$frleqf)
    __aeabi_frsub                            0x08019eaf   Thumb Code     0  faddsub_clz.o(x$fpl$frsb)
    _frsb                                    0x08019eaf   Thumb Code    20  faddsub_clz.o(x$fpl$frsb)
    __aeabi_fsub                             0x08019ec5   Thumb Code     0  faddsub_clz.o(x$fpl$fsub)
    _fsub                                    0x08019ec5   Thumb Code   234  faddsub_clz.o(x$fpl$fsub)
    __aeabi_d2lz                             0x08019fb1   Thumb Code     0  dfixll.o(x$fpl$llsfromd)
    _ll_sfrom_d                              0x08019fb1   Thumb Code   194  dfixll.o(x$fpl$llsfromd)
    __I$use$fp                               0x0801a072   Number         0  usenofp.o(x$fpl$usenofp)
    table_week                               0x0801a072   Data          12  rtc.o(.constdata)
    mon_table                                0x0801a07e   Data          12  rtc.o(.constdata)
    ASCII8x16                                0x0801a08a   Data        1536  gui.o(.constdata)
    tfont16                                  0x0801a68a   Data         480  gui.o(.constdata)
    tfont24                                  0x0801a86a   Data         360  gui.o(.constdata)
    g_utf8_skip                              0x0801b0e0   Data           4  utf8.o(.constdata)
    font_default                             0x0801bf8c   Data       12590  resource-mini.o(.constdata)
    image_bricks                             0x0801f0ba   Data        7260  resource-mini.o(.constdata)
    image_checked                            0x08020d16   Data        2364  resource-mini.o(.constdata)
    image_dialog_title                       0x08021652   Data        7260  resource-mini.o(.constdata)
    image_earth                              0x080232ae   Data        2364  resource-mini.o(.constdata)
    image_green_btn_n                        0x08023bea   Data        3660  resource-mini.o(.constdata)
    image_green_btn_o                        0x08024a36   Data        3660  resource-mini.o(.constdata)
    image_green_btn_p                        0x08025882   Data        3660  resource-mini.o(.constdata)
    image_info                               0x080266ce   Data        2364  resource-mini.o(.constdata)
    image_left_off                           0x0802700a   Data        2364  resource-mini.o(.constdata)
    image_left_on                            0x08027946   Data        2364  resource-mini.o(.constdata)
    image_middle_off                         0x08028282   Data        2364  resource-mini.o(.constdata)
    image_middle_on                          0x08028bbe   Data        2364  resource-mini.o(.constdata)
    image_muted                              0x080294fa   Data        2364  resource-mini.o(.constdata)
    image_question                           0x08029e36   Data        2364  resource-mini.o(.constdata)
    image_radio_checked                      0x0802a772   Data        2364  resource-mini.o(.constdata)
    image_radio_unchecked                    0x0802b0ae   Data        2364  resource-mini.o(.constdata)
    image_red_btn_n                          0x0802b9ea   Data        3660  resource-mini.o(.constdata)
    image_red_btn_o                          0x0802c836   Data        3660  resource-mini.o(.constdata)
    image_red_btn_p                          0x0802d682   Data        3660  resource-mini.o(.constdata)
    image_right_off                          0x0802e4ce   Data        2364  resource-mini.o(.constdata)
    image_right_on                           0x0802ee0a   Data        2364  resource-mini.o(.constdata)
    image_slider_bg                          0x0802f746   Data        1020  resource-mini.o(.constdata)
    image_slider_drag                        0x0802fb42   Data        3196  resource-mini.o(.constdata)
    image_slider_drag_o                      0x080307be   Data        3196  resource-mini.o(.constdata)
    image_slider_drag_p                      0x0803143a   Data        3196  resource-mini.o(.constdata)
    image_slider_fg                          0x080320b6   Data        1020  resource-mini.o(.constdata)
    image_slider_v_bg                        0x080324b2   Data        1020  resource-mini.o(.constdata)
    image_slider_v_fg                        0x080328ae   Data        1020  resource-mini.o(.constdata)
    image_unchecked                          0x08032caa   Data        2364  resource-mini.o(.constdata)
    image_unmuted                            0x080335e6   Data        2364  resource-mini.o(.constdata)
    image_warn                               0x08033f22   Data        2364  resource-mini.o(.constdata)
    theme_default                            0x0803485e   Data       16114  resource-mini.o(.constdata)
    Region$$Table$$Base                      0x08038c54   Number         0  anon$$obj.o(Region$$Table)
    Region$$Table$$Limit                     0x08038c74   Number         0  anon$$obj.o(Region$$Table)
    __ctype                                  0x08038c81   Data           0  lc_ctype_c.o(locale$$data)
    SystemCoreClock                          0x20000000   Data           4  system_stm32f10x.o(.data)
    AHBPrescTable                            0x20000004   Data          16  system_stm32f10x.o(.data)
    __stdout                                 0x20000014   Data           4  usart.o(.data)
    USART_RX_STA                             0x20000018   Data           2  usart.o(.data)
    TIM5CH1_CAPTURE_STA                      0x20000030   Data           1  tim.o(.data)
    TIM5CH1_CAPTURE_VAL                      0x20000032   Data           2  tim.o(.data)
    rtc_data                                 0x20000034   Data           7  rtc.o(.data)
    rtc_bit                                  0x2000003b   Data           1  rtc.o(.data)
    TouchData                                0x2000003e   Data           8  touch.o(.data)
    s_edit_properties                        0x200001d4   Data          56  edit.o(.data)
    s_combo_box_properties                   0x2000022c   Data          60  combo_box.o(.data)
    USART_RX_BUF                             0x20000290   Data         200  usart.o(.bss)
    calendar                                 0x20000358   Data          10  rtc.o(.bss)
    __libspace_start                         0x20003448   Data          96  libspace.o(.bss)
    __temporary_stack_top$libspace           0x200034a8   Data           0  libspace.o(.bss)



==============================================================================

Memory Map of the image

  Image Entry point : 0x08000131

  Load Region LR_IROM1 (Base: 0x08000000, Size: 0x00039014, Max: 0x00080000, ABSOLUTE, COMPRESSED[0x00038f20])

    Execution Region ER_IROM1 (Exec base: 0x08000000, Load base: 0x08000000, Size: 0x00038d84, Max: 0x00080000, ABSOLUTE)

    Exec Addr    Load Addr    Size         Type   Attr      Idx    E Section Name        Object

    0x08000000   0x08000000   0x00000130   Data   RO          252    RESET               startup_stm32f10x_hd.o
    0x08000130   0x08000130   0x00000008   Code   RO         2881  * !!!main             c_w.l(__main.o)
    0x08000138   0x08000138   0x00000034   Code   RO         3332    !!!scatter          c_w.l(__scatter.o)
    0x0800016c   0x0800016c   0x0000005a   Code   RO         3330    !!dczerorl2         c_w.l(__dczerorl2.o)
    0x080001c6   0x080001c6   0x00000002   PAD
    0x080001c8   0x080001c8   0x0000001c   Code   RO         3334    !!handler_zi        c_w.l(__scatter_zi.o)
    0x080001e4   0x080001e4   0x00000000   Code   RO         2836    .ARM.Collect$$_printf_percent$$00000000  c_w.l(_printf_percent.o)
    0x080001e4   0x080001e4   0x00000006   Code   RO         2835    .ARM.Collect$$_printf_percent$$00000009  c_w.l(_printf_d.o)
    0x080001ea   0x080001ea   0x00000004   Code   RO         3019    .ARM.Collect$$_printf_percent$$00000017  c_w.l(_printf_percent_end.o)
    0x080001ee   0x080001ee   0x00000002   Code   RO         3232    .ARM.Collect$$libinit$$00000000  c_w.l(libinit.o)
    0x080001f0   0x080001f0   0x00000000   Code   RO         3147    .ARM.Collect$$libinit$$00000002  c_w.l(libinit2.o)
    0x080001f0   0x080001f0   0x00000000   Code   RO         3149    .ARM.Collect$$libinit$$00000004  c_w.l(libinit2.o)
    0x080001f0   0x080001f0   0x00000000   Code   RO         3152    .ARM.Collect$$libinit$$0000000A  c_w.l(libinit2.o)
    0x080001f0   0x080001f0   0x00000000   Code   RO         3154    .ARM.Collect$$libinit$$0000000C  c_w.l(libinit2.o)
    0x080001f0   0x080001f0   0x00000000   Code   RO         3156    .ARM.Collect$$libinit$$0000000E  c_w.l(libinit2.o)
    0x080001f0   0x080001f0   0x00000006   Code   RO         3157    .ARM.Collect$$libinit$$0000000F  c_w.l(libinit2.o)
    0x080001f6   0x080001f6   0x00000000   Code   RO         3159    .ARM.Collect$$libinit$$00000011  c_w.l(libinit2.o)
    0x080001f6   0x080001f6   0x0000000c   Code   RO         3160    .ARM.Collect$$libinit$$00000012  c_w.l(libinit2.o)
    0x08000202   0x08000202   0x00000000   Code   RO         3161    .ARM.Collect$$libinit$$00000013  c_w.l(libinit2.o)
    0x08000202   0x08000202   0x00000000   Code   RO         3163    .ARM.Collect$$libinit$$00000015  c_w.l(libinit2.o)
    0x08000202   0x08000202   0x00000000   Code   RO         3165    .ARM.Collect$$libinit$$00000017  c_w.l(libinit2.o)
    0x08000202   0x08000202   0x00000000   Code   RO         3167    .ARM.Collect$$libinit$$00000019  c_w.l(libinit2.o)
    0x08000202   0x08000202   0x00000000   Code   RO         3169    .ARM.Collect$$libinit$$0000001B  c_w.l(libinit2.o)
    0x08000202   0x08000202   0x00000000   Code   RO         3171    .ARM.Collect$$libinit$$0000001D  c_w.l(libinit2.o)
    0x08000202   0x08000202   0x00000000   Code   RO         3173    .ARM.Collect$$libinit$$0000001F  c_w.l(libinit2.o)
    0x08000202   0x08000202   0x00000000   Code   RO         3175    .ARM.Collect$$libinit$$00000021  c_w.l(libinit2.o)
    0x08000202   0x08000202   0x00000000   Code   RO         3177    .ARM.Collect$$libinit$$00000023  c_w.l(libinit2.o)
    0x08000202   0x08000202   0x00000000   Code   RO         3179    .ARM.Collect$$libinit$$00000025  c_w.l(libinit2.o)
    0x08000202   0x08000202   0x00000000   Code   RO         3183    .ARM.Collect$$libinit$$0000002C  c_w.l(libinit2.o)
    0x08000202   0x08000202   0x00000000   Code   RO         3185    .ARM.Collect$$libinit$$0000002E  c_w.l(libinit2.o)
    0x08000202   0x08000202   0x00000000   Code   RO         3187    .ARM.Collect$$libinit$$00000030  c_w.l(libinit2.o)
    0x08000202   0x08000202   0x00000000   Code   RO         3189    .ARM.Collect$$libinit$$00000032  c_w.l(libinit2.o)
    0x08000202   0x08000202   0x00000002   Code   RO         3190    .ARM.Collect$$libinit$$00000033  c_w.l(libinit2.o)
    0x08000204   0x08000204   0x00000002   Code   RO         3297    .ARM.Collect$$libshutdown$$00000000  c_w.l(libshutdown.o)
    0x08000206   0x08000206   0x00000000   Code   RO         3313    .ARM.Collect$$libshutdown$$00000002  c_w.l(libshutdown2.o)
    0x08000206   0x08000206   0x00000000   Code   RO         3315    .ARM.Collect$$libshutdown$$00000004  c_w.l(libshutdown2.o)
    0x08000206   0x08000206   0x00000000   Code   RO         3318    .ARM.Collect$$libshutdown$$00000007  c_w.l(libshutdown2.o)
    0x08000206   0x08000206   0x00000000   Code   RO         3321    .ARM.Collect$$libshutdown$$0000000A  c_w.l(libshutdown2.o)
    0x08000206   0x08000206   0x00000000   Code   RO         3323    .ARM.Collect$$libshutdown$$0000000C  c_w.l(libshutdown2.o)
    0x08000206   0x08000206   0x00000000   Code   RO         3326    .ARM.Collect$$libshutdown$$0000000F  c_w.l(libshutdown2.o)
    0x08000206   0x08000206   0x00000002   Code   RO         3327    .ARM.Collect$$libshutdown$$00000010  c_w.l(libshutdown2.o)
    0x08000208   0x08000208   0x00000000   Code   RO         3003    .ARM.Collect$$rtentry$$00000000  c_w.l(__rtentry.o)
    0x08000208   0x08000208   0x00000000   Code   RO         3087    .ARM.Collect$$rtentry$$00000002  c_w.l(__rtentry2.o)
    0x08000208   0x08000208   0x00000006   Code   RO         3099    .ARM.Collect$$rtentry$$00000004  c_w.l(__rtentry4.o)
    0x0800020e   0x0800020e   0x00000000   Code   RO         3089    .ARM.Collect$$rtentry$$00000009  c_w.l(__rtentry2.o)
    0x0800020e   0x0800020e   0x00000004   Code   RO         3090    .ARM.Collect$$rtentry$$0000000A  c_w.l(__rtentry2.o)
    0x08000212   0x08000212   0x00000000   Code   RO         3092    .ARM.Collect$$rtentry$$0000000C  c_w.l(__rtentry2.o)
    0x08000212   0x08000212   0x00000008   Code   RO         3093    .ARM.Collect$$rtentry$$0000000D  c_w.l(__rtentry2.o)
    0x0800021a   0x0800021a   0x00000002   Code   RO         3241    .ARM.Collect$$rtexit$$00000000  c_w.l(rtexit.o)
    0x0800021c   0x0800021c   0x00000000   Code   RO         3272    .ARM.Collect$$rtexit$$00000002  c_w.l(rtexit2.o)
    0x0800021c   0x0800021c   0x00000004   Code   RO         3273    .ARM.Collect$$rtexit$$00000003  c_w.l(rtexit2.o)
    0x08000220   0x08000220   0x00000006   Code   RO         3274    .ARM.Collect$$rtexit$$00000004  c_w.l(rtexit2.o)
    0x08000226   0x08000226   0x00000018   Code   RO            1    .text               stm32f10x_it.o
    0x0800023e   0x0800023e   0x00000002   PAD
    0x08000240   0x08000240   0x000001e0   Code   RO          104    .text               system_stm32f10x.o
    0x08000420   0x08000420   0x00000044   Code   RO          122    .text               main.o
    0x08000464   0x08000464   0x00000128   Code   RO          216    .text               usart.o
    0x0800058c   0x0800058c   0x00000040   Code   RO          253    .text               startup_stm32f10x_hd.o
    0x080005cc   0x080005cc   0x000000dc   Code   RO          257    .text               misc.o
    0x080006a8   0x080006a8   0x0000035c   Code   RO          269    .text               stm32f10x_gpio.o
    0x08000a04   0x08000a04   0x000003a4   Code   RO          281    .text               stm32f10x_rcc.o
    0x08000da8   0x08000da8   0x00000408   Code   RO          295    .text               stm32f10x_usart.o
    0x080011b0   0x080011b0   0x00000e1a   Code   RO          343    .text               stm32f10x_tim.o
    0x08001fca   0x08001fca   0x00000002   PAD
    0x08001fcc   0x08001fcc   0x0000060c   Code   RO          355    .text               stm32f10x_fsmc.o
    0x080025d8   0x080025d8   0x000000c4   Code   RO          367    .text               stm32f10x_bkp.o
    0x0800269c   0x0800269c   0x00000148   Code   RO          379    .text               stm32f10x_rtc.o
    0x080027e4   0x080027e4   0x000000cc   Code   RO          391    .text               stm32f10x_pwr.o
    0x080028b0   0x080028b0   0x0000030c   Code   RO          415    .text               stm32f10x_spi.o
    0x08002bbc   0x08002bbc   0x000000a4   Code   RO          451    .text               led.o
    0x08002c60   0x08002c60   0x000002b8   Code   RO          464    .text               lcd_driver.o
    0x08002f18   0x08002f18   0x00000100   Code   RO          479    .text               button.o
    0x08003018   0x08003018   0x0000023c   Code   RO          492    .text               tim.o
    0x08003254   0x08003254   0x00000460   Code   RO          511    .text               rtc.o
    0x080036b4   0x080036b4   0x00000440   Code   RO          535    .text               touch.o
    0x08003af4   0x08003af4   0x000001dc   Code   RO          557    .text               spi.o
    0x08003cd0   0x08003cd0   0x00000430   Code   RO          569    .text               gui.o
    0x08004100   0x08004100   0x0000039c   Code   RO          590    .text               flash.o
    0x0800449c   0x0800449c   0x0000027e   Code   RO          604    .text               array.o
    0x0800471a   0x0800471a   0x000000d4   Code   RO          644    .text               bitmap.o
    0x080047ee   0x080047ee   0x000002f4   Code   RO          665    .text               buffer.o
    0x08004ae2   0x08004ae2   0x00000002   PAD
    0x08004ae4   0x08004ae4   0x0000025c   Code   RO          680    .text               button_1.o
    0x08004d40   0x08004d40   0x0000281c   Code   RO          756    .text               canvas.o
    0x0800755c   0x0800755c   0x0000027c   Code   RO          777    .text               check_button.o
    0x080077d8   0x080077d8   0x0000001c   Code   RO          805    .text               color.o
    0x080077f4   0x080077f4   0x000003d4   Code   RO          817    .text               dialog.o
    0x08007bc8   0x08007bc8   0x000002b4   Code   RO          869    .text               emitter.o
    0x08007e7c   0x08007e7c   0x00000124   Code   RO          890    .text               enums.o
    0x08007fa0   0x08007fa0   0x00000098   Code   RO          920    .text               font.o
    0x08008038   0x08008038   0x00000100   Code   RO          932    .text               font_manager.o
    0x08008138   0x08008138   0x00000068   Code   RO          946    .text               group_box.o
    0x080081a0   0x080081a0   0x000006b8   Code   RO          964    .text               image.o
    0x08008858   0x08008858   0x000002d8   Code   RO          983    .text               image_manager.o
    0x08008b30   0x08008b30   0x00000054   Code   RO          997    .text               label.o
    0x08008b84   0x08008b84   0x000003c8   Code   RO         1012    .text               lcd.o
    0x08008f4c   0x08008f4c   0x00000114   Code   RO         1024    .text               main_loop.o
    0x08009060   0x08009060   0x00000364   Code   RO         1041    .text               mem.o
    0x080093c4   0x080093c4   0x000004d0   Code   RO         1055    .text               progress_bar.o
    0x08009894   0x08009894   0x00000240   Code   RO         1074    .text               rect.o
    0x08009ad4   0x08009ad4   0x000001e0   Code   RO         1086    .text               theme.o
    0x08009cb4   0x08009cb4   0x00000304   Code   RO         1100    .text               utf8.o
    0x08009fb8   0x08009fb8   0x00000620   Code   RO         1115    .text               value.o
    0x0800a5d8   0x0800a5d8   0x00001fb0   Code   RO         1127    .text               widget.o
    0x0800c588   0x0800c588   0x000002c8   Code   RO         1142    .text               widget_vtable.o
    0x0800c850   0x0800c850   0x000001cc   Code   RO         1180    .text               window.o
    0x0800ca1c   0x0800ca1c   0x00000c54   Code   RO         1198    .text               window_manager.o
    0x0800d670   0x0800d670   0x00000684   Code   RO         1226    .text               wstr.o
    0x0800dcf4   0x0800dcf4   0x00000154   Code   RO         1238    .text               font_bitmap.o
    0x0800de48   0x0800de48   0x00002a00   Code   RO         1253    .text               utils.o
    0x08010848   0x08010848   0x000000d2   Code   RO         1277    .text               events.o
    0x0801091a   0x0801091a   0x00000002   PAD
    0x0801091c   0x0801091c   0x000003c8   Code   RO         1289    .text               timer.o
    0x08010ce4   0x08010ce4   0x00000224   Code   RO         1303    .text               resource_manager.o
    0x08010f08   0x08010f08   0x00000960   Code   RO         1317    .text               layout.o
    0x08011868   0x08011868   0x0000014a   Code   RO         1332    .text               event_queue.o
    0x080119b2   0x080119b2   0x00000002   PAD
    0x080119b4   0x080119b4   0x0000087c   Code   RO         1347    .text               slider.o
    0x08012230   0x08012230   0x00000138   Code   RO         1366    .text               window_animator.o
    0x08012368   0x08012368   0x00000010   Code   RO         1378    .text               window_animator_null.o
    0x08012378   0x08012378   0x00000304   Code   RO         1390    .text               idle.o
    0x0801267c   0x0801267c   0x00000018   Code   RO         1404    .text               time.o
    0x08012694   0x08012694   0x00000020   Code   RO         1416    .text               system_info.o
    0x080126b4   0x080126b4   0x0000002c   Code   RO         1430    .text               image_loader.o
    0x080126e0   0x080126e0   0x000006da   Code   RO         1442    .text               str.o
    0x08012dba   0x08012dba   0x00000002   PAD
    0x08012dbc   0x08012dbc   0x000002a8   Code   RO         1457    .text               main_loop_simple.o
    0x08013064   0x08013064   0x000001e8   Code   RO         1498    .text               pages.o
    0x0801324c   0x0801324c   0x00001424   Code   RO         1514    .text               edit.o
    0x08014670   0x08014670   0x00000054   Code   RO         1531    .text               view.o
    0x080146c4   0x080146c4   0x000001b4   Code   RO         1564    .text               widget_factory.o
    0x08014878   0x08014878   0x00000186   Code   RO         1702    .text               tokenizer.o
    0x080149fe   0x080149fe   0x00000002   PAD
    0x08014a00   0x08014a00   0x0000022c   Code   RO         1714    .text               input_method.o
    0x08014c2c   0x08014c2c   0x00000080   Code   RO         1740    .text               input_engine.o
    0x08014cac   0x08014cac   0x00000158   Code   RO         1752    .text               spin_box.o
    0x08014e04   0x08014e04   0x00000380   Code   RO         1771    .text               dragger.o
    0x08015184   0x08015184   0x00000080   Code   RO         1790    .text               dialog_client.o
    0x08015204   0x08015204   0x00000078   Code   RO         1805    .text               dialog_title.o
    0x0801527c   0x0801527c   0x00000230   Code   RO         1820    .text               custom_props.o
    0x080154ac   0x080154ac   0x00000290   Code   RO         1835    .text               awtk.o
    0x0801573c   0x0801573c   0x00000064   Code   RO         1850    .text               input_method_creator.o
    0x080157a0   0x080157a0   0x00000244   Code   RO         1865    .text               tklocale.o
    0x080159e4   0x080159e4   0x00000068   Code   RO         1882    .text               button_group.o
    0x08015a4c   0x08015a4c   0x0000077c   Code   RO         1936    .text               combo_box.o
    0x080161c8   0x080161c8   0x000002f0   Code   RO         1962    .text               combo_box_item.o
    0x080164b8   0x080164b8   0x00000310   Code   RO         2117    .text               popup.o
    0x080167c8   0x080167c8   0x00000438   Code   RO         2232    .text               tab_button.o
    0x08016c00   0x08016c00   0x000003d0   Code   RO         2251    .text               tab_button_group.o
    0x08016fd0   0x08016fd0   0x00000068   Code   RO         2269    .text               tab_control.o
    0x08017038   0x08017038   0x000000a2   Code   RO         2287    .text               ui_builder.o
    0x080170da   0x080170da   0x00000002   PAD
    0x080170dc   0x080170dc   0x00000168   Code   RO         2437    .text               ui_builder_default.o
    0x08017244   0x08017244   0x00000030   Code   RO         2457    .text               ui_loader.o
    0x08017274   0x08017274   0x00000114   Code   RO         2469    .text               ui_loader_default.o
    0x08017388   0x08017388   0x0000009c   Code   RO         2536    .text               window_open.o
    0x08017424   0x08017424   0x00000538   Code   RO         2575    .text               lcd_stm32_raw.o
    0x0801795c   0x0801795c   0x000000d8   Code   RO         2599    .text               main_loop_stm32_raw.o
    0x08017a34   0x08017a34   0x00000064   Code   RO         2665    .text               platform.o
    0x08017a98   0x08017a98   0x0000001c   Code   RO         2679    .text               mutex_null.o
    0x08017ab4   0x08017ab4   0x0000004c   Code   RO         2696    .text               sys_tick.o
    0x08017b00   0x08017b00   0x0000001e   Code   RO         2710    .text               demo_main.o
    0x08017b1e   0x08017b1e   0x00000002   PAD
    0x08017b20   0x08017b20   0x00000538   Code   RO         2725    .text               demo1_app.o
    0x08018058   0x08018058   0x0000019c   Code   RO         2743    .text               resource-mini.o
    0x080181f4   0x080181f4   0x00000002   Code   RO         2793    .text               c_w.l(use_no_semi_2.o)
    0x080181f6   0x080181f6   0x00000002   PAD
    0x080181f8   0x080181f8   0x00000010   Code   RO         2795    .text               c_w.l(rt_ctype_table.o)
    0x08018208   0x08018208   0x000000ee   Code   RO         2797    .text               c_w.l(lludivv7m.o)
    0x080182f6   0x080182f6   0x00000026   Code   RO         2799    .text               c_w.l(llushr.o)
    0x0801831c   0x0801831c   0x00000048   Code   RO         2801    .text               c_w.l(llsdiv.o)
    0x08018364   0x08018364   0x0000001a   Code   RO         2803    .text               c_w.l(tolower.o)
    0x0801837e   0x0801837e   0x0000001e   Code   RO         2805    .text               c_w.l(toupper.o)
    0x0801839c   0x0801839c   0x00000018   Code   RO         2809    .text               c_w.l(noretval__2printf.o)
    0x080183b4   0x080183b4   0x00000068   Code   RO         2811    .text               c_w.l(__printf.o)
    0x0801841c   0x0801841c   0x00000078   Code   RO         2813    .text               c_w.l(_printf_dec.o)
    0x08018494   0x08018494   0x00000014   Code   RO         2843    .text               c_w.l(strchr.o)
    0x080184a8   0x080184a8   0x00000024   Code   RO         2845    .text               c_w.l(strstr.o)
    0x080184cc   0x080184cc   0x00000058   Code   RO         2847    .text               c_w.l(memcmp.o)
    0x08018524   0x08018524   0x00000048   Code   RO         2849    .text               c_w.l(strcpy.o)
    0x0801856c   0x0801856c   0x00000016   Code   RO         2851    .text               c_w.l(strrchr.o)
    0x08018582   0x08018582   0x0000003e   Code   RO         2853    .text               c_w.l(strlen.o)
    0x080185c0   0x080185c0   0x00000012   Code   RO         2855    .text               c_w.l(wcscpy.o)
    0x080185d2   0x080185d2   0x00000018   Code   RO         2857    .text               c_w.l(wcscmp.o)
    0x080185ea   0x080185ea   0x00000016   Code   RO         2859    .text               c_w.l(wcschr.o)
    0x08018600   0x08018600   0x00000012   Code   RO         2861    .text               c_w.l(wcslen.o)
    0x08018612   0x08018612   0x00000096   Code   RO         2863    .text               c_w.l(strncmp.o)
    0x080186a8   0x080186a8   0x0000008a   Code   RO         2865    .text               c_w.l(rt_memcpy_v6.o)
    0x08018732   0x08018732   0x00000084   Code   RO         2867    .text               c_w.l(rt_memmove_v6.o)
    0x080187b6   0x080187b6   0x00000064   Code   RO         2869    .text               c_w.l(rt_memcpy_w.o)
    0x0801881a   0x0801881a   0x00000044   Code   RO         2871    .text               c_w.l(rt_memclr.o)
    0x0801885e   0x0801885e   0x0000004e   Code   RO         2873    .text               c_w.l(rt_memclr_w.o)
    0x080188ac   0x080188ac   0x00000056   Code   RO         2875    .text               c_w.l(strncpy.o)
    0x08018902   0x08018902   0x00000002   PAD
    0x08018904   0x08018904   0x00000080   Code   RO         2877    .text               c_w.l(strcmpv7m.o)
    0x08018984   0x08018984   0x00000006   Code   RO         2879    .text               c_w.l(heapauxi.o)
    0x0801898a   0x0801898a   0x00000002   Code   RO         3001    .text               c_w.l(use_no_semi.o)
    0x0801898c   0x0801898c   0x00000008   Code   RO         3011    .text               c_w.l(rt_locale_intlibspace.o)
    0x08018994   0x08018994   0x000000b2   Code   RO         3015    .text               c_w.l(_printf_intcommon.o)
    0x08018a46   0x08018a46   0x00000002   PAD
    0x08018a48   0x08018a48   0x00000024   Code   RO         3017    .text               c_w.l(_printf_char_file.o)
    0x08018a6c   0x08018a6c   0x0000007a   Code   RO         3031    .text               c_w.l(rt_memmove_w.o)
    0x08018ae6   0x08018ae6   0x00000002   PAD
    0x08018ae8   0x08018ae8   0x00000008   Code   RO         3083    .text               c_w.l(libspace.o)
    0x08018af0   0x08018af0   0x00000030   Code   RO         3110    .text               c_w.l(_printf_char_common.o)
    0x08018b20   0x08018b20   0x00000008   Code   RO         3139    .text               c_w.l(ferror.o)
    0x08018b28   0x08018b28   0x0000004a   Code   RO         3211    .text               c_w.l(sys_stackheap_outer.o)
    0x08018b72   0x08018b72   0x00000012   Code   RO         3219    .text               c_w.l(exit.o)
    0x08018b84   0x08018b84   0x000000dc   Code   RO         2972    i.floor             m_ws.l(floor.o)
    0x08018c60   0x08018c60   0x0000002c   Code   RO         3029    locale$$code        c_w.l(lc_ctype_c.o)
    0x08018c8c   0x08018c8c   0x00000062   Code   RO         2883    x$fpl$d2f           fz_ws.l(d2f.o)
    0x08018cee   0x08018cee   0x00000002   PAD
    0x08018cf0   0x08018cf0   0x00000150   Code   RO         2885    x$fpl$dadd          fz_ws.l(daddsub_clz.o)
    0x08018e40   0x08018e40   0x00000018   Code   RO         3033    x$fpl$dcmpinf       fz_ws.l(dcmpi.o)
    0x08018e58   0x08018e58   0x000002b0   Code   RO         2892    x$fpl$ddiv          fz_ws.l(ddiv.o)
    0x08019108   0x08019108   0x00000078   Code   RO         2895    x$fpl$deqf          fz_ws.l(deqf.o)
    0x08019180   0x08019180   0x0000005e   Code   RO         2897    x$fpl$dfix          fz_ws.l(dfix.o)
    0x080191de   0x080191de   0x00000002   PAD
    0x080191e0   0x080191e0   0x0000005a   Code   RO         2905    x$fpl$dfixu         fz_ws.l(dfixu.o)
    0x0801923a   0x0801923a   0x0000002e   Code   RO         2910    x$fpl$dflt          fz_ws.l(dflt_clz.o)
    0x08019268   0x08019268   0x000000a2   Code   RO         2915    x$fpl$dfltll        fz_ws.l(dfltll_clz.o)
    0x0801930a   0x0801930a   0x00000026   Code   RO         2909    x$fpl$dfltu         fz_ws.l(dflt_clz.o)
    0x08019330   0x08019330   0x00000078   Code   RO         2919    x$fpl$dleqf         fz_ws.l(dleqf.o)
    0x080193a8   0x080193a8   0x00000154   Code   RO         2921    x$fpl$dmul          fz_ws.l(dmul.o)
    0x080194fc   0x080194fc   0x0000009c   Code   RO         3035    x$fpl$dnaninf       fz_ws.l(dnaninf.o)
    0x08019598   0x08019598   0x0000000c   Code   RO         3037    x$fpl$dretinf       fz_ws.l(dretinf.o)
    0x080195a4   0x080195a4   0x0000006c   Code   RO         2923    x$fpl$drleqf        fz_ws.l(drleqf.o)
    0x08019610   0x08019610   0x00000016   Code   RO         2886    x$fpl$drsb          fz_ws.l(daddsub_clz.o)
    0x08019626   0x08019626   0x00000002   PAD
    0x08019628   0x08019628   0x000001d4   Code   RO         2887    x$fpl$dsub          fz_ws.l(daddsub_clz.o)
    0x080197fc   0x080197fc   0x00000056   Code   RO         2925    x$fpl$f2d           fz_ws.l(f2d.o)
    0x08019852   0x08019852   0x00000002   PAD
    0x08019854   0x08019854   0x000000c4   Code   RO         2927    x$fpl$fadd          fz_ws.l(faddsub_clz.o)
    0x08019918   0x08019918   0x00000018   Code   RO         3041    x$fpl$fcmpinf       fz_ws.l(fcmpi.o)
    0x08019930   0x08019930   0x00000184   Code   RO         2934    x$fpl$fdiv          fz_ws.l(fdiv.o)
    0x08019ab4   0x08019ab4   0x00000068   Code   RO         2937    x$fpl$feqf          fz_ws.l(feqf.o)
    0x08019b1c   0x08019b1c   0x00000036   Code   RO         2939    x$fpl$ffix          fz_ws.l(ffix.o)
    0x08019b52   0x08019b52   0x00000002   PAD
    0x08019b54   0x08019b54   0x0000003e   Code   RO         2943    x$fpl$ffixu         fz_ws.l(ffixu.o)
    0x08019b92   0x08019b92   0x00000002   PAD
    0x08019b94   0x08019b94   0x00000030   Code   RO         2948    x$fpl$fflt          fz_ws.l(fflt_clz.o)
    0x08019bc4   0x08019bc4   0x00000060   Code   RO         2953    x$fpl$ffltll        fz_ws.l(ffltll_clz.o)
    0x08019c24   0x08019c24   0x00000026   Code   RO         2947    x$fpl$ffltu         fz_ws.l(fflt_clz.o)
    0x08019c4a   0x08019c4a   0x00000002   PAD
    0x08019c4c   0x08019c4c   0x00000068   Code   RO         2955    x$fpl$fleqf         fz_ws.l(fleqf.o)
    0x08019cb4   0x08019cb4   0x00000102   Code   RO         2957    x$fpl$fmul          fz_ws.l(fmul.o)
    0x08019db6   0x08019db6   0x0000008c   Code   RO         3043    x$fpl$fnaninf       fz_ws.l(fnaninf.o)
    0x08019e42   0x08019e42   0x0000000a   Code   RO         3045    x$fpl$fretinf       fz_ws.l(fretinf.o)
    0x08019e4c   0x08019e4c   0x00000062   Code   RO         2959    x$fpl$frleqf        fz_ws.l(frleqf.o)
    0x08019eae   0x08019eae   0x00000014   Code   RO         2928    x$fpl$frsb          fz_ws.l(faddsub_clz.o)
    0x08019ec2   0x08019ec2   0x00000002   PAD
    0x08019ec4   0x08019ec4   0x000000ea   Code   RO         2929    x$fpl$fsub          fz_ws.l(faddsub_clz.o)
    0x08019fae   0x08019fae   0x00000002   PAD
    0x08019fb0   0x08019fb0   0x000000c2   Code   RO         2901    x$fpl$llsfromd      fz_ws.l(dfixll.o)
    0x0801a072   0x0801a072   0x00000000   Code   RO         3049    x$fpl$usenofp       fz_ws.l(usenofp.o)
    0x0801a072   0x0801a072   0x00000018   Data   RO          513    .constdata          rtc.o
    0x0801a08a   0x0801a08a   0x00000948   Data   RO          570    .constdata          gui.o
    0x0801a9d2   0x0801a9d2   0x00000002   PAD
    0x0801a9d4   0x0801a9d4   0x00000060   Data   RO          681    .constdata          button_1.o
    0x0801aa34   0x0801aa34   0x000000c0   Data   RO          778    .constdata          check_button.o
    0x0801aaf4   0x0801aaf4   0x00000060   Data   RO          818    .constdata          dialog.o
    0x0801ab54   0x0801ab54   0x0000030c   Data   RO          891    .constdata          enums.o
    0x0801ae60   0x0801ae60   0x00000060   Data   RO          947    .constdata          group_box.o
    0x0801aec0   0x0801aec0   0x00000060   Data   RO          965    .constdata          image.o
    0x0801af20   0x0801af20   0x00000060   Data   RO          998    .constdata          label.o
    0x0801af80   0x0801af80   0x00000060   Data   RO         1056    .constdata          progress_bar.o
    0x0801afe0   0x0801afe0   0x00000104   Data   RO         1101    .constdata          utf8.o
    0x0801b0e4   0x0801b0e4   0x00000060   Data   RO         1143    .constdata          widget_vtable.o
    0x0801b144   0x0801b144   0x00000060   Data   RO         1181    .constdata          window.o
    0x0801b1a4   0x0801b1a4   0x00000086   Data   RO         1199    .constdata          window_manager.o
    0x0801b22a   0x0801b22a   0x00000006   PAD
    0x0801b230   0x0801b230   0x00000458   Data   RO         1254    .constdata          utils.o
    0x0801b688   0x0801b688   0x00000060   Data   RO         1348    .constdata          slider.o
    0x0801b6e8   0x0801b6e8   0x00000060   Data   RO         1499    .constdata          pages.o
    0x0801b748   0x0801b748   0x00000060   Data   RO         1515    .constdata          edit.o
    0x0801b7a8   0x0801b7a8   0x00000060   Data   RO         1532    .constdata          view.o
    0x0801b808   0x0801b808   0x00000360   Data   RO         1565    .constdata          widget_factory.o
    0x0801bb68   0x0801bb68   0x00000060   Data   RO         1753    .constdata          spin_box.o
    0x0801bbc8   0x0801bbc8   0x00000060   Data   RO         1772    .constdata          dragger.o
    0x0801bc28   0x0801bc28   0x00000060   Data   RO         1791    .constdata          dialog_client.o
    0x0801bc88   0x0801bc88   0x00000060   Data   RO         1806    .constdata          dialog_title.o
    0x0801bce8   0x0801bce8   0x00000060   Data   RO         1883    .constdata          button_group.o
    0x0801bd48   0x0801bd48   0x00000060   Data   RO         1937    .constdata          combo_box.o
    0x0801bda8   0x0801bda8   0x00000060   Data   RO         1963    .constdata          combo_box_item.o
    0x0801be08   0x0801be08   0x00000060   Data   RO         2118    .constdata          popup.o
    0x0801be68   0x0801be68   0x00000060   Data   RO         2233    .constdata          tab_button.o
    0x0801bec8   0x0801bec8   0x00000060   Data   RO         2252    .constdata          tab_button_group.o
    0x0801bf28   0x0801bf28   0x00000060   Data   RO         2270    .constdata          tab_control.o
    0x0801bf88   0x0801bf88   0x00000004   Data   RO         2470    .constdata          ui_loader_default.o
    0x0801bf8c   0x0801bf8c   0x0001c7c4   Data   RO         2744    .constdata          resource-mini.o
    0x08038750   0x08038750   0x0000000f   Data   RO          682    .conststring        button_1.o
    0x0803875f   0x0803875f   0x00000001   PAD
    0x08038760   0x08038760   0x00000025   Data   RO          779    .conststring        check_button.o
    0x08038785   0x08038785   0x00000003   PAD
    0x08038788   0x08038788   0x00000023   Data   RO          819    .conststring        dialog.o
    0x080387ab   0x080387ab   0x00000001   PAD
    0x080387ac   0x080387ac   0x00000262   Data   RO          892    .conststring        enums.o
    0x08038a0e   0x08038a0e   0x00000002   PAD
    0x08038a10   0x08038a10   0x0000000a   Data   RO          948    .conststring        group_box.o
    0x08038a1a   0x08038a1a   0x00000002   PAD
    0x08038a1c   0x08038a1c   0x00000055   Data   RO          966    .conststring        image.o
    0x08038a71   0x08038a71   0x00000003   PAD
    0x08038a74   0x08038a74   0x00000006   Data   RO          999    .conststring        label.o
    0x08038a7a   0x08038a7a   0x00000002   PAD
    0x08038a7c   0x08038a7c   0x00000026   Data   RO         1057    .conststring        progress_bar.o
    0x08038aa2   0x08038aa2   0x00000002   PAD
    0x08038aa4   0x08038aa4   0x00000007   Data   RO         1182    .conststring        window.o
    0x08038aab   0x08038aab   0x00000001   PAD
    0x08038aac   0x08038aac   0x0000000f   Data   RO         1200    .conststring        window_manager.o
    0x08038abb   0x08038abb   0x00000001   PAD
    0x08038abc   0x08038abc   0x00000018   Data   RO         1349    .conststring        slider.o
    0x08038ad4   0x08038ad4   0x00000006   Data   RO         1500    .conststring        pages.o
    0x08038ada   0x08038ada   0x00000002   PAD
    0x08038adc   0x08038adc   0x0000007d   Data   RO         1516    .conststring        edit.o
    0x08038b59   0x08038b59   0x00000003   PAD
    0x08038b5c   0x08038b5c   0x00000005   Data   RO         1533    .conststring        view.o
    0x08038b61   0x08038b61   0x00000003   PAD
    0x08038b64   0x08038b64   0x00000009   Data   RO         1754    .conststring        spin_box.o
    0x08038b6d   0x08038b6d   0x00000003   PAD
    0x08038b70   0x08038b70   0x00000026   Data   RO         1773    .conststring        dragger.o
    0x08038b96   0x08038b96   0x00000002   PAD
    0x08038b98   0x08038b98   0x0000000e   Data   RO         1792    .conststring        dialog_client.o
    0x08038ba6   0x08038ba6   0x00000002   PAD
    0x08038ba8   0x08038ba8   0x0000000d   Data   RO         1807    .conststring        dialog_title.o
    0x08038bb5   0x08038bb5   0x00000003   PAD
    0x08038bb8   0x08038bb8   0x00000026   Data   RO         1938    .conststring        combo_box.o
    0x08038bde   0x08038bde   0x00000002   PAD
    0x08038be0   0x08038be0   0x0000000f   Data   RO         1964    .conststring        combo_box_item.o
    0x08038bef   0x08038bef   0x00000001   PAD
    0x08038bf0   0x08038bf0   0x00000036   Data   RO         2119    .conststring        popup.o
    0x08038c26   0x08038c26   0x00000002   PAD
    0x08038c28   0x08038c28   0x0000000b   Data   RO         2234    .conststring        tab_button.o
    0x08038c33   0x08038c33   0x00000001   PAD
    0x08038c34   0x08038c34   0x00000011   Data   RO         2253    .conststring        tab_button_group.o
    0x08038c45   0x08038c45   0x00000003   PAD
    0x08038c48   0x08038c48   0x0000000c   Data   RO         2271    .conststring        tab_control.o
    0x08038c54   0x08038c54   0x00000020   Data   RO         3328    Region$$Table       anon$$obj.o
    0x08038c74   0x08038c74   0x00000110   Data   RO         3028    locale$$data        c_w.l(lc_ctype_c.o)


    Execution Region RW_IRAM1 (Exec base: 0x20000000, Load base: 0x08038d84, Size: 0x00003aa8, Max: 0x00010000, ABSOLUTE, COMPRESSED[0x0000019c])

    Exec Addr    Load Addr    Size         Type   Attr      Idx    E Section Name        Object

    0x20000000   COMPRESSED   0x00000014   Data   RW          105    .data               system_stm32f10x.o
    0x20000014   COMPRESSED   0x00000006   Data   RW          218    .data               usart.o
    0x2000001a   COMPRESSED   0x00000014   Data   RW          282    .data               stm32f10x_rcc.o
    0x2000002e   COMPRESSED   0x00000001   Data   RW          452    .data               led.o
    0x2000002f   COMPRESSED   0x00000001   Data   RW          480    .data               button.o
    0x20000030   COMPRESSED   0x00000004   Data   RW          493    .data               tim.o
    0x20000034   COMPRESSED   0x0000000a   Data   RW          514    .data               rtc.o
    0x2000003e   COMPRESSED   0x00000008   Data   RW          537    .data               touch.o
    0x20000046   COMPRESSED   0x00000002   PAD
    0x20000048   COMPRESSED   0x00000008   Data   RW          683    .data               button_1.o
    0x20000050   COMPRESSED   0x00000008   Data   RW          780    .data               check_button.o
    0x20000058   COMPRESSED   0x00000010   Data   RW          820    .data               dialog.o
    0x20000068   COMPRESSED   0x00000004   Data   RW          933    .data               font_manager.o
    0x2000006c   COMPRESSED   0x00000028   Data   RW          967    .data               image.o
    0x20000094   COMPRESSED   0x00000004   Data   RW          984    .data               image_manager.o
    0x20000098   COMPRESSED   0x00000004   Data   RW         1025    .data               main_loop.o
    0x2000009c   COMPRESSED   0x00000010   Data   RW         1058    .data               progress_bar.o
    0x200000ac   COMPRESSED   0x00000004   Data   RW         1087    .data               theme.o
    0x200000b0   COMPRESSED   0x00000004   Data   RW         1201    .data               window_manager.o
    0x200000b4   COMPRESSED   0x000000f1   Data   RW         1255    .data               utils.o
    0x200001a5   COMPRESSED   0x00000003   PAD
    0x200001a8   COMPRESSED   0x00000004   Data   RW         1290    .data               timer.o
    0x200001ac   COMPRESSED   0x00000004   Data   RW         1304    .data               resource_manager.o
    0x200001b0   COMPRESSED   0x00000018   Data   RW         1350    .data               slider.o
    0x200001c8   COMPRESSED   0x00000004   Data   RW         1391    .data               idle.o
    0x200001cc   COMPRESSED   0x00000008   Data   RW         1501    .data               pages.o
    0x200001d4   COMPRESSED   0x00000038   Data   RW         1517    .data               edit.o
    0x2000020c   COMPRESSED   0x00000004   Data   RW         1566    .data               widget_factory.o
    0x20000210   COMPRESSED   0x00000004   Data   RW         1715    .data               input_method.o
    0x20000214   COMPRESSED   0x00000014   Data   RW         1774    .data               dragger.o
    0x20000228   COMPRESSED   0x00000004   Data   RW         1866    .data               tklocale.o
    0x2000022c   COMPRESSED   0x0000003c   Data   RW         1939    .data               combo_box.o
    0x20000268   COMPRESSED   0x00000018   Data   RW         2120    .data               popup.o
    0x20000280   COMPRESSED   0x00000008   Data   RW         2235    .data               tab_button.o
    0x20000288   COMPRESSED   0x00000004   Data   RW         2680    .data               mutex_null.o
    0x2000028c   COMPRESSED   0x00000004   Data   RW         2697    .data               sys_tick.o
    0x20000290        -       0x000000c8   Zero   RW          217    .bss                usart.o
    0x20000358        -       0x0000000a   Zero   RW          512    .bss                rtc.o
    0x20000362   COMPRESSED   0x00000002   PAD
    0x20000364        -       0x0000000c   Zero   RW          536    .bss                touch.o
    0x20000370        -       0x00001000   Zero   RW          591    .bss                flash.o
    0x20001370        -       0x00000010   Zero   RW         1042    .bss                mem.o
    0x20001380        -       0x00000018   Zero   RW         1417    .bss                system_info.o
    0x20001398        -       0x0000008c   Zero   RW         1458    .bss                main_loop_simple.o
    0x20001424        -       0x00000024   Zero   RW         2438    .bss                ui_builder_default.o
    0x20001448        -       0x00002000   Zero   RW         2666    .bss                platform.o
    0x20003448        -       0x00000060   Zero   RW         3084    .bss                c_w.l(libspace.o)
    0x200034a8        -       0x00000200   Zero   RW          251    HEAP                startup_stm32f10x_hd.o
    0x200036a8        -       0x00000400   Zero   RW          250    STACK               startup_stm32f10x_hd.o


==============================================================================

Image component sizes


      Code (inc. data)   RO Data    RW Data    ZI Data      Debug   Object Name

       638          0          0          0          0      13651   array.o
       656         16          0          0          0       3310   awtk.o
       212          0          0          0          0       3797   bitmap.o
       756          0          0          0          0       6633   buffer.o
       256         12          0          1          0        850   button.o
       604         26        111          8          0      29730   button_1.o
       104          6         96          0          0       2364   button_group.o
     10268         82          0          0          0      31170   canvas.o
       636         16        229          8          0       6185   check_button.o
        28          0          0          0          0        645   color.o
      1916        154        134         60          0      11438   combo_box.o
       752         60        111          0          0       4501   combo_box_item.o
         0          0          0          0          0         32   core_cm3.o
       560          0          0          0          0       3865   custom_props.o
      1336        248          0          0          0       3491   demo1_app.o
        30          0          0          0          0        600   demo_main.o
       980         96        131         16          0      13466   dialog.o
       128         12        110          0          0       1978   dialog_client.o
       120         12        109          0          0       2016   dialog_title.o
       896         48        134         20          0       4888   dragger.o
      5156        208        221         56          0      17642   edit.o
       692          0          0          0          0       9101   emitter.o
       292         28       1390          0          0       8892   enums.o
       330          0          0          0          0       2992   event_queue.o
       210          0          0          0          0       2700   events.o
       924         12          0          0       4096       3305   flash.o
       152          8          0          0          0       1544   font.o
       340         18          0          0          0       3974   font_bitmap.o
       256         14          0          4          0       3238   font_manager.o
       104          6        106          0          0       2254   group_box.o
      1072         12       2376          0          0       5635   gui.o
       772         12          0          4          0       6739   idle.o
      1720        108        181         40          0       7532   image.o
        44          0          0          0          0       1060   image_loader.o
       728         14          0          4          0       5673   image_manager.o
       128          0          0          0          0       1038   input_engine.o
       556         10          0          4          0       4717   input_method.o
       100         10          0          0          0       1255   input_method_creator.o
         0          0          0          0          0        396   keyboard.o
        84          6        102          0          0       1591   label.o
      2400         40          0          0          0       7753   layout.o
       968          0          0          0          0       8479   lcd.o
       696         18          0          0          0       2092   lcd_driver.o
      1336         36          0          0          0       6505   lcd_stm32_raw.o
       164         10          0          1          0        739   led.o
        68          0          0          0          0     205271   main.o
       276          6          0          4          0       3124   main_loop.o
       680         12          0          0        140       4965   main_loop_simple.o
       216         16          0          0          0      17421   main_loop_stm32_raw.o
       868          6          0          0         16       4959   mem.o
       220         22          0          0          0       1825   misc.o
        28          6          0          4          0       1993   mutex_null.o
       488         20        102          8          0       4012   pages.o
       100         12          0          0       8192       1236   platform.o
       784         72        150         24          0       3766   popup.o
      1232         36        134         16          0       5412   progress_bar.o
       576          0          0          0          0       3005   rect.o
       412        132     116676          0          0      11877   resource-mini.o
       548         14          0          4          0       5742   resource_manager.o
      1120         66         24         10         10       4387   rtc.o
      2172         52        120         24          0       7495   slider.o
       476         16          0          0          0       1828   spi.o
       344         70        105          0          0       2313   spin_box.o
        64         26        304          0       1536        812   startup_stm32f10x_hd.o
       196          8          0          0          0       3520   stm32f10x_bkp.o
      1548         18          0          0          0       5399   stm32f10x_fsmc.o
       860         38          0          0          0       5757   stm32f10x_gpio.o
        24          0          0          0          0      64030   stm32f10x_it.o
       204         14          0          0          0       1967   stm32f10x_pwr.o
       932         36          0         20          0       8944   stm32f10x_rcc.o
       328          4          0          0          0       2734   stm32f10x_rtc.o
       780         14          0          0          0       6638   stm32f10x_spi.o
      3610         88          0          0          0      22864   stm32f10x_tim.o
      1032         22          0          0          0       8480   stm32f10x_usart.o
      1754         54          0          0          0      10566   str.o
        76          6          0          4          0       1761   sys_tick.o
        32          4          0          0         24       1351   system_info.o
       480         38          0         20          0       1775   system_stm32f10x.o
      1080         74        107          8          0       6036   tab_button.o
       976         36        113          0          0       6280   tab_button_group.o
       104          6        108          0          0       2294   tab_control.o
       480         12          0          4          0       3288   theme.o
       572         24          0          4          0       1965   tim.o
        24          0          0          0          0        617   time.o
       968         14          0          4          0       8145   timer.o
       580         20          0          4          0       5213   tklocale.o
       390          0          0          0          0       3276   tokenizer.o
      1088         38          0          8         12       4326   touch.o
       162          0          0          0          0       2952   ui_builder.o
       360         32          0          0         36       3293   ui_builder_default.o
        48          0          0          0          0       1181   ui_loader.o
       276         10          4          0          0       1939   ui_loader_default.o
       296         16          0          6        200       3210   usart.o
       772          4        260          0          0       5513   utf8.o
     10752        208       1112        241          0      26388   utils.o
      1568         72          0          0          0       8916   value.o
        84          6        101          0          0       1932   view.o
      8112        180          0          0          0      33894   widget.o
       436          8        864          4          0      12600   widget_factory.o
       712         20         96          0          0      20557   widget_vtable.o
       460         26        103          0          0       3685   window.o
       312          0          0          0          0       1961   window_animator.o
        16          0          0          0          0       1475   window_animator_null.o
      3156        104        149          4          0      17024   window_manager.o
       156          4          0          0          0       2160   window_open.o
      1668         18          0          0          0       9254   wstr.o

    ----------------------------------------------------------------------
     98254       3218     126258        656      14264     898059   Object Totals
         0          0         32          0          0          0   (incl. Generated)
        18          0         53          5          2          0   (incl. Padding)

    ----------------------------------------------------------------------

      Code (inc. data)   RO Data    RW Data    ZI Data      Debug   Library Member Name

        90          0          0          0          0          0   __dczerorl2.o
         8          0          0          0          0         68   __main.o
       104          0          0          0          0         84   __printf.o
         0          0          0          0          0          0   __rtentry.o
        12          0          0          0          0          0   __rtentry2.o
         6          0          0          0          0          0   __rtentry4.o
        52          8          0          0          0          0   __scatter.o
        28          0          0          0          0          0   __scatter_zi.o
        48          6          0          0          0         96   _printf_char_common.o
        36          4          0          0          0         80   _printf_char_file.o
         6          0          0          0          0          0   _printf_d.o
       120         16          0          0          0         92   _printf_dec.o
       178          0          0          0          0         88   _printf_intcommon.o
         0          0          0          0          0          0   _printf_percent.o
         4          0          0          0          0          0   _printf_percent_end.o
        18          0          0          0          0         80   exit.o
         8          0          0          0          0         68   ferror.o
         6          0          0          0          0        152   heapauxi.o
        44         10        272          0          0         76   lc_ctype_c.o
         2          0          0          0          0          0   libinit.o
        20          0          0          0          0          0   libinit2.o
         2          0          0          0          0          0   libshutdown.o
         2          0          0          0          0          0   libshutdown2.o
         8          4          0          0         96         68   libspace.o
        72          0          0          0          0         76   llsdiv.o
       238          0          0          0          0        100   lludivv7m.o
        38          0          0          0          0         68   llushr.o
        88          0          0          0          0         76   memcmp.o
        24          4          0          0          0         84   noretval__2printf.o
        16          4          0          0          0         76   rt_ctype_table.o
         8          4          0          0          0         68   rt_locale_intlibspace.o
        68          0          0          0          0         68   rt_memclr.o
        78          0          0          0          0         80   rt_memclr_w.o
       138          0          0          0          0         68   rt_memcpy_v6.o
       100          0          0          0          0         80   rt_memcpy_w.o
       132          0          0          0          0         68   rt_memmove_v6.o
       122          0          0          0          0         80   rt_memmove_w.o
         2          0          0          0          0          0   rtexit.o
        10          0          0          0          0          0   rtexit2.o
        20          0          0          0          0         68   strchr.o
       128          0          0          0          0         68   strcmpv7m.o
        72          0          0          0          0         80   strcpy.o
        62          0          0          0          0         76   strlen.o
       150          0          0          0          0         80   strncmp.o
        86          0          0          0          0         76   strncpy.o
        22          0          0          0          0         68   strrchr.o
        36          0          0          0          0         80   strstr.o
        74          0          0          0          0         80   sys_stackheap_outer.o
        26          0          0          0          0         76   tolower.o
        30          0          0          0          0         76   toupper.o
         2          0          0          0          0         68   use_no_semi.o
         2          0          0          0          0         68   use_no_semi_2.o
        22          0          0          0          0         68   wcschr.o
        24          0          0          0          0         68   wcscmp.o
        18          0          0          0          0         68   wcscpy.o
        18          0          0          0          0         68   wcslen.o
        98          4          0          0          0         92   d2f.o
       826         16          0          0          0        348   daddsub_clz.o
        24          0          0          0          0         68   dcmpi.o
       688        140          0          0          0        208   ddiv.o
       120          4          0          0          0         92   deqf.o
        94          4          0          0          0         92   dfix.o
       194          4          0          0          0        116   dfixll.o
        90          4          0          0          0         92   dfixu.o
        84          0          0          0          0        136   dflt_clz.o
       162          0          0          0          0         84   dfltll_clz.o
       120          4          0          0          0         92   dleqf.o
       340         12          0          0          0        104   dmul.o
       156          4          0          0          0         92   dnaninf.o
        12          0          0          0          0         68   dretinf.o
       108          0          0          0          0         80   drleqf.o
        86          4          0          0          0         84   f2d.o
       450          8          0          0          0        236   faddsub_clz.o
        24          0          0          0          0         68   fcmpi.o
       388         76          0          0          0         96   fdiv.o
       104          4          0          0          0         84   feqf.o
        54          4          0          0          0         84   ffix.o
        62          4          0          0          0         84   ffixu.o
        86          0          0          0          0        136   fflt_clz.o
        96          0          0          0          0         84   ffltll_clz.o
       104          4          0          0          0         84   fleqf.o
       258          4          0          0          0         84   fmul.o
       140          4          0          0          0         84   fnaninf.o
        10          0          0          0          0         68   fretinf.o
        98          0          0          0          0         68   frleqf.o
         0          0          0          0          0          0   usenofp.o
       220         16          0          0          0         84   floor.o

    ----------------------------------------------------------------------
      8052        384        272          0         96       6372   Library Totals
        28          0          0          0          0          0   (incl. Padding)

    ----------------------------------------------------------------------

      Code (inc. data)   RO Data    RW Data    ZI Data      Debug   Library Name

      2728         60        272          0         96       3180   c_w.l
      5076        308          0          0          0       3108   fz_ws.l
       220         16          0          0          0         84   m_ws.l

    ----------------------------------------------------------------------
      8052        384        272          0         96       6372   Library Totals

    ----------------------------------------------------------------------

==============================================================================


      Code (inc. data)   RO Data    RW Data    ZI Data      Debug   

    106306       3602     126530        656      14360     890647   Grand Totals
    106306       3602     126530        412      14360     890647   ELF Image Totals (compressed)
    106306       3602     126530        412          0          0   ROM Totals

==============================================================================

    Total RO  Size (Code + RO Data)               232836 ( 227.38kB)
    Total RW  Size (RW Data + ZI Data)             15016 (  14.66kB)
    Total ROM Size (Code + RO Data + RW Data)     233248 ( 227.78kB)

==============================================================================

