Component: ARM Compiler 5.06 update 5 (build 528) Tool: armlink [4d35e2]

==============================================================================

Section Cross References

    system_stm32f10x.o(.text) refers to system_stm32f10x.o(.data) for SystemCoreClock
    main.o(.text) refers to misc.o(.text) for NVIC_PriorityGroupConfig
    main.o(.text) refers to platform.o(.text) for systick_init
    main.o(.text) refers to led.o(.text) for led_init
    main.o(.text) refers to button.o(.text) for button_init
    main.o(.text) refers to lcd_driver.o(.text) for TFT_Init
    main.o(.text) refers to flash.o(.text) for FLASH_Init
    main.o(.text) refers to touch.o(.text) for TOUCH_Init
    main.o(.text) refers to tim.o(.text) for TIM3_Init
    main.o(.text) refers to rtc.o(.text) for rtc_init
    main.o(.text) refers to demo_main.o(.text) for gui_app_start
    sys.o(.text) refers to misc.o(.text) for NVIC_PriorityGroupConfig
    usart.o(.text) refers (Special) to use_no_semi_2.o(.text) for __use_no_semihosting
    usart.o(.text) refers to stm32f10x_rcc.o(.text) for RCC_APB2PeriphClockCmd
    usart.o(.text) refers to stm32f10x_gpio.o(.text) for GPIO_Init
    usart.o(.text) refers to misc.o(.text) for NVIC_Init
    usart.o(.text) refers to stm32f10x_usart.o(.text) for USART_Init
    usart.o(.text) refers to usart.o(.data) for USART_RX_STA
    usart.o(.text) refers to usart.o(.bss) for USART_RX_BUF
    usart.o(.bss) refers (Special) to use_no_semi_2.o(.text) for __use_no_semihosting
    usart.o(.data) refers (Special) to use_no_semi_2.o(.text) for __use_no_semihosting
    startup_stm32f10x_hd.o(STACK) refers (Special) to heapauxi.o(.text) for __use_two_region_memory
    startup_stm32f10x_hd.o(HEAP) refers (Special) to heapauxi.o(.text) for __use_two_region_memory
    startup_stm32f10x_hd.o(RESET) refers (Special) to heapauxi.o(.text) for __use_two_region_memory
    startup_stm32f10x_hd.o(RESET) refers to startup_stm32f10x_hd.o(STACK) for __initial_sp
    startup_stm32f10x_hd.o(RESET) refers to startup_stm32f10x_hd.o(.text) for Reset_Handler
    startup_stm32f10x_hd.o(RESET) refers to stm32f10x_it.o(.text) for NMI_Handler
    startup_stm32f10x_hd.o(RESET) refers to sys_tick.o(.text) for SysTick_Handler
    startup_stm32f10x_hd.o(RESET) refers to rtc.o(.text) for RTC_IRQHandler
    startup_stm32f10x_hd.o(RESET) refers to main_loop_stm32_raw.o(.text) for TIM3_IRQHandler
    startup_stm32f10x_hd.o(RESET) refers to usart.o(.text) for USART1_IRQHandler
    startup_stm32f10x_hd.o(RESET) refers to tim.o(.text) for TIM5_IRQHandler
    startup_stm32f10x_hd.o(.text) refers (Special) to heapauxi.o(.text) for __use_two_region_memory
    startup_stm32f10x_hd.o(.text) refers to system_stm32f10x.o(.text) for SystemInit
    startup_stm32f10x_hd.o(.text) refers to __main.o(!!!main) for __main
    startup_stm32f10x_hd.o(.text) refers to startup_stm32f10x_hd.o(HEAP) for Heap_Mem
    startup_stm32f10x_hd.o(.text) refers to startup_stm32f10x_hd.o(STACK) for Stack_Mem
    stm32f10x_gpio.o(.text) refers to stm32f10x_rcc.o(.text) for RCC_APB2PeriphResetCmd
    stm32f10x_rcc.o(.text) refers to stm32f10x_rcc.o(.data) for APBAHBPrescTable
    stm32f10x_usart.o(.text) refers to stm32f10x_rcc.o(.text) for RCC_APB2PeriphResetCmd
    stm32f10x_wwdg.o(.text) refers to stm32f10x_rcc.o(.text) for RCC_APB1PeriphResetCmd
    stm32f10x_tim.o(.text) refers to stm32f10x_rcc.o(.text) for RCC_APB2PeriphResetCmd
    stm32f10x_bkp.o(.text) refers to stm32f10x_rcc.o(.text) for RCC_BackupResetCmd
    stm32f10x_pwr.o(.text) refers to stm32f10x_rcc.o(.text) for RCC_APB1PeriphResetCmd
    stm32f10x_spi.o(.text) refers to stm32f10x_rcc.o(.text) for RCC_APB2PeriphResetCmd
    led.o(.text) refers to stm32f10x_rcc.o(.text) for RCC_APB2PeriphClockCmd
    led.o(.text) refers to stm32f10x_gpio.o(.text) for GPIO_Init
    led.o(.text) refers to sys_tick.o(.text) for delay_ms
    led.o(.text) refers to led.o(.data) for i
    lcd_driver.o(.text) refers to stm32f10x_rcc.o(.text) for RCC_APB2PeriphClockCmd
    lcd_driver.o(.text) refers to stm32f10x_gpio.o(.text) for GPIO_Init
    lcd_driver.o(.text) refers to stm32f10x_fsmc.o(.text) for FSMC_NORSRAMInit
    button.o(.text) refers to stm32f10x_rcc.o(.text) for RCC_APB2PeriphClockCmd
    button.o(.text) refers to stm32f10x_gpio.o(.text) for GPIO_Init
    button.o(.text) refers to sys_tick.o(.text) for delay_ms
    button.o(.text) refers to button.o(.data) for key_up
    tim.o(.text) refers to stm32f10x_rcc.o(.text) for RCC_APB1PeriphClockCmd
    tim.o(.text) refers to stm32f10x_gpio.o(.text) for GPIO_Init
    tim.o(.text) refers to stm32f10x_tim.o(.text) for TIM_TimeBaseInit
    tim.o(.text) refers to misc.o(.text) for NVIC_Init
    tim.o(.text) refers to tim.o(.data) for TIM5CH1_CAPTURE_STA
    rtc.o(.text) refers to _printf_percent.o(.ARM.Collect$$_printf_percent$$00000000) for _printf_percent
[...]
    0x080001fe   0x080001fe   0x00000006   Code   RO         4520    .ARM.Collect$$_printf_percent$$00000004  c_w.l(_printf_e.o)
    0x08000204   0x08000204   0x00000006   Code   RO         4521    .ARM.Collect$$_printf_percent$$00000005  c_w.l(_printf_g.o)
    0x0800020a   0x0800020a   0x00000006   Code   RO         4522    .ARM.Collect$$_printf_percent$$00000006  c_w.l(_printf_a.o)
    0x08000210   0x08000210   0x0000000a   Code   RO         4527    .ARM.Collect$$_printf_percent$$00000007  c_w.l(_printf_ll.o)
    0x0800021a   0x0800021a   0x00000006   Code   RO         4517    .ARM.Collect$$_printf_percent$$00000008  c_w.l(_printf_i.o)
    0x08000220   0x08000220   0x00000006   Code   RO         4213    .ARM.Collect$$_printf_percent$$00000009  c_w.l(_printf_d.o)
    0x08000226   0x08000226   0x00000006   Code   RO         4518    .ARM.Collect$$_printf_percent$$0000000A  c_w.l(_printf_u.o)
    0x0800022c   0x0800022c   0x00000006   Code   RO         4516    .ARM.Collect$$_printf_percent$$0000000B  c_w.l(_printf_o.o)
    0x08000232   0x08000232   0x00000006   Code   RO         4514    .ARM.Collect$$_printf_percent$$0000000C  c_w.l(_printf_x.o)
    0x08000238   0x08000238   0x00000006   Code   RO         4524    .ARM.Collect$$_printf_percent$$0000000D  c_w.l(_printf_lli.o)
    0x0800023e   0x0800023e   0x00000006   Code   RO         4525    .ARM.Collect$$_printf_percent$$0000000E  c_w.l(_printf_lld.o)
    0x08000244   0x08000244   0x00000006   Code   RO         4526    .ARM.Collect$$_printf_percent$$0000000F  c_w.l(_printf_llu.o)
    0x0800024a   0x0800024a   0x00000006   Code   RO         4531    .ARM.Collect$$_printf_percent$$00000010  c_w.l(_printf_llo.o)
    0x08000250   0x08000250   0x00000006   Code   RO         4532    .ARM.Collect$$_printf_percent$$00000011  c_w.l(_printf_llx.o)
    0x08000256   0x08000256   0x0000000a   Code   RO         4528    .ARM.Collect$$_printf_percent$$00000012  c_w.l(_printf_l.o)
    0x08000260   0x08000260   0x00000006   Code   RO         4511    .ARM.Collect$$_printf_percent$$00000013  c_w.l(_printf_c.o)
    0x08000266   0x08000266   0x00000006   Code   RO         4512    .ARM.Collect$$_printf_percent$$00000014  c_w.l(_printf_s.o)
    0x0800026c   0x0800026c   0x00000006   Code   RO         4529    .ARM.Collect$$_printf_percent$$00000015  c_w.l(_printf_lc.o)
    0x08000272   0x08000272   0x00000006   Code   RO         4530    .ARM.Collect$$_printf_percent$$00000016  c_w.l(_printf_ls.o)
    0x08000278   0x08000278   0x00000004   Code   RO         4523    .ARM.Collect$$_printf_percent$$00000017  c_w.l(_printf_percent_end.o)
    0x0800027c   0x0800027c   0x00000002   Code   RO         4764    .ARM.Collect$$libinit$$00000000  c_w.l(libinit.o)
    0x0800027e   0x0800027e   0x00000000   Code   RO         4680    .ARM.Collect$$libinit$$00000002  c_w.l(libinit2.o)
    0x0800027e   0x0800027e   0x00000000   Code   RO         4682    .ARM.Collect$$libinit$$00000004  c_w.l(libinit2.o)
    0x0800027e   0x0800027e   0x00000000   Code   RO         4685    .ARM.Collect$$libinit$$0000000A  c_w.l(libinit2.o)
    0x0800027e   0x0800027e   0x00000000   Code   RO         4687    .ARM.Collect$$libinit$$0000000C  c_w.l(libinit2.o)
    0x0800027e   0x0800027e   0x00000000   Code   RO         4689    .ARM.Collect$$libinit$$0000000E  c_w.l(libinit2.o)
    0x0800027e   0x0800027e   0x00000006   Code   RO         4690    .ARM.Collect$$libinit$$0000000F  c_w.l(libinit2.o)
    0x08000284   0x08000284   0x00000000   Code   RO         4692    .ARM.Collect$$libinit$$00000011  c_w.l(libinit2.o)
    0x08000284   0x08000284   0x0000000c   Code   RO         4693    .ARM.Collect$$libinit$$00000012  c_w.l(libinit2.o)
    0x08000290   0x08000290   0x00000000   Code   RO         4694    .ARM.Collect$$libinit$$00000013  c_w.l(libinit2.o)
    0x08000290   0x08000290   0x00000000   Code   RO         4696    .ARM.Collect$$libinit$$00000015  c_w.l(libinit2.o)
    0x08000290   0x08000290   0x0000000a   Code   RO         4697    .ARM.Collect$$libinit$$00000016  c_w.l(libinit2.o)
    0x0800029a   0x0800029a   0x00000000   Code   RO         4698    .ARM.Collect$$libinit$$00000017  c_w.l(libinit2.o)
    0x0800029a   0x0800029a   0x00000000   Code   RO         4700    .ARM.Collect$$libinit$$00000019  c_w.l(libinit2.o)
    0x0800029a   0x0800029a   0x00000000   Code   RO         4702    .ARM.Collect$$libinit$$0000001B  c_w.l(libinit2.o)
    0x0800029a   0x0800029a   0x00000000   Code   RO         4704    .ARM.Collect$$libinit$$0000001D  c_w.l(libinit2.o)
    0x0800029a   0x0800029a   0x00000000   Code   RO         4706    .ARM.Collect$$libinit$$0000001F  c_w.l(libinit2.o)
    0x0800029a   0x0800029a   0x00000000   Code   RO         4708    .ARM.Collect$$libinit$$00000021  c_w.l(libinit2.o)
    0x0800029a   0x0800029a   0x00000000   Code   RO         4710    .ARM.Collect$$libinit$$00000023  c_w.l(libinit2.o)
    0x0800029a   0x0800029a   0x00000000   Code   RO         4712    .ARM.Collect$$libinit$$00000025  c_w.l(libinit2.o)
    0x0800029a   0x0800029a   0x00000000   Code   RO         4716    .ARM.Collect$$libinit$$0000002C  c_w.l(libinit2.o)
    0x0800029a   0x0800029a   0x00000000   Code   RO         4718    .ARM.Collect$$libinit$$0000002E  c_w.l(libinit2.o)
    0x0800029a   0x0800029a   0x00000000   Code   RO         4720    .ARM.Collect$$libinit$$00000030  c_w.l(libinit2.o)
    0x0800029a   0x0800029a   0x00000000   Code   RO         4722    .ARM.Collect$$libinit$$00000032  c_w.l(libinit2.o)
    0x0800029a   0x0800029a   0x00000002   Code   RO         4723    .ARM.Collect$$libinit$$00000033  c_w.l(libinit2.o)
    0x0800029c   0x0800029c   0x00000002   Code   RO         4841    .ARM.Collect$$libshutdown$$00000000  c_w.l(libshutdown.o)
    0x0800029e   0x0800029e   0x00000000   Code   RO         4847    .ARM.Collect$$libshutdown$$00000002  c_w.l(libshutdown2.o)
    0x0800029e   0x0800029e   0x00000000   Code   RO         4849    .ARM.Collect$$libshutdown$$00000004  c_w.l(libshutdown2.o)
    0x0800029e   0x0800029e   0x00000000   Code   RO         4852    .ARM.Collect$$libshutdown$$00000007  c_w.l(libshutdown2.o)
    0x0800029e   0x0800029e   0x00000000   Code   RO         4855    .ARM.Collect$$libshutdown$$0000000A  c_w.l(libshutdown2.o)
    0x0800029e   0x0800029e   0x00000000   Code   RO         4857    .ARM.Collect$$libshutdown$$0000000C  c_w.l(libshutdown2.o)
    0x0800029e   0x0800029e   0x00000000   Code   RO         4860    .ARM.Collect$$libshutdown$$0000000F  c_w.l(libshutdown2.o)
    0x0800029e   0x0800029e   0x00000002   Code   RO         4861    .ARM.Collect$$libshutdown$$00000010  c_w.l(libshutdown2.o)
    0x080002a0   0x080002a0   0x00000000   Code   RO         4453    .ARM.Collect$$rtentry$$00000000  c_w.l(__rtentry.o)
    0x080002a0   0x080002a0   0x00000000   Code   RO         4626    .ARM.Collect$$rtentry$$00000002  c_w.l(__rtentry2.o)
    0x080002a0   0x080002a0   0x00000006   Code   RO         4638    .ARM.Collect$$rtentry$$00000004  c_w.l(__rtentry4.o)
    0x080002a6   0x080002a6   0x00000000   Code   RO         4628    .ARM.Collect$$rtentry$$00000009  c_w.l(__rtentry2.o)
    0x080002a6   0x080002a6   0x00000004   Code   RO         4629    .ARM.Collect$$rtentry$$0000000A  c_w.l(__rtentry2.o)
    0x080002aa   0x080002aa   0x00000000   Code   RO         4631    .ARM.Collect$$rtentry$$0000000C  c_w.l(__rtentry2.o)
    0x080002aa   0x080002aa   0x00000008   Code   RO         4632    .ARM.Collect$$rtentry$$0000000D  c_w.l(__rtentry2.o)
    0x080002b2   0x080002b2   0x00000002   Code   RO         4787    .ARM.Collect$$rtexit$$00000000  c_w.l(rtexit.o)
    0x080002b4   0x080002b4   0x00000000   Code   RO         4806    .ARM.Collect$$rtexit$$00000002  c_w.l(rtexit2.o)
    0x080002b4   0x080002b4   0x00000004   Code   RO         4807    .ARM.Collect$$rtexit$$00000003  c_w.l(rtexit2.o)
    0x080002b8   0x080002b8   0x00000006   Code   RO         4808    .ARM.Collect$$rtexit$$00000004  c_w.l(rtexit2.o)
    0x080002be   0x080002be   0x00000018   Code   RO            1    .text               stm32f10x_it.o
    0x080002d6   0x080002d6   0x00000002   PAD
    0x080002d8   0x080002d8   0x000001e0   Code   RO          104    .text               system_stm32f10x.o
    0x080004b8   0x080004b8   0x00000044   Code   RO          122    .text               main.o
    0x080004fc   0x080004fc   0x00000128   Code   RO          216    .text               usart.o
    0x08000624   0x08000624   0x00000040   Code   RO          253    .text               startup_stm32f10x_hd.o
    0x08000664   0x08000664   0x000000dc   Code   RO          257    .text               misc.o
    0x08000740   0x08000740   0x0000035c   Code   RO          269    .text               stm32f10x_gpio.o
    0x08000a9c   0x08000a9c   0x000003a4   Code   RO          281    .text               stm32f10x_rcc.o
    0x08000e40   0x08000e40   0x00000408   Code   RO          295    .text               stm32f10x_usart.o
    0x08001248   0x08001248   0x00000e1a   Code   RO          343    .text               stm32f10x_tim.o
    0x08002062   0x08002062   0x00000002   PAD
    0x08002064   0x08002064   0x0000060c   Code   RO          355    .text               stm32f10x_fsmc.o
    0x08002670   0x08002670   0x000000c4   Code   RO          367    .text               stm32f10x_bkp.o
    0x08002734   0x08002734   0x00000148   Code   RO          379    .text               stm32f10x_rtc.o
    0x0800287c   0x0800287c   0x000000cc   Code   RO          391    .text               stm32f10x_pwr.o
    0x08002948   0x08002948   0x0000030c   Code   RO          415    .text               stm32f10x_spi.o
    0x08002c54   0x08002c54   0x000000a4   Code   RO          451    .text               led.o
    0x08002cf8   0x08002cf8   0x000002b8   Code   RO          464    .text               lcd_driver.o
    0x08002fb0   0x08002fb0   0x00000100   Code   RO          479    .text               button.o
    0x080030b0   0x080030b0   0x0000023c   Code   RO          492    .text               tim.o
    0x080032ec   0x080032ec   0x00000460   Code   RO          511    .text               rtc.o
    0x0800374c   0x0800374c   0x00000440   Code   RO          535    .text               touch.o
    0x08003b8c   0x08003b8c   0x000001dc   Code   RO          557    .text               spi.o
    0x08003d68   0x08003d68   0x00000430   Code   RO          569    .text               gui.o
    0x08004198   0x08004198   0x0000039c   Code   RO          590    .text               flash.o
    0x08004534   0x08004534   0x00000582   Code   RO          604    .text               bitmap.o
    0x08004ab6   0x08004ab6   0x00000002   PAD
    0x08004ab8   0x08004ab8   0x00000428   Code   RO          663    .text               buffer.o
    0x08004ee0   0x08004ee0   0x000002f4   Code   RO          679    .text               button_1.o
    0x080051d4   0x080051d4   0x00002b96   Code   RO          803    .text               canvas.o
    0x08007d6a   0x08007d6a   0x00000002   PAD
    0x08007d6c   0x08007d6c   0x0000036c   Code   RO          863    .text               check_button.o
    0x080080d8   0x080080d8   0x000000dc   Code   RO          888    .text               color.o
    0x080081b4   0x080081b4   0x00000218   Code   RO          907    .text               dialog.o
    0x080083cc   0x080083cc   0x00000314   Code   RO          971    .text               emitter.o
    0x080086e0   0x080086e0   0x00000124   Code   RO          996    .text               enums.o
    0x08008804   0x08008804   0x000000cc   Code   RO         1023    .text               font.o
    0x080088d0   0x080088d0   0x00000194   Code   RO         1039    .text               font_manager.o
    0x08008a64   0x08008a64   0x00000050   Code   RO         1066    .text               group_box.o
    0x08008ab4   0x08008ab4   0x00000214   Code   RO         1084    .text               image.o
    0x08008cc8   0x08008cc8   0x0000039c   Code   RO         1106    .text               image_manager.o
    0x08009064   0x08009064   0x0000035c   Code   RO         1178    .text               label.o
    0x080093c0   0x080093c0   0x00000434   Code   RO         1193    .text               lcd.o
    0x080097f4   0x080097f4   0x0000012c   Code   RO         1217    .text               main_loop.o
    0x08009920   0x08009920   0x000002f4   Code   RO         1234    .text               mem.o
    0x08009c14   0x08009c14   0x0000058c   Code   RO         1248    .text               progress_bar.o
    0x0800a1a0   0x0800a1a0   0x000002e0   Code   RO         1267    .text               rect.o
    0x0800a480   0x0800a480   0x00000220   Code   RO         1280    .text               theme.o
    0x0800a6a0   0x0800a6a0   0x00000304   Code   RO         1295    .text               utf8.o
    0x0800a9a4   0x0800a9a4   0x00000864   Code   RO         1310    .text               value.o
    0x0800b208   0x0800b208   0x00002f54   Code   RO         1374    .text               widget.o
    0x0800e15c   0x0800e15c   0x000002e4   Code   RO         1506    .text               widget_vtable.o
    0x0800e440   0x0800e440   0x0000003c   Code   RO         1553    .text               window.o
    0x0800e47c   0x0800e47c   0x00000dac   Code   RO         1572    .text               window_manager.o
    0x0800f228   0x0800f228   0x00000750   Code   RO         1600    .text               wstr.o
    0x0800f978   0x0800f978   0x00000a90   Code   RO         1613    .text               utils.o
    0x08010408   0x08010408   0x000000d6   Code   RO         1644    .text               events.o
    0x080104de   0x080104de   0x000000e2   Code   RO         1656    .text               timer.o
    0x080105c0   0x080105c0   0x00000190   Code   RO         1668    .text               layout.o
    0x08010750   0x08010750   0x00000150   Code   RO         1686    .text               event_queue.o
    0x080108a0   0x080108a0   0x00000958   Code   RO         1768    .text               slider.o
    0x080111f8   0x080111f8   0x0000016a   Code   RO         1787    .text               window_animator.o
    0x08011362   0x08011362   0x00000010   Code   RO         1799    .text               window_animator_null.o
    0x08011372   0x08011372   0x0000009a   Code   RO         1811    .text               idle.o
    0x0801140c   0x0801140c   0x0000004c   Code   RO         1823    .text               system_info.o
    0x08011458   0x08011458   0x00000022   Code   RO         1837    .text               image_loader.o
    0x0801147a   0x0801147a   0x00000002   PAD
    0x0801147c   0x0801147c   0x00000892   Code   RO         1852    .text               str.o
    0x08011d0e   0x08011d0e   0x00000002   PAD
    0x08011d10   0x08011d10   0x000002b8   Code   RO         1868    .text               main_loop_simple.o
    0x08011fc8   0x08011fc8   0x00000208   Code   RO         1887    .text               pages.o
    0x080121d0   0x080121d0   0x00001b6c   Code   RO         1906    .text               edit.o
    0x08013d3c   0x08013d3c   0x0000003c   Code   RO         1929    .text               view.o
    0x08013d78   0x08013d78   0x00000180   Code   RO         1962    .text               widget_factory.o
    0x08013ef8   0x08013ef8   0x00000268   Code   RO         2130    .text               tokenizer.o
    0x08014160   0x08014160   0x00000244   Code   RO         2142    .text               input_method.o
    0x080143a4   0x080143a4   0x0000007e   Code   RO         2172    .text               input_engine.o
    0x08014422   0x08014422   0x00000002   PAD
    0x08014424   0x08014424   0x00000154   Code   RO         2184    .text               spin_box.o
    0x08014578   0x08014578   0x00000388   Code   RO         2203    .text               dragger.o
    0x08014900   0x08014900   0x0000007c   Code   RO         2222    .text               dialog_client.o
    0x0801497c   0x0801497c   0x0000006c   Code   RO         2237    .text               dialog_title.o
    0x080149e8   0x080149e8   0x0000032c   Code   RO         2252    .text               awtk_global.o
    0x08014d14   0x08014d14   0x00000068   Code   RO         2555    .text               input_method_creator.o
    0x08014d7c   0x08014d7c   0x00000050   Code   RO         2571    .text               button_group.o
    0x08014dcc   0x08014dcc   0x000002a4   Code   RO         2589    .text               color_parser.o
    0x08015070   0x08015070   0x00000864   Code   RO         2607    .text               combo_box.o
    0x080158d4   0x080158d4   0x00000318   Code   RO         2633    .text               combo_box_item.o
    0x08015bec   0x08015bec   0x00000964   Code   RO         2648    .text               easing.o
    0x08016550   0x08016550   0x0000038c   Code   RO         2662    .text               fs.o
    0x080168dc   0x080168dc   0x00000208   Code   RO         2721    .text               popup.o
    0x08016ae4   0x08016ae4   0x00000480   Code   RO         2766    .text               tab_button.o
    0x08016f64   0x08016f64   0x000003d0   Code   RO         2785    .text               tab_button_group.o
    0x08017334   0x08017334   0x00000050   Code   RO         2803    .text               tab_control.o
    0x08017384   0x08017384   0x000000a2   Code   RO         2821    .text               ui_builder.o
    0x08017426   0x08017426   0x00000002   PAD
    0x08017428   0x08017428   0x00000a88   Code   RO         2836    .text               vgcanvas.o
    0x08017eb0   0x08017eb0   0x000003fc   Code   RO         2857    .text               widget_animator.o
    0x080182ac   0x080182ac   0x00000104   Code   RO         2899    .text               ui_builder_default.o
    0x080183b0   0x080183b0   0x00000030   Code   RO         2922    .text               ui_loader.o
    0x080183e0   0x080183e0   0x0000011c   Code   RO         2934    .text               ui_loader_default.o
    0x080184fc   0x080184fc   0x000000b0   Code   RO         3001    .text               window_open.o
    0x080185ac   0x080185ac   0x000002ac   Code   RO         3041    .text               color_tile.o
    0x08018858   0x08018858   0x00000310   Code   RO         3060    .text               assets_manager.o
    0x08018b68   0x08018b68   0x00000250   Code   RO         3075    .text               locale_info.o
    0x08018db8   0x08018db8   0x00000344   Code   RO         3090    .text               path.o
    0x080190fc   0x080190fc   0x0000003c   Code   RO         3102    .text               app_bar.o
    0x08019138   0x08019138   0x0000003c   Code   RO         3120    .text               column.o
    0x08019174   0x08019174   0x0000003c   Code   RO         3138    .text               grid.o
    0x080191b0   0x080191b0   0x0000003c   Code   RO         3156    .text               row.o
    0x080191ec   0x080191ec   0x000002b4   Code   RO         3174    .text               calibration_win.o
    0x080194a0   0x080194a0   0x00000190   Code   RO         3192    .text               font_loader_bitmap.o
    0x08019630   0x08019630   0x0000002c   Code   RO         3206    .text               font_loader.o
    0x0801965c   0x0801965c   0x00000506   Code   RO         3218    .text               window_base.o
    0x08019b62   0x08019b62   0x00000006   Code   RO         3230    .text               widget_animator_factory_null.o
    0x08019b68   0x08019b68   0x00000018   Code   RO         3245    .text               time_now.o
    0x08019b80   0x08019b80   0x000000d4   Code   RO         3257    .text               style.o
    0x08019c54   0x08019c54   0x000001e0   Code   RO         3272    .text               style_const.o
    0x08019e34   0x08019e34   0x00000034   Code   RO         3286    .text               style_factory.o
    0x08019e68   0x08019e68   0x00000340   Code   RO         3303    .text               widget_animator_manager.o
    0x0801a1a8   0x0801a1a8   0x000000a0   Code   RO         3318    .text               clip_board_default.o
    0x0801a248   0x0801a248   0x00000104   Code   RO         3335    .text               clip_board.o
    0x0801a34c   0x0801a34c   0x000005e8   Code   RO         3352    .text               image_base.o
    0x0801a934   0x0801a934   0x0000003c   Code   RO         3364    .text               grid_item.o
    0x0801a970   0x0801a970   0x0000031c   Code   RO         3382    .text               input_device_status.o
    0x0801ac8c   0x0801ac8c   0x0000015c   Code   RO         3396    .text               system_bar.o
    0x0801ade8   0x0801ade8   0x00000860   Code   RO         3415    .text               children_layouter_default.o
    0x0801b648   0x0801b648   0x00000150   Code   RO         3436    .text               children_layouter_factory.o
    0x0801b798   0x0801b798   0x000005a8   Code   RO         3460    .text               self_layouter_default.o
    0x0801bd40   0x0801bd40   0x000000ac   Code   RO         3478    .text               self_layouter_factory.o
    0x0801bdec   0x0801bdec   0x00000158   Code   RO         3499    .text               children_layouter.o
    0x0801bf44   0x0801bf44   0x0000013c   Code   RO         3511    .text               self_layouter.o
    0x0801c080   0x0801c080   0x000000c4   Code   RO         3541    .text               func_call_parser.o
    0x0801c144   0x0801c144   0x00000084   Code   RO         3556    .text               event.o
    0x0801c1c8   0x0801c1c8   0x000000e8   Code   RO         3572    .text               named_value.o
    0x0801c2b0   0x0801c2b0   0x00000618   Code   RO         3588    .text               object.o
    0x0801c8c8   0x0801c8c8   0x000003d4   Code   RO         3655    .text               object_default.o
    0x0801cc9c   0x0801cc9c   0x0000008c   Code   RO         3727    .text               timer_info.o
    0x0801cd28   0x0801cd28   0x00000264   Code   RO         3742    .text               timer_manager.o
    0x0801cf8c   0x0801cf8c   0x000001b8   Code   RO         3757    .text               idle_manager.o
    0x0801d144   0x0801d144   0x00000080   Code   RO         3772    .text               idle_info.o
    0x0801d1c4   0x0801d1c4   0x00000250   Code   RO         3787    .text               slist.o
    0x0801d414   0x0801d414   0x000002d8   Code   RO         3803    .text               widget_pool.o
    0x0801d6ec   0x0801d6ec   0x00000358   Code   RO         3818    .text               darray.o
    0x0801da44   0x0801da44   0x00001344   Code   RO         3834    .text               expr_eval.o
    0x0801ed88   0x0801ed88   0x000006ac   Code   RO         3848    .text               lcd_stm32_raw.o
    0x0801f434   0x0801f434   0x000000d8   Code   RO         3878    .text               main_loop_stm32_raw.o
    0x0801f50c   0x0801f50c   0x00000064   Code   RO         4005    .text               platform.o
    0x0801f570   0x0801f570   0x0000001c   Code   RO         4019    .text               mutex_null.o
    0x0801f58c   0x0801f58c   0x0000004c   Code   RO         4036    .text               sys_tick.o
    0x0801f5d8   0x0801f5d8   0x00000004   Code   RO         4050    .text               fs_os.o
    0x0801f5dc   0x0801f5dc   0x00000026   Code   RO         4062    .text               demo_main.o
    0x0801f602   0x0801f602   0x00000002   PAD
    0x0801f604   0x0801f604   0x00000598   Code   RO         4107    .text               demo1_app.o
    0x0801fb9c   0x0801fb9c   0x0000019c   Code   RO         4125    .text               assets-mini.o
    0x0801fd38   0x0801fd38   0x00000002   Code   RO         4175    .text               c_w.l(use_no_semi_2.o)
    0x0801fd3a   0x0801fd3a   0x00000002   PAD
    0x0801fd3c   0x0801fd3c   0x00000010   Code   RO         4177    .text               c_w.l(rt_ctype_table.o)
    0x0801fd4c   0x0801fd4c   0x0000001a   Code   RO         4179    .text               c_w.l(tolower.o)
    0x0801fd66   0x0801fd66   0x0000001e   Code   RO         4181    .text               c_w.l(toupper.o)
    0x0801fd84   0x0801fd84   0x00000034   Code   RO         4183    .text               c_w.l(vsnprintf.o)
    0x0801fdb8   0x0801fdb8   0x00000018   Code   RO         4185    .text               c_w.l(__2printf.o)
    0x0801fdd0   0x0801fdd0   0x00000078   Code   RO         4191    .text               c_w.l(_printf_dec.o)
    0x0801fe48   0x0801fe48   0x00000188   Code   RO         4210    .text               c_w.l(__printf_flags_ss_wp.o)
    0x0801ffd0   0x0801ffd0   0x00000034   Code   RO         4215    .text               c_w.l(vsscanf.o)
    0x08020004   0x08020004   0x00000050   Code   RO         4217    .text               c_w.l(bsearchnoex.o)
    0x08020054   0x08020054   0x00000014   Code   RO         4219    .text               c_w.l(strchr.o)
    0x08020068   0x08020068   0x00000024   Code   RO         4221    .text               c_w.l(strstr.o)
    0x0802008c   0x0802008c   0x00000058   Code   RO         4223    .text               c_w.l(memcmp.o)
    0x080200e4   0x080200e4   0x00000048   Code   RO         4225    .text               c_w.l(strcpy.o)
    0x0802012c   0x0802012c   0x00000016   Code   RO         4227    .text               c_w.l(strrchr.o)
    0x08020142   0x08020142   0x0000003e   Code   RO         4229    .text               c_w.l(strlen.o)
    0x08020180   0x08020180   0x00000012   Code   RO         4231    .text               c_w.l(wcscpy.o)
    0x08020192   0x08020192   0x00000018   Code   RO         4233    .text               c_w.l(wcscmp.o)
    0x080201aa   0x080201aa   0x00000016   Code   RO         4235    .text               c_w.l(wcschr.o)
    0x080201c0   0x080201c0   0x00000012   Code   RO         4237    .text               c_w.l(wcslen.o)
    0x080201d2   0x080201d2   0x00000096   Code   RO         4239    .text               c_w.l(strncmp.o)
    0x08020268   0x08020268   0x0000008a   Code   RO         4241    .text               c_w.l(rt_memcpy_v6.o)
    0x080202f2   0x080202f2   0x00000084   Code   RO         4243    .text               c_w.l(rt_memmove_v6.o)
    0x08020376   0x08020376   0x00000064   Code   RO         4245    .text               c_w.l(rt_memcpy_w.o)
    0x080203da   0x080203da   0x00000044   Code   RO         4247    .text               c_w.l(rt_memclr.o)
    0x0802041e   0x0802041e   0x0000004e   Code   RO         4249    .text               c_w.l(rt_memclr_w.o)
    0x0802046c   0x0802046c   0x00000056   Code   RO         4251    .text               c_w.l(strncpy.o)
    0x080204c2   0x080204c2   0x00000002   PAD
    0x080204c4   0x080204c4   0x00000080   Code   RO         4253    .text               c_w.l(strcmpv7m.o)
    0x08020544   0x08020544   0x00000006   Code   RO         4255    .text               c_w.l(heapauxi.o)
    0x0802054a   0x0802054a   0x00000002   Code   RO         4451    .text               c_w.l(use_no_semi.o)
    0x0802054c   0x0802054c   0x00000008   Code   RO         4457    .text               c_w.l(rt_locale_intlibspace.o)
    0x08020554   0x08020554   0x00000016   Code   RO         4459    .text               c_w.l(_rserrno.o)
    0x0802056a   0x0802056a   0x0000004e   Code   RO         4461    .text               c_w.l(_printf_pad.o)
    0x080205b8   0x080205b8   0x00000024   Code   RO         4463    .text               c_w.l(_printf_truncate.o)
    0x080205dc   0x080205dc   0x00000052   Code   RO         4465    .text               c_w.l(_printf_str.o)
    0x0802062e   0x0802062e   0x000000b2   Code   RO         4467    .text               c_w.l(_printf_intcommon.o)
    0x080206e0   0x080206e0   0x00000028   Code   RO         4469    .text               c_w.l(_printf_charcount.o)
    0x08020708   0x08020708   0x00000030   Code   RO         4471    .text               c_w.l(_printf_char_common.o)
    0x08020738   0x08020738   0x0000000a   Code   RO         4473    .text               c_w.l(_sputc.o)
    0x08020742   0x08020742   0x00000010   Code   RO         4475    .text               c_w.l(_snputc.o)
    0x08020752   0x08020752   0x00000002   PAD
    0x08020754   0x08020754   0x00000024   Code   RO         4477    .text               c_w.l(_printf_char_file.o)
    0x08020778   0x08020778   0x000000bc   Code   RO         4479    .text               c_w.l(_printf_wctomb.o)
    0x08020834   0x08020834   0x0000007c   Code   RO         4482    .text               c_w.l(_printf_longlong_dec.o)
    0x080208b0   0x080208b0   0x00000070   Code   RO         4488    .text               c_w.l(_printf_oct_int_ll.o)
    0x08020920   0x08020920   0x00000094   Code   RO         4508    .text               c_w.l(_printf_hex_int_ll_ptr.o)
    0x080209b4   0x080209b4   0x00000156   Code   RO         4533    .text               c_w.l(_scanf_longlong.o)
    0x08020b0a   0x08020b0a   0x0000014c   Code   RO         4535    .text               c_w.l(_scanf_int.o)
    0x08020c56   0x08020c56   0x000000e0   Code   RO         4537    .text               c_w.l(_scanf_str.o)
    0x08020d36   0x08020d36   0x00000002   PAD
    0x08020d38   0x08020d38   0x0000002c   Code   RO         4539    .text               c_w.l(scanf_char.o)
    0x08020d64   0x08020d64   0x00000040   Code   RO         4541    .text               c_w.l(_sgetc.o)
    0x08020da4   0x08020da4   0x000000a4   Code   RO         4543    .text               c_w.l(strtod.o)
    0x08020e48   0x08020e48   0x00000114   Code   RO         4545    .text               c_w.l(_scanf_mbtowc.o)
    0x08020f5c   0x08020f5c   0x000000e8   Code   RO         4547    .text               c_w.l(_scanf_wctomb.o)
    0x08021044   0x08021044   0x000000d0   Code   RO         4549    .text               c_w.l(_scanf_wstr.o)
    0x08021114   0x08021114   0x0000007a   Code   RO         4554    .text               c_w.l(rt_memmove_w.o)
    0x0802118e   0x0802118e   0x00000002   PAD
    0x08021190   0x08021190   0x00000008   Code   RO         4622    .text               c_w.l(libspace.o)
    0x08021198   0x08021198   0x00000008   Code   RO         4643    .text               c_w.l(rt_errno_addr_intlibspace.o)
    0x080211a0   0x080211a0   0x0000008a   Code   RO         4645    .text               c_w.l(lludiv10.o)
    0x0802122a   0x0802122a   0x00000012   Code   RO         4647    .text               c_w.l(isspace.o)
    0x0802123c   0x0802123c   0x0000041e   Code   RO         4649    .text               c_w.l(_printf_fp_dec.o)
    0x0802165a   0x0802165a   0x00000002   PAD
    0x0802165c   0x0802165c   0x000002fc   Code   RO         4651    .text               c_w.l(_printf_fp_hex.o)
    0x08021958   0x08021958   0x0000002c   Code   RO         4656    .text               c_w.l(_printf_char.o)
    0x08021984   0x08021984   0x0000002c   Code   RO         4658    .text               c_w.l(_printf_wchar.o)
    0x080219b0   0x080219b0   0x0000001c   Code   RO         4660    .text               c_w.l(_chval.o)
    0x080219cc   0x080219cc   0x00000374   Code   RO         4662    .text               c_w.l(_scanf.o)
    0x08021d40   0x08021d40   0x000004f8   Code   RO         4664    .text               c_w.l(scanf_fp.o)
    0x08022238   0x08022238   0x0000001e   Code   RO         4666    .text               c_w.l(_scanf_wcharmap.o)
    0x08022256   0x08022256   0x00000008   Code   RO         4668    .text               c_w.l(ferror.o)
    0x0802225e   0x0802225e   0x0000003c   Code   RO         4672    .text               c_w.l(_mbrtowc.o)
    0x0802229a   0x0802229a   0x00000040   Code   RO         4674    .text               c_w.l(_wcrtomb.o)
    0x080222da   0x080222da   0x0000004a   Code   RO         4726    .text               c_w.l(sys_stackheap_outer.o)
    0x08022324   0x08022324   0x00000080   Code   RO         4728    .text               c_w.l(_printf_fp_infnan.o)
    0x080223a4   0x080223a4   0x000000e4   Code   RO         4730    .text               c_w.l(bigflt0.o)
    0x08022488   0x08022488   0x00000012   Code   RO         4755    .text               c_w.l(exit.o)
    0x0802249a   0x0802249a   0x00000002   PAD
    0x0802249c   0x0802249c   0x00000320   Code   RO         4789    .text               c_w.l(scanf_hexfp.o)
    0x080227bc   0x080227bc   0x00000134   Code   RO         4791    .text               c_w.l(scanf_infnan.o)
    0x080228f0   0x080228f0   0x00000026   Code   RO         4814    .text               c_w.l(llshl.o)
    0x08022916   0x08022916   0x0000003e   Code   RO         4733    CL$$btod_d2e        c_w.l(btod.o)
    0x08022954   0x08022954   0x00000046   Code   RO         4735    CL$$btod_d2e_denorm_low  c_w.l(btod.o)
    0x0802299a   0x0802299a   0x00000060   Code   RO         4734    CL$$btod_d2e_norm_op1  c_w.l(btod.o)
    0x080229fa   0x080229fa   0x00000338   Code   RO         4743    CL$$btod_div_common  c_w.l(btod.o)
    0x08022d32   0x08022d32   0x00000002   PAD
    0x08022d34   0x08022d34   0x00000084   Code   RO         4741    CL$$btod_e2d        c_w.l(btod.o)
    0x08022db8   0x08022db8   0x000000dc   Code   RO         4740    CL$$btod_e2e        c_w.l(btod.o)
    0x08022e94   0x08022e94   0x0000002a   Code   RO         4737    CL$$btod_ediv       c_w.l(btod.o)
    0x08022ebe   0x08022ebe   0x0000002a   Code   RO         4739    CL$$btod_edivd      c_w.l(btod.o)
    0x08022ee8   0x08022ee8   0x0000002a   Code   RO         4736    CL$$btod_emul       c_w.l(btod.o)
    0x08022f12   0x08022f12   0x0000002a   Code   RO         4738    CL$$btod_emuld      c_w.l(btod.o)
    0x08022f3c   0x08022f3c   0x00000244   Code   RO         4742    CL$$btod_mult_common  c_w.l(btod.o)
    0x08023180   0x08023180   0x00000028   Code   RO         4600    i.__ARM_fpclassify  m_ws.l(fpclassify.o)
    0x080231a8   0x080231a8   0x00000388   Code   RO         4605    i.__ieee754_rem_pio2  m_ws.l(rred.o)
    0x08023530   0x08023530   0x000000fc   Code   RO         4583    i.__kernel_cos      m_ws.l(cos_i.o)
    0x0802362c   0x0802362c   0x000000aa   Code   RO         4602    i.__kernel_poly     m_ws.l(poly.o)
    0x080236d6   0x080236d6   0x00000002   PAD
    0x080236d8   0x080236d8   0x000000ec   Code   RO         4610    i.__kernel_sin      m_ws.l(sin_i.o)
    0x080237c4   0x080237c4   0x0000027c   Code   RO         4616    i.__kernel_tan      m_ws.l(tan_i.o)
    0x08023a40   0x08023a40   0x00000010   Code   RO         4586    i.__mathlib_dbl_divzero  m_ws.l(dunder.o)
    0x08023a50   0x08023a50   0x00000006   Code   RO         4587    i.__mathlib_dbl_infnan  m_ws.l(dunder.o)
    0x08023a56   0x08023a56   0x00000004   Code   RO         4588    i.__mathlib_dbl_infnan2  m_ws.l(dunder.o)
    0x08023a5a   0x08023a5a   0x0000000c   Code   RO         4589    i.__mathlib_dbl_invalid  m_ws.l(dunder.o)
    0x08023a66   0x08023a66   0x0000000e   Code   RO         4590    i.__mathlib_dbl_overflow  m_ws.l(dunder.o)
    0x08023a74   0x08023a74   0x00000010   Code   RO         4592    i.__mathlib_dbl_underflow  m_ws.l(dunder.o)
    0x08023a84   0x08023a84   0x00000010   Code   RO         4781    i.__mathlib_narrow  m_ws.l(narrow.o)
    0x08023a94   0x08023a94   0x000000bc   Code   RO         4782    i.__mathlib_tofloat  m_ws.l(narrow.o)
    0x08023b50   0x08023b50   0x00000016   Code   RO         4821    i.__support_ldexp   m_ws.l(ldexp.o)
    0x08023b66   0x08023b66   0x0000000e   Code   RO         4203    i._is_digit         c_w.l(__printf_wp.o)
    0x08023b74   0x08023b74   0x0000027c   Code   RO         4338    i.acos              m_ws.l(acos.o)
    0x08023df0   0x08023df0   0x00000270   Code   RO         4348    i.asin              m_ws.l(asin.o)
    0x08024060   0x08024060   0x00000220   Code   RO         4358    i.atan              m_ws.l(atan.o)
    0x08024280   0x08024280   0x0000002a   Code   RO         4368    i.atof              m_ws.l(atof.o)
    0x080242aa   0x080242aa   0x00000002   PAD
    0x080242ac   0x080242ac   0x000000dc   Code   RO         4372    i.ceil              m_ws.l(ceil.o)
    0x08024388   0x08024388   0x00000004   Code   RO         4449    i.ceill             m_ws.l(ceill.o)
    0x0802438c   0x0802438c   0x0000009c   Code   RO         4376    i.cos               m_ws.l(cos.o)
    0x08024428   0x08024428   0x00000284   Code   RO         4384    i.exp               m_ws.l(exp.o)
    0x080246ac   0x080246ac   0x000000dc   Code   RO         4394    i.floor             m_ws.l(floor.o)
    0x08024788   0x08024788   0x00000058   Code   RO         4800    i.frexp             m_ws.l(frexp.o)
    0x080247e0   0x080247e0   0x00000074   Code   RO         4822    i.ldexp             m_ws.l(ldexp.o)
    0x08024854   0x08024854   0x0000035c   Code   RO         4398    i.log               m_ws.l(log.o)
    0x08024bb0   0x08024bb0   0x000000e4   Code   RO         4408    i.log10             m_ws.l(log10.o)
    0x08024c94   0x08024c94   0x000009d8   Code   RO         4416    i.pow               m_ws.l(pow.o)
    0x0802566c   0x0802566c   0x000000a0   Code   RO         4426    i.sin               m_ws.l(sin.o)
    0x0802570c   0x0802570c   0x0000004c   Code   RO         4434    i.sqrt              m_ws.l(sqrt.o)
    0x08025758   0x08025758   0x00000064   Code   RO         4442    i.tan               m_ws.l(tan.o)
    0x080257bc   0x080257bc   0x0000002c   Code   RO         4552    locale$$code        c_w.l(lc_ctype_c.o)
    0x080257e8   0x080257e8   0x0000002c   Code   RO         4677    locale$$code        c_w.l(lc_numeric_c.o)
    0x08025814   0x08025814   0x00000062   Code   RO         4259    x$fpl$d2f           fz_ws.l(d2f.o)
    0x08025876   0x08025876   0x00000002   PAD
    0x08025878   0x08025878   0x00000150   Code   RO         4261    x$fpl$dadd          fz_ws.l(daddsub_clz.o)
    0x080259c8   0x080259c8   0x00000010   Code   RO         4724    x$fpl$dcheck1       fz_ws.l(dcheck1.o)
    0x080259d8   0x080259d8   0x00000018   Code   RO         4556    x$fpl$dcmpinf       fz_ws.l(dcmpi.o)
    0x080259f0   0x080259f0   0x000002b0   Code   RO         4268    x$fpl$ddiv          fz_ws.l(ddiv.o)
    0x08025ca0   0x08025ca0   0x00000078   Code   RO         4271    x$fpl$deqf          fz_ws.l(deqf.o)
    0x08025d18   0x08025d18   0x0000005e   Code   RO         4273    x$fpl$dfix          fz_ws.l(dfix.o)
    0x08025d76   0x08025d76   0x00000002   PAD
    0x08025d78   0x08025d78   0x0000005a   Code   RO         4281    x$fpl$dfixu         fz_ws.l(dfixu.o)
    0x08025dd2   0x08025dd2   0x0000002e   Code   RO         4286    x$fpl$dflt          fz_ws.l(dflt_clz.o)
    0x08025e00   0x08025e00   0x000000a2   Code   RO         4291    x$fpl$dfltll        fz_ws.l(dfltll_clz.o)
    0x08025ea2   0x08025ea2   0x00000026   Code   RO         4285    x$fpl$dfltu         fz_ws.l(dflt_clz.o)
    0x08025ec8   0x08025ec8   0x00000078   Code   RO         4295    x$fpl$dleqf         fz_ws.l(dleqf.o)
    0x08025f40   0x08025f40   0x00000154   Code   RO         4297    x$fpl$dmul          fz_ws.l(dmul.o)
    0x08026094   0x08026094   0x0000009c   Code   RO         4558    x$fpl$dnaninf       fz_ws.l(dnaninf.o)
    0x08026130   0x08026130   0x0000000c   Code   RO         4560    x$fpl$dretinf       fz_ws.l(dretinf.o)
    0x0802613c   0x0802613c   0x0000006c   Code   RO         4299    x$fpl$drleqf        fz_ws.l(drleqf.o)
    0x080261a8   0x080261a8   0x00000016   Code   RO         4262    x$fpl$drsb          fz_ws.l(daddsub_clz.o)
    0x080261be   0x080261be   0x00000002   PAD
    0x080261c0   0x080261c0   0x000001cc   Code   RO         4562    x$fpl$dsqrt         fz_ws.l(dsqrt_noumaal.o)
    0x0802638c   0x0802638c   0x000001d4   Code   RO         4263    x$fpl$dsub          fz_ws.l(daddsub_clz.o)
    0x08026560   0x08026560   0x00000056   Code   RO         4301    x$fpl$f2d           fz_ws.l(f2d.o)
    0x080265b6   0x080265b6   0x00000002   PAD
    0x080265b8   0x080265b8   0x000000c4   Code   RO         4303    x$fpl$fadd          fz_ws.l(faddsub_clz.o)
    0x0802667c   0x0802667c   0x00000018   Code   RO         4564    x$fpl$fcmpinf       fz_ws.l(fcmpi.o)
    0x08026694   0x08026694   0x00000184   Code   RO         4310    x$fpl$fdiv          fz_ws.l(fdiv.o)
    0x08026818   0x08026818   0x00000068   Code   RO         4313    x$fpl$feqf          fz_ws.l(feqf.o)
    0x08026880   0x08026880   0x00000036   Code   RO         4315    x$fpl$ffix          fz_ws.l(ffix.o)
    0x080268b6   0x080268b6   0x00000002   PAD
    0x080268b8   0x080268b8   0x0000003e   Code   RO         4319    x$fpl$ffixu         fz_ws.l(ffixu.o)
    0x080268f6   0x080268f6   0x00000002   PAD
    0x080268f8   0x080268f8   0x00000030   Code   RO         4324    x$fpl$fflt          fz_ws.l(fflt_clz.o)
    0x08026928   0x08026928   0x00000060   Code   RO         4329    x$fpl$ffltll        fz_ws.l(ffltll_clz.o)
    0x08026988   0x08026988   0x00000026   Code   RO         4323    x$fpl$ffltu         fz_ws.l(fflt_clz.o)
    0x080269ae   0x080269ae   0x00000002   PAD
    0x080269b0   0x080269b0   0x00000068   Code   RO         4331    x$fpl$fleqf         fz_ws.l(fleqf.o)
    0x08026a18   0x08026a18   0x00000102   Code   RO         4333    x$fpl$fmul          fz_ws.l(fmul.o)
    0x08026b1a   0x08026b1a   0x0000008c   Code   RO         4566    x$fpl$fnaninf       fz_ws.l(fnaninf.o)
    0x08026ba6   0x08026ba6   0x0000000a   Code   RO         4568    x$fpl$fretinf       fz_ws.l(fretinf.o)
    0x08026bb0   0x08026bb0   0x00000062   Code   RO         4335    x$fpl$frleqf        fz_ws.l(frleqf.o)
    0x08026c12   0x08026c12   0x00000014   Code   RO         4304    x$fpl$frsb          fz_ws.l(faddsub_clz.o)
    0x08026c26   0x08026c26   0x00000002   PAD
    0x08026c28   0x08026c28   0x000000ea   Code   RO         4305    x$fpl$fsub          fz_ws.l(faddsub_clz.o)
    0x08026d12   0x08026d12   0x00000006   Code   RO         4771    x$fpl$ieeestatus    fz_ws.l(istatus.o)
    0x08026d18   0x08026d18   0x000000c2   Code   RO         4277    x$fpl$llsfromd      fz_ws.l(dfixll.o)
    0x08026dda   0x08026dda   0x00000004   Code   RO         4570    x$fpl$printf1       fz_ws.l(printf1.o)
    0x08026dde   0x08026dde   0x00000004   Code   RO         4572    x$fpl$printf2       fz_ws.l(printf2.o)
    0x08026de2   0x08026de2   0x00000064   Code   RO         4773    x$fpl$retnan        fz_ws.l(retnan.o)
    0x08026e46   0x08026e46   0x0000005c   Code   RO         4578    x$fpl$scalbn        fz_ws.l(scalbn.o)
    0x08026ea2   0x08026ea2   0x00000004   Code   RO         4580    x$fpl$scanf1        fz_ws.l(scanf1.o)
    0x08026ea6   0x08026ea6   0x00000008   Code   RO         4775    x$fpl$scanf2        fz_ws.l(scanf2.o)
    0x08026eae   0x08026eae   0x00000030   Code   RO         4797    x$fpl$trapveneer    fz_ws.l(trapv.o)
    0x08026ede   0x08026ede   0x00000000   Code   RO         4582    x$fpl$usenofp       fz_ws.l(usenofp.o)
    0x08026ede   0x08026ede   0x00000018   Data   RO          513    .constdata          rtc.o
    0x08026ef6   0x08026ef6   0x00000948   Data   RO          570    .constdata          gui.o
    0x0802783e   0x0802783e   0x00000002   PAD
    0x08027840   0x08027840   0x00000044   Data   RO          605    .constdata          bitmap.o
    0x08027884   0x08027884   0x00000018   Data   RO          664    .constdata          buffer.o
    0x0802789c   0x0802789c   0x0000006c   Data   RO          680    .constdata          button_1.o
    0x08027908   0x08027908   0x000000d8   Data   RO          864    .constdata          check_button.o
    0x080279e0   0x080279e0   0x0000000d   Data   RO          889    .constdata          color.o
    0x080279ed   0x080279ed   0x00000003   PAD
    0x080279f0   0x080279f0   0x0000006c   Data   RO          908    .constdata          dialog.o
    0x08027a5c   0x08027a5c   0x0000001a   Data   RO          972    .constdata          emitter.o
    0x08027a76   0x08027a76   0x00000002   PAD
    0x08027a78   0x08027a78   0x00000324   Data   RO          997    .constdata          enums.o
    0x08027d9c   0x08027d9c   0x0000000d   Data   RO         1024    .constdata          font.o
    0x08027da9   0x08027da9   0x00000014   Data   RO         1040    .constdata          font_manager.o
    0x08027dbd   0x08027dbd   0x00000003   PAD
    0x08027dc0   0x08027dc0   0x0000006c   Data   RO         1067    .constdata          group_box.o
    0x08027e2c   0x08027e2c   0x0000006c   Data   RO         1085    .constdata          image.o
    0x08027e98   0x08027e98   0x00000027   Data   RO         1107    .constdata          image_manager.o
    0x08027ebf   0x08027ebf   0x00000001   PAD
    0x08027ec0   0x08027ec0   0x0000006c   Data   RO         1179    .constdata          label.o
    0x08027f2c   0x08027f2c   0x0000006c   Data   RO         1249    .constdata          progress_bar.o
    0x08027f98   0x08027f98   0x0000000c   Data   RO         1268    .constdata          rect.o
    0x08027fa4   0x08027fa4   0x0000000d   Data   RO         1281    .constdata          theme.o
    0x08027fb1   0x08027fb1   0x00000003   PAD
    0x08027fb4   0x08027fb4   0x00000104   Data   RO         1296    .constdata          utf8.o
    0x080280b8   0x080280b8   0x0000000d   Data   RO         1311    .constdata          value.o
    0x080280c5   0x080280c5   0x00000003   PAD
    0x080280c8   0x080280c8   0x0000006c   Data   RO         1507    .constdata          widget_vtable.o
    0x08028134   0x08028134   0x0000006c   Data   RO         1554    .constdata          window.o
    0x080281a0   0x080281a0   0x00000082   Data   RO         1573    .constdata          window_manager.o
    0x08028222   0x08028222   0x00000014   Data   RO         1601    .constdata          wstr.o
    0x08028236   0x08028236   0x00000022   Data   RO         1614    .constdata          utils.o
    0x08028258   0x08028258   0x00000013   Data   RO         1687    .constdata          event_queue.o
    0x0802826b   0x0802826b   0x00000001   PAD
    0x0802826c   0x0802826c   0x0000006c   Data   RO         1769    .constdata          slider.o
    0x080282d8   0x080282d8   0x00000017   Data   RO         1853    .constdata          str.o
    0x080282ef   0x080282ef   0x00000001   PAD
    0x080282f0   0x080282f0   0x0000006c   Data   RO         1888    .constdata          pages.o
    0x0802835c   0x0802835c   0x0000006c   Data   RO         1907    .constdata          edit.o
    0x080283c8   0x080283c8   0x0000006c   Data   RO         1930    .constdata          view.o
    0x08028434   0x08028434   0x000004ae   Data   RO         1963    .constdata          widget_factory.o
    0x080288e2   0x080288e2   0x00000002   PAD
    0x080288e4   0x080288e4   0x0000006c   Data   RO         2185    .constdata          spin_box.o
    0x08028950   0x08028950   0x0000006c   Data   RO         2204    .constdata          dragger.o
    0x080289bc   0x080289bc   0x0000006c   Data   RO         2223    .constdata          dialog_client.o
    0x08028a28   0x08028a28   0x0000006c   Data   RO         2238    .constdata          dialog_title.o
    0x08028a94   0x08028a94   0x00000019   Data   RO         2556    .constdata          input_method_creator.o
    0x08028aad   0x08028aad   0x00000003   PAD
    0x08028ab0   0x08028ab0   0x0000006c   Data   RO         2572    .constdata          button_group.o
    0x08028b1c   0x08028b1c   0x00000084   Data   RO         2608    .constdata          combo_box.o
    0x08028ba0   0x08028ba0   0x0000006c   Data   RO         2634    .constdata          combo_box_item.o
    0x08028c0c   0x08028c0c   0x00000060   Data   RO         2649    .constdata          easing.o
    0x08028c6c   0x08028c6c   0x0000000a   Data   RO         2663    .constdata          fs.o
    0x08028c76   0x08028c76   0x00000002   PAD
    0x08028c78   0x08028c78   0x0000006c   Data   RO         2722    .constdata          popup.o
    0x08028ce4   0x08028ce4   0x0000006c   Data   RO         2767    .constdata          tab_button.o
    0x08028d50   0x08028d50   0x0000006c   Data   RO         2786    .constdata          tab_button_group.o
    0x08028dbc   0x08028dbc   0x0000006c   Data   RO         2804    .constdata          tab_control.o
    0x08028e28   0x08028e28   0x00000004   Data   RO         2935    .constdata          ui_loader_default.o
    0x08028e2c   0x08028e2c   0x0000006c   Data   RO         3042    .constdata          color_tile.o
    0x08028e98   0x08028e98   0x00000016   Data   RO         3061    .constdata          assets_manager.o
    0x08028eae   0x08028eae   0x00000013   Data   RO         3076    .constdata          locale_info.o
    0x08028ec1   0x08028ec1   0x00000003   PAD
    0x08028ec4   0x08028ec4   0x0000006c   Data   RO         3103    .constdata          app_bar.o
    0x08028f30   0x08028f30   0x0000006c   Data   RO         3121    .constdata          column.o
    0x08028f9c   0x08028f9c   0x0000006c   Data   RO         3139    .constdata          grid.o
    0x08029008   0x08029008   0x0000006c   Data   RO         3157    .constdata          row.o
    0x08029074   0x08029074   0x0000006c   Data   RO         3175    .constdata          calibration_win.o
    0x080290e0   0x080290e0   0x00000013   Data   RO         3193    .constdata          font_loader_bitmap.o
    0x080290f3   0x080290f3   0x00000001   PAD
    0x080290f4   0x080290f4   0x0000002b   Data   RO         3273    .constdata          style_const.o
    0x0802911f   0x0802911f   0x0000001f   Data   RO         3304    .constdata          widget_animator_manager.o
    0x0802913e   0x0802913e   0x00000002   PAD
    0x08029140   0x08029140   0x0000002a   Data   RO         3319    .constdata          clip_board_default.o
    0x0802916a   0x0802916a   0x00000002   PAD
    0x0802916c   0x0802916c   0x0000006c   Data   RO         3365    .constdata          grid_item.o
    0x080291d8   0x080291d8   0x00000026   Data   RO         3383    .constdata          input_device_status.o
    0x080291fe   0x080291fe   0x00000002   PAD
    0x08029200   0x08029200   0x0000006c   Data   RO         3397    .constdata          system_bar.o
    0x0802926c   0x0802926c   0x00000064   Data   RO         3416    .constdata          children_layouter_default.o
    0x080292d0   0x080292d0   0x00000035   Data   RO         3461    .constdata          self_layouter_default.o
    0x08029305   0x08029305   0x0000000d   Data   RO         3557    .constdata          event.o
    0x08029312   0x08029312   0x00000013   Data   RO         3573    .constdata          named_value.o
    0x08029325   0x08029325   0x0000000e   Data   RO         3589    .constdata          object.o
    0x08029333   0x08029333   0x00000001   PAD
    0x08029334   0x08029334   0x00000058   Data   RO         3656    .constdata          object_default.o
    0x0802938c   0x0802938c   0x0000002c   Data   RO         3728    .constdata          timer_info.o
    0x080293b8   0x080293b8   0x00000015   Data   RO         3743    .constdata          timer_manager.o
    0x080293cd   0x080293cd   0x00000014   Data   RO         3758    .constdata          idle_manager.o
    0x080293e1   0x080293e1   0x00000003   PAD
    0x080293e4   0x080293e4   0x0000002c   Data   RO         3773    .constdata          idle_info.o
    0x08029410   0x08029410   0x0000001f   Data   RO         3788    .constdata          slist.o
    0x0802942f   0x0802942f   0x00000032   Data   RO         3804    .constdata          widget_pool.o
    0x08029461   0x08029461   0x00000028   Data   RO         3819    .constdata          darray.o
    0x08029489   0x08029489   0x00000007   PAD
    0x08029490   0x08029490   0x0000010c   Data   RO         3835    .constdata          expr_eval.o
    0x0802959c   0x0802959c   0x0000000f   Data   RO         3849    .constdata          lcd_stm32_raw.o
    0x080295ab   0x080295ab   0x00025865   Data   RO         4126    .constdata          assets-mini.o
    0x0804ee10   0x0804ee10   0x00000011   Data   RO         4211    .constdata          c_w.l(__printf_flags_ss_wp.o)
    0x0804ee21   0x0804ee21   0x00000007   PAD
    0x0804ee28   0x0804ee28   0x00000050   Data   RO         4339    .constdata          m_ws.l(acos.o)
    0x0804ee78   0x0804ee78   0x00000050   Data   RO         4349    .constdata          m_ws.l(asin.o)
    0x0804eec8   0x0804eec8   0x00000098   Data   RO         4359    .constdata          m_ws.l(atan.o)
    0x0804ef60   0x0804ef60   0x00000058   Data   RO         4385    .constdata          m_ws.l(exp.o)
    0x0804efb8   0x0804efb8   0x00000038   Data   RO         4399    .constdata          m_ws.l(log.o)
    0x0804eff0   0x0804eff0   0x00000088   Data   RO         4417    .constdata          m_ws.l(pow.o)
    0x0804f078   0x0804f078   0x00000008   Data   RO         4480    .constdata          c_w.l(_printf_wctomb.o)
    0x0804f080   0x0804f080   0x00000028   Data   RO         4509    .constdata          c_w.l(_printf_hex_int_ll_ptr.o)
    0x0804f0a8   0x0804f0a8   0x00000030   Data   RO         4584    .constdata          m_ws.l(cos_i.o)
    0x0804f0d8   0x0804f0d8   0x00000008   Data   RO         4604    .constdata          m_ws.l(qnan.o)
    0x0804f0e0   0x0804f0e0   0x000000c8   Data   RO         4607    .constdata          m_ws.l(rred.o)
    0x0804f1a8   0x0804f1a8   0x00000028   Data   RO         4611    .constdata          m_ws.l(sin_i.o)
    0x0804f1d0   0x0804f1d0   0x00000060   Data   RO         4617    .constdata          m_ws.l(tan_i.o)
    0x0804f230   0x0804f230   0x00000026   Data   RO         4652    .constdata          c_w.l(_printf_fp_hex.o)
    0x0804f256   0x0804f256   0x00000002   PAD
    0x0804f258   0x0804f258   0x00000094   Data   RO         4731    .constdata          c_w.l(bigflt0.o)
    0x0804f2ec   0x0804f2ec   0x0000000f   Data   RO          681    .conststring        button_1.o
    0x0804f2fb   0x0804f2fb   0x00000001   PAD
    0x0804f2fc   0x0804f2fc   0x00000025   Data   RO          865    .conststring        check_button.o
    0x0804f321   0x0804f321   0x00000003   PAD
    0x0804f324   0x0804f324   0x0000003a   Data   RO          909    .conststring        dialog.o
    0x0804f35e   0x0804f35e   0x00000002   PAD
    0x0804f360   0x0804f360   0x00000281   Data   RO          998    .conststring        enums.o
    0x0804f5e1   0x0804f5e1   0x00000003   PAD
    0x0804f5e4   0x0804f5e4   0x0000000a   Data   RO         1068    .conststring        group_box.o
    0x0804f5ee   0x0804f5ee   0x00000002   PAD
    0x0804f5f0   0x0804f5f0   0x00000055   Data   RO         1086    .conststring        image.o
    0x0804f645   0x0804f645   0x00000003   PAD
    0x0804f648   0x0804f648   0x00000006   Data   RO         1180    .conststring        label.o
    0x0804f64e   0x0804f64e   0x00000002   PAD
    0x0804f650   0x0804f650   0x00000026   Data   RO         1250    .conststring        progress_bar.o
    0x0804f676   0x0804f676   0x00000002   PAD
    0x0804f678   0x0804f678   0x00000068   Data   RO         1375    .conststring        widget.o
    0x0804f6e0   0x0804f6e0   0x00000007   Data   RO         1555    .conststring        window.o
    0x0804f6e7   0x0804f6e7   0x00000001   PAD
    0x0804f6e8   0x0804f6e8   0x0000000f   Data   RO         1574    .conststring        window_manager.o
    0x0804f6f7   0x0804f6f7   0x00000001   PAD
    0x0804f6f8   0x0804f6f8   0x00000018   Data   RO         1770    .conststring        slider.o
    0x0804f710   0x0804f710   0x00000006   Data   RO         1889    .conststring        pages.o
    0x0804f716   0x0804f716   0x00000002   PAD
    0x0804f718   0x0804f718   0x00000085   Data   RO         1908    .conststring        edit.o
    0x0804f79d   0x0804f79d   0x00000003   PAD
    0x0804f7a0   0x0804f7a0   0x00000005   Data   RO         1931    .conststring        view.o
    0x0804f7a5   0x0804f7a5   0x00000003   PAD
    0x0804f7a8   0x0804f7a8   0x00000009   Data   RO         2186    .conststring        spin_box.o
    0x0804f7b1   0x0804f7b1   0x00000003   PAD
    0x0804f7b4   0x0804f7b4   0x00000026   Data   RO         2205    .conststring        dragger.o
    0x0804f7da   0x0804f7da   0x00000002   PAD
    0x0804f7dc   0x0804f7dc   0x0000000e   Data   RO         2224    .conststring        dialog_client.o
    0x0804f7ea   0x0804f7ea   0x00000002   PAD
    0x0804f7ec   0x0804f7ec   0x0000000d   Data   RO         2239    .conststring        dialog_title.o
    0x0804f7f9   0x0804f7f9   0x00000003   PAD
    0x0804f7fc   0x0804f7fc   0x00000a61   Data   RO         2590    .conststring        color_parser.o
    0x0805025d   0x0805025d   0x00000003   PAD
    0x08050260   0x08050260   0x00000026   Data   RO         2609    .conststring        combo_box.o
    0x08050286   0x08050286   0x00000002   PAD
    0x08050288   0x08050288   0x0000000f   Data   RO         2635    .conststring        combo_box_item.o
    0x08050297   0x08050297   0x00000001   PAD
    0x08050298   0x08050298   0x00000036   Data   RO         2723    .conststring        popup.o
    0x080502ce   0x080502ce   0x00000002   PAD
    0x080502d0   0x080502d0   0x0000000b   Data   RO         2768    .conststring        tab_button.o
    0x080502db   0x080502db   0x00000001   PAD
    0x080502dc   0x080502dc   0x00000011   Data   RO         2787    .conststring        tab_button_group.o
    0x080502ed   0x080502ed   0x00000003   PAD
    0x080502f0   0x080502f0   0x0000000c   Data   RO         2805    .conststring        tab_control.o
    0x080502fc   0x080502fc   0x00000025   Data   RO         3043    .conststring        color_tile.o
    0x08050321   0x08050321   0x00000003   PAD
    0x08050324   0x08050324   0x00000008   Data   RO         3104    .conststring        app_bar.o
    0x0805032c   0x0805032c   0x00000007   Data   RO         3122    .conststring        column.o
    0x08050333   0x08050333   0x00000001   PAD
    0x08050334   0x08050334   0x00000004   Data   RO         3140    .conststring        grid.o
    0x08050338   0x08050338   0x00000010   Data   RO         3176    .conststring        calibration_win.o
    0x08050348   0x08050348   0x0000000b   Data   RO         3398    .conststring        system_bar.o
    0x08050353   0x08050353   0x00000001   PAD
    0x08050354   0x08050354   0x0000000f   Data   RO         3657    .conststring        object_default.o
    0x08050363   0x08050363   0x00000001   PAD
    0x08050364   0x08050364   0x0000000b   Data   RO         3729    .conststring        timer_info.o
    0x0805036f   0x0805036f   0x00000001   PAD
    0x08050370   0x08050370   0x0000000a   Data   RO         3774    .conststring        idle_info.o
    0x0805037a   0x0805037a   0x00000002   PAD
    0x0805037c   0x0805037c   0x0000016b   Data   RO         3836    .conststring        expr_eval.o
    0x080504e7   0x080504e7   0x00000001   PAD
    0x080504e8   0x080504e8   0x00000020   Data   RO         4882    Region$$Table       anon$$obj.o
    0x08050508   0x08050508   0x00000008   Data   RO         4765    c$$dinf             fz_ws.l(fpconst.o)
    0x08050510   0x08050510   0x00000008   Data   RO         4768    c$$dmax             fz_ws.l(fpconst.o)
    0x08050518   0x08050518   0x00000110   Data   RO         4551    locale$$data        c_w.l(lc_ctype_c.o)
    0x08050628   0x08050628   0x0000001c   Data   RO         4676    locale$$data        c_w.l(lc_numeric_c.o)


    Execution Region RW_IRAM1 (Exec base: 0x20000000, Load base: 0x08050644, Size: 0x00003ea0, Max: 0x00010000, ABSOLUTE, COMPRESSED[0x00000410])

    Exec Addr    Load Addr    Size         Type   Attr      Idx    E Section Name        Object

    0x20000000   COMPRESSED   0x00000014   Data   RW          105    .data               system_stm32f10x.o
    0x20000014   COMPRESSED   0x00000006   Data   RW          218    .data               usart.o
    0x2000001a   COMPRESSED   0x00000014   Data   RW          282    .data               stm32f10x_rcc.o
    0x2000002e   COMPRESSED   0x00000001   Data   RW          452    .data               led.o
    0x2000002f   COMPRESSED   0x00000001   Data   RW          480    .data               button.o
    0x20000030   COMPRESSED   0x00000004   Data   RW          493    .data               tim.o
    0x20000034   COMPRESSED   0x0000000a   Data   RW          514    .data               rtc.o
    0x2000003e   COMPRESSED   0x00000008   Data   RW          537    .data               touch.o
    0x20000046   COMPRESSED   0x00000002   PAD
    0x20000048   COMPRESSED   0x00000008   Data   RW          682    .data               button_1.o
    0x20000050   COMPRESSED   0x00000008   Data   RW          866    .data               check_button.o
    0x20000058   COMPRESSED   0x00000014   Data   RW          910    .data               dialog.o
    0x2000006c   COMPRESSED   0x00000004   Data   RW         1041    .data               font_manager.o
    0x20000070   COMPRESSED   0x00000028   Data   RW         1087    .data               image.o
    0x20000098   COMPRESSED   0x00000004   Data   RW         1108    .data               image_manager.o
    0x2000009c   COMPRESSED   0x00000004   Data   RW         1218    .data               main_loop.o
    0x200000a0   COMPRESSED   0x00000010   Data   RW         1251    .data               progress_bar.o
    0x200000b0   COMPRESSED   0x00000004   Data   RW         1282    .data               theme.o
    0x200000b4   COMPRESSED   0x00000034   Data   RW         1376    .data               widget.o
    0x200000e8   COMPRESSED   0x00000014   Data   RW         1556    .data               window.o
    0x200000fc   COMPRESSED   0x00000004   Data   RW         1575    .data               window_manager.o
    0x20000100   COMPRESSED   0x00000018   Data   RW         1771    .data               slider.o
    0x20000118   COMPRESSED   0x00000008   Data   RW         1890    .data               pages.o
    0x20000120   COMPRESSED   0x00000038   Data   RW         1909    .data               edit.o
    0x20000158   COMPRESSED   0x00000004   Data   RW         1964    .data               widget_factory.o
    0x2000015c   COMPRESSED   0x00000004   Data   RW         2143    .data               input_method.o
    0x20000160   COMPRESSED   0x00000014   Data   RW         2206    .data               dragger.o
    0x20000174   COMPRESSED   0x00000460   Data   RW         2591    .data               color_parser.o
    0x200005d4   COMPRESSED   0x0000003c   Data   RW         2610    .data               combo_box.o
    0x20000610   COMPRESSED   0x0000001c   Data   RW         2724    .data               popup.o
    0x2000062c   COMPRESSED   0x00000008   Data   RW         2769    .data               tab_button.o
    0x20000634   COMPRESSED   0x0000000c   Data   RW         3044    .data               color_tile.o
    0x20000640   COMPRESSED   0x00000004   Data   RW         3062    .data               assets_manager.o
    0x20000644   COMPRESSED   0x00000004   Data   RW         3077    .data               locale_info.o
    0x20000648   COMPRESSED   0x00000008   Data   RW         3194    .data               font_loader_bitmap.o
    0x20000650   COMPRESSED   0x00000004   Data   RW         3287    .data               style_factory.o
    0x20000654   COMPRESSED   0x00000004   Data   RW         3305    .data               widget_animator_manager.o
    0x20000658   COMPRESSED   0x00000004   Data   RW         3336    .data               clip_board.o
    0x2000065c   COMPRESSED   0x00000008   Data   RW         3399    .data               system_bar.o
    0x20000664   COMPRESSED   0x00000004   Data   RW         3744    .data               timer_manager.o
    0x20000668   COMPRESSED   0x00000004   Data   RW         3759    .data               idle_manager.o
    0x2000066c   COMPRESSED   0x00000004   Data   RW         3805    .data               widget_pool.o
    0x20000670   COMPRESSED   0x00000004   Data   RW         4020    .data               mutex_null.o
    0x20000674   COMPRESSED   0x00000004   Data   RW         4037    .data               sys_tick.o
    0x20000678        -       0x000000c8   Zero   RW          217    .bss                usart.o
    0x20000740        -       0x0000000a   Zero   RW          512    .bss                rtc.o
    0x2000074a   COMPRESSED   0x00000002   PAD
    0x2000074c        -       0x0000000c   Zero   RW          536    .bss                touch.o
    0x20000758        -       0x00001000   Zero   RW          591    .bss                flash.o
    0x20001758        -       0x00000014   Zero   RW         1235    .bss                mem.o
    0x2000176c        -       0x0000001c   Zero   RW         1824    .bss                system_info.o
    0x20001788        -       0x00000090   Zero   RW         1869    .bss                main_loop_simple.o
    0x20001818        -       0x00000024   Zero   RW         2900    .bss                ui_builder_default.o
    0x2000183c        -       0x00002000   Zero   RW         4006    .bss                platform.o
    0x2000383c        -       0x00000060   Zero   RW         4623    .bss                c_w.l(libspace.o)
    0x2000389c   COMPRESSED   0x00000004   PAD
    0x200038a0        -       0x00000200   Zero   RW          251    HEAP                startup_stm32f10x_hd.o
    0x20003aa0        -       0x00000400   Zero   RW          250    STACK               startup_stm32f10x_hd.o


==============================================================================

Image component sizes


      Code (inc. data)   RO Data    RW Data    ZI Data      Debug   Object Name

        60          4        116          0          0       1526   app_bar.o
       412        132     153701          0          0      12083   assets-mini.o
       784         42         22          4          0       6642   assets_manager.o
       812         18          0          0          0      40723   awtk_global.o
      1410         38         68          0          0      22803   bitmap.o
      1064          8         24          0          0       8623   buffer.o
       256         12          0          1          0        850   button.o
       756         52        123          8          0      46982   button_1.o
        80          4        108          0          0       1828   button_group.o
       692         22        124          0          0       4998   calibration_win.o
     11158         56          0          0          0      54160   canvas.o
       876         66        253          8          0       5481   check_button.o
       344          0          0          0          0       3722   children_layouter.o
      2144        110        100          0          0       6807   children_layouter_default.o
       336         20          0          0          0       4569   children_layouter_factory.o
       260          8          0          4          0       3856   clip_board.o
       160         14         42          0          0       3584   clip_board_default.o
       220         20         13          0          0       6281   color.o
       676        100       2657       1120          0       3893   color_parser.o
       684         58        145         12          0       4521   color_tile.o
        60          4        115          0          0       1516   column.o
      2148        174        170         60          0      12922   combo_box.o
       792         70        123          0          0       4444   combo_box_item.o
         0          0          0          0          0         32   core_cm3.o
       856         22         40          0          0       6779   darray.o
      1432        258          0          0          0       3863   demo1_app.o
        38          0          0          0          0        604   demo_main.o
       536         68        166         20          0      12810   dialog.o
       124         22        122          0          0       1938   dialog_client.o
       108         14        121          0          0       1984   dialog_title.o
       904         70        146         20          0       4812   dragger.o
      2404        128         96          0          0       6321   easing.o
      7020        300        241         56          0      23301   edit.o
       788         10         26          0          0      10141   emitter.o
       292         28       1445          0          0       7608   enums.o
       132          6         13          0          0       2738   event.o
       336          4         19          0          0      27864   event_queue.o
       214          0          0          0          0       2217   events.o
      4932        120        631          0          0      20458   expr_eval.o
       924         12          0          0       4096       3305   flash.o
       204          6         13          0          0       2926   font.o
        44          0          0          0          0       1087   font_loader.o
       400         30         19          8          0       4093   font_loader_bitmap.o
       404         26         20          4          0       7393   font_manager.o
       908         14         10          0          0       9967   fs.o
         4          0          0          0          0        464   fs_os.o
       196         10          0          0          0       2439   func_call_parser.o
        60          4        112          0          0       1496   grid.o
        60          4        108          0          0       1546   grid_item.o
        80          4        118          0          0       1786   group_box.o
      1072         12       2376          0          0       5635   gui.o
       154          0          0          0          0       2301   idle.o
       128          6         54          0          0       2325   idle_info.o
       440         16         20          4          0       4947   idle_manager.o
       532         18        193         40          0       4506   image.o
      1512        124          0          0          0       6373   image_base.o
        34          0          0          0          0       1488   image_loader.o
       924         50         39          4          0      29544   image_manager.o
       796          4         38          0          0       3046   input_device_status.o
       126          0          0          0          0       1042   input_engine.o
         0          0          0          0          0        640   input_engine_null.o
       580         10          0          4          0       5125   input_method.o
       104         12         25          0          0       1687   input_method_creator.o
       860         54        114          0          0       5150   label.o
       400         58          0          0          0       3165   layout.o
      1076          0          0          0          0      18389   lcd.o
       696         18          0          0          0       2092   lcd_driver.o
      1708         42         15          0          0      16845   lcd_stm32_raw.o
       164         10          0          1          0        739   led.o
       592         26         19          4          0       4731   locale_info.o
        68          0          0          0          0     205271   main.o
       300          4          0          4          0       3368   main_loop.o
       696         12          0          0        144       4949   main_loop_simple.o
       216         16          0          0          0      39981   main_loop_stm32_raw.o
       756          4          0          0         20       5727   mem.o
       220         22          0          0          0       1825   misc.o
        28          6          0          4          0       1985   mutex_null.o
       232          6         19          0          0       3255   named_value.o
      1560         12         14          0          0      17338   object.o
       980         12        103          0          0      12720   object_default.o
       520         22        114          8          0       4424   pages.o
       836          6          0          0          0       4938   path.o
       100         12          0          0       8192       1236   platform.o
       520         52        162         28          0       3720   popup.o
      1420        176        146         16          0       5584   progress_bar.o
       736          4         12          0          0       4389   rect.o
        60          4        108          0          0       1482   row.o
      1120         66         24         10         10       4387   rtc.o
       316          0          0          0          0       3439   self_layouter.o
      1448        124         53          0          0       5380   self_layouter_default.o
       172         16          0          0          0       2967   self_layouter_factory.o
      2392        184        132         24          0       7857   slider.o
       592         16         31          0          0       5646   slist.o
       476         16          0          0          0       1828   spi.o
       340         68        117          0          0       2345   spin_box.o
        64         26        304          0       1536        812   startup_stm32f10x_hd.o
       196          8          0          0          0       3520   stm32f10x_bkp.o
      1548         18          0          0          0       5399   stm32f10x_fsmc.o
       860         38          0          0          0       5757   stm32f10x_gpio.o
        24          0          0          0          0      64030   stm32f10x_it.o
       204         14          0          0          0       1967   stm32f10x_pwr.o
       932         36          0         20          0       8944   stm32f10x_rcc.o
       328          4          0          0          0       2734   stm32f10x_rtc.o
       780         14          0          0          0       6638   stm32f10x_spi.o
      3610         88          0          0          0      22864   stm32f10x_tim.o
      1032         22          0          0          0       8480   stm32f10x_usart.o
      2194         62         23          0          0      12178   str.o
       212          0          0          0          0       4217   style.o
       480         80         43          0          0       4260   style_const.o
        52          6          0          4          0       2113   style_factory.o
        76          6          0          4          0       1757   sys_tick.o
       348         40        119          8          0       3108   system_bar.o
        76         24          0          0         28       1427   system_info.o
       480         38          0         20          0       1775   system_stm32f10x.o
      1152         94        119          8          0       6364   tab_button.o
       976         66        125          0          0       6172   tab_button_group.o
        80          4        120          0          0       1814   tab_control.o
       544         18         13          4          0       4321   theme.o
       572         24          0          4          0       1965   tim.o
        24          0          0          0          0        625   time_now.o
       226          0          0          0          0       2917   timer.o
       140          4         55          0          0       2389   timer_info.o
       612         16         21          4          0       5843   timer_manager.o
       616          4          0          0          0       4331   tokenizer.o
      1088         38          0          8         12       4326   touch.o
       162          0          0          0          0       2952   ui_builder.o
       260         26          0          0         36       3201   ui_builder_default.o
        48          0          0          0          0       1149   ui_loader.o
       284         10          4          0          0       1939   ui_loader_default.o
       296         16          0          6        200       3210   usart.o
       772          4        260          0          0       5509   utf8.o
      2704         68         34          0          0      19285   utils.o
      2148         60         13          0          0      17582   value.o
      2696         14          0          0          0      27230   vgcanvas.o
        60          4        113          0          0       1496   view.o
     12116        680        104         52          0      84367   widget.o
      1020          4          0          0          0       7838   widget_animator.o
         6          0          0          0          0       2137   widget_animator_factory_null.o
       832         14         31          4          0       7716   widget_animator_manager.o
       384         26       1198          4          0      25384   widget_factory.o
       728         24         50          4          0       5312   widget_pool.o
       740         30        108          0          0      26171   widget_vtable.o
        60          4        115         20          0       1612   window.o
       362          0          0          0          0       2237   window_animator.o
        16          0          0          0          0       1483   window_animator_null.o
      1286        152          0          0          0       4618   window_base.o
      3500        128        145          4          0      20648   window_manager.o
       176          6          0          0          0       2220   window_open.o
      1872         26         20          0          0      10652   wstr.o

    ----------------------------------------------------------------------
    129658       5600     168574       1656      14276    1397592   Object Totals
         0          0         32          0          0          0   (incl. Generated)
        18          0        107          2          2          0   (incl. Padding)

    ----------------------------------------------------------------------

      Code (inc. data)   RO Data    RW Data    ZI Data      Debug   Library Member Name

        24          4          0          0          0         84   __2printf.o
       100          0          0          0          0          0   __dclz77c.o
         8          0          0          0          0         68   __main.o
       392          4         17          0          0         92   __printf_flags_ss_wp.o
        14          0          0          0          0         68   __printf_wp.o
         0          0          0          0          0          0   __rtentry.o
        12          0          0          0          0          0   __rtentry2.o
         6          0          0          0          0          0   __rtentry4.o
        52          8          0          0          0          0   __scatter.o
        28          0          0          0          0          0   __scatter_zi.o
        28          0          0          0          0         68   _chval.o
        60          0          0          0          0         92   _mbrtowc.o
         6          0          0          0          0          0   _printf_a.o
         6          0          0          0          0          0   _printf_c.o
        44          0          0          0          0        108   _printf_char.o
        48          6          0          0          0         96   _printf_char_common.o
        36          4          0          0          0         80   _printf_char_file.o
        40          0          0          0          0         68   _printf_charcount.o
         6          0          0          0          0          0   _printf_d.o
       120         16          0          0          0         92   _printf_dec.o
         6          0          0          0          0          0   _printf_e.o
         6          0          0          0          0          0   _printf_f.o
      1054          0          0          0          0        216   _printf_fp_dec.o
       764          8         38          0          0        100   _printf_fp_hex.o
       128         16          0          0          0         84   _printf_fp_infnan.o
         6          0          0          0          0          0   _printf_g.o
       148          4         40          0          0        160   _printf_hex_int_ll_ptr.o
         6          0          0          0          0          0   _printf_i.o
       178          0          0          0          0         88   _printf_intcommon.o
        10          0          0          0          0          0   _printf_l.o
         6          0          0          0          0          0   _printf_lc.o
        10          0          0          0          0          0   _printf_ll.o
         6          0          0          0          0          0   _printf_lld.o
         6          0          0          0          0          0   _printf_lli.o
         6          0          0          0          0          0   _printf_llo.o
         6          0          0          0          0          0   _printf_llu.o
         6          0          0          0          0          0   _printf_llx.o
       124         16          0          0          0         92   _printf_longlong_dec.o
         6          0          0          0          0          0   _printf_ls.o
         6          0          0          0          0          0   _printf_n.o
         6          0          0          0          0          0   _printf_o.o
       112         10          0          0          0        124   _printf_oct_int_ll.o
         6          0          0          0          0          0   _printf_p.o
        78          0          0          0          0        108   _printf_pad.o
         0          0          0          0          0          0   _printf_percent.o
         4          0          0          0          0          0   _printf_percent_end.o
         6          0          0          0          0          0   _printf_s.o
        82          0          0          0          0         80   _printf_str.o
        36          0          0          0          0         84   _printf_truncate.o
         6          0          0          0          0          0   _printf_u.o
        44          0          0          0          0        108   _printf_wchar.o
       188          6          8          0          0         92   _printf_wctomb.o
         6          0          0          0          0          0   _printf_x.o
        22          0          0          0          0        100   _rserrno.o
       884          6          0          0          0        100   _scanf.o
       332          0          0          0          0         96   _scanf_int.o
       342          0          0          0          0        100   _scanf_longlong.o
       276          0          0          0          0        100   _scanf_mbtowc.o
       224          0          0          0          0         96   _scanf_str.o
        30          0          0          0          0         76   _scanf_wcharmap.o
       232          0          0          0          0        100   _scanf_wctomb.o
       208          0          0          0          0         96   _scanf_wstr.o
        64          0          0          0          0         84   _sgetc.o
        16          0          0          0          0         68   _snputc.o
        10          0          0          0          0         68   _sputc.o
        64          0          0          0          0         92   _wcrtomb.o
       228          4        148          0          0         96   bigflt0.o
        80          0          0          0          0         88   bsearchnoex.o
      2152        136          0          0          0        960   btod.o
        18          0          0          0          0         80   exit.o
         8          0          0          0          0         68   ferror.o
         6          0          0          0          0        152   heapauxi.o
        18          0          0          0          0         76   isspace.o
        44         10        272          0          0         76   lc_ctype_c.o
        44         10         28          0          0         76   lc_numeric_c.o
         2          0          0          0          0          0   libinit.o
        30          0          0          0          0          0   libinit2.o
         2          0          0          0          0          0   libshutdown.o
         2          0          0          0          0          0   libshutdown2.o
         8          4          0          0         96         68   libspace.o
        38          0          0          0          0         68   llshl.o
       138          0          0          0          0         80   lludiv10.o
        88          0          0          0          0         76   memcmp.o
        16          4          0          0          0         76   rt_ctype_table.o
         8          4          0          0          0         68   rt_errno_addr_intlibspace.o
         8          4          0          0          0         68   rt_locale_intlibspace.o
        68          0          0          0          0         68   rt_memclr.o
        78          0          0          0          0         80   rt_memclr_w.o
       138          0          0          0          0         68   rt_memcpy_v6.o
       100          0          0          0          0         80   rt_memcpy_w.o
       132          0          0          0          0         68   rt_memmove_v6.o
       122          0          0          0          0         80   rt_memmove_w.o
         2          0          0          0          0          0   rtexit.o
        10          0          0          0          0          0   rtexit2.o
        44          8          0          0          0         84   scanf_char.o
      1272         16          0          0          0        168   scanf_fp.o
       800         14          0          0          0        100   scanf_hexfp.o
       308         16          0          0          0        100   scanf_infnan.o
        20          0          0          0          0         68   strchr.o
       128          0          0          0          0         68   strcmpv7m.o
        72          0          0          0          0         80   strcpy.o
        62          0          0          0          0         76   strlen.o
       150          0          0          0          0         80   strncmp.o
        86          0          0          0          0         76   strncpy.o
        22          0          0          0          0         68   strrchr.o
        36          0          0          0          0         80   strstr.o
       164         14          0          0          0        120   strtod.o
        74          0          0          0          0         80   sys_stackheap_outer.o
        26          0          0          0          0         76   tolower.o
        30          0          0          0          0         76   toupper.o
         2          0          0          0          0         68   use_no_semi.o
         2          0          0          0          0         68   use_no_semi_2.o
        52          4          0          0          0         80   vsnprintf.o
        52          8          0          0          0         80   vsscanf.o
        22          0          0          0          0         68   wcschr.o
        24          0          0          0          0         68   wcscmp.o
        18          0          0          0          0         68   wcscpy.o
        18          0          0          0          0         68   wcslen.o
        98          4          0          0          0         92   d2f.o
       826         16          0          0          0        348   daddsub_clz.o
        16          4          0          0          0         68   dcheck1.o
        24          0          0          0          0         68   dcmpi.o
       688        140          0          0          0        208   ddiv.o
       120          4          0          0          0         92   deqf.o
        94          4          0          0          0         92   dfix.o
       194          4          0          0          0        116   dfixll.o
        90          4          0          0          0         92   dfixu.o
        84          0          0          0          0        136   dflt_clz.o
       162          0          0          0          0         84   dfltll_clz.o
       120          4          0          0          0         92   dleqf.o
       340         12          0          0          0        104   dmul.o
       156          4          0          0          0         92   dnaninf.o
        12          0          0          0          0         68   dretinf.o
       108          0          0          0          0         80   drleqf.o
       460         56          0          0          0        120   dsqrt_noumaal.o
        86          4          0          0          0         84   f2d.o
       450          8          0          0          0        236   faddsub_clz.o
        24          0          0          0          0         68   fcmpi.o
       388         76          0          0          0         96   fdiv.o
       104          4          0          0          0         84   feqf.o
        54          4          0          0          0         84   ffix.o
        62          4          0          0          0         84   ffixu.o
        86          0          0          0          0        136   fflt_clz.o
        96          0          0          0          0         84   ffltll_clz.o
       104          4          0          0          0         84   fleqf.o
       258          4          0          0          0         84   fmul.o
       140          4          0          0          0         84   fnaninf.o
         0          0         16          0          0          0   fpconst.o
        10          0          0          0          0         68   fretinf.o
        98          0          0          0          0         68   frleqf.o
         6          0          0          0          0         68   istatus.o
         4          0          0          0          0         68   printf1.o
         4          0          0          0          0         68   printf2.o
       100          0          0          0          0         68   retnan.o
        92          0          0          0          0         68   scalbn.o
         4          0          0          0          0         68   scanf1.o
         8          0          0          0          0         84   scanf2.o
        48          0          0          0          0         68   trapv.o
         0          0          0          0          0          0   usenofp.o
       636         62         80          0          0        188   acos.o
       624         52         80          0          0        168   asin.o
       544         70        152          0          0        124   atan.o
        42          0          0          0          0         84   atof.o
       220         16          0          0          0         84   ceil.o
         4          0          0          0          0         68   ceill.o
       156          8          0          0          0        104   cos.o
       252         22         48          0          0        124   cos_i.o
        68         10          0          0          0        408   dunder.o
       644         90         88          0          0        204   exp.o
       220         16          0          0          0         84   floor.o
        40          0          0          0          0         68   fpclassify.o
        88          8          0          0          0         76   frexp.o
       138          0          0          0          0        160   ldexp.o
       860         52         56          0          0        256   log.o
       228         30          0          0          0        120   log10.o
       204          4          0          0          0        168   narrow.o
       170          0          0          0          0         96   poly.o
      2520        190        136          0          0        324   pow.o
         0          0          8          0          0          0   qnan.o
       904         76        200          0          0        140   rred.o
       160         10          0          0          0        108   sin.o
       236         12         40          0          0        128   sin_i.o
        76          0          0          0          0         84   sqrt.o
       100         10          0          0          0         96   tan.o
       636         50         96          0          0        168   tan_i.o

    ----------------------------------------------------------------------
     29492       1522       1560          0        100      15504   Library Totals
        36          2          9          0          4          0   (incl. Padding)

    ----------------------------------------------------------------------

      Code (inc. data)   RO Data    RW Data    ZI Data      Debug   Library Name

     13868        364        551          0         96       8016   c_w.l
      5818        368         16          0          0       3856   fz_ws.l
      9770        788        984          0          0       3632   m_ws.l

    ----------------------------------------------------------------------
     29492       1522       1560          0        100      15504   Library Totals

    ----------------------------------------------------------------------

==============================================================================


      Code (inc. data)   RO Data    RW Data    ZI Data      Debug   

    159150       7122     170134       1656      14376    1389848   Grand Totals
    159150       7122     170134       1040      14376    1389848   ELF Image Totals (compressed)
    159150       7122     170134       1040          0          0   ROM Totals

==============================================================================

    Total RO  Size (Code + RO Data)               329284 ( 321.57kB)
    Total RW  Size (RW Data + ZI Data)             16032 (  15.66kB)
    Total ROM Size (Code + RO Data + RW Data)     330324 ( 322.58kB)

==============================================================================

