Component: ARM Compiler 5.06 update 5 (build 528) Tool: armlink [4d35e2]

==============================================================================

Section Cross References

    system_stm32f10x.o(.text) refers to system_stm32f10x.o(.data) for SystemCoreClock
    main.o(.text) refers to misc.o(.text) for NVIC_PriorityGroupConfig
    main.o(.text) refers to led.o(.text) for led_init
    main.o(.text) refers to button.o(.text) for button_init
    main.o(.text) refers to lcd_driver.o(.text) for TFT_Init
    main.o(.text) refers to flash.o(.text) for FLASH_Init
    main.o(.text) refers to touch.o(.text) for TOUCH_Init
    main.o(.text) refers to tim.o(.text) for TIM3_Init
    main.o(.text) refers to rtc.o(.text) for rtc_init
    main.o(.text) refers to demo_main.o(.text) for gui_app_start
    sys.o(.text) refers to misc.o(.text) for NVIC_PriorityGroupConfig
    usart.o(.text) refers (Special) to use_no_semi_2.o(.text) for __use_no_semihosting
    usart.o(.text) refers to stm32f10x_rcc.o(.text) for RCC_APB2PeriphClockCmd
    usart.o(.text) refers to stm32f10x_gpio.o(.text) for GPIO_Init
    usart.o(.text) refers to misc.o(.text) for NVIC_Init
    usart.o(.text) refers to stm32f10x_usart.o(.text) for USART_Init
    usart.o(.text) refers to usart.o(.data) for USART_RX_STA
    usart.o(.text) refers to usart.o(.bss) for USART_RX_BUF
    usart.o(.bss) refers (Special) to use_no_semi_2.o(.text) for __use_no_semihosting
    usart.o(.data) refers (Special) to use_no_semi_2.o(.text) for __use_no_semihosting
    startup_stm32f10x_hd.o(STACK) refers (Special) to heapauxi.o(.text) for __use_two_region_memory
    startup_stm32f10x_hd.o(HEAP) refers (Special) to heapauxi.o(.text) for __use_two_region_memory
    startup_stm32f10x_hd.o(RESET) refers (Special) to heapauxi.o(.text) for __use_two_region_memory
    startup_stm32f10x_hd.o(RESET) refers to startup_stm32f10x_hd.o(STACK) for __initial_sp
    startup_stm32f10x_hd.o(RESET) refers to startup_stm32f10x_hd.o(.text) for Reset_Handler
    startup_stm32f10x_hd.o(RESET) refers to stm32f10x_it.o(.text) for NMI_Handler
    startup_stm32f10x_hd.o(RESET) refers to platform.o(.text) for SysTick_Handler
    startup_stm32f10x_hd.o(RESET) refers to rtc.o(.text) for RTC_IRQHandler
    startup_stm32f10x_hd.o(RESET) refers to main_loop_stm32_raw.o(.text) for TIM3_IRQHandler
    startup_stm32f10x_hd.o(RESET) refers to usart.o(.text) for USART1_IRQHandler
    startup_stm32f10x_hd.o(RESET) refers to tim.o(.text) for TIM5_IRQHandler
    startup_stm32f10x_hd.o(.text) refers (Special) to heapauxi.o(.text) for __use_two_region_memory
    startup_stm32f10x_hd.o(.text) refers to system_stm32f10x.o(.text) for SystemInit
    startup_stm32f10x_hd.o(.text) refers to __main.o(!!!main) for __main
    startup_stm32f10x_hd.o(.text) refers to startup_stm32f10x_hd.o(HEAP) for Heap_Mem
    startup_stm32f10x_hd.o(.text) refers to startup_stm32f10x_hd.o(STACK) for Stack_Mem
    stm32f10x_gpio.o(.text) refers to stm32f10x_rcc.o(.text) for RCC_APB2PeriphResetCmd
    stm32f10x_rcc.o(.text) refers to stm32f10x_rcc.o(.data) for APBAHBPrescTable
    stm32f10x_usart.o(.text) refers to stm32f10x_rcc.o(.text) for RCC_APB2PeriphResetCmd
    stm32f10x_wwdg.o(.text) refers to stm32f10x_rcc.o(.text) for RCC_APB1PeriphResetCmd
    stm32f10x_tim.o(.text) refers to stm32f10x_rcc.o(.text) for RCC_APB2PeriphResetCmd
    stm32f10x_bkp.o(.text) refers to stm32f10x_rcc.o(.text) for RCC_BackupResetCmd
    stm32f10x_pwr.o(.text) refers to stm32f10x_rcc.o(.text) for RCC_APB1PeriphResetCmd
    stm32f10x_spi.o(.text) refers to stm32f10x_rcc.o(.text) for RCC_APB2PeriphResetCmd
    led.o(.text) refers to stm32f10x_rcc.o(.text) for RCC_APB2PeriphClockCmd
    led.o(.text) refers to stm32f10x_gpio.o(.text) for GPIO_Init
    led.o(.text) refers to platform.o(.text) for delay_ms
    led.o(.text) refers to led.o(.data) for i
    lcd_driver.o(.text) refers to stm32f10x_rcc.o(.text) for RCC_APB2PeriphClockCmd
    lcd_driver.o(.text) refers to stm32f10x_gpio.o(.text) for GPIO_Init
    lcd_driver.o(.text) refers to stm32f10x_fsmc.o(.text) for FSMC_NORSRAMInit
    button.o(.text) refers to stm32f10x_rcc.o(.text) for RCC_APB2PeriphClockCmd
    button.o(.text) refers to stm32f10x_gpio.o(.text) for GPIO_Init
    button.o(.text) refers to platform.o(.text) for delay_ms
    button.o(.text) refers to button.o(.data) for key_up
    tim.o(.text) refers to stm32f10x_rcc.o(.text) for RCC_APB1PeriphClockCmd
    tim.o(.text) refers to stm32f10x_gpio.o(.text) for GPIO_Init
    tim.o(.text) refers to stm32f10x_tim.o(.text) for TIM_TimeBaseInit
    tim.o(.text) refers to misc.o(.text) for NVIC_Init
    tim.o(.text) refers to tim.o(.data) for TIM5CH1_CAPTURE_STA
    rtc.o(.text) refers to _printf_percent.o(.ARM.Collect$$_printf_percent$$00000000) for _printf_percent
    rtc.o(.text) refers to _printf_d.o(.ARM.Collect$$_printf_percent$$00000009) for _printf_d
[...]
    main_loop_destroy                        0x08007ddb   Thumb Code    26  main_loop.o(.text)
    main_loop                                0x08007df5   Thumb Code     6  main_loop.o(.text)
    main_loop_set                            0x08007dfb   Thumb Code    16  main_loop.o(.text)
    main_loop_queue_event                    0x08007e0b   Thumb Code    28  main_loop.o(.text)
    main_loop_sleep                          0x08007e27   Thumb Code    66  main_loop.o(.text)
    tk_mem_stat                              0x08007e6d   Thumb Code    76  mem.o(.text)
    tk_mem_info_dump                         0x08007eb9   Thumb Code    32  mem.o(.text)
    tk_alloc                                 0x08007ed9   Thumb Code   166  mem.o(.text)
    tk_calloc                                0x08007f7f   Thumb Code    36  mem.o(.text)
    tk_free                                  0x0800800f   Thumb Code   110  mem.o(.text)
    tk_realloc                               0x0800807d   Thumb Code    86  mem.o(.text)
    tk_mem_init                              0x080080d3   Thumb Code    62  mem.o(.text)
    progress_bar_set_value                   0x080083bd   Thumb Code    42  progress_bar.o(.text)
    progress_bar_set_vertical                0x080083e7   Thumb Code    18  progress_bar.o(.text)
    progress_bar_set_show_text               0x080083f9   Thumb Code    18  progress_bar.o(.text)
    progress_bar_create                      0x080084dd   Thumb Code    72  progress_bar.o(.text)
    rect_merge                               0x08008549   Thumb Code   162  rect.o(.text)
    rect_contains                            0x080085eb   Thumb Code    50  rect.o(.text)
    style_get_int                            0x0800861d   Thumb Code   144  theme.o(.text)
    style_get_color                          0x080086ad   Thumb Code    22  theme.o(.text)
    style_get_str                            0x080086c3   Thumb Code   142  theme.o(.text)
    theme_find_style                         0x08008751   Thumb Code   232  theme.o(.text)
    theme                                    0x08008839   Thumb Code     4  theme.o(.text)
    theme_init                               0x0800883d   Thumb Code    20  theme.o(.text)
    utf8_get_char                            0x08008859   Thumb Code   184  utf8.o(.text)
    utf8_get_prev_char                       0x08008911   Thumb Code    60  utf8.o(.text)
    utf8_count_char                          0x0800894d   Thumb Code    42  utf8.o(.text)
    unichar_to_utf8                          0x08008977   Thumb Code   102  utf8.o(.text)
    utf16_to_utf8                            0x080089dd   Thumb Code   268  utf8.o(.text)
    utf8_from_utf16                          0x08008ae9   Thumb Code    42  utf8.o(.text)
    utf8_to_utf16                            0x08008b13   Thumb Code    68  utf8.o(.text)
    value_bool                               0x08008b5d   Thumb Code   230  value.o(.text)
    value_set_bool                           0x08008c43   Thumb Code    18  value.o(.text)
    value_set_int8                           0x08008c55   Thumb Code    18  value.o(.text)
    value_int8                               0x08008c67   Thumb Code    18  value.o(.text)
    value_set_uint8                          0x08008c79   Thumb Code    18  value.o(.text)
    value_uint8                              0x08008c8b   Thumb Code    16  value.o(.text)
    value_set_int16                          0x08008c9b   Thumb Code    18  value.o(.text)
    value_int16                              0x08008cad   Thumb Code    18  value.o(.text)
    value_set_uint16                         0x08008cbf   Thumb Code    18  value.o(.text)
    value_uint16                             0x08008cd1   Thumb Code    16  value.o(.text)
    value_set_int32                          0x08008ce1   Thumb Code    18  value.o(.text)
    value_int                                0x08008cf3   Thumb Code   108  value.o(.text)
    value_int32                              0x08008d5f   Thumb Code    22  value.o(.text)
    value_set_uint32                         0x08008d75   Thumb Code    18  value.o(.text)
    value_uint32                             0x08008d87   Thumb Code    22  value.o(.text)
    value_set_int64                          0x08008d9d   Thumb Code    20  value.o(.text)
    value_int64                              0x08008db1   Thumb Code    20  value.o(.text)
    value_set_uint64                         0x08008dc5   Thumb Code    20  value.o(.text)
    value_uint64                             0x08008dd9   Thumb Code    20  value.o(.text)
    value_set_pointer                        0x08008ded   Thumb Code    18  value.o(.text)
    value_pointer                            0x08008dff   Thumb Code    16  value.o(.text)
    value_set_float                          0x08008e0f   Thumb Code    18  value.o(.text)
    value_float                              0x08008e21   Thumb Code   144  value.o(.text)
    value_set_double                         0x08008eb1   Thumb Code    20  value.o(.text)
    value_double                             0x08008ec5   Thumb Code    20  value.o(.text)
    value_set_str                            0x08008ed9   Thumb Code    18  value.o(.text)
    value_set_wstr                           0x08008eeb   Thumb Code    18  value.o(.text)
    value_str                                0x08008efd   Thumb Code    16  value.o(.text)
    value_wstr                               0x08008f0d   Thumb Code    16  value.o(.text)
    value_copy                               0x08008f1d   Thumb Code    26  value.o(.text)
    value_is_null                            0x08008f37   Thumb Code    14  value.o(.text)
    value_set_int                            0x08008f45   Thumb Code    16  value.o(.text)
    value_create                             0x08008f55   Thumb Code    12  value.o(.text)
    value_destroy                            0x08008f61   Thumb Code    12  value.o(.text)
    widget_dispatch                          0x08008f75   Thumb Code    68  widget.o(.text)
    widget_invalidate                        0x08008ff5   Thumb Code   116  widget.o(.text)
    widget_move                              0x08009069   Thumb Code    48  widget.o(.text)
    widget_resize                            0x08009099   Thumb Code    50  widget.o(.text)
    widget_move_resize                       0x080090cb   Thumb Code    66  widget.o(.text)
    widget_set_name                          0x0800910d   Thumb Code    28  widget.o(.text)
    widget_update_style                      0x08009129   Thumb Code    46  widget.o(.text)
    widget_set_prop                          0x08009157   Thumb Code   404  widget.o(.text)
    widget_set_value                         0x080092eb   Thumb Code    36  widget.o(.text)
    widget_use_style                         0x0800930f   Thumb Code    32  widget.o(.text)
    widget_set_text                          0x0800932f   Thumb Code    36  widget.o(.text)
    widget_set_tr_text                       0x08009353   Thumb Code    58  widget.o(.text)
    widget_re_translate_text                 0x0800938d   Thumb Code     6  widget.o(.text)
    widget_get_prop                          0x08009393   Thumb Code   420  widget.o(.text)
    widget_get_value                         0x08009537   Thumb Code    38  widget.o(.text)
    widget_get_text                          0x0800955d   Thumb Code    38  widget.o(.text)
    widget_set_enable                        0x08009583   Thumb Code    48  widget.o(.text)
    widget_set_focused                       0x080095b3   Thumb Code    48  widget.o(.text)
    widget_set_state                         0x080095e3   Thumb Code    38  widget.o(.text)
    widget_set_opacity                       0x08009609   Thumb Code    26  widget.o(.text)
    widget_set_rotation                      0x08009623   Thumb Code    12  widget.o(.text)
    widget_set_scale                         0x0800962f   Thumb Code    12  widget.o(.text)
    widget_set_anchor                        0x0800963b   Thumb Code    12  widget.o(.text)
    widget_destroy                           0x08009647   Thumb Code   116  widget.o(.text)
    widget_destroy_children                  0x080096bb   Thumb Code    60  widget.o(.text)
    widget_add_child                         0x080096f7   Thumb Code    38  widget.o(.text)
    widget_remove_child                      0x0800971d   Thumb Code    48  widget.o(.text)
    widget_lookup                            0x080097e9   Thumb Code    30  widget.o(.text)
    widget_set_visible                       0x08009879   Thumb Code    30  widget.o(.text)
    widget_find_target                       0x08009897   Thumb Code    62  widget.o(.text)
    widget_on                                0x080098d5   Thumb Code    46  widget.o(.text)
    widget_child_on                          0x08009903   Thumb Code    42  widget.o(.text)
    widget_off                               0x0800992d   Thumb Code    30  widget.o(.text)
    widget_off_by_func                       0x0800994b   Thumb Code    44  widget.o(.text)
    widget_draw_icon_text                    0x08009977   Thumb Code   546  widget.o(.text)
    widget_draw_background                   0x08009b99   Thumb Code   150  widget.o(.text)
    widget_draw_border                       0x08009c2f   Thumb Code    70  widget.o(.text)
    widget_paint_helper                      0x08009c75   Thumb Code    30  widget.o(.text)
    widget_on_paint_done                     0x08009c93   Thumb Code    62  widget.o(.text)
    widget_on_paint_children                 0x08009cd1   Thumb Code    58  widget.o(.text)
    widget_on_paint_self                     0x08009d0b   Thumb Code    66  widget.o(.text)
    widget_on_paint_background               0x08009d4d   Thumb Code    60  widget.o(.text)
    widget_paint                             0x08009d89   Thumb Code   220  widget.o(.text)
    widget_on_keydown                        0x08009e65   Thumb Code    68  widget.o(.text)
    widget_on_keyup                          0x08009ea9   Thumb Code    68  widget.o(.text)
    widget_on_click                          0x08009eed   Thumb Code    68  widget.o(.text)
    widget_on_pointer_down                   0x08009f31   Thumb Code   176  widget.o(.text)
    widget_on_pointer_move                   0x08009fe1   Thumb Code   148  widget.o(.text)
    widget_on_pointer_up                     0x0800a075   Thumb Code    66  widget.o(.text)
    widget_grab                              0x0800a0b7   Thumb Code    54  widget.o(.text)
    widget_ungrab                            0x0800a0ed   Thumb Code    52  widget.o(.text)
    widget_init                              0x0800a121   Thumb Code   118  widget.o(.text)
    widget_to_local                          0x0800a197   Thumb Code    42  widget.o(.text)
    widget_to_global                         0x0800a1c1   Thumb Code    42  widget.o(.text)
    widget_count_children                    0x0800a1eb   Thumb Code    22  widget.o(.text)
    widget_get_child                         0x0800a201   Thumb Code    34  widget.o(.text)
    widget_to_xml                            0x0800a223   Thumb Code    88  widget.o(.text)
    widget_invalidate_default                0x0800a281   Thumb Code    64  widget_vtable.o(.text)
    widget_on_event_default                  0x0800a2c1   Thumb Code    14  widget_vtable.o(.text)
    widget_on_paint_self_default             0x0800a2cf   Thumb Code    14  widget_vtable.o(.text)
    widget_on_paint_children_default         0x0800a2dd   Thumb Code    70  widget_vtable.o(.text)
    widget_on_keydown_default                0x0800a323   Thumb Code    14  widget_vtable.o(.text)
    widget_on_keyup_default                  0x0800a331   Thumb Code    14  widget_vtable.o(.text)
    widget_on_click_default                  0x0800a33f   Thumb Code    14  widget_vtable.o(.text)
    widget_on_pointer_down_default           0x0800a34d   Thumb Code    14  widget_vtable.o(.text)
    widget_on_pointer_move_default           0x0800a35b   Thumb Code    14  widget_vtable.o(.text)
    widget_on_pointer_up_default             0x0800a369   Thumb Code    14  widget_vtable.o(.text)
    widget_get_prop_default                  0x0800a377   Thumb Code    16  widget_vtable.o(.text)
    widget_set_prop_default                  0x0800a387   Thumb Code    16  widget_vtable.o(.text)
    widget_grab_default                      0x0800a397   Thumb Code    34  widget_vtable.o(.text)
    widget_ungrab_default                    0x0800a3b9   Thumb Code    34  widget_vtable.o(.text)
    widget_find_target_default               0x0800a3db   Thumb Code   138  widget_vtable.o(.text)
    widget_destroy_default                   0x0800a465   Thumb Code     6  widget_vtable.o(.text)
    widget_on_paint_background_null          0x0800a46b   Thumb Code     6  widget_vtable.o(.text)
    widget_on_paint_done_null                0x0800a471   Thumb Code     6  widget_vtable.o(.text)
    widget_vtable_default                    0x0800a477   Thumb Code     4  widget_vtable.o(.text)
    window_create                            0x0800a521   Thumb Code   104  window.o(.text)
    window_close                             0x0800a589   Thumb Code    20  window.o(.text)
    window_manager_find_top_window_index     0x0800a6e3   Thumb Code    64  window_manager.o(.text)
    window_manager_get_top_window            0x0800a723   Thumb Code    30  window_manager.o(.text)
    window_manager_add_child                 0x0800a7ad   Thumb Code   144  window_manager.o(.text)
    window_manager_remove_child              0x0800a84d   Thumb Code    46  window_manager.o(.text)
    window_manager_find_target               0x0800a87b   Thumb Code   188  window_manager.o(.text)
    window_manager_paint                     0x0800aa1d   Thumb Code    54  window_manager.o(.text)
    window_manager                           0x0800aa53   Thumb Code     6  window_manager.o(.text)
    window_manager_set                       0x0800aa59   Thumb Code    10  window_manager.o(.text)
    window_manager_init                      0x0800aa63   Thumb Code    40  window_manager.o(.text)
    window_manager_create                    0x0800aa8b   Thumb Code    26  window_manager.o(.text)
    window_manager_on_paint_children         0x0800aafd   Thumb Code   110  window_manager.o(.text)
    window_manager_resize                    0x0800ab6b   Thumb Code    58  window_manager.o(.text)
    window_manager_dispatch_input_event      0x0800ac5d   Thumb Code   374  window_manager.o(.text)
    window_manager_set_animating             0x0800add3   Thumb Code    18  window_manager.o(.text)
    wcs_chr                                  0x0800adf1   Thumb Code    38  wstr.o(.text)
    wcs_cpy                                  0x0800ae17   Thumb Code    40  wstr.o(.text)
    wcs_len                                  0x0800ae3f   Thumb Code    30  wstr.o(.text)
    wstr_init                                0x0800ae93   Thumb Code    36  wstr.o(.text)
    wstr_set                                 0x0800aeb7   Thumb Code    54  wstr.o(.text)
    wstr_set_utf8                            0x0800aeed   Thumb Code    62  wstr.o(.text)
    wstr_get_utf8                            0x0800af2b   Thumb Code    30  wstr.o(.text)
    wstr_remove                              0x0800af49   Thumb Code    88  wstr.o(.text)
    wstr_insert                              0x0800afa1   Thumb Code   180  wstr.o(.text)
    wstr_push                                0x0800b055   Thumb Code    56  wstr.o(.text)
    wstr_pop                                 0x0800b08d   Thumb Code    34  wstr.o(.text)
    wstr_from_int                            0x0800b0af   Thumb Code    38  wstr.o(.text)
    wstr_from_float                          0x0800b0d5   Thumb Code    38  wstr.o(.text)
    wstr_from_value                          0x0800b0fb   Thumb Code   104  wstr.o(.text)
    wstr_to_int                              0x0800b163   Thumb Code    40  wstr.o(.text)
    wstr_to_float                            0x0800b18b   Thumb Code    40  wstr.o(.text)
    wstr_reset                               0x0800b1b3   Thumb Code    20  wstr.o(.text)
    font_bitmap_init                         0x0800b29d   Thumb Code    34  font_bitmap.o(.text)
    font_bitmap_create                       0x0800b2bf   Thumb Code    54  font_bitmap.o(.text)
    tk_str2bool                              0x0800b301   Thumb Code    40  utils.o(.text)
    tk_strtol                                0x0800b3ef   Thumb Code    92  utils.o(.text)
    tk_atoi                                  0x0800b44b   Thumb Code    16  utils.o(.text)
    tk_atof                                  0x0800b45b   Thumb Code   154  utils.o(.text)
    tk_itoa                                  0x0800b585   Thumb Code    22  utils.o(.text)
    tk_ftoa                                  0x0800b59b   Thumb Code   262  utils.o(.text)
    tk_strcpy                                0x0800b6a1   Thumb Code    16  utils.o(.text)
    tk_memset16                              0x0800b6b1   Thumb Code   138  utils.o(.text)
    tk_memset32                              0x0800b73b   Thumb Code    30  utils.o(.text)
    tk_memcpy16                              0x0800b759   Thumb Code    40  utils.o(.text)
    tk_memcpy32                              0x0800b781   Thumb Code    36  utils.o(.text)
    tk_pixel_copy                            0x0800b7a5   Thumb Code    56  utils.o(.text)
    timer_manager                            0x0800b7dd   Thumb Code     6  timer.o(.text)
    timer_manager_set                        0x0800b7e3   Thumb Code    10  timer.o(.text)
    timer_manager_init                       0x0800b7ed   Thumb Code    40  timer.o(.text)
    timer_manager_create                     0x0800b815   Thumb Code    38  timer.o(.text)
    timer_manager_deinit                     0x0800b83b   Thumb Code    72  timer.o(.text)
    timer_manager_destroy                    0x0800b883   Thumb Code    26  timer.o(.text)
    timer_manager_add                        0x0800b89d   Thumb Code    92  timer.o(.text)
    timer_manager_remove                     0x0800b921   Thumb Code    76  timer.o(.text)
    timer_manager_find                       0x0800b96d   Thumb Code    72  timer.o(.text)
    timer_manager_dispatch                   0x0800b9b5   Thumb Code   138  timer.o(.text)
    timer_manager_count                      0x0800ba3f   Thumb Code    36  timer.o(.text)
    timer_manager_next_time                  0x0800ba63   Thumb Code    60  timer.o(.text)
    timer_init                               0x0800ba9f   Thumb Code    34  timer.o(.text)
    timer_add                                0x0800bac1   Thumb Code    30  timer.o(.text)
    timer_remove                             0x0800badf   Thumb Code    18  timer.o(.text)
    timer_find                               0x0800baf1   Thumb Code    18  timer.o(.text)
    timer_dispatch                           0x0800bb03   Thumb Code    14  timer.o(.text)
    timer_count                              0x0800bb11   Thumb Code    22  timer.o(.text)
    timer_next_time                          0x0800bb27   Thumb Code    14  timer.o(.text)
    timer_now                                0x0800bb35   Thumb Code    12  timer.o(.text)
    timer_queue                              0x0800bb41   Thumb Code    36  timer.o(.text)
    resource_manager_load                    0x0800bb71   Thumb Code     6  resource_manager.o(.text)
    resource_manager                         0x0800bb77   Thumb Code     6  resource_manager.o(.text)
    resource_manager_set                     0x0800bbd9   Thumb Code    10  resource_manager.o(.text)
    resource_manager_init                    0x0800bbe3   Thumb Code    24  resource_manager.o(.text)
    resource_manager_create                  0x0800bbfb   Thumb Code    24  resource_manager.o(.text)
    resource_manager_add                     0x0800bc13   Thumb Code    32  resource_manager.o(.text)
    resource_manager_find_in_cache           0x0800bc33   Thumb Code    72  resource_manager.o(.text)
    resource_manager_ref                     0x0800bc7b   Thumb Code    50  resource_manager.o(.text)
    resource_manager_unref                   0x0800bcad   Thumb Code    42  resource_manager.o(.text)
    resource_manager_clear_cache             0x0800bce7   Thumb Code    28  resource_manager.o(.text)
    resource_manager_deinit                  0x0800bd03   Thumb Code    54  resource_manager.o(.text)
    resource_manager_destroy                 0x0800bd39   Thumb Code    40  resource_manager.o(.text)
    widget_layout_parse                      0x0800bd6d   Thumb Code   340  layout.o(.text)
    widget_layout_calc                       0x0800bec1   Thumb Code   208  layout.o(.text)
    widget_set_parsed_self_layout_params     0x0800bf91   Thumb Code    50  layout.o(.text)
    widget_set_self_layout_params            0x0800bfc3   Thumb Code    66  layout.o(.text)
    widget_set_children_layout_params        0x0800c005   Thumb Code    70  layout.o(.text)
    widget_layout_self                       0x0800c04b   Thumb Code    58  layout.o(.text)
    widget_layout_children                   0x0800c085   Thumb Code   928  layout.o(.text)
    widget_layout                            0x0800c425   Thumb Code    24  layout.o(.text)
    children_layout_parser                   0x0800c43d   Thumb Code   136  layout.o(.text)
    event_queue_create                       0x0800c4c5   Thumb Code    58  event_queue.o(.text)
    event_queue_recv                         0x0800c4ff   Thumb Code    80  event_queue.o(.text)
    event_queue_send                         0x0800c54f   Thumb Code    90  event_queue.o(.text)
    event_queue_replace_last                 0x0800c5a9   Thumb Code    78  event_queue.o(.text)
    event_queue_destroy                      0x0800c5f7   Thumb Code    20  event_queue.o(.text)
    slider_set_value                         0x0800cb9d   Thumb Code    18  slider.o(.text)
    slider_set_min                           0x0800cbaf   Thumb Code    18  slider.o(.text)
    slider_set_max                           0x0800cbc1   Thumb Code    18  slider.o(.text)
    slider_set_step                          0x0800cbd3   Thumb Code    22  slider.o(.text)
    slider_set_vertical                      0x0800cbe9   Thumb Code    18  slider.o(.text)
    slider_create                            0x0800cd35   Thumb Code    92  slider.o(.text)
    window_animator_update                   0x0800cdb9   Thumb Code   206  window_animator.o(.text)
    window_animator_destroy                  0x0800ce87   Thumb Code    22  window_animator.o(.text)
    window_animator_begin_frame_overlap      0x0800ce9d   Thumb Code    60  window_animator.o(.text)
    window_animator_create_for_open          0x0800ced9   Thumb Code     8  window_animator_null.o(.text)
    window_animator_create_for_close         0x0800cee1   Thumb Code     8  window_animator_null.o(.text)
    idle_manager                             0x0800cee9   Thumb Code     6  idle.o(.text)
    idle_manager_set                         0x0800ceef   Thumb Code    10  idle.o(.text)
    idle_manager_init                        0x0800cef9   Thumb Code    36  idle.o(.text)
    idle_manager_create                      0x0800cf1d   Thumb Code    20  idle.o(.text)
    idle_manager_deinit                      0x0800cf31   Thumb Code    72  idle.o(.text)
    idle_manager_destroy                     0x0800cf79   Thumb Code    26  idle.o(.text)
    idle_manager_add                         0x0800cf93   Thumb Code    78  idle.o(.text)
    idle_manager_remove                      0x0800d009   Thumb Code    72  idle.o(.text)
    idle_manager_find                        0x0800d051   Thumb Code    68  idle.o(.text)
    idle_manager_dispatch                    0x0800d095   Thumb Code   106  idle.o(.text)
    idle_add                                 0x0800d0ff   Thumb Code    22  idle.o(.text)
    idle_remove                              0x0800d115   Thumb Code    18  idle.o(.text)
    idle_find                                0x0800d127   Thumb Code    18  idle.o(.text)
    idle_dispatch                            0x0800d139   Thumb Code    14  idle.o(.text)
    idle_count                               0x0800d147   Thumb Code    50  idle.o(.text)
    idle_queue                               0x0800d179   Thumb Code    32  idle.o(.text)
    time_now_ms                              0x0800d1a5   Thumb Code     8  time.o(.text)
    time_now_s                               0x0800d1ad   Thumb Code    16  time.o(.text)
    system_info                              0x0800d1bd   Thumb Code     4  system_info.o(.text)
    image_loader_load                        0x0800d1c5   Thumb Code    44  image_loader.o(.text)
    tk_init_resources                        0x0800d21f   Thumb Code    70  tk.o(.text)
    tk_init_internal                         0x0800d265   Thumb Code   134  tk.o(.text)
    tk_init                                  0x0800d2eb   Thumb Code    34  tk.o(.text)
    tk_deinit_internal                       0x0800d30d   Thumb Code   118  tk.o(.text)
    tk_run                                   0x0800d395   Thumb Code    18  tk.o(.text)
    tk_quit                                  0x0800d3b7   Thumb Code    16  tk.o(.text)
    locale                                   0x0800d3d1   Thumb Code     6  locale.o(.text)
    locale_set                               0x0800d3d7   Thumb Code    10  locale.o(.text)
    locale_change                            0x0800d3e1   Thumb Code   176  locale.o(.text)
    locale_init                              0x0800d491   Thumb Code    42  locale.o(.text)
    locale_create                            0x0800d4bb   Thumb Code    28  locale.o(.text)
    str_table_lookup                         0x0800d4d7   Thumb Code   116  locale.o(.text)
    locale_tr                                0x0800d54b   Thumb Code    56  locale.o(.text)
    locale_on                                0x0800d583   Thumb Code    40  locale.o(.text)
    locale_off                               0x0800d5ab   Thumb Code    24  locale.o(.text)
    locale_deinit                            0x0800d5c3   Thumb Code    46  locale.o(.text)
    locale_destroy                           0x0800d5f1   Thumb Code    26  locale.o(.text)
    str_init                                 0x0800d657   Thumb Code    36  str.o(.text)
    str_set_with_len                         0x0800d67b   Thumb Code    74  str.o(.text)
    str_set                                  0x0800d6c5   Thumb Code    20  str.o(.text)
    str_append                               0x0800d6d9   Thumb Code    66  str.o(.text)
    str_eq                                   0x0800d71b   Thumb Code    62  str.o(.text)
    str_from_int                             0x0800d759   Thumb Code    38  str.o(.text)
    str_from_float                           0x0800d77f   Thumb Code    38  str.o(.text)
    str_from_value                           0x0800d7a5   Thumb Code    90  str.o(.text)
    str_to_int                               0x0800d7ff   Thumb Code    26  str.o(.text)
    str_to_float                             0x0800d819   Thumb Code    26  str.o(.text)
    str_reset                                0x0800d833   Thumb Code    20  str.o(.text)
    str_end_with                             0x0800d847   Thumb Code    64  str.o(.text)
    str_start_with                           0x0800d887   Thumb Code    46  str.o(.text)
    str_trim_left                            0x0800d8b5   Thumb Code   110  str.o(.text)
    str_trim_right                           0x0800d923   Thumb Code    82  str.o(.text)
    str_trim                                 0x0800d975   Thumb Code    32  str.o(.text)
    str_replace                              0x0800d9c5   Thumb Code   238  str.o(.text)
    str_to_lower                             0x0800dab3   Thumb Code    46  str.o(.text)
    str_to_upper                             0x0800dae1   Thumb Code    46  str.o(.text)
    main_loop_post_pointer_event             0x0800db5f   Thumb Code   158  main_loop_simple.o(.text)
    main_loop_post_key_event                 0x0800dbfd   Thumb Code   102  main_loop_simple.o(.text)
    main_loop_simple_init                    0x0800dd19   Thumb Code    92  main_loop_simple.o(.text)
    main_loop_simple_reset                   0x0800dd75   Thumb Code    34  main_loop_simple.o(.text)
    tk_mutex_create                          0x0800dda5   Thumb Code     4  mutex.o(.text)
    tk_mutex_lock                            0x0800dda9   Thumb Code     6  mutex.o(.text)
    tk_mutex_unlock                          0x0800ddaf   Thumb Code     6  mutex.o(.text)
    tk_mutex_destroy                         0x0800ddb5   Thumb Code     6  mutex.o(.text)
    lcd_reg_create                           0x0800e2a1   Thumb Code   110  lcd_stm32_raw.o(.text)
    platform_disaptch_input                  0x0800e335   Thumb Code     6  main_loop_stm32_raw.o(.text)
    TIM3_IRQHandler                          0x0800e34b   Thumb Code    70  main_loop_stm32_raw.o(.text)
    main_loop_init                           0x0800e3d9   Thumb Code    34  main_loop_stm32_raw.o(.text)
    sys_tick_init                            0x0800e40d   Thumb Code    72  platform.o(.text)
    SysTick_Handler                          0x0800e455   Thumb Code    12  platform.o(.text)
    get_time_ms                              0x0800e461   Thumb Code     6  platform.o(.text)
    sleep_ms                                 0x0800e467   Thumb Code    28  platform.o(.text)
    delay_ms                                 0x0800e483   Thumb Code    12  platform.o(.text)
    platform_prepare                         0x0800e48f   Thumb Code    20  platform.o(.text)
    gui_app_start                            0x0800e4b5   Thumb Code    30  demo_main.o(.text)
    application_init                         0x0800e639   Thumb Code   736  demo1_app.o(.text)
    resource_init                            0x0800ea19   Thumb Code   344  resource-mini.o(.text)
    __use_no_semihosting                     0x0800ec15   Thumb Code     2  use_no_semi_2.o(.text)
    tolower                                  0x0800ec17   Thumb Code    26  tolower.o(.text)
    toupper                                  0x0800ec31   Thumb Code    30  toupper.o(.text)
    __2printf                                0x0800ec51   Thumb Code    20  noretval__2printf.o(.text)
    __2snprintf                              0x0800ec69   Thumb Code    48  noretval__2snprintf.o(.text)
    __printf                                 0x0800ec9d   Thumb Code   104  __printf.o(.text)
    _printf_str                              0x0800ed05   Thumb Code    82  _printf_str.o(.text)
    _printf_int_dec                          0x0800ed59   Thumb Code   104  _printf_dec.o(.text)
    atoi                                     0x0800edd1   Thumb Code    26  atoi.o(.text)
    strchr                                   0x0800edeb   Thumb Code    20  strchr.o(.text)
    strstr                                   0x0800edff   Thumb Code    36  strstr.o(.text)
    strcpy                                   0x0800ee23   Thumb Code    72  strcpy.o(.text)
    strlen                                   0x0800ee6b   Thumb Code    62  strlen.o(.text)
    wcscpy                                   0x0800eea9   Thumb Code    18  wcscpy.o(.text)
    wcslen                                   0x0800eebb   Thumb Code    18  wcslen.o(.text)
    strncmp                                  0x0800eecd   Thumb Code   150  strncmp.o(.text)
    __aeabi_memcpy                           0x0800ef63   Thumb Code     0  rt_memcpy_v6.o(.text)
    __rt_memcpy                              0x0800ef63   Thumb Code   138  rt_memcpy_v6.o(.text)
    _memcpy_lastbytes                        0x0800efc9   Thumb Code     0  rt_memcpy_v6.o(.text)
    __aeabi_memmove                          0x0800efed   Thumb Code     0  rt_memmove_v6.o(.text)
    __rt_memmove                             0x0800efed   Thumb Code   132  rt_memmove_v6.o(.text)
    __memmove_lastfew                        0x0800f04d   Thumb Code     0  rt_memmove_v6.o(.text)
    __aeabi_memcpy4                          0x0800f071   Thumb Code     0  rt_memcpy_w.o(.text)
    __aeabi_memcpy8                          0x0800f071   Thumb Code     0  rt_memcpy_w.o(.text)
    __rt_memcpy_w                            0x0800f071   Thumb Code   100  rt_memcpy_w.o(.text)
    _memcpy_lastbytes_aligned                0x0800f0b9   Thumb Code     0  rt_memcpy_w.o(.text)
    __aeabi_memclr                           0x0800f0d5   Thumb Code     0  rt_memclr.o(.text)
    __rt_memclr                              0x0800f0d5   Thumb Code    68  rt_memclr.o(.text)
    _memset                                  0x0800f0d9   Thumb Code     0  rt_memclr.o(.text)
    __aeabi_memclr4                          0x0800f119   Thumb Code     0  rt_memclr_w.o(.text)
    __aeabi_memclr8                          0x0800f119   Thumb Code     0  rt_memclr_w.o(.text)
    __rt_memclr_w                            0x0800f119   Thumb Code    78  rt_memclr_w.o(.text)
    _memset_w                                0x0800f11d   Thumb Code     0  rt_memclr_w.o(.text)
    strncpy                                  0x0800f167   Thumb Code    86  strncpy.o(.text)
    strcmp                                   0x0800f1bd   Thumb Code   128  strcmpv7m.o(.text)
    __use_two_region_memory                  0x0800f23d   Thumb Code     2  heapauxi.o(.text)
    __rt_heap_escrow$2region                 0x0800f23f   Thumb Code     2  heapauxi.o(.text)
    __rt_heap_expand$2region                 0x0800f241   Thumb Code     2  heapauxi.o(.text)
    __I$use$semihosting                      0x0800f243   Thumb Code     0  use_no_semi.o(.text)
    __use_no_semihosting_swi                 0x0800f243   Thumb Code     2  use_no_semi.o(.text)
    __rt_ctype_table                         0x0800f245   Thumb Code    16  rt_ctype_table.o(.text)
    __aeabi_errno_addr                       0x0800f255   Thumb Code     8  rt_errno_addr_intlibspace.o(.text)
    __errno$intlibspace                      0x0800f255   Thumb Code     0  rt_errno_addr_intlibspace.o(.text)
    __rt_errno_addr$intlibspace              0x0800f255   Thumb Code     0  rt_errno_addr_intlibspace.o(.text)
    _printf_int_common                       0x0800f25d   Thumb Code   178  _printf_intcommon.o(.text)
    _printf_char_common                      0x0800f31b   Thumb Code    32  _printf_char_common.o(.text)
    _sputc                                   0x0800f341   Thumb Code    10  _sputc.o(.text)
    _snputc                                  0x0800f34b   Thumb Code    16  _snputc.o(.text)
    _printf_cs_common                        0x0800f35b   Thumb Code    20  _printf_char.o(.text)
    _printf_char                             0x0800f36f   Thumb Code    16  _printf_char.o(.text)
    _printf_string                           0x0800f37f   Thumb Code     8  _printf_char.o(.text)
    _printf_char_file                        0x0800f389   Thumb Code    32  _printf_char_file.o(.text)
    strtol                                   0x0800f3ad   Thumb Code   112  strtol.o(.text)
    __aeabi_memmove4                         0x0800f41d   Thumb Code     0  rt_memmove_w.o(.text)
    __aeabi_memmove8                         0x0800f41d   Thumb Code     0  rt_memmove_w.o(.text)
    __rt_memmove_w                           0x0800f41d   Thumb Code   122  rt_memmove_w.o(.text)
    __memmove_aligned                        0x0800f443   Thumb Code     0  rt_memmove_w.o(.text)
    __memmove_lastfew_aligned                0x0800f47b   Thumb Code     0  rt_memmove_w.o(.text)
    __user_libspace                          0x0800f499   Thumb Code     8  libspace.o(.text)
    __user_perproc_libspace                  0x0800f499   Thumb Code     0  libspace.o(.text)
    __user_perthread_libspace                0x0800f499   Thumb Code     0  libspace.o(.text)
    __rt_locale                              0x0800f4a1   Thumb Code     8  rt_locale_intlibspace.o(.text)
    _strtoul                                 0x0800f4a9   Thumb Code   158  _strtoul.o(.text)
    ferror                                   0x0800f547   Thumb Code     8  ferror.o(.text)
    __user_setup_stackheap                   0x0800f54f   Thumb Code    74  sys_stackheap_outer.o(.text)
    _chval                                   0x0800f599   Thumb Code    28  _chval.o(.text)
    exit                                     0x0800f5b5   Thumb Code    18  exit.o(.text)
    _get_lc_ctype                            0x0800f5c9   Thumb Code    44  lc_ctype_c.o(locale$$code)
    __aeabi_d2f                              0x0800f5f5   Thumb Code     0  d2f.o(x$fpl$d2f)
    _d2f                                     0x0800f5f5   Thumb Code    98  d2f.o(x$fpl$d2f)
    __aeabi_dadd                             0x0800f659   Thumb Code     0  daddsub_clz.o(x$fpl$dadd)
    _dadd                                    0x0800f659   Thumb Code   332  daddsub_clz.o(x$fpl$dadd)
    __fpl_dcmp_Inf                           0x0800f7a9   Thumb Code    24  dcmpi.o(x$fpl$dcmpinf)
    __aeabi_ddiv                             0x0800f7c1   Thumb Code     0  ddiv.o(x$fpl$ddiv)
    _ddiv                                    0x0800f7c1   Thumb Code   552  ddiv.o(x$fpl$ddiv)
    __aeabi_cdcmpeq                          0x0800fa71   Thumb Code     0  deqf.o(x$fpl$deqf)
    _dcmpeq                                  0x0800fa71   Thumb Code   120  deqf.o(x$fpl$deqf)
    __aeabi_d2iz                             0x0800fae9   Thumb Code     0  dfix.o(x$fpl$dfix)
    _dfix                                    0x0800fae9   Thumb Code    94  dfix.o(x$fpl$dfix)
    __aeabi_d2uiz                            0x0800fb49   Thumb Code     0  dfixu.o(x$fpl$dfixu)
    _dfixu                                   0x0800fb49   Thumb Code    90  dfixu.o(x$fpl$dfixu)
    __aeabi_i2d                              0x0800fba3   Thumb Code     0  dflt_clz.o(x$fpl$dflt)
    _dflt                                    0x0800fba3   Thumb Code    46  dflt_clz.o(x$fpl$dflt)
    __aeabi_ui2d                             0x0800fbd1   Thumb Code     0  dflt_clz.o(x$fpl$dfltu)
    _dfltu                                   0x0800fbd1   Thumb Code    38  dflt_clz.o(x$fpl$dfltu)
    __aeabi_cdcmple                          0x0800fbf9   Thumb Code     0  dleqf.o(x$fpl$dleqf)
    _dcmple                                  0x0800fbf9   Thumb Code   120  dleqf.o(x$fpl$dleqf)
    __fpl_dcmple_InfNaN                      0x0800fc5b   Thumb Code     0  dleqf.o(x$fpl$dleqf)
    __aeabi_dmul                             0x0800fc71   Thumb Code     0  dmul.o(x$fpl$dmul)
    _dmul                                    0x0800fc71   Thumb Code   332  dmul.o(x$fpl$dmul)
    __fpl_dnaninf                            0x0800fdc5   Thumb Code   156  dnaninf.o(x$fpl$dnaninf)
    __fpl_dretinf                            0x0800fe61   Thumb Code    12  dretinf.o(x$fpl$dretinf)
    __aeabi_cdrcmple                         0x0800fe6d   Thumb Code     0  drleqf.o(x$fpl$drleqf)
    _drcmple                                 0x0800fe6d   Thumb Code   108  drleqf.o(x$fpl$drleqf)
    __aeabi_drsub                            0x0800fed9   Thumb Code     0  daddsub_clz.o(x$fpl$drsb)
    _drsb                                    0x0800fed9   Thumb Code    22  daddsub_clz.o(x$fpl$drsb)
    __aeabi_dsub                             0x0800fef1   Thumb Code     0  daddsub_clz.o(x$fpl$dsub)
    _dsub                                    0x0800fef1   Thumb Code   464  daddsub_clz.o(x$fpl$dsub)
    __aeabi_fadd                             0x080100c5   Thumb Code     0  faddsub_clz.o(x$fpl$fadd)
    _fadd                                    0x080100c5   Thumb Code   196  faddsub_clz.o(x$fpl$fadd)
    __fpl_fcmp_Inf                           0x08010189   Thumb Code    24  fcmpi.o(x$fpl$fcmpinf)
    __aeabi_fdiv                             0x080101a1   Thumb Code     0  fdiv.o(x$fpl$fdiv)
    _fdiv                                    0x080101a1   Thumb Code   384  fdiv.o(x$fpl$fdiv)
    __aeabi_cfcmpeq                          0x08010325   Thumb Code     0  feqf.o(x$fpl$feqf)
    _fcmpeq                                  0x08010325   Thumb Code   104  feqf.o(x$fpl$feqf)
    __aeabi_f2iz                             0x0801038d   Thumb Code     0  ffix.o(x$fpl$ffix)
    _ffix                                    0x0801038d   Thumb Code    54  ffix.o(x$fpl$ffix)
    __aeabi_f2uiz                            0x080103c5   Thumb Code     0  ffixu.o(x$fpl$ffixu)
    _ffixu                                   0x080103c5   Thumb Code    62  ffixu.o(x$fpl$ffixu)
    __aeabi_i2f                              0x08010405   Thumb Code     0  fflt_clz.o(x$fpl$fflt)
    _fflt                                    0x08010405   Thumb Code    48  fflt_clz.o(x$fpl$fflt)
    __aeabi_ul2f                             0x08010435   Thumb Code     0  ffltll_clz.o(x$fpl$ffltll)
    _ll_uto_f                                0x08010435   Thumb Code     6  ffltll_clz.o(x$fpl$ffltll)
    __aeabi_l2f                              0x0801043b   Thumb Code     0  ffltll_clz.o(x$fpl$ffltll)
    _ll_sto_f                                0x0801043b   Thumb Code    90  ffltll_clz.o(x$fpl$ffltll)
    __aeabi_ui2f                             0x08010495   Thumb Code     0  fflt_clz.o(x$fpl$ffltu)
    _ffltu                                   0x08010495   Thumb Code    38  fflt_clz.o(x$fpl$ffltu)
    __aeabi_cfcmple                          0x080104bd   Thumb Code     0  fleqf.o(x$fpl$fleqf)
    _fcmple                                  0x080104bd   Thumb Code   104  fleqf.o(x$fpl$fleqf)
    __fpl_fcmple_InfNaN                      0x0801050f   Thumb Code     0  fleqf.o(x$fpl$fleqf)
    __aeabi_fmul                             0x08010525   Thumb Code     0  fmul.o(x$fpl$fmul)
    _fmul                                    0x08010525   Thumb Code   258  fmul.o(x$fpl$fmul)
    __fpl_fnaninf                            0x08010627   Thumb Code   140  fnaninf.o(x$fpl$fnaninf)
    __fpl_fretinf                            0x080106b3   Thumb Code    10  fretinf.o(x$fpl$fretinf)
    __aeabi_cfrcmple                         0x080106bd   Thumb Code     0  frleqf.o(x$fpl$frleqf)
    _frcmple                                 0x080106bd   Thumb Code    98  frleqf.o(x$fpl$frleqf)
    __aeabi_frsub                            0x0801071f   Thumb Code     0  faddsub_clz.o(x$fpl$frsb)
    _frsb                                    0x0801071f   Thumb Code    20  faddsub_clz.o(x$fpl$frsb)
    __aeabi_fsub                             0x08010735   Thumb Code     0  faddsub_clz.o(x$fpl$fsub)
    _fsub                                    0x08010735   Thumb Code   234  faddsub_clz.o(x$fpl$fsub)
    __I$use$fp                               0x0801081e   Number         0  usenofp.o(x$fpl$usenofp)
    table_week                               0x0801081e   Data          12  rtc.o(.constdata)
    mon_table                                0x0801082a   Data          12  rtc.o(.constdata)
    ASCII8x16                                0x08010836   Data        1536  gui.o(.constdata)
    tfont16                                  0x08010e36   Data         480  gui.o(.constdata)
    tfont24                                  0x08011016   Data         360  gui.o(.constdata)
    g_utf8_skip                              0x08011838   Data           4  utf8.o(.constdata)
    font_default                             0x080119e4   Data       10195  resource-mini.o(.constdata)
    image_bricks                             0x080141b7   Data       14444  resource-mini.o(.constdata)
    image_checked                            0x08017a23   Data        2348  resource-mini.o(.constdata)
    image_dialog_title                       0x0801834f   Data        7244  resource-mini.o(.constdata)
    image_earth                              0x08019f9b   Data        2348  resource-mini.o(.constdata)
    image_green_btn_n                        0x0801a8c7   Data        3644  resource-mini.o(.constdata)
    image_green_btn_o                        0x0801b703   Data        3644  resource-mini.o(.constdata)
    image_green_btn_p                        0x0801c53f   Data        3644  resource-mini.o(.constdata)
    image_info                               0x0801d37b   Data        2348  resource-mini.o(.constdata)
    image_left_off                           0x0801dca7   Data        2348  resource-mini.o(.constdata)
    image_left_on                            0x0801e5d3   Data        2348  resource-mini.o(.constdata)
    image_middle_off                         0x0801eeff   Data        2348  resource-mini.o(.constdata)
    image_middle_on                          0x0801f82b   Data        2348  resource-mini.o(.constdata)
    image_muted                              0x08020157   Data        2348  resource-mini.o(.constdata)
    image_question                           0x08020a83   Data        2348  resource-mini.o(.constdata)
    image_radio_checked                      0x080213af   Data        2348  resource-mini.o(.constdata)
    image_radio_unchecked                    0x08021cdb   Data        2348  resource-mini.o(.constdata)
    image_red_btn_n                          0x08022607   Data        3644  resource-mini.o(.constdata)
    image_red_btn_o                          0x08023443   Data        3644  resource-mini.o(.constdata)
    image_red_btn_p                          0x0802427f   Data        3644  resource-mini.o(.constdata)
    image_right_off                          0x080250bb   Data        2348  resource-mini.o(.constdata)
    image_right_on                           0x080259e7   Data        2348  resource-mini.o(.constdata)
    image_slider_bg                          0x08026313   Data        1004  resource-mini.o(.constdata)
    image_slider_drag                        0x080266ff   Data        3180  resource-mini.o(.constdata)
    image_slider_drag_o                      0x0802736b   Data        3180  resource-mini.o(.constdata)
    image_slider_drag_p                      0x08027fd7   Data        3180  resource-mini.o(.constdata)
    image_slider_fg                          0x08028c43   Data        1004  resource-mini.o(.constdata)
    image_slider_v_bg                        0x0802902f   Data        1004  resource-mini.o(.constdata)
    image_slider_v_fg                        0x0802941b   Data        1004  resource-mini.o(.constdata)
    image_unchecked                          0x08029807   Data        2348  resource-mini.o(.constdata)
    image_unmuted                            0x0802a133   Data        2348  resource-mini.o(.constdata)
    image_warn                               0x0802aa5f   Data        2348  resource-mini.o(.constdata)
    theme_default                            0x0802b38b   Data        2514  resource-mini.o(.constdata)
    ui_bottom                                0x0802bd5d   Data         261  resource-mini.o(.constdata)
    ui_dialog1                               0x0802be62   Data         305  resource-mini.o(.constdata)
    ui_dialog2                               0x0802bf93   Data         237  resource-mini.o(.constdata)
    ui_fade                                  0x0802c080   Data         297  resource-mini.o(.constdata)
    ui_top                                   0x0802c1a9   Data         261  resource-mini.o(.constdata)
    ui_window                                0x0802c2ae   Data         926  resource-mini.o(.constdata)
    ui_window1                               0x0802c64c   Data         384  resource-mini.o(.constdata)
    ui_window2                               0x0802c7cc   Data         231  resource-mini.o(.constdata)
    Region$$Table$$Base                      0x0802cbc4   Number         0  anon$$obj.o(Region$$Table)
    Region$$Table$$Limit                     0x0802cbe4   Number         0  anon$$obj.o(Region$$Table)
    __ctype                                  0x0802cbf1   Data           0  lc_ctype_c.o(locale$$data)
    SystemCoreClock                          0x20000000   Data           4  system_stm32f10x.o(.data)
    AHBPrescTable                            0x20000004   Data          16  system_stm32f10x.o(.data)
    __stdout                                 0x20000014   Data           4  usart.o(.data)
    USART_RX_STA                             0x20000018   Data           2  usart.o(.data)
    TIM5CH1_CAPTURE_STA                      0x20000030   Data           1  tim.o(.data)
    TIM5CH1_CAPTURE_VAL                      0x20000032   Data           2  tim.o(.data)
    rtc_data                                 0x20000034   Data           7  rtc.o(.data)
    rtc_bit                                  0x2000003b   Data           1  rtc.o(.data)
    TouchData                                0x2000003e   Data           8  touch.o(.data)
    USART_RX_BUF                             0x20000074   Data         200  usart.o(.bss)
    calendar                                 0x2000013c   Data          10  rtc.o(.bss)
    __libspace_start                         0x200031f0   Data          96  libspace.o(.bss)
    __temporary_stack_top$libspace           0x20003250   Data           0  libspace.o(.bss)



==============================================================================

Memory Map of the image

  Image Entry point : 0x08000131

  Load Region LR_IROM1 (Base: 0x08000000, Size: 0x0002cd68, Max: 0x00080000, ABSOLUTE)

    Execution Region ER_IROM1 (Exec base: 0x08000000, Load base: 0x08000000, Size: 0x0002ccf4, Max: 0x00080000, ABSOLUTE)

    Exec Addr    Load Addr    Size         Type   Attr      Idx    E Section Name        Object

    0x08000000   0x08000000   0x00000130   Data   RO          252    RESET               startup_stm32f10x_hd.o
    0x08000130   0x08000130   0x00000008   Code   RO         2938  * !!!main             c_w.l(__main.o)
    0x08000138   0x08000138   0x00000034   Code   RO         3216    !!!scatter          c_w.l(__scatter.o)
    0x0800016c   0x0800016c   0x0000001a   Code   RO         3218    !!handler_copy      c_w.l(__scatter_copy.o)
    0x08000186   0x08000186   0x00000002   PAD
    0x08000188   0x08000188   0x0000001c   Code   RO         3220    !!handler_zi        c_w.l(__scatter_zi.o)
    0x080001a4   0x080001a4   0x00000000   Code   RO         2905    .ARM.Collect$$_printf_percent$$00000000  c_w.l(_printf_percent.o)
    0x080001a4   0x080001a4   0x00000006   Code   RO         2904    .ARM.Collect$$_printf_percent$$00000009  c_w.l(_printf_d.o)
    0x080001aa   0x080001aa   0x00000006   Code   RO         2903    .ARM.Collect$$_printf_percent$$00000014  c_w.l(_printf_s.o)
    0x080001b0   0x080001b0   0x00000004   Code   RO         3030    .ARM.Collect$$_printf_percent$$00000017  c_w.l(_printf_percent_end.o)
    0x080001b4   0x080001b4   0x00000002   Code   RO         3093    .ARM.Collect$$libinit$$00000000  c_w.l(libinit.o)
    0x080001b6   0x080001b6   0x00000000   Code   RO         3095    .ARM.Collect$$libinit$$00000002  c_w.l(libinit2.o)
    0x080001b6   0x080001b6   0x00000000   Code   RO         3097    .ARM.Collect$$libinit$$00000004  c_w.l(libinit2.o)
    0x080001b6   0x080001b6   0x00000000   Code   RO         3100    .ARM.Collect$$libinit$$0000000A  c_w.l(libinit2.o)
    0x080001b6   0x080001b6   0x00000000   Code   RO         3102    .ARM.Collect$$libinit$$0000000C  c_w.l(libinit2.o)
    0x080001b6   0x080001b6   0x00000000   Code   RO         3104    .ARM.Collect$$libinit$$0000000E  c_w.l(libinit2.o)
    0x080001b6   0x080001b6   0x00000006   Code   RO         3105    .ARM.Collect$$libinit$$0000000F  c_w.l(libinit2.o)
    0x080001bc   0x080001bc   0x00000000   Code   RO         3107    .ARM.Collect$$libinit$$00000011  c_w.l(libinit2.o)
    0x080001bc   0x080001bc   0x0000000c   Code   RO         3108    .ARM.Collect$$libinit$$00000012  c_w.l(libinit2.o)
    0x080001c8   0x080001c8   0x00000000   Code   RO         3109    .ARM.Collect$$libinit$$00000013  c_w.l(libinit2.o)
    0x080001c8   0x080001c8   0x00000000   Code   RO         3111    .ARM.Collect$$libinit$$00000015  c_w.l(libinit2.o)
    0x080001c8   0x080001c8   0x00000000   Code   RO         3113    .ARM.Collect$$libinit$$00000017  c_w.l(libinit2.o)
    0x080001c8   0x080001c8   0x00000000   Code   RO         3115    .ARM.Collect$$libinit$$00000019  c_w.l(libinit2.o)
    0x080001c8   0x080001c8   0x00000000   Code   RO         3117    .ARM.Collect$$libinit$$0000001B  c_w.l(libinit2.o)
    0x080001c8   0x080001c8   0x00000000   Code   RO         3119    .ARM.Collect$$libinit$$0000001D  c_w.l(libinit2.o)
    0x080001c8   0x080001c8   0x00000000   Code   RO         3121    .ARM.Collect$$libinit$$0000001F  c_w.l(libinit2.o)
    0x080001c8   0x080001c8   0x00000000   Code   RO         3123    .ARM.Collect$$libinit$$00000021  c_w.l(libinit2.o)
    0x080001c8   0x080001c8   0x00000000   Code   RO         3125    .ARM.Collect$$libinit$$00000023  c_w.l(libinit2.o)
    0x080001c8   0x080001c8   0x00000000   Code   RO         3127    .ARM.Collect$$libinit$$00000025  c_w.l(libinit2.o)
    0x080001c8   0x080001c8   0x00000000   Code   RO         3131    .ARM.Collect$$libinit$$0000002C  c_w.l(libinit2.o)
    0x080001c8   0x080001c8   0x00000000   Code   RO         3133    .ARM.Collect$$libinit$$0000002E  c_w.l(libinit2.o)
    0x080001c8   0x080001c8   0x00000000   Code   RO         3135    .ARM.Collect$$libinit$$00000030  c_w.l(libinit2.o)
    0x080001c8   0x080001c8   0x00000000   Code   RO         3137    .ARM.Collect$$libinit$$00000032  c_w.l(libinit2.o)
    0x080001c8   0x080001c8   0x00000002   Code   RO         3138    .ARM.Collect$$libinit$$00000033  c_w.l(libinit2.o)
    0x080001ca   0x080001ca   0x00000002   Code   RO         3166    .ARM.Collect$$libshutdown$$00000000  c_w.l(libshutdown.o)
    0x080001cc   0x080001cc   0x00000000   Code   RO         3175    .ARM.Collect$$libshutdown$$00000002  c_w.l(libshutdown2.o)
    0x080001cc   0x080001cc   0x00000000   Code   RO         3177    .ARM.Collect$$libshutdown$$00000004  c_w.l(libshutdown2.o)
    0x080001cc   0x080001cc   0x00000000   Code   RO         3180    .ARM.Collect$$libshutdown$$00000007  c_w.l(libshutdown2.o)
    0x080001cc   0x080001cc   0x00000000   Code   RO         3183    .ARM.Collect$$libshutdown$$0000000A  c_w.l(libshutdown2.o)
    0x080001cc   0x080001cc   0x00000000   Code   RO         3185    .ARM.Collect$$libshutdown$$0000000C  c_w.l(libshutdown2.o)
    0x080001cc   0x080001cc   0x00000000   Code   RO         3188    .ARM.Collect$$libshutdown$$0000000F  c_w.l(libshutdown2.o)
    0x080001cc   0x080001cc   0x00000002   Code   RO         3189    .ARM.Collect$$libshutdown$$00000010  c_w.l(libshutdown2.o)
    0x080001ce   0x080001ce   0x00000000   Code   RO         3010    .ARM.Collect$$rtentry$$00000000  c_w.l(__rtentry.o)
    0x080001ce   0x080001ce   0x00000000   Code   RO         3052    .ARM.Collect$$rtentry$$00000002  c_w.l(__rtentry2.o)
    0x080001ce   0x080001ce   0x00000006   Code   RO         3064    .ARM.Collect$$rtentry$$00000004  c_w.l(__rtentry4.o)
    0x080001d4   0x080001d4   0x00000000   Code   RO         3054    .ARM.Collect$$rtentry$$00000009  c_w.l(__rtentry2.o)
    0x080001d4   0x080001d4   0x00000004   Code   RO         3055    .ARM.Collect$$rtentry$$0000000A  c_w.l(__rtentry2.o)
    0x080001d8   0x080001d8   0x00000000   Code   RO         3057    .ARM.Collect$$rtentry$$0000000C  c_w.l(__rtentry2.o)
    0x080001d8   0x080001d8   0x00000008   Code   RO         3058    .ARM.Collect$$rtentry$$0000000D  c_w.l(__rtentry2.o)
    0x080001e0   0x080001e0   0x00000002   Code   RO         3139    .ARM.Collect$$rtexit$$00000000  c_w.l(rtexit.o)
    0x080001e2   0x080001e2   0x00000000   Code   RO         3146    .ARM.Collect$$rtexit$$00000002  c_w.l(rtexit2.o)
    0x080001e2   0x080001e2   0x00000004   Code   RO         3147    .ARM.Collect$$rtexit$$00000003  c_w.l(rtexit2.o)
    0x080001e6   0x080001e6   0x00000006   Code   RO         3148    .ARM.Collect$$rtexit$$00000004  c_w.l(rtexit2.o)
    0x080001ec   0x080001ec   0x00000018   Code   RO            1    .text               stm32f10x_it.o
    0x08000204   0x08000204   0x000001e0   Code   RO          104    .text               system_stm32f10x.o
    0x080003e4   0x080003e4   0x00000040   Code   RO          122    .text               main.o
    0x08000424   0x08000424   0x0000012c   Code   RO          216    .text               usart.o
    0x08000550   0x08000550   0x00000040   Code   RO          253    .text               startup_stm32f10x_hd.o
    0x08000590   0x08000590   0x000000dc   Code   RO          257    .text               misc.o
    0x0800066c   0x0800066c   0x0000035c   Code   RO          269    .text               stm32f10x_gpio.o
    0x080009c8   0x080009c8   0x000003a4   Code   RO          281    .text               stm32f10x_rcc.o
    0x08000d6c   0x08000d6c   0x00000408   Code   RO          295    .text               stm32f10x_usart.o
    0x08001174   0x08001174   0x00000e1a   Code   RO          343    .text               stm32f10x_tim.o
    0x08001f8e   0x08001f8e   0x00000002   PAD
    0x08001f90   0x08001f90   0x0000060c   Code   RO          355    .text               stm32f10x_fsmc.o
    0x0800259c   0x0800259c   0x000000c4   Code   RO          367    .text               stm32f10x_bkp.o
    0x08002660   0x08002660   0x00000148   Code   RO          379    .text               stm32f10x_rtc.o
    0x080027a8   0x080027a8   0x000000cc   Code   RO          391    .text               stm32f10x_pwr.o
    0x08002874   0x08002874   0x0000030c   Code   RO          415    .text               stm32f10x_spi.o
    0x08002b80   0x08002b80   0x000000a4   Code   RO          451    .text               led.o
    0x08002c24   0x08002c24   0x000002b8   Code   RO          464    .text               lcd_driver.o
    0x08002edc   0x08002edc   0x00000100   Code   RO          479    .text               button.o
    0x08002fdc   0x08002fdc   0x0000023c   Code   RO          492    .text               tim.o
    0x08003218   0x08003218   0x00000460   Code   RO          511    .text               rtc.o
    0x08003678   0x08003678   0x00000440   Code   RO          535    .text               touch.o
    0x08003ab8   0x08003ab8   0x000001dc   Code   RO          557    .text               spi.o
    0x08003c94   0x08003c94   0x00000430   Code   RO          569    .text               gui.o
    0x080040c4   0x080040c4   0x0000039c   Code   RO          590    .text               flash.o
    0x08004460   0x08004460   0x0000026a   Code   RO          604    .text               array.o
    0x080046ca   0x080046ca   0x00000020   Code   RO          648    .text               bitmap.o
    0x080046ea   0x080046ea   0x00000002   PAD
    0x080046ec   0x080046ec   0x000000d0   Code   RO          695    .text               button_1.o
    0x080047bc   0x080047bc   0x0000218a   Code   RO          779    .text               canvas.o
    0x08006946   0x08006946   0x00000002   PAD
    0x08006948   0x08006948   0x00000214   Code   RO          819    .text               check_button.o
    0x08006b5c   0x08006b5c   0x00000018   Code   RO          876    .text               color.o
    0x08006b74   0x08006b74   0x00000390   Code   RO          895    .text               dialog.o
    0x08006f04   0x08006f04   0x00000292   Code   RO          988    .text               emitter.o
    0x08007196   0x08007196   0x00000002   PAD
    0x08007198   0x08007198   0x00000148   Code   RO         1037    .text               enums.o
    0x080072e0   0x080072e0   0x0000005e   Code   RO         1092    .text               font.o
    0x0800733e   0x0800733e   0x00000002   PAD
    0x08007340   0x08007340   0x000000fc   Code   RO         1114    .text               font_manager.o
    0x0800743c   0x0800743c   0x00000068   Code   RO         1138    .text               group_box.o
    0x080074a4   0x080074a4   0x0000027c   Code   RO         1186    .text               image.o
    0x08007720   0x08007720   0x000002b8   Code   RO         1237    .text               image_manager.o
    0x080079d8   0x080079d8   0x00000060   Code   RO         1270    .text               label.o
    0x08007a38   0x08007a38   0x00000352   Code   RO         1318    .text               lcd.o
    0x08007d8a   0x08007d8a   0x00000002   PAD
    0x08007d8c   0x08007d8c   0x000000e0   Code   RO         1343    .text               main_loop.o
    0x08007e6c   0x08007e6c   0x000002a8   Code   RO         1409    .text               mem.o
    0x08008114   0x08008114   0x00000434   Code   RO         1430    .text               progress_bar.o
    0x08008548   0x08008548   0x000000d4   Code   RO         1481    .text               rect.o
    0x0800861c   0x0800861c   0x0000023c   Code   RO         1500    .text               theme.o
    0x08008858   0x08008858   0x00000304   Code   RO         1524    .text               utf8.o
    0x08008b5c   0x08008b5c   0x00000418   Code   RO         1549    .text               value.o
    0x08008f74   0x08008f74   0x0000130c   Code   RO         1571    .text               widget.o
    0x0800a280   0x0800a280   0x00000200   Code   RO         1627    .text               widget_vtable.o
    0x0800a480   0x0800a480   0x0000012c   Code   RO         1681    .text               window.o
    0x0800a5ac   0x0800a5ac   0x00000844   Code   RO         1735    .text               window_manager.o
    0x0800adf0   0x0800adf0   0x000003d6   Code   RO         1805    .text               wstr.o
    0x0800b1c6   0x0800b1c6   0x00000002   PAD
    0x0800b1c8   0x0800b1c8   0x00000138   Code   RO         1830    .text               font_bitmap.o
    0x0800b300   0x0800b300   0x000004dc   Code   RO         1855    .text               utils.o
    0x0800b7dc   0x0800b7dc   0x00000394   Code   RO         1905    .text               timer.o
    0x0800bb70   0x0800bb70   0x000001fc   Code   RO         1959    .text               resource_manager.o
    0x0800bd6c   0x0800bd6c   0x00000758   Code   RO         1989    .text               layout.o
    0x0800c4c4   0x0800c4c4   0x00000146   Code   RO         2035    .text               event_queue.o
    0x0800c60a   0x0800c60a   0x00000002   PAD
    0x0800c60c   0x0800c60c   0x000007ac   Code   RO         2069    .text               slider.o
    0x0800cdb8   0x0800cdb8   0x00000120   Code   RO         2117    .text               window_animator.o
    0x0800ced8   0x0800ced8   0x00000010   Code   RO         2163    .text               window_animator_null.o
    0x0800cee8   0x0800cee8   0x000002bc   Code   RO         2209    .text               idle.o
    0x0800d1a4   0x0800d1a4   0x00000018   Code   RO         2260    .text               time.o
    0x0800d1bc   0x0800d1bc   0x00000008   Code   RO         2279    .text               system_info.o
    0x0800d1c4   0x0800d1c4   0x0000002c   Code   RO         2309    .text               image_loader.o
    0x0800d1f0   0x0800d1f0   0x000001e0   Code   RO         2328    .text               tk.o
    0x0800d3d0   0x0800d3d0   0x00000254   Code   RO         2392    .text               locale.o
    0x0800d624   0x0800d624   0x000004f0   Code   RO         2432    .text               str.o
    0x0800db14   0x0800db14   0x00000290   Code   RO         2457    .text               main_loop_simple.o
    0x0800dda4   0x0800dda4   0x0000001c   Code   RO         2519    .text               mutex.o
    0x0800ddc0   0x0800ddc0   0x00000574   Code   RO         2543    .text               lcd_stm32_raw.o
    0x0800e334   0x0800e334   0x000000d8   Code   RO         2586    .text               main_loop_stm32_raw.o
    0x0800e40c   0x0800e40c   0x000000a8   Code   RO         2665    .text               platform.o
    0x0800e4b4   0x0800e4b4   0x0000001e   Code   RO         2690    .text               demo_main.o
    0x0800e4d2   0x0800e4d2   0x00000002   PAD
    0x0800e4d4   0x0800e4d4   0x00000544   Code   RO         2721    .text               demo1_app.o
    0x0800ea18   0x0800ea18   0x000001fc   Code   RO         2798    .text               resource-mini.o
    0x0800ec14   0x0800ec14   0x00000002   Code   RO         2863    .text               c_w.l(use_no_semi_2.o)
    0x0800ec16   0x0800ec16   0x0000001a   Code   RO         2865    .text               c_w.l(tolower.o)
    0x0800ec30   0x0800ec30   0x0000001e   Code   RO         2867    .text               c_w.l(toupper.o)
    0x0800ec4e   0x0800ec4e   0x00000002   PAD
    0x0800ec50   0x0800ec50   0x00000018   Code   RO         2873    .text               c_w.l(noretval__2printf.o)
    0x0800ec68   0x0800ec68   0x00000034   Code   RO         2875    .text               c_w.l(noretval__2snprintf.o)
    0x0800ec9c   0x0800ec9c   0x00000068   Code   RO         2877    .text               c_w.l(__printf.o)
    0x0800ed04   0x0800ed04   0x00000052   Code   RO         2879    .text               c_w.l(_printf_str.o)
    0x0800ed56   0x0800ed56   0x00000002   PAD
    0x0800ed58   0x0800ed58   0x00000078   Code   RO         2881    .text               c_w.l(_printf_dec.o)
    0x0800edd0   0x0800edd0   0x0000001a   Code   RO         2906    .text               c_w.l(atoi.o)
    0x0800edea   0x0800edea   0x00000014   Code   RO         2908    .text               c_w.l(strchr.o)
    0x0800edfe   0x0800edfe   0x00000024   Code   RO         2910    .text               c_w.l(strstr.o)
    0x0800ee22   0x0800ee22   0x00000048   Code   RO         2912    .text               c_w.l(strcpy.o)
    0x0800ee6a   0x0800ee6a   0x0000003e   Code   RO         2914    .text               c_w.l(strlen.o)
    0x0800eea8   0x0800eea8   0x00000012   Code   RO         2916    .text               c_w.l(wcscpy.o)
    0x0800eeba   0x0800eeba   0x00000012   Code   RO         2918    .text               c_w.l(wcslen.o)
    0x0800eecc   0x0800eecc   0x00000096   Code   RO         2920    .text               c_w.l(strncmp.o)
    0x0800ef62   0x0800ef62   0x0000008a   Code   RO         2922    .text               c_w.l(rt_memcpy_v6.o)
    0x0800efec   0x0800efec   0x00000084   Code   RO         2924    .text               c_w.l(rt_memmove_v6.o)
    0x0800f070   0x0800f070   0x00000064   Code   RO         2926    .text               c_w.l(rt_memcpy_w.o)
    0x0800f0d4   0x0800f0d4   0x00000044   Code   RO         2928    .text               c_w.l(rt_memclr.o)
    0x0800f118   0x0800f118   0x0000004e   Code   RO         2930    .text               c_w.l(rt_memclr_w.o)
    0x0800f166   0x0800f166   0x00000056   Code   RO         2932    .text               c_w.l(strncpy.o)
    0x0800f1bc   0x0800f1bc   0x00000080   Code   RO         2934    .text               c_w.l(strcmpv7m.o)
    0x0800f23c   0x0800f23c   0x00000006   Code   RO         2936    .text               c_w.l(heapauxi.o)
    0x0800f242   0x0800f242   0x00000002   Code   RO         3008    .text               c_w.l(use_no_semi.o)
    0x0800f244   0x0800f244   0x00000010   Code   RO         3011    .text               c_w.l(rt_ctype_table.o)
    0x0800f254   0x0800f254   0x00000008   Code   RO         3016    .text               c_w.l(rt_errno_addr_intlibspace.o)
    0x0800f25c   0x0800f25c   0x000000b2   Code   RO         3018    .text               c_w.l(_printf_intcommon.o)
    0x0800f30e   0x0800f30e   0x00000002   PAD
    0x0800f310   0x0800f310   0x00000030   Code   RO         3020    .text               c_w.l(_printf_char_common.o)
    0x0800f340   0x0800f340   0x0000000a   Code   RO         3022    .text               c_w.l(_sputc.o)
    0x0800f34a   0x0800f34a   0x00000010   Code   RO         3024    .text               c_w.l(_snputc.o)
    0x0800f35a   0x0800f35a   0x0000002c   Code   RO         3026    .text               c_w.l(_printf_char.o)
    0x0800f386   0x0800f386   0x00000002   PAD
    0x0800f388   0x0800f388   0x00000024   Code   RO         3028    .text               c_w.l(_printf_char_file.o)
    0x0800f3ac   0x0800f3ac   0x00000070   Code   RO         3031    .text               c_w.l(strtol.o)
    0x0800f41c   0x0800f41c   0x0000007a   Code   RO         3033    .text               c_w.l(rt_memmove_w.o)
    0x0800f496   0x0800f496   0x00000002   PAD
    0x0800f498   0x0800f498   0x00000008   Code   RO         3048    .text               c_w.l(libspace.o)
    0x0800f4a0   0x0800f4a0   0x00000008   Code   RO         3069    .text               c_w.l(rt_locale_intlibspace.o)
    0x0800f4a8   0x0800f4a8   0x0000009e   Code   RO         3073    .text               c_w.l(_strtoul.o)
    0x0800f546   0x0800f546   0x00000008   Code   RO         3075    .text               c_w.l(ferror.o)
    0x0800f54e   0x0800f54e   0x0000004a   Code   RO         3082    .text               c_w.l(sys_stackheap_outer.o)
    0x0800f598   0x0800f598   0x0000001c   Code   RO         3084    .text               c_w.l(_chval.o)
    0x0800f5b4   0x0800f5b4   0x00000012   Code   RO         3086    .text               c_w.l(exit.o)
    0x0800f5c6   0x0800f5c6   0x00000002   PAD
    0x0800f5c8   0x0800f5c8   0x0000002c   Code   RO         3080    locale$$code        c_w.l(lc_ctype_c.o)
    0x0800f5f4   0x0800f5f4   0x00000062   Code   RO         2940    x$fpl$d2f           fz_ws.l(d2f.o)
    0x0800f656   0x0800f656   0x00000002   PAD
    0x0800f658   0x0800f658   0x00000150   Code   RO         2942    x$fpl$dadd          fz_ws.l(daddsub_clz.o)
    0x0800f7a8   0x0800f7a8   0x00000018   Code   RO         3035    x$fpl$dcmpinf       fz_ws.l(dcmpi.o)
    0x0800f7c0   0x0800f7c0   0x000002b0   Code   RO         2949    x$fpl$ddiv          fz_ws.l(ddiv.o)
    0x0800fa70   0x0800fa70   0x00000078   Code   RO         2952    x$fpl$deqf          fz_ws.l(deqf.o)
    0x0800fae8   0x0800fae8   0x0000005e   Code   RO         2954    x$fpl$dfix          fz_ws.l(dfix.o)
    0x0800fb46   0x0800fb46   0x00000002   PAD
    0x0800fb48   0x0800fb48   0x0000005a   Code   RO         2958    x$fpl$dfixu         fz_ws.l(dfixu.o)
    0x0800fba2   0x0800fba2   0x0000002e   Code   RO         2963    x$fpl$dflt          fz_ws.l(dflt_clz.o)
    0x0800fbd0   0x0800fbd0   0x00000026   Code   RO         2962    x$fpl$dfltu         fz_ws.l(dflt_clz.o)
    0x0800fbf6   0x0800fbf6   0x00000002   PAD
    0x0800fbf8   0x0800fbf8   0x00000078   Code   RO         2968    x$fpl$dleqf         fz_ws.l(dleqf.o)
    0x0800fc70   0x0800fc70   0x00000154   Code   RO         2970    x$fpl$dmul          fz_ws.l(dmul.o)
    0x0800fdc4   0x0800fdc4   0x0000009c   Code   RO         3037    x$fpl$dnaninf       fz_ws.l(dnaninf.o)
    0x0800fe60   0x0800fe60   0x0000000c   Code   RO         3039    x$fpl$dretinf       fz_ws.l(dretinf.o)
    0x0800fe6c   0x0800fe6c   0x0000006c   Code   RO         2972    x$fpl$drleqf        fz_ws.l(drleqf.o)
    0x0800fed8   0x0800fed8   0x00000016   Code   RO         2943    x$fpl$drsb          fz_ws.l(daddsub_clz.o)
    0x0800feee   0x0800feee   0x00000002   PAD
    0x0800fef0   0x0800fef0   0x000001d4   Code   RO         2944    x$fpl$dsub          fz_ws.l(daddsub_clz.o)
    0x080100c4   0x080100c4   0x000000c4   Code   RO         2974    x$fpl$fadd          fz_ws.l(faddsub_clz.o)
    0x08010188   0x08010188   0x00000018   Code   RO         3041    x$fpl$fcmpinf       fz_ws.l(fcmpi.o)
    0x080101a0   0x080101a0   0x00000184   Code   RO         2981    x$fpl$fdiv          fz_ws.l(fdiv.o)
    0x08010324   0x08010324   0x00000068   Code   RO         2984    x$fpl$feqf          fz_ws.l(feqf.o)
    0x0801038c   0x0801038c   0x00000036   Code   RO         2986    x$fpl$ffix          fz_ws.l(ffix.o)
    0x080103c2   0x080103c2   0x00000002   PAD
    0x080103c4   0x080103c4   0x0000003e   Code   RO         2990    x$fpl$ffixu         fz_ws.l(ffixu.o)
    0x08010402   0x08010402   0x00000002   PAD
    0x08010404   0x08010404   0x00000030   Code   RO         2995    x$fpl$fflt          fz_ws.l(fflt_clz.o)
    0x08010434   0x08010434   0x00000060   Code   RO         3000    x$fpl$ffltll        fz_ws.l(ffltll_clz.o)
    0x08010494   0x08010494   0x00000026   Code   RO         2994    x$fpl$ffltu         fz_ws.l(fflt_clz.o)
    0x080104ba   0x080104ba   0x00000002   PAD
    0x080104bc   0x080104bc   0x00000068   Code   RO         3002    x$fpl$fleqf         fz_ws.l(fleqf.o)
    0x08010524   0x08010524   0x00000102   Code   RO         3004    x$fpl$fmul          fz_ws.l(fmul.o)
    0x08010626   0x08010626   0x0000008c   Code   RO         3043    x$fpl$fnaninf       fz_ws.l(fnaninf.o)
    0x080106b2   0x080106b2   0x0000000a   Code   RO         3045    x$fpl$fretinf       fz_ws.l(fretinf.o)
    0x080106bc   0x080106bc   0x00000062   Code   RO         3006    x$fpl$frleqf        fz_ws.l(frleqf.o)
    0x0801071e   0x0801071e   0x00000014   Code   RO         2975    x$fpl$frsb          fz_ws.l(faddsub_clz.o)
    0x08010732   0x08010732   0x00000002   PAD
    0x08010734   0x08010734   0x000000ea   Code   RO         2976    x$fpl$fsub          fz_ws.l(faddsub_clz.o)
    0x0801081e   0x0801081e   0x00000000   Code   RO         3047    x$fpl$usenofp       fz_ws.l(usenofp.o)
    0x0801081e   0x0801081e   0x00000018   Data   RO          513    .constdata          rtc.o
    0x08010836   0x08010836   0x00000948   Data   RO          570    .constdata          gui.o
    0x0801117e   0x0801117e   0x00000002   PAD
    0x08011180   0x08011180   0x0000004c   Data   RO          696    .constdata          button_1.o
    0x080111cc   0x080111cc   0x00000054   Data   RO          820    .constdata          check_button.o
    0x08011220   0x08011220   0x0000004c   Data   RO          896    .constdata          dialog.o
    0x0801126c   0x0801126c   0x0000039c   Data   RO         1038    .constdata          enums.o
    0x08011608   0x08011608   0x0000004c   Data   RO         1139    .constdata          group_box.o
    0x08011654   0x08011654   0x0000004c   Data   RO         1187    .constdata          image.o
    0x080116a0   0x080116a0   0x0000004c   Data   RO         1271    .constdata          label.o
    0x080116ec   0x080116ec   0x0000004c   Data   RO         1431    .constdata          progress_bar.o
    0x08011738   0x08011738   0x00000104   Data   RO         1525    .constdata          utf8.o
    0x0801183c   0x0801183c   0x00000048   Data   RO         1572    .constdata          widget.o
    0x08011884   0x08011884   0x0000004c   Data   RO         1628    .constdata          widget_vtable.o
    0x080118d0   0x080118d0   0x0000004c   Data   RO         1682    .constdata          window.o
    0x0801191c   0x0801191c   0x00000072   Data   RO         1736    .constdata          window_manager.o
    0x0801198e   0x0801198e   0x00000002   PAD
    0x08011990   0x08011990   0x0000004c   Data   RO         2070    .constdata          slider.o
    0x080119dc   0x080119dc   0x00000008   Data   RO         2393    .constdata          locale.o
    0x080119e4   0x080119e4   0x0001aecf   Data   RO         2799    .constdata          resource-mini.o
    0x0802c8b3   0x0802c8b3   0x00000001   PAD
    0x0802c8b4   0x0802c8b4   0x0000030e   Data   RO         1039    .conststring        enums.o
    0x0802cbc2   0x0802cbc2   0x00000002   PAD
    0x0802cbc4   0x0802cbc4   0x00000020   Data   RO         3214    Region$$Table       anon$$obj.o
    0x0802cbe4   0x0802cbe4   0x00000110   Data   RO         3079    locale$$data        c_w.l(lc_ctype_c.o)


    Execution Region RW_IRAM1 (Exec base: 0x20000000, Load base: 0x0802ccf4, Size: 0x00003850, Max: 0x00010000, ABSOLUTE)

    Exec Addr    Load Addr    Size         Type   Attr      Idx    E Section Name        Object

    0x20000000   0x0802ccf4   0x00000014   Data   RW          105    .data               system_stm32f10x.o
    0x20000014   0x0802cd08   0x00000006   Data   RW          218    .data               usart.o
    0x2000001a   0x0802cd0e   0x00000014   Data   RW          282    .data               stm32f10x_rcc.o
    0x2000002e   0x0802cd22   0x00000001   Data   RW          452    .data               led.o
    0x2000002f   0x0802cd23   0x00000001   Data   RW          480    .data               button.o
    0x20000030   0x0802cd24   0x00000004   Data   RW          493    .data               tim.o
    0x20000034   0x0802cd28   0x0000000a   Data   RW          514    .data               rtc.o
    0x2000003e   0x0802cd32   0x00000008   Data   RW          537    .data               touch.o
    0x20000046   0x0802cd3a   0x00000002   PAD
    0x20000048   0x0802cd3c   0x00000004   Data   RW         1115    .data               font_manager.o
    0x2000004c   0x0802cd40   0x00000004   Data   RW         1238    .data               image_manager.o
    0x20000050   0x0802cd44   0x00000004   Data   RW         1344    .data               main_loop.o
    0x20000054   0x0802cd48   0x00000004   Data   RW         1501    .data               theme.o
    0x20000058   0x0802cd4c   0x00000004   Data   RW         1737    .data               window_manager.o
    0x2000005c   0x0802cd50   0x00000004   Data   RW         1906    .data               timer.o
    0x20000060   0x0802cd54   0x00000004   Data   RW         1960    .data               resource_manager.o
    0x20000064   0x0802cd58   0x00000004   Data   RW         2210    .data               idle.o
    0x20000068   0x0802cd5c   0x00000004   Data   RW         2394    .data               locale.o
    0x2000006c   0x0802cd60   0x00000004   Data   RW         2520    .data               mutex.o
    0x20000070   0x0802cd64   0x00000004   Data   RW         2667    .data               platform.o
    0x20000074        -       0x000000c8   Zero   RW          217    .bss                usart.o
    0x2000013c        -       0x0000000a   Zero   RW          512    .bss                rtc.o
    0x20000146   0x0802cd68   0x00000002   PAD
    0x20000148        -       0x0000000c   Zero   RW          536    .bss                touch.o
    0x20000154        -       0x00001000   Zero   RW          591    .bss                flash.o
    0x20001154        -       0x00000010   Zero   RW         1410    .bss                mem.o
    0x20001164        -       0x00000010   Zero   RW         2280    .bss                system_info.o
    0x20001174        -       0x0000007c   Zero   RW         2458    .bss                main_loop_simple.o
    0x200011f0        -       0x00002000   Zero   RW         2666    .bss                platform.o
    0x200031f0        -       0x00000060   Zero   RW         3049    .bss                c_w.l(libspace.o)
    0x20003250        -       0x00000200   Zero   RW          251    HEAP                startup_stm32f10x_hd.o
    0x20003450        -       0x00000400   Zero   RW          250    STACK               startup_stm32f10x_hd.o


==============================================================================

Image component sizes


      Code (inc. data)   RO Data    RW Data    ZI Data      Debug   Object Name

       618          0          0          0          0      11807   array.o
        32          0          0          0          0       2201   bitmap.o
       256         12          0          1          0        850   button.o
       208          4         76          0          0      25120   button_1.o
      8586         72          0          0          0      37914   canvas.o
       532         18         84          0          0      16159   check_button.o
        24          0          0          0          0        641   color.o
         0          0          0          0          0         32   core_cm3.o
      1348        256          0          0          0      14959   demo1_app.o
        30          0          0          0          0        600   demo_main.o
       912         60         76          0          0      20527   dialog.o
       658          0          0          0          0      19486   emitter.o
       328         32       1706          0          0       6047   enums.o
       326          0          0          0          0       8848   event_queue.o
       924         12          0          0       4096       3429   flash.o
        94          0          0          0          0       2970   font.o
       312         12          0          0          0       5098   font_bitmap.o
       252         14          0          4          0       4642   font_manager.o
       104          4         76          0          0      12983   group_box.o
      1072         12       2376          0          0       5759   gui.o
       700         12          0          4          0      12631   idle.o
       636         26         76          0          0      15708   image.o
        44          0          0          0          0       1184   image_loader.o
       696         14          0          4          0       8037   image_manager.o
        96          4         76          0          0      12947   label.o
      1880         12          0          0          0      17069   layout.o
       850          0          0          0          0      11458   lcd.o
       696         18          0          0          0       2092   lcd_driver.o
      1396         38          0          0          0      10501   lcd_stm32_raw.o
       164         10          0          1          0        739   led.o
       596         26          8          4          0      11561   locale.o
        64          0          0          0          0     205267   main.o
       224          4          0          4          0      18800   main_loop.o
       656         14          0          0        124      17465   main_loop_simple.o
       216         18          0          0          0      22365   main_loop_stm32_raw.o
       680          4          0          0         16       4321   mem.o
       220         22          0          0          0       1945   misc.o
        28          6          0          4          0       2089   mutex.o
       168         18          0          4       8192       2067   platform.o
      1076         36         76          0          0      16002   progress_bar.o
       212          0          0          0          0       1567   rect.o
       508        164     110287          0          0      14408   resource-mini.o
       508         12          0          4          0       5702   resource_manager.o
      1120         66         24         10         10       4507   rtc.o
      1964         46         76          0          0      18031   slider.o
       476         16          0          0          0       1828   spi.o
        64         26        304          0       1536        812   startup_stm32f10x_hd.o
       196          8          0          0          0       3644   stm32f10x_bkp.o
      1548         18          0          0          0       5523   stm32f10x_fsmc.o
       860         38          0          0          0       5877   stm32f10x_gpio.o
        24          0          0          0          0      64030   stm32f10x_it.o
       204         14          0          0          0       1967   stm32f10x_pwr.o
       932         36          0         20          0       9068   stm32f10x_rcc.o
       328          4          0          0          0       2734   stm32f10x_rtc.o
       780         14          0          0          0       6762   stm32f10x_spi.o
      3610         88          0          0          0      22988   stm32f10x_tim.o
      1032         22          0          0          0       8604   stm32f10x_usart.o
      1264          6          0          0          0      10039   str.o
         8          4          0          0         16       5322   system_info.o
       480         38          0         20          0       1895   system_stm32f10x.o
       572          8          0          4          0       4556   theme.o
       572         24          0          4          0       1965   tim.o
        24          0          0          0          0        617   time.o
       916         12          0          4          0      14904   timer.o
       480         10          0          0          0       2819   tk.o
      1088         38          0          8         12       4446   touch.o
       300         18          0          6        200       3306   usart.o
       772          6        260          0          0       6273   utf8.o
      1244         26          0          0          0       6412   utils.o
      1048         44          0          0          0      10140   value.o
      4876         78         72          0          0      40296   widget.o
       512          6         76          0          0      22535   widget_vtable.o
       300         16         76          0          0      14317   window.o
       288          0          0          0          0      14109   window_animator.o
        16          0          0          0          0      13783   window_animator_null.o
      2116         42        114          4          0      31558   window_manager.o
       982          0          0          0          0       8603   wstr.o

    ----------------------------------------------------------------------
     59944       1738     115958        116      14204     990267   Object Totals
         0          0         32          0          0          0   (incl. Generated)
        18          0          7          2          2          0   (incl. Padding)

    ----------------------------------------------------------------------

      Code (inc. data)   RO Data    RW Data    ZI Data      Debug   Library Member Name

         8          0          0          0          0         68   __main.o
       104          0          0          0          0         84   __printf.o
         0          0          0          0          0          0   __rtentry.o
        12          0          0          0          0          0   __rtentry2.o
         6          0          0          0          0          0   __rtentry4.o
        52          8          0          0          0          0   __scatter.o
        26          0          0          0          0          0   __scatter_copy.o
        28          0          0          0          0          0   __scatter_zi.o
        28          0          0          0          0         68   _chval.o
        44          0          0          0          0        108   _printf_char.o
        48          6          0          0          0         96   _printf_char_common.o
        36          4          0          0          0         80   _printf_char_file.o
         6          0          0          0          0          0   _printf_d.o
       120         16          0          0          0         92   _printf_dec.o
       178          0          0          0          0         88   _printf_intcommon.o
         0          0          0          0          0          0   _printf_percent.o
         4          0          0          0          0          0   _printf_percent_end.o
         6          0          0          0          0          0   _printf_s.o
        82          0          0          0          0         80   _printf_str.o
        16          0          0          0          0         68   _snputc.o
        10          0          0          0          0         68   _sputc.o
       158          0          0          0          0         92   _strtoul.o
        26          0          0          0          0         80   atoi.o
        18          0          0          0          0         80   exit.o
         8          0          0          0          0         68   ferror.o
         6          0          0          0          0        152   heapauxi.o
        44         10        272          0          0         76   lc_ctype_c.o
         2          0          0          0          0          0   libinit.o
        20          0          0          0          0          0   libinit2.o
         2          0          0          0          0          0   libshutdown.o
         2          0          0          0          0          0   libshutdown2.o
         8          4          0          0         96         68   libspace.o
        24          4          0          0          0         84   noretval__2printf.o
        52          4          0          0          0         84   noretval__2snprintf.o
        16          4          0          0          0         76   rt_ctype_table.o
         8          4          0          0          0         68   rt_errno_addr_intlibspace.o
         8          4          0          0          0         68   rt_locale_intlibspace.o
        68          0          0          0          0         68   rt_memclr.o
        78          0          0          0          0         80   rt_memclr_w.o
       138          0          0          0          0         68   rt_memcpy_v6.o
       100          0          0          0          0         80   rt_memcpy_w.o
       132          0          0          0          0         68   rt_memmove_v6.o
       122          0          0          0          0         80   rt_memmove_w.o
         2          0          0          0          0          0   rtexit.o
        10          0          0          0          0          0   rtexit2.o
        20          0          0          0          0         68   strchr.o
       128          0          0          0          0         68   strcmpv7m.o
        72          0          0          0          0         80   strcpy.o
        62          0          0          0          0         76   strlen.o
       150          0          0          0          0         80   strncmp.o
        86          0          0          0          0         76   strncpy.o
        36          0          0          0          0         80   strstr.o
       112          0          0          0          0         88   strtol.o
        74          0          0          0          0         80   sys_stackheap_outer.o
        26          0          0          0          0         76   tolower.o
        30          0          0          0          0         76   toupper.o
         2          0          0          0          0         68   use_no_semi.o
         2          0          0          0          0         68   use_no_semi_2.o
        18          0          0          0          0         68   wcscpy.o
        18          0          0          0          0         68   wcslen.o
        98          4          0          0          0         92   d2f.o
       826         16          0          0          0        348   daddsub_clz.o
        24          0          0          0          0         68   dcmpi.o
       688        140          0          0          0        208   ddiv.o
       120          4          0          0          0         92   deqf.o
        94          4          0          0          0         92   dfix.o
        90          4          0          0          0         92   dfixu.o
        84          0          0          0          0        136   dflt_clz.o
       120          4          0          0          0         92   dleqf.o
       340         12          0          0          0        104   dmul.o
       156          4          0          0          0         92   dnaninf.o
        12          0          0          0          0         68   dretinf.o
       108          0          0          0          0         80   drleqf.o
       450          8          0          0          0        236   faddsub_clz.o
        24          0          0          0          0         68   fcmpi.o
       388         76          0          0          0         96   fdiv.o
       104          4          0          0          0         84   feqf.o
        54          4          0          0          0         84   ffix.o
        62          4          0          0          0         84   ffixu.o
        86          0          0          0          0        136   fflt_clz.o
        96          0          0          0          0         84   ffltll_clz.o
       104          4          0          0          0         84   fleqf.o
       258          4          0          0          0         84   fmul.o
       140          4          0          0          0         84   fnaninf.o
        10          0          0          0          0         68   fretinf.o
        98          0          0          0          0         68   frleqf.o
         0          0          0          0          0          0   usenofp.o

    ----------------------------------------------------------------------
      7366        368        272          0         96       6284   Library Totals
        30          0          0          0          0          0   (incl. Padding)

    ----------------------------------------------------------------------

      Code (inc. data)   RO Data    RW Data    ZI Data      Debug   Library Name

      2702         68        272          0         96       3460   c_w.l
      4634        300          0          0          0       2824   fz_ws.l

    ----------------------------------------------------------------------
      7366        368        272          0         96       6284   Library Totals

    ----------------------------------------------------------------------

==============================================================================


      Code (inc. data)   RO Data    RW Data    ZI Data      Debug   

     67310       2106     116230        116      14300     986095   Grand Totals
     67310       2106     116230        116      14300     986095   ELF Image Totals
     67310       2106     116230        116          0          0   ROM Totals

==============================================================================

    Total RO  Size (Code + RO Data)               183540 ( 179.24kB)
    Total RW  Size (RW Data + ZI Data)             14416 (  14.08kB)
    Total ROM Size (Code + RO Data + RW Data)     183656 ( 179.35kB)

==============================================================================

