Component: ARM Compiler 5.06 update 5 (build 528) Tool: armlink [4d35e2]

==============================================================================

Section Cross References

    system_stm32f10x.o(.text) refers to system_stm32f10x.o(.data) for SystemCoreClock
    main.o(.text) refers to misc.o(.text) for NVIC_PriorityGroupConfig
    main.o(.text) refers to platform.o(.text) for systick_init
    main.o(.text) refers to led.o(.text) for led_init
    main.o(.text) refers to button.o(.text) for button_init
    main.o(.text) refers to lcd_driver.o(.text) for TFT_Init
    main.o(.text) refers to flash.o(.text) for FLASH_Init
    main.o(.text) refers to touch.o(.text) for TOUCH_Init
    main.o(.text) refers to tim.o(.text) for TIM3_Init
    main.o(.text) refers to rtc.o(.text) for rtc_init
    main.o(.text) refers to demo_main.o(.text) for gui_app_start
    sys.o(.text) refers to misc.o(.text) for NVIC_PriorityGroupConfig
    usart.o(.text) refers (Special) to use_no_semi_2.o(.text) for __use_no_semihosting
    usart.o(.text) refers to stm32f10x_rcc.o(.text) for RCC_APB2PeriphClockCmd
    usart.o(.text) refers to stm32f10x_gpio.o(.text) for GPIO_Init
    usart.o(.text) refers to misc.o(.text) for NVIC_Init
    usart.o(.text) refers to stm32f10x_usart.o(.text) for USART_Init
    usart.o(.text) refers to usart.o(.data) for USART_RX_STA
    usart.o(.text) refers to usart.o(.bss) for USART_RX_BUF
    usart.o(.bss) refers (Special) to use_no_semi_2.o(.text) for __use_no_semihosting
    usart.o(.data) refers (Special) to use_no_semi_2.o(.text) for __use_no_semihosting
    startup_stm32f10x_hd.o(STACK) refers (Special) to heapauxi.o(.text) for __use_two_region_memory
    startup_stm32f10x_hd.o(HEAP) refers (Special) to heapauxi.o(.text) for __use_two_region_memory
    startup_stm32f10x_hd.o(RESET) refers (Special) to heapauxi.o(.text) for __use_two_region_memory
    startup_stm32f10x_hd.o(RESET) refers to startup_stm32f10x_hd.o(STACK) for __initial_sp
    startup_stm32f10x_hd.o(RESET) refers to startup_stm32f10x_hd.o(.text) for Reset_Handler
    startup_stm32f10x_hd.o(RESET) refers to stm32f10x_it.o(.text) for NMI_Handler
    startup_stm32f10x_hd.o(RESET) refers to sys_tick.o(.text) for SysTick_Handler
    startup_stm32f10x_hd.o(RESET) refers to rtc.o(.text) for RTC_IRQHandler
    startup_stm32f10x_hd.o(RESET) refers to main_loop_stm32_raw.o(.text) for TIM3_IRQHandler
    startup_stm32f10x_hd.o(RESET) refers to usart.o(.text) for USART1_IRQHandler
    startup_stm32f10x_hd.o(RESET) refers to tim.o(.text) for TIM5_IRQHandler
    startup_stm32f10x_hd.o(.text) refers (Special) to heapauxi.o(.text) for __use_two_region_memory
    startup_stm32f10x_hd.o(.text) refers to system_stm32f10x.o(.text) for SystemInit
    startup_stm32f10x_hd.o(.text) refers to __main.o(!!!main) for __main
    startup_stm32f10x_hd.o(.text) refers to startup_stm32f10x_hd.o(HEAP) for Heap_Mem
    startup_stm32f10x_hd.o(.text) refers to startup_stm32f10x_hd.o(STACK) for Stack_Mem
    stm32f10x_gpio.o(.text) refers to stm32f10x_rcc.o(.text) for RCC_APB2PeriphResetCmd
    stm32f10x_rcc.o(.text) refers to stm32f10x_rcc.o(.data) for APBAHBPrescTable
    stm32f10x_usart.o(.text) refers to stm32f10x_rcc.o(.text) for RCC_APB2PeriphResetCmd
    stm32f10x_wwdg.o(.text) refers to stm32f10x_rcc.o(.text) for RCC_APB1PeriphResetCmd
    stm32f10x_tim.o(.text) refers to stm32f10x_rcc.o(.text) for RCC_APB2PeriphResetCmd
    stm32f10x_bkp.o(.text) refers to stm32f10x_rcc.o(.text) for RCC_BackupResetCmd
    stm32f10x_pwr.o(.text) refers to stm32f10x_rcc.o(.text) for RCC_APB1PeriphResetCmd
    stm32f10x_spi.o(.text) refers to stm32f10x_rcc.o(.text) for RCC_APB2PeriphResetCmd
    led.o(.text) refers to stm32f10x_rcc.o(.text) for RCC_APB2PeriphClockCmd
    led.o(.text) refers to stm32f10x_gpio.o(.text) for GPIO_Init
    led.o(.text) refers to sys_tick.o(.text) for delay_ms
    led.o(.text) refers to led.o(.data) for i
    lcd_driver.o(.text) refers to stm32f10x_rcc.o(.text) for RCC_APB2PeriphClockCmd
    lcd_driver.o(.text) refers to stm32f10x_gpio.o(.text) for GPIO_Init
    lcd_driver.o(.text) refers to stm32f10x_fsmc.o(.text) for FSMC_NORSRAMInit
    button.o(.text) refers to stm32f10x_rcc.o(.text) for RCC_APB2PeriphClockCmd
    button.o(.text) refers to stm32f10x_gpio.o(.text) for GPIO_Init
    button.o(.text) refers to sys_tick.o(.text) for delay_ms
    button.o(.text) refers to button.o(.data) for key_up
    tim.o(.text) refers to stm32f10x_rcc.o(.text) for RCC_APB1PeriphClockCmd
    tim.o(.text) refers to stm32f10x_gpio.o(.text) for GPIO_Init
    tim.o(.text) refers to stm32f10x_tim.o(.text) for TIM_TimeBaseInit
    tim.o(.text) refers to misc.o(.text) for NVIC_Init
    tim.o(.text) refers to tim.o(.data) for TIM5CH1_CAPTURE_STA
    rtc.o(.text) refers to _printf_percent.o(.ARM.Collect$$_printf_percent$$00000000) for _printf_percent
[...]
    widget_set_rotation                      0x08009a89   Thumb Code    12  widget.o(.text)
    widget_set_scale                         0x08009a95   Thumb Code    12  widget.o(.text)
    widget_set_anchor                        0x08009aa1   Thumb Code    12  widget.o(.text)
    widget_destroy                           0x08009aad   Thumb Code   116  widget.o(.text)
    widget_destroy_children                  0x08009b21   Thumb Code    60  widget.o(.text)
    widget_add_child                         0x08009b5d   Thumb Code    38  widget.o(.text)
    widget_remove_child                      0x08009b83   Thumb Code    48  widget.o(.text)
    widget_lookup                            0x08009c57   Thumb Code    30  widget.o(.text)
    widget_set_visible                       0x08009ce7   Thumb Code    30  widget.o(.text)
    widget_find_target                       0x08009d05   Thumb Code    62  widget.o(.text)
    widget_on                                0x08009d43   Thumb Code    46  widget.o(.text)
    widget_child_on                          0x08009d71   Thumb Code    42  widget.o(.text)
    widget_off                               0x08009d9b   Thumb Code    30  widget.o(.text)
    widget_off_by_func                       0x08009db9   Thumb Code    44  widget.o(.text)
    widget_draw_icon_text                    0x08009de5   Thumb Code   552  widget.o(.text)
    widget_draw_background                   0x0800a00d   Thumb Code   166  widget.o(.text)
    widget_draw_border                       0x0800a0b3   Thumb Code    70  widget.o(.text)
    widget_paint_helper                      0x0800a0f9   Thumb Code    34  widget.o(.text)
    widget_on_paint_done                     0x0800a11b   Thumb Code    62  widget.o(.text)
    widget_on_paint_children                 0x0800a159   Thumb Code    58  widget.o(.text)
    widget_on_paint_self                     0x0800a193   Thumb Code    68  widget.o(.text)
    widget_on_paint_background               0x0800a1d7   Thumb Code    60  widget.o(.text)
    widget_paint                             0x0800a213   Thumb Code   220  widget.o(.text)
    widget_on_keydown                        0x0800a2ef   Thumb Code    68  widget.o(.text)
    widget_on_keyup                          0x0800a333   Thumb Code    68  widget.o(.text)
    widget_on_click                          0x0800a377   Thumb Code    68  widget.o(.text)
    widget_on_pointer_down                   0x0800a417   Thumb Code   154  widget.o(.text)
    widget_on_pointer_move                   0x0800a4b1   Thumb Code   122  widget.o(.text)
    widget_on_pointer_up                     0x0800a52b   Thumb Code    66  widget.o(.text)
    widget_grab                              0x0800a56d   Thumb Code    54  widget.o(.text)
    widget_ungrab                            0x0800a5a3   Thumb Code    52  widget.o(.text)
    widget_foreach                           0x0800a5d7   Thumb Code    88  widget.o(.text)
    widget_invalidate_force                  0x0800a62f   Thumb Code    28  widget.o(.text)
    widget_init                              0x0800a64b   Thumb Code   116  widget.o(.text)
    widget_to_local                          0x0800a6bf   Thumb Code    42  widget.o(.text)
    widget_to_global                         0x0800a6e9   Thumb Code    42  widget.o(.text)
    widget_count_children                    0x0800a713   Thumb Code    22  widget.o(.text)
    widget_get_child                         0x0800a729   Thumb Code    34  widget.o(.text)
    widget_to_xml                            0x0800a74b   Thumb Code    88  widget.o(.text)
    widget_invalidate_default                0x0800a7a5   Thumb Code    64  widget_vtable.o(.text)
    widget_on_event_default                  0x0800a7e5   Thumb Code    14  widget_vtable.o(.text)
    widget_on_paint_self_default             0x0800a7f3   Thumb Code    14  widget_vtable.o(.text)
    widget_on_paint_children_default         0x0800a801   Thumb Code    70  widget_vtable.o(.text)
    widget_on_keydown_default                0x0800a847   Thumb Code    14  widget_vtable.o(.text)
    widget_on_keyup_default                  0x0800a855   Thumb Code    14  widget_vtable.o(.text)
    widget_on_click_default                  0x0800a863   Thumb Code    14  widget_vtable.o(.text)
    widget_on_pointer_down_default           0x0800a871   Thumb Code    14  widget_vtable.o(.text)
    widget_on_pointer_move_default           0x0800a87f   Thumb Code    14  widget_vtable.o(.text)
    widget_on_pointer_up_default             0x0800a88d   Thumb Code    14  widget_vtable.o(.text)
    widget_get_prop_default                  0x0800a89b   Thumb Code    16  widget_vtable.o(.text)
    widget_set_prop_default                  0x0800a8ab   Thumb Code    16  widget_vtable.o(.text)
    widget_grab_default                      0x0800a8bb   Thumb Code    34  widget_vtable.o(.text)
    widget_ungrab_default                    0x0800a8dd   Thumb Code    34  widget_vtable.o(.text)
    widget_find_target_default               0x0800a8ff   Thumb Code   138  widget_vtable.o(.text)
    widget_destroy_default                   0x0800a989   Thumb Code     6  widget_vtable.o(.text)
    widget_on_paint_background_null          0x0800a98f   Thumb Code     6  widget_vtable.o(.text)
    widget_on_paint_done_null                0x0800a995   Thumb Code     6  widget_vtable.o(.text)
    widget_vtable_default                    0x0800a99b   Thumb Code     4  widget_vtable.o(.text)
    window_create                            0x0800aa45   Thumb Code   110  window.o(.text)
    window_close                             0x0800aab3   Thumb Code    20  window.o(.text)
    window_manager_find_top_window_index     0x0800ac15   Thumb Code    64  window_manager.o(.text)
    window_manager_get_top_window            0x0800ac55   Thumb Code    30  window_manager.o(.text)
    window_manager_add_child                 0x0800acdf   Thumb Code   152  window_manager.o(.text)
    window_manager_remove_child              0x0800ad87   Thumb Code    46  window_manager.o(.text)
    window_manager_find_target               0x0800adb5   Thumb Code   188  window_manager.o(.text)
    window_manager_paint                     0x0800b01d   Thumb Code    72  window_manager.o(.text)
    window_manager                           0x0800b065   Thumb Code     6  window_manager.o(.text)
    window_manager_set                       0x0800b06b   Thumb Code    10  window_manager.o(.text)
    window_manager_init                      0x0800b075   Thumb Code    40  window_manager.o(.text)
    window_manager_create                    0x0800b09d   Thumb Code    26  window_manager.o(.text)
    window_manager_on_paint_children         0x0800b10f   Thumb Code   110  window_manager.o(.text)
    window_manager_resize                    0x0800b1dd   Thumb Code    62  window_manager.o(.text)
    window_manager_dispatch_input_event      0x0800b2d3   Thumb Code   436  window_manager.o(.text)
    window_manager_set_animating             0x0800b487   Thumb Code    18  window_manager.o(.text)
    window_manager_set_show_fps              0x0800b499   Thumb Code    18  window_manager.o(.text)
    wcs_chr                                  0x0800b4ab   Thumb Code    38  wstr.o(.text)
    wcs_cpy                                  0x0800b4d1   Thumb Code    40  wstr.o(.text)
    wcs_len                                  0x0800b4f9   Thumb Code    30  wstr.o(.text)
    wstr_init                                0x0800b54d   Thumb Code    36  wstr.o(.text)
    wstr_set                                 0x0800b571   Thumb Code    54  wstr.o(.text)
    wstr_set_utf8                            0x0800b5a7   Thumb Code    62  wstr.o(.text)
    wstr_get_utf8                            0x0800b5e5   Thumb Code    30  wstr.o(.text)
    wstr_remove                              0x0800b603   Thumb Code    88  wstr.o(.text)
    wstr_insert                              0x0800b65b   Thumb Code   180  wstr.o(.text)
    wstr_push                                0x0800b70f   Thumb Code    56  wstr.o(.text)
    wstr_pop                                 0x0800b747   Thumb Code    34  wstr.o(.text)
    wstr_from_int                            0x0800b769   Thumb Code    38  wstr.o(.text)
    wstr_from_float                          0x0800b78f   Thumb Code    38  wstr.o(.text)
    wstr_from_value                          0x0800b7b5   Thumb Code   104  wstr.o(.text)
    wstr_to_int                              0x0800b81d   Thumb Code    40  wstr.o(.text)
    wstr_to_float                            0x0800b845   Thumb Code    40  wstr.o(.text)
    wstr_reset                               0x0800b86d   Thumb Code    20  wstr.o(.text)
    font_bitmap_init                         0x0800b955   Thumb Code    34  font_bitmap.o(.text)
    font_bitmap_create                       0x0800b977   Thumb Code    54  font_bitmap.o(.text)
    tk_skip_to_num                           0x0800b9b9   Thumb Code    34  utils.o(.text)
    tk_str2bool                              0x0800b9db   Thumb Code    40  utils.o(.text)
    tk_strtol                                0x0800bac9   Thumb Code    92  utils.o(.text)
    tk_atoi                                  0x0800bb25   Thumb Code    16  utils.o(.text)
    tk_atof                                  0x0800bb35   Thumb Code   154  utils.o(.text)
    tk_itoa                                  0x0800bc5f   Thumb Code    22  utils.o(.text)
    tk_strncpy                               0x0800bc75   Thumb Code    34  utils.o(.text)
    tk_ftoa                                  0x0800bc97   Thumb Code   262  utils.o(.text)
    tk_strcpy                                0x0800bd9d   Thumb Code    16  utils.o(.text)
    tk_memset16                              0x0800bdad   Thumb Code   138  utils.o(.text)
    tk_memset32                              0x0800be37   Thumb Code    30  utils.o(.text)
    tk_memcpy16                              0x0800be55   Thumb Code    40  utils.o(.text)
    tk_memcpy32                              0x0800be7d   Thumb Code    36  utils.o(.text)
    tk_pixel_copy                            0x0800bea1   Thumb Code    56  utils.o(.text)
    tk_snprintf                              0x0800e381   Thumb Code    40  utils.o(.text)
    filename_to_name                         0x0800e3a9   Thumb Code    92  utils.o(.text)
    pointer_event_cast                       0x0800e409   Thumb Code    26  events.o(.text)
    key_event_cast                           0x0800e423   Thumb Code    28  events.o(.text)
    paint_event_cast                         0x0800e43f   Thumb Code    34  events.o(.text)
    event_init                               0x0800e461   Thumb Code    28  events.o(.text)
    pointer_event_rotate                     0x0800e47d   Thumb Code    42  events.o(.text)
    timer_manager                            0x0800e4a9   Thumb Code     6  timer.o(.text)
    timer_manager_set                        0x0800e4af   Thumb Code    10  timer.o(.text)
    timer_manager_init                       0x0800e4b9   Thumb Code    40  timer.o(.text)
    timer_manager_create                     0x0800e4e1   Thumb Code    38  timer.o(.text)
    timer_manager_deinit                     0x0800e507   Thumb Code    72  timer.o(.text)
    timer_manager_destroy                    0x0800e54f   Thumb Code    26  timer.o(.text)
    timer_manager_add                        0x0800e569   Thumb Code    92  timer.o(.text)
    timer_manager_remove                     0x0800e5ed   Thumb Code    76  timer.o(.text)
    timer_manager_find                       0x0800e639   Thumb Code    72  timer.o(.text)
    timer_manager_dispatch                   0x0800e681   Thumb Code   138  timer.o(.text)
    timer_manager_count                      0x0800e70b   Thumb Code    36  timer.o(.text)
    timer_manager_next_time                  0x0800e72f   Thumb Code    72  timer.o(.text)
    timer_init                               0x0800e777   Thumb Code    34  timer.o(.text)
    timer_add                                0x0800e799   Thumb Code    30  timer.o(.text)
    timer_remove                             0x0800e7b7   Thumb Code    18  timer.o(.text)
    timer_find                               0x0800e7c9   Thumb Code    18  timer.o(.text)
    timer_dispatch                           0x0800e7db   Thumb Code    14  timer.o(.text)
    timer_count                              0x0800e7e9   Thumb Code    22  timer.o(.text)
    timer_next_time                          0x0800e7ff   Thumb Code    14  timer.o(.text)
    timer_now                                0x0800e80d   Thumb Code    12  timer.o(.text)
    timer_queue                              0x0800e819   Thumb Code    36  timer.o(.text)
    resource_manager_load                    0x0800e849   Thumb Code     6  resource_manager.o(.text)
    resource_manager                         0x0800e84f   Thumb Code     6  resource_manager.o(.text)
    resource_manager_set                     0x0800e8b1   Thumb Code    10  resource_manager.o(.text)
    resource_manager_init                    0x0800e8bb   Thumb Code    24  resource_manager.o(.text)
    resource_manager_create                  0x0800e8d3   Thumb Code    24  resource_manager.o(.text)
    resource_manager_add                     0x0800e8eb   Thumb Code    32  resource_manager.o(.text)
    resource_manager_find_in_cache           0x0800e90b   Thumb Code    72  resource_manager.o(.text)
    resource_manager_ref                     0x0800e953   Thumb Code    50  resource_manager.o(.text)
    resource_manager_unref                   0x0800e985   Thumb Code    42  resource_manager.o(.text)
    resource_manager_clear_cache             0x0800e9bf   Thumb Code    28  resource_manager.o(.text)
    resource_manager_deinit                  0x0800e9db   Thumb Code    54  resource_manager.o(.text)
    resource_manager_destroy                 0x0800ea11   Thumb Code    40  resource_manager.o(.text)
    widget_layout_parse                      0x0800ea45   Thumb Code   340  layout.o(.text)
    widget_layout_calc                       0x0800eb99   Thumb Code   208  layout.o(.text)
    widget_set_parsed_self_layout_params     0x0800ec69   Thumb Code    56  layout.o(.text)
    widget_set_self_layout_params            0x0800eca1   Thumb Code    66  layout.o(.text)
    widget_set_children_layout               0x0800ece3   Thumb Code    64  layout.o(.text)
    widget_set_children_layout_params        0x0800ed23   Thumb Code    56  layout.o(.text)
    widget_layout_self_with_wh               0x0800ed5b   Thumb Code    64  layout.o(.text)
    widget_layout_self                       0x0800ed9b   Thumb Code    28  layout.o(.text)
    widget_layout_children                   0x0800edb7   Thumb Code  1142  layout.o(.text)
    widget_layout                            0x0800f22d   Thumb Code    24  layout.o(.text)
    children_layout_parser                   0x0800f245   Thumb Code   218  layout.o(.text)
    event_queue_create                       0x0800f325   Thumb Code    58  event_queue.o(.text)
    event_queue_recv                         0x0800f35f   Thumb Code    80  event_queue.o(.text)
    event_queue_send                         0x0800f3af   Thumb Code    90  event_queue.o(.text)
    event_queue_replace_last                 0x0800f409   Thumb Code    78  event_queue.o(.text)
    event_queue_destroy                      0x0800f457   Thumb Code    20  event_queue.o(.text)
    slider_set_value                         0x0800f9fd   Thumb Code    18  slider.o(.text)
    slider_set_min                           0x0800fa0f   Thumb Code    18  slider.o(.text)
    slider_set_max                           0x0800fa21   Thumb Code    18  slider.o(.text)
    slider_set_step                          0x0800fa33   Thumb Code    22  slider.o(.text)
    slider_set_vertical                      0x0800fa49   Thumb Code    18  slider.o(.text)
    slider_create                            0x0800fb95   Thumb Code    92  slider.o(.text)
    window_animator_update                   0x0800fc19   Thumb Code   164  window_animator.o(.text)
    window_animator_destroy                  0x0800fcbd   Thumb Code    22  window_animator.o(.text)
    window_animator_begin_frame              0x0800fcd3   Thumb Code    42  window_animator.o(.text)
    window_animator_begin_frame_overlap      0x0800fcfd   Thumb Code    60  window_animator.o(.text)
    window_animator_create_for_open          0x0800fd39   Thumb Code     8  window_animator_null.o(.text)
    window_animator_create_for_close         0x0800fd41   Thumb Code     8  window_animator_null.o(.text)
    idle_manager                             0x0800fd49   Thumb Code     6  idle.o(.text)
    idle_manager_set                         0x0800fd4f   Thumb Code    10  idle.o(.text)
    idle_manager_init                        0x0800fd59   Thumb Code    36  idle.o(.text)
    idle_manager_create                      0x0800fd7d   Thumb Code    20  idle.o(.text)
    idle_manager_deinit                      0x0800fd91   Thumb Code    72  idle.o(.text)
    idle_manager_destroy                     0x0800fdd9   Thumb Code    26  idle.o(.text)
    idle_manager_add                         0x0800fdf3   Thumb Code    78  idle.o(.text)
    idle_manager_remove                      0x0800fe69   Thumb Code    72  idle.o(.text)
    idle_manager_find                        0x0800feb1   Thumb Code    68  idle.o(.text)
    idle_manager_dispatch                    0x0800fef5   Thumb Code   106  idle.o(.text)
    idle_add                                 0x0800ff5f   Thumb Code    22  idle.o(.text)
    idle_remove                              0x0800ff75   Thumb Code    18  idle.o(.text)
    idle_find                                0x0800ff87   Thumb Code    18  idle.o(.text)
    idle_dispatch                            0x0800ff99   Thumb Code    14  idle.o(.text)
    idle_count                               0x0800ffa7   Thumb Code    50  idle.o(.text)
    idle_queue                               0x0800ffd9   Thumb Code    32  idle.o(.text)
    time_now_ms                              0x08010005   Thumb Code     8  time.o(.text)
    time_now_s                               0x0801000d   Thumb Code    16  time.o(.text)
    system_info                              0x0801001d   Thumb Code     4  system_info.o(.text)
    image_loader_load                        0x08010025   Thumb Code    44  image_loader.o(.text)
    tk_init_resources                        0x0801007f   Thumb Code    90  tk.o(.text)
    tk_init_internal                         0x080100d9   Thumb Code   166  tk.o(.text)
    tk_init                                  0x0801017f   Thumb Code    34  tk.o(.text)
    tk_deinit_internal                       0x080101a1   Thumb Code   134  tk.o(.text)
    tk_run                                   0x08010239   Thumb Code    18  tk.o(.text)
    tk_quit                                  0x0801025b   Thumb Code    16  tk.o(.text)
    tk_set_lcd_orientation                   0x0801026b   Thumb Code   102  tk.o(.text)
    locale                                   0x080102e1   Thumb Code     6  locale.o(.text)
    locale_set                               0x080102e7   Thumb Code    10  locale.o(.text)
    locale_change                            0x080102f1   Thumb Code   176  locale.o(.text)
    locale_init                              0x080103a1   Thumb Code    42  locale.o(.text)
    locale_create                            0x080103cb   Thumb Code    28  locale.o(.text)
    str_table_lookup                         0x080103e7   Thumb Code   116  locale.o(.text)
    locale_tr                                0x0801045b   Thumb Code    56  locale.o(.text)
    locale_on                                0x08010493   Thumb Code    40  locale.o(.text)
    locale_off                               0x080104bb   Thumb Code    24  locale.o(.text)
    locale_deinit                            0x080104d3   Thumb Code    46  locale.o(.text)
    locale_destroy                           0x08010501   Thumb Code    26  locale.o(.text)
    str_init                                 0x08010563   Thumb Code    36  str.o(.text)
    str_set_with_len                         0x08010587   Thumb Code    68  str.o(.text)
    str_set                                  0x080105cb   Thumb Code    20  str.o(.text)
    str_append                               0x080105df   Thumb Code    66  str.o(.text)
    str_decode_xml_entity                    0x08010621   Thumb Code   168  str.o(.text)
    str_eq                                   0x080106c9   Thumb Code    66  str.o(.text)
    str_from_int                             0x0801070b   Thumb Code    38  str.o(.text)
    str_from_float                           0x08010731   Thumb Code    38  str.o(.text)
    str_from_value                           0x08010757   Thumb Code    90  str.o(.text)
    str_to_int                               0x080107b1   Thumb Code    26  str.o(.text)
    str_to_float                             0x080107cb   Thumb Code    26  str.o(.text)
    str_reset                                0x080107e5   Thumb Code    20  str.o(.text)
    str_end_with                             0x080107f9   Thumb Code    64  str.o(.text)
    str_start_with                           0x08010839   Thumb Code    46  str.o(.text)
    str_trim_left                            0x08010867   Thumb Code   110  str.o(.text)
    str_trim_right                           0x080108d5   Thumb Code    82  str.o(.text)
    str_trim                                 0x08010927   Thumb Code    32  str.o(.text)
    str_replace                              0x08010977   Thumb Code   270  str.o(.text)
    str_to_lower                             0x08010a85   Thumb Code    46  str.o(.text)
    str_to_upper                             0x08010ab3   Thumb Code    46  str.o(.text)
    main_loop_post_pointer_event             0x08010b2b   Thumb Code   164  main_loop_simple.o(.text)
    main_loop_post_key_event                 0x08010bcf   Thumb Code    98  main_loop_simple.o(.text)
    main_loop_simple_init                    0x08010ceb   Thumb Code    92  main_loop_simple.o(.text)
    main_loop_simple_reset                   0x08010d47   Thumb Code    34  main_loop_simple.o(.text)
    keyboard_create                          0x08010f8d   Thumb Code   112  keyboard.o(.text)
    keyboard_close                           0x08010ffd   Thumb Code    20  keyboard.o(.text)
    pages_set_active                         0x08011069   Thumb Code    34  pages.o(.text)
    pages_set_active_by_name                 0x0801108b   Thumb Code    98  pages.o(.text)
    pages_create                             0x080111d5   Thumb Code    72  pages.o(.text)
    edit_set_text_limit                      0x08011799   Thumb Code    28  edit.o(.text)
    edit_set_int_limit                       0x080117b5   Thumb Code    28  edit.o(.text)
    edit_set_float_limit                     0x080117d1   Thumb Code    30  edit.o(.text)
    edit_set_readonly                        0x080117ef   Thumb Code    18  edit.o(.text)
    edit_set_input_type                      0x08011801   Thumb Code    18  edit.o(.text)
    edit_set_input_tips                      0x08011813   Thumb Code    38  edit.o(.text)
    edit_set_password_visible                0x08011b33   Thumb Code    18  edit.o(.text)
    edit_create                              0x08011b45   Thumb Code    84  edit.o(.text)
    view_create                              0x08011bcd   Thumb Code    80  view.o(.text)
    widget_factory                           0x08011c55   Thumb Code     6  widget_factory.o(.text)
    widget_factory_init                      0x08011c5b   Thumb Code    22  widget_factory.o(.text)
    widget_factory_create                    0x08011c71   Thumb Code    26  widget_factory.o(.text)
    widget_factory_register                  0x08011c8b   Thumb Code    64  widget_factory.o(.text)
    widget_factory_create_widget             0x08011ccb   Thumb Code   142  widget_factory.o(.text)
    widget_factory_set                       0x08011d59   Thumb Code    10  widget_factory.o(.text)
    widget_factory_deinit                    0x08011d63   Thumb Code    62  widget_factory.o(.text)
    widget_factory_destroy                   0x08011da1   Thumb Code    26  widget_factory.o(.text)
    tokenizer_init                           0x08011dc5   Thumb Code    70  tokenizer.o(.text)
    tokenizer_has_more                       0x08011e77   Thumb Code    24  tokenizer.o(.text)
    tokenizer_next                           0x08011e8f   Thumb Code    72  tokenizer.o(.text)
    tokenizer_next_int                       0x08011ed7   Thumb Code    38  tokenizer.o(.text)
    tokenizer_next_float                     0x08011efd   Thumb Code    38  tokenizer.o(.text)
    tokenizer_deinit                         0x08011f23   Thumb Code    30  tokenizer.o(.text)
    input_method_dispatch                    0x08011f41   Thumb Code    26  input_method.o(.text)
    input_method_dispatch_to_widget          0x08011f5b   Thumb Code    32  input_method.o(.text)
    input_method_on                          0x08011f7b   Thumb Code    38  input_method.o(.text)
    input_method_off                         0x08011fa1   Thumb Code    24  input_method.o(.text)
    input_method_request                     0x08011fb9   Thumb Code    26  input_method.o(.text)
    input_method                             0x08011fd3   Thumb Code     6  input_method.o(.text)
    input_method_set                         0x08011fd9   Thumb Code    10  input_method.o(.text)
    input_method_create                      0x08011fef   Thumb Code    34  input_method_null.o(.text)
    input_method_destroy                     0x08012011   Thumb Code    28  input_method_null.o(.text)
    lcd_reg_create                           0x080124d3   Thumb Code   110  lcd_stm32_raw.o(.text)
    platform_disaptch_input                  0x08012565   Thumb Code     6  main_loop_stm32_raw.o(.text)
    TIM3_IRQHandler                          0x0801257b   Thumb Code    70  main_loop_stm32_raw.o(.text)
    main_loop_init                           0x08012609   Thumb Code    36  main_loop_stm32_raw.o(.text)
    systick_init                             0x0801263d   Thumb Code    72  platform.o(.text)
    platform_prepare                         0x08012685   Thumb Code    16  platform.o(.text)
    tk_mutex_create                          0x080126a1   Thumb Code     4  mutex_null.o(.text)
    tk_mutex_lock                            0x080126a5   Thumb Code     6  mutex_null.o(.text)
    tk_mutex_unlock                          0x080126ab   Thumb Code     6  mutex_null.o(.text)
    tk_mutex_destroy                         0x080126b1   Thumb Code     6  mutex_null.o(.text)
    SysTick_Handler                          0x080126bd   Thumb Code    12  sys_tick.o(.text)
    get_time_ms                              0x080126c9   Thumb Code     6  sys_tick.o(.text)
    sleep_ms                                 0x080126cf   Thumb Code    28  sys_tick.o(.text)
    delay_ms                                 0x080126eb   Thumb Code    12  sys_tick.o(.text)
    delay_us                                 0x080126f7   Thumb Code    12  sys_tick.o(.text)
    gui_app_start                            0x08012709   Thumb Code    30  demo_main.o(.text)
    application_init                         0x0801288d   Thumb Code   736  demo1_app.o(.text)
    resource_init                            0x08012c6d   Thumb Code   280  resource-mini.o(.text)
    __use_no_semihosting                     0x08012e09   Thumb Code     2  use_no_semi_2.o(.text)
    __rt_ctype_table                         0x08012e0d   Thumb Code    16  rt_ctype_table.o(.text)
    __aeabi_uldivmod                         0x08012e1d   Thumb Code     0  lludivv7m.o(.text)
    _ll_udiv                                 0x08012e1d   Thumb Code   238  lludivv7m.o(.text)
    __aeabi_llsr                             0x08012f0b   Thumb Code     0  llushr.o(.text)
    _ll_ushift_r                             0x08012f0b   Thumb Code    38  llushr.o(.text)
    __aeabi_ldivmod                          0x08012f31   Thumb Code     0  llsdiv.o(.text)
    _ll_sdiv                                 0x08012f31   Thumb Code    72  llsdiv.o(.text)
    tolower                                  0x08012f79   Thumb Code    26  tolower.o(.text)
    toupper                                  0x08012f93   Thumb Code    30  toupper.o(.text)
    __2printf                                0x08012fb1   Thumb Code    20  noretval__2printf.o(.text)
    __printf                                 0x08012fc9   Thumb Code   104  __printf.o(.text)
    _printf_int_dec                          0x08013031   Thumb Code   104  _printf_dec.o(.text)
    atoi                                     0x080130a9   Thumb Code    26  atoi.o(.text)
    strchr                                   0x080130c3   Thumb Code    20  strchr.o(.text)
    strstr                                   0x080130d7   Thumb Code    36  strstr.o(.text)
    strcpy                                   0x080130fb   Thumb Code    72  strcpy.o(.text)
    strrchr                                  0x08013143   Thumb Code    22  strrchr.o(.text)
    strlen                                   0x08013159   Thumb Code    62  strlen.o(.text)
    wcscpy                                   0x08013197   Thumb Code    18  wcscpy.o(.text)
    wcslen                                   0x080131a9   Thumb Code    18  wcslen.o(.text)
    strncmp                                  0x080131bb   Thumb Code   150  strncmp.o(.text)
    __aeabi_memcpy                           0x08013251   Thumb Code     0  rt_memcpy_v6.o(.text)
    __rt_memcpy                              0x08013251   Thumb Code   138  rt_memcpy_v6.o(.text)
    _memcpy_lastbytes                        0x080132b7   Thumb Code     0  rt_memcpy_v6.o(.text)
    __aeabi_memmove                          0x080132db   Thumb Code     0  rt_memmove_v6.o(.text)
    __rt_memmove                             0x080132db   Thumb Code   132  rt_memmove_v6.o(.text)
    __memmove_lastfew                        0x0801333b   Thumb Code     0  rt_memmove_v6.o(.text)
    __aeabi_memcpy4                          0x0801335f   Thumb Code     0  rt_memcpy_w.o(.text)
    __aeabi_memcpy8                          0x0801335f   Thumb Code     0  rt_memcpy_w.o(.text)
    __rt_memcpy_w                            0x0801335f   Thumb Code   100  rt_memcpy_w.o(.text)
    _memcpy_lastbytes_aligned                0x080133a7   Thumb Code     0  rt_memcpy_w.o(.text)
    __aeabi_memclr                           0x080133c3   Thumb Code     0  rt_memclr.o(.text)
    __rt_memclr                              0x080133c3   Thumb Code    68  rt_memclr.o(.text)
    _memset                                  0x080133c7   Thumb Code     0  rt_memclr.o(.text)
    __aeabi_memclr4                          0x08013407   Thumb Code     0  rt_memclr_w.o(.text)
    __aeabi_memclr8                          0x08013407   Thumb Code     0  rt_memclr_w.o(.text)
    __rt_memclr_w                            0x08013407   Thumb Code    78  rt_memclr_w.o(.text)
    _memset_w                                0x0801340b   Thumb Code     0  rt_memclr_w.o(.text)
    strncpy                                  0x08013455   Thumb Code    86  strncpy.o(.text)
    strcmp                                   0x080134ad   Thumb Code   128  strcmpv7m.o(.text)
    __use_two_region_memory                  0x0801352d   Thumb Code     2  heapauxi.o(.text)
    __rt_heap_escrow$2region                 0x0801352f   Thumb Code     2  heapauxi.o(.text)
    __rt_heap_expand$2region                 0x08013531   Thumb Code     2  heapauxi.o(.text)
    __I$use$semihosting                      0x08013533   Thumb Code     0  use_no_semi.o(.text)
    __use_no_semihosting_swi                 0x08013533   Thumb Code     2  use_no_semi.o(.text)
    __rt_locale                              0x08013535   Thumb Code     8  rt_locale_intlibspace.o(.text)
    __aeabi_errno_addr                       0x0801353d   Thumb Code     8  rt_errno_addr_intlibspace.o(.text)
    __errno$intlibspace                      0x0801353d   Thumb Code     0  rt_errno_addr_intlibspace.o(.text)
    __rt_errno_addr$intlibspace              0x0801353d   Thumb Code     0  rt_errno_addr_intlibspace.o(.text)
    _printf_int_common                       0x08013545   Thumb Code   178  _printf_intcommon.o(.text)
    _printf_char_file                        0x080135f9   Thumb Code    32  _printf_char_file.o(.text)
    strtol                                   0x0801361d   Thumb Code   112  strtol.o(.text)
    __aeabi_memmove4                         0x0801368d   Thumb Code     0  rt_memmove_w.o(.text)
    __aeabi_memmove8                         0x0801368d   Thumb Code     0  rt_memmove_w.o(.text)
    __rt_memmove_w                           0x0801368d   Thumb Code   122  rt_memmove_w.o(.text)
    __memmove_aligned                        0x080136b3   Thumb Code     0  rt_memmove_w.o(.text)
    __memmove_lastfew_aligned                0x080136eb   Thumb Code     0  rt_memmove_w.o(.text)
    __user_libspace                          0x08013709   Thumb Code     8  libspace.o(.text)
    __user_perproc_libspace                  0x08013709   Thumb Code     0  libspace.o(.text)
    __user_perthread_libspace                0x08013709   Thumb Code     0  libspace.o(.text)
    _printf_char_common                      0x0801371b   Thumb Code    32  _printf_char_common.o(.text)
    _strtoul                                 0x08013741   Thumb Code   158  _strtoul.o(.text)
    ferror                                   0x080137df   Thumb Code     8  ferror.o(.text)
    __user_setup_stackheap                   0x080137e7   Thumb Code    74  sys_stackheap_outer.o(.text)
    _chval                                   0x08013831   Thumb Code    28  _chval.o(.text)
    exit                                     0x0801384d   Thumb Code    18  exit.o(.text)
    _get_lc_ctype                            0x08013861   Thumb Code    44  lc_ctype_c.o(locale$$code)
    __aeabi_d2f                              0x0801388d   Thumb Code     0  d2f.o(x$fpl$d2f)
    _d2f                                     0x0801388d   Thumb Code    98  d2f.o(x$fpl$d2f)
    __aeabi_dadd                             0x080138f1   Thumb Code     0  daddsub_clz.o(x$fpl$dadd)
    _dadd                                    0x080138f1   Thumb Code   332  daddsub_clz.o(x$fpl$dadd)
    __fpl_dcmp_Inf                           0x08013a41   Thumb Code    24  dcmpi.o(x$fpl$dcmpinf)
    __aeabi_ddiv                             0x08013a59   Thumb Code     0  ddiv.o(x$fpl$ddiv)
    _ddiv                                    0x08013a59   Thumb Code   552  ddiv.o(x$fpl$ddiv)
    __aeabi_cdcmpeq                          0x08013d09   Thumb Code     0  deqf.o(x$fpl$deqf)
    _dcmpeq                                  0x08013d09   Thumb Code   120  deqf.o(x$fpl$deqf)
    __aeabi_d2iz                             0x08013d81   Thumb Code     0  dfix.o(x$fpl$dfix)
    _dfix                                    0x08013d81   Thumb Code    94  dfix.o(x$fpl$dfix)
    __aeabi_d2uiz                            0x08013de1   Thumb Code     0  dfixu.o(x$fpl$dfixu)
    _dfixu                                   0x08013de1   Thumb Code    90  dfixu.o(x$fpl$dfixu)
    __aeabi_i2d                              0x08013e3b   Thumb Code     0  dflt_clz.o(x$fpl$dflt)
    _dflt                                    0x08013e3b   Thumb Code    46  dflt_clz.o(x$fpl$dflt)
    __aeabi_l2d                              0x08013e69   Thumb Code     0  dfltll_clz.o(x$fpl$dfltll)
    _ll_sto_d                                0x08013e69   Thumb Code   162  dfltll_clz.o(x$fpl$dfltll)
    __aeabi_ui2d                             0x08013f0b   Thumb Code     0  dflt_clz.o(x$fpl$dfltu)
    _dfltu                                   0x08013f0b   Thumb Code    38  dflt_clz.o(x$fpl$dfltu)
    __aeabi_cdcmple                          0x08013f31   Thumb Code     0  dleqf.o(x$fpl$dleqf)
    _dcmple                                  0x08013f31   Thumb Code   120  dleqf.o(x$fpl$dleqf)
    __fpl_dcmple_InfNaN                      0x08013f93   Thumb Code     0  dleqf.o(x$fpl$dleqf)
    __aeabi_dmul                             0x08013fa9   Thumb Code     0  dmul.o(x$fpl$dmul)
    _dmul                                    0x08013fa9   Thumb Code   332  dmul.o(x$fpl$dmul)
    __fpl_dnaninf                            0x080140fd   Thumb Code   156  dnaninf.o(x$fpl$dnaninf)
    __fpl_dretinf                            0x08014199   Thumb Code    12  dretinf.o(x$fpl$dretinf)
    __aeabi_cdrcmple                         0x080141a5   Thumb Code     0  drleqf.o(x$fpl$drleqf)
    _drcmple                                 0x080141a5   Thumb Code   108  drleqf.o(x$fpl$drleqf)
    __aeabi_drsub                            0x08014211   Thumb Code     0  daddsub_clz.o(x$fpl$drsb)
    _drsb                                    0x08014211   Thumb Code    22  daddsub_clz.o(x$fpl$drsb)
    __aeabi_dsub                             0x08014229   Thumb Code     0  daddsub_clz.o(x$fpl$dsub)
    _dsub                                    0x08014229   Thumb Code   464  daddsub_clz.o(x$fpl$dsub)
    __aeabi_f2d                              0x080143fd   Thumb Code     0  f2d.o(x$fpl$f2d)
    _f2d                                     0x080143fd   Thumb Code    86  f2d.o(x$fpl$f2d)
    __aeabi_fadd                             0x08014455   Thumb Code     0  faddsub_clz.o(x$fpl$fadd)
    _fadd                                    0x08014455   Thumb Code   196  faddsub_clz.o(x$fpl$fadd)
    __fpl_fcmp_Inf                           0x08014519   Thumb Code    24  fcmpi.o(x$fpl$fcmpinf)
    __aeabi_fdiv                             0x08014531   Thumb Code     0  fdiv.o(x$fpl$fdiv)
    _fdiv                                    0x08014531   Thumb Code   384  fdiv.o(x$fpl$fdiv)
    __aeabi_cfcmpeq                          0x080146b5   Thumb Code     0  feqf.o(x$fpl$feqf)
    _fcmpeq                                  0x080146b5   Thumb Code   104  feqf.o(x$fpl$feqf)
    __aeabi_f2iz                             0x0801471d   Thumb Code     0  ffix.o(x$fpl$ffix)
    _ffix                                    0x0801471d   Thumb Code    54  ffix.o(x$fpl$ffix)
    __aeabi_f2uiz                            0x08014755   Thumb Code     0  ffixu.o(x$fpl$ffixu)
    _ffixu                                   0x08014755   Thumb Code    62  ffixu.o(x$fpl$ffixu)
    __aeabi_i2f                              0x08014795   Thumb Code     0  fflt_clz.o(x$fpl$fflt)
    _fflt                                    0x08014795   Thumb Code    48  fflt_clz.o(x$fpl$fflt)
    __aeabi_ul2f                             0x080147c5   Thumb Code     0  ffltll_clz.o(x$fpl$ffltll)
    _ll_uto_f                                0x080147c5   Thumb Code     6  ffltll_clz.o(x$fpl$ffltll)
    __aeabi_l2f                              0x080147cb   Thumb Code     0  ffltll_clz.o(x$fpl$ffltll)
    _ll_sto_f                                0x080147cb   Thumb Code    90  ffltll_clz.o(x$fpl$ffltll)
    __aeabi_ui2f                             0x08014825   Thumb Code     0  fflt_clz.o(x$fpl$ffltu)
    _ffltu                                   0x08014825   Thumb Code    38  fflt_clz.o(x$fpl$ffltu)
    __aeabi_cfcmple                          0x0801484d   Thumb Code     0  fleqf.o(x$fpl$fleqf)
    _fcmple                                  0x0801484d   Thumb Code   104  fleqf.o(x$fpl$fleqf)
    __fpl_fcmple_InfNaN                      0x0801489f   Thumb Code     0  fleqf.o(x$fpl$fleqf)
    __aeabi_fmul                             0x080148b5   Thumb Code     0  fmul.o(x$fpl$fmul)
    _fmul                                    0x080148b5   Thumb Code   258  fmul.o(x$fpl$fmul)
    __fpl_fnaninf                            0x080149b7   Thumb Code   140  fnaninf.o(x$fpl$fnaninf)
    __fpl_fretinf                            0x08014a43   Thumb Code    10  fretinf.o(x$fpl$fretinf)
    __aeabi_cfrcmple                         0x08014a4d   Thumb Code     0  frleqf.o(x$fpl$frleqf)
    _frcmple                                 0x08014a4d   Thumb Code    98  frleqf.o(x$fpl$frleqf)
    __aeabi_frsub                            0x08014aaf   Thumb Code     0  faddsub_clz.o(x$fpl$frsb)
    _frsb                                    0x08014aaf   Thumb Code    20  faddsub_clz.o(x$fpl$frsb)
    __aeabi_fsub                             0x08014ac5   Thumb Code     0  faddsub_clz.o(x$fpl$fsub)
    _fsub                                    0x08014ac5   Thumb Code   234  faddsub_clz.o(x$fpl$fsub)
    __aeabi_d2lz                             0x08014bb1   Thumb Code     0  dfixll.o(x$fpl$llsfromd)
    _ll_sfrom_d                              0x08014bb1   Thumb Code   194  dfixll.o(x$fpl$llsfromd)
    __I$use$fp                               0x08014c72   Number         0  usenofp.o(x$fpl$usenofp)
    table_week                               0x08014c72   Data          12  rtc.o(.constdata)
    mon_table                                0x08014c7e   Data          12  rtc.o(.constdata)
    ASCII8x16                                0x08014c8a   Data        1536  gui.o(.constdata)
    tfont16                                  0x0801528a   Data         480  gui.o(.constdata)
    tfont24                                  0x0801546a   Data         360  gui.o(.constdata)
    g_utf8_skip                              0x08015ce4   Data           4  utf8.o(.constdata)
    font_default                             0x080164e4   Data       10195  resource-mini.o(.constdata)
    image_bricks                             0x08018cb7   Data        7244  resource-mini.o(.constdata)
    image_checked                            0x0801a903   Data        2348  resource-mini.o(.constdata)
    image_dialog_title                       0x0801b22f   Data        7244  resource-mini.o(.constdata)
    image_earth                              0x0801ce7b   Data        2348  resource-mini.o(.constdata)
    image_green_btn_n                        0x0801d7a7   Data        3644  resource-mini.o(.constdata)
    image_green_btn_o                        0x0801e5e3   Data        3644  resource-mini.o(.constdata)
    image_green_btn_p                        0x0801f41f   Data        3644  resource-mini.o(.constdata)
    image_info                               0x0802025b   Data        2348  resource-mini.o(.constdata)
    image_left_off                           0x08020b87   Data        2348  resource-mini.o(.constdata)
    image_left_on                            0x080214b3   Data        2348  resource-mini.o(.constdata)
    image_middle_off                         0x08021ddf   Data        2348  resource-mini.o(.constdata)
    image_middle_on                          0x0802270b   Data        2348  resource-mini.o(.constdata)
    image_muted                              0x08023037   Data        2348  resource-mini.o(.constdata)
    image_question                           0x08023963   Data        2348  resource-mini.o(.constdata)
    image_radio_checked                      0x0802428f   Data        2348  resource-mini.o(.constdata)
    image_radio_unchecked                    0x08024bbb   Data        2348  resource-mini.o(.constdata)
    image_red_btn_n                          0x080254e7   Data        3644  resource-mini.o(.constdata)
    image_red_btn_o                          0x08026323   Data        3644  resource-mini.o(.constdata)
    image_red_btn_p                          0x0802715f   Data        3644  resource-mini.o(.constdata)
    image_right_off                          0x08027f9b   Data        2348  resource-mini.o(.constdata)
    image_right_on                           0x080288c7   Data        2348  resource-mini.o(.constdata)
    image_slider_bg                          0x080291f3   Data        1004  resource-mini.o(.constdata)
    image_slider_drag                        0x080295df   Data        3180  resource-mini.o(.constdata)
    image_slider_drag_o                      0x0802a24b   Data        3180  resource-mini.o(.constdata)
    image_slider_drag_p                      0x0802aeb7   Data        3180  resource-mini.o(.constdata)
    image_slider_fg                          0x0802bb23   Data        1004  resource-mini.o(.constdata)
    image_slider_v_bg                        0x0802bf0f   Data        1004  resource-mini.o(.constdata)
    image_slider_v_fg                        0x0802c2fb   Data        1004  resource-mini.o(.constdata)
    image_unchecked                          0x0802c6e7   Data        2348  resource-mini.o(.constdata)
    image_unmuted                            0x0802d013   Data        2348  resource-mini.o(.constdata)
    image_warn                               0x0802d93f   Data        2348  resource-mini.o(.constdata)
    theme_default                            0x0802e26b   Data        2302  resource-mini.o(.constdata)
    Region$$Table$$Base                      0x0802eeb8   Number         0  anon$$obj.o(Region$$Table)
    Region$$Table$$Limit                     0x0802eed8   Number         0  anon$$obj.o(Region$$Table)
    __ctype                                  0x0802eee5   Data           0  lc_ctype_c.o(locale$$data)
    SystemCoreClock                          0x20000000   Data           4  system_stm32f10x.o(.data)
    AHBPrescTable                            0x20000004   Data          16  system_stm32f10x.o(.data)
    __stdout                                 0x20000014   Data           4  usart.o(.data)
    USART_RX_STA                             0x20000018   Data           2  usart.o(.data)
    TIM5CH1_CAPTURE_STA                      0x20000030   Data           1  tim.o(.data)
    TIM5CH1_CAPTURE_VAL                      0x20000032   Data           2  tim.o(.data)
    rtc_data                                 0x20000034   Data           7  rtc.o(.data)
    rtc_bit                                  0x2000003b   Data           1  rtc.o(.data)
    TouchData                                0x2000003e   Data           8  touch.o(.data)
    USART_RX_BUF                             0x20000170   Data         200  usart.o(.bss)
    calendar                                 0x20000238   Data          10  rtc.o(.bss)
    __libspace_start                         0x200032fc   Data          96  libspace.o(.bss)
    __temporary_stack_top$libspace           0x2000335c   Data           0  libspace.o(.bss)



==============================================================================

Memory Map of the image

  Image Entry point : 0x08000131

  Load Region LR_IROM1 (Base: 0x08000000, Size: 0x0002f158, Max: 0x00080000, ABSOLUTE, COMPRESSED[0x0002f0ec])

    Execution Region ER_IROM1 (Exec base: 0x08000000, Load base: 0x08000000, Size: 0x0002efe8, Max: 0x00080000, ABSOLUTE)

    Exec Addr    Load Addr    Size         Type   Attr      Idx    E Section Name        Object

    0x08000000   0x08000000   0x00000130   Data   RO          252    RESET               startup_stm32f10x_hd.o
    0x08000130   0x08000130   0x00000008   Code   RO         1954  * !!!main             c_w.l(__main.o)
    0x08000138   0x08000138   0x00000034   Code   RO         2246    !!!scatter          c_w.l(__scatter.o)
    0x0800016c   0x0800016c   0x0000005a   Code   RO         2244    !!dczerorl2         c_w.l(__dczerorl2.o)
    0x080001c6   0x080001c6   0x00000002   PAD
    0x080001c8   0x080001c8   0x0000001c   Code   RO         2248    !!handler_zi        c_w.l(__scatter_zi.o)
    0x080001e4   0x080001e4   0x00000000   Code   RO         1919    .ARM.Collect$$_printf_percent$$00000000  c_w.l(_printf_percent.o)
    0x080001e4   0x080001e4   0x00000006   Code   RO         1918    .ARM.Collect$$_printf_percent$$00000009  c_w.l(_printf_d.o)
    0x080001ea   0x080001ea   0x00000004   Code   RO         2055    .ARM.Collect$$_printf_percent$$00000017  c_w.l(_printf_percent_end.o)
    0x080001ee   0x080001ee   0x00000002   Code   RO         2168    .ARM.Collect$$libinit$$00000000  c_w.l(libinit.o)
    0x080001f0   0x080001f0   0x00000000   Code   RO         2105    .ARM.Collect$$libinit$$00000002  c_w.l(libinit2.o)
    0x080001f0   0x080001f0   0x00000000   Code   RO         2107    .ARM.Collect$$libinit$$00000004  c_w.l(libinit2.o)
    0x080001f0   0x080001f0   0x00000000   Code   RO         2110    .ARM.Collect$$libinit$$0000000A  c_w.l(libinit2.o)
    0x080001f0   0x080001f0   0x00000000   Code   RO         2112    .ARM.Collect$$libinit$$0000000C  c_w.l(libinit2.o)
    0x080001f0   0x080001f0   0x00000000   Code   RO         2114    .ARM.Collect$$libinit$$0000000E  c_w.l(libinit2.o)
    0x080001f0   0x080001f0   0x00000006   Code   RO         2115    .ARM.Collect$$libinit$$0000000F  c_w.l(libinit2.o)
    0x080001f6   0x080001f6   0x00000000   Code   RO         2117    .ARM.Collect$$libinit$$00000011  c_w.l(libinit2.o)
    0x080001f6   0x080001f6   0x0000000c   Code   RO         2118    .ARM.Collect$$libinit$$00000012  c_w.l(libinit2.o)
    0x08000202   0x08000202   0x00000000   Code   RO         2119    .ARM.Collect$$libinit$$00000013  c_w.l(libinit2.o)
    0x08000202   0x08000202   0x00000000   Code   RO         2121    .ARM.Collect$$libinit$$00000015  c_w.l(libinit2.o)
    0x08000202   0x08000202   0x00000000   Code   RO         2123    .ARM.Collect$$libinit$$00000017  c_w.l(libinit2.o)
    0x08000202   0x08000202   0x00000000   Code   RO         2125    .ARM.Collect$$libinit$$00000019  c_w.l(libinit2.o)
    0x08000202   0x08000202   0x00000000   Code   RO         2127    .ARM.Collect$$libinit$$0000001B  c_w.l(libinit2.o)
    0x08000202   0x08000202   0x00000000   Code   RO         2129    .ARM.Collect$$libinit$$0000001D  c_w.l(libinit2.o)
    0x08000202   0x08000202   0x00000000   Code   RO         2131    .ARM.Collect$$libinit$$0000001F  c_w.l(libinit2.o)
    0x08000202   0x08000202   0x00000000   Code   RO         2133    .ARM.Collect$$libinit$$00000021  c_w.l(libinit2.o)
    0x08000202   0x08000202   0x00000000   Code   RO         2135    .ARM.Collect$$libinit$$00000023  c_w.l(libinit2.o)
    0x08000202   0x08000202   0x00000000   Code   RO         2137    .ARM.Collect$$libinit$$00000025  c_w.l(libinit2.o)
    0x08000202   0x08000202   0x00000000   Code   RO         2141    .ARM.Collect$$libinit$$0000002C  c_w.l(libinit2.o)
    0x08000202   0x08000202   0x00000000   Code   RO         2143    .ARM.Collect$$libinit$$0000002E  c_w.l(libinit2.o)
    0x08000202   0x08000202   0x00000000   Code   RO         2145    .ARM.Collect$$libinit$$00000030  c_w.l(libinit2.o)
    0x08000202   0x08000202   0x00000000   Code   RO         2147    .ARM.Collect$$libinit$$00000032  c_w.l(libinit2.o)
    0x08000202   0x08000202   0x00000002   Code   RO         2148    .ARM.Collect$$libinit$$00000033  c_w.l(libinit2.o)
    0x08000204   0x08000204   0x00000002   Code   RO         2211    .ARM.Collect$$libshutdown$$00000000  c_w.l(libshutdown.o)
    0x08000206   0x08000206   0x00000000   Code   RO         2227    .ARM.Collect$$libshutdown$$00000002  c_w.l(libshutdown2.o)
    0x08000206   0x08000206   0x00000000   Code   RO         2229    .ARM.Collect$$libshutdown$$00000004  c_w.l(libshutdown2.o)
    0x08000206   0x08000206   0x00000000   Code   RO         2232    .ARM.Collect$$libshutdown$$00000007  c_w.l(libshutdown2.o)
    0x08000206   0x08000206   0x00000000   Code   RO         2235    .ARM.Collect$$libshutdown$$0000000A  c_w.l(libshutdown2.o)
    0x08000206   0x08000206   0x00000000   Code   RO         2237    .ARM.Collect$$libshutdown$$0000000C  c_w.l(libshutdown2.o)
    0x08000206   0x08000206   0x00000000   Code   RO         2240    .ARM.Collect$$libshutdown$$0000000F  c_w.l(libshutdown2.o)
    0x08000206   0x08000206   0x00000002   Code   RO         2241    .ARM.Collect$$libshutdown$$00000010  c_w.l(libshutdown2.o)
    0x08000208   0x08000208   0x00000000   Code   RO         2036    .ARM.Collect$$rtentry$$00000000  c_w.l(__rtentry.o)
    0x08000208   0x08000208   0x00000000   Code   RO         2080    .ARM.Collect$$rtentry$$00000002  c_w.l(__rtentry2.o)
    0x08000208   0x08000208   0x00000006   Code   RO         2092    .ARM.Collect$$rtentry$$00000004  c_w.l(__rtentry4.o)
    0x0800020e   0x0800020e   0x00000000   Code   RO         2082    .ARM.Collect$$rtentry$$00000009  c_w.l(__rtentry2.o)
    0x0800020e   0x0800020e   0x00000004   Code   RO         2083    .ARM.Collect$$rtentry$$0000000A  c_w.l(__rtentry2.o)
    0x08000212   0x08000212   0x00000000   Code   RO         2085    .ARM.Collect$$rtentry$$0000000C  c_w.l(__rtentry2.o)
    0x08000212   0x08000212   0x00000008   Code   RO         2086    .ARM.Collect$$rtentry$$0000000D  c_w.l(__rtentry2.o)
    0x0800021a   0x0800021a   0x00000002   Code   RO         2171    .ARM.Collect$$rtexit$$00000000  c_w.l(rtexit.o)
    0x0800021c   0x0800021c   0x00000000   Code   RO         2186    .ARM.Collect$$rtexit$$00000002  c_w.l(rtexit2.o)
    0x0800021c   0x0800021c   0x00000004   Code   RO         2187    .ARM.Collect$$rtexit$$00000003  c_w.l(rtexit2.o)
    0x08000220   0x08000220   0x00000006   Code   RO         2188    .ARM.Collect$$rtexit$$00000004  c_w.l(rtexit2.o)
    0x08000226   0x08000226   0x00000018   Code   RO            1    .text               stm32f10x_it.o
    0x0800023e   0x0800023e   0x00000002   PAD
    0x08000240   0x08000240   0x000001e0   Code   RO          104    .text               system_stm32f10x.o
    0x08000420   0x08000420   0x00000044   Code   RO          122    .text               main.o
    0x08000464   0x08000464   0x00000128   Code   RO          216    .text               usart.o
    0x0800058c   0x0800058c   0x00000040   Code   RO          253    .text               startup_stm32f10x_hd.o
    0x080005cc   0x080005cc   0x000000dc   Code   RO          257    .text               misc.o
    0x080006a8   0x080006a8   0x0000035c   Code   RO          269    .text               stm32f10x_gpio.o
    0x08000a04   0x08000a04   0x000003a4   Code   RO          281    .text               stm32f10x_rcc.o
    0x08000da8   0x08000da8   0x00000408   Code   RO          295    .text               stm32f10x_usart.o
    0x080011b0   0x080011b0   0x00000e1a   Code   RO          343    .text               stm32f10x_tim.o
    0x08001fca   0x08001fca   0x00000002   PAD
    0x08001fcc   0x08001fcc   0x0000060c   Code   RO          355    .text               stm32f10x_fsmc.o
    0x080025d8   0x080025d8   0x000000c4   Code   RO          367    .text               stm32f10x_bkp.o
    0x0800269c   0x0800269c   0x00000148   Code   RO          379    .text               stm32f10x_rtc.o
    0x080027e4   0x080027e4   0x000000cc   Code   RO          391    .text               stm32f10x_pwr.o
    0x080028b0   0x080028b0   0x0000030c   Code   RO          415    .text               stm32f10x_spi.o
    0x08002bbc   0x08002bbc   0x000000a4   Code   RO          451    .text               led.o
    0x08002c60   0x08002c60   0x000002b8   Code   RO          464    .text               lcd_driver.o
    0x08002f18   0x08002f18   0x00000100   Code   RO          479    .text               button.o
    0x08003018   0x08003018   0x0000023c   Code   RO          492    .text               tim.o
    0x08003254   0x08003254   0x00000460   Code   RO          511    .text               rtc.o
    0x080036b4   0x080036b4   0x00000440   Code   RO          535    .text               touch.o
    0x08003af4   0x08003af4   0x000001dc   Code   RO          557    .text               spi.o
    0x08003cd0   0x08003cd0   0x00000430   Code   RO          569    .text               gui.o
    0x08004100   0x08004100   0x0000039c   Code   RO          590    .text               flash.o
    0x0800449c   0x0800449c   0x0000026a   Code   RO          604    .text               array.o
    0x08004706   0x08004706   0x000000a2   Code   RO          644    .text               bitmap.o
    0x080047a8   0x080047a8   0x000000dc   Code   RO          680    .text               button_1.o
    0x08004884   0x08004884   0x0000232a   Code   RO          745    .text               canvas.o
    0x08006bae   0x08006bae   0x00000002   PAD
    0x08006bb0   0x08006bb0   0x00000210   Code   RO          769    .text               check_button.o
    0x08006dc0   0x08006dc0   0x00000018   Code   RO          795    .text               color.o
    0x08006dd8   0x08006dd8   0x00000398   Code   RO          807    .text               dialog.o
    0x08007170   0x08007170   0x0000026e   Code   RO          857    .text               emitter.o
    0x080073de   0x080073de   0x00000002   PAD
    0x080073e0   0x080073e0   0x00000148   Code   RO          869    .text               enums.o
    0x08007528   0x08007528   0x0000005e   Code   RO          893    .text               font.o
    0x08007586   0x08007586   0x00000002   PAD
    0x08007588   0x08007588   0x000000fc   Code   RO          905    .text               font_manager.o
    0x08007684   0x08007684   0x00000068   Code   RO          919    .text               group_box.o
    0x080076ec   0x080076ec   0x0000027c   Code   RO          933    .text               image.o
    0x08007968   0x08007968   0x000002bc   Code   RO          950    .text               image_manager.o
    0x08007c24   0x08007c24   0x00000060   Code   RO          964    .text               label.o
    0x08007c84   0x08007c84   0x00000380   Code   RO          978    .text               lcd.o
    0x08008004   0x08008004   0x00000114   Code   RO          990    .text               main_loop.o
    0x08008118   0x08008118   0x00000364   Code   RO         1007    .text               mem.o
    0x0800847c   0x0800847c   0x0000043c   Code   RO         1021    .text               progress_bar.o
    0x080088b8   0x080088b8   0x000000d4   Code   RO         1038    .text               rect.o
    0x0800898c   0x0800898c   0x0000023c   Code   RO         1050    .text               theme.o
    0x08008bc8   0x08008bc8   0x00000304   Code   RO         1064    .text               utf8.o
    0x08008ecc   0x08008ecc   0x00000418   Code   RO         1079    .text               value.o
    0x080092e4   0x080092e4   0x000014be   Code   RO         1094    .text               widget.o
    0x0800a7a2   0x0800a7a2   0x00000002   PAD
    0x0800a7a4   0x0800a7a4   0x00000200   Code   RO         1109    .text               widget_vtable.o
    0x0800a9a4   0x0800a9a4   0x00000134   Code   RO         1147    .text               window.o
    0x0800aad8   0x0800aad8   0x000009d2   Code   RO         1164    .text               window_manager.o
    0x0800b4aa   0x0800b4aa   0x000003d6   Code   RO         1191    .text               wstr.o
    0x0800b880   0x0800b880   0x00000138   Code   RO         1203    .text               font_bitmap.o
    0x0800b9b8   0x0800b9b8   0x00002a50   Code   RO         1218    .text               utils.o
    0x0800e408   0x0800e408   0x0000009e   Code   RO         1242    .text               events.o
    0x0800e4a6   0x0800e4a6   0x00000002   PAD
    0x0800e4a8   0x0800e4a8   0x000003a0   Code   RO         1254    .text               timer.o
    0x0800e848   0x0800e848   0x000001fc   Code   RO         1268    .text               resource_manager.o
    0x0800ea44   0x0800ea44   0x000008e0   Code   RO         1282    .text               layout.o
    0x0800f324   0x0800f324   0x00000146   Code   RO         1303    .text               event_queue.o
    0x0800f46a   0x0800f46a   0x00000002   PAD
    0x0800f46c   0x0800f46c   0x000007ac   Code   RO         1315    .text               slider.o
    0x0800fc18   0x0800fc18   0x00000120   Code   RO         1332    .text               window_animator.o
    0x0800fd38   0x0800fd38   0x00000010   Code   RO         1344    .text               window_animator_null.o
    0x0800fd48   0x0800fd48   0x000002bc   Code   RO         1356    .text               idle.o
    0x08010004   0x08010004   0x00000018   Code   RO         1370    .text               time.o
    0x0801001c   0x0801001c   0x00000008   Code   RO         1382    .text               system_info.o
    0x08010024   0x08010024   0x0000002c   Code   RO         1396    .text               image_loader.o
    0x08010050   0x08010050   0x00000290   Code   RO         1408    .text               tk.o
    0x080102e0   0x080102e0   0x00000250   Code   RO         1426    .text               locale.o
    0x08010530   0x08010530   0x000005b0   Code   RO         1440    .text               str.o
    0x08010ae0   0x08010ae0   0x00000294   Code   RO         1452    .text               main_loop_simple.o
    0x08010d74   0x08010d74   0x000002f4   Code   RO         1471    .text               keyboard.o
    0x08011068   0x08011068   0x000001c8   Code   RO         1491    .text               pages.o
    0x08011230   0x08011230   0x0000099c   Code   RO         1505    .text               edit.o
    0x08011bcc   0x08011bcc   0x00000054   Code   RO         1519    .text               view.o
    0x08011c20   0x08011c20   0x000001a4   Code   RO         1551    .text               widget_factory.o
    0x08011dc4   0x08011dc4   0x0000017c   Code   RO         1623    .text               tokenizer.o
    0x08011f40   0x08011f40   0x000000a8   Code   RO         1635    .text               input_method.o
    0x08011fe8   0x08011fe8   0x00000048   Code   RO         1649    .text               input_method_null.o
    0x08012030   0x08012030   0x00000534   Code   RO         1661    .text               lcd_stm32_raw.o
    0x08012564   0x08012564   0x000000d8   Code   RO         1685    .text               main_loop_stm32_raw.o
    0x0801263c   0x0801263c   0x00000064   Code   RO         1748    .text               platform.o
    0x080126a0   0x080126a0   0x0000001c   Code   RO         1762    .text               mutex_null.o
    0x080126bc   0x080126bc   0x0000004c   Code   RO         1779    .text               sys_tick.o
    0x08012708   0x08012708   0x0000001e   Code   RO         1793    .text               demo_main.o
    0x08012726   0x08012726   0x00000002   PAD
    0x08012728   0x08012728   0x00000544   Code   RO         1808    .text               demo1_app.o
    0x08012c6c   0x08012c6c   0x0000019c   Code   RO         1826    .text               resource-mini.o
    0x08012e08   0x08012e08   0x00000002   Code   RO         1876    .text               c_w.l(use_no_semi_2.o)
    0x08012e0a   0x08012e0a   0x00000002   PAD
    0x08012e0c   0x08012e0c   0x00000010   Code   RO         1878    .text               c_w.l(rt_ctype_table.o)
    0x08012e1c   0x08012e1c   0x000000ee   Code   RO         1880    .text               c_w.l(lludivv7m.o)
    0x08012f0a   0x08012f0a   0x00000026   Code   RO         1882    .text               c_w.l(llushr.o)
    0x08012f30   0x08012f30   0x00000048   Code   RO         1884    .text               c_w.l(llsdiv.o)
    0x08012f78   0x08012f78   0x0000001a   Code   RO         1886    .text               c_w.l(tolower.o)
    0x08012f92   0x08012f92   0x0000001e   Code   RO         1888    .text               c_w.l(toupper.o)
    0x08012fb0   0x08012fb0   0x00000018   Code   RO         1892    .text               c_w.l(noretval__2printf.o)
    0x08012fc8   0x08012fc8   0x00000068   Code   RO         1894    .text               c_w.l(__printf.o)
    0x08013030   0x08013030   0x00000078   Code   RO         1896    .text               c_w.l(_printf_dec.o)
    0x080130a8   0x080130a8   0x0000001a   Code   RO         1920    .text               c_w.l(atoi.o)
    0x080130c2   0x080130c2   0x00000014   Code   RO         1922    .text               c_w.l(strchr.o)
    0x080130d6   0x080130d6   0x00000024   Code   RO         1924    .text               c_w.l(strstr.o)
    0x080130fa   0x080130fa   0x00000048   Code   RO         1926    .text               c_w.l(strcpy.o)
    0x08013142   0x08013142   0x00000016   Code   RO         1928    .text               c_w.l(strrchr.o)
    0x08013158   0x08013158   0x0000003e   Code   RO         1930    .text               c_w.l(strlen.o)
    0x08013196   0x08013196   0x00000012   Code   RO         1932    .text               c_w.l(wcscpy.o)
    0x080131a8   0x080131a8   0x00000012   Code   RO         1934    .text               c_w.l(wcslen.o)
    0x080131ba   0x080131ba   0x00000096   Code   RO         1936    .text               c_w.l(strncmp.o)
    0x08013250   0x08013250   0x0000008a   Code   RO         1938    .text               c_w.l(rt_memcpy_v6.o)
    0x080132da   0x080132da   0x00000084   Code   RO         1940    .text               c_w.l(rt_memmove_v6.o)
    0x0801335e   0x0801335e   0x00000064   Code   RO         1942    .text               c_w.l(rt_memcpy_w.o)
    0x080133c2   0x080133c2   0x00000044   Code   RO         1944    .text               c_w.l(rt_memclr.o)
    0x08013406   0x08013406   0x0000004e   Code   RO         1946    .text               c_w.l(rt_memclr_w.o)
    0x08013454   0x08013454   0x00000056   Code   RO         1948    .text               c_w.l(strncpy.o)
    0x080134aa   0x080134aa   0x00000002   PAD
    0x080134ac   0x080134ac   0x00000080   Code   RO         1950    .text               c_w.l(strcmpv7m.o)
    0x0801352c   0x0801352c   0x00000006   Code   RO         1952    .text               c_w.l(heapauxi.o)
    0x08013532   0x08013532   0x00000002   Code   RO         2034    .text               c_w.l(use_no_semi.o)
    0x08013534   0x08013534   0x00000008   Code   RO         2044    .text               c_w.l(rt_locale_intlibspace.o)
    0x0801353c   0x0801353c   0x00000008   Code   RO         2049    .text               c_w.l(rt_errno_addr_intlibspace.o)
    0x08013544   0x08013544   0x000000b2   Code   RO         2051    .text               c_w.l(_printf_intcommon.o)
    0x080135f6   0x080135f6   0x00000002   PAD
    0x080135f8   0x080135f8   0x00000024   Code   RO         2053    .text               c_w.l(_printf_char_file.o)
    0x0801361c   0x0801361c   0x00000070   Code   RO         2056    .text               c_w.l(strtol.o)
    0x0801368c   0x0801368c   0x0000007a   Code   RO         2061    .text               c_w.l(rt_memmove_w.o)
    0x08013706   0x08013706   0x00000002   PAD
    0x08013708   0x08013708   0x00000008   Code   RO         2076    .text               c_w.l(libspace.o)
    0x08013710   0x08013710   0x00000030   Code   RO         2096    .text               c_w.l(_printf_char_common.o)
    0x08013740   0x08013740   0x0000009e   Code   RO         2098    .text               c_w.l(_strtoul.o)
    0x080137de   0x080137de   0x00000008   Code   RO         2100    .text               c_w.l(ferror.o)
    0x080137e6   0x080137e6   0x0000004a   Code   RO         2149    .text               c_w.l(sys_stackheap_outer.o)
    0x08013830   0x08013830   0x0000001c   Code   RO         2153    .text               c_w.l(_chval.o)
    0x0801384c   0x0801384c   0x00000012   Code   RO         2155    .text               c_w.l(exit.o)
    0x0801385e   0x0801385e   0x00000002   PAD
    0x08013860   0x08013860   0x0000002c   Code   RO         2059    locale$$code        c_w.l(lc_ctype_c.o)
    0x0801388c   0x0801388c   0x00000062   Code   RO         1956    x$fpl$d2f           fz_ws.l(d2f.o)
    0x080138ee   0x080138ee   0x00000002   PAD
    0x080138f0   0x080138f0   0x00000150   Code   RO         1958    x$fpl$dadd          fz_ws.l(daddsub_clz.o)
    0x08013a40   0x08013a40   0x00000018   Code   RO         2063    x$fpl$dcmpinf       fz_ws.l(dcmpi.o)
    0x08013a58   0x08013a58   0x000002b0   Code   RO         1965    x$fpl$ddiv          fz_ws.l(ddiv.o)
    0x08013d08   0x08013d08   0x00000078   Code   RO         1968    x$fpl$deqf          fz_ws.l(deqf.o)
    0x08013d80   0x08013d80   0x0000005e   Code   RO         1970    x$fpl$dfix          fz_ws.l(dfix.o)
    0x08013dde   0x08013dde   0x00000002   PAD
    0x08013de0   0x08013de0   0x0000005a   Code   RO         1978    x$fpl$dfixu         fz_ws.l(dfixu.o)
    0x08013e3a   0x08013e3a   0x0000002e   Code   RO         1983    x$fpl$dflt          fz_ws.l(dflt_clz.o)
    0x08013e68   0x08013e68   0x000000a2   Code   RO         1988    x$fpl$dfltll        fz_ws.l(dfltll_clz.o)
    0x08013f0a   0x08013f0a   0x00000026   Code   RO         1982    x$fpl$dfltu         fz_ws.l(dflt_clz.o)
    0x08013f30   0x08013f30   0x00000078   Code   RO         1992    x$fpl$dleqf         fz_ws.l(dleqf.o)
    0x08013fa8   0x08013fa8   0x00000154   Code   RO         1994    x$fpl$dmul          fz_ws.l(dmul.o)
    0x080140fc   0x080140fc   0x0000009c   Code   RO         2065    x$fpl$dnaninf       fz_ws.l(dnaninf.o)
    0x08014198   0x08014198   0x0000000c   Code   RO         2067    x$fpl$dretinf       fz_ws.l(dretinf.o)
    0x080141a4   0x080141a4   0x0000006c   Code   RO         1996    x$fpl$drleqf        fz_ws.l(drleqf.o)
    0x08014210   0x08014210   0x00000016   Code   RO         1959    x$fpl$drsb          fz_ws.l(daddsub_clz.o)
    0x08014226   0x08014226   0x00000002   PAD
    0x08014228   0x08014228   0x000001d4   Code   RO         1960    x$fpl$dsub          fz_ws.l(daddsub_clz.o)
    0x080143fc   0x080143fc   0x00000056   Code   RO         1998    x$fpl$f2d           fz_ws.l(f2d.o)
    0x08014452   0x08014452   0x00000002   PAD
    0x08014454   0x08014454   0x000000c4   Code   RO         2000    x$fpl$fadd          fz_ws.l(faddsub_clz.o)
    0x08014518   0x08014518   0x00000018   Code   RO         2069    x$fpl$fcmpinf       fz_ws.l(fcmpi.o)
    0x08014530   0x08014530   0x00000184   Code   RO         2007    x$fpl$fdiv          fz_ws.l(fdiv.o)
    0x080146b4   0x080146b4   0x00000068   Code   RO         2010    x$fpl$feqf          fz_ws.l(feqf.o)
    0x0801471c   0x0801471c   0x00000036   Code   RO         2012    x$fpl$ffix          fz_ws.l(ffix.o)
    0x08014752   0x08014752   0x00000002   PAD
    0x08014754   0x08014754   0x0000003e   Code   RO         2016    x$fpl$ffixu         fz_ws.l(ffixu.o)
    0x08014792   0x08014792   0x00000002   PAD
    0x08014794   0x08014794   0x00000030   Code   RO         2021    x$fpl$fflt          fz_ws.l(fflt_clz.o)
    0x080147c4   0x080147c4   0x00000060   Code   RO         2026    x$fpl$ffltll        fz_ws.l(ffltll_clz.o)
    0x08014824   0x08014824   0x00000026   Code   RO         2020    x$fpl$ffltu         fz_ws.l(fflt_clz.o)
    0x0801484a   0x0801484a   0x00000002   PAD
    0x0801484c   0x0801484c   0x00000068   Code   RO         2028    x$fpl$fleqf         fz_ws.l(fleqf.o)
    0x080148b4   0x080148b4   0x00000102   Code   RO         2030    x$fpl$fmul          fz_ws.l(fmul.o)
    0x080149b6   0x080149b6   0x0000008c   Code   RO         2071    x$fpl$fnaninf       fz_ws.l(fnaninf.o)
    0x08014a42   0x08014a42   0x0000000a   Code   RO         2073    x$fpl$fretinf       fz_ws.l(fretinf.o)
    0x08014a4c   0x08014a4c   0x00000062   Code   RO         2032    x$fpl$frleqf        fz_ws.l(frleqf.o)
    0x08014aae   0x08014aae   0x00000014   Code   RO         2001    x$fpl$frsb          fz_ws.l(faddsub_clz.o)
    0x08014ac2   0x08014ac2   0x00000002   PAD
    0x08014ac4   0x08014ac4   0x000000ea   Code   RO         2002    x$fpl$fsub          fz_ws.l(faddsub_clz.o)
    0x08014bae   0x08014bae   0x00000002   PAD
    0x08014bb0   0x08014bb0   0x000000c2   Code   RO         1974    x$fpl$llsfromd      fz_ws.l(dfixll.o)
    0x08014c72   0x08014c72   0x00000000   Code   RO         2075    x$fpl$usenofp       fz_ws.l(usenofp.o)
    0x08014c72   0x08014c72   0x00000018   Data   RO          513    .constdata          rtc.o
    0x08014c8a   0x08014c8a   0x00000948   Data   RO          570    .constdata          gui.o
    0x080155d2   0x080155d2   0x00000002   PAD
    0x080155d4   0x080155d4   0x0000004c   Data   RO          681    .constdata          button_1.o
    0x08015620   0x08015620   0x0000004c   Data   RO          770    .constdata          check_button.o
    0x0801566c   0x0801566c   0x0000004c   Data   RO          808    .constdata          dialog.o
    0x080156b8   0x080156b8   0x000003fc   Data   RO          870    .constdata          enums.o
    0x08015ab4   0x08015ab4   0x0000004c   Data   RO          920    .constdata          group_box.o
    0x08015b00   0x08015b00   0x0000004c   Data   RO          934    .constdata          image.o
    0x08015b4c   0x08015b4c   0x0000004c   Data   RO          965    .constdata          label.o
    0x08015b98   0x08015b98   0x0000004c   Data   RO         1022    .constdata          progress_bar.o
    0x08015be4   0x08015be4   0x00000104   Data   RO         1065    .constdata          utf8.o
    0x08015ce8   0x08015ce8   0x0000004c   Data   RO         1110    .constdata          widget_vtable.o
    0x08015d34   0x08015d34   0x0000004c   Data   RO         1148    .constdata          window.o
    0x08015d80   0x08015d80   0x00000072   Data   RO         1165    .constdata          window_manager.o
    0x08015df2   0x08015df2   0x00000006   PAD
    0x08015df8   0x08015df8   0x00000458   Data   RO         1219    .constdata          utils.o
    0x08016250   0x08016250   0x0000004c   Data   RO         1316    .constdata          slider.o
    0x0801629c   0x0801629c   0x0000004c   Data   RO         1472    .constdata          keyboard.o
    0x080162e8   0x080162e8   0x0000004c   Data   RO         1492    .constdata          pages.o
    0x08016334   0x08016334   0x0000004c   Data   RO         1506    .constdata          edit.o
    0x08016380   0x08016380   0x0000004c   Data   RO         1520    .constdata          view.o
    0x080163cc   0x080163cc   0x00000118   Data   RO         1552    .constdata          widget_factory.o
    0x080164e4   0x080164e4   0x00018685   Data   RO         1827    .constdata          resource-mini.o
    0x0802eb69   0x0802eb69   0x00000003   PAD
    0x0802eb6c   0x0802eb6c   0x0000034a   Data   RO          871    .conststring        enums.o
    0x0802eeb6   0x0802eeb6   0x00000002   PAD
    0x0802eeb8   0x0802eeb8   0x00000020   Data   RO         2242    Region$$Table       anon$$obj.o
    0x0802eed8   0x0802eed8   0x00000110   Data   RO         2058    locale$$data        c_w.l(lc_ctype_c.o)


    Execution Region RW_IRAM1 (Exec base: 0x20000000, Load base: 0x0802efe8, Size: 0x00003960, Max: 0x00010000, ABSOLUTE, COMPRESSED[0x00000104])

    Exec Addr    Load Addr    Size         Type   Attr      Idx    E Section Name        Object

    0x20000000   COMPRESSED   0x00000014   Data   RW          105    .data               system_stm32f10x.o
    0x20000014   COMPRESSED   0x00000006   Data   RW          218    .data               usart.o
    0x2000001a   COMPRESSED   0x00000014   Data   RW          282    .data               stm32f10x_rcc.o
    0x2000002e   COMPRESSED   0x00000001   Data   RW          452    .data               led.o
    0x2000002f   COMPRESSED   0x00000001   Data   RW          480    .data               button.o
    0x20000030   COMPRESSED   0x00000004   Data   RW          493    .data               tim.o
    0x20000034   COMPRESSED   0x0000000a   Data   RW          514    .data               rtc.o
    0x2000003e   COMPRESSED   0x00000008   Data   RW          537    .data               touch.o
    0x20000046   COMPRESSED   0x00000002   PAD
    0x20000048   COMPRESSED   0x00000004   Data   RW          906    .data               font_manager.o
    0x2000004c   COMPRESSED   0x00000004   Data   RW          951    .data               image_manager.o
    0x20000050   COMPRESSED   0x00000004   Data   RW          991    .data               main_loop.o
    0x20000054   COMPRESSED   0x00000004   Data   RW         1051    .data               theme.o
    0x20000058   COMPRESSED   0x00000004   Data   RW         1166    .data               window_manager.o
    0x2000005c   COMPRESSED   0x000000f1   Data   RW         1220    .data               utils.o
    0x2000014d   COMPRESSED   0x00000003   PAD
    0x20000150   COMPRESSED   0x00000004   Data   RW         1255    .data               timer.o
    0x20000154   COMPRESSED   0x00000004   Data   RW         1269    .data               resource_manager.o
    0x20000158   COMPRESSED   0x00000004   Data   RW         1357    .data               idle.o
    0x2000015c   COMPRESSED   0x00000004   Data   RW         1427    .data               locale.o
    0x20000160   COMPRESSED   0x00000004   Data   RW         1553    .data               widget_factory.o
    0x20000164   COMPRESSED   0x00000004   Data   RW         1636    .data               input_method.o
    0x20000168   COMPRESSED   0x00000004   Data   RW         1763    .data               mutex_null.o
    0x2000016c   COMPRESSED   0x00000004   Data   RW         1780    .data               sys_tick.o
    0x20000170        -       0x000000c8   Zero   RW          217    .bss                usart.o
    0x20000238        -       0x0000000a   Zero   RW          512    .bss                rtc.o
    0x20000242   COMPRESSED   0x00000002   PAD
    0x20000244        -       0x0000000c   Zero   RW          536    .bss                touch.o
    0x20000250        -       0x00001000   Zero   RW          591    .bss                flash.o
    0x20001250        -       0x00000010   Zero   RW         1008    .bss                mem.o
    0x20001260        -       0x00000014   Zero   RW         1383    .bss                system_info.o
    0x20001274        -       0x00000088   Zero   RW         1453    .bss                main_loop_simple.o
    0x200012fc        -       0x00002000   Zero   RW         1749    .bss                platform.o
    0x200032fc        -       0x00000060   Zero   RW         2077    .bss                c_w.l(libspace.o)
    0x2000335c   COMPRESSED   0x00000004   PAD
    0x20003360        -       0x00000200   Zero   RW          251    HEAP                startup_stm32f10x_hd.o
    0x20003560        -       0x00000400   Zero   RW          250    STACK               startup_stm32f10x_hd.o


==============================================================================

Image component sizes


      Code (inc. data)   RO Data    RW Data    ZI Data      Debug   Object Name

       618          0          0          0          0      12723   array.o
       162          0          0          0          0       3467   bitmap.o
       256         12          0          1          0        850   button.o
       220          4         76          0          0      21016   button_1.o
      9002         80          0          0          0      29702   canvas.o
       528         14         76          0          0       5695   check_button.o
        24          0          0          0          0        641   color.o
         0          0          0          0          0         32   core_cm3.o
      1348        256          0          0          0       3495   demo1_app.o
        30          0          0          0          0        600   demo_main.o
       920         62         76          0          0      13051   dialog.o
      2460         72         76          0          0       9306   edit.o
       622          0          0          0          0       5002   emitter.o
       328         32       1862          0          0       7823   enums.o
       326          0          0          0          0       2212   event_queue.o
       158          0          0          0          0       2065   events.o
       924         12          0          0       4096       3305   flash.o
        94          0          0          0          0       1250   font.o
       312         12          0          0          0       3686   font_bitmap.o
       252         14          0          4          0       3234   font_manager.o
       104          4         76          0          0       1647   group_box.o
      1072         12       2376          0          0       5635   gui.o
       700         12          0          4          0       6027   idle.o
       636         26         76          0          0       4228   image.o
        44          0          0          0          0       1060   image_loader.o
       700         12          0          4          0       5665   image_manager.o
       168          6          0          4          0       2488   input_method.o
        72          4          0          0          0       1047   input_method_null.o
       756         88         76          0          0       5081   keyboard.o
        96          4         76          0          0       1599   label.o
      2272         18          0          0          0      12067   layout.o
       896          0          0          0          0       8074   lcd.o
       696         18          0          0          0       2092   lcd_driver.o
      1332         36          0          0          0       6505   lcd_stm32_raw.o
       164         10          0          1          0        739   led.o
       592         22          0          4          0       4521   locale.o
        68          0          0          0          0     205271   main.o
       276          6          0          4          0       3124   main_loop.o
       660         12          0          0        136       4953   main_loop_simple.o
       216         16          0          0          0      16145   main_loop_stm32_raw.o
       868          6          0          0         16       4959   mem.o
       220         22          0          0          0       1825   misc.o
        28          6          0          4          0       1993   mutex_null.o
       456         20         76          0          0       3729   pages.o
       100         12          0          0       8192       1236   platform.o
      1084         38         76          0          0       5026   progress_bar.o
       212          0          0          0          0       1443   rect.o
       412        132      99973          0          0      11873   resource-mini.o
       508         12          0          4          0       5602   resource_manager.o
      1120         66         24         10         10       4387   rtc.o
      1964         46         76          0          0       7059   slider.o
       476         16          0          0          0       1828   spi.o
        64         26        304          0       1536        812   startup_stm32f10x_hd.o
       196          8          0          0          0       3520   stm32f10x_bkp.o
      1548         18          0          0          0       5399   stm32f10x_fsmc.o
       860         38          0          0          0       5757   stm32f10x_gpio.o
        24          0          0          0          0      64030   stm32f10x_it.o
       204         14          0          0          0       1967   stm32f10x_pwr.o
       932         36          0         20          0       8944   stm32f10x_rcc.o
       328          4          0          0          0       2734   stm32f10x_rtc.o
       780         14          0          0          0       6638   stm32f10x_spi.o
      3610         88          0          0          0      22864   stm32f10x_tim.o
      1032         22          0          0          0       8480   stm32f10x_usart.o
      1456         28          0          0          0       8529   str.o
        76          6          0          4          0       1761   sys_tick.o
         8          4          0          0         20       1006   system_info.o
       480         38          0         20          0       1775   system_stm32f10x.o
       572          8          0          4          0       3416   theme.o
       572         24          0          4          0       1965   tim.o
        24          0          0          0          0        617   time.o
       928         12          0          4          0       7752   timer.o
       656         16          0          0          0       3706   tk.o
       380          0          0          0          0       3272   tokenizer.o
      1088         38          0          8         12       4326   touch.o
       296         16          0          6        200       3210   usart.o
       772          6        260          0          0       5509   utf8.o
     10832        208       1112        241          0      26151   utils.o
      1048         44          0          0          0       9376   value.o
        84          4         76          0          0       1698   view.o
      5310         72          0          0          0      27330   widget.o
       420         10        280          4          0       8648   widget_factory.o
       512          6         76          0          0      19967   widget_vtable.o
       308         18         76          0          0       3353   window.o
       288          0          0          0          0       1961   window_animator.o
        16          0          0          0          0       1475   window_animator_null.o
      2514         72        114          4          0      15510   window_manager.o
       982          0          0          0          0       6563   wstr.o

    ----------------------------------------------------------------------
     76770       2150     107414        368      14220     778104   Object Totals
         0          0         32          0          0          0   (incl. Generated)
        18          0         13          5          2          0   (incl. Padding)

    ----------------------------------------------------------------------

      Code (inc. data)   RO Data    RW Data    ZI Data      Debug   Library Member Name

        90          0          0          0          0          0   __dczerorl2.o
         8          0          0          0          0         68   __main.o
       104          0          0          0          0         84   __printf.o
         0          0          0          0          0          0   __rtentry.o
        12          0          0          0          0          0   __rtentry2.o
         6          0          0          0          0          0   __rtentry4.o
        52          8          0          0          0          0   __scatter.o
        28          0          0          0          0          0   __scatter_zi.o
        28          0          0          0          0         68   _chval.o
        48          6          0          0          0         96   _printf_char_common.o
        36          4          0          0          0         80   _printf_char_file.o
         6          0          0          0          0          0   _printf_d.o
       120         16          0          0          0         92   _printf_dec.o
       178          0          0          0          0         88   _printf_intcommon.o
         0          0          0          0          0          0   _printf_percent.o
         4          0          0          0          0          0   _printf_percent_end.o
       158          0          0          0          0         92   _strtoul.o
        26          0          0          0          0         80   atoi.o
        18          0          0          0          0         80   exit.o
         8          0          0          0          0         68   ferror.o
         6          0          0          0          0        152   heapauxi.o
        44         10        272          0          0         76   lc_ctype_c.o
         2          0          0          0          0          0   libinit.o
        20          0          0          0          0          0   libinit2.o
         2          0          0          0          0          0   libshutdown.o
         2          0          0          0          0          0   libshutdown2.o
         8          4          0          0         96         68   libspace.o
        72          0          0          0          0         76   llsdiv.o
       238          0          0          0          0        100   lludivv7m.o
        38          0          0          0          0         68   llushr.o
        24          4          0          0          0         84   noretval__2printf.o
        16          4          0          0          0         76   rt_ctype_table.o
         8          4          0          0          0         68   rt_errno_addr_intlibspace.o
         8          4          0          0          0         68   rt_locale_intlibspace.o
        68          0          0          0          0         68   rt_memclr.o
        78          0          0          0          0         80   rt_memclr_w.o
       138          0          0          0          0         68   rt_memcpy_v6.o
       100          0          0          0          0         80   rt_memcpy_w.o
       132          0          0          0          0         68   rt_memmove_v6.o
       122          0          0          0          0         80   rt_memmove_w.o
         2          0          0          0          0          0   rtexit.o
        10          0          0          0          0          0   rtexit2.o
        20          0          0          0          0         68   strchr.o
       128          0          0          0          0         68   strcmpv7m.o
        72          0          0          0          0         80   strcpy.o
        62          0          0          0          0         76   strlen.o
       150          0          0          0          0         80   strncmp.o
        86          0          0          0          0         76   strncpy.o
        22          0          0          0          0         68   strrchr.o
        36          0          0          0          0         80   strstr.o
       112          0          0          0          0         88   strtol.o
        74          0          0          0          0         80   sys_stackheap_outer.o
        26          0          0          0          0         76   tolower.o
        30          0          0          0          0         76   toupper.o
         2          0          0          0          0         68   use_no_semi.o
         2          0          0          0          0         68   use_no_semi_2.o
        18          0          0          0          0         68   wcscpy.o
        18          0          0          0          0         68   wcslen.o
        98          4          0          0          0         92   d2f.o
       826         16          0          0          0        348   daddsub_clz.o
        24          0          0          0          0         68   dcmpi.o
       688        140          0          0          0        208   ddiv.o
       120          4          0          0          0         92   deqf.o
        94          4          0          0          0         92   dfix.o
       194          4          0          0          0        116   dfixll.o
        90          4          0          0          0         92   dfixu.o
        84          0          0          0          0        136   dflt_clz.o
       162          0          0          0          0         84   dfltll_clz.o
       120          4          0          0          0         92   dleqf.o
       340         12          0          0          0        104   dmul.o
       156          4          0          0          0         92   dnaninf.o
        12          0          0          0          0         68   dretinf.o
       108          0          0          0          0         80   drleqf.o
        86          4          0          0          0         84   f2d.o
       450          8          0          0          0        236   faddsub_clz.o
        24          0          0          0          0         68   fcmpi.o
       388         76          0          0          0         96   fdiv.o
       104          4          0          0          0         84   feqf.o
        54          4          0          0          0         84   ffix.o
        62          4          0          0          0         84   ffixu.o
        86          0          0          0          0        136   fflt_clz.o
        96          0          0          0          0         84   ffltll_clz.o
       104          4          0          0          0         84   fleqf.o
       258          4          0          0          0         84   fmul.o
       140          4          0          0          0         84   fnaninf.o
        10          0          0          0          0         68   fretinf.o
        98          0          0          0          0         68   frleqf.o
         0          0          0          0          0          0   usenofp.o

    ----------------------------------------------------------------------
      8032        372        272          0        100       6472   Library Totals
        30          0          0          0          4          0   (incl. Padding)

    ----------------------------------------------------------------------

      Code (inc. data)   RO Data    RW Data    ZI Data      Debug   Library Name

      2926         64        272          0         96       3364   c_w.l
      5076        308          0          0          0       3108   fz_ws.l

    ----------------------------------------------------------------------
      8032        372        272          0        100       6472   Library Totals

    ----------------------------------------------------------------------

==============================================================================


      Code (inc. data)   RO Data    RW Data    ZI Data      Debug   

     84802       2522     107686        368      14320     773080   Grand Totals
     84802       2522     107686        260      14320     773080   ELF Image Totals (compressed)
     84802       2522     107686        260          0          0   ROM Totals

==============================================================================

    Total RO  Size (Code + RO Data)               192488 ( 187.98kB)
    Total RW  Size (RW Data + ZI Data)             14688 (  14.34kB)
    Total ROM Size (Code + RO Data + RW Data)     192748 ( 188.23kB)

==============================================================================

