Component: ARM Compiler 5.06 update 5 (build 528) Tool: armlink [4d35e2]

==============================================================================

Section Cross References

    system_stm32f10x.o(.text) refers to system_stm32f10x.o(.data) for SystemCoreClock
    main.o(.text) refers to misc.o(.text) for NVIC_PriorityGroupConfig
    main.o(.text) refers to platform.o(.text) for systick_init
    main.o(.text) refers to led.o(.text) for led_init
    main.o(.text) refers to button.o(.text) for button_init
    main.o(.text) refers to lcd_driver.o(.text) for TFT_Init
    main.o(.text) refers to flash.o(.text) for FLASH_Init
    main.o(.text) refers to touch.o(.text) for TOUCH_Init
    main.o(.text) refers to tim.o(.text) for TIM3_Init
    main.o(.text) refers to rtc.o(.text) for rtc_init
    main.o(.text) refers to demo_main.o(.text) for gui_app_start
    sys.o(.text) refers to misc.o(.text) for NVIC_PriorityGroupConfig
    usart.o(.text) refers (Special) to use_no_semi_2.o(.text) for __use_no_semihosting
    usart.o(.text) refers to stm32f10x_rcc.o(.text) for RCC_APB2PeriphClockCmd
    usart.o(.text) refers to stm32f10x_gpio.o(.text) for GPIO_Init
    usart.o(.text) refers to misc.o(.text) for NVIC_Init
    usart.o(.text) refers to stm32f10x_usart.o(.text) for USART_Init
    usart.o(.text) refers to usart.o(.data) for USART_RX_STA
    usart.o(.text) refers to usart.o(.bss) for USART_RX_BUF
    usart.o(.bss) refers (Special) to use_no_semi_2.o(.text) for __use_no_semihosting
    usart.o(.data) refers (Special) to use_no_semi_2.o(.text) for __use_no_semihosting
    startup_stm32f10x_hd.o(STACK) refers (Special) to heapauxi.o(.text) for __use_two_region_memory
    startup_stm32f10x_hd.o(HEAP) refers (Special) to heapauxi.o(.text) for __use_two_region_memory
    startup_stm32f10x_hd.o(RESET) refers (Special) to heapauxi.o(.text) for __use_two_region_memory
    startup_stm32f10x_hd.o(RESET) refers to startup_stm32f10x_hd.o(STACK) for __initial_sp
    startup_stm32f10x_hd.o(RESET) refers to startup_stm32f10x_hd.o(.text) for Reset_Handler
    startup_stm32f10x_hd.o(RESET) refers to stm32f10x_it.o(.text) for NMI_Handler
    startup_stm32f10x_hd.o(RESET) refers to sys_tick.o(.text) for SysTick_Handler
    startup_stm32f10x_hd.o(RESET) refers to rtc.o(.text) for RTC_IRQHandler
    startup_stm32f10x_hd.o(RESET) refers to main_loop_stm32_raw.o(.text) for TIM3_IRQHandler
    startup_stm32f10x_hd.o(RESET) refers to usart.o(.text) for USART1_IRQHandler
    startup_stm32f10x_hd.o(RESET) refers to tim.o(.text) for TIM5_IRQHandler
    startup_stm32f10x_hd.o(.text) refers (Special) to heapauxi.o(.text) for __use_two_region_memory
    startup_stm32f10x_hd.o(.text) refers to system_stm32f10x.o(.text) for SystemInit
    startup_stm32f10x_hd.o(.text) refers to __main.o(!!!main) for __main
    startup_stm32f10x_hd.o(.text) refers to startup_stm32f10x_hd.o(HEAP) for Heap_Mem
    startup_stm32f10x_hd.o(.text) refers to startup_stm32f10x_hd.o(STACK) for Stack_Mem
    stm32f10x_gpio.o(.text) refers to stm32f10x_rcc.o(.text) for RCC_APB2PeriphResetCmd
    stm32f10x_rcc.o(.text) refers to stm32f10x_rcc.o(.data) for APBAHBPrescTable
    stm32f10x_usart.o(.text) refers to stm32f10x_rcc.o(.text) for RCC_APB2PeriphResetCmd
    stm32f10x_wwdg.o(.text) refers to stm32f10x_rcc.o(.text) for RCC_APB1PeriphResetCmd
    stm32f10x_tim.o(.text) refers to stm32f10x_rcc.o(.text) for RCC_APB2PeriphResetCmd
    stm32f10x_bkp.o(.text) refers to stm32f10x_rcc.o(.text) for RCC_BackupResetCmd
    stm32f10x_pwr.o(.text) refers to stm32f10x_rcc.o(.text) for RCC_APB1PeriphResetCmd
    stm32f10x_spi.o(.text) refers to stm32f10x_rcc.o(.text) for RCC_APB2PeriphResetCmd
    led.o(.text) refers to stm32f10x_rcc.o(.text) for RCC_APB2PeriphClockCmd
    led.o(.text) refers to stm32f10x_gpio.o(.text) for GPIO_Init
    led.o(.text) refers to sys_tick.o(.text) for delay_ms
    led.o(.text) refers to led.o(.data) for i
    lcd_driver.o(.text) refers to stm32f10x_rcc.o(.text) for RCC_APB2PeriphClockCmd
    lcd_driver.o(.text) refers to stm32f10x_gpio.o(.text) for GPIO_Init
    lcd_driver.o(.text) refers to stm32f10x_fsmc.o(.text) for FSMC_NORSRAMInit
    button.o(.text) refers to stm32f10x_rcc.o(.text) for RCC_APB2PeriphClockCmd
    button.o(.text) refers to stm32f10x_gpio.o(.text) for GPIO_Init
    button.o(.text) refers to sys_tick.o(.text) for delay_ms
    button.o(.text) refers to button.o(.data) for key_up
    tim.o(.text) refers to stm32f10x_rcc.o(.text) for RCC_APB1PeriphClockCmd
    tim.o(.text) refers to stm32f10x_gpio.o(.text) for GPIO_Init
    tim.o(.text) refers to stm32f10x_tim.o(.text) for TIM_TimeBaseInit
    tim.o(.text) refers to misc.o(.text) for NVIC_Init
    tim.o(.text) refers to tim.o(.data) for TIM5CH1_CAPTURE_STA
    rtc.o(.text) refers to _printf_percent.o(.ARM.Collect$$_printf_percent$$00000000) for _printf_percent
[...]
    0x0800029a   0x0800029a   0x00000000   Code   RO         5032    .ARM.Collect$$libinit$$00000021  c_w.l(libinit2.o)
    0x0800029a   0x0800029a   0x00000000   Code   RO         5034    .ARM.Collect$$libinit$$00000023  c_w.l(libinit2.o)
    0x0800029a   0x0800029a   0x00000000   Code   RO         5036    .ARM.Collect$$libinit$$00000025  c_w.l(libinit2.o)
    0x0800029a   0x0800029a   0x00000000   Code   RO         5040    .ARM.Collect$$libinit$$0000002C  c_w.l(libinit2.o)
    0x0800029a   0x0800029a   0x00000000   Code   RO         5042    .ARM.Collect$$libinit$$0000002E  c_w.l(libinit2.o)
    0x0800029a   0x0800029a   0x00000000   Code   RO         5044    .ARM.Collect$$libinit$$00000030  c_w.l(libinit2.o)
    0x0800029a   0x0800029a   0x00000000   Code   RO         5046    .ARM.Collect$$libinit$$00000032  c_w.l(libinit2.o)
    0x0800029a   0x0800029a   0x00000002   Code   RO         5047    .ARM.Collect$$libinit$$00000033  c_w.l(libinit2.o)
    0x0800029c   0x0800029c   0x00000002   Code   RO         5165    .ARM.Collect$$libshutdown$$00000000  c_w.l(libshutdown.o)
    0x0800029e   0x0800029e   0x00000000   Code   RO         5171    .ARM.Collect$$libshutdown$$00000002  c_w.l(libshutdown2.o)
    0x0800029e   0x0800029e   0x00000000   Code   RO         5173    .ARM.Collect$$libshutdown$$00000004  c_w.l(libshutdown2.o)
    0x0800029e   0x0800029e   0x00000000   Code   RO         5176    .ARM.Collect$$libshutdown$$00000007  c_w.l(libshutdown2.o)
    0x0800029e   0x0800029e   0x00000000   Code   RO         5179    .ARM.Collect$$libshutdown$$0000000A  c_w.l(libshutdown2.o)
    0x0800029e   0x0800029e   0x00000000   Code   RO         5181    .ARM.Collect$$libshutdown$$0000000C  c_w.l(libshutdown2.o)
    0x0800029e   0x0800029e   0x00000000   Code   RO         5184    .ARM.Collect$$libshutdown$$0000000F  c_w.l(libshutdown2.o)
    0x0800029e   0x0800029e   0x00000002   Code   RO         5185    .ARM.Collect$$libshutdown$$00000010  c_w.l(libshutdown2.o)
    0x080002a0   0x080002a0   0x00000000   Code   RO         4775    .ARM.Collect$$rtentry$$00000000  c_w.l(__rtentry.o)
    0x080002a0   0x080002a0   0x00000000   Code   RO         4955    .ARM.Collect$$rtentry$$00000002  c_w.l(__rtentry2.o)
    0x080002a0   0x080002a0   0x00000006   Code   RO         4967    .ARM.Collect$$rtentry$$00000004  c_w.l(__rtentry4.o)
    0x080002a6   0x080002a6   0x00000000   Code   RO         4957    .ARM.Collect$$rtentry$$00000009  c_w.l(__rtentry2.o)
    0x080002a6   0x080002a6   0x00000004   Code   RO         4958    .ARM.Collect$$rtentry$$0000000A  c_w.l(__rtentry2.o)
    0x080002aa   0x080002aa   0x00000000   Code   RO         4960    .ARM.Collect$$rtentry$$0000000C  c_w.l(__rtentry2.o)
    0x080002aa   0x080002aa   0x00000008   Code   RO         4961    .ARM.Collect$$rtentry$$0000000D  c_w.l(__rtentry2.o)
    0x080002b2   0x080002b2   0x00000002   Code   RO         5111    .ARM.Collect$$rtexit$$00000000  c_w.l(rtexit.o)
    0x080002b4   0x080002b4   0x00000000   Code   RO         5130    .ARM.Collect$$rtexit$$00000002  c_w.l(rtexit2.o)
    0x080002b4   0x080002b4   0x00000004   Code   RO         5131    .ARM.Collect$$rtexit$$00000003  c_w.l(rtexit2.o)
    0x080002b8   0x080002b8   0x00000006   Code   RO         5132    .ARM.Collect$$rtexit$$00000004  c_w.l(rtexit2.o)
    0x080002be   0x080002be   0x00000018   Code   RO            1    .text               stm32f10x_it.o
    0x080002d6   0x080002d6   0x00000002   PAD
    0x080002d8   0x080002d8   0x000001e0   Code   RO          104    .text               system_stm32f10x.o
    0x080004b8   0x080004b8   0x00000044   Code   RO          122    .text               main.o
    0x080004fc   0x080004fc   0x00000128   Code   RO          216    .text               usart.o
    0x08000624   0x08000624   0x00000040   Code   RO          253    .text               startup_stm32f10x_hd.o
    0x08000664   0x08000664   0x000000dc   Code   RO          257    .text               misc.o
    0x08000740   0x08000740   0x0000035c   Code   RO          269    .text               stm32f10x_gpio.o
    0x08000a9c   0x08000a9c   0x000003a4   Code   RO          281    .text               stm32f10x_rcc.o
    0x08000e40   0x08000e40   0x00000408   Code   RO          295    .text               stm32f10x_usart.o
    0x08001248   0x08001248   0x00000e1a   Code   RO          343    .text               stm32f10x_tim.o
    0x08002062   0x08002062   0x00000002   PAD
    0x08002064   0x08002064   0x0000060c   Code   RO          355    .text               stm32f10x_fsmc.o
    0x08002670   0x08002670   0x000000c4   Code   RO          367    .text               stm32f10x_bkp.o
    0x08002734   0x08002734   0x00000148   Code   RO          379    .text               stm32f10x_rtc.o
    0x0800287c   0x0800287c   0x000000cc   Code   RO          391    .text               stm32f10x_pwr.o
    0x08002948   0x08002948   0x0000030c   Code   RO          415    .text               stm32f10x_spi.o
    0x08002c54   0x08002c54   0x000000a4   Code   RO          451    .text               led.o
    0x08002cf8   0x08002cf8   0x000002b8   Code   RO          464    .text               lcd_driver.o
    0x08002fb0   0x08002fb0   0x00000100   Code   RO          479    .text               button.o
    0x080030b0   0x080030b0   0x0000023c   Code   RO          492    .text               tim.o
    0x080032ec   0x080032ec   0x00000460   Code   RO          511    .text               rtc.o
    0x0800374c   0x0800374c   0x00000440   Code   RO          535    .text               touch.o
    0x08003b8c   0x08003b8c   0x000001dc   Code   RO          557    .text               spi.o
    0x08003d68   0x08003d68   0x00000430   Code   RO          569    .text               gui.o
    0x08004198   0x08004198   0x0000039c   Code   RO          590    .text               flash.o
    0x08004534   0x08004534   0x0000067c   Code   RO          604    .text               bitmap.o
    0x08004bb0   0x08004bb0   0x0000042c   Code   RO          672    .text               buffer.o
    0x08004fdc   0x08004fdc   0x00000418   Code   RO          691    .text               button_1.o
    0x080053f4   0x080053f4   0x00002c6c   Code   RO          836    .text               canvas.o
    0x08008060   0x08008060   0x000003b8   Code   RO          914    .text               check_button.o
    0x08008418   0x08008418   0x00000178   Code   RO          933    .text               color.o
    0x08008590   0x08008590   0x000008d4   Code   RO          946    .text               dialog.o
    0x08008e64   0x08008e64   0x00000398   Code   RO         1004    .text               emitter.o
    0x080091fc   0x080091fc   0x000001a0   Code   RO         1023    .text               enums.o
    0x0800939c   0x0800939c   0x000000cc   Code   RO         1050    .text               font.o
    0x08009468   0x08009468   0x000001bc   Code   RO         1066    .text               font_manager.o
    0x08009624   0x08009624   0x00000054   Code   RO         1129    .text               group_box.o
    0x08009678   0x08009678   0x00000234   Code   RO         1147    .text               image.o
    0x080098ac   0x080098ac   0x00000400   Code   RO         1169    .text               image_manager.o
    0x08009cac   0x08009cac   0x00000490   Code   RO         1214    .text               label.o
    0x0800a13c   0x0800a13c   0x0000044e   Code   RO         1229    .text               lcd.o
    0x0800a58a   0x0800a58a   0x00000002   PAD
    0x0800a58c   0x0800a58c   0x0000012c   Code   RO         1247    .text               main_loop.o
    0x0800a6b8   0x0800a6b8   0x000002f4   Code   RO         1264    .text               mem.o
    0x0800a9ac   0x0800a9ac   0x000003e0   Code   RO         1278    .text               progress_bar.o
    0x0800ad8c   0x0800ad8c   0x0000044c   Code   RO         1297    .text               rect.o
    0x0800b1d8   0x0800b1d8   0x00000220   Code   RO         1313    .text               theme.o
    0x0800b3f8   0x0800b3f8   0x00000304   Code   RO         1331    .text               utf8.o
    0x0800b6fc   0x0800b6fc   0x0000087c   Code   RO         1346    .text               value.o
    0x0800bf78   0x0800bf78   0x00004094   Code   RO         1359    .text               widget.o
    0x0801000c   0x0801000c   0x000002e4   Code   RO         1494    .text               widget_vtable.o
    0x080102f0   0x080102f0   0x00000118   Code   RO         1563    .text               window.o
    0x08010408   0x08010408   0x000013e8   Code   RO         1582    .text               window_manager.o
    0x080117f0   0x080117f0   0x00000750   Code   RO         1616    .text               wstr.o
    0x08011f40   0x08011f40   0x00000848   Code   RO         1635    .text               utils.o
    0x08012788   0x08012788   0x000001d6   Code   RO         1666    .text               events.o
    0x0801295e   0x0801295e   0x000000f4   Code   RO         1732    .text               timer.o
    0x08012a52   0x08012a52   0x00000002   PAD
    0x08012a54   0x08012a54   0x0000024c   Code   RO         1744    .text               layout.o
    0x08012ca0   0x08012ca0   0x00000150   Code   RO         1762    .text               event_queue.o
    0x08012df0   0x08012df0   0x00000b6c   Code   RO         1793    .text               slider.o
    0x0801395c   0x0801395c   0x00000334   Code   RO         1812    .text               window_animator.o
    0x08013c90   0x08013c90   0x0000009a   Code   RO         1829    .text               idle.o
    0x08013d2a   0x08013d2a   0x00000002   PAD
    0x08013d2c   0x08013d2c   0x000004f4   Code   RO         1841    .text               system_info.o
    0x08014220   0x08014220   0x000000b8   Code   RO         1857    .text               image_loader.o
    0x080142d8   0x080142d8   0x00000994   Code   RO         1886    .text               str.o
    0x08014c6c   0x08014c6c   0x000002b8   Code   RO         1902    .text               main_loop_simple.o
    0x08014f24   0x08014f24   0x00000238   Code   RO         1921    .text               pages.o
    0x0801515c   0x0801515c   0x00002178   Code   RO         1940    .text               edit.o
    0x080172d4   0x080172d4   0x00000040   Code   RO         1966    .text               view.o
    0x08017314   0x08017314   0x00000180   Code   RO         1999    .text               widget_factory.o
    0x08017494   0x08017494   0x00000268   Code   RO         2197    .text               tokenizer.o
    0x080176fc   0x080176fc   0x00000294   Code   RO         2209    .text               input_method.o
    0x08017990   0x08017990   0x00000082   Code   RO         2239    .text               input_engine.o
    0x08017a12   0x08017a12   0x00000002   PAD
    0x08017a14   0x08017a14   0x0000015c   Code   RO         2251    .text               spin_box.o
    0x08017b70   0x08017b70   0x00000400   Code   RO         2270    .text               dragger.o
    0x08017f70   0x08017f70   0x0000007c   Code   RO         2289    .text               dialog_client.o
    0x08017fec   0x08017fec   0x0000006c   Code   RO         2304    .text               dialog_title.o
    0x08018058   0x08018058   0x000003c8   Code   RO         2319    .text               awtk_global.o
    0x08018420   0x08018420   0x00000068   Code   RO         2673    .text               input_method_creator.o
    0x08018488   0x08018488   0x00000054   Code   RO         2689    .text               button_group.o
    0x080184dc   0x080184dc   0x000002a4   Code   RO         2707    .text               color_parser.o
    0x08018780   0x08018780   0x00000934   Code   RO         2725    .text               combo_box.o
    0x080190b4   0x080190b4   0x0000034c   Code   RO         2751    .text               combo_box_item.o
    0x08019400   0x08019400   0x00000964   Code   RO         2766    .text               easing.o
    0x08019d64   0x08019d64   0x0000038c   Code   RO         2780    .text               fs.o
    0x0801a0f0   0x0801a0f0   0x00000238   Code   RO         2839    .text               popup.o
    0x0801a328   0x0801a328   0x000004cc   Code   RO         2884    .text               tab_button.o
    0x0801a7f4   0x0801a7f4   0x000003e4   Code   RO         2903    .text               tab_button_group.o
    0x0801abd8   0x0801abd8   0x00000054   Code   RO         2921    .text               tab_control.o
    0x0801ac2c   0x0801ac2c   0x000000a2   Code   RO         2939    .text               ui_builder.o
    0x0801acce   0x0801acce   0x00000b06   Code   RO         2954    .text               vgcanvas.o
    0x0801b7d4   0x0801b7d4   0x000003fc   Code   RO         2972    .text               widget_animator.o
    0x0801bbd0   0x0801bbd0   0x00000110   Code   RO         3059    .text               ui_builder_default.o
    0x0801bce0   0x0801bce0   0x0000007a   Code   RO         3082    .text               ui_loader.o
    0x0801bd5a   0x0801bd5a   0x00000002   PAD
    0x0801bd5c   0x0801bd5c   0x0000011c   Code   RO         3094    .text               ui_loader_default.o
    0x0801be78   0x0801be78   0x000000dc   Code   RO         3164    .text               window_open.o
    0x0801bf54   0x0801bf54   0x000002e0   Code   RO         3207    .text               color_tile.o
    0x0801c234   0x0801c234   0x00000378   Code   RO         3226    .text               assets_manager.o
    0x0801c5ac   0x0801c5ac   0x00000270   Code   RO         3241    .text               locale_info.o
    0x0801c81c   0x0801c81c   0x00000344   Code   RO         3256    .text               path.o
    0x0801cb60   0x0801cb60   0x00000040   Code   RO         3268    .text               app_bar.o
    0x0801cba0   0x0801cba0   0x00000040   Code   RO         3286    .text               column.o
    0x0801cbe0   0x0801cbe0   0x00000040   Code   RO         3304    .text               grid.o
    0x0801cc20   0x0801cc20   0x00000040   Code   RO         3322    .text               row.o
    0x0801cc60   0x0801cc60   0x00000328   Code   RO         3340    .text               calibration_win.o
    0x0801cf88   0x0801cf88   0x00000190   Code   RO         3358    .text               font_loader_bitmap.o
    0x0801d118   0x0801d118   0x0000002c   Code   RO         3375    .text               font_loader.o
    0x0801d144   0x0801d144   0x000006e8   Code   RO         3387    .text               window_base.o
    0x0801d82c   0x0801d82c   0x00000006   Code   RO         3401    .text               widget_animator_factory_null.o
    0x0801d832   0x0801d832   0x00000018   Code   RO         3413    .text               time_now.o
    0x0801d84a   0x0801d84a   0x00000120   Code   RO         3425    .text               style.o
    0x0801d96a   0x0801d96a   0x00000002   PAD
    0x0801d96c   0x0801d96c   0x000001e0   Code   RO         3440    .text               style_const.o
    0x0801db4c   0x0801db4c   0x00000034   Code   RO         3457    .text               style_factory.o
    0x0801db80   0x0801db80   0x0000037c   Code   RO         3477    .text               widget_animator_manager.o
    0x0801defc   0x0801defc   0x000000a0   Code   RO         3492    .text               clip_board_default.o
    0x0801df9c   0x0801df9c   0x00000104   Code   RO         3509    .text               clip_board.o
    0x0801e0a0   0x0801e0a0   0x00000660   Code   RO         3526    .text               image_base.o
    0x0801e700   0x0801e700   0x00000040   Code   RO         3540    .text               grid_item.o
    0x0801e740   0x0801e740   0x000003d0   Code   RO         3558    .text               input_device_status.o
    0x0801eb10   0x0801eb10   0x0000017c   Code   RO         3572    .text               system_bar.o
    0x0801ec8c   0x0801ec8c   0x000008e8   Code   RO         3591    .text               children_layouter_default.o
    0x0801f574   0x0801f574   0x000006b0   Code   RO         3612    .text               self_layouter_default.o
    0x0801fc24   0x0801fc24   0x00000158   Code   RO         3630    .text               children_layouter.o
    0x0801fd7c   0x0801fd7c   0x0000013c   Code   RO         3645    .text               self_layouter.o
    0x0801feb8   0x0801feb8   0x00000140   Code   RO         3681    .text               func_call_parser.o
    0x0801fff8   0x0801fff8   0x00000084   Code   RO         3702    .text               event.o
    0x0802007c   0x0802007c   0x000000f8   Code   RO         3715    .text               named_value.o
    0x08020174   0x08020174   0x000006c0   Code   RO         3731    .text               object.o
    0x08020834   0x08020834   0x00000450   Code   RO         3744    .text               object_default.o
    0x08020c84   0x08020c84   0x0000008c   Code   RO         3780    .text               timer_info.o
    0x08020d10   0x08020d10   0x0000028c   Code   RO         3804    .text               timer_manager.o
    0x08020f9c   0x08020f9c   0x000001c0   Code   RO         3819    .text               idle_manager.o
    0x0802115c   0x0802115c   0x00000080   Code   RO         3840    .text               idle_info.o
    0x080211dc   0x080211dc   0x0000024c   Code   RO         3855    .text               slist.o
    0x08021428   0x08021428   0x000002e8   Code   RO         3871    .text               widget_pool.o
    0x08021710   0x08021710   0x00000384   Code   RO         3886    .text               darray.o
    0x08021a94   0x08021a94   0x000015fc   Code   RO         3902    .text               expr_eval.o
    0x08023090   0x08023090   0x00000002   Code   RO         3916    .text               lcd_profile.o
    0x08023092   0x08023092   0x00000002   PAD
    0x08023094   0x08023094   0x00000120   Code   RO         3937    .text               window_animator_factory.o
    0x080231b4   0x080231b4   0x00000120   Code   RO         3952    .text               dialog_highlighter.o
    0x080232d4   0x080232d4   0x00000170   Code   RO         3965    .text               dialog_highlighter_factory.o
    0x08023444   0x08023444   0x00000024   Code   RO         3980    .text               children_layouter_builtins.o
    0x08023468   0x08023468   0x00000144   Code   RO         4001    .text               children_layouter_parser.o
    0x080235ac   0x080235ac   0x00000024   Code   RO         4022    .text               self_layouter_builtins.o
    0x080235d0   0x080235d0   0x000000a0   Code   RO         4040    .text               self_layouter_parser.o
    0x08023670   0x08023670   0x00000108   Code   RO         4061    .text               children_layouter_factory.o
    0x08023778   0x08023778   0x00000108   Code   RO         4076    .text               self_layouter_factory.o
    0x08023880   0x08023880   0x00000040   Code   RO         4091    .text               overlay.o
    0x080238c0   0x080238c0   0x00000580   Code   RO         4122    .text               style_mutable.o
    0x08023e40   0x08023e40   0x000006d0   Code   RO         4175    .text               lcd_stm32_raw.o
    0x08024510   0x08024510   0x000000d8   Code   RO         4208    .text               main_loop_stm32_raw.o
    0x080245e8   0x080245e8   0x00000064   Code   RO         4353    .text               platform.o
    0x0802464c   0x0802464c   0x0000001c   Code   RO         4367    .text               mutex_null.o
    0x08024668   0x08024668   0x0000004c   Code   RO         4384    .text               sys_tick.o
    0x080246b4   0x080246b4   0x00000004   Code   RO         4398    .text               fs_os.o
    0x080246b8   0x080246b8   0x00000026   Code   RO         4410    .text               demo_main.o
    0x080246de   0x080246de   0x00000002   PAD
    0x080246e0   0x080246e0   0x000005b0   Code   RO         4425    .text               demo1_app.o
    0x08024c90   0x08024c90   0x0000019c   Code   RO         4443    .text               assets-mini.o
    0x08024e2c   0x08024e2c   0x00000002   Code   RO         4493    .text               c_w.l(use_no_semi_2.o)
    0x08024e2e   0x08024e2e   0x00000002   PAD
    0x08024e30   0x08024e30   0x00000010   Code   RO         4495    .text               c_w.l(rt_ctype_table.o)
    0x08024e40   0x08024e40   0x0000001a   Code   RO         4497    .text               c_w.l(tolower.o)
    0x08024e5a   0x08024e5a   0x0000001e   Code   RO         4499    .text               c_w.l(toupper.o)
    0x08024e78   0x08024e78   0x00000034   Code   RO         4501    .text               c_w.l(vsnprintf.o)
    0x08024eac   0x08024eac   0x00000018   Code   RO         4503    .text               c_w.l(__2printf.o)
    0x08024ec4   0x08024ec4   0x00000078   Code   RO         4509    .text               c_w.l(_printf_dec.o)
    0x08024f3c   0x08024f3c   0x00000188   Code   RO         4528    .text               c_w.l(__printf_flags_ss_wp.o)
    0x080250c4   0x080250c4   0x00000034   Code   RO         4533    .text               c_w.l(vsscanf.o)
    0x080250f8   0x080250f8   0x00000070   Code   RO         4535    .text               c_w.l(strtol.o)
    0x08025168   0x08025168   0x00000050   Code   RO         4537    .text               c_w.l(bsearchnoex.o)
    0x080251b8   0x080251b8   0x00000014   Code   RO         4539    .text               c_w.l(strchr.o)
    0x080251cc   0x080251cc   0x00000024   Code   RO         4541    .text               c_w.l(strstr.o)
    0x080251f0   0x080251f0   0x00000058   Code   RO         4543    .text               c_w.l(memcmp.o)
    0x08025248   0x08025248   0x00000048   Code   RO         4545    .text               c_w.l(strcpy.o)
    0x08025290   0x08025290   0x00000016   Code   RO         4549    .text               c_w.l(strrchr.o)
    0x080252a6   0x080252a6   0x0000003e   Code   RO         4551    .text               c_w.l(strlen.o)
    0x080252e4   0x080252e4   0x00000012   Code   RO         4553    .text               c_w.l(wcscpy.o)
    0x080252f6   0x080252f6   0x00000018   Code   RO         4555    .text               c_w.l(wcscmp.o)
    0x0802530e   0x0802530e   0x00000016   Code   RO         4557    .text               c_w.l(wcschr.o)
    0x08025324   0x08025324   0x00000012   Code   RO         4559    .text               c_w.l(wcslen.o)
    0x08025336   0x08025336   0x00000096   Code   RO         4561    .text               c_w.l(strncmp.o)
    0x080253cc   0x080253cc   0x0000008a   Code   RO         4563    .text               c_w.l(rt_memcpy_v6.o)
    0x08025456   0x08025456   0x00000084   Code   RO         4565    .text               c_w.l(rt_memmove_v6.o)
    0x080254da   0x080254da   0x00000064   Code   RO         4567    .text               c_w.l(rt_memcpy_w.o)
    0x0802553e   0x0802553e   0x00000044   Code   RO         4569    .text               c_w.l(rt_memclr.o)
    0x08025582   0x08025582   0x0000004e   Code   RO         4571    .text               c_w.l(rt_memclr_w.o)
    0x080255d0   0x080255d0   0x00000056   Code   RO         4573    .text               c_w.l(strncpy.o)
    0x08025626   0x08025626   0x00000002   PAD
    0x08025628   0x08025628   0x00000080   Code   RO         4575    .text               c_w.l(strcmpv7m.o)
    0x080256a8   0x080256a8   0x00000006   Code   RO         4577    .text               c_w.l(heapauxi.o)
    0x080256ae   0x080256ae   0x00000002   Code   RO         4773    .text               c_w.l(use_no_semi.o)
    0x080256b0   0x080256b0   0x00000008   Code   RO         4779    .text               c_w.l(rt_locale_intlibspace.o)
    0x080256b8   0x080256b8   0x00000008   Code   RO         4784    .text               c_w.l(rt_errno_addr_intlibspace.o)
    0x080256c0   0x080256c0   0x00000016   Code   RO         4786    .text               c_w.l(_rserrno.o)
    0x080256d6   0x080256d6   0x0000004e   Code   RO         4788    .text               c_w.l(_printf_pad.o)
    0x08025724   0x08025724   0x00000024   Code   RO         4790    .text               c_w.l(_printf_truncate.o)
    0x08025748   0x08025748   0x00000052   Code   RO         4792    .text               c_w.l(_printf_str.o)
    0x0802579a   0x0802579a   0x000000b2   Code   RO         4794    .text               c_w.l(_printf_intcommon.o)
    0x0802584c   0x0802584c   0x00000028   Code   RO         4796    .text               c_w.l(_printf_charcount.o)
    0x08025874   0x08025874   0x00000030   Code   RO         4798    .text               c_w.l(_printf_char_common.o)
    0x080258a4   0x080258a4   0x0000000a   Code   RO         4800    .text               c_w.l(_sputc.o)
    0x080258ae   0x080258ae   0x00000010   Code   RO         4802    .text               c_w.l(_snputc.o)
    0x080258be   0x080258be   0x00000002   PAD
    0x080258c0   0x080258c0   0x00000024   Code   RO         4804    .text               c_w.l(_printf_char_file.o)
    0x080258e4   0x080258e4   0x000000bc   Code   RO         4806    .text               c_w.l(_printf_wctomb.o)
    0x080259a0   0x080259a0   0x0000007c   Code   RO         4809    .text               c_w.l(_printf_longlong_dec.o)
    0x08025a1c   0x08025a1c   0x00000070   Code   RO         4815    .text               c_w.l(_printf_oct_int_ll.o)
    0x08025a8c   0x08025a8c   0x00000094   Code   RO         4835    .text               c_w.l(_printf_hex_int_ll_ptr.o)
    0x08025b20   0x08025b20   0x00000156   Code   RO         4860    .text               c_w.l(_scanf_longlong.o)
    0x08025c76   0x08025c76   0x0000014c   Code   RO         4862    .text               c_w.l(_scanf_int.o)
    0x08025dc2   0x08025dc2   0x000000e0   Code   RO         4864    .text               c_w.l(_scanf_str.o)
    0x08025ea2   0x08025ea2   0x00000002   PAD
    0x08025ea4   0x08025ea4   0x0000002c   Code   RO         4866    .text               c_w.l(scanf_char.o)
    0x08025ed0   0x08025ed0   0x00000040   Code   RO         4868    .text               c_w.l(_sgetc.o)
    0x08025f10   0x08025f10   0x0000009e   Code   RO         4870    .text               c_w.l(_strtoul.o)
    0x08025fae   0x08025fae   0x00000002   PAD
    0x08025fb0   0x08025fb0   0x000000a4   Code   RO         4872    .text               c_w.l(strtod.o)
    0x08026054   0x08026054   0x00000114   Code   RO         4874    .text               c_w.l(_scanf_mbtowc.o)
    0x08026168   0x08026168   0x000000e8   Code   RO         4876    .text               c_w.l(_scanf_wctomb.o)
    0x08026250   0x08026250   0x000000d0   Code   RO         4878    .text               c_w.l(_scanf_wstr.o)
    0x08026320   0x08026320   0x0000007a   Code   RO         4883    .text               c_w.l(rt_memmove_w.o)
    0x0802639a   0x0802639a   0x00000002   PAD
    0x0802639c   0x0802639c   0x00000008   Code   RO         4951    .text               c_w.l(libspace.o)
    0x080263a4   0x080263a4   0x0000008a   Code   RO         4969    .text               c_w.l(lludiv10.o)
    0x0802642e   0x0802642e   0x00000012   Code   RO         4971    .text               c_w.l(isspace.o)
    0x08026440   0x08026440   0x0000041e   Code   RO         4973    .text               c_w.l(_printf_fp_dec.o)
    0x0802685e   0x0802685e   0x00000002   PAD
    0x08026860   0x08026860   0x000002fc   Code   RO         4975    .text               c_w.l(_printf_fp_hex.o)
    0x08026b5c   0x08026b5c   0x0000002c   Code   RO         4980    .text               c_w.l(_printf_char.o)
    0x08026b88   0x08026b88   0x0000002c   Code   RO         4982    .text               c_w.l(_printf_wchar.o)
    0x08026bb4   0x08026bb4   0x0000001c   Code   RO         4984    .text               c_w.l(_chval.o)
    0x08026bd0   0x08026bd0   0x00000374   Code   RO         4986    .text               c_w.l(_scanf.o)
    0x08026f44   0x08026f44   0x000004f8   Code   RO         4988    .text               c_w.l(scanf_fp.o)
    0x0802743c   0x0802743c   0x0000001e   Code   RO         4990    .text               c_w.l(_scanf_wcharmap.o)
    0x0802745a   0x0802745a   0x00000008   Code   RO         4992    .text               c_w.l(ferror.o)
    0x08027462   0x08027462   0x0000003c   Code   RO         4996    .text               c_w.l(_mbrtowc.o)
    0x0802749e   0x0802749e   0x00000040   Code   RO         4998    .text               c_w.l(_wcrtomb.o)
    0x080274de   0x080274de   0x0000004a   Code   RO         5050    .text               c_w.l(sys_stackheap_outer.o)
    0x08027528   0x08027528   0x00000080   Code   RO         5052    .text               c_w.l(_printf_fp_infnan.o)
    0x080275a8   0x080275a8   0x000000e4   Code   RO         5054    .text               c_w.l(bigflt0.o)
    0x0802768c   0x0802768c   0x00000012   Code   RO         5079    .text               c_w.l(exit.o)
    0x0802769e   0x0802769e   0x00000002   PAD
    0x080276a0   0x080276a0   0x00000320   Code   RO         5113    .text               c_w.l(scanf_hexfp.o)
    0x080279c0   0x080279c0   0x00000134   Code   RO         5115    .text               c_w.l(scanf_infnan.o)
    0x08027af4   0x08027af4   0x00000026   Code   RO         5138    .text               c_w.l(llshl.o)
    0x08027b1a   0x08027b1a   0x0000003e   Code   RO         5057    CL$$btod_d2e        c_w.l(btod.o)
    0x08027b58   0x08027b58   0x00000046   Code   RO         5059    CL$$btod_d2e_denorm_low  c_w.l(btod.o)
    0x08027b9e   0x08027b9e   0x00000060   Code   RO         5058    CL$$btod_d2e_norm_op1  c_w.l(btod.o)
    0x08027bfe   0x08027bfe   0x00000338   Code   RO         5067    CL$$btod_div_common  c_w.l(btod.o)
    0x08027f36   0x08027f36   0x00000002   PAD
    0x08027f38   0x08027f38   0x00000084   Code   RO         5065    CL$$btod_e2d        c_w.l(btod.o)
    0x08027fbc   0x08027fbc   0x000000dc   Code   RO         5064    CL$$btod_e2e        c_w.l(btod.o)
    0x08028098   0x08028098   0x0000002a   Code   RO         5061    CL$$btod_ediv       c_w.l(btod.o)
    0x080280c2   0x080280c2   0x0000002a   Code   RO         5063    CL$$btod_edivd      c_w.l(btod.o)
    0x080280ec   0x080280ec   0x0000002a   Code   RO         5060    CL$$btod_emul       c_w.l(btod.o)
    0x08028116   0x08028116   0x0000002a   Code   RO         5062    CL$$btod_emuld      c_w.l(btod.o)
    0x08028140   0x08028140   0x00000244   Code   RO         5066    CL$$btod_mult_common  c_w.l(btod.o)
    0x08028384   0x08028384   0x00000028   Code   RO         4929    i.__ARM_fpclassify  m_ws.l(fpclassify.o)
    0x080283ac   0x080283ac   0x00000388   Code   RO         4934    i.__ieee754_rem_pio2  m_ws.l(rred.o)
    0x08028734   0x08028734   0x000000fc   Code   RO         4912    i.__kernel_cos      m_ws.l(cos_i.o)
    0x08028830   0x08028830   0x000000aa   Code   RO         4931    i.__kernel_poly     m_ws.l(poly.o)
    0x080288da   0x080288da   0x00000002   PAD
    0x080288dc   0x080288dc   0x000000ec   Code   RO         4939    i.__kernel_sin      m_ws.l(sin_i.o)
    0x080289c8   0x080289c8   0x0000027c   Code   RO         4945    i.__kernel_tan      m_ws.l(tan_i.o)
    0x08028c44   0x08028c44   0x00000010   Code   RO         4915    i.__mathlib_dbl_divzero  m_ws.l(dunder.o)
    0x08028c54   0x08028c54   0x00000006   Code   RO         4916    i.__mathlib_dbl_infnan  m_ws.l(dunder.o)
    0x08028c5a   0x08028c5a   0x00000004   Code   RO         4917    i.__mathlib_dbl_infnan2  m_ws.l(dunder.o)
    0x08028c5e   0x08028c5e   0x0000000c   Code   RO         4918    i.__mathlib_dbl_invalid  m_ws.l(dunder.o)
    0x08028c6a   0x08028c6a   0x0000000e   Code   RO         4919    i.__mathlib_dbl_overflow  m_ws.l(dunder.o)
    0x08028c78   0x08028c78   0x00000010   Code   RO         4921    i.__mathlib_dbl_underflow  m_ws.l(dunder.o)
    0x08028c88   0x08028c88   0x00000010   Code   RO         5105    i.__mathlib_narrow  m_ws.l(narrow.o)
    0x08028c98   0x08028c98   0x000000bc   Code   RO         5106    i.__mathlib_tofloat  m_ws.l(narrow.o)
    0x08028d54   0x08028d54   0x00000016   Code   RO         5145    i.__support_ldexp   m_ws.l(ldexp.o)
    0x08028d6a   0x08028d6a   0x0000000e   Code   RO         4521    i._is_digit         c_w.l(__printf_wp.o)
    0x08028d78   0x08028d78   0x0000027c   Code   RO         4660    i.acos              m_ws.l(acos.o)
    0x08028ff4   0x08028ff4   0x00000270   Code   RO         4670    i.asin              m_ws.l(asin.o)
    0x08029264   0x08029264   0x00000220   Code   RO         4680    i.atan              m_ws.l(atan.o)
    0x08029484   0x08029484   0x0000002a   Code   RO         4690    i.atof              m_ws.l(atof.o)
    0x080294ae   0x080294ae   0x00000002   PAD
    0x080294b0   0x080294b0   0x000000dc   Code   RO         4694    i.ceil              m_ws.l(ceil.o)
    0x0802958c   0x0802958c   0x00000004   Code   RO         4771    i.ceill             m_ws.l(ceill.o)
    0x08029590   0x08029590   0x0000009c   Code   RO         4698    i.cos               m_ws.l(cos.o)
    0x0802962c   0x0802962c   0x00000284   Code   RO         4706    i.exp               m_ws.l(exp.o)
    0x080298b0   0x080298b0   0x000000dc   Code   RO         4716    i.floor             m_ws.l(floor.o)
    0x0802998c   0x0802998c   0x00000058   Code   RO         5124    i.frexp             m_ws.l(frexp.o)
    0x080299e4   0x080299e4   0x00000074   Code   RO         5146    i.ldexp             m_ws.l(ldexp.o)
    0x08029a58   0x08029a58   0x0000035c   Code   RO         4720    i.log               m_ws.l(log.o)
    0x08029db4   0x08029db4   0x000000e4   Code   RO         4730    i.log10             m_ws.l(log10.o)
    0x08029e98   0x08029e98   0x000009d8   Code   RO         4738    i.pow               m_ws.l(pow.o)
    0x0802a870   0x0802a870   0x000000a0   Code   RO         4748    i.sin               m_ws.l(sin.o)
    0x0802a910   0x0802a910   0x0000004c   Code   RO         4756    i.sqrt              m_ws.l(sqrt.o)
    0x0802a95c   0x0802a95c   0x00000064   Code   RO         4764    i.tan               m_ws.l(tan.o)
    0x0802a9c0   0x0802a9c0   0x0000002c   Code   RO         4881    locale$$code        c_w.l(lc_ctype_c.o)
    0x0802a9ec   0x0802a9ec   0x0000002c   Code   RO         5001    locale$$code        c_w.l(lc_numeric_c.o)
    0x0802aa18   0x0802aa18   0x00000062   Code   RO         4581    x$fpl$d2f           fz_ws.l(d2f.o)
    0x0802aa7a   0x0802aa7a   0x00000002   PAD
    0x0802aa7c   0x0802aa7c   0x00000150   Code   RO         4583    x$fpl$dadd          fz_ws.l(daddsub_clz.o)
    0x0802abcc   0x0802abcc   0x00000010   Code   RO         5048    x$fpl$dcheck1       fz_ws.l(dcheck1.o)
    0x0802abdc   0x0802abdc   0x00000018   Code   RO         4885    x$fpl$dcmpinf       fz_ws.l(dcmpi.o)
    0x0802abf4   0x0802abf4   0x000002b0   Code   RO         4590    x$fpl$ddiv          fz_ws.l(ddiv.o)
    0x0802aea4   0x0802aea4   0x00000078   Code   RO         4593    x$fpl$deqf          fz_ws.l(deqf.o)
    0x0802af1c   0x0802af1c   0x0000005e   Code   RO         4595    x$fpl$dfix          fz_ws.l(dfix.o)
    0x0802af7a   0x0802af7a   0x00000002   PAD
    0x0802af7c   0x0802af7c   0x0000005a   Code   RO         4603    x$fpl$dfixu         fz_ws.l(dfixu.o)
    0x0802afd6   0x0802afd6   0x0000002e   Code   RO         4608    x$fpl$dflt          fz_ws.l(dflt_clz.o)
    0x0802b004   0x0802b004   0x000000a2   Code   RO         4613    x$fpl$dfltll        fz_ws.l(dfltll_clz.o)
    0x0802b0a6   0x0802b0a6   0x00000026   Code   RO         4607    x$fpl$dfltu         fz_ws.l(dflt_clz.o)
    0x0802b0cc   0x0802b0cc   0x00000078   Code   RO         4617    x$fpl$dleqf         fz_ws.l(dleqf.o)
    0x0802b144   0x0802b144   0x00000154   Code   RO         4619    x$fpl$dmul          fz_ws.l(dmul.o)
    0x0802b298   0x0802b298   0x0000009c   Code   RO         4887    x$fpl$dnaninf       fz_ws.l(dnaninf.o)
    0x0802b334   0x0802b334   0x0000000c   Code   RO         4889    x$fpl$dretinf       fz_ws.l(dretinf.o)
    0x0802b340   0x0802b340   0x0000006c   Code   RO         4621    x$fpl$drleqf        fz_ws.l(drleqf.o)
    0x0802b3ac   0x0802b3ac   0x00000016   Code   RO         4584    x$fpl$drsb          fz_ws.l(daddsub_clz.o)
    0x0802b3c2   0x0802b3c2   0x00000002   PAD
    0x0802b3c4   0x0802b3c4   0x000001cc   Code   RO         4891    x$fpl$dsqrt         fz_ws.l(dsqrt_noumaal.o)
    0x0802b590   0x0802b590   0x000001d4   Code   RO         4585    x$fpl$dsub          fz_ws.l(daddsub_clz.o)
    0x0802b764   0x0802b764   0x00000056   Code   RO         4623    x$fpl$f2d           fz_ws.l(f2d.o)
    0x0802b7ba   0x0802b7ba   0x00000002   PAD
    0x0802b7bc   0x0802b7bc   0x000000c4   Code   RO         4625    x$fpl$fadd          fz_ws.l(faddsub_clz.o)
    0x0802b880   0x0802b880   0x00000018   Code   RO         4893    x$fpl$fcmpinf       fz_ws.l(fcmpi.o)
    0x0802b898   0x0802b898   0x00000184   Code   RO         4632    x$fpl$fdiv          fz_ws.l(fdiv.o)
    0x0802ba1c   0x0802ba1c   0x00000068   Code   RO         4635    x$fpl$feqf          fz_ws.l(feqf.o)
    0x0802ba84   0x0802ba84   0x00000036   Code   RO         4637    x$fpl$ffix          fz_ws.l(ffix.o)
    0x0802baba   0x0802baba   0x00000002   PAD
    0x0802babc   0x0802babc   0x0000003e   Code   RO         4641    x$fpl$ffixu         fz_ws.l(ffixu.o)
    0x0802bafa   0x0802bafa   0x00000002   PAD
    0x0802bafc   0x0802bafc   0x00000030   Code   RO         4646    x$fpl$fflt          fz_ws.l(fflt_clz.o)
    0x0802bb2c   0x0802bb2c   0x00000060   Code   RO         4651    x$fpl$ffltll        fz_ws.l(ffltll_clz.o)
    0x0802bb8c   0x0802bb8c   0x00000026   Code   RO         4645    x$fpl$ffltu         fz_ws.l(fflt_clz.o)
    0x0802bbb2   0x0802bbb2   0x00000002   PAD
    0x0802bbb4   0x0802bbb4   0x00000068   Code   RO         4653    x$fpl$fleqf         fz_ws.l(fleqf.o)
    0x0802bc1c   0x0802bc1c   0x00000102   Code   RO         4655    x$fpl$fmul          fz_ws.l(fmul.o)
    0x0802bd1e   0x0802bd1e   0x0000008c   Code   RO         4895    x$fpl$fnaninf       fz_ws.l(fnaninf.o)
    0x0802bdaa   0x0802bdaa   0x0000000a   Code   RO         4897    x$fpl$fretinf       fz_ws.l(fretinf.o)
    0x0802bdb4   0x0802bdb4   0x00000062   Code   RO         4657    x$fpl$frleqf        fz_ws.l(frleqf.o)
    0x0802be16   0x0802be16   0x00000014   Code   RO         4626    x$fpl$frsb          fz_ws.l(faddsub_clz.o)
    0x0802be2a   0x0802be2a   0x00000002   PAD
    0x0802be2c   0x0802be2c   0x000000ea   Code   RO         4627    x$fpl$fsub          fz_ws.l(faddsub_clz.o)
    0x0802bf16   0x0802bf16   0x00000006   Code   RO         5095    x$fpl$ieeestatus    fz_ws.l(istatus.o)
    0x0802bf1c   0x0802bf1c   0x000000c2   Code   RO         4599    x$fpl$llsfromd      fz_ws.l(dfixll.o)
    0x0802bfde   0x0802bfde   0x00000004   Code   RO         4899    x$fpl$printf1       fz_ws.l(printf1.o)
    0x0802bfe2   0x0802bfe2   0x00000004   Code   RO         4901    x$fpl$printf2       fz_ws.l(printf2.o)
    0x0802bfe6   0x0802bfe6   0x00000064   Code   RO         5097    x$fpl$retnan        fz_ws.l(retnan.o)
    0x0802c04a   0x0802c04a   0x0000005c   Code   RO         4907    x$fpl$scalbn        fz_ws.l(scalbn.o)
    0x0802c0a6   0x0802c0a6   0x00000004   Code   RO         4909    x$fpl$scanf1        fz_ws.l(scanf1.o)
    0x0802c0aa   0x0802c0aa   0x00000008   Code   RO         5099    x$fpl$scanf2        fz_ws.l(scanf2.o)
    0x0802c0b2   0x0802c0b2   0x00000030   Code   RO         5121    x$fpl$trapveneer    fz_ws.l(trapv.o)
    0x0802c0e2   0x0802c0e2   0x00000000   Code   RO         4911    x$fpl$usenofp       fz_ws.l(usenofp.o)
    0x0802c0e2   0x0802c0e2   0x00000018   Data   RO          513    .constdata          rtc.o
    0x0802c0fa   0x0802c0fa   0x00000948   Data   RO          570    .constdata          gui.o
    0x0802ca42   0x0802ca42   0x00000002   PAD
    0x0802ca44   0x0802ca44   0x00000044   Data   RO          605    .constdata          bitmap.o
    0x0802ca88   0x0802ca88   0x00000018   Data   RO          673    .constdata          buffer.o
    0x0802caa0   0x0802caa0   0x00000074   Data   RO          692    .constdata          button_1.o
    0x0802cb14   0x0802cb14   0x000000e8   Data   RO          915    .constdata          check_button.o
    0x0802cbfc   0x0802cbfc   0x0000000d   Data   RO          934    .constdata          color.o
    0x0802cc09   0x0802cc09   0x00000003   PAD
    0x0802cc0c   0x0802cc0c   0x00000074   Data   RO          947    .constdata          dialog.o
    0x0802cc80   0x0802cc80   0x0000001a   Data   RO         1005    .constdata          emitter.o
    0x0802cc9a   0x0802cc9a   0x00000002   PAD
    0x0802cc9c   0x0802cc9c   0x00000918   Data   RO         1024    .constdata          enums.o
    0x0802d5b4   0x0802d5b4   0x0000000d   Data   RO         1051    .constdata          font.o
    0x0802d5c1   0x0802d5c1   0x00000014   Data   RO         1067    .constdata          font_manager.o
    0x0802d5d5   0x0802d5d5   0x00000003   PAD
    0x0802d5d8   0x0802d5d8   0x00000074   Data   RO         1130    .constdata          group_box.o
    0x0802d64c   0x0802d64c   0x00000074   Data   RO         1148    .constdata          image.o
    0x0802d6c0   0x0802d6c0   0x00000027   Data   RO         1170    .constdata          image_manager.o
    0x0802d6e7   0x0802d6e7   0x00000001   PAD
    0x0802d6e8   0x0802d6e8   0x00000074   Data   RO         1215    .constdata          label.o
    0x0802d75c   0x0802d75c   0x00000074   Data   RO         1279    .constdata          progress_bar.o
    0x0802d7d0   0x0802d7d0   0x0000000c   Data   RO         1298    .constdata          rect.o
    0x0802d7dc   0x0802d7dc   0x0000000d   Data   RO         1314    .constdata          theme.o
    0x0802d7e9   0x0802d7e9   0x00000003   PAD
    0x0802d7ec   0x0802d7ec   0x00000104   Data   RO         1332    .constdata          utf8.o
    0x0802d8f0   0x0802d8f0   0x0000000d   Data   RO         1347    .constdata          value.o
    0x0802d8fd   0x0802d8fd   0x00000003   PAD
    0x0802d900   0x0802d900   0x00000074   Data   RO         1495    .constdata          widget_vtable.o
    0x0802d974   0x0802d974   0x00000074   Data   RO         1564    .constdata          window.o
    0x0802d9e8   0x0802d9e8   0x0000008a   Data   RO         1583    .constdata          window_manager.o
    0x0802da72   0x0802da72   0x00000014   Data   RO         1617    .constdata          wstr.o
    0x0802da86   0x0802da86   0x00000022   Data   RO         1636    .constdata          utils.o
    0x0802daa8   0x0802daa8   0x00000013   Data   RO         1763    .constdata          event_queue.o
    0x0802dabb   0x0802dabb   0x00000001   PAD
    0x0802dabc   0x0802dabc   0x00000074   Data   RO         1794    .constdata          slider.o
    0x0802db30   0x0802db30   0x00000017   Data   RO         1813    .constdata          window_animator.o
    0x0802db47   0x0802db47   0x00000001   PAD
    0x0802db48   0x0802db48   0x0000002c   Data   RO         1842    .constdata          system_info.o
    0x0802db74   0x0802db74   0x00000017   Data   RO         1887    .constdata          str.o
    0x0802db8b   0x0802db8b   0x00000001   PAD
    0x0802db8c   0x0802db8c   0x00000074   Data   RO         1922    .constdata          pages.o
    0x0802dc00   0x0802dc00   0x00000074   Data   RO         1941    .constdata          edit.o
    0x0802dc74   0x0802dc74   0x00000074   Data   RO         1967    .constdata          view.o
    0x0802dce8   0x0802dce8   0x000004d2   Data   RO         2000    .constdata          widget_factory.o
    0x0802e1ba   0x0802e1ba   0x00000002   PAD
    0x0802e1bc   0x0802e1bc   0x00000074   Data   RO         2252    .constdata          spin_box.o
    0x0802e230   0x0802e230   0x00000074   Data   RO         2271    .constdata          dragger.o
    0x0802e2a4   0x0802e2a4   0x00000074   Data   RO         2290    .constdata          dialog_client.o
    0x0802e318   0x0802e318   0x00000074   Data   RO         2305    .constdata          dialog_title.o
    0x0802e38c   0x0802e38c   0x00000019   Data   RO         2674    .constdata          input_method_creator.o
    0x0802e3a5   0x0802e3a5   0x00000003   PAD
    0x0802e3a8   0x0802e3a8   0x00000074   Data   RO         2690    .constdata          button_group.o
    0x0802e41c   0x0802e41c   0x0000008c   Data   RO         2726    .constdata          combo_box.o
    0x0802e4a8   0x0802e4a8   0x00000074   Data   RO         2752    .constdata          combo_box_item.o
    0x0802e51c   0x0802e51c   0x00000060   Data   RO         2767    .constdata          easing.o
    0x0802e57c   0x0802e57c   0x0000000a   Data   RO         2781    .constdata          fs.o
    0x0802e586   0x0802e586   0x00000002   PAD
    0x0802e588   0x0802e588   0x00000074   Data   RO         2840    .constdata          popup.o
    0x0802e5fc   0x0802e5fc   0x00000074   Data   RO         2885    .constdata          tab_button.o
    0x0802e670   0x0802e670   0x00000074   Data   RO         2904    .constdata          tab_button_group.o
    0x0802e6e4   0x0802e6e4   0x00000074   Data   RO         2922    .constdata          tab_control.o
    0x0802e758   0x0802e758   0x00000004   Data   RO         3095    .constdata          ui_loader_default.o
    0x0802e75c   0x0802e75c   0x00000074   Data   RO         3208    .constdata          color_tile.o
    0x0802e7d0   0x0802e7d0   0x00000016   Data   RO         3227    .constdata          assets_manager.o
    0x0802e7e6   0x0802e7e6   0x00000013   Data   RO         3242    .constdata          locale_info.o
    0x0802e7f9   0x0802e7f9   0x00000003   PAD
    0x0802e7fc   0x0802e7fc   0x00000074   Data   RO         3269    .constdata          app_bar.o
    0x0802e870   0x0802e870   0x00000074   Data   RO         3287    .constdata          column.o
    0x0802e8e4   0x0802e8e4   0x00000074   Data   RO         3305    .constdata          grid.o
    0x0802e958   0x0802e958   0x00000074   Data   RO         3323    .constdata          row.o
    0x0802e9cc   0x0802e9cc   0x00000074   Data   RO         3341    .constdata          calibration_win.o
    0x0802ea40   0x0802ea40   0x00000013   Data   RO         3359    .constdata          font_loader_bitmap.o
    0x0802ea53   0x0802ea53   0x00000001   PAD
    0x0802ea54   0x0802ea54   0x00000074   Data   RO         3388    .constdata          window_base.o
    0x0802eac8   0x0802eac8   0x00000033   Data   RO         3441    .constdata          style_const.o
    0x0802eafb   0x0802eafb   0x0000001f   Data   RO         3478    .constdata          widget_animator_manager.o
    0x0802eb1a   0x0802eb1a   0x00000002   PAD
    0x0802eb1c   0x0802eb1c   0x0000002a   Data   RO         3493    .constdata          clip_board_default.o
    0x0802eb46   0x0802eb46   0x00000002   PAD
    0x0802eb48   0x0802eb48   0x00000074   Data   RO         3527    .constdata          image_base.o
    0x0802ebbc   0x0802ebbc   0x00000074   Data   RO         3541    .constdata          grid_item.o
    0x0802ec30   0x0802ec30   0x00000026   Data   RO         3559    .constdata          input_device_status.o
    0x0802ec56   0x0802ec56   0x00000002   PAD
    0x0802ec58   0x0802ec58   0x00000074   Data   RO         3573    .constdata          system_bar.o
    0x0802eccc   0x0802eccc   0x0000003d   Data   RO         3592    .constdata          children_layouter_default.o
    0x0802ed09   0x0802ed09   0x00000003   PAD
    0x0802ed0c   0x0802ed0c   0x00000035   Data   RO         3613    .constdata          self_layouter_default.o
    0x0802ed41   0x0802ed41   0x0000000d   Data   RO         3703    .constdata          event.o
    0x0802ed4e   0x0802ed4e   0x00000013   Data   RO         3716    .constdata          named_value.o
    0x0802ed61   0x0802ed61   0x0000000e   Data   RO         3732    .constdata          object.o
    0x0802ed6f   0x0802ed6f   0x00000001   PAD
    0x0802ed70   0x0802ed70   0x00000058   Data   RO         3745    .constdata          object_default.o
    0x0802edc8   0x0802edc8   0x0000002c   Data   RO         3781    .constdata          timer_info.o
    0x0802edf4   0x0802edf4   0x00000015   Data   RO         3805    .constdata          timer_manager.o
    0x0802ee09   0x0802ee09   0x00000014   Data   RO         3820    .constdata          idle_manager.o
    0x0802ee1d   0x0802ee1d   0x00000003   PAD
    0x0802ee20   0x0802ee20   0x0000002c   Data   RO         3841    .constdata          idle_info.o
    0x0802ee4c   0x0802ee4c   0x0000001f   Data   RO         3856    .constdata          slist.o
    0x0802ee6b   0x0802ee6b   0x00000032   Data   RO         3872    .constdata          widget_pool.o
    0x0802ee9d   0x0802ee9d   0x00000028   Data   RO         3887    .constdata          darray.o
    0x0802eec5   0x0802eec5   0x00000003   PAD
    0x0802eec8   0x0802eec8   0x00000118   Data   RO         3903    .constdata          expr_eval.o
    0x0802efe0   0x0802efe0   0x00000040   Data   RO         3938    .constdata          window_animator_factory.o
    0x0802f020   0x0802f020   0x0000001a   Data   RO         3953    .constdata          dialog_highlighter.o
    0x0802f03a   0x0802f03a   0x00000046   Data   RO         3966    .constdata          dialog_highlighter_factory.o
    0x0802f080   0x0802f080   0x00000044   Data   RO         4062    .constdata          children_layouter_factory.o
    0x0802f0c4   0x0802f0c4   0x0000003c   Data   RO         4077    .constdata          self_layouter_factory.o
    0x0802f100   0x0802f100   0x00000074   Data   RO         4092    .constdata          overlay.o
    0x0802f174   0x0802f174   0x0000005f   Data   RO         4123    .constdata          style_mutable.o
    0x0802f1d3   0x0802f1d3   0x0000000f   Data   RO         4176    .constdata          lcd_stm32_raw.o
    0x0802f1e2   0x0802f1e2   0x00000006   PAD
    0x0802f1e8   0x0802f1e8   0x00026658   Data   RO         4444    .constdata          assets-mini.o
    0x08055840   0x08055840   0x00000011   Data   RO         4529    .constdata          c_w.l(__printf_flags_ss_wp.o)
    0x08055851   0x08055851   0x00000007   PAD
    0x08055858   0x08055858   0x00000050   Data   RO         4661    .constdata          m_ws.l(acos.o)
    0x080558a8   0x080558a8   0x00000050   Data   RO         4671    .constdata          m_ws.l(asin.o)
    0x080558f8   0x080558f8   0x00000098   Data   RO         4681    .constdata          m_ws.l(atan.o)
    0x08055990   0x08055990   0x00000058   Data   RO         4707    .constdata          m_ws.l(exp.o)
    0x080559e8   0x080559e8   0x00000038   Data   RO         4721    .constdata          m_ws.l(log.o)
    0x08055a20   0x08055a20   0x00000088   Data   RO         4739    .constdata          m_ws.l(pow.o)
    0x08055aa8   0x08055aa8   0x00000008   Data   RO         4807    .constdata          c_w.l(_printf_wctomb.o)
    0x08055ab0   0x08055ab0   0x00000028   Data   RO         4836    .constdata          c_w.l(_printf_hex_int_ll_ptr.o)
    0x08055ad8   0x08055ad8   0x00000030   Data   RO         4913    .constdata          m_ws.l(cos_i.o)
    0x08055b08   0x08055b08   0x00000008   Data   RO         4933    .constdata          m_ws.l(qnan.o)
    0x08055b10   0x08055b10   0x000000c8   Data   RO         4936    .constdata          m_ws.l(rred.o)
    0x08055bd8   0x08055bd8   0x00000028   Data   RO         4940    .constdata          m_ws.l(sin_i.o)
    0x08055c00   0x08055c00   0x00000060   Data   RO         4946    .constdata          m_ws.l(tan_i.o)
    0x08055c60   0x08055c60   0x00000026   Data   RO         4976    .constdata          c_w.l(_printf_fp_hex.o)
    0x08055c86   0x08055c86   0x00000002   PAD
    0x08055c88   0x08055c88   0x00000094   Data   RO         5055    .constdata          c_w.l(bigflt0.o)
    0x08055d1c   0x08055d1c   0x0000000f   Data   RO          693    .conststring        button_1.o
    0x08055d2b   0x08055d2b   0x00000001   PAD
    0x08055d2c   0x08055d2c   0x00000025   Data   RO          916    .conststring        check_button.o
    0x08055d51   0x08055d51   0x00000003   PAD
    0x08055d54   0x08055d54   0x00000064   Data   RO          948    .conststring        dialog.o
    0x08055db8   0x08055db8   0x00000532   Data   RO         1025    .conststring        enums.o
    0x080562ea   0x080562ea   0x00000002   PAD
    0x080562ec   0x080562ec   0x0000000a   Data   RO         1131    .conststring        group_box.o
    0x080562f6   0x080562f6   0x00000002   PAD
    0x080562f8   0x080562f8   0x00000055   Data   RO         1149    .conststring        image.o
    0x0805634d   0x0805634d   0x00000003   PAD
    0x08056350   0x08056350   0x00000006   Data   RO         1216    .conststring        label.o
    0x08056356   0x08056356   0x00000002   PAD
    0x08056358   0x08056358   0x00000026   Data   RO         1280    .conststring        progress_bar.o
    0x0805637e   0x0805637e   0x00000002   PAD
    0x08056380   0x08056380   0x0000007c   Data   RO         1360    .conststring        widget.o
    0x080563fc   0x080563fc   0x00000007   Data   RO         1496    .conststring        widget_vtable.o
    0x08056403   0x08056403   0x00000001   PAD
    0x08056404   0x08056404   0x00000013   Data   RO         1565    .conststring        window.o
    0x08056417   0x08056417   0x00000001   PAD
    0x08056418   0x08056418   0x0000000f   Data   RO         1584    .conststring        window_manager.o
    0x08056427   0x08056427   0x00000001   PAD
    0x08056428   0x08056428   0x00000018   Data   RO         1795    .conststring        slider.o
    0x08056440   0x08056440   0x0000000c   Data   RO         1843    .conststring        system_info.o
    0x0805644c   0x0805644c   0x00000006   Data   RO         1923    .conststring        pages.o
    0x08056452   0x08056452   0x00000002   PAD
    0x08056454   0x08056454   0x00000085   Data   RO         1942    .conststring        edit.o
    0x080564d9   0x080564d9   0x00000003   PAD
    0x080564dc   0x080564dc   0x00000005   Data   RO         1968    .conststring        view.o
    0x080564e1   0x080564e1   0x00000003   PAD
    0x080564e4   0x080564e4   0x00000009   Data   RO         2253    .conststring        spin_box.o
    0x080564ed   0x080564ed   0x00000003   PAD
    0x080564f0   0x080564f0   0x00000026   Data   RO         2272    .conststring        dragger.o
    0x08056516   0x08056516   0x00000002   PAD
    0x08056518   0x08056518   0x0000000e   Data   RO         2291    .conststring        dialog_client.o
    0x08056526   0x08056526   0x00000002   PAD
    0x08056528   0x08056528   0x0000000d   Data   RO         2306    .conststring        dialog_title.o
    0x08056535   0x08056535   0x00000003   PAD
    0x08056538   0x08056538   0x00000a61   Data   RO         2708    .conststring        color_parser.o
    0x08056f99   0x08056f99   0x00000003   PAD
    0x08056f9c   0x08056f9c   0x00000026   Data   RO         2727    .conststring        combo_box.o
    0x08056fc2   0x08056fc2   0x00000002   PAD
    0x08056fc4   0x08056fc4   0x0000000f   Data   RO         2753    .conststring        combo_box_item.o
    0x08056fd3   0x08056fd3   0x00000001   PAD
    0x08056fd4   0x08056fd4   0x00000036   Data   RO         2841    .conststring        popup.o
    0x0805700a   0x0805700a   0x00000002   PAD
    0x0805700c   0x0805700c   0x0000000b   Data   RO         2886    .conststring        tab_button.o
    0x08057017   0x08057017   0x00000001   PAD
    0x08057018   0x08057018   0x00000011   Data   RO         2905    .conststring        tab_button_group.o
    0x08057029   0x08057029   0x00000003   PAD
    0x0805702c   0x0805702c   0x0000000c   Data   RO         2923    .conststring        tab_control.o
    0x08057038   0x08057038   0x00000025   Data   RO         3209    .conststring        color_tile.o
    0x0805705d   0x0805705d   0x00000003   PAD
    0x08057060   0x08057060   0x00000008   Data   RO         3270    .conststring        app_bar.o
    0x08057068   0x08057068   0x00000007   Data   RO         3288    .conststring        column.o
    0x0805706f   0x0805706f   0x00000001   PAD
    0x08057070   0x08057070   0x00000004   Data   RO         3306    .conststring        grid.o
    0x08057074   0x08057074   0x00000010   Data   RO         3342    .conststring        calibration_win.o
    0x08057084   0x08057084   0x0000000b   Data   RO         3574    .conststring        system_bar.o
    0x0805708f   0x0805708f   0x00000001   PAD
    0x08057090   0x08057090   0x0000000f   Data   RO         3746    .conststring        object_default.o
    0x0805709f   0x0805709f   0x00000001   PAD
    0x080570a0   0x080570a0   0x0000000b   Data   RO         3782    .conststring        timer_info.o
    0x080570ab   0x080570ab   0x00000001   PAD
    0x080570ac   0x080570ac   0x0000000a   Data   RO         3842    .conststring        idle_info.o
    0x080570b6   0x080570b6   0x00000002   PAD
    0x080570b8   0x080570b8   0x0000016f   Data   RO         3904    .conststring        expr_eval.o
    0x08057227   0x08057227   0x00000001   PAD
    0x08057228   0x08057228   0x00000008   Data   RO         4093    .conststring        overlay.o
    0x08057230   0x08057230   0x00000020   Data   RO         5206    Region$$Table       anon$$obj.o
    0x08057250   0x08057250   0x00000008   Data   RO         5089    c$$dinf             fz_ws.l(fpconst.o)
    0x08057258   0x08057258   0x00000008   Data   RO         5092    c$$dmax             fz_ws.l(fpconst.o)
    0x08057260   0x08057260   0x00000110   Data   RO         4880    locale$$data        c_w.l(lc_ctype_c.o)
    0x08057370   0x08057370   0x0000001c   Data   RO         5000    locale$$data        c_w.l(lc_numeric_c.o)


    Execution Region RW_IRAM1 (Exec base: 0x20000000, Load base: 0x0805738c, Size: 0x00003ee8, Max: 0x00010000, ABSOLUTE, COMPRESSED[0x00000438])

    Exec Addr    Load Addr    Size         Type   Attr      Idx    E Section Name        Object

    0x20000000   COMPRESSED   0x00000014   Data   RW          105    .data               system_stm32f10x.o
    0x20000014   COMPRESSED   0x00000006   Data   RW          218    .data               usart.o
    0x2000001a   COMPRESSED   0x00000014   Data   RW          282    .data               stm32f10x_rcc.o
    0x2000002e   COMPRESSED   0x00000001   Data   RW          452    .data               led.o
    0x2000002f   COMPRESSED   0x00000001   Data   RW          480    .data               button.o
    0x20000030   COMPRESSED   0x00000004   Data   RW          493    .data               tim.o
    0x20000034   COMPRESSED   0x0000000a   Data   RW          514    .data               rtc.o
    0x2000003e   COMPRESSED   0x00000008   Data   RW          537    .data               touch.o
    0x20000046   COMPRESSED   0x00000002   PAD
    0x20000048   COMPRESSED   0x00000008   Data   RW          694    .data               button_1.o
    0x20000050   COMPRESSED   0x00000008   Data   RW          917    .data               check_button.o
    0x20000058   COMPRESSED   0x0000001c   Data   RW          949    .data               dialog.o
    0x20000074   COMPRESSED   0x00000004   Data   RW         1068    .data               font_manager.o
    0x20000078   COMPRESSED   0x00000028   Data   RW         1150    .data               image.o
    0x200000a0   COMPRESSED   0x00000004   Data   RW         1171    .data               image_manager.o
    0x200000a4   COMPRESSED   0x00000004   Data   RW         1248    .data               main_loop.o
    0x200000a8   COMPRESSED   0x00000010   Data   RW         1281    .data               progress_bar.o
    0x200000b8   COMPRESSED   0x00000004   Data   RW         1315    .data               theme.o
    0x200000bc   COMPRESSED   0x0000003c   Data   RW         1361    .data               widget.o
    0x200000f8   COMPRESSED   0x00000020   Data   RW         1566    .data               window.o
    0x20000118   COMPRESSED   0x00000004   Data   RW         1585    .data               window_manager.o
    0x2000011c   COMPRESSED   0x00000018   Data   RW         1796    .data               slider.o
    0x20000134   COMPRESSED   0x00000004   Data   RW         1844    .data               system_info.o
    0x20000138   COMPRESSED   0x00000008   Data   RW         1924    .data               pages.o
    0x20000140   COMPRESSED   0x0000003c   Data   RW         1943    .data               edit.o
    0x2000017c   COMPRESSED   0x00000004   Data   RW         2001    .data               widget_factory.o
    0x20000180   COMPRESSED   0x00000004   Data   RW         2210    .data               input_method.o
    0x20000184   COMPRESSED   0x00000014   Data   RW         2273    .data               dragger.o
    0x20000198   COMPRESSED   0x00000460   Data   RW         2709    .data               color_parser.o
    0x200005f8   COMPRESSED   0x0000003c   Data   RW         2728    .data               combo_box.o
    0x20000634   COMPRESSED   0x00000024   Data   RW         2842    .data               popup.o
    0x20000658   COMPRESSED   0x00000008   Data   RW         2887    .data               tab_button.o
    0x20000660   COMPRESSED   0x0000000c   Data   RW         3210    .data               color_tile.o
    0x2000066c   COMPRESSED   0x00000004   Data   RW         3228    .data               assets_manager.o
    0x20000670   COMPRESSED   0x00000004   Data   RW         3243    .data               locale_info.o
    0x20000674   COMPRESSED   0x00000008   Data   RW         3360    .data               font_loader_bitmap.o
    0x2000067c   COMPRESSED   0x00000004   Data   RW         3458    .data               style_factory.o
    0x20000680   COMPRESSED   0x00000004   Data   RW         3479    .data               widget_animator_manager.o
    0x20000684   COMPRESSED   0x00000004   Data   RW         3510    .data               clip_board.o
    0x20000688   COMPRESSED   0x00000008   Data   RW         3575    .data               system_bar.o
    0x20000690   COMPRESSED   0x00000004   Data   RW         3806    .data               timer_manager.o
    0x20000694   COMPRESSED   0x00000004   Data   RW         3821    .data               idle_manager.o
    0x20000698   COMPRESSED   0x00000004   Data   RW         3873    .data               widget_pool.o
    0x2000069c   COMPRESSED   0x00000004   Data   RW         3939    .data               window_animator_factory.o
    0x200006a0   COMPRESSED   0x00000004   Data   RW         3967    .data               dialog_highlighter_factory.o
    0x200006a4   COMPRESSED   0x00000004   Data   RW         4063    .data               children_layouter_factory.o
    0x200006a8   COMPRESSED   0x00000004   Data   RW         4078    .data               self_layouter_factory.o
    0x200006ac   COMPRESSED   0x00000010   Data   RW         4094    .data               overlay.o
    0x200006bc   COMPRESSED   0x00000004   Data   RW         4368    .data               mutex_null.o
    0x200006c0   COMPRESSED   0x00000004   Data   RW         4385    .data               sys_tick.o
    0x200006c4        -       0x000000c8   Zero   RW          217    .bss                usart.o
    0x2000078c        -       0x0000000a   Zero   RW          512    .bss                rtc.o
    0x20000796   COMPRESSED   0x00000002   PAD
    0x20000798        -       0x0000000c   Zero   RW          536    .bss                touch.o
    0x200007a4        -       0x00001000   Zero   RW          591    .bss                flash.o
    0x200017a4        -       0x00000014   Zero   RW         1265    .bss                mem.o
    0x200017b8        -       0x00000014   Zero   RW         1858    .bss                image_loader.o
    0x200017cc        -       0x00000094   Zero   RW         1903    .bss                main_loop_simple.o
    0x20001860        -       0x00000024   Zero   RW         3060    .bss                ui_builder_default.o
    0x20001884        -       0x00002000   Zero   RW         4354    .bss                platform.o
    0x20003884        -       0x00000060   Zero   RW         4952    .bss                c_w.l(libspace.o)
    0x200038e4   COMPRESSED   0x00000004   PAD
    0x200038e8        -       0x00000200   Zero   RW          251    HEAP                startup_stm32f10x_hd.o
    0x20003ae8        -       0x00000400   Zero   RW          250    STACK               startup_stm32f10x_hd.o


==============================================================================

Image component sizes


      Code (inc. data)   RO Data    RW Data    ZI Data      Debug   Object Name

        64          6        124          0          0       1418   app_bar.o
       412        132     157272          0          0      10799   assets-mini.o
       888         44         22          4          0       8007   assets_manager.o
       968         16          0          0          0      45843   awtk_global.o
      1660         36         68          0          0      27127   bitmap.o
      1068         10         24          0          0      11059   buffer.o
       256         12          0          1          0        814   button.o
      1048         64        131          8          0      53907   button_1.o
        84          6        116          0          0       1692   button_group.o
       808         24        132          0          0       5343   calibration_win.o
     11372         74          0          0          0      60083   canvas.o
       952         56        269          8          0       5441   check_button.o
       344          0          0          0          0       4682   children_layouter.o
        36         14          0          0          0       1830   children_layouter_builtins.o
      2280        170         61          0          0       6223   children_layouter_default.o
       264         22         68          4          0       3706   children_layouter_factory.o
       324         12          0          0          0       4345   children_layouter_parser.o
       260          8          0          4          0       3724   clip_board.o
       160         14         42          0          0       3444   clip_board_default.o
       376         68         13          0          0       3056   color.o
       676        100       2657       1120          0       3789   color_parser.o
       736         58        153         12          0       4449   color_tile.o
        64          6        123          0          0       1380   column.o
      2356        178        178         60          0      13198   combo_box.o
       844         60        131          0          0       4444   combo_box_item.o
         0          0          0          0          0         32   core_cm3.o
       900         20         40          0          0       7119   darray.o
      1456        258          0          0          0       3759   demo1_app.o
        38          0          0          0          0        572   demo_main.o
      2260        436        216         28          0      18590   dialog.o
       124         20        130          0          0       1802   dialog_client.o
       288          4         26          0          0       2504   dialog_highlighter.o
       368         24         70          4          0       4211   dialog_highlighter_factory.o
       108         12        129          0          0       1848   dialog_title.o
      1024         72        154         20          0       4940   dragger.o
      2404        128         96          0          0       6213   easing.o
      8568        348        249         60          0      28068   edit.o
       920          8         26          0          0       8736   emitter.o
       416         34       3658          0          0       8359   enums.o
       132          4         13          0          0       2006   event.o
       336          4         19          0          0       5408   event_queue.o
       470          0          0          0          0      29599   events.o
      5628        126        647          0          0      23218   expr_eval.o
       924         12          0          0       4096       3205   flash.o
       204          6         13          0          0       2858   font.o
        44          0          0          0          0       1015   font_loader.o
       400         30         19          8          0       4489   font_loader_bitmap.o
       444         16         20          4          0      27390   font_manager.o
       908         14         10          0          0       9863   fs.o
         4          0          0          0          0        428   fs_os.o
       320         18          0          0          0       3383   func_call_parser.o
        64          6        120          0          0       1364   grid.o
        64          6        116          0          0       1418   grid_item.o
        84          6        126          0          0       1654   group_box.o
      1072         12       2376          0          0       5463   gui.o
       154          0          0          0          0       2229   idle.o
       128          6         54          0          0       2221   idle_info.o
       448         18         20          4          0       5787   idle_manager.o
       564         18        201         40          0       4634   image.o
      1632        128        116          0          0       6652   image_base.o
       184          6          0          0         20       8142   image_loader.o
      1024         52         39          4          0      17331   image_manager.o
       976          6         38          0          0       3738   input_device_status.o
       130          0          0          0          0       1014   input_engine.o
         0          0          0          0          0        604   input_engine_null.o
       660          8          0          4          0       5874   input_method.o
       104         12         25          0          0       1615   input_method_creator.o
      1168         58        122          0          0       6565   label.o
       588         58          0          0          0       5104   layout.o
      1102          0          0          0          0       9515   lcd.o
       696         18          0          0          0       2060   lcd_driver.o
         2          0          0          0          0       8557   lcd_profile.o
      1744         46         15          0          0      19321   lcd_stm32_raw.o
       164         10          0          1          0        703   led.o
       624         24         19          4          0       5238   locale_info.o
        68          0          0          0          0     205171   main.o
       300          4          0          4          0       3260   main_loop.o
       696         14          0          0        148       4813   main_loop_simple.o
       216         16          0          0          0      44009   main_loop_stm32_raw.o
       756          4          0          0         20       5623   mem.o
       220         22          0          0          0       1753   misc.o
        28          6          0          4          0       1845   mutex_null.o
       248          6         19          0          0       3159   named_value.o
      1728         12         14          0          0      11412   object.o
      1104         14        103          0          0      13298   object_default.o
        64          6        124         16          0       1490   overlay.o
       568         20        122          8          0       4304   pages.o
       836          6          0          0          0       4902   path.o
       100         12          0          0       8192       1132   platform.o
       568         54        170         36          0       3772   popup.o
       992         72        154         16          0       4936   progress_bar.o
      1100          4         12          0          0       5072   rect.o
        64          6        116          0          0       1346   row.o
      1120         66         24         10         10       4243   rtc.o
       316          0          0          0          0       4763   self_layouter.o
        36         14          0          0          0       1382   self_layouter_builtins.o
      1712        198         53          0          0       5360   self_layouter_default.o
       264         22         60          4          0       3618   self_layouter_factory.o
       160          8          0          0          0       3351   self_layouter_parser.o
      2924        134        140         24          0      10223   slider.o
       588         16         31          0          0       5534   slist.o
       476         16          0          0          0       1796   spi.o
       348         68        125          0          0       2213   spin_box.o
        64         26        304          0       1536        780   startup_stm32f10x_hd.o
       196          8          0          0          0       3452   stm32f10x_bkp.o
      1548         18          0          0          0       5331   stm32f10x_fsmc.o
       860         38          0          0          0       5685   stm32f10x_gpio.o
        24          0          0          0          0      63786   stm32f10x_it.o
       204         14          0          0          0       1931   stm32f10x_pwr.o
       932         36          0         20          0       8840   stm32f10x_rcc.o
       328          4          0          0          0       2702   stm32f10x_rtc.o
       780         14          0          0          0       6566   stm32f10x_spi.o
      3610         88          0          0          0      22792   stm32f10x_tim.o
      1032         22          0          0          0       8412   stm32f10x_usart.o
      2452         68         23          0          0      13290   str.o
       288          0          0          0          0       5012   style.o
       480         80         51          0          0       4420   style_const.o
        52          6          0          4          0       1973   style_factory.o
      1408         50         95          0          0      11909   style_mutable.o
        76          6          0          4          0       1653   sys_tick.o
       380         42        127          8          0       3184   system_bar.o
      1268        200         56          4          0       6603   system_info.o
       480         38          0         20          0       1671   system_stm32f10x.o
      1228         96        127          8          0       6348   tab_button.o
       996         66        133          0          0       6052   tab_button_group.o
        84          6        128          0          0       1682   tab_control.o
       544         16         13          4          0       4217   theme.o
       572         24          0          4          0       1897   tim.o
        24          0          0          0          0        589   time_now.o
       244          0          0          0          0       3037   timer.o
       140          4         55          0          0       3821   timer_info.o
       652         18         21          4          0       6087   timer_manager.o
       616          4          0          0          0       4263   tokenizer.o
      1088         38          0          8         12       4186   touch.o
       162          0          0          0          0       2884   ui_builder.o
       272         26          0          0         36       3085   ui_builder_default.o
       122          0          0          0          0       1503   ui_loader.o
       284         10          4          0          0       2707   ui_loader_default.o
       296         16          0          6        200       3102   usart.o
       772          4        260          0          0       5405   utf8.o
      2120         60         34          0          0      18399   utils.o
      2172         60         13          0          0      11654   value.o
      2822          0          0          0          0      20337   vgcanvas.o
        64          6        121          0          0       1364   view.o
     16532       1004        124         60          0     109336   widget.o
      1020          4          0          0          0      25042   widget_animator.o
         6          0          0          0          0        953   widget_animator_factory_null.o
       892         12         31          4          0       8045   widget_animator_manager.o
       384         26       1234          4          0      32154   widget_factory.o
       744         26         50          4          0       5284   widget_pool.o
       740         30        123          0          0      33007   widget_vtable.o
       280         16        135         32          0       3006   window.o
       820         10         23          0          0       5256   window_animator.o
       288         20         64          4          0       4367   window_animator_factory.o
      1768        208        116          0          0       5678   window_base.o
      5096        174        153          4          0      29815   window_manager.o
       220         10          0          0          0       2724   window_open.o
      1872         26         20          0          0      14040   wstr.o

    ----------------------------------------------------------------------
    150382       6880     175554       1732      14272    1561319   Object Totals
         0          0         32          0          0          0   (incl. Generated)
        20          0        111          2          2          0   (incl. Padding)

    ----------------------------------------------------------------------

      Code (inc. data)   RO Data    RW Data    ZI Data      Debug   Library Member Name

        24          4          0          0          0         84   __2printf.o
       100          0          0          0          0          0   __dclz77c.o
         8          0          0          0          0         68   __main.o
       392          4         17          0          0         92   __printf_flags_ss_wp.o
        14          0          0          0          0         68   __printf_wp.o
         0          0          0          0          0          0   __rtentry.o
        12          0          0          0          0          0   __rtentry2.o
         6          0          0          0          0          0   __rtentry4.o
        52          8          0          0          0          0   __scatter.o
        28          0          0          0          0          0   __scatter_zi.o
        28          0          0          0          0         68   _chval.o
        60          0          0          0          0         92   _mbrtowc.o
         6          0          0          0          0          0   _printf_a.o
         6          0          0          0          0          0   _printf_c.o
        44          0          0          0          0        108   _printf_char.o
        48          6          0          0          0         96   _printf_char_common.o
        36          4          0          0          0         80   _printf_char_file.o
        40          0          0          0          0         68   _printf_charcount.o
         6          0          0          0          0          0   _printf_d.o
       120         16          0          0          0         92   _printf_dec.o
         6          0          0          0          0          0   _printf_e.o
         6          0          0          0          0          0   _printf_f.o
      1054          0          0          0          0        216   _printf_fp_dec.o
       764          8         38          0          0        100   _printf_fp_hex.o
       128         16          0          0          0         84   _printf_fp_infnan.o
         6          0          0          0          0          0   _printf_g.o
       148          4         40          0          0        160   _printf_hex_int_ll_ptr.o
         6          0          0          0          0          0   _printf_i.o
       178          0          0          0          0         88   _printf_intcommon.o
        10          0          0          0          0          0   _printf_l.o
         6          0          0          0          0          0   _printf_lc.o
        10          0          0          0          0          0   _printf_ll.o
         6          0          0          0          0          0   _printf_lld.o
         6          0          0          0          0          0   _printf_lli.o
         6          0          0          0          0          0   _printf_llo.o
         6          0          0          0          0          0   _printf_llu.o
         6          0          0          0          0          0   _printf_llx.o
       124         16          0          0          0         92   _printf_longlong_dec.o
         6          0          0          0          0          0   _printf_ls.o
         6          0          0          0          0          0   _printf_n.o
         6          0          0          0          0          0   _printf_o.o
       112         10          0          0          0        124   _printf_oct_int_ll.o
         6          0          0          0          0          0   _printf_p.o
        78          0          0          0          0        108   _printf_pad.o
         0          0          0          0          0          0   _printf_percent.o
         4          0          0          0          0          0   _printf_percent_end.o
         6          0          0          0          0          0   _printf_s.o
        82          0          0          0          0         80   _printf_str.o
        36          0          0          0          0         84   _printf_truncate.o
         6          0          0          0          0          0   _printf_u.o
        44          0          0          0          0        108   _printf_wchar.o
       188          6          8          0          0         92   _printf_wctomb.o
         6          0          0          0          0          0   _printf_x.o
        22          0          0          0          0        100   _rserrno.o
       884          6          0          0          0        100   _scanf.o
       332          0          0          0          0         96   _scanf_int.o
       342          0          0          0          0        100   _scanf_longlong.o
       276          0          0          0          0        100   _scanf_mbtowc.o
       224          0          0          0          0         96   _scanf_str.o
        30          0          0          0          0         76   _scanf_wcharmap.o
       232          0          0          0          0        100   _scanf_wctomb.o
       208          0          0          0          0         96   _scanf_wstr.o
        64          0          0          0          0         84   _sgetc.o
        16          0          0          0          0         68   _snputc.o
        10          0          0          0          0         68   _sputc.o
       158          0          0          0          0         92   _strtoul.o
        64          0          0          0          0         92   _wcrtomb.o
       228          4        148          0          0         96   bigflt0.o
        80          0          0          0          0         88   bsearchnoex.o
      2152        136          0          0          0        960   btod.o
        18          0          0          0          0         80   exit.o
         8          0          0          0          0         68   ferror.o
         6          0          0          0          0        152   heapauxi.o
        18          0          0          0          0         76   isspace.o
        44         10        272          0          0         76   lc_ctype_c.o
        44         10         28          0          0         76   lc_numeric_c.o
         2          0          0          0          0          0   libinit.o
        30          0          0          0          0          0   libinit2.o
         2          0          0          0          0          0   libshutdown.o
         2          0          0          0          0          0   libshutdown2.o
         8          4          0          0         96         68   libspace.o
        38          0          0          0          0         68   llshl.o
       138          0          0          0          0         80   lludiv10.o
        88          0          0          0          0         76   memcmp.o
        16          4          0          0          0         76   rt_ctype_table.o
         8          4          0          0          0         68   rt_errno_addr_intlibspace.o
         8          4          0          0          0         68   rt_locale_intlibspace.o
        68          0          0          0          0         68   rt_memclr.o
        78          0          0          0          0         80   rt_memclr_w.o
       138          0          0          0          0         68   rt_memcpy_v6.o
       100          0          0          0          0         80   rt_memcpy_w.o
       132          0          0          0          0         68   rt_memmove_v6.o
       122          0          0          0          0         80   rt_memmove_w.o
         2          0          0          0          0          0   rtexit.o
        10          0          0          0          0          0   rtexit2.o
        44          8          0          0          0         84   scanf_char.o
      1272         16          0          0          0        168   scanf_fp.o
       800         14          0          0          0        100   scanf_hexfp.o
       308         16          0          0          0        100   scanf_infnan.o
        20          0          0          0          0         68   strchr.o
       128          0          0          0          0         68   strcmpv7m.o
        72          0          0          0          0         80   strcpy.o
        62          0          0          0          0         76   strlen.o
       150          0          0          0          0         80   strncmp.o
        86          0          0          0          0         76   strncpy.o
        22          0          0          0          0         68   strrchr.o
        36          0          0          0          0         80   strstr.o
       164         14          0          0          0        120   strtod.o
       112          0          0          0          0         88   strtol.o
        74          0          0          0          0         80   sys_stackheap_outer.o
        26          0          0          0          0         76   tolower.o
        30          0          0          0          0         76   toupper.o
         2          0          0          0          0         68   use_no_semi.o
         2          0          0          0          0         68   use_no_semi_2.o
        52          4          0          0          0         80   vsnprintf.o
        52          8          0          0          0         80   vsscanf.o
        22          0          0          0          0         68   wcschr.o
        24          0          0          0          0         68   wcscmp.o
        18          0          0          0          0         68   wcscpy.o
        18          0          0          0          0         68   wcslen.o
        98          4          0          0          0         92   d2f.o
       826         16          0          0          0        348   daddsub_clz.o
        16          4          0          0          0         68   dcheck1.o
        24          0          0          0          0         68   dcmpi.o
       688        140          0          0          0        208   ddiv.o
       120          4          0          0          0         92   deqf.o
        94          4          0          0          0         92   dfix.o
       194          4          0          0          0        116   dfixll.o
        90          4          0          0          0         92   dfixu.o
        84          0          0          0          0        136   dflt_clz.o
       162          0          0          0          0         84   dfltll_clz.o
       120          4          0          0          0         92   dleqf.o
       340         12          0          0          0        104   dmul.o
       156          4          0          0          0         92   dnaninf.o
        12          0          0          0          0         68   dretinf.o
       108          0          0          0          0         80   drleqf.o
       460         56          0          0          0        120   dsqrt_noumaal.o
        86          4          0          0          0         84   f2d.o
       450          8          0          0          0        236   faddsub_clz.o
        24          0          0          0          0         68   fcmpi.o
       388         76          0          0          0         96   fdiv.o
       104          4          0          0          0         84   feqf.o
        54          4          0          0          0         84   ffix.o
        62          4          0          0          0         84   ffixu.o
        86          0          0          0          0        136   fflt_clz.o
        96          0          0          0          0         84   ffltll_clz.o
       104          4          0          0          0         84   fleqf.o
       258          4          0          0          0         84   fmul.o
       140          4          0          0          0         84   fnaninf.o
         0          0         16          0          0          0   fpconst.o
        10          0          0          0          0         68   fretinf.o
        98          0          0          0          0         68   frleqf.o
         6          0          0          0          0         68   istatus.o
         4          0          0          0          0         68   printf1.o
         4          0          0          0          0         68   printf2.o
       100          0          0          0          0         68   retnan.o
        92          0          0          0          0         68   scalbn.o
         4          0          0          0          0         68   scanf1.o
         8          0          0          0          0         84   scanf2.o
        48          0          0          0          0         68   trapv.o
         0          0          0          0          0          0   usenofp.o
       636         62         80          0          0        188   acos.o
       624         52         80          0          0        168   asin.o
       544         70        152          0          0        124   atan.o
        42          0          0          0          0         84   atof.o
       220         16          0          0          0         84   ceil.o
         4          0          0          0          0         68   ceill.o
       156          8          0          0          0        104   cos.o
       252         22         48          0          0        124   cos_i.o
        68         10          0          0          0        408   dunder.o
       644         90         88          0          0        204   exp.o
       220         16          0          0          0         84   floor.o
        40          0          0          0          0         68   fpclassify.o
        88          8          0          0          0         76   frexp.o
       138          0          0          0          0        160   ldexp.o
       860         52         56          0          0        256   log.o
       228         30          0          0          0        120   log10.o
       204          4          0          0          0        168   narrow.o
       170          0          0          0          0         96   poly.o
      2520        190        136          0          0        324   pow.o
         0          0          8          0          0          0   qnan.o
       904         76        200          0          0        140   rred.o
       160         10          0          0          0        108   sin.o
       236         12         40          0          0        128   sin_i.o
        76          0          0          0          0         84   sqrt.o
       100         10          0          0          0         96   tan.o
       636         50         96          0          0        168   tan_i.o

    ----------------------------------------------------------------------
     29764       1522       1560          0        100      15684   Library Totals
        38          2          9          0          4          0   (incl. Padding)

    ----------------------------------------------------------------------

      Code (inc. data)   RO Data    RW Data    ZI Data      Debug   Library Name

     14138        364        551          0         96       8196   c_w.l
      5818        368         16          0          0       3856   fz_ws.l
      9770        788        984          0          0       3632   m_ws.l

    ----------------------------------------------------------------------
     29764       1522       1560          0        100      15684   Library Totals

    ----------------------------------------------------------------------

==============================================================================


      Code (inc. data)   RO Data    RW Data    ZI Data      Debug   

    180146       8402     177114       1732      14372    1553911   Grand Totals
    180146       8402     177114       1080      14372    1553911   ELF Image Totals (compressed)
    180146       8402     177114       1080          0          0   ROM Totals

==============================================================================

    Total RO  Size (Code + RO Data)               357260 ( 348.89kB)
    Total RW  Size (RW Data + ZI Data)             16104 (  15.73kB)
    Total ROM Size (Code + RO Data + RW Data)     358340 ( 349.94kB)

==============================================================================

