Component: ARM Compiler 5.06 update 5 (build 528) Tool: armlink [4d35e2]

==============================================================================

Section Cross References

    system_stm32f10x.o(.text) refers to system_stm32f10x.o(.data) for SystemCoreClock
    main.o(.text) refers to misc.o(.text) for NVIC_PriorityGroupConfig
    main.o(.text) refers to platform.o(.text) for systick_init
    main.o(.text) refers to led.o(.text) for led_init
    main.o(.text) refers to button.o(.text) for button_init
    main.o(.text) refers to lcd_driver.o(.text) for TFT_Init
    main.o(.text) refers to flash.o(.text) for FLASH_Init
    main.o(.text) refers to touch.o(.text) for TOUCH_Init
    main.o(.text) refers to tim.o(.text) for TIM3_Init
    main.o(.text) refers to rtc.o(.text) for rtc_init
    main.o(.text) refers to demo_main.o(.text) for gui_app_start
    sys.o(.text) refers to misc.o(.text) for NVIC_PriorityGroupConfig
    usart.o(.text) refers (Special) to use_no_semi_2.o(.text) for __use_no_semihosting
    usart.o(.text) refers to stm32f10x_rcc.o(.text) for RCC_APB2PeriphClockCmd
    usart.o(.text) refers to stm32f10x_gpio.o(.text) for GPIO_Init
    usart.o(.text) refers to misc.o(.text) for NVIC_Init
    usart.o(.text) refers to stm32f10x_usart.o(.text) for USART_Init
    usart.o(.text) refers to usart.o(.data) for USART_RX_STA
    usart.o(.text) refers to usart.o(.bss) for USART_RX_BUF
    usart.o(.bss) refers (Special) to use_no_semi_2.o(.text) for __use_no_semihosting
    usart.o(.data) refers (Special) to use_no_semi_2.o(.text) for __use_no_semihosting
    startup_stm32f10x_hd.o(STACK) refers (Special) to heapauxi.o(.text) for __use_two_region_memory
    startup_stm32f10x_hd.o(HEAP) refers (Special) to heapauxi.o(.text) for __use_two_region_memory
    startup_stm32f10x_hd.o(RESET) refers (Special) to heapauxi.o(.text) for __use_two_region_memory
    startup_stm32f10x_hd.o(RESET) refers to startup_stm32f10x_hd.o(STACK) for __initial_sp
    startup_stm32f10x_hd.o(RESET) refers to startup_stm32f10x_hd.o(.text) for Reset_Handler
    startup_stm32f10x_hd.o(RESET) refers to stm32f10x_it.o(.text) for NMI_Handler
    startup_stm32f10x_hd.o(RESET) refers to sys_tick.o(.text) for SysTick_Handler
    startup_stm32f10x_hd.o(RESET) refers to rtc.o(.text) for RTC_IRQHandler
    startup_stm32f10x_hd.o(RESET) refers to main_loop_stm32_raw.o(.text) for TIM3_IRQHandler
    startup_stm32f10x_hd.o(RESET) refers to usart.o(.text) for USART1_IRQHandler
    startup_stm32f10x_hd.o(RESET) refers to tim.o(.text) for TIM5_IRQHandler
    startup_stm32f10x_hd.o(.text) refers (Special) to heapauxi.o(.text) for __use_two_region_memory
    startup_stm32f10x_hd.o(.text) refers to system_stm32f10x.o(.text) for SystemInit
    startup_stm32f10x_hd.o(.text) refers to __main.o(!!!main) for __main
    startup_stm32f10x_hd.o(.text) refers to startup_stm32f10x_hd.o(HEAP) for Heap_Mem
    startup_stm32f10x_hd.o(.text) refers to startup_stm32f10x_hd.o(STACK) for Stack_Mem
    stm32f10x_gpio.o(.text) refers to stm32f10x_rcc.o(.text) for RCC_APB2PeriphResetCmd
    stm32f10x_rcc.o(.text) refers to stm32f10x_rcc.o(.data) for APBAHBPrescTable
    stm32f10x_usart.o(.text) refers to stm32f10x_rcc.o(.text) for RCC_APB2PeriphResetCmd
    stm32f10x_wwdg.o(.text) refers to stm32f10x_rcc.o(.text) for RCC_APB1PeriphResetCmd
    stm32f10x_tim.o(.text) refers to stm32f10x_rcc.o(.text) for RCC_APB2PeriphResetCmd
    stm32f10x_bkp.o(.text) refers to stm32f10x_rcc.o(.text) for RCC_BackupResetCmd
    stm32f10x_pwr.o(.text) refers to stm32f10x_rcc.o(.text) for RCC_APB1PeriphResetCmd
    stm32f10x_spi.o(.text) refers to stm32f10x_rcc.o(.text) for RCC_APB2PeriphResetCmd
    led.o(.text) refers to stm32f10x_rcc.o(.text) for RCC_APB2PeriphClockCmd
    led.o(.text) refers to stm32f10x_gpio.o(.text) for GPIO_Init
    led.o(.text) refers to sys_tick.o(.text) for delay_ms
    led.o(.text) refers to led.o(.data) for i
    lcd_driver.o(.text) refers to stm32f10x_rcc.o(.text) for RCC_APB2PeriphClockCmd
    lcd_driver.o(.text) refers to stm32f10x_gpio.o(.text) for GPIO_Init
    lcd_driver.o(.text) refers to stm32f10x_fsmc.o(.text) for FSMC_NORSRAMInit
    button.o(.text) refers to stm32f10x_rcc.o(.text) for RCC_APB2PeriphClockCmd
    button.o(.text) refers to stm32f10x_gpio.o(.text) for GPIO_Init
    button.o(.text) refers to sys_tick.o(.text) for delay_ms
    button.o(.text) refers to button.o(.data) for key_up
    tim.o(.text) refers to stm32f10x_rcc.o(.text) for RCC_APB1PeriphClockCmd
    tim.o(.text) refers to stm32f10x_gpio.o(.text) for GPIO_Init
    tim.o(.text) refers to stm32f10x_tim.o(.text) for TIM_TimeBaseInit
    tim.o(.text) refers to misc.o(.text) for NVIC_Init
    tim.o(.text) refers to tim.o(.data) for TIM5CH1_CAPTURE_STA
    rtc.o(.text) refers to _printf_percent.o(.ARM.Collect$$_printf_percent$$00000000) for _printf_percent
[...]
    __I$use$fp                               0x08020f3c   Number         0  usenofp.o(x$fpl$usenofp)
    table_week                               0x08020f3c   Data          12  rtc.o(.constdata)
    mon_table                                0x08020f48   Data          12  rtc.o(.constdata)
    ASCII8x16                                0x08020f54   Data        1536  gui.o(.constdata)
    tfont16                                  0x08021554   Data         480  gui.o(.constdata)
    tfont24                                  0x08021734   Data         360  gui.o(.constdata)
    g_utf8_skip                              0x08022320   Data           4  utf8.o(.constdata)
    font_default                             0x080236c5   Data       13041  assets-mini.o(.constdata)
    image_bricks                             0x080269b6   Data        7260  assets-mini.o(.constdata)
    image_checked                            0x08028612   Data        2364  assets-mini.o(.constdata)
    image_dialog_title                       0x08028f4e   Data        7260  assets-mini.o(.constdata)
    image_earth                              0x0802abaa   Data        2364  assets-mini.o(.constdata)
    image_green_btn_n                        0x0802b4e6   Data        3660  assets-mini.o(.constdata)
    image_green_btn_o                        0x0802c332   Data        3660  assets-mini.o(.constdata)
    image_green_btn_p                        0x0802d17e   Data        3660  assets-mini.o(.constdata)
    image_info                               0x0802dfca   Data        2364  assets-mini.o(.constdata)
    image_left_off                           0x0802e906   Data        2364  assets-mini.o(.constdata)
    image_left_on                            0x0802f242   Data        2364  assets-mini.o(.constdata)
    image_middle_off                         0x0802fb7e   Data        2364  assets-mini.o(.constdata)
    image_middle_on                          0x080304ba   Data        2364  assets-mini.o(.constdata)
    image_muted                              0x08030df6   Data        2364  assets-mini.o(.constdata)
    image_question                           0x08031732   Data        2364  assets-mini.o(.constdata)
    image_radio_checked                      0x0803206e   Data        2364  assets-mini.o(.constdata)
    image_radio_unchecked                    0x080329aa   Data        2364  assets-mini.o(.constdata)
    image_red_btn_n                          0x080332e6   Data        3660  assets-mini.o(.constdata)
    image_red_btn_o                          0x08034132   Data        3660  assets-mini.o(.constdata)
    image_red_btn_p                          0x08034f7e   Data        3660  assets-mini.o(.constdata)
    image_right_off                          0x08035dca   Data        2364  assets-mini.o(.constdata)
    image_right_on                           0x08036706   Data        2364  assets-mini.o(.constdata)
    image_slider_bg                          0x08037042   Data        1020  assets-mini.o(.constdata)
    image_slider_drag                        0x0803743e   Data        3196  assets-mini.o(.constdata)
    image_slider_drag_o                      0x080380ba   Data        3196  assets-mini.o(.constdata)
    image_slider_drag_p                      0x08038d36   Data        3196  assets-mini.o(.constdata)
    image_slider_fg                          0x080399b2   Data        1020  assets-mini.o(.constdata)
    image_slider_v_bg                        0x08039dae   Data        1020  assets-mini.o(.constdata)
    image_slider_v_fg                        0x0803a1aa   Data        1020  assets-mini.o(.constdata)
    image_unchecked                          0x0803a5a6   Data        2364  assets-mini.o(.constdata)
    image_unmuted                            0x0803aee2   Data        2364  assets-mini.o(.constdata)
    image_warn                               0x0803b81e   Data        2364  assets-mini.o(.constdata)
    style_default                            0x0803c15a   Data       22558  assets-mini.o(.constdata)
    __mathlib_zero                           0x08041a78   Data           8  qnan.o(.constdata)
    Region$$Table$$Base                      0x08042dfc   Number         0  anon$$obj.o(Region$$Table)
    Region$$Table$$Limit                     0x08042e1c   Number         0  anon$$obj.o(Region$$Table)
    __aeabi_HUGE_VAL                         0x08042e1c   Data           0  fpconst.o(c$$dinf)
    __aeabi_HUGE_VALL                        0x08042e1c   Data           0  fpconst.o(c$$dinf)
    __aeabi_INFINITY                         0x08042e1c   Data           0  fpconst.o(c$$dinf)
    __dInf                                   0x08042e1c   Data           0  fpconst.o(c$$dinf)
    __huge_val                               0x08042e1c   Data           0  fpconst.o(c$$dinf)
    __dbl_max                                0x08042e24   Data           0  fpconst.o(c$$dmax)
    __ctype                                  0x08042e39   Data           0  lc_ctype_c.o(locale$$data)
    SystemCoreClock                          0x20000000   Data           4  system_stm32f10x.o(.data)
    AHBPrescTable                            0x20000004   Data          16  system_stm32f10x.o(.data)
    __stdout                                 0x20000014   Data           4  usart.o(.data)
    USART_RX_STA                             0x20000018   Data           2  usart.o(.data)
    TIM5CH1_CAPTURE_STA                      0x20000030   Data           1  tim.o(.data)
    TIM5CH1_CAPTURE_VAL                      0x20000032   Data           2  tim.o(.data)
    rtc_data                                 0x20000034   Data           7  rtc.o(.data)
    rtc_bit                                  0x2000003b   Data           1  rtc.o(.data)
    TouchData                                0x2000003e   Data           8  touch.o(.data)
    s_edit_properties                        0x200000fc   Data          56  edit.o(.data)
    s_combo_box_properties                   0x200005b0   Data          60  combo_box.o(.data)
    USART_RX_BUF                             0x20000650   Data         200  usart.o(.bss)
    calendar                                 0x20000718   Data          10  rtc.o(.bss)
    __libspace_start                         0x20003814   Data          96  libspace.o(.bss)
    __temporary_stack_top$libspace           0x20003874   Data           0  libspace.o(.bss)



==============================================================================

Memory Map of the image

  Image Entry point : 0x08000131

  Load Region LR_IROM1 (Base: 0x08000000, Size: 0x000435a8, Max: 0x00080000, ABSOLUTE, COMPRESSED[0x0004334c])

    Execution Region ER_IROM1 (Exec base: 0x08000000, Load base: 0x08000000, Size: 0x00042f58, Max: 0x00080000, ABSOLUTE)

    Exec Addr    Load Addr    Size         Type   Attr      Idx    E Section Name        Object

    0x08000000   0x08000000   0x00000130   Data   RO          252    RESET               startup_stm32f10x_hd.o
    0x08000130   0x08000130   0x00000008   Code   RO         3330  * !!!main             c_w.l(__main.o)
    0x08000138   0x08000138   0x00000034   Code   RO         3867    !!!scatter          c_w.l(__scatter.o)
    0x0800016c   0x0800016c   0x00000064   Code   RO         3865    !!dclz77c           c_w.l(__dclz77c.o)
    0x080001d0   0x080001d0   0x0000001c   Code   RO         3869    !!handler_zi        c_w.l(__scatter_zi.o)
    0x080001ec   0x080001ec   0x00000000   Code   RO         3287    .ARM.Collect$$_printf_percent$$00000000  c_w.l(_printf_percent.o)
    0x080001ec   0x080001ec   0x00000006   Code   RO         3502    .ARM.Collect$$_printf_percent$$00000001  c_w.l(_printf_n.o)
    0x080001f2   0x080001f2   0x00000006   Code   RO         3504    .ARM.Collect$$_printf_percent$$00000002  c_w.l(_printf_p.o)
    0x080001f8   0x080001f8   0x00000006   Code   RO         3508    .ARM.Collect$$_printf_percent$$00000003  c_w.l(_printf_f.o)
    0x080001fe   0x080001fe   0x00000006   Code   RO         3509    .ARM.Collect$$_printf_percent$$00000004  c_w.l(_printf_e.o)
    0x08000204   0x08000204   0x00000006   Code   RO         3510    .ARM.Collect$$_printf_percent$$00000005  c_w.l(_printf_g.o)
    0x0800020a   0x0800020a   0x00000006   Code   RO         3511    .ARM.Collect$$_printf_percent$$00000006  c_w.l(_printf_a.o)
    0x08000210   0x08000210   0x0000000a   Code   RO         3516    .ARM.Collect$$_printf_percent$$00000007  c_w.l(_printf_ll.o)
    0x0800021a   0x0800021a   0x00000006   Code   RO         3506    .ARM.Collect$$_printf_percent$$00000008  c_w.l(_printf_i.o)
    0x08000220   0x08000220   0x00000006   Code   RO         3286    .ARM.Collect$$_printf_percent$$00000009  c_w.l(_printf_d.o)
    0x08000226   0x08000226   0x00000006   Code   RO         3507    .ARM.Collect$$_printf_percent$$0000000A  c_w.l(_printf_u.o)
    0x0800022c   0x0800022c   0x00000006   Code   RO         3505    .ARM.Collect$$_printf_percent$$0000000B  c_w.l(_printf_o.o)
    0x08000232   0x08000232   0x00000006   Code   RO         3503    .ARM.Collect$$_printf_percent$$0000000C  c_w.l(_printf_x.o)
    0x08000238   0x08000238   0x00000006   Code   RO         3513    .ARM.Collect$$_printf_percent$$0000000D  c_w.l(_printf_lli.o)
    0x0800023e   0x0800023e   0x00000006   Code   RO         3514    .ARM.Collect$$_printf_percent$$0000000E  c_w.l(_printf_lld.o)
    0x08000244   0x08000244   0x00000006   Code   RO         3515    .ARM.Collect$$_printf_percent$$0000000F  c_w.l(_printf_llu.o)
    0x0800024a   0x0800024a   0x00000006   Code   RO         3520    .ARM.Collect$$_printf_percent$$00000010  c_w.l(_printf_llo.o)
    0x08000250   0x08000250   0x00000006   Code   RO         3521    .ARM.Collect$$_printf_percent$$00000011  c_w.l(_printf_llx.o)
    0x08000256   0x08000256   0x0000000a   Code   RO         3517    .ARM.Collect$$_printf_percent$$00000012  c_w.l(_printf_l.o)
    0x08000260   0x08000260   0x00000006   Code   RO         3500    .ARM.Collect$$_printf_percent$$00000013  c_w.l(_printf_c.o)
    0x08000266   0x08000266   0x00000006   Code   RO         3501    .ARM.Collect$$_printf_percent$$00000014  c_w.l(_printf_s.o)
    0x0800026c   0x0800026c   0x00000006   Code   RO         3518    .ARM.Collect$$_printf_percent$$00000015  c_w.l(_printf_lc.o)
    0x08000272   0x08000272   0x00000006   Code   RO         3519    .ARM.Collect$$_printf_percent$$00000016  c_w.l(_printf_ls.o)
    0x08000278   0x08000278   0x00000004   Code   RO         3512    .ARM.Collect$$_printf_percent$$00000017  c_w.l(_printf_percent_end.o)
    0x0800027c   0x0800027c   0x00000002   Code   RO         3745    .ARM.Collect$$libinit$$00000000  c_w.l(libinit.o)
    0x0800027e   0x0800027e   0x00000000   Code   RO         3658    .ARM.Collect$$libinit$$00000002  c_w.l(libinit2.o)
    0x0800027e   0x0800027e   0x00000000   Code   RO         3660    .ARM.Collect$$libinit$$00000004  c_w.l(libinit2.o)
    0x0800027e   0x0800027e   0x00000000   Code   RO         3663    .ARM.Collect$$libinit$$0000000A  c_w.l(libinit2.o)
    0x0800027e   0x0800027e   0x00000000   Code   RO         3665    .ARM.Collect$$libinit$$0000000C  c_w.l(libinit2.o)
    0x0800027e   0x0800027e   0x00000000   Code   RO         3667    .ARM.Collect$$libinit$$0000000E  c_w.l(libinit2.o)
    0x0800027e   0x0800027e   0x00000006   Code   RO         3668    .ARM.Collect$$libinit$$0000000F  c_w.l(libinit2.o)
    0x08000284   0x08000284   0x00000000   Code   RO         3670    .ARM.Collect$$libinit$$00000011  c_w.l(libinit2.o)
    0x08000284   0x08000284   0x0000000c   Code   RO         3671    .ARM.Collect$$libinit$$00000012  c_w.l(libinit2.o)
    0x08000290   0x08000290   0x00000000   Code   RO         3672    .ARM.Collect$$libinit$$00000013  c_w.l(libinit2.o)
    0x08000290   0x08000290   0x00000000   Code   RO         3674    .ARM.Collect$$libinit$$00000015  c_w.l(libinit2.o)
    0x08000290   0x08000290   0x0000000a   Code   RO         3675    .ARM.Collect$$libinit$$00000016  c_w.l(libinit2.o)
    0x0800029a   0x0800029a   0x00000000   Code   RO         3676    .ARM.Collect$$libinit$$00000017  c_w.l(libinit2.o)
    0x0800029a   0x0800029a   0x00000000   Code   RO         3678    .ARM.Collect$$libinit$$00000019  c_w.l(libinit2.o)
    0x0800029a   0x0800029a   0x00000000   Code   RO         3680    .ARM.Collect$$libinit$$0000001B  c_w.l(libinit2.o)
    0x0800029a   0x0800029a   0x00000000   Code   RO         3682    .ARM.Collect$$libinit$$0000001D  c_w.l(libinit2.o)
    0x0800029a   0x0800029a   0x00000000   Code   RO         3684    .ARM.Collect$$libinit$$0000001F  c_w.l(libinit2.o)
    0x0800029a   0x0800029a   0x00000000   Code   RO         3686    .ARM.Collect$$libinit$$00000021  c_w.l(libinit2.o)
    0x0800029a   0x0800029a   0x00000000   Code   RO         3688    .ARM.Collect$$libinit$$00000023  c_w.l(libinit2.o)
    0x0800029a   0x0800029a   0x00000000   Code   RO         3690    .ARM.Collect$$libinit$$00000025  c_w.l(libinit2.o)
    0x0800029a   0x0800029a   0x00000000   Code   RO         3694    .ARM.Collect$$libinit$$0000002C  c_w.l(libinit2.o)
    0x0800029a   0x0800029a   0x00000000   Code   RO         3696    .ARM.Collect$$libinit$$0000002E  c_w.l(libinit2.o)
    0x0800029a   0x0800029a   0x00000000   Code   RO         3698    .ARM.Collect$$libinit$$00000030  c_w.l(libinit2.o)
    0x0800029a   0x0800029a   0x00000000   Code   RO         3700    .ARM.Collect$$libinit$$00000032  c_w.l(libinit2.o)
    0x0800029a   0x0800029a   0x00000002   Code   RO         3701    .ARM.Collect$$libinit$$00000033  c_w.l(libinit2.o)
    0x0800029c   0x0800029c   0x00000002   Code   RO         3822    .ARM.Collect$$libshutdown$$00000000  c_w.l(libshutdown.o)
    0x0800029e   0x0800029e   0x00000000   Code   RO         3828    .ARM.Collect$$libshutdown$$00000002  c_w.l(libshutdown2.o)
    0x0800029e   0x0800029e   0x00000000   Code   RO         3830    .ARM.Collect$$libshutdown$$00000004  c_w.l(libshutdown2.o)
    0x0800029e   0x0800029e   0x00000000   Code   RO         3833    .ARM.Collect$$libshutdown$$00000007  c_w.l(libshutdown2.o)
    0x0800029e   0x0800029e   0x00000000   Code   RO         3836    .ARM.Collect$$libshutdown$$0000000A  c_w.l(libshutdown2.o)
    0x0800029e   0x0800029e   0x00000000   Code   RO         3838    .ARM.Collect$$libshutdown$$0000000C  c_w.l(libshutdown2.o)
    0x0800029e   0x0800029e   0x00000000   Code   RO         3841    .ARM.Collect$$libshutdown$$0000000F  c_w.l(libshutdown2.o)
    0x0800029e   0x0800029e   0x00000002   Code   RO         3842    .ARM.Collect$$libshutdown$$00000010  c_w.l(libshutdown2.o)
    0x080002a0   0x080002a0   0x00000000   Code   RO         3442    .ARM.Collect$$rtentry$$00000000  c_w.l(__rtentry.o)
    0x080002a0   0x080002a0   0x00000000   Code   RO         3607    .ARM.Collect$$rtentry$$00000002  c_w.l(__rtentry2.o)
    0x080002a0   0x080002a0   0x00000006   Code   RO         3619    .ARM.Collect$$rtentry$$00000004  c_w.l(__rtentry4.o)
    0x080002a6   0x080002a6   0x00000000   Code   RO         3609    .ARM.Collect$$rtentry$$00000009  c_w.l(__rtentry2.o)
    0x080002a6   0x080002a6   0x00000004   Code   RO         3610    .ARM.Collect$$rtentry$$0000000A  c_w.l(__rtentry2.o)
    0x080002aa   0x080002aa   0x00000000   Code   RO         3612    .ARM.Collect$$rtentry$$0000000C  c_w.l(__rtentry2.o)
    0x080002aa   0x080002aa   0x00000008   Code   RO         3613    .ARM.Collect$$rtentry$$0000000D  c_w.l(__rtentry2.o)
    0x080002b2   0x080002b2   0x00000002   Code   RO         3768    .ARM.Collect$$rtexit$$00000000  c_w.l(rtexit.o)
    0x080002b4   0x080002b4   0x00000000   Code   RO         3787    .ARM.Collect$$rtexit$$00000002  c_w.l(rtexit2.o)
    0x080002b4   0x080002b4   0x00000004   Code   RO         3788    .ARM.Collect$$rtexit$$00000003  c_w.l(rtexit2.o)
    0x080002b8   0x080002b8   0x00000006   Code   RO         3789    .ARM.Collect$$rtexit$$00000004  c_w.l(rtexit2.o)
    0x080002be   0x080002be   0x00000018   Code   RO            1    .text               stm32f10x_it.o
    0x080002d6   0x080002d6   0x00000002   PAD
    0x080002d8   0x080002d8   0x000001e0   Code   RO          104    .text               system_stm32f10x.o
    0x080004b8   0x080004b8   0x00000044   Code   RO          122    .text               main.o
    0x080004fc   0x080004fc   0x00000128   Code   RO          216    .text               usart.o
    0x08000624   0x08000624   0x00000040   Code   RO          253    .text               startup_stm32f10x_hd.o
    0x08000664   0x08000664   0x000000dc   Code   RO          257    .text               misc.o
    0x08000740   0x08000740   0x0000035c   Code   RO          269    .text               stm32f10x_gpio.o
    0x08000a9c   0x08000a9c   0x000003a4   Code   RO          281    .text               stm32f10x_rcc.o
    0x08000e40   0x08000e40   0x00000408   Code   RO          295    .text               stm32f10x_usart.o
    0x08001248   0x08001248   0x00000e1a   Code   RO          343    .text               stm32f10x_tim.o
    0x08002062   0x08002062   0x00000002   PAD
    0x08002064   0x08002064   0x0000060c   Code   RO          355    .text               stm32f10x_fsmc.o
    0x08002670   0x08002670   0x000000c4   Code   RO          367    .text               stm32f10x_bkp.o
    0x08002734   0x08002734   0x00000148   Code   RO          379    .text               stm32f10x_rtc.o
    0x0800287c   0x0800287c   0x000000cc   Code   RO          391    .text               stm32f10x_pwr.o
    0x08002948   0x08002948   0x0000030c   Code   RO          415    .text               stm32f10x_spi.o
    0x08002c54   0x08002c54   0x000000a4   Code   RO          451    .text               led.o
    0x08002cf8   0x08002cf8   0x000002b8   Code   RO          464    .text               lcd_driver.o
    0x08002fb0   0x08002fb0   0x00000100   Code   RO          479    .text               button.o
    0x080030b0   0x080030b0   0x0000023c   Code   RO          492    .text               tim.o
    0x080032ec   0x080032ec   0x00000460   Code   RO          511    .text               rtc.o
    0x0800374c   0x0800374c   0x00000440   Code   RO          535    .text               touch.o
    0x08003b8c   0x08003b8c   0x000001dc   Code   RO          557    .text               spi.o
    0x08003d68   0x08003d68   0x00000430   Code   RO          569    .text               gui.o
    0x08004198   0x08004198   0x0000039c   Code   RO          590    .text               flash.o
    0x08004534   0x08004534   0x00000290   Code   RO          604    .text               array.o
    0x080047c4   0x080047c4   0x00000582   Code   RO          651    .text               bitmap.o
    0x08004d46   0x08004d46   0x00000350   Code   RO          676    .text               buffer.o
    0x08005096   0x08005096   0x00000002   PAD
    0x08005098   0x08005098   0x0000027c   Code   RO          691    .text               button_1.o
    0x08005314   0x08005314   0x00002928   Code   RO          791    .text               canvas.o
    0x08007c3c   0x08007c3c   0x00000340   Code   RO          836    .text               check_button.o
    0x08007f7c   0x08007f7c   0x00000054   Code   RO          861    .text               color.o
    0x08007fd0   0x08007fd0   0x00000228   Code   RO          873    .text               dialog.o
    0x080081f8   0x080081f8   0x000002c0   Code   RO          931    .text               emitter.o
    0x080084b8   0x080084b8   0x0000015c   Code   RO          953    .text               enums.o
    0x08008614   0x08008614   0x00000078   Code   RO          980    .text               font.o
    0x0800868c   0x0800868c   0x000001b8   Code   RO          992    .text               font_manager.o
    0x08008844   0x08008844   0x00000070   Code   RO         1007    .text               group_box.o
    0x080088b4   0x080088b4   0x00000220   Code   RO         1025    .text               image.o
    0x08008ad4   0x08008ad4   0x000002f8   Code   RO         1047    .text               image_manager.o
    0x08008dcc   0x08008dcc   0x00000048   Code   RO         1068    .text               label.o
    0x08008e14   0x08008e14   0x00000434   Code   RO         1083    .text               lcd.o
    0x08009248   0x08009248   0x0000012c   Code   RO         1095    .text               main_loop.o
    0x08009374   0x08009374   0x000002f4   Code   RO         1112    .text               mem.o
    0x08009668   0x08009668   0x00000500   Code   RO         1126    .text               progress_bar.o
    0x08009b68   0x08009b68   0x00000240   Code   RO         1145    .text               rect.o
    0x08009da8   0x08009da8   0x00000230   Code   RO         1157    .text               theme.o
    0x08009fd8   0x08009fd8   0x00000304   Code   RO         1172    .text               utf8.o
    0x0800a2dc   0x0800a2dc   0x00000694   Code   RO         1187    .text               value.o
    0x0800a970   0x0800a970   0x000025a0   Code   RO         1203    .text               widget.o
    0x0800cf10   0x0800cf10   0x000002c0   Code   RO         1300    .text               widget_vtable.o
    0x0800d1d0   0x0800d1d0   0x00000050   Code   RO         1314    .text               window.o
    0x0800d220   0x0800d220   0x00000d8c   Code   RO         1333    .text               window_manager.o
    0x0800dfac   0x0800dfac   0x000006d0   Code   RO         1361    .text               wstr.o
    0x0800e67c   0x0800e67c   0x00000850   Code   RO         1374    .text               utils.o
    0x0800eecc   0x0800eecc   0x000000f4   Code   RO         1402    .text               events.o
    0x0800efc0   0x0800efc0   0x000003e0   Code   RO         1414    .text               timer.o
    0x0800f3a0   0x0800f3a0   0x000009a2   Code   RO         1429    .text               layout.o
    0x0800fd42   0x0800fd42   0x00000002   PAD
    0x0800fd44   0x0800fd44   0x00000150   Code   RO         1445    .text               event_queue.o
    0x0800fe94   0x0800fe94   0x000008e0   Code   RO         1467    .text               slider.o
    0x08010774   0x08010774   0x00000138   Code   RO         1486    .text               window_animator.o
    0x080108ac   0x080108ac   0x00000010   Code   RO         1498    .text               window_animator_null.o
    0x080108bc   0x080108bc   0x000002ec   Code   RO         1510    .text               idle.o
    0x08010ba8   0x08010ba8   0x0000004c   Code   RO         1525    .text               system_info.o
    0x08010bf4   0x08010bf4   0x00000022   Code   RO         1539    .text               image_loader.o
    0x08010c16   0x08010c16   0x00000002   PAD
    0x08010c18   0x08010c18   0x000007e8   Code   RO         1551    .text               str.o
    0x08011400   0x08011400   0x000002a8   Code   RO         1564    .text               main_loop_simple.o
    0x080116a8   0x080116a8   0x00000224   Code   RO         1583    .text               pages.o
    0x080118cc   0x080118cc   0x00001a10   Code   RO         1602    .text               edit.o
    0x080132dc   0x080132dc   0x0000005c   Code   RO         1628    .text               view.o
    0x08013338   0x08013338   0x000001c0   Code   RO         1661    .text               widget_factory.o
    0x080134f8   0x080134f8   0x00000186   Code   RO         1847    .text               tokenizer.o
    0x0801367e   0x0801367e   0x00000002   PAD
    0x08013680   0x08013680   0x00000238   Code   RO         1859    .text               input_method.o
    0x080138b8   0x080138b8   0x0000007e   Code   RO         1889    .text               input_engine.o
    0x08013936   0x08013936   0x00000002   PAD
    0x08013938   0x08013938   0x00000158   Code   RO         1901    .text               spin_box.o
    0x08013a90   0x08013a90   0x00000388   Code   RO         1920    .text               dragger.o
    0x08013e18   0x08013e18   0x00000088   Code   RO         1939    .text               dialog_client.o
    0x08013ea0   0x08013ea0   0x00000080   Code   RO         1954    .text               dialog_title.o
    0x08013f20   0x08013f20   0x00000234   Code   RO         1969    .text               custom_props.o
    0x08014154   0x08014154   0x0000032c   Code   RO         1988    .text               awtk.o
    0x08014480   0x08014480   0x00000068   Code   RO         2021    .text               input_method_creator.o
    0x080144e8   0x080144e8   0x00000070   Code   RO         2037    .text               button_group.o
    0x08014558   0x08014558   0x0000028c   Code   RO         2055    .text               color_parser.o
    0x080147e4   0x080147e4   0x00000790   Code   RO         2073    .text               combo_box.o
    0x08014f74   0x08014f74   0x00000314   Code   RO         2099    .text               combo_box_item.o
    0x08015288   0x08015288   0x00000964   Code   RO         2114    .text               easing.o
    0x08015bec   0x08015bec   0x0000038c   Code   RO         2128    .text               fs.o
    0x08015f78   0x08015f78   0x000001f8   Code   RO         2187    .text               popup.o
    0x08016170   0x08016170   0x0000046c   Code   RO         2232    .text               tab_button.o
    0x080165dc   0x080165dc   0x000003d8   Code   RO         2251    .text               tab_button_group.o
    0x080169b4   0x080169b4   0x00000070   Code   RO         2269    .text               tab_control.o
    0x08016a24   0x08016a24   0x000000a2   Code   RO         2287    .text               ui_builder.o
    0x08016ac6   0x08016ac6   0x00000002   PAD
    0x08016ac8   0x08016ac8   0x00000838   Code   RO         2302    .text               vgcanvas.o
    0x08017300   0x08017300   0x000003e8   Code   RO         2314    .text               widget_animator.o
    0x080176e8   0x080176e8   0x00000164   Code   RO         2449    .text               ui_builder_default.o
    0x0801784c   0x0801784c   0x00000030   Code   RO         2469    .text               ui_loader.o
    0x0801787c   0x0801787c   0x0000011c   Code   RO         2481    .text               ui_loader_default.o
    0x08017998   0x08017998   0x0000009c   Code   RO         2549    .text               window_open.o
    0x08017a34   0x08017a34   0x00000234   Code   RO         2589    .text               color_tile.o
    0x08017c68   0x08017c68   0x00000264   Code   RO         2611    .text               assets_manager.o
    0x08017ecc   0x08017ecc   0x0000024c   Code   RO         2626    .text               locale_info.o
    0x08018118   0x08018118   0x00000344   Code   RO         2650    .text               path.o
    0x0801845c   0x0801845c   0x0000005c   Code   RO         2662    .text               app_bar.o
    0x080184b8   0x080184b8   0x0000005c   Code   RO         2680    .text               column.o
    0x08018514   0x08018514   0x0000005c   Code   RO         2698    .text               grid.o
    0x08018570   0x08018570   0x0000005c   Code   RO         2716    .text               row.o
    0x080185cc   0x080185cc   0x000002b0   Code   RO         2734    .text               calibration_win.o
    0x0801887c   0x0801887c   0x00000188   Code   RO         2752    .text               font_loader_bitmap.o
    0x08018a04   0x08018a04   0x0000002c   Code   RO         2766    .text               font_loader.o
    0x08018a30   0x08018a30   0x00000572   Code   RO         2778    .text               window_base.o
    0x08018fa2   0x08018fa2   0x00000006   Code   RO         2790    .text               widget_animator_factory_null.o
    0x08018fa8   0x08018fa8   0x00000018   Code   RO         2802    .text               time_now.o
    0x08018fc0   0x08018fc0   0x000000d4   Code   RO         2814    .text               style.o
    0x08019094   0x08019094   0x00000194   Code   RO         2829    .text               style_const.o
    0x08019228   0x08019228   0x00000034   Code   RO         2846    .text               style_factory.o
    0x0801925c   0x0801925c   0x0000033c   Code   RO         2863    .text               widget_animator_manager.o
    0x08019598   0x08019598   0x000000a0   Code   RO         2878    .text               clip_board_default.o
    0x08019638   0x08019638   0x00000104   Code   RO         2895    .text               clip_board.o
    0x0801973c   0x0801973c   0x000005d0   Code   RO         2909    .text               image_base.o
    0x08019d0c   0x08019d0c   0x0000005c   Code   RO         2921    .text               grid_item.o
    0x08019d68   0x08019d68   0x000002f8   Code   RO         2939    .text               input_device_status.o
    0x0801a060   0x0801a060   0x00000154   Code   RO         2953    .text               system_bar.o
    0x0801a1b4   0x0801a1b4   0x000006ac   Code   RO         2972    .text               lcd_stm32_raw.o
    0x0801a860   0x0801a860   0x000000d8   Code   RO         3002    .text               main_loop_stm32_raw.o
    0x0801a938   0x0801a938   0x00000064   Code   RO         3105    .text               platform.o
    0x0801a99c   0x0801a99c   0x0000001c   Code   RO         3119    .text               mutex_null.o
    0x0801a9b8   0x0801a9b8   0x0000004c   Code   RO         3136    .text               sys_tick.o
    0x0801aa04   0x0801aa04   0x00000004   Code   RO         3150    .text               fs_os.o
    0x0801aa08   0x0801aa08   0x00000026   Code   RO         3162    .text               demo_main.o
    0x0801aa2e   0x0801aa2e   0x00000002   PAD
    0x0801aa30   0x0801aa30   0x0000058c   Code   RO         3180    .text               demo1_app.o
    0x0801afbc   0x0801afbc   0x0000019c   Code   RO         3198    .text               assets-mini.o
    0x0801b158   0x0801b158   0x00000002   Code   RO         3248    .text               c_w.l(use_no_semi_2.o)
    0x0801b15a   0x0801b15a   0x00000002   PAD
    0x0801b15c   0x0801b15c   0x00000010   Code   RO         3250    .text               c_w.l(rt_ctype_table.o)
    0x0801b16c   0x0801b16c   0x0000001a   Code   RO         3252    .text               c_w.l(tolower.o)
    0x0801b186   0x0801b186   0x0000001e   Code   RO         3254    .text               c_w.l(toupper.o)
    0x0801b1a4   0x0801b1a4   0x00000034   Code   RO         3256    .text               c_w.l(vsnprintf.o)
    0x0801b1d8   0x0801b1d8   0x00000018   Code   RO         3258    .text               c_w.l(__2printf.o)
    0x0801b1f0   0x0801b1f0   0x00000078   Code   RO         3264    .text               c_w.l(_printf_dec.o)
    0x0801b268   0x0801b268   0x00000188   Code   RO         3283    .text               c_w.l(__printf_flags_ss_wp.o)
    0x0801b3f0   0x0801b3f0   0x00000034   Code   RO         3288    .text               c_w.l(vsscanf.o)
    0x0801b424   0x0801b424   0x00000050   Code   RO         3290    .text               c_w.l(bsearchnoex.o)
    0x0801b474   0x0801b474   0x00000014   Code   RO         3292    .text               c_w.l(strchr.o)
    0x0801b488   0x0801b488   0x00000024   Code   RO         3294    .text               c_w.l(strstr.o)
    0x0801b4ac   0x0801b4ac   0x00000058   Code   RO         3296    .text               c_w.l(memcmp.o)
    0x0801b504   0x0801b504   0x00000048   Code   RO         3298    .text               c_w.l(strcpy.o)
    0x0801b54c   0x0801b54c   0x00000016   Code   RO         3300    .text               c_w.l(strrchr.o)
    0x0801b562   0x0801b562   0x0000003e   Code   RO         3302    .text               c_w.l(strlen.o)
    0x0801b5a0   0x0801b5a0   0x00000012   Code   RO         3304    .text               c_w.l(wcscpy.o)
    0x0801b5b2   0x0801b5b2   0x00000018   Code   RO         3306    .text               c_w.l(wcscmp.o)
    0x0801b5ca   0x0801b5ca   0x00000016   Code   RO         3308    .text               c_w.l(wcschr.o)
    0x0801b5e0   0x0801b5e0   0x00000012   Code   RO         3310    .text               c_w.l(wcslen.o)
    0x0801b5f2   0x0801b5f2   0x00000096   Code   RO         3312    .text               c_w.l(strncmp.o)
    0x0801b688   0x0801b688   0x0000008a   Code   RO         3314    .text               c_w.l(rt_memcpy_v6.o)
    0x0801b712   0x0801b712   0x00000084   Code   RO         3316    .text               c_w.l(rt_memmove_v6.o)
    0x0801b796   0x0801b796   0x00000064   Code   RO         3318    .text               c_w.l(rt_memcpy_w.o)
    0x0801b7fa   0x0801b7fa   0x00000044   Code   RO         3320    .text               c_w.l(rt_memclr.o)
    0x0801b83e   0x0801b83e   0x0000004e   Code   RO         3322    .text               c_w.l(rt_memclr_w.o)
    0x0801b88c   0x0801b88c   0x00000056   Code   RO         3324    .text               c_w.l(strncpy.o)
    0x0801b8e2   0x0801b8e2   0x00000002   PAD
    0x0801b8e4   0x0801b8e4   0x00000080   Code   RO         3326    .text               c_w.l(strcmpv7m.o)
    0x0801b964   0x0801b964   0x00000006   Code   RO         3328    .text               c_w.l(heapauxi.o)
    0x0801b96a   0x0801b96a   0x00000002   Code   RO         3440    .text               c_w.l(use_no_semi.o)
    0x0801b96c   0x0801b96c   0x00000008   Code   RO         3446    .text               c_w.l(rt_locale_intlibspace.o)
    0x0801b974   0x0801b974   0x00000016   Code   RO         3448    .text               c_w.l(_rserrno.o)
    0x0801b98a   0x0801b98a   0x0000004e   Code   RO         3450    .text               c_w.l(_printf_pad.o)
    0x0801b9d8   0x0801b9d8   0x00000024   Code   RO         3452    .text               c_w.l(_printf_truncate.o)
    0x0801b9fc   0x0801b9fc   0x00000052   Code   RO         3454    .text               c_w.l(_printf_str.o)
    0x0801ba4e   0x0801ba4e   0x000000b2   Code   RO         3456    .text               c_w.l(_printf_intcommon.o)
    0x0801bb00   0x0801bb00   0x00000028   Code   RO         3458    .text               c_w.l(_printf_charcount.o)
    0x0801bb28   0x0801bb28   0x00000030   Code   RO         3460    .text               c_w.l(_printf_char_common.o)
    0x0801bb58   0x0801bb58   0x0000000a   Code   RO         3462    .text               c_w.l(_sputc.o)
    0x0801bb62   0x0801bb62   0x00000010   Code   RO         3464    .text               c_w.l(_snputc.o)
    0x0801bb72   0x0801bb72   0x00000002   PAD
    0x0801bb74   0x0801bb74   0x00000024   Code   RO         3466    .text               c_w.l(_printf_char_file.o)
    0x0801bb98   0x0801bb98   0x000000bc   Code   RO         3468    .text               c_w.l(_printf_wctomb.o)
    0x0801bc54   0x0801bc54   0x0000007c   Code   RO         3471    .text               c_w.l(_printf_longlong_dec.o)
    0x0801bcd0   0x0801bcd0   0x00000070   Code   RO         3477    .text               c_w.l(_printf_oct_int_ll.o)
    0x0801bd40   0x0801bd40   0x00000094   Code   RO         3497    .text               c_w.l(_printf_hex_int_ll_ptr.o)
    0x0801bdd4   0x0801bdd4   0x00000156   Code   RO         3522    .text               c_w.l(_scanf_longlong.o)
    0x0801bf2a   0x0801bf2a   0x0000014c   Code   RO         3524    .text               c_w.l(_scanf_int.o)
    0x0801c076   0x0801c076   0x000000e0   Code   RO         3526    .text               c_w.l(_scanf_str.o)
    0x0801c156   0x0801c156   0x00000002   PAD
    0x0801c158   0x0801c158   0x0000002c   Code   RO         3528    .text               c_w.l(scanf_char.o)
    0x0801c184   0x0801c184   0x00000040   Code   RO         3530    .text               c_w.l(_sgetc.o)
    0x0801c1c4   0x0801c1c4   0x00000114   Code   RO         3532    .text               c_w.l(_scanf_mbtowc.o)
    0x0801c2d8   0x0801c2d8   0x000000e8   Code   RO         3534    .text               c_w.l(_scanf_wctomb.o)
    0x0801c3c0   0x0801c3c0   0x000000d0   Code   RO         3536    .text               c_w.l(_scanf_wstr.o)
    0x0801c490   0x0801c490   0x0000007a   Code   RO         3541    .text               c_w.l(rt_memmove_w.o)
    0x0801c50a   0x0801c50a   0x00000002   PAD
    0x0801c50c   0x0801c50c   0x00000008   Code   RO         3603    .text               c_w.l(libspace.o)
    0x0801c514   0x0801c514   0x00000008   Code   RO         3624    .text               c_w.l(rt_errno_addr_intlibspace.o)
    0x0801c51c   0x0801c51c   0x0000008a   Code   RO         3626    .text               c_w.l(lludiv10.o)
    0x0801c5a6   0x0801c5a6   0x00000012   Code   RO         3628    .text               c_w.l(isspace.o)
    0x0801c5b8   0x0801c5b8   0x0000041e   Code   RO         3630    .text               c_w.l(_printf_fp_dec.o)
    0x0801c9d6   0x0801c9d6   0x00000002   PAD
    0x0801c9d8   0x0801c9d8   0x000002fc   Code   RO         3632    .text               c_w.l(_printf_fp_hex.o)
    0x0801ccd4   0x0801ccd4   0x0000002c   Code   RO         3637    .text               c_w.l(_printf_char.o)
    0x0801cd00   0x0801cd00   0x0000002c   Code   RO         3639    .text               c_w.l(_printf_wchar.o)
    0x0801cd2c   0x0801cd2c   0x0000001c   Code   RO         3641    .text               c_w.l(_chval.o)
    0x0801cd48   0x0801cd48   0x00000374   Code   RO         3643    .text               c_w.l(_scanf.o)
    0x0801d0bc   0x0801d0bc   0x000004f8   Code   RO         3645    .text               c_w.l(scanf_fp.o)
    0x0801d5b4   0x0801d5b4   0x0000001e   Code   RO         3647    .text               c_w.l(_scanf_wcharmap.o)
    0x0801d5d2   0x0801d5d2   0x00000008   Code   RO         3649    .text               c_w.l(ferror.o)
    0x0801d5da   0x0801d5da   0x0000003c   Code   RO         3653    .text               c_w.l(_mbrtowc.o)
    0x0801d616   0x0801d616   0x00000040   Code   RO         3655    .text               c_w.l(_wcrtomb.o)
    0x0801d656   0x0801d656   0x0000004a   Code   RO         3704    .text               c_w.l(sys_stackheap_outer.o)
    0x0801d6a0   0x0801d6a0   0x00000080   Code   RO         3706    .text               c_w.l(_printf_fp_infnan.o)
    0x0801d720   0x0801d720   0x000000e4   Code   RO         3708    .text               c_w.l(bigflt0.o)
    0x0801d804   0x0801d804   0x00000012   Code   RO         3736    .text               c_w.l(exit.o)
    0x0801d816   0x0801d816   0x00000002   PAD
    0x0801d818   0x0801d818   0x00000320   Code   RO         3770    .text               c_w.l(scanf_hexfp.o)
    0x0801db38   0x0801db38   0x00000134   Code   RO         3772    .text               c_w.l(scanf_infnan.o)
    0x0801dc6c   0x0801dc6c   0x00000026   Code   RO         3795    .text               c_w.l(llshl.o)
    0x0801dc92   0x0801dc92   0x0000003e   Code   RO         3711    CL$$btod_d2e        c_w.l(btod.o)
    0x0801dcd0   0x0801dcd0   0x00000046   Code   RO         3713    CL$$btod_d2e_denorm_low  c_w.l(btod.o)
    0x0801dd16   0x0801dd16   0x00000060   Code   RO         3712    CL$$btod_d2e_norm_op1  c_w.l(btod.o)
    0x0801dd76   0x0801dd76   0x00000338   Code   RO         3721    CL$$btod_div_common  c_w.l(btod.o)
    0x0801e0ae   0x0801e0ae   0x00000002   PAD
    0x0801e0b0   0x0801e0b0   0x00000084   Code   RO         3719    CL$$btod_e2d        c_w.l(btod.o)
    0x0801e134   0x0801e134   0x000000dc   Code   RO         3718    CL$$btod_e2e        c_w.l(btod.o)
    0x0801e210   0x0801e210   0x0000002a   Code   RO         3715    CL$$btod_ediv       c_w.l(btod.o)
    0x0801e23a   0x0801e23a   0x0000002a   Code   RO         3717    CL$$btod_edivd      c_w.l(btod.o)
    0x0801e264   0x0801e264   0x0000002a   Code   RO         3714    CL$$btod_emul       c_w.l(btod.o)
    0x0801e28e   0x0801e28e   0x0000002a   Code   RO         3716    CL$$btod_emuld      c_w.l(btod.o)
    0x0801e2b8   0x0801e2b8   0x00000244   Code   RO         3720    CL$$btod_mult_common  c_w.l(btod.o)
    0x0801e4fc   0x0801e4fc   0x00000028   Code   RO         3587    i.__ARM_fpclassify  m_ws.l(fpclassify.o)
    0x0801e524   0x0801e524   0x00000388   Code   RO         3592    i.__ieee754_rem_pio2  m_ws.l(rred.o)
    0x0801e8ac   0x0801e8ac   0x000000fc   Code   RO         3570    i.__kernel_cos      m_ws.l(cos_i.o)
    0x0801e9a8   0x0801e9a8   0x000000aa   Code   RO         3589    i.__kernel_poly     m_ws.l(poly.o)
    0x0801ea52   0x0801ea52   0x00000002   PAD
    0x0801ea54   0x0801ea54   0x000000ec   Code   RO         3597    i.__kernel_sin      m_ws.l(sin_i.o)
    0x0801eb40   0x0801eb40   0x00000010   Code   RO         3573    i.__mathlib_dbl_divzero  m_ws.l(dunder.o)
    0x0801eb50   0x0801eb50   0x00000006   Code   RO         3574    i.__mathlib_dbl_infnan  m_ws.l(dunder.o)
    0x0801eb56   0x0801eb56   0x00000004   Code   RO         3575    i.__mathlib_dbl_infnan2  m_ws.l(dunder.o)
    0x0801eb5a   0x0801eb5a   0x0000000c   Code   RO         3576    i.__mathlib_dbl_invalid  m_ws.l(dunder.o)
    0x0801eb66   0x0801eb66   0x0000000e   Code   RO         3577    i.__mathlib_dbl_overflow  m_ws.l(dunder.o)
    0x0801eb74   0x0801eb74   0x00000010   Code   RO         3579    i.__mathlib_dbl_underflow  m_ws.l(dunder.o)
    0x0801eb84   0x0801eb84   0x00000010   Code   RO         3762    i.__mathlib_narrow  m_ws.l(narrow.o)
    0x0801eb94   0x0801eb94   0x000000bc   Code   RO         3763    i.__mathlib_tofloat  m_ws.l(narrow.o)
    0x0801ec50   0x0801ec50   0x00000016   Code   RO         3802    i.__support_ldexp   m_ws.l(ldexp.o)
    0x0801ec66   0x0801ec66   0x0000000e   Code   RO         3276    i._is_digit         c_w.l(__printf_wp.o)
    0x0801ec74   0x0801ec74   0x0000009c   Code   RO         3403    i.cos               m_ws.l(cos.o)
    0x0801ed10   0x0801ed10   0x000000dc   Code   RO         3411    i.floor             m_ws.l(floor.o)
    0x0801edec   0x0801edec   0x00000058   Code   RO         3781    i.frexp             m_ws.l(frexp.o)
    0x0801ee44   0x0801ee44   0x00000074   Code   RO         3803    i.ldexp             m_ws.l(ldexp.o)
    0x0801eeb8   0x0801eeb8   0x000009d8   Code   RO         3415    i.pow               m_ws.l(pow.o)
    0x0801f890   0x0801f890   0x000000a0   Code   RO         3425    i.sin               m_ws.l(sin.o)
    0x0801f930   0x0801f930   0x0000004c   Code   RO         3433    i.sqrt              m_ws.l(sqrt.o)
    0x0801f97c   0x0801f97c   0x0000002c   Code   RO         3539    locale$$code        c_w.l(lc_ctype_c.o)
    0x0801f9a8   0x0801f9a8   0x0000002c   Code   RO         3734    locale$$code        c_w.l(lc_numeric_c.o)
    0x0801f9d4   0x0801f9d4   0x00000062   Code   RO         3332    x$fpl$d2f           fz_ws.l(d2f.o)
    0x0801fa36   0x0801fa36   0x00000002   PAD
    0x0801fa38   0x0801fa38   0x00000150   Code   RO         3334    x$fpl$dadd          fz_ws.l(daddsub_clz.o)
    0x0801fb88   0x0801fb88   0x00000010   Code   RO         3702    x$fpl$dcheck1       fz_ws.l(dcheck1.o)
    0x0801fb98   0x0801fb98   0x00000018   Code   RO         3543    x$fpl$dcmpinf       fz_ws.l(dcmpi.o)
    0x0801fbb0   0x0801fbb0   0x000002b0   Code   RO         3341    x$fpl$ddiv          fz_ws.l(ddiv.o)
    0x0801fe60   0x0801fe60   0x00000078   Code   RO         3344    x$fpl$deqf          fz_ws.l(deqf.o)
    0x0801fed8   0x0801fed8   0x0000005e   Code   RO         3346    x$fpl$dfix          fz_ws.l(dfix.o)
    0x0801ff36   0x0801ff36   0x00000002   PAD
    0x0801ff38   0x0801ff38   0x0000005a   Code   RO         3350    x$fpl$dfixu         fz_ws.l(dfixu.o)
    0x0801ff92   0x0801ff92   0x0000002e   Code   RO         3355    x$fpl$dflt          fz_ws.l(dflt_clz.o)
    0x0801ffc0   0x0801ffc0   0x00000026   Code   RO         3354    x$fpl$dfltu         fz_ws.l(dflt_clz.o)
    0x0801ffe6   0x0801ffe6   0x00000002   PAD
    0x0801ffe8   0x0801ffe8   0x00000078   Code   RO         3360    x$fpl$dleqf         fz_ws.l(dleqf.o)
    0x08020060   0x08020060   0x00000154   Code   RO         3362    x$fpl$dmul          fz_ws.l(dmul.o)
    0x080201b4   0x080201b4   0x0000009c   Code   RO         3545    x$fpl$dnaninf       fz_ws.l(dnaninf.o)
    0x08020250   0x08020250   0x0000000c   Code   RO         3547    x$fpl$dretinf       fz_ws.l(dretinf.o)
    0x0802025c   0x0802025c   0x0000006c   Code   RO         3364    x$fpl$drleqf        fz_ws.l(drleqf.o)
    0x080202c8   0x080202c8   0x00000016   Code   RO         3335    x$fpl$drsb          fz_ws.l(daddsub_clz.o)
    0x080202de   0x080202de   0x00000002   PAD
    0x080202e0   0x080202e0   0x000001cc   Code   RO         3549    x$fpl$dsqrt         fz_ws.l(dsqrt_noumaal.o)
    0x080204ac   0x080204ac   0x000001d4   Code   RO         3336    x$fpl$dsub          fz_ws.l(daddsub_clz.o)
    0x08020680   0x08020680   0x00000056   Code   RO         3366    x$fpl$f2d           fz_ws.l(f2d.o)
    0x080206d6   0x080206d6   0x00000002   PAD
    0x080206d8   0x080206d8   0x000000c4   Code   RO         3368    x$fpl$fadd          fz_ws.l(faddsub_clz.o)
    0x0802079c   0x0802079c   0x00000018   Code   RO         3551    x$fpl$fcmpinf       fz_ws.l(fcmpi.o)
    0x080207b4   0x080207b4   0x00000184   Code   RO         3375    x$fpl$fdiv          fz_ws.l(fdiv.o)
    0x08020938   0x08020938   0x00000068   Code   RO         3378    x$fpl$feqf          fz_ws.l(feqf.o)
    0x080209a0   0x080209a0   0x00000036   Code   RO         3380    x$fpl$ffix          fz_ws.l(ffix.o)
    0x080209d6   0x080209d6   0x00000002   PAD
    0x080209d8   0x080209d8   0x0000003e   Code   RO         3384    x$fpl$ffixu         fz_ws.l(ffixu.o)
    0x08020a16   0x08020a16   0x00000002   PAD
    0x08020a18   0x08020a18   0x00000030   Code   RO         3389    x$fpl$fflt          fz_ws.l(fflt_clz.o)
    0x08020a48   0x08020a48   0x00000060   Code   RO         3394    x$fpl$ffltll        fz_ws.l(ffltll_clz.o)
    0x08020aa8   0x08020aa8   0x00000026   Code   RO         3388    x$fpl$ffltu         fz_ws.l(fflt_clz.o)
    0x08020ace   0x08020ace   0x00000002   PAD
    0x08020ad0   0x08020ad0   0x00000068   Code   RO         3396    x$fpl$fleqf         fz_ws.l(fleqf.o)
    0x08020b38   0x08020b38   0x00000102   Code   RO         3398    x$fpl$fmul          fz_ws.l(fmul.o)
    0x08020c3a   0x08020c3a   0x0000008c   Code   RO         3553    x$fpl$fnaninf       fz_ws.l(fnaninf.o)
    0x08020cc6   0x08020cc6   0x0000000a   Code   RO         3555    x$fpl$fretinf       fz_ws.l(fretinf.o)
    0x08020cd0   0x08020cd0   0x00000062   Code   RO         3400    x$fpl$frleqf        fz_ws.l(frleqf.o)
    0x08020d32   0x08020d32   0x00000014   Code   RO         3369    x$fpl$frsb          fz_ws.l(faddsub_clz.o)
    0x08020d46   0x08020d46   0x00000002   PAD
    0x08020d48   0x08020d48   0x000000ea   Code   RO         3370    x$fpl$fsub          fz_ws.l(faddsub_clz.o)
    0x08020e32   0x08020e32   0x00000006   Code   RO         3752    x$fpl$ieeestatus    fz_ws.l(istatus.o)
    0x08020e38   0x08020e38   0x00000004   Code   RO         3557    x$fpl$printf1       fz_ws.l(printf1.o)
    0x08020e3c   0x08020e3c   0x00000004   Code   RO         3559    x$fpl$printf2       fz_ws.l(printf2.o)
    0x08020e40   0x08020e40   0x00000064   Code   RO         3754    x$fpl$retnan        fz_ws.l(retnan.o)
    0x08020ea4   0x08020ea4   0x0000005c   Code   RO         3565    x$fpl$scalbn        fz_ws.l(scalbn.o)
    0x08020f00   0x08020f00   0x00000004   Code   RO         3567    x$fpl$scanf1        fz_ws.l(scanf1.o)
    0x08020f04   0x08020f04   0x00000008   Code   RO         3756    x$fpl$scanf2        fz_ws.l(scanf2.o)
    0x08020f0c   0x08020f0c   0x00000030   Code   RO         3778    x$fpl$trapveneer    fz_ws.l(trapv.o)
    0x08020f3c   0x08020f3c   0x00000000   Code   RO         3569    x$fpl$usenofp       fz_ws.l(usenofp.o)
    0x08020f3c   0x08020f3c   0x00000018   Data   RO          513    .constdata          rtc.o
    0x08020f54   0x08020f54   0x00000948   Data   RO          570    .constdata          gui.o
    0x0802189c   0x0802189c   0x00000025   Data   RO          605    .constdata          array.o
    0x080218c1   0x080218c1   0x00000003   PAD
    0x080218c4   0x080218c4   0x00000044   Data   RO          652    .constdata          bitmap.o
    0x08021908   0x08021908   0x00000076   Data   RO          692    .constdata          button_1.o
    0x0802197e   0x0802197e   0x00000002   PAD
    0x08021980   0x08021980   0x000000fe   Data   RO          837    .constdata          check_button.o
    0x08021a7e   0x08021a7e   0x00000002   PAD
    0x08021a80   0x08021a80   0x00000076   Data   RO          874    .constdata          dialog.o
    0x08021af6   0x08021af6   0x0000001a   Data   RO          932    .constdata          emitter.o
    0x08021b10   0x08021b10   0x000004e0   Data   RO          954    .constdata          enums.o
    0x08021ff0   0x08021ff0   0x00000014   Data   RO          993    .constdata          font_manager.o
    0x08022004   0x08022004   0x00000079   Data   RO         1008    .constdata          group_box.o
    0x0802207d   0x0802207d   0x00000003   PAD
    0x08022080   0x08022080   0x00000075   Data   RO         1026    .constdata          image.o
    0x080220f5   0x080220f5   0x00000027   Data   RO         1048    .constdata          image_manager.o
    0x0802211c   0x0802211c   0x00000075   Data   RO         1069    .constdata          label.o
    0x08022191   0x08022191   0x00000003   PAD
    0x08022194   0x08022194   0x0000007c   Data   RO         1127    .constdata          progress_bar.o
    0x08022210   0x08022210   0x0000000d   Data   RO         1158    .constdata          theme.o
    0x0802221d   0x0802221d   0x00000003   PAD
    0x08022220   0x08022220   0x00000104   Data   RO         1173    .constdata          utf8.o
    0x08022324   0x08022324   0x0000000d   Data   RO         1188    .constdata          value.o
    0x08022331   0x08022331   0x0000000d   Data   RO         1204    .constdata          widget.o
    0x0802233e   0x0802233e   0x00000002   PAD
    0x08022340   0x08022340   0x00000068   Data   RO         1301    .constdata          widget_vtable.o
    0x080223a8   0x080223a8   0x00000076   Data   RO         1315    .constdata          window.o
    0x0802241e   0x0802241e   0x00000002   PAD
    0x08022420   0x08022420   0x0000007e   Data   RO         1334    .constdata          window_manager.o
    0x0802249e   0x0802249e   0x00000014   Data   RO         1362    .constdata          wstr.o
    0x080224b2   0x080224b2   0x00000017   Data   RO         1375    .constdata          utils.o
    0x080224c9   0x080224c9   0x00000027   Data   RO         1415    .constdata          timer.o
    0x080224f0   0x080224f0   0x00000032   Data   RO         1430    .constdata          layout.o
    0x08022522   0x08022522   0x00000013   Data   RO         1446    .constdata          event_queue.o
    0x08022535   0x08022535   0x00000003   PAD
    0x08022538   0x08022538   0x00000076   Data   RO         1468    .constdata          slider.o
    0x080225ae   0x080225ae   0x00000025   Data   RO         1511    .constdata          idle.o
    0x080225d3   0x080225d3   0x00000017   Data   RO         1552    .constdata          str.o
    0x080225ea   0x080225ea   0x00000002   PAD
    0x080225ec   0x080225ec   0x00000075   Data   RO         1584    .constdata          pages.o
    0x08022661   0x08022661   0x00000003   PAD
    0x08022664   0x08022664   0x00000077   Data   RO         1603    .constdata          edit.o
    0x080226db   0x080226db   0x00000001   PAD
    0x080226dc   0x080226dc   0x00000074   Data   RO         1629    .constdata          view.o
    0x08022750   0x08022750   0x000004ae   Data   RO         1662    .constdata          widget_factory.o
    0x08022bfe   0x08022bfe   0x00000002   PAD
    0x08022c00   0x08022c00   0x00000068   Data   RO         1902    .constdata          spin_box.o
    0x08022c68   0x08022c68   0x00000077   Data   RO         1921    .constdata          dragger.o
    0x08022cdf   0x08022cdf   0x00000001   PAD
    0x08022ce0   0x08022ce0   0x0000007d   Data   RO         1940    .constdata          dialog_client.o
    0x08022d5d   0x08022d5d   0x00000003   PAD
    0x08022d60   0x08022d60   0x0000007c   Data   RO         1955    .constdata          dialog_title.o
    0x08022ddc   0x08022ddc   0x00000028   Data   RO         1970    .constdata          custom_props.o
    0x08022e04   0x08022e04   0x00000019   Data   RO         2022    .constdata          input_method_creator.o
    0x08022e1d   0x08022e1d   0x00000003   PAD
    0x08022e20   0x08022e20   0x0000007c   Data   RO         2038    .constdata          button_group.o
    0x08022e9c   0x08022e9c   0x00000096   Data   RO         2074    .constdata          combo_box.o
    0x08022f32   0x08022f32   0x00000002   PAD
    0x08022f34   0x08022f34   0x0000007e   Data   RO         2100    .constdata          combo_box_item.o
    0x08022fb2   0x08022fb2   0x00000002   PAD
    0x08022fb4   0x08022fb4   0x00000060   Data   RO         2115    .constdata          easing.o
    0x08023014   0x08023014   0x0000000a   Data   RO         2129    .constdata          fs.o
    0x0802301e   0x0802301e   0x00000002   PAD
    0x08023020   0x08023020   0x00000075   Data   RO         2188    .constdata          popup.o
    0x08023095   0x08023095   0x00000003   PAD
    0x08023098   0x08023098   0x0000007a   Data   RO         2233    .constdata          tab_button.o
    0x08023112   0x08023112   0x00000002   PAD
    0x08023114   0x08023114   0x00000080   Data   RO         2252    .constdata          tab_button_group.o
    0x08023194   0x08023194   0x0000007b   Data   RO         2270    .constdata          tab_control.o
    0x0802320f   0x0802320f   0x00000001   PAD
    0x08023210   0x08023210   0x00000004   Data   RO         2482    .constdata          ui_loader_default.o
    0x08023214   0x08023214   0x0000007a   Data   RO         2590    .constdata          color_tile.o
    0x0802328e   0x0802328e   0x00000016   Data   RO         2612    .constdata          assets_manager.o
    0x080232a4   0x080232a4   0x00000013   Data   RO         2627    .constdata          locale_info.o
    0x080232b7   0x080232b7   0x00000001   PAD
    0x080232b8   0x080232b8   0x00000077   Data   RO         2663    .constdata          app_bar.o
    0x0802332f   0x0802332f   0x00000001   PAD
    0x08023330   0x08023330   0x00000076   Data   RO         2681    .constdata          column.o
    0x080233a6   0x080233a6   0x00000002   PAD
    0x080233a8   0x080233a8   0x00000074   Data   RO         2699    .constdata          grid.o
    0x0802341c   0x0802341c   0x00000073   Data   RO         2717    .constdata          row.o
    0x0802348f   0x0802348f   0x00000001   PAD
    0x08023490   0x08023490   0x0000007f   Data   RO         2735    .constdata          calibration_win.o
    0x0802350f   0x0802350f   0x00000013   Data   RO         2753    .constdata          font_loader_bitmap.o
    0x08023522   0x08023522   0x00000002   PAD
    0x08023524   0x08023524   0x0000002b   Data   RO         2830    .constdata          style_const.o
    0x0802354f   0x0802354f   0x0000001f   Data   RO         2864    .constdata          widget_animator_manager.o
    0x0802356e   0x0802356e   0x00000002   PAD
    0x08023570   0x08023570   0x0000002a   Data   RO         2879    .constdata          clip_board_default.o
    0x0802359a   0x0802359a   0x00000002   PAD
    0x0802359c   0x0802359c   0x00000079   Data   RO         2922    .constdata          grid_item.o
    0x08023615   0x08023615   0x00000026   Data   RO         2940    .constdata          input_device_status.o
    0x0802363b   0x0802363b   0x00000001   PAD
    0x0802363c   0x0802363c   0x0000007a   Data   RO         2954    .constdata          system_bar.o
    0x080236b6   0x080236b6   0x0000000f   Data   RO         2973    .constdata          lcd_stm32_raw.o
    0x080236c5   0x080236c5   0x0001e2b3   Data   RO         3199    .constdata          assets-mini.o
    0x08041978   0x08041978   0x00000011   Data   RO         3284    .constdata          c_w.l(__printf_flags_ss_wp.o)
    0x08041989   0x08041989   0x00000007   PAD
    0x08041990   0x08041990   0x00000088   Data   RO         3416    .constdata          m_ws.l(pow.o)
    0x08041a18   0x08041a18   0x00000008   Data   RO         3469    .constdata          c_w.l(_printf_wctomb.o)
    0x08041a20   0x08041a20   0x00000028   Data   RO         3498    .constdata          c_w.l(_printf_hex_int_ll_ptr.o)
    0x08041a48   0x08041a48   0x00000030   Data   RO         3571    .constdata          m_ws.l(cos_i.o)
    0x08041a78   0x08041a78   0x00000008   Data   RO         3591    .constdata          m_ws.l(qnan.o)
    0x08041a80   0x08041a80   0x000000c8   Data   RO         3594    .constdata          m_ws.l(rred.o)
    0x08041b48   0x08041b48   0x00000028   Data   RO         3598    .constdata          m_ws.l(sin_i.o)
    0x08041b70   0x08041b70   0x00000026   Data   RO         3633    .constdata          c_w.l(_printf_fp_hex.o)
    0x08041b96   0x08041b96   0x00000002   PAD
    0x08041b98   0x08041b98   0x00000094   Data   RO         3709    .constdata          c_w.l(bigflt0.o)
    0x08041c2c   0x08041c2c   0x0000000f   Data   RO          693    .conststring        button_1.o
    0x08041c3b   0x08041c3b   0x00000001   PAD
    0x08041c3c   0x08041c3c   0x00000025   Data   RO          838    .conststring        check_button.o
    0x08041c61   0x08041c61   0x00000003   PAD
    0x08041c64   0x08041c64   0x00000043   Data   RO          875    .conststring        dialog.o
    0x08041ca7   0x08041ca7   0x00000001   PAD
    0x08041ca8   0x08041ca8   0x0000046e   Data   RO          955    .conststring        enums.o
    0x08042116   0x08042116   0x00000002   PAD
    0x08042118   0x08042118   0x0000000a   Data   RO         1009    .conststring        group_box.o
    0x08042122   0x08042122   0x00000002   PAD
    0x08042124   0x08042124   0x00000055   Data   RO         1027    .conststring        image.o
    0x08042179   0x08042179   0x00000003   PAD
    0x0804217c   0x0804217c   0x00000006   Data   RO         1070    .conststring        label.o
    0x08042182   0x08042182   0x00000002   PAD
    0x08042184   0x08042184   0x00000026   Data   RO         1128    .conststring        progress_bar.o
    0x080421aa   0x080421aa   0x00000002   PAD
    0x080421ac   0x080421ac   0x00000007   Data   RO         1316    .conststring        window.o
    0x080421b3   0x080421b3   0x00000001   PAD
    0x080421b4   0x080421b4   0x0000000f   Data   RO         1335    .conststring        window_manager.o
    0x080421c3   0x080421c3   0x00000001   PAD
    0x080421c4   0x080421c4   0x00000018   Data   RO         1469    .conststring        slider.o
    0x080421dc   0x080421dc   0x00000006   Data   RO         1585    .conststring        pages.o
    0x080421e2   0x080421e2   0x00000002   PAD
    0x080421e4   0x080421e4   0x0000007d   Data   RO         1604    .conststring        edit.o
    0x08042261   0x08042261   0x00000003   PAD
    0x08042264   0x08042264   0x00000005   Data   RO         1630    .conststring        view.o
    0x08042269   0x08042269   0x00000003   PAD
    0x0804226c   0x0804226c   0x00000009   Data   RO         1903    .conststring        spin_box.o
    0x08042275   0x08042275   0x00000003   PAD
    0x08042278   0x08042278   0x00000026   Data   RO         1922    .conststring        dragger.o
    0x0804229e   0x0804229e   0x00000002   PAD
    0x080422a0   0x080422a0   0x0000000e   Data   RO         1941    .conststring        dialog_client.o
    0x080422ae   0x080422ae   0x00000002   PAD
    0x080422b0   0x080422b0   0x0000000d   Data   RO         1956    .conststring        dialog_title.o
    0x080422bd   0x080422bd   0x00000003   PAD
    0x080422c0   0x080422c0   0x00000a61   Data   RO         2056    .conststring        color_parser.o
    0x08042d21   0x08042d21   0x00000003   PAD
    0x08042d24   0x08042d24   0x00000026   Data   RO         2075    .conststring        combo_box.o
    0x08042d4a   0x08042d4a   0x00000002   PAD
    0x08042d4c   0x08042d4c   0x0000000f   Data   RO         2101    .conststring        combo_box_item.o
    0x08042d5b   0x08042d5b   0x00000001   PAD
    0x08042d5c   0x08042d5c   0x00000036   Data   RO         2189    .conststring        popup.o
    0x08042d92   0x08042d92   0x00000002   PAD
    0x08042d94   0x08042d94   0x0000000b   Data   RO         2234    .conststring        tab_button.o
    0x08042d9f   0x08042d9f   0x00000001   PAD
    0x08042da0   0x08042da0   0x00000011   Data   RO         2253    .conststring        tab_button_group.o
    0x08042db1   0x08042db1   0x00000003   PAD
    0x08042db4   0x08042db4   0x0000000c   Data   RO         2271    .conststring        tab_control.o
    0x08042dc0   0x08042dc0   0x0000000b   Data   RO         2591    .conststring        color_tile.o
    0x08042dcb   0x08042dcb   0x00000001   PAD
    0x08042dcc   0x08042dcc   0x00000008   Data   RO         2664    .conststring        app_bar.o
    0x08042dd4   0x08042dd4   0x00000007   Data   RO         2682    .conststring        column.o
    0x08042ddb   0x08042ddb   0x00000001   PAD
    0x08042ddc   0x08042ddc   0x00000004   Data   RO         2700    .conststring        grid.o
    0x08042de0   0x08042de0   0x00000010   Data   RO         2736    .conststring        calibration_win.o
    0x08042df0   0x08042df0   0x0000000b   Data   RO         2955    .conststring        system_bar.o
    0x08042dfb   0x08042dfb   0x00000001   PAD
    0x08042dfc   0x08042dfc   0x00000020   Data   RO         3863    Region$$Table       anon$$obj.o
    0x08042e1c   0x08042e1c   0x00000008   Data   RO         3746    c$$dinf             fz_ws.l(fpconst.o)
    0x08042e24   0x08042e24   0x00000008   Data   RO         3749    c$$dmax             fz_ws.l(fpconst.o)
    0x08042e2c   0x08042e2c   0x00000110   Data   RO         3538    locale$$data        c_w.l(lc_ctype_c.o)
    0x08042f3c   0x08042f3c   0x0000001c   Data   RO         3733    locale$$data        c_w.l(lc_numeric_c.o)


    Execution Region RW_IRAM1 (Exec base: 0x20000000, Load base: 0x08042f58, Size: 0x00003e78, Max: 0x00010000, ABSOLUTE, COMPRESSED[0x000003f4])

    Exec Addr    Load Addr    Size         Type   Attr      Idx    E Section Name        Object

    0x20000000   COMPRESSED   0x00000014   Data   RW          105    .data               system_stm32f10x.o
    0x20000014   COMPRESSED   0x00000006   Data   RW          218    .data               usart.o
    0x2000001a   COMPRESSED   0x00000014   Data   RW          282    .data               stm32f10x_rcc.o
    0x2000002e   COMPRESSED   0x00000001   Data   RW          452    .data               led.o
    0x2000002f   COMPRESSED   0x00000001   Data   RW          480    .data               button.o
    0x20000030   COMPRESSED   0x00000004   Data   RW          493    .data               tim.o
    0x20000034   COMPRESSED   0x0000000a   Data   RW          514    .data               rtc.o
    0x2000003e   COMPRESSED   0x00000008   Data   RW          537    .data               touch.o
    0x20000046   COMPRESSED   0x00000002   PAD
    0x20000048   COMPRESSED   0x00000008   Data   RW          694    .data               button_1.o
    0x20000050   COMPRESSED   0x00000008   Data   RW          839    .data               check_button.o
    0x20000058   COMPRESSED   0x00000018   Data   RW          876    .data               dialog.o
    0x20000070   COMPRESSED   0x00000004   Data   RW          994    .data               font_manager.o
    0x20000074   COMPRESSED   0x00000028   Data   RW         1028    .data               image.o
    0x2000009c   COMPRESSED   0x00000004   Data   RW         1049    .data               image_manager.o
    0x200000a0   COMPRESSED   0x00000004   Data   RW         1096    .data               main_loop.o
    0x200000a4   COMPRESSED   0x00000010   Data   RW         1129    .data               progress_bar.o
    0x200000b4   COMPRESSED   0x00000004   Data   RW         1159    .data               theme.o
    0x200000b8   COMPRESSED   0x00000018   Data   RW         1317    .data               window.o
    0x200000d0   COMPRESSED   0x00000004   Data   RW         1336    .data               window_manager.o
    0x200000d4   COMPRESSED   0x00000004   Data   RW         1416    .data               timer.o
    0x200000d8   COMPRESSED   0x00000018   Data   RW         1470    .data               slider.o
    0x200000f0   COMPRESSED   0x00000004   Data   RW         1512    .data               idle.o
    0x200000f4   COMPRESSED   0x00000008   Data   RW         1586    .data               pages.o
    0x200000fc   COMPRESSED   0x00000038   Data   RW         1605    .data               edit.o
    0x20000134   COMPRESSED   0x00000004   Data   RW         1663    .data               widget_factory.o
    0x20000138   COMPRESSED   0x00000004   Data   RW         1860    .data               input_method.o
    0x2000013c   COMPRESSED   0x00000014   Data   RW         1923    .data               dragger.o
    0x20000150   COMPRESSED   0x00000460   Data   RW         2057    .data               color_parser.o
    0x200005b0   COMPRESSED   0x0000003c   Data   RW         2076    .data               combo_box.o
    0x200005ec   COMPRESSED   0x00000020   Data   RW         2190    .data               popup.o
    0x2000060c   COMPRESSED   0x00000008   Data   RW         2235    .data               tab_button.o
    0x20000614   COMPRESSED   0x0000000c   Data   RW         2592    .data               color_tile.o
    0x20000620   COMPRESSED   0x00000004   Data   RW         2613    .data               assets_manager.o
    0x20000624   COMPRESSED   0x00000004   Data   RW         2628    .data               locale_info.o
    0x20000628   COMPRESSED   0x00000008   Data   RW         2754    .data               font_loader_bitmap.o
    0x20000630   COMPRESSED   0x00000004   Data   RW         2847    .data               style_factory.o
    0x20000634   COMPRESSED   0x00000004   Data   RW         2865    .data               widget_animator_manager.o
    0x20000638   COMPRESSED   0x00000004   Data   RW         2896    .data               clip_board.o
    0x2000063c   COMPRESSED   0x0000000c   Data   RW         2956    .data               system_bar.o
    0x20000648   COMPRESSED   0x00000004   Data   RW         3120    .data               mutex_null.o
    0x2000064c   COMPRESSED   0x00000004   Data   RW         3137    .data               sys_tick.o
    0x20000650        -       0x000000c8   Zero   RW          217    .bss                usart.o
    0x20000718        -       0x0000000a   Zero   RW          512    .bss                rtc.o
    0x20000722   COMPRESSED   0x00000002   PAD
    0x20000724        -       0x0000000c   Zero   RW          536    .bss                touch.o
    0x20000730        -       0x00001000   Zero   RW          591    .bss                flash.o
    0x20001730        -       0x00000014   Zero   RW         1113    .bss                mem.o
    0x20001744        -       0x0000001c   Zero   RW         1526    .bss                system_info.o
    0x20001760        -       0x00000090   Zero   RW         1565    .bss                main_loop_simple.o
    0x200017f0        -       0x00000024   Zero   RW         2450    .bss                ui_builder_default.o
    0x20001814        -       0x00002000   Zero   RW         3106    .bss                platform.o
    0x20003814        -       0x00000060   Zero   RW         3604    .bss                c_w.l(libspace.o)
    0x20003874   COMPRESSED   0x00000004   PAD
    0x20003878        -       0x00000200   Zero   RW          251    HEAP                startup_stm32f10x_hd.o
    0x20003a78        -       0x00000400   Zero   RW          250    STACK               startup_stm32f10x_hd.o


==============================================================================

Image component sizes


      Code (inc. data)   RO Data    RW Data    ZI Data      Debug   Object Name

        92         10        127          0          0       2042   app_bar.o
       656         14         37          0          0      14903   array.o
       412        132     123571          0          0      12083   assets-mini.o
       612         16         22          4          0       6090   assets_manager.o
       812         18          0          0          0       5855   awtk.o
      1410         38         68          0          0      12204   bitmap.o
       848          0          0          0          0       7168   buffer.o
       256         12          0          1          0        850   button.o
       636         30        133          8          0      40690   button_1.o
       112         10        124          0          0       2424   button_group.o
       688         14        143          0          0       5034   calibration_win.o
     10536         60          0          0          0      43966   canvas.o
       832         52        291          8          0       5917   check_button.o
       260          8          0          4          0       3016   clip_board.o
       160         14         42          0          0       3588   clip_board_default.o
        84         18          0          0          0        899   color.o
       652        102       2657       1120          0       3637   color_parser.o
       564         52        133         12          0       4413   color_tile.o
        92         10        125          0          0       2024   column.o
      1936        164        188         60          0      11426   combo_box.o
       788         50        141          0          0       4576   combo_box_item.o
         0          0          0          0          0         32   core_cm3.o
       564         10         40          0          0       4837   custom_props.o
      1420        256          0          0          0       3839   demo1_app.o
        38          0          0          0          0        604   demo_main.o
       552         74        185         24          0      13230   dialog.o
       136         16        139          0          0       2038   dialog_client.o
       128         16        137          0          0       2076   dialog_title.o
       904         52        157         20          0       4928   dragger.o
      2404        128         96          0          0       6321   easing.o
      6672        220        244         56          0      23987   edit.o
       704          8         26          0          0       9005   emitter.o
       348         36       2382          0          0       8275   enums.o
       336          4         19          0          0       4472   event_queue.o
       244          0          0          0          0       2926   events.o
       924         12          0          0       4096       3305   flash.o
       120          0          0          0          0       1536   font.o
        44          0          0          0          0       1087   font_loader.o
       392         28         19          8          0       4097   font_loader_bitmap.o
       440         18         20          4          0       4528   font_manager.o
       908         14         10          0          0       8207   fs.o
         4          0          0          0          0        464   fs_os.o
        92         10        120          0          0       1996   grid.o
        92         10        121          0          0       2078   grid_item.o
       112         10        131          0          0       2314   group_box.o
      1072         12       2376          0          0       5635   gui.o
       748         12         37          4          0       6794   idle.o
       544         22        202         40          0       4502   image.o
      1488        102          0          0          0       6370   image_base.o
        34          0          0          0          0       1016   image_loader.o
       760         22         39          4          0       7118   image_manager.o
       760          6         38          0          0       2990   input_device_status.o
       126          0          0          0          0       1042   input_engine.o
         0          0          0          0          0        640   input_engine_null.o
       568         10          0          4          0       5125   input_method.o
       104         12         25          0          0       1687   input_method_creator.o
        72         10        123          0          0       1447   label.o
      2466         48         50          0          0       8017   layout.o
      1076          0          0          0          0       9341   lcd.o
       696         18          0          0          0       2092   lcd_driver.o
      1708         42         15          0          0      16293   lcd_stm32_raw.o
       164         10          0          1          0        739   led.o
       588         26         19          4          0       8115   locale_info.o
        68          0          0          0          0     205271   main.o
       300          4          0          4          0       3368   main_loop.o
       680         12          0          0        144       4953   main_loop_simple.o
       216         16          0          0          0      32825   main_loop_stm32_raw.o
       756          4          0          0         20       5735   mem.o
       220         22          0          0          0       1825   misc.o
        28          6          0          4          0       1993   mutex_null.o
       548         26        123          8          0       4544   pages.o
       836          6          0          0          0       4938   path.o
       100         12          0          0       8192       1236   platform.o
       504         56        171         32          0       3130   popup.o
      1280         40        162         16          0       5572   progress_bar.o
       576          0          0          0          0       3005   rect.o
        92         10        115          0          0       1974   row.o
      1120         66         24         10         10       4387   rtc.o
      2272         56        142         24          0       7819   slider.o
       476         16          0          0          0       1828   spi.o
       344         70        113          0          0       2321   spin_box.o
        64         26        304          0       1536        812   startup_stm32f10x_hd.o
       196          8          0          0          0       3520   stm32f10x_bkp.o
      1548         18          0          0          0       5399   stm32f10x_fsmc.o
       860         38          0          0          0       5757   stm32f10x_gpio.o
        24          0          0          0          0      64030   stm32f10x_it.o
       204         14          0          0          0       1967   stm32f10x_pwr.o
       932         36          0         20          0       8944   stm32f10x_rcc.o
       328          4          0          0          0       2734   stm32f10x_rtc.o
       780         14          0          0          0       6638   stm32f10x_spi.o
      3610         88          0          0          0      22864   stm32f10x_tim.o
      1032         22          0          0          0       8480   stm32f10x_usart.o
      2024         62         23          0          0      11044   str.o
       212          0          0          0          0       3865   style.o
       404         66         43          0          0       4052   style_const.o
        52          6          0          4          0       2113   style_factory.o
        76          6          0          4          0       1761   sys_tick.o
       340         46        133         12          0       3516   system_bar.o
        76         24          0          0         28       1427   system_info.o
       480         38          0         20          0       1775   system_stm32f10x.o
      1132         72        133          8          0       6340   tab_button.o
       984         40        145          0          0       6308   tab_button_group.o
       112         10        135          0          0       2358   tab_control.o
       560         18         13          4          0       4285   theme.o
       572         24          0          4          0       1965   tim.o
        24          0          0          0          0        625   time_now.o
       992         12         39          4          0       8053   timer.o
       390          0          0          0          0       3276   tokenizer.o
      1088         38          0          8         12       4326   touch.o
       162          0          0          0          0       2952   ui_builder.o
       356         32          0          0         36       3293   ui_builder_default.o
        48          0          0          0          0       1177   ui_loader.o
       284         10          4          0          0       1943   ui_loader_default.o
       296         16          0          6        200       3210   usart.o
       772          4        260          0          0       5513   utf8.o
      2128         50         23          0          0      14125   utils.o
      1684         76         13          0          0      10356   value.o
      2104         12          0          0          0      17298   vgcanvas.o
        92         10        121          0          0       1996   view.o
      9632        232         13          0          0      71473   widget.o
      1000          4          0          0          0       6266   widget_animator.o
         6          0          0          0          0       1013   widget_animator_factory_null.o
       828         14         31          4          0       7664   widget_animator_manager.o
         0          0          0          0          0       1124   widget_animator_move.o
       448         16       1198          4          0      30612   widget_factory.o
       704          6        104          0          0       6120   widget_vtable.o
        80          8        125         24          0       2080   window.o
       312          0          0          0          0       1965   window_animator.o
        16          0          0          0          0       1483   window_animator_null.o
      1394        162          0          0          0       4677   window_base.o
      3468        126        141          4          0      21160   window_manager.o
       156          4          0          0          0       2160   window_open.o
      1744         28         20          0          0      10062   wstr.o

    ----------------------------------------------------------------------
    110234       4060     138588       1616      14276    1122630   Object Totals
         0          0         32          0          0          0   (incl. Generated)
        18          0        113          2          2          0   (incl. Padding)

    ----------------------------------------------------------------------

      Code (inc. data)   RO Data    RW Data    ZI Data      Debug   Library Member Name

        24          4          0          0          0         84   __2printf.o
       100          0          0          0          0          0   __dclz77c.o
         8          0          0          0          0         68   __main.o
       392          4         17          0          0         92   __printf_flags_ss_wp.o
        14          0          0          0          0         68   __printf_wp.o
         0          0          0          0          0          0   __rtentry.o
        12          0          0          0          0          0   __rtentry2.o
         6          0          0          0          0          0   __rtentry4.o
        52          8          0          0          0          0   __scatter.o
        28          0          0          0          0          0   __scatter_zi.o
        28          0          0          0          0         68   _chval.o
        60          0          0          0          0         92   _mbrtowc.o
         6          0          0          0          0          0   _printf_a.o
         6          0          0          0          0          0   _printf_c.o
        44          0          0          0          0        108   _printf_char.o
        48          6          0          0          0         96   _printf_char_common.o
        36          4          0          0          0         80   _printf_char_file.o
        40          0          0          0          0         68   _printf_charcount.o
         6          0          0          0          0          0   _printf_d.o
       120         16          0          0          0         92   _printf_dec.o
         6          0          0          0          0          0   _printf_e.o
         6          0          0          0          0          0   _printf_f.o
      1054          0          0          0          0        216   _printf_fp_dec.o
       764          8         38          0          0        100   _printf_fp_hex.o
       128         16          0          0          0         84   _printf_fp_infnan.o
         6          0          0          0          0          0   _printf_g.o
       148          4         40          0          0        160   _printf_hex_int_ll_ptr.o
         6          0          0          0          0          0   _printf_i.o
       178          0          0          0          0         88   _printf_intcommon.o
        10          0          0          0          0          0   _printf_l.o
         6          0          0          0          0          0   _printf_lc.o
        10          0          0          0          0          0   _printf_ll.o
         6          0          0          0          0          0   _printf_lld.o
         6          0          0          0          0          0   _printf_lli.o
         6          0          0          0          0          0   _printf_llo.o
         6          0          0          0          0          0   _printf_llu.o
         6          0          0          0          0          0   _printf_llx.o
       124         16          0          0          0         92   _printf_longlong_dec.o
         6          0          0          0          0          0   _printf_ls.o
         6          0          0          0          0          0   _printf_n.o
         6          0          0          0          0          0   _printf_o.o
       112         10          0          0          0        124   _printf_oct_int_ll.o
         6          0          0          0          0          0   _printf_p.o
        78          0          0          0          0        108   _printf_pad.o
         0          0          0          0          0          0   _printf_percent.o
         4          0          0          0          0          0   _printf_percent_end.o
         6          0          0          0          0          0   _printf_s.o
        82          0          0          0          0         80   _printf_str.o
        36          0          0          0          0         84   _printf_truncate.o
         6          0          0          0          0          0   _printf_u.o
        44          0          0          0          0        108   _printf_wchar.o
       188          6          8          0          0         92   _printf_wctomb.o
         6          0          0          0          0          0   _printf_x.o
        22          0          0          0          0        100   _rserrno.o
       884          6          0          0          0        100   _scanf.o
       332          0          0          0          0         96   _scanf_int.o
       342          0          0          0          0        100   _scanf_longlong.o
       276          0          0          0          0        100   _scanf_mbtowc.o
       224          0          0          0          0         96   _scanf_str.o
        30          0          0          0          0         76   _scanf_wcharmap.o
       232          0          0          0          0        100   _scanf_wctomb.o
       208          0          0          0          0         96   _scanf_wstr.o
        64          0          0          0          0         84   _sgetc.o
        16          0          0          0          0         68   _snputc.o
        10          0          0          0          0         68   _sputc.o
        64          0          0          0          0         92   _wcrtomb.o
       228          4        148          0          0         96   bigflt0.o
        80          0          0          0          0         88   bsearchnoex.o
      2152        136          0          0          0        960   btod.o
        18          0          0          0          0         80   exit.o
         8          0          0          0          0         68   ferror.o
         6          0          0          0          0        152   heapauxi.o
        18          0          0          0          0         76   isspace.o
        44         10        272          0          0         76   lc_ctype_c.o
        44         10         28          0          0         76   lc_numeric_c.o
         2          0          0          0          0          0   libinit.o
        30          0          0          0          0          0   libinit2.o
         2          0          0          0          0          0   libshutdown.o
         2          0          0          0          0          0   libshutdown2.o
         8          4          0          0         96         68   libspace.o
        38          0          0          0          0         68   llshl.o
       138          0          0          0          0         80   lludiv10.o
        88          0          0          0          0         76   memcmp.o
        16          4          0          0          0         76   rt_ctype_table.o
         8          4          0          0          0         68   rt_errno_addr_intlibspace.o
         8          4          0          0          0         68   rt_locale_intlibspace.o
        68          0          0          0          0         68   rt_memclr.o
        78          0          0          0          0         80   rt_memclr_w.o
       138          0          0          0          0         68   rt_memcpy_v6.o
       100          0          0          0          0         80   rt_memcpy_w.o
       132          0          0          0          0         68   rt_memmove_v6.o
       122          0          0          0          0         80   rt_memmove_w.o
         2          0          0          0          0          0   rtexit.o
        10          0          0          0          0          0   rtexit2.o
        44          8          0          0          0         84   scanf_char.o
      1272         16          0          0          0        168   scanf_fp.o
       800         14          0          0          0        100   scanf_hexfp.o
       308         16          0          0          0        100   scanf_infnan.o
        20          0          0          0          0         68   strchr.o
       128          0          0          0          0         68   strcmpv7m.o
        72          0          0          0          0         80   strcpy.o
        62          0          0          0          0         76   strlen.o
       150          0          0          0          0         80   strncmp.o
        86          0          0          0          0         76   strncpy.o
        22          0          0          0          0         68   strrchr.o
        36          0          0          0          0         80   strstr.o
        74          0          0          0          0         80   sys_stackheap_outer.o
        26          0          0          0          0         76   tolower.o
        30          0          0          0          0         76   toupper.o
         2          0          0          0          0         68   use_no_semi.o
         2          0          0          0          0         68   use_no_semi_2.o
        52          4          0          0          0         80   vsnprintf.o
        52          8          0          0          0         80   vsscanf.o
        22          0          0          0          0         68   wcschr.o
        24          0          0          0          0         68   wcscmp.o
        18          0          0          0          0         68   wcscpy.o
        18          0          0          0          0         68   wcslen.o
        98          4          0          0          0         92   d2f.o
       826         16          0          0          0        348   daddsub_clz.o
        16          4          0          0          0         68   dcheck1.o
        24          0          0          0          0         68   dcmpi.o
       688        140          0          0          0        208   ddiv.o
       120          4          0          0          0         92   deqf.o
        94          4          0          0          0         92   dfix.o
        90          4          0          0          0         92   dfixu.o
        84          0          0          0          0        136   dflt_clz.o
       120          4          0          0          0         92   dleqf.o
       340         12          0          0          0        104   dmul.o
       156          4          0          0          0         92   dnaninf.o
        12          0          0          0          0         68   dretinf.o
       108          0          0          0          0         80   drleqf.o
       460         56          0          0          0        120   dsqrt_noumaal.o
        86          4          0          0          0         84   f2d.o
       450          8          0          0          0        236   faddsub_clz.o
        24          0          0          0          0         68   fcmpi.o
       388         76          0          0          0         96   fdiv.o
       104          4          0          0          0         84   feqf.o
        54          4          0          0          0         84   ffix.o
        62          4          0          0          0         84   ffixu.o
        86          0          0          0          0        136   fflt_clz.o
        96          0          0          0          0         84   ffltll_clz.o
       104          4          0          0          0         84   fleqf.o
       258          4          0          0          0         84   fmul.o
       140          4          0          0          0         84   fnaninf.o
         0          0         16          0          0          0   fpconst.o
        10          0          0          0          0         68   fretinf.o
        98          0          0          0          0         68   frleqf.o
         6          0          0          0          0         68   istatus.o
         4          0          0          0          0         68   printf1.o
         4          0          0          0          0         68   printf2.o
       100          0          0          0          0         68   retnan.o
        92          0          0          0          0         68   scalbn.o
         4          0          0          0          0         68   scanf1.o
         8          0          0          0          0         84   scanf2.o
        48          0          0          0          0         68   trapv.o
         0          0          0          0          0          0   usenofp.o
       156          8          0          0          0        104   cos.o
       252         22         48          0          0        124   cos_i.o
        68         10          0          0          0        408   dunder.o
       220         16          0          0          0         84   floor.o
        40          0          0          0          0         68   fpclassify.o
        88          8          0          0          0         76   frexp.o
       138          0          0          0          0        160   ldexp.o
       204          4          0          0          0        168   narrow.o
       170          0          0          0          0         96   poly.o
      2520        190        136          0          0        324   pow.o
         0          0          8          0          0          0   qnan.o
       904         76        200          0          0        140   rred.o
       160         10          0          0          0        108   sin.o
       236         12         40          0          0        128   sin_i.o
        76          0          0          0          0         84   sqrt.o

    ----------------------------------------------------------------------
     24434       1072       1008          0        100      13624   Library Totals
        36          2          9          0          4          0   (incl. Padding)

    ----------------------------------------------------------------------

      Code (inc. data)   RO Data    RW Data    ZI Data      Debug   Library Name

     13704        350        551          0         96       7896   c_w.l
      5462        364         16          0          0       3656   fz_ws.l
      5232        356        432          0          0       2072   m_ws.l

    ----------------------------------------------------------------------
     24434       1072       1008          0        100      13624   Library Totals

    ----------------------------------------------------------------------

==============================================================================


      Code (inc. data)   RO Data    RW Data    ZI Data      Debug   

    134668       5132     139596       1616      14376    1115554   Grand Totals
    134668       5132     139596       1012      14376    1115554   ELF Image Totals (compressed)
    134668       5132     139596       1012          0          0   ROM Totals

==============================================================================

    Total RO  Size (Code + RO Data)               274264 ( 267.84kB)
    Total RW  Size (RW Data + ZI Data)             15992 (  15.62kB)
    Total ROM Size (Code + RO Data + RW Data)     275276 ( 268.82kB)

==============================================================================

