Component: ARM Compiler 5.06 update 5 (build 528) Tool: armlink [4d35e2]

==============================================================================

Section Cross References

    system_stm32f10x.o(.text) refers to system_stm32f10x.o(.data) for SystemCoreClock
    main.o(.text) refers to misc.o(.text) for NVIC_PriorityGroupConfig
    main.o(.text) refers to platform.o(.text) for systick_init
    main.o(.text) refers to led.o(.text) for led_init
    main.o(.text) refers to button.o(.text) for button_init
    main.o(.text) refers to lcd_driver.o(.text) for TFT_Init
    main.o(.text) refers to flash.o(.text) for FLASH_Init
    main.o(.text) refers to touch.o(.text) for TOUCH_Init
    main.o(.text) refers to tim.o(.text) for TIM3_Init
    main.o(.text) refers to rtc.o(.text) for rtc_init
    main.o(.text) refers to demo_main.o(.text) for gui_app_start
    sys.o(.text) refers to misc.o(.text) for NVIC_PriorityGroupConfig
    usart.o(.text) refers (Special) to use_no_semi_2.o(.text) for __use_no_semihosting
    usart.o(.text) refers to stm32f10x_rcc.o(.text) for RCC_APB2PeriphClockCmd
    usart.o(.text) refers to stm32f10x_gpio.o(.text) for GPIO_Init
    usart.o(.text) refers to misc.o(.text) for NVIC_Init
    usart.o(.text) refers to stm32f10x_usart.o(.text) for USART_Init
    usart.o(.text) refers to usart.o(.data) for USART_RX_STA
    usart.o(.text) refers to usart.o(.bss) for USART_RX_BUF
    usart.o(.bss) refers (Special) to use_no_semi_2.o(.text) for __use_no_semihosting
    usart.o(.data) refers (Special) to use_no_semi_2.o(.text) for __use_no_semihosting
    startup_stm32f10x_hd.o(STACK) refers (Special) to heapauxi.o(.text) for __use_two_region_memory
    startup_stm32f10x_hd.o(HEAP) refers (Special) to heapauxi.o(.text) for __use_two_region_memory
    startup_stm32f10x_hd.o(RESET) refers (Special) to heapauxi.o(.text) for __use_two_region_memory
    startup_stm32f10x_hd.o(RESET) refers to startup_stm32f10x_hd.o(STACK) for __initial_sp
    startup_stm32f10x_hd.o(RESET) refers to startup_stm32f10x_hd.o(.text) for Reset_Handler
    startup_stm32f10x_hd.o(RESET) refers to stm32f10x_it.o(.text) for NMI_Handler
    startup_stm32f10x_hd.o(RESET) refers to sys_tick.o(.text) for SysTick_Handler
    startup_stm32f10x_hd.o(RESET) refers to rtc.o(.text) for RTC_IRQHandler
    startup_stm32f10x_hd.o(RESET) refers to main_loop_stm32_raw.o(.text) for TIM3_IRQHandler
    startup_stm32f10x_hd.o(RESET) refers to usart.o(.text) for USART1_IRQHandler
    startup_stm32f10x_hd.o(RESET) refers to tim.o(.text) for TIM5_IRQHandler
    startup_stm32f10x_hd.o(.text) refers (Special) to heapauxi.o(.text) for __use_two_region_memory
    startup_stm32f10x_hd.o(.text) refers to system_stm32f10x.o(.text) for SystemInit
    startup_stm32f10x_hd.o(.text) refers to __main.o(!!!main) for __main
    startup_stm32f10x_hd.o(.text) refers to startup_stm32f10x_hd.o(HEAP) for Heap_Mem
    startup_stm32f10x_hd.o(.text) refers to startup_stm32f10x_hd.o(STACK) for Stack_Mem
    stm32f10x_gpio.o(.text) refers to stm32f10x_rcc.o(.text) for RCC_APB2PeriphResetCmd
    stm32f10x_rcc.o(.text) refers to stm32f10x_rcc.o(.data) for APBAHBPrescTable
    stm32f10x_usart.o(.text) refers to stm32f10x_rcc.o(.text) for RCC_APB2PeriphResetCmd
    stm32f10x_wwdg.o(.text) refers to stm32f10x_rcc.o(.text) for RCC_APB1PeriphResetCmd
    stm32f10x_tim.o(.text) refers to stm32f10x_rcc.o(.text) for RCC_APB2PeriphResetCmd
    stm32f10x_bkp.o(.text) refers to stm32f10x_rcc.o(.text) for RCC_BackupResetCmd
    stm32f10x_pwr.o(.text) refers to stm32f10x_rcc.o(.text) for RCC_APB1PeriphResetCmd
    stm32f10x_spi.o(.text) refers to stm32f10x_rcc.o(.text) for RCC_APB2PeriphResetCmd
    led.o(.text) refers to stm32f10x_rcc.o(.text) for RCC_APB2PeriphClockCmd
    led.o(.text) refers to stm32f10x_gpio.o(.text) for GPIO_Init
    led.o(.text) refers to sys_tick.o(.text) for delay_ms
    led.o(.text) refers to led.o(.data) for i
    lcd_driver.o(.text) refers to stm32f10x_rcc.o(.text) for RCC_APB2PeriphClockCmd
    lcd_driver.o(.text) refers to stm32f10x_gpio.o(.text) for GPIO_Init
    lcd_driver.o(.text) refers to stm32f10x_fsmc.o(.text) for FSMC_NORSRAMInit
    button.o(.text) refers to stm32f10x_rcc.o(.text) for RCC_APB2PeriphClockCmd
    button.o(.text) refers to stm32f10x_gpio.o(.text) for GPIO_Init
    button.o(.text) refers to sys_tick.o(.text) for delay_ms
    button.o(.text) refers to button.o(.data) for key_up
    tim.o(.text) refers to stm32f10x_rcc.o(.text) for RCC_APB1PeriphClockCmd
    tim.o(.text) refers to stm32f10x_gpio.o(.text) for GPIO_Init
    tim.o(.text) refers to stm32f10x_tim.o(.text) for TIM_TimeBaseInit
    tim.o(.text) refers to misc.o(.text) for NVIC_Init
    tim.o(.text) refers to tim.o(.data) for TIM5CH1_CAPTURE_STA
    rtc.o(.text) refers to _printf_percent.o(.ARM.Collect$$_printf_percent$$00000000) for _printf_percent
[...]
    widget_on_paint_self_default             0x0800adab   Thumb Code    14  widget_vtable.o(.text)
    widget_on_paint_children_default         0x0800adb9   Thumb Code    70  widget_vtable.o(.text)
    widget_on_keydown_default                0x0800adff   Thumb Code    14  widget_vtable.o(.text)
    widget_on_keyup_default                  0x0800ae0d   Thumb Code    14  widget_vtable.o(.text)
    widget_on_click_default                  0x0800ae1b   Thumb Code    14  widget_vtable.o(.text)
    widget_on_pointer_down_default           0x0800ae29   Thumb Code    14  widget_vtable.o(.text)
    widget_on_pointer_move_default           0x0800ae37   Thumb Code    14  widget_vtable.o(.text)
    widget_on_pointer_up_default             0x0800ae45   Thumb Code    14  widget_vtable.o(.text)
    widget_get_prop_default                  0x0800ae53   Thumb Code    16  widget_vtable.o(.text)
    widget_set_prop_default                  0x0800ae63   Thumb Code    16  widget_vtable.o(.text)
    widget_grab_default                      0x0800ae73   Thumb Code    34  widget_vtable.o(.text)
    widget_ungrab_default                    0x0800ae95   Thumb Code    34  widget_vtable.o(.text)
    widget_find_target_default               0x0800aeb7   Thumb Code   138  widget_vtable.o(.text)
    widget_destroy_default                   0x0800af41   Thumb Code     6  widget_vtable.o(.text)
    widget_on_paint_background_null          0x0800af47   Thumb Code     6  widget_vtable.o(.text)
    widget_on_paint_done_null                0x0800af4d   Thumb Code     6  widget_vtable.o(.text)
    widget_vtable_default                    0x0800af53   Thumb Code     4  widget_vtable.o(.text)
    window_create                            0x0800affd   Thumb Code   110  window.o(.text)
    window_close                             0x0800b06b   Thumb Code    20  window.o(.text)
    window_manager_find_top_window_index     0x0800b1e9   Thumb Code    64  window_manager.o(.text)
    window_manager_get_top_window            0x0800b229   Thumb Code    30  window_manager.o(.text)
    window_manager_add_child                 0x0800b2bb   Thumb Code   162  window_manager.o(.text)
    window_manager_remove_child              0x0800b36d   Thumb Code    46  window_manager.o(.text)
    window_manager_find_target               0x0800b39b   Thumb Code   188  window_manager.o(.text)
    window_manager_paint                     0x0800b639   Thumb Code    72  window_manager.o(.text)
    window_manager                           0x0800b681   Thumb Code     6  window_manager.o(.text)
    window_manager_set                       0x0800b687   Thumb Code    10  window_manager.o(.text)
    window_manager_init                      0x0800b691   Thumb Code    40  window_manager.o(.text)
    window_manager_create                    0x0800b6b9   Thumb Code    26  window_manager.o(.text)
    window_manager_on_paint_children         0x0800b72b   Thumb Code   110  window_manager.o(.text)
    window_manager_resize                    0x0800b7f9   Thumb Code    62  window_manager.o(.text)
    window_manager_dispatch_input_event      0x0800b8ef   Thumb Code   436  window_manager.o(.text)
    window_manager_set_animating             0x0800baa3   Thumb Code    18  window_manager.o(.text)
    window_manager_set_show_fps              0x0800bab5   Thumb Code    18  window_manager.o(.text)
    wcs_chr                                  0x0800bac9   Thumb Code    38  wstr.o(.text)
    wcs_cpy                                  0x0800baef   Thumb Code    40  wstr.o(.text)
    wcs_len                                  0x0800bb17   Thumb Code    30  wstr.o(.text)
    wstr_init                                0x0800bb6b   Thumb Code    36  wstr.o(.text)
    wstr_set                                 0x0800bb8f   Thumb Code    54  wstr.o(.text)
    wstr_set_utf8                            0x0800bbc5   Thumb Code    62  wstr.o(.text)
    wstr_get_utf8                            0x0800bc03   Thumb Code    30  wstr.o(.text)
    wstr_remove                              0x0800bc21   Thumb Code    88  wstr.o(.text)
    wstr_insert                              0x0800bc79   Thumb Code   180  wstr.o(.text)
    wstr_push                                0x0800bd2d   Thumb Code    56  wstr.o(.text)
    wstr_pop                                 0x0800bd65   Thumb Code    34  wstr.o(.text)
    wstr_from_int                            0x0800bd87   Thumb Code    38  wstr.o(.text)
    wstr_from_float                          0x0800bdad   Thumb Code    42  wstr.o(.text)
    wstr_from_value                          0x0800bdd7   Thumb Code   116  wstr.o(.text)
    wstr_to_int                              0x0800be4b   Thumb Code    52  wstr.o(.text)
    wstr_to_float                            0x0800be7f   Thumb Code    56  wstr.o(.text)
    wstr_trim_float_zero                     0x0800bf7d   Thumb Code    94  wstr.o(.text)
    wstr_to_fix                              0x0800bfdb   Thumb Code    74  wstr.o(.text)
    wstr_add_float                           0x0800c025   Thumb Code   102  wstr.o(.text)
    wstr_reset                               0x0800c08b   Thumb Code    20  wstr.o(.text)
    font_bitmap_init                         0x0800c185   Thumb Code    34  font_bitmap.o(.text)
    font_bitmap_create                       0x0800c1a7   Thumb Code    54  font_bitmap.o(.text)
    tk_skip_to_num                           0x0800c1e9   Thumb Code    34  utils.o(.text)
    tk_str2bool                              0x0800c20b   Thumb Code    40  utils.o(.text)
    tk_strtol                                0x0800c2f9   Thumb Code    92  utils.o(.text)
    tk_atoi                                  0x0800c355   Thumb Code    16  utils.o(.text)
    tk_atof                                  0x0800c365   Thumb Code   230  utils.o(.text)
    tk_itoa                                  0x0800c4db   Thumb Code    22  utils.o(.text)
    tk_snprintf                              0x0800e935   Thumb Code    40  utils.o(.text)
    tk_ftoa                                  0x0800e95d   Thumb Code    32  utils.o(.text)
    tk_strcpy                                0x0800e97d   Thumb Code    16  utils.o(.text)
    tk_strncpy                               0x0800e98d   Thumb Code    34  utils.o(.text)
    tk_memset16                              0x0800e9af   Thumb Code   112  utils.o(.text)
    tk_memset32                              0x0800ea1f   Thumb Code    30  utils.o(.text)
    tk_memcpy16                              0x0800ea3d   Thumb Code    40  utils.o(.text)
    tk_memcpy32                              0x0800ea65   Thumb Code    36  utils.o(.text)
    tk_pixel_copy                            0x0800ea89   Thumb Code    56  utils.o(.text)
    filename_to_name                         0x0800eb35   Thumb Code    92  utils.o(.text)
    pointer_event_cast                       0x0800eba1   Thumb Code    26  events.o(.text)
    key_event_cast                           0x0800ebbb   Thumb Code    28  events.o(.text)
    paint_event_cast                         0x0800ebd7   Thumb Code    34  events.o(.text)
    event_init                               0x0800ebf9   Thumb Code    28  events.o(.text)
    pointer_event_rotate                     0x0800ec15   Thumb Code    42  events.o(.text)
    timer_manager                            0x0800ec41   Thumb Code     6  timer.o(.text)
    timer_manager_set                        0x0800ec47   Thumb Code    10  timer.o(.text)
    timer_manager_init                       0x0800ec51   Thumb Code    40  timer.o(.text)
    timer_manager_create                     0x0800ec79   Thumb Code    38  timer.o(.text)
    timer_manager_deinit                     0x0800ec9f   Thumb Code    72  timer.o(.text)
    timer_manager_destroy                    0x0800ece7   Thumb Code    26  timer.o(.text)
    timer_manager_add                        0x0800ed01   Thumb Code    92  timer.o(.text)
    timer_manager_remove                     0x0800ed85   Thumb Code    76  timer.o(.text)
    timer_manager_find                       0x0800edd1   Thumb Code    72  timer.o(.text)
    timer_manager_dispatch                   0x0800ee19   Thumb Code   138  timer.o(.text)
    timer_manager_count                      0x0800eea3   Thumb Code    36  timer.o(.text)
    timer_manager_next_time                  0x0800eec7   Thumb Code    72  timer.o(.text)
    timer_init                               0x0800ef0f   Thumb Code    34  timer.o(.text)
    timer_add                                0x0800ef31   Thumb Code    30  timer.o(.text)
    timer_remove                             0x0800ef4f   Thumb Code    18  timer.o(.text)
    timer_find                               0x0800ef61   Thumb Code    18  timer.o(.text)
    timer_dispatch                           0x0800ef73   Thumb Code    14  timer.o(.text)
    timer_count                              0x0800ef81   Thumb Code    22  timer.o(.text)
    timer_next_time                          0x0800ef97   Thumb Code    14  timer.o(.text)
    timer_now                                0x0800efa5   Thumb Code    12  timer.o(.text)
    timer_queue                              0x0800efb1   Thumb Code    36  timer.o(.text)
    resource_manager_load                    0x0800efe1   Thumb Code     6  resource_manager.o(.text)
    resource_manager                         0x0800efe7   Thumb Code     6  resource_manager.o(.text)
    resource_manager_set                     0x0800f049   Thumb Code    10  resource_manager.o(.text)
    resource_manager_init                    0x0800f053   Thumb Code    24  resource_manager.o(.text)
    resource_manager_create                  0x0800f06b   Thumb Code    24  resource_manager.o(.text)
    resource_manager_add                     0x0800f083   Thumb Code    32  resource_manager.o(.text)
    resource_manager_find_in_cache           0x0800f0a3   Thumb Code    72  resource_manager.o(.text)
    resource_manager_ref                     0x0800f0eb   Thumb Code    50  resource_manager.o(.text)
    resource_manager_unref                   0x0800f11d   Thumb Code    42  resource_manager.o(.text)
    resource_manager_clear_cache             0x0800f161   Thumb Code    28  resource_manager.o(.text)
    resource_manager_deinit                  0x0800f17d   Thumb Code    54  resource_manager.o(.text)
    resource_manager_destroy                 0x0800f1b3   Thumb Code    40  resource_manager.o(.text)
    widget_layout_parse                      0x0800f1e9   Thumb Code   340  layout.o(.text)
    widget_layout_calc                       0x0800f33d   Thumb Code   220  layout.o(.text)
    widget_set_parsed_self_layout_params     0x0800f419   Thumb Code    56  layout.o(.text)
    widget_set_self_layout_params            0x0800f451   Thumb Code    66  layout.o(.text)
    widget_set_children_layout               0x0800f493   Thumb Code    64  layout.o(.text)
    widget_set_children_layout_params        0x0800f4d3   Thumb Code    56  layout.o(.text)
    widget_layout_self_with_wh               0x0800f50b   Thumb Code    64  layout.o(.text)
    widget_layout_self                       0x0800f54b   Thumb Code    28  layout.o(.text)
    widget_layout_children                   0x0800f567   Thumb Code  1142  layout.o(.text)
    widget_layout                            0x0800f9dd   Thumb Code    24  layout.o(.text)
    children_layout_parser                   0x0800f9f5   Thumb Code   218  layout.o(.text)
    event_queue_create                       0x0800fad5   Thumb Code    58  event_queue.o(.text)
    event_queue_recv                         0x0800fb0f   Thumb Code    80  event_queue.o(.text)
    event_queue_send                         0x0800fb5f   Thumb Code    90  event_queue.o(.text)
    event_queue_replace_last                 0x0800fbb9   Thumb Code    78  event_queue.o(.text)
    event_queue_destroy                      0x0800fc07   Thumb Code    20  event_queue.o(.text)
    slider_set_value                         0x080101c9   Thumb Code    18  slider.o(.text)
    slider_set_min                           0x080101db   Thumb Code    18  slider.o(.text)
    slider_set_max                           0x080101ed   Thumb Code    18  slider.o(.text)
    slider_set_step                          0x080101ff   Thumb Code    22  slider.o(.text)
    slider_set_vertical                      0x08010215   Thumb Code    18  slider.o(.text)
    slider_create                            0x08010361   Thumb Code    92  slider.o(.text)
    window_animator_update                   0x080103e5   Thumb Code   164  window_animator.o(.text)
    window_animator_destroy                  0x08010489   Thumb Code    22  window_animator.o(.text)
    window_animator_begin_frame              0x0801049f   Thumb Code    54  window_animator.o(.text)
    window_animator_begin_frame_overlap      0x080104d5   Thumb Code    72  window_animator.o(.text)
    window_animator_create_for_open          0x0801051d   Thumb Code     8  window_animator_null.o(.text)
    window_animator_create_for_close         0x08010525   Thumb Code     8  window_animator_null.o(.text)
    idle_manager                             0x0801052d   Thumb Code     6  idle.o(.text)
    idle_manager_set                         0x08010533   Thumb Code    10  idle.o(.text)
    idle_manager_init                        0x0801053d   Thumb Code    36  idle.o(.text)
    idle_manager_create                      0x08010561   Thumb Code    20  idle.o(.text)
    idle_manager_remove_all                  0x08010575   Thumb Code    68  idle.o(.text)
    idle_manager_deinit                      0x080105b9   Thumb Code    30  idle.o(.text)
    idle_manager_destroy                     0x080105d7   Thumb Code    26  idle.o(.text)
    idle_manager_add                         0x080105f1   Thumb Code    78  idle.o(.text)
    idle_manager_remove                      0x08010667   Thumb Code    72  idle.o(.text)
    idle_manager_find                        0x080106af   Thumb Code    68  idle.o(.text)
    idle_manager_dispatch                    0x080106f3   Thumb Code   106  idle.o(.text)
    idle_add                                 0x0801075d   Thumb Code    22  idle.o(.text)
    idle_remove                              0x08010773   Thumb Code    18  idle.o(.text)
    idle_find                                0x08010785   Thumb Code    18  idle.o(.text)
    idle_dispatch                            0x08010797   Thumb Code    14  idle.o(.text)
    idle_count                               0x080107a5   Thumb Code    50  idle.o(.text)
    idle_queue                               0x080107d7   Thumb Code    32  idle.o(.text)
    time_now_ms                              0x08010805   Thumb Code     8  time.o(.text)
    time_now_s                               0x0801080d   Thumb Code    16  time.o(.text)
    system_info                              0x0801081d   Thumb Code     4  system_info.o(.text)
    image_loader_load                        0x08010825   Thumb Code    44  image_loader.o(.text)
    tk_init_resources                        0x0801087f   Thumb Code    90  tk.o(.text)
    tk_init_internal                         0x080108d9   Thumb Code   166  tk.o(.text)
    tk_init                                  0x0801097f   Thumb Code    34  tk.o(.text)
    tk_deinit_internal                       0x080109a1   Thumb Code   134  tk.o(.text)
    tk_run                                   0x08010a39   Thumb Code    18  tk.o(.text)
    tk_quit                                  0x08010a5b   Thumb Code    16  tk.o(.text)
    tk_set_lcd_orientation                   0x08010a6b   Thumb Code   102  tk.o(.text)
    locale                                   0x08010ae1   Thumb Code     6  locale.o(.text)
    locale_set                               0x08010ae7   Thumb Code    10  locale.o(.text)
    locale_change                            0x08010af1   Thumb Code   176  locale.o(.text)
    locale_init                              0x08010ba1   Thumb Code    42  locale.o(.text)
    locale_create                            0x08010bcb   Thumb Code    28  locale.o(.text)
    str_table_lookup                         0x08010be7   Thumb Code   116  locale.o(.text)
    locale_tr                                0x08010c5b   Thumb Code    56  locale.o(.text)
    locale_on                                0x08010c93   Thumb Code    40  locale.o(.text)
    locale_off                               0x08010cbb   Thumb Code    24  locale.o(.text)
    locale_deinit                            0x08010cd3   Thumb Code    46  locale.o(.text)
    locale_destroy                           0x08010d01   Thumb Code    26  locale.o(.text)
    str_init                                 0x08010d63   Thumb Code    36  str.o(.text)
    str_set_with_len                         0x08010d87   Thumb Code    68  str.o(.text)
    str_set                                  0x08010dcb   Thumb Code    20  str.o(.text)
    str_append                               0x08010ddf   Thumb Code    66  str.o(.text)
    str_append_char                          0x08010e21   Thumb Code    26  str.o(.text)
    str_decode_xml_entity                    0x08010e3b   Thumb Code   168  str.o(.text)
    str_eq                                   0x08010ee3   Thumb Code    66  str.o(.text)
    str_from_int                             0x08010f25   Thumb Code    38  str.o(.text)
    str_from_float                           0x08010f4b   Thumb Code    52  str.o(.text)
    str_from_value                           0x08010f7f   Thumb Code    90  str.o(.text)
    str_to_int                               0x08010fd9   Thumb Code    26  str.o(.text)
    str_to_float                             0x08010ff3   Thumb Code    36  str.o(.text)
    str_reset                                0x08011017   Thumb Code    20  str.o(.text)
    str_end_with                             0x0801102b   Thumb Code    64  str.o(.text)
    str_start_with                           0x0801106b   Thumb Code    46  str.o(.text)
    str_trim_left                            0x08011099   Thumb Code   110  str.o(.text)
    str_trim_right                           0x08011107   Thumb Code    82  str.o(.text)
    str_trim                                 0x08011159   Thumb Code    32  str.o(.text)
    str_replace                              0x080111a9   Thumb Code   270  str.o(.text)
    str_to_lower                             0x080112b7   Thumb Code    46  str.o(.text)
    str_to_upper                             0x080112e5   Thumb Code    46  str.o(.text)
    main_loop_post_pointer_event             0x0801135f   Thumb Code   164  main_loop_simple.o(.text)
    main_loop_post_key_event                 0x08011403   Thumb Code    98  main_loop_simple.o(.text)
    main_loop_simple_init                    0x0801151f   Thumb Code    92  main_loop_simple.o(.text)
    main_loop_simple_reset                   0x0801157b   Thumb Code    34  main_loop_simple.o(.text)
    pages_set_active                         0x080115a9   Thumb Code    34  pages.o(.text)
    pages_set_active_by_name                 0x080115cb   Thumb Code    98  pages.o(.text)
    pages_create                             0x08011715   Thumb Code    72  pages.o(.text)
    edit_on_paint_self                       0x08011909   Thumb Code   182  edit.o(.text)
    edit_is_valid_value                      0x08011be5   Thumb Code   270  edit.o(.text)
    edit_on_event                            0x08011dd5   Thumb Code   242  edit.o(.text)
    edit_set_text_limit                      0x08011ec7   Thumb Code    28  edit.o(.text)
    edit_set_int_limit                       0x08011ee3   Thumb Code    30  edit.o(.text)
    edit_set_float_limit                     0x08011f01   Thumb Code    46  edit.o(.text)
    edit_set_readonly                        0x08011f2f   Thumb Code    18  edit.o(.text)
    edit_set_auto_fix                        0x08011f41   Thumb Code    18  edit.o(.text)
    edit_set_input_type                      0x08011f53   Thumb Code    54  edit.o(.text)
    edit_set_input_tips                      0x08011f89   Thumb Code    28  edit.o(.text)
    edit_get_prop                            0x08011fa5   Thumb Code   576  edit.o(.text)
    edit_set_prop                            0x080121e5   Thumb Code   820  edit.o(.text)
    edit_set_password_visible                0x08012519   Thumb Code    18  edit.o(.text)
    edit_inc                                 0x0801262f   Thumb Code   124  edit.o(.text)
    edit_dec                                 0x080126ab   Thumb Code   128  edit.o(.text)
    edit_clear                               0x0801272b   Thumb Code    18  edit.o(.text)
    edit_create_ex                           0x08012801   Thumb Code   124  edit.o(.text)
    edit_create                              0x0801287d   Thumb Code    38  edit.o(.text)
    view_create                              0x080128cd   Thumb Code    80  view.o(.text)
    widget_factory                           0x08012955   Thumb Code     6  widget_factory.o(.text)
    widget_factory_init                      0x0801295b   Thumb Code    22  widget_factory.o(.text)
    widget_factory_create                    0x08012971   Thumb Code    26  widget_factory.o(.text)
    widget_factory_register                  0x0801298b   Thumb Code    64  widget_factory.o(.text)
    widget_factory_create_widget             0x080129cb   Thumb Code   142  widget_factory.o(.text)
    widget_factory_set                       0x08012a59   Thumb Code    10  widget_factory.o(.text)
    widget_factory_deinit                    0x08012a63   Thumb Code    62  widget_factory.o(.text)
    widget_factory_destroy                   0x08012aa1   Thumb Code    26  widget_factory.o(.text)
    tokenizer_init                           0x08012ac5   Thumb Code    70  tokenizer.o(.text)
    tokenizer_has_more                       0x08012b77   Thumb Code    24  tokenizer.o(.text)
    tokenizer_next                           0x08012b8f   Thumb Code    72  tokenizer.o(.text)
    tokenizer_next_int                       0x08012bd7   Thumb Code    38  tokenizer.o(.text)
    tokenizer_next_float                     0x08012bfd   Thumb Code    48  tokenizer.o(.text)
    tokenizer_deinit                         0x08012c2d   Thumb Code    30  tokenizer.o(.text)
    input_method_dispatch                    0x08012c4d   Thumb Code    26  input_method.o(.text)
    input_method_dispatch_to_widget          0x08012c67   Thumb Code    32  input_method.o(.text)
    input_method_on                          0x08012c87   Thumb Code    38  input_method.o(.text)
    input_method_off                         0x08012cad   Thumb Code    24  input_method.o(.text)
    input_method_request                     0x08012cc5   Thumb Code    36  input_method.o(.text)
    input_method                             0x08012ce9   Thumb Code     6  input_method.o(.text)
    input_method_set                         0x08012cef   Thumb Code    10  input_method.o(.text)
    input_method_update_action_button_info   0x08012cf9   Thumb Code    74  input_method.o(.text)
    input_method_dispatch_action             0x08012d43   Thumb Code    38  input_method.o(.text)
    input_method_dispatch_candidates         0x08012d69   Thumb Code    44  input_method.o(.text)
    input_method_dispatch_key                0x08012d95   Thumb Code    88  input_method.o(.text)
    input_method_commit_text                 0x08012ded   Thumb Code    72  input_method.o(.text)
    input_method_create                      0x08012e43   Thumb Code    34  input_method_null.o(.text)
    input_method_destroy                     0x08012e65   Thumb Code    28  input_method_null.o(.text)
    input_engine_reset_input                 0x08012e85   Thumb Code    44  input_engine.o(.text)
    input_engine_input                       0x08012eb1   Thumb Code    84  input_engine.o(.text)
    spin_box_create                          0x08012f05   Thumb Code   164  spin_box.o(.text)
    dragger_set_range                        0x0801316d   Thumb Code    36  dragger.o(.text)
    dragger_create                           0x080132c9   Thumb Code    80  dragger.o(.text)
    lcd_reg_create                           0x080137df   Thumb Code   110  lcd_stm32_raw.o(.text)
    platform_disaptch_input                  0x08013871   Thumb Code     6  main_loop_stm32_raw.o(.text)
    TIM3_IRQHandler                          0x08013887   Thumb Code    70  main_loop_stm32_raw.o(.text)
    main_loop_init                           0x08013915   Thumb Code    36  main_loop_stm32_raw.o(.text)
    systick_init                             0x08013949   Thumb Code    72  platform.o(.text)
    platform_prepare                         0x08013991   Thumb Code    16  platform.o(.text)
    tk_mutex_create                          0x080139ad   Thumb Code     4  mutex_null.o(.text)
    tk_mutex_lock                            0x080139b1   Thumb Code     6  mutex_null.o(.text)
    tk_mutex_unlock                          0x080139b7   Thumb Code     6  mutex_null.o(.text)
    tk_mutex_destroy                         0x080139bd   Thumb Code     6  mutex_null.o(.text)
    SysTick_Handler                          0x080139c9   Thumb Code    12  sys_tick.o(.text)
    get_time_ms                              0x080139d5   Thumb Code     6  sys_tick.o(.text)
    sleep_ms                                 0x080139db   Thumb Code    28  sys_tick.o(.text)
    delay_ms                                 0x080139f7   Thumb Code    12  sys_tick.o(.text)
    delay_us                                 0x08013a03   Thumb Code    12  sys_tick.o(.text)
    gui_app_start                            0x08013a15   Thumb Code    30  demo_main.o(.text)
    application_init                         0x08013b99   Thumb Code   736  demo1_app.o(.text)
    resource_init                            0x08013f79   Thumb Code   280  resource-mini.o(.text)
    __use_no_semihosting                     0x08014115   Thumb Code     2  use_no_semi_2.o(.text)
    __rt_ctype_table                         0x08014119   Thumb Code    16  rt_ctype_table.o(.text)
    __aeabi_uldivmod                         0x08014129   Thumb Code     0  lludivv7m.o(.text)
    _ll_udiv                                 0x08014129   Thumb Code   238  lludivv7m.o(.text)
    __aeabi_llsr                             0x08014217   Thumb Code     0  llushr.o(.text)
    _ll_ushift_r                             0x08014217   Thumb Code    38  llushr.o(.text)
    __aeabi_ldivmod                          0x0801423d   Thumb Code     0  llsdiv.o(.text)
    _ll_sdiv                                 0x0801423d   Thumb Code    72  llsdiv.o(.text)
    tolower                                  0x08014285   Thumb Code    26  tolower.o(.text)
    toupper                                  0x0801429f   Thumb Code    30  toupper.o(.text)
    __2printf                                0x080142bd   Thumb Code    20  noretval__2printf.o(.text)
    __printf                                 0x080142d5   Thumb Code   104  __printf.o(.text)
    _printf_int_dec                          0x0801433d   Thumb Code   104  _printf_dec.o(.text)
    atoi                                     0x080143b5   Thumb Code    26  atoi.o(.text)
    strchr                                   0x080143cf   Thumb Code    20  strchr.o(.text)
    strstr                                   0x080143e3   Thumb Code    36  strstr.o(.text)
    strcpy                                   0x08014407   Thumb Code    72  strcpy.o(.text)
    strrchr                                  0x0801444f   Thumb Code    22  strrchr.o(.text)
    strlen                                   0x08014465   Thumb Code    62  strlen.o(.text)
    wcscpy                                   0x080144a3   Thumb Code    18  wcscpy.o(.text)
    wcschr                                   0x080144b5   Thumb Code    22  wcschr.o(.text)
    wcslen                                   0x080144cb   Thumb Code    18  wcslen.o(.text)
    strncmp                                  0x080144dd   Thumb Code   150  strncmp.o(.text)
    __aeabi_memcpy                           0x08014573   Thumb Code     0  rt_memcpy_v6.o(.text)
    __rt_memcpy                              0x08014573   Thumb Code   138  rt_memcpy_v6.o(.text)
    _memcpy_lastbytes                        0x080145d9   Thumb Code     0  rt_memcpy_v6.o(.text)
    __aeabi_memmove                          0x080145fd   Thumb Code     0  rt_memmove_v6.o(.text)
    __rt_memmove                             0x080145fd   Thumb Code   132  rt_memmove_v6.o(.text)
    __memmove_lastfew                        0x0801465d   Thumb Code     0  rt_memmove_v6.o(.text)
    __aeabi_memcpy4                          0x08014681   Thumb Code     0  rt_memcpy_w.o(.text)
    __aeabi_memcpy8                          0x08014681   Thumb Code     0  rt_memcpy_w.o(.text)
    __rt_memcpy_w                            0x08014681   Thumb Code   100  rt_memcpy_w.o(.text)
    _memcpy_lastbytes_aligned                0x080146c9   Thumb Code     0  rt_memcpy_w.o(.text)
    __aeabi_memclr                           0x080146e5   Thumb Code     0  rt_memclr.o(.text)
    __rt_memclr                              0x080146e5   Thumb Code    68  rt_memclr.o(.text)
    _memset                                  0x080146e9   Thumb Code     0  rt_memclr.o(.text)
    __aeabi_memclr4                          0x08014729   Thumb Code     0  rt_memclr_w.o(.text)
    __aeabi_memclr8                          0x08014729   Thumb Code     0  rt_memclr_w.o(.text)
    __rt_memclr_w                            0x08014729   Thumb Code    78  rt_memclr_w.o(.text)
    _memset_w                                0x0801472d   Thumb Code     0  rt_memclr_w.o(.text)
    strncpy                                  0x08014777   Thumb Code    86  strncpy.o(.text)
    strcmp                                   0x080147cd   Thumb Code   128  strcmpv7m.o(.text)
    __use_two_region_memory                  0x0801484d   Thumb Code     2  heapauxi.o(.text)
    __rt_heap_escrow$2region                 0x0801484f   Thumb Code     2  heapauxi.o(.text)
    __rt_heap_expand$2region                 0x08014851   Thumb Code     2  heapauxi.o(.text)
    __I$use$semihosting                      0x08014853   Thumb Code     0  use_no_semi.o(.text)
    __use_no_semihosting_swi                 0x08014853   Thumb Code     2  use_no_semi.o(.text)
    __rt_locale                              0x08014855   Thumb Code     8  rt_locale_intlibspace.o(.text)
    __aeabi_errno_addr                       0x0801485d   Thumb Code     8  rt_errno_addr_intlibspace.o(.text)
    __errno$intlibspace                      0x0801485d   Thumb Code     0  rt_errno_addr_intlibspace.o(.text)
    __rt_errno_addr$intlibspace              0x0801485d   Thumb Code     0  rt_errno_addr_intlibspace.o(.text)
    _printf_int_common                       0x08014865   Thumb Code   178  _printf_intcommon.o(.text)
    _printf_char_file                        0x08014919   Thumb Code    32  _printf_char_file.o(.text)
    strtol                                   0x0801493d   Thumb Code   112  strtol.o(.text)
    __aeabi_memmove4                         0x080149ad   Thumb Code     0  rt_memmove_w.o(.text)
    __aeabi_memmove8                         0x080149ad   Thumb Code     0  rt_memmove_w.o(.text)
    __rt_memmove_w                           0x080149ad   Thumb Code   122  rt_memmove_w.o(.text)
    __memmove_aligned                        0x080149d3   Thumb Code     0  rt_memmove_w.o(.text)
    __memmove_lastfew_aligned                0x08014a0b   Thumb Code     0  rt_memmove_w.o(.text)
    __user_libspace                          0x08014a29   Thumb Code     8  libspace.o(.text)
    __user_perproc_libspace                  0x08014a29   Thumb Code     0  libspace.o(.text)
    __user_perthread_libspace                0x08014a29   Thumb Code     0  libspace.o(.text)
    _printf_char_common                      0x08014a3b   Thumb Code    32  _printf_char_common.o(.text)
    _strtoul                                 0x08014a61   Thumb Code   158  _strtoul.o(.text)
    ferror                                   0x08014aff   Thumb Code     8  ferror.o(.text)
    __user_setup_stackheap                   0x08014b07   Thumb Code    74  sys_stackheap_outer.o(.text)
    _chval                                   0x08014b51   Thumb Code    28  _chval.o(.text)
    exit                                     0x08014b6d   Thumb Code    18  exit.o(.text)
    floor                                    0x08014b81   Thumb Code   204  floor.o(i.floor)
    _get_lc_ctype                            0x08014c5d   Thumb Code    44  lc_ctype_c.o(locale$$code)
    __aeabi_d2f                              0x08014c89   Thumb Code     0  d2f.o(x$fpl$d2f)
    _d2f                                     0x08014c89   Thumb Code    98  d2f.o(x$fpl$d2f)
    __aeabi_dadd                             0x08014ced   Thumb Code     0  daddsub_clz.o(x$fpl$dadd)
    _dadd                                    0x08014ced   Thumb Code   332  daddsub_clz.o(x$fpl$dadd)
    __fpl_dcmp_Inf                           0x08014e3d   Thumb Code    24  dcmpi.o(x$fpl$dcmpinf)
    __aeabi_ddiv                             0x08014e55   Thumb Code     0  ddiv.o(x$fpl$ddiv)
    _ddiv                                    0x08014e55   Thumb Code   552  ddiv.o(x$fpl$ddiv)
    __aeabi_cdcmpeq                          0x08015105   Thumb Code     0  deqf.o(x$fpl$deqf)
    _dcmpeq                                  0x08015105   Thumb Code   120  deqf.o(x$fpl$deqf)
    __aeabi_d2iz                             0x0801517d   Thumb Code     0  dfix.o(x$fpl$dfix)
    _dfix                                    0x0801517d   Thumb Code    94  dfix.o(x$fpl$dfix)
    __aeabi_d2uiz                            0x080151dd   Thumb Code     0  dfixu.o(x$fpl$dfixu)
    _dfixu                                   0x080151dd   Thumb Code    90  dfixu.o(x$fpl$dfixu)
    __aeabi_i2d                              0x08015237   Thumb Code     0  dflt_clz.o(x$fpl$dflt)
    _dflt                                    0x08015237   Thumb Code    46  dflt_clz.o(x$fpl$dflt)
    __aeabi_l2d                              0x08015265   Thumb Code     0  dfltll_clz.o(x$fpl$dfltll)
    _ll_sto_d                                0x08015265   Thumb Code   162  dfltll_clz.o(x$fpl$dfltll)
    __aeabi_ui2d                             0x08015307   Thumb Code     0  dflt_clz.o(x$fpl$dfltu)
    _dfltu                                   0x08015307   Thumb Code    38  dflt_clz.o(x$fpl$dfltu)
    __aeabi_cdcmple                          0x0801532d   Thumb Code     0  dleqf.o(x$fpl$dleqf)
    _dcmple                                  0x0801532d   Thumb Code   120  dleqf.o(x$fpl$dleqf)
    __fpl_dcmple_InfNaN                      0x0801538f   Thumb Code     0  dleqf.o(x$fpl$dleqf)
    __aeabi_dmul                             0x080153a5   Thumb Code     0  dmul.o(x$fpl$dmul)
    _dmul                                    0x080153a5   Thumb Code   332  dmul.o(x$fpl$dmul)
    __fpl_dnaninf                            0x080154f9   Thumb Code   156  dnaninf.o(x$fpl$dnaninf)
    __fpl_dretinf                            0x08015595   Thumb Code    12  dretinf.o(x$fpl$dretinf)
    __aeabi_cdrcmple                         0x080155a1   Thumb Code     0  drleqf.o(x$fpl$drleqf)
    _drcmple                                 0x080155a1   Thumb Code   108  drleqf.o(x$fpl$drleqf)
    __aeabi_drsub                            0x0801560d   Thumb Code     0  daddsub_clz.o(x$fpl$drsb)
    _drsb                                    0x0801560d   Thumb Code    22  daddsub_clz.o(x$fpl$drsb)
    __aeabi_dsub                             0x08015625   Thumb Code     0  daddsub_clz.o(x$fpl$dsub)
    _dsub                                    0x08015625   Thumb Code   464  daddsub_clz.o(x$fpl$dsub)
    __aeabi_f2d                              0x080157f9   Thumb Code     0  f2d.o(x$fpl$f2d)
    _f2d                                     0x080157f9   Thumb Code    86  f2d.o(x$fpl$f2d)
    __aeabi_fadd                             0x08015851   Thumb Code     0  faddsub_clz.o(x$fpl$fadd)
    _fadd                                    0x08015851   Thumb Code   196  faddsub_clz.o(x$fpl$fadd)
    __fpl_fcmp_Inf                           0x08015915   Thumb Code    24  fcmpi.o(x$fpl$fcmpinf)
    __aeabi_fdiv                             0x0801592d   Thumb Code     0  fdiv.o(x$fpl$fdiv)
    _fdiv                                    0x0801592d   Thumb Code   384  fdiv.o(x$fpl$fdiv)
    __aeabi_cfcmpeq                          0x08015ab1   Thumb Code     0  feqf.o(x$fpl$feqf)
    _fcmpeq                                  0x08015ab1   Thumb Code   104  feqf.o(x$fpl$feqf)
    __aeabi_f2iz                             0x08015b19   Thumb Code     0  ffix.o(x$fpl$ffix)
    _ffix                                    0x08015b19   Thumb Code    54  ffix.o(x$fpl$ffix)
    __aeabi_f2uiz                            0x08015b51   Thumb Code     0  ffixu.o(x$fpl$ffixu)
    _ffixu                                   0x08015b51   Thumb Code    62  ffixu.o(x$fpl$ffixu)
    __aeabi_i2f                              0x08015b91   Thumb Code     0  fflt_clz.o(x$fpl$fflt)
    _fflt                                    0x08015b91   Thumb Code    48  fflt_clz.o(x$fpl$fflt)
    __aeabi_ul2f                             0x08015bc1   Thumb Code     0  ffltll_clz.o(x$fpl$ffltll)
    _ll_uto_f                                0x08015bc1   Thumb Code     6  ffltll_clz.o(x$fpl$ffltll)
    __aeabi_l2f                              0x08015bc7   Thumb Code     0  ffltll_clz.o(x$fpl$ffltll)
    _ll_sto_f                                0x08015bc7   Thumb Code    90  ffltll_clz.o(x$fpl$ffltll)
    __aeabi_ui2f                             0x08015c21   Thumb Code     0  fflt_clz.o(x$fpl$ffltu)
    _ffltu                                   0x08015c21   Thumb Code    38  fflt_clz.o(x$fpl$ffltu)
    __aeabi_cfcmple                          0x08015c49   Thumb Code     0  fleqf.o(x$fpl$fleqf)
    _fcmple                                  0x08015c49   Thumb Code   104  fleqf.o(x$fpl$fleqf)
    __fpl_fcmple_InfNaN                      0x08015c9b   Thumb Code     0  fleqf.o(x$fpl$fleqf)
    __aeabi_fmul                             0x08015cb1   Thumb Code     0  fmul.o(x$fpl$fmul)
    _fmul                                    0x08015cb1   Thumb Code   258  fmul.o(x$fpl$fmul)
    __fpl_fnaninf                            0x08015db3   Thumb Code   140  fnaninf.o(x$fpl$fnaninf)
    __fpl_fretinf                            0x08015e3f   Thumb Code    10  fretinf.o(x$fpl$fretinf)
    __aeabi_cfrcmple                         0x08015e49   Thumb Code     0  frleqf.o(x$fpl$frleqf)
    _frcmple                                 0x08015e49   Thumb Code    98  frleqf.o(x$fpl$frleqf)
    __aeabi_frsub                            0x08015eab   Thumb Code     0  faddsub_clz.o(x$fpl$frsb)
    _frsb                                    0x08015eab   Thumb Code    20  faddsub_clz.o(x$fpl$frsb)
    __aeabi_fsub                             0x08015ec1   Thumb Code     0  faddsub_clz.o(x$fpl$fsub)
    _fsub                                    0x08015ec1   Thumb Code   234  faddsub_clz.o(x$fpl$fsub)
    __aeabi_d2lz                             0x08015fad   Thumb Code     0  dfixll.o(x$fpl$llsfromd)
    _ll_sfrom_d                              0x08015fad   Thumb Code   194  dfixll.o(x$fpl$llsfromd)
    __I$use$fp                               0x0801606e   Number         0  usenofp.o(x$fpl$usenofp)
    table_week                               0x0801606e   Data          12  rtc.o(.constdata)
    mon_table                                0x0801607a   Data          12  rtc.o(.constdata)
    ASCII8x16                                0x08016086   Data        1536  gui.o(.constdata)
    tfont16                                  0x08016686   Data         480  gui.o(.constdata)
    tfont24                                  0x08016866   Data         360  gui.o(.constdata)
    g_utf8_skip                              0x0801726c   Data           4  utf8.o(.constdata)
    font_default                             0x08017b34   Data       11032  resource-mini.o(.constdata)
    image_bricks                             0x0801a64c   Data        7244  resource-mini.o(.constdata)
    image_checked                            0x0801c298   Data        2348  resource-mini.o(.constdata)
    image_dialog_title                       0x0801cbc4   Data        7244  resource-mini.o(.constdata)
    image_earth                              0x0801e810   Data        2348  resource-mini.o(.constdata)
    image_green_btn_n                        0x0801f13c   Data        3644  resource-mini.o(.constdata)
    image_green_btn_o                        0x0801ff78   Data        3644  resource-mini.o(.constdata)
    image_green_btn_p                        0x08020db4   Data        3644  resource-mini.o(.constdata)
    image_info                               0x08021bf0   Data        2348  resource-mini.o(.constdata)
    image_left_off                           0x0802251c   Data        2348  resource-mini.o(.constdata)
    image_left_on                            0x08022e48   Data        2348  resource-mini.o(.constdata)
    image_middle_off                         0x08023774   Data        2348  resource-mini.o(.constdata)
    image_middle_on                          0x080240a0   Data        2348  resource-mini.o(.constdata)
    image_muted                              0x080249cc   Data        2348  resource-mini.o(.constdata)
    image_question                           0x080252f8   Data        2348  resource-mini.o(.constdata)
    image_radio_checked                      0x08025c24   Data        2348  resource-mini.o(.constdata)
    image_radio_unchecked                    0x08026550   Data        2348  resource-mini.o(.constdata)
    image_red_btn_n                          0x08026e7c   Data        3644  resource-mini.o(.constdata)
    image_red_btn_o                          0x08027cb8   Data        3644  resource-mini.o(.constdata)
    image_red_btn_p                          0x08028af4   Data        3644  resource-mini.o(.constdata)
    image_right_off                          0x08029930   Data        2348  resource-mini.o(.constdata)
    image_right_on                           0x0802a25c   Data        2348  resource-mini.o(.constdata)
    image_slider_bg                          0x0802ab88   Data        1004  resource-mini.o(.constdata)
    image_slider_drag                        0x0802af74   Data        3180  resource-mini.o(.constdata)
    image_slider_drag_o                      0x0802bbe0   Data        3180  resource-mini.o(.constdata)
    image_slider_drag_p                      0x0802c84c   Data        3180  resource-mini.o(.constdata)
    image_slider_fg                          0x0802d4b8   Data        1004  resource-mini.o(.constdata)
    image_slider_v_bg                        0x0802d8a4   Data        1004  resource-mini.o(.constdata)
    image_slider_v_fg                        0x0802dc90   Data        1004  resource-mini.o(.constdata)
    image_unchecked                          0x0802e07c   Data        2348  resource-mini.o(.constdata)
    image_unmuted                            0x0802e9a8   Data        2348  resource-mini.o(.constdata)
    image_warn                               0x0802f2d4   Data        2348  resource-mini.o(.constdata)
    theme_default                            0x0802fc00   Data        5907  resource-mini.o(.constdata)
    Region$$Table$$Base                      0x08031678   Number         0  anon$$obj.o(Region$$Table)
    Region$$Table$$Limit                     0x08031698   Number         0  anon$$obj.o(Region$$Table)
    __ctype                                  0x080316a5   Data           0  lc_ctype_c.o(locale$$data)
    SystemCoreClock                          0x20000000   Data           4  system_stm32f10x.o(.data)
    AHBPrescTable                            0x20000004   Data          16  system_stm32f10x.o(.data)
    __stdout                                 0x20000014   Data           4  usart.o(.data)
    USART_RX_STA                             0x20000018   Data           2  usart.o(.data)
    TIM5CH1_CAPTURE_STA                      0x20000030   Data           1  tim.o(.data)
    TIM5CH1_CAPTURE_VAL                      0x20000032   Data           2  tim.o(.data)
    rtc_data                                 0x20000034   Data           7  rtc.o(.data)
    rtc_bit                                  0x2000003b   Data           1  rtc.o(.data)
    TouchData                                0x2000003e   Data           8  touch.o(.data)
    USART_RX_BUF                             0x20000170   Data         200  usart.o(.bss)
    calendar                                 0x20000238   Data          10  rtc.o(.bss)
    __libspace_start                         0x20003300   Data          96  libspace.o(.bss)
    __temporary_stack_top$libspace           0x20003360   Data           0  libspace.o(.bss)



==============================================================================

Memory Map of the image

  Image Entry point : 0x08000131

  Load Region LR_IROM1 (Base: 0x08000000, Size: 0x00031918, Max: 0x00080000, ABSOLUTE, COMPRESSED[0x000318ac])

    Execution Region ER_IROM1 (Exec base: 0x08000000, Load base: 0x08000000, Size: 0x000317a8, Max: 0x00080000, ABSOLUTE)

    Exec Addr    Load Addr    Size         Type   Attr      Idx    E Section Name        Object

    0x08000000   0x08000000   0x00000130   Data   RO          252    RESET               startup_stm32f10x_hd.o
    0x08000130   0x08000130   0x00000008   Code   RO         2051  * !!!main             c_w.l(__main.o)
    0x08000138   0x08000138   0x00000034   Code   RO         2347    !!!scatter          c_w.l(__scatter.o)
    0x0800016c   0x0800016c   0x0000005a   Code   RO         2345    !!dczerorl2         c_w.l(__dczerorl2.o)
    0x080001c6   0x080001c6   0x00000002   PAD
    0x080001c8   0x080001c8   0x0000001c   Code   RO         2349    !!handler_zi        c_w.l(__scatter_zi.o)
    0x080001e4   0x080001e4   0x00000000   Code   RO         2014    .ARM.Collect$$_printf_percent$$00000000  c_w.l(_printf_percent.o)
    0x080001e4   0x080001e4   0x00000006   Code   RO         2013    .ARM.Collect$$_printf_percent$$00000009  c_w.l(_printf_d.o)
    0x080001ea   0x080001ea   0x00000004   Code   RO         2156    .ARM.Collect$$_printf_percent$$00000017  c_w.l(_printf_percent_end.o)
    0x080001ee   0x080001ee   0x00000002   Code   RO         2269    .ARM.Collect$$libinit$$00000000  c_w.l(libinit.o)
    0x080001f0   0x080001f0   0x00000000   Code   RO         2206    .ARM.Collect$$libinit$$00000002  c_w.l(libinit2.o)
    0x080001f0   0x080001f0   0x00000000   Code   RO         2208    .ARM.Collect$$libinit$$00000004  c_w.l(libinit2.o)
    0x080001f0   0x080001f0   0x00000000   Code   RO         2211    .ARM.Collect$$libinit$$0000000A  c_w.l(libinit2.o)
    0x080001f0   0x080001f0   0x00000000   Code   RO         2213    .ARM.Collect$$libinit$$0000000C  c_w.l(libinit2.o)
    0x080001f0   0x080001f0   0x00000000   Code   RO         2215    .ARM.Collect$$libinit$$0000000E  c_w.l(libinit2.o)
    0x080001f0   0x080001f0   0x00000006   Code   RO         2216    .ARM.Collect$$libinit$$0000000F  c_w.l(libinit2.o)
    0x080001f6   0x080001f6   0x00000000   Code   RO         2218    .ARM.Collect$$libinit$$00000011  c_w.l(libinit2.o)
    0x080001f6   0x080001f6   0x0000000c   Code   RO         2219    .ARM.Collect$$libinit$$00000012  c_w.l(libinit2.o)
    0x08000202   0x08000202   0x00000000   Code   RO         2220    .ARM.Collect$$libinit$$00000013  c_w.l(libinit2.o)
    0x08000202   0x08000202   0x00000000   Code   RO         2222    .ARM.Collect$$libinit$$00000015  c_w.l(libinit2.o)
    0x08000202   0x08000202   0x00000000   Code   RO         2224    .ARM.Collect$$libinit$$00000017  c_w.l(libinit2.o)
    0x08000202   0x08000202   0x00000000   Code   RO         2226    .ARM.Collect$$libinit$$00000019  c_w.l(libinit2.o)
    0x08000202   0x08000202   0x00000000   Code   RO         2228    .ARM.Collect$$libinit$$0000001B  c_w.l(libinit2.o)
    0x08000202   0x08000202   0x00000000   Code   RO         2230    .ARM.Collect$$libinit$$0000001D  c_w.l(libinit2.o)
    0x08000202   0x08000202   0x00000000   Code   RO         2232    .ARM.Collect$$libinit$$0000001F  c_w.l(libinit2.o)
    0x08000202   0x08000202   0x00000000   Code   RO         2234    .ARM.Collect$$libinit$$00000021  c_w.l(libinit2.o)
    0x08000202   0x08000202   0x00000000   Code   RO         2236    .ARM.Collect$$libinit$$00000023  c_w.l(libinit2.o)
    0x08000202   0x08000202   0x00000000   Code   RO         2238    .ARM.Collect$$libinit$$00000025  c_w.l(libinit2.o)
    0x08000202   0x08000202   0x00000000   Code   RO         2242    .ARM.Collect$$libinit$$0000002C  c_w.l(libinit2.o)
    0x08000202   0x08000202   0x00000000   Code   RO         2244    .ARM.Collect$$libinit$$0000002E  c_w.l(libinit2.o)
    0x08000202   0x08000202   0x00000000   Code   RO         2246    .ARM.Collect$$libinit$$00000030  c_w.l(libinit2.o)
    0x08000202   0x08000202   0x00000000   Code   RO         2248    .ARM.Collect$$libinit$$00000032  c_w.l(libinit2.o)
    0x08000202   0x08000202   0x00000002   Code   RO         2249    .ARM.Collect$$libinit$$00000033  c_w.l(libinit2.o)
    0x08000204   0x08000204   0x00000002   Code   RO         2312    .ARM.Collect$$libshutdown$$00000000  c_w.l(libshutdown.o)
    0x08000206   0x08000206   0x00000000   Code   RO         2328    .ARM.Collect$$libshutdown$$00000002  c_w.l(libshutdown2.o)
    0x08000206   0x08000206   0x00000000   Code   RO         2330    .ARM.Collect$$libshutdown$$00000004  c_w.l(libshutdown2.o)
    0x08000206   0x08000206   0x00000000   Code   RO         2333    .ARM.Collect$$libshutdown$$00000007  c_w.l(libshutdown2.o)
    0x08000206   0x08000206   0x00000000   Code   RO         2336    .ARM.Collect$$libshutdown$$0000000A  c_w.l(libshutdown2.o)
    0x08000206   0x08000206   0x00000000   Code   RO         2338    .ARM.Collect$$libshutdown$$0000000C  c_w.l(libshutdown2.o)
    0x08000206   0x08000206   0x00000000   Code   RO         2341    .ARM.Collect$$libshutdown$$0000000F  c_w.l(libshutdown2.o)
    0x08000206   0x08000206   0x00000002   Code   RO         2342    .ARM.Collect$$libshutdown$$00000010  c_w.l(libshutdown2.o)
    0x08000208   0x08000208   0x00000000   Code   RO         2137    .ARM.Collect$$rtentry$$00000000  c_w.l(__rtentry.o)
    0x08000208   0x08000208   0x00000000   Code   RO         2181    .ARM.Collect$$rtentry$$00000002  c_w.l(__rtentry2.o)
    0x08000208   0x08000208   0x00000006   Code   RO         2193    .ARM.Collect$$rtentry$$00000004  c_w.l(__rtentry4.o)
    0x0800020e   0x0800020e   0x00000000   Code   RO         2183    .ARM.Collect$$rtentry$$00000009  c_w.l(__rtentry2.o)
    0x0800020e   0x0800020e   0x00000004   Code   RO         2184    .ARM.Collect$$rtentry$$0000000A  c_w.l(__rtentry2.o)
    0x08000212   0x08000212   0x00000000   Code   RO         2186    .ARM.Collect$$rtentry$$0000000C  c_w.l(__rtentry2.o)
    0x08000212   0x08000212   0x00000008   Code   RO         2187    .ARM.Collect$$rtentry$$0000000D  c_w.l(__rtentry2.o)
    0x0800021a   0x0800021a   0x00000002   Code   RO         2272    .ARM.Collect$$rtexit$$00000000  c_w.l(rtexit.o)
    0x0800021c   0x0800021c   0x00000000   Code   RO         2287    .ARM.Collect$$rtexit$$00000002  c_w.l(rtexit2.o)
    0x0800021c   0x0800021c   0x00000004   Code   RO         2288    .ARM.Collect$$rtexit$$00000003  c_w.l(rtexit2.o)
    0x08000220   0x08000220   0x00000006   Code   RO         2289    .ARM.Collect$$rtexit$$00000004  c_w.l(rtexit2.o)
    0x08000226   0x08000226   0x00000018   Code   RO            1    .text               stm32f10x_it.o
    0x0800023e   0x0800023e   0x00000002   PAD
    0x08000240   0x08000240   0x000001e0   Code   RO          104    .text               system_stm32f10x.o
    0x08000420   0x08000420   0x00000044   Code   RO          122    .text               main.o
    0x08000464   0x08000464   0x00000128   Code   RO          216    .text               usart.o
    0x0800058c   0x0800058c   0x00000040   Code   RO          253    .text               startup_stm32f10x_hd.o
    0x080005cc   0x080005cc   0x000000dc   Code   RO          257    .text               misc.o
    0x080006a8   0x080006a8   0x0000035c   Code   RO          269    .text               stm32f10x_gpio.o
    0x08000a04   0x08000a04   0x000003a4   Code   RO          281    .text               stm32f10x_rcc.o
    0x08000da8   0x08000da8   0x00000408   Code   RO          295    .text               stm32f10x_usart.o
    0x080011b0   0x080011b0   0x00000e1a   Code   RO          343    .text               stm32f10x_tim.o
    0x08001fca   0x08001fca   0x00000002   PAD
    0x08001fcc   0x08001fcc   0x0000060c   Code   RO          355    .text               stm32f10x_fsmc.o
    0x080025d8   0x080025d8   0x000000c4   Code   RO          367    .text               stm32f10x_bkp.o
    0x0800269c   0x0800269c   0x00000148   Code   RO          379    .text               stm32f10x_rtc.o
    0x080027e4   0x080027e4   0x000000cc   Code   RO          391    .text               stm32f10x_pwr.o
    0x080028b0   0x080028b0   0x0000030c   Code   RO          415    .text               stm32f10x_spi.o
    0x08002bbc   0x08002bbc   0x000000a4   Code   RO          451    .text               led.o
    0x08002c60   0x08002c60   0x000002b8   Code   RO          464    .text               lcd_driver.o
    0x08002f18   0x08002f18   0x00000100   Code   RO          479    .text               button.o
    0x08003018   0x08003018   0x0000023c   Code   RO          492    .text               tim.o
    0x08003254   0x08003254   0x00000460   Code   RO          511    .text               rtc.o
    0x080036b4   0x080036b4   0x00000440   Code   RO          535    .text               touch.o
    0x08003af4   0x08003af4   0x000001dc   Code   RO          557    .text               spi.o
    0x08003cd0   0x08003cd0   0x00000430   Code   RO          569    .text               gui.o
    0x08004100   0x08004100   0x0000039c   Code   RO          590    .text               flash.o
    0x0800449c   0x0800449c   0x0000026a   Code   RO          604    .text               array.o
    0x08004706   0x08004706   0x000000a2   Code   RO          644    .text               bitmap.o
    0x080047a8   0x080047a8   0x000000dc   Code   RO          680    .text               button_1.o
    0x08004884   0x08004884   0x00002706   Code   RO          746    .text               canvas.o
    0x08006f8a   0x08006f8a   0x00000002   PAD
    0x08006f8c   0x08006f8c   0x00000228   Code   RO          770    .text               check_button.o
    0x080071b4   0x080071b4   0x00000018   Code   RO          797    .text               color.o
    0x080071cc   0x080071cc   0x000003dc   Code   RO          809    .text               dialog.o
    0x080075a8   0x080075a8   0x0000026e   Code   RO          860    .text               emitter.o
    0x08007816   0x08007816   0x00000002   PAD
    0x08007818   0x08007818   0x00000148   Code   RO          872    .text               enums.o
    0x08007960   0x08007960   0x0000005e   Code   RO          902    .text               font.o
    0x080079be   0x080079be   0x00000002   PAD
    0x080079c0   0x080079c0   0x000000fc   Code   RO          914    .text               font_manager.o
    0x08007abc   0x08007abc   0x00000068   Code   RO          928    .text               group_box.o
    0x08007b24   0x08007b24   0x00000288   Code   RO          943    .text               image.o
    0x08007dac   0x08007dac   0x000002bc   Code   RO          961    .text               image_manager.o
    0x08008068   0x08008068   0x00000060   Code   RO          975    .text               label.o
    0x080080c8   0x080080c8   0x00000390   Code   RO          990    .text               lcd.o
    0x08008458   0x08008458   0x00000114   Code   RO         1002    .text               main_loop.o
    0x0800856c   0x0800856c   0x00000364   Code   RO         1019    .text               mem.o
    0x080088d0   0x080088d0   0x0000046c   Code   RO         1033    .text               progress_bar.o
    0x08008d3c   0x08008d3c   0x0000016a   Code   RO         1051    .text               rect.o
    0x08008ea6   0x08008ea6   0x00000002   PAD
    0x08008ea8   0x08008ea8   0x000001b8   Code   RO         1063    .text               theme.o
    0x08009060   0x08009060   0x00000304   Code   RO         1077    .text               utf8.o
    0x08009364   0x08009364   0x00000420   Code   RO         1092    .text               value.o
    0x08009784   0x08009784   0x000015d6   Code   RO         1107    .text               widget.o
    0x0800ad5a   0x0800ad5a   0x00000002   PAD
    0x0800ad5c   0x0800ad5c   0x00000200   Code   RO         1122    .text               widget_vtable.o
    0x0800af5c   0x0800af5c   0x00000134   Code   RO         1160    .text               window.o
    0x0800b090   0x0800b090   0x00000a36   Code   RO         1178    .text               window_manager.o
    0x0800bac6   0x0800bac6   0x00000002   PAD
    0x0800bac8   0x0800bac8   0x000005e8   Code   RO         1206    .text               wstr.o
    0x0800c0b0   0x0800c0b0   0x00000138   Code   RO         1218    .text               font_bitmap.o
    0x0800c1e8   0x0800c1e8   0x000029b8   Code   RO         1233    .text               utils.o
    0x0800eba0   0x0800eba0   0x0000009e   Code   RO         1257    .text               events.o
    0x0800ec3e   0x0800ec3e   0x00000002   PAD
    0x0800ec40   0x0800ec40   0x000003a0   Code   RO         1269    .text               timer.o
    0x0800efe0   0x0800efe0   0x00000208   Code   RO         1283    .text               resource_manager.o
    0x0800f1e8   0x0800f1e8   0x000008ec   Code   RO         1297    .text               layout.o
    0x0800fad4   0x0800fad4   0x00000146   Code   RO         1318    .text               event_queue.o
    0x0800fc1a   0x0800fc1a   0x00000002   PAD
    0x0800fc1c   0x0800fc1c   0x000007c8   Code   RO         1330    .text               slider.o
    0x080103e4   0x080103e4   0x00000138   Code   RO         1348    .text               window_animator.o
    0x0801051c   0x0801051c   0x00000010   Code   RO         1360    .text               window_animator_null.o
    0x0801052c   0x0801052c   0x000002d8   Code   RO         1372    .text               idle.o
    0x08010804   0x08010804   0x00000018   Code   RO         1386    .text               time.o
    0x0801081c   0x0801081c   0x00000008   Code   RO         1398    .text               system_info.o
    0x08010824   0x08010824   0x0000002c   Code   RO         1412    .text               image_loader.o
    0x08010850   0x08010850   0x00000290   Code   RO         1424    .text               tk.o
    0x08010ae0   0x08010ae0   0x00000250   Code   RO         1442    .text               locale.o
    0x08010d30   0x08010d30   0x000005e2   Code   RO         1456    .text               str.o
    0x08011312   0x08011312   0x00000002   PAD
    0x08011314   0x08011314   0x00000294   Code   RO         1468    .text               main_loop_simple.o
    0x080115a8   0x080115a8   0x000001c8   Code   RO         1508    .text               pages.o
    0x08011770   0x08011770   0x0000115c   Code   RO         1523    .text               edit.o
    0x080128cc   0x080128cc   0x00000054   Code   RO         1538    .text               view.o
    0x08012920   0x08012920   0x000001a4   Code   RO         1571    .text               widget_factory.o
    0x08012ac4   0x08012ac4   0x00000186   Code   RO         1658    .text               tokenizer.o
    0x08012c4a   0x08012c4a   0x00000002   PAD
    0x08012c4c   0x08012c4c   0x000001f0   Code   RO         1670    .text               input_method.o
    0x08012e3c   0x08012e3c   0x00000048   Code   RO         1684    .text               input_method_null.o
    0x08012e84   0x08012e84   0x00000080   Code   RO         1708    .text               input_engine.o
    0x08012f04   0x08012f04   0x000000ec   Code   RO         1720    .text               spin_box.o
    0x08012ff0   0x08012ff0   0x0000034c   Code   RO         1738    .text               dragger.o
    0x0801333c   0x0801333c   0x00000534   Code   RO         1756    .text               lcd_stm32_raw.o
    0x08013870   0x08013870   0x000000d8   Code   RO         1780    .text               main_loop_stm32_raw.o
    0x08013948   0x08013948   0x00000064   Code   RO         1843    .text               platform.o
    0x080139ac   0x080139ac   0x0000001c   Code   RO         1857    .text               mutex_null.o
    0x080139c8   0x080139c8   0x0000004c   Code   RO         1874    .text               sys_tick.o
    0x08013a14   0x08013a14   0x0000001e   Code   RO         1888    .text               demo_main.o
    0x08013a32   0x08013a32   0x00000002   PAD
    0x08013a34   0x08013a34   0x00000544   Code   RO         1903    .text               demo1_app.o
    0x08013f78   0x08013f78   0x0000019c   Code   RO         1921    .text               resource-mini.o
    0x08014114   0x08014114   0x00000002   Code   RO         1971    .text               c_w.l(use_no_semi_2.o)
    0x08014116   0x08014116   0x00000002   PAD
    0x08014118   0x08014118   0x00000010   Code   RO         1973    .text               c_w.l(rt_ctype_table.o)
    0x08014128   0x08014128   0x000000ee   Code   RO         1975    .text               c_w.l(lludivv7m.o)
    0x08014216   0x08014216   0x00000026   Code   RO         1977    .text               c_w.l(llushr.o)
    0x0801423c   0x0801423c   0x00000048   Code   RO         1979    .text               c_w.l(llsdiv.o)
    0x08014284   0x08014284   0x0000001a   Code   RO         1981    .text               c_w.l(tolower.o)
    0x0801429e   0x0801429e   0x0000001e   Code   RO         1983    .text               c_w.l(toupper.o)
    0x080142bc   0x080142bc   0x00000018   Code   RO         1987    .text               c_w.l(noretval__2printf.o)
    0x080142d4   0x080142d4   0x00000068   Code   RO         1989    .text               c_w.l(__printf.o)
    0x0801433c   0x0801433c   0x00000078   Code   RO         1991    .text               c_w.l(_printf_dec.o)
    0x080143b4   0x080143b4   0x0000001a   Code   RO         2015    .text               c_w.l(atoi.o)
    0x080143ce   0x080143ce   0x00000014   Code   RO         2017    .text               c_w.l(strchr.o)
    0x080143e2   0x080143e2   0x00000024   Code   RO         2019    .text               c_w.l(strstr.o)
    0x08014406   0x08014406   0x00000048   Code   RO         2021    .text               c_w.l(strcpy.o)
    0x0801444e   0x0801444e   0x00000016   Code   RO         2023    .text               c_w.l(strrchr.o)
    0x08014464   0x08014464   0x0000003e   Code   RO         2025    .text               c_w.l(strlen.o)
    0x080144a2   0x080144a2   0x00000012   Code   RO         2027    .text               c_w.l(wcscpy.o)
    0x080144b4   0x080144b4   0x00000016   Code   RO         2029    .text               c_w.l(wcschr.o)
    0x080144ca   0x080144ca   0x00000012   Code   RO         2031    .text               c_w.l(wcslen.o)
    0x080144dc   0x080144dc   0x00000096   Code   RO         2033    .text               c_w.l(strncmp.o)
    0x08014572   0x08014572   0x0000008a   Code   RO         2035    .text               c_w.l(rt_memcpy_v6.o)
    0x080145fc   0x080145fc   0x00000084   Code   RO         2037    .text               c_w.l(rt_memmove_v6.o)
    0x08014680   0x08014680   0x00000064   Code   RO         2039    .text               c_w.l(rt_memcpy_w.o)
    0x080146e4   0x080146e4   0x00000044   Code   RO         2041    .text               c_w.l(rt_memclr.o)
    0x08014728   0x08014728   0x0000004e   Code   RO         2043    .text               c_w.l(rt_memclr_w.o)
    0x08014776   0x08014776   0x00000056   Code   RO         2045    .text               c_w.l(strncpy.o)
    0x080147cc   0x080147cc   0x00000080   Code   RO         2047    .text               c_w.l(strcmpv7m.o)
    0x0801484c   0x0801484c   0x00000006   Code   RO         2049    .text               c_w.l(heapauxi.o)
    0x08014852   0x08014852   0x00000002   Code   RO         2135    .text               c_w.l(use_no_semi.o)
    0x08014854   0x08014854   0x00000008   Code   RO         2145    .text               c_w.l(rt_locale_intlibspace.o)
    0x0801485c   0x0801485c   0x00000008   Code   RO         2150    .text               c_w.l(rt_errno_addr_intlibspace.o)
    0x08014864   0x08014864   0x000000b2   Code   RO         2152    .text               c_w.l(_printf_intcommon.o)
    0x08014916   0x08014916   0x00000002   PAD
    0x08014918   0x08014918   0x00000024   Code   RO         2154    .text               c_w.l(_printf_char_file.o)
    0x0801493c   0x0801493c   0x00000070   Code   RO         2157    .text               c_w.l(strtol.o)
    0x080149ac   0x080149ac   0x0000007a   Code   RO         2162    .text               c_w.l(rt_memmove_w.o)
    0x08014a26   0x08014a26   0x00000002   PAD
    0x08014a28   0x08014a28   0x00000008   Code   RO         2177    .text               c_w.l(libspace.o)
    0x08014a30   0x08014a30   0x00000030   Code   RO         2197    .text               c_w.l(_printf_char_common.o)
    0x08014a60   0x08014a60   0x0000009e   Code   RO         2199    .text               c_w.l(_strtoul.o)
    0x08014afe   0x08014afe   0x00000008   Code   RO         2201    .text               c_w.l(ferror.o)
    0x08014b06   0x08014b06   0x0000004a   Code   RO         2250    .text               c_w.l(sys_stackheap_outer.o)
    0x08014b50   0x08014b50   0x0000001c   Code   RO         2254    .text               c_w.l(_chval.o)
    0x08014b6c   0x08014b6c   0x00000012   Code   RO         2256    .text               c_w.l(exit.o)
    0x08014b7e   0x08014b7e   0x00000002   PAD
    0x08014b80   0x08014b80   0x000000dc   Code   RO         2132    i.floor             m_ws.l(floor.o)
    0x08014c5c   0x08014c5c   0x0000002c   Code   RO         2160    locale$$code        c_w.l(lc_ctype_c.o)
    0x08014c88   0x08014c88   0x00000062   Code   RO         2053    x$fpl$d2f           fz_ws.l(d2f.o)
    0x08014cea   0x08014cea   0x00000002   PAD
    0x08014cec   0x08014cec   0x00000150   Code   RO         2055    x$fpl$dadd          fz_ws.l(daddsub_clz.o)
    0x08014e3c   0x08014e3c   0x00000018   Code   RO         2164    x$fpl$dcmpinf       fz_ws.l(dcmpi.o)
    0x08014e54   0x08014e54   0x000002b0   Code   RO         2062    x$fpl$ddiv          fz_ws.l(ddiv.o)
    0x08015104   0x08015104   0x00000078   Code   RO         2065    x$fpl$deqf          fz_ws.l(deqf.o)
    0x0801517c   0x0801517c   0x0000005e   Code   RO         2067    x$fpl$dfix          fz_ws.l(dfix.o)
    0x080151da   0x080151da   0x00000002   PAD
    0x080151dc   0x080151dc   0x0000005a   Code   RO         2075    x$fpl$dfixu         fz_ws.l(dfixu.o)
    0x08015236   0x08015236   0x0000002e   Code   RO         2080    x$fpl$dflt          fz_ws.l(dflt_clz.o)
    0x08015264   0x08015264   0x000000a2   Code   RO         2085    x$fpl$dfltll        fz_ws.l(dfltll_clz.o)
    0x08015306   0x08015306   0x00000026   Code   RO         2079    x$fpl$dfltu         fz_ws.l(dflt_clz.o)
    0x0801532c   0x0801532c   0x00000078   Code   RO         2089    x$fpl$dleqf         fz_ws.l(dleqf.o)
    0x080153a4   0x080153a4   0x00000154   Code   RO         2091    x$fpl$dmul          fz_ws.l(dmul.o)
    0x080154f8   0x080154f8   0x0000009c   Code   RO         2166    x$fpl$dnaninf       fz_ws.l(dnaninf.o)
    0x08015594   0x08015594   0x0000000c   Code   RO         2168    x$fpl$dretinf       fz_ws.l(dretinf.o)
    0x080155a0   0x080155a0   0x0000006c   Code   RO         2093    x$fpl$drleqf        fz_ws.l(drleqf.o)
    0x0801560c   0x0801560c   0x00000016   Code   RO         2056    x$fpl$drsb          fz_ws.l(daddsub_clz.o)
    0x08015622   0x08015622   0x00000002   PAD
    0x08015624   0x08015624   0x000001d4   Code   RO         2057    x$fpl$dsub          fz_ws.l(daddsub_clz.o)
    0x080157f8   0x080157f8   0x00000056   Code   RO         2095    x$fpl$f2d           fz_ws.l(f2d.o)
    0x0801584e   0x0801584e   0x00000002   PAD
    0x08015850   0x08015850   0x000000c4   Code   RO         2097    x$fpl$fadd          fz_ws.l(faddsub_clz.o)
    0x08015914   0x08015914   0x00000018   Code   RO         2170    x$fpl$fcmpinf       fz_ws.l(fcmpi.o)
    0x0801592c   0x0801592c   0x00000184   Code   RO         2104    x$fpl$fdiv          fz_ws.l(fdiv.o)
    0x08015ab0   0x08015ab0   0x00000068   Code   RO         2107    x$fpl$feqf          fz_ws.l(feqf.o)
    0x08015b18   0x08015b18   0x00000036   Code   RO         2109    x$fpl$ffix          fz_ws.l(ffix.o)
    0x08015b4e   0x08015b4e   0x00000002   PAD
    0x08015b50   0x08015b50   0x0000003e   Code   RO         2113    x$fpl$ffixu         fz_ws.l(ffixu.o)
    0x08015b8e   0x08015b8e   0x00000002   PAD
    0x08015b90   0x08015b90   0x00000030   Code   RO         2118    x$fpl$fflt          fz_ws.l(fflt_clz.o)
    0x08015bc0   0x08015bc0   0x00000060   Code   RO         2123    x$fpl$ffltll        fz_ws.l(ffltll_clz.o)
    0x08015c20   0x08015c20   0x00000026   Code   RO         2117    x$fpl$ffltu         fz_ws.l(fflt_clz.o)
    0x08015c46   0x08015c46   0x00000002   PAD
    0x08015c48   0x08015c48   0x00000068   Code   RO         2125    x$fpl$fleqf         fz_ws.l(fleqf.o)
    0x08015cb0   0x08015cb0   0x00000102   Code   RO         2127    x$fpl$fmul          fz_ws.l(fmul.o)
    0x08015db2   0x08015db2   0x0000008c   Code   RO         2172    x$fpl$fnaninf       fz_ws.l(fnaninf.o)
    0x08015e3e   0x08015e3e   0x0000000a   Code   RO         2174    x$fpl$fretinf       fz_ws.l(fretinf.o)
    0x08015e48   0x08015e48   0x00000062   Code   RO         2129    x$fpl$frleqf        fz_ws.l(frleqf.o)
    0x08015eaa   0x08015eaa   0x00000014   Code   RO         2098    x$fpl$frsb          fz_ws.l(faddsub_clz.o)
    0x08015ebe   0x08015ebe   0x00000002   PAD
    0x08015ec0   0x08015ec0   0x000000ea   Code   RO         2099    x$fpl$fsub          fz_ws.l(faddsub_clz.o)
    0x08015faa   0x08015faa   0x00000002   PAD
    0x08015fac   0x08015fac   0x000000c2   Code   RO         2071    x$fpl$llsfromd      fz_ws.l(dfixll.o)
    0x0801606e   0x0801606e   0x00000000   Code   RO         2176    x$fpl$usenofp       fz_ws.l(usenofp.o)
    0x0801606e   0x0801606e   0x00000018   Data   RO          513    .constdata          rtc.o
    0x08016086   0x08016086   0x00000948   Data   RO          570    .constdata          gui.o
    0x080169ce   0x080169ce   0x00000002   PAD
    0x080169d0   0x080169d0   0x00000058   Data   RO          681    .constdata          button_1.o
    0x08016a28   0x08016a28   0x000000b0   Data   RO          771    .constdata          check_button.o
    0x08016ad8   0x08016ad8   0x00000108   Data   RO          810    .constdata          dialog.o
    0x08016be0   0x08016be0   0x0000042c   Data   RO          873    .constdata          enums.o
    0x0801700c   0x0801700c   0x00000058   Data   RO          929    .constdata          group_box.o
    0x08017064   0x08017064   0x00000058   Data   RO          944    .constdata          image.o
    0x080170bc   0x080170bc   0x00000058   Data   RO          976    .constdata          label.o
    0x08017114   0x08017114   0x00000058   Data   RO         1034    .constdata          progress_bar.o
    0x0801716c   0x0801716c   0x00000104   Data   RO         1078    .constdata          utf8.o
    0x08017270   0x08017270   0x00000058   Data   RO         1123    .constdata          widget_vtable.o
    0x080172c8   0x080172c8   0x00000058   Data   RO         1161    .constdata          window.o
    0x08017320   0x08017320   0x0000007e   Data   RO         1179    .constdata          window_manager.o
    0x0801739e   0x0801739e   0x00000002   PAD
    0x080173a0   0x080173a0   0x00000458   Data   RO         1234    .constdata          utils.o
    0x080177f8   0x080177f8   0x00000058   Data   RO         1331    .constdata          slider.o
    0x08017850   0x08017850   0x00000058   Data   RO         1509    .constdata          pages.o
    0x080178a8   0x080178a8   0x00000058   Data   RO         1524    .constdata          edit.o
    0x08017900   0x08017900   0x00000058   Data   RO         1539    .constdata          view.o
    0x08017958   0x08017958   0x0000012c   Data   RO         1572    .constdata          widget_factory.o
    0x08017a84   0x08017a84   0x00000058   Data   RO         1721    .constdata          spin_box.o
    0x08017adc   0x08017adc   0x00000058   Data   RO         1739    .constdata          dragger.o
    0x08017b34   0x08017b34   0x000197df   Data   RO         1922    .constdata          resource-mini.o
    0x08031313   0x08031313   0x00000001   PAD
    0x08031314   0x08031314   0x00000007   Data   RO          682    .conststring        button_1.o
    0x0803131b   0x0803131b   0x00000001   PAD
    0x0803131c   0x0803131c   0x0000001d   Data   RO          772    .conststring        check_button.o
    0x08031339   0x08031339   0x00000003   PAD
    0x0803133c   0x0803133c   0x00000026   Data   RO          811    .conststring        dialog.o
    0x08031362   0x08031362   0x00000002   PAD
    0x08031364   0x08031364   0x00000312   Data   RO          874    .conststring        enums.o
    0x08031676   0x08031676   0x00000002   PAD
    0x08031678   0x08031678   0x00000020   Data   RO         2343    Region$$Table       anon$$obj.o
    0x08031698   0x08031698   0x00000110   Data   RO         2159    locale$$data        c_w.l(lc_ctype_c.o)


    Execution Region RW_IRAM1 (Exec base: 0x20000000, Load base: 0x080317a8, Size: 0x00003960, Max: 0x00010000, ABSOLUTE, COMPRESSED[0x00000104])

    Exec Addr    Load Addr    Size         Type   Attr      Idx    E Section Name        Object

    0x20000000   COMPRESSED   0x00000014   Data   RW          105    .data               system_stm32f10x.o
    0x20000014   COMPRESSED   0x00000006   Data   RW          218    .data               usart.o
    0x2000001a   COMPRESSED   0x00000014   Data   RW          282    .data               stm32f10x_rcc.o
    0x2000002e   COMPRESSED   0x00000001   Data   RW          452    .data               led.o
    0x2000002f   COMPRESSED   0x00000001   Data   RW          480    .data               button.o
    0x20000030   COMPRESSED   0x00000004   Data   RW          493    .data               tim.o
    0x20000034   COMPRESSED   0x0000000a   Data   RW          514    .data               rtc.o
    0x2000003e   COMPRESSED   0x00000008   Data   RW          537    .data               touch.o
    0x20000046   COMPRESSED   0x00000002   PAD
    0x20000048   COMPRESSED   0x00000004   Data   RW          915    .data               font_manager.o
    0x2000004c   COMPRESSED   0x00000004   Data   RW          962    .data               image_manager.o
    0x20000050   COMPRESSED   0x00000004   Data   RW         1003    .data               main_loop.o
    0x20000054   COMPRESSED   0x00000004   Data   RW         1064    .data               theme.o
    0x20000058   COMPRESSED   0x00000004   Data   RW         1181    .data               window_manager.o
    0x2000005c   COMPRESSED   0x000000f1   Data   RW         1235    .data               utils.o
    0x2000014d   COMPRESSED   0x00000003   PAD
    0x20000150   COMPRESSED   0x00000004   Data   RW         1270    .data               timer.o
    0x20000154   COMPRESSED   0x00000004   Data   RW         1284    .data               resource_manager.o
    0x20000158   COMPRESSED   0x00000004   Data   RW         1373    .data               idle.o
    0x2000015c   COMPRESSED   0x00000004   Data   RW         1443    .data               locale.o
    0x20000160   COMPRESSED   0x00000004   Data   RW         1573    .data               widget_factory.o
    0x20000164   COMPRESSED   0x00000004   Data   RW         1671    .data               input_method.o
    0x20000168   COMPRESSED   0x00000004   Data   RW         1858    .data               mutex_null.o
    0x2000016c   COMPRESSED   0x00000004   Data   RW         1875    .data               sys_tick.o
    0x20000170        -       0x000000c8   Zero   RW          217    .bss                usart.o
    0x20000238        -       0x0000000a   Zero   RW          512    .bss                rtc.o
    0x20000242   COMPRESSED   0x00000002   PAD
    0x20000244        -       0x0000000c   Zero   RW          536    .bss                touch.o
    0x20000250        -       0x00001000   Zero   RW          591    .bss                flash.o
    0x20001250        -       0x00000010   Zero   RW         1020    .bss                mem.o
    0x20001260        -       0x00000014   Zero   RW         1399    .bss                system_info.o
    0x20001274        -       0x0000008c   Zero   RW         1469    .bss                main_loop_simple.o
    0x20001300        -       0x00002000   Zero   RW         1844    .bss                platform.o
    0x20003300        -       0x00000060   Zero   RW         2178    .bss                c_w.l(libspace.o)
    0x20003360        -       0x00000200   Zero   RW          251    HEAP                startup_stm32f10x_hd.o
    0x20003560        -       0x00000400   Zero   RW          250    STACK               startup_stm32f10x_hd.o


==============================================================================

Image component sizes


      Code (inc. data)   RO Data    RW Data    ZI Data      Debug   Object Name

       618          0          0          0          0      13083   array.o
       162          0          0          0          0       3467   bitmap.o
       256         12          0          1          0        850   button.o
       220          4         95          0          0      20608   button_1.o
      9990         78          0          0          0      30722   canvas.o
       552         16        205          0          0       5743   check_button.o
        24          0          0          0          0        641   color.o
         0          0          0          0          0         32   core_cm3.o
      1348        256          0          0          0       3495   demo1_app.o
        30          0          0          0          0        600   demo_main.o
       988         70        302          0          0      13627   dialog.o
       844         42         88          0          0       4567   dragger.o
      4444        192         88          0          0      15489   edit.o
       622          0          0          0          0       5002   emitter.o
       328         32       1854          0          0       9263   enums.o
       326          0          0          0          0       2212   event_queue.o
       158          0          0          0          0       2065   events.o
       924         12          0          0       4096       3305   flash.o
        94          0          0          0          0       1250   font.o
       312         12          0          0          0       3686   font_bitmap.o
       252         14          0          4          0       3234   font_manager.o
       104          4         88          0          0       1647   group_box.o
      1072         12       2376          0          0       5635   gui.o
       728         14          0          4          0       6259   idle.o
       648         24         88          0          0       4220   image.o
        44          0          0          0          0       1060   image_loader.o
       700         12          0          4          0       5665   image_manager.o
       128          0          0          0          0       1038   input_engine.o
       496          8          0          4          0       4368   input_method.o
        72          4          0          0          0       1047   input_method_null.o
         0          0          0          0          0        396   keyboard.o
        96          4         88          0          0       1599   label.o
      2284         18          0          0          0      11715   layout.o
       912          0          0          0          0       8110   lcd.o
       696         18          0          0          0       2092   lcd_driver.o
      1332         36          0          0          0       6505   lcd_stm32_raw.o
       164         10          0          1          0        739   led.o
       592         22          0          4          0       4521   locale.o
        68          0          0          0          0     205271   main.o
       276          6          0          4          0       3124   main_loop.o
       660         12          0          0        140       4953   main_loop_simple.o
       216         16          0          0          0      15861   main_loop_stm32_raw.o
       868          6          0          0         16       4959   mem.o
       220         22          0          0          0       1825   misc.o
        28          6          0          4          0       1993   mutex_null.o
       456         20         88          0          0       3729   pages.o
       100         12          0          0       8192       1236   platform.o
      1132         38         88          0          0       5038   progress_bar.o
       362          0          0          0          0       2146   rect.o
       412        132     104415          0          0      11873   resource-mini.o
       520         14          0          4          0       5686   resource_manager.o
      1120         66         24         10         10       4387   rtc.o
      1992         46         88          0          0       7047   slider.o
       476         16          0          0          0       1828   spi.o
       236         72         88          0          0       1514   spin_box.o
        64         26        304          0       1536        812   startup_stm32f10x_hd.o
       196          8          0          0          0       3520   stm32f10x_bkp.o
      1548         18          0          0          0       5399   stm32f10x_fsmc.o
       860         38          0          0          0       5757   stm32f10x_gpio.o
        24          0          0          0          0      64030   stm32f10x_it.o
       204         14          0          0          0       1967   stm32f10x_pwr.o
       932         36          0         20          0       8944   stm32f10x_rcc.o
       328          4          0          0          0       2734   stm32f10x_rtc.o
       780         14          0          0          0       6638   stm32f10x_spi.o
      3610         88          0          0          0      22864   stm32f10x_tim.o
      1032         22          0          0          0       8480   stm32f10x_usart.o
      1506         30          0          0          0       8805   str.o
        76          6          0          4          0       1761   sys_tick.o
         8          4          0          0         20       1006   system_info.o
       480         38          0         20          0       1775   system_stm32f10x.o
       440          4          0          4          0       3280   theme.o
       572         24          0          4          0       1965   tim.o
        24          0          0          0          0        617   time.o
       928         12          0          4          0       7752   timer.o
       656         16          0          0          0       3706   tk.o
       390          0          0          0          0       3276   tokenizer.o
      1088         38          0          8         12       4326   touch.o
       296         16          0          6        200       3210   usart.o
       772          4        260          0          0       5513   utf8.o
     10680        206       1112        241          0      25855   utils.o
      1056         46          0          0          0       9380   value.o
        84          4         88          0          0       1698   view.o
      5590         72          0          0          0      27824   widget.o
       420         10        300          4          0       8364   widget_factory.o
       512          6         88          0          0      19527   widget_vtable.o
       308         18         88          0          0       3329   window.o
       312          0          0          0          0       1961   window_animator.o
        16          0          0          0          0       1475   window_animator_null.o
      2614         76        126          4          0      16106   window_manager.o
      1512         18          0          0          0       8379   wstr.o

    ----------------------------------------------------------------------
     81646       2326     112474        368      14224     794062   Object Totals
         0          0         32          0          0          0   (incl. Generated)
        26          0         13          5          2          0   (incl. Padding)

    ----------------------------------------------------------------------

      Code (inc. data)   RO Data    RW Data    ZI Data      Debug   Library Member Name

        90          0          0          0          0          0   __dczerorl2.o
         8          0          0          0          0         68   __main.o
       104          0          0          0          0         84   __printf.o
         0          0          0          0          0          0   __rtentry.o
        12          0          0          0          0          0   __rtentry2.o
         6          0          0          0          0          0   __rtentry4.o
        52          8          0          0          0          0   __scatter.o
        28          0          0          0          0          0   __scatter_zi.o
        28          0          0          0          0         68   _chval.o
        48          6          0          0          0         96   _printf_char_common.o
        36          4          0          0          0         80   _printf_char_file.o
         6          0          0          0          0          0   _printf_d.o
       120         16          0          0          0         92   _printf_dec.o
       178          0          0          0          0         88   _printf_intcommon.o
         0          0          0          0          0          0   _printf_percent.o
         4          0          0          0          0          0   _printf_percent_end.o
       158          0          0          0          0         92   _strtoul.o
        26          0          0          0          0         80   atoi.o
        18          0          0          0          0         80   exit.o
         8          0          0          0          0         68   ferror.o
         6          0          0          0          0        152   heapauxi.o
        44         10        272          0          0         76   lc_ctype_c.o
         2          0          0          0          0          0   libinit.o
        20          0          0          0          0          0   libinit2.o
         2          0          0          0          0          0   libshutdown.o
         2          0          0          0          0          0   libshutdown2.o
         8          4          0          0         96         68   libspace.o
        72          0          0          0          0         76   llsdiv.o
       238          0          0          0          0        100   lludivv7m.o
        38          0          0          0          0         68   llushr.o
        24          4          0          0          0         84   noretval__2printf.o
        16          4          0          0          0         76   rt_ctype_table.o
         8          4          0          0          0         68   rt_errno_addr_intlibspace.o
         8          4          0          0          0         68   rt_locale_intlibspace.o
        68          0          0          0          0         68   rt_memclr.o
        78          0          0          0          0         80   rt_memclr_w.o
       138          0          0          0          0         68   rt_memcpy_v6.o
       100          0          0          0          0         80   rt_memcpy_w.o
       132          0          0          0          0         68   rt_memmove_v6.o
       122          0          0          0          0         80   rt_memmove_w.o
         2          0          0          0          0          0   rtexit.o
        10          0          0          0          0          0   rtexit2.o
        20          0          0          0          0         68   strchr.o
       128          0          0          0          0         68   strcmpv7m.o
        72          0          0          0          0         80   strcpy.o
        62          0          0          0          0         76   strlen.o
       150          0          0          0          0         80   strncmp.o
        86          0          0          0          0         76   strncpy.o
        22          0          0          0          0         68   strrchr.o
        36          0          0          0          0         80   strstr.o
       112          0          0          0          0         88   strtol.o
        74          0          0          0          0         80   sys_stackheap_outer.o
        26          0          0          0          0         76   tolower.o
        30          0          0          0          0         76   toupper.o
         2          0          0          0          0         68   use_no_semi.o
         2          0          0          0          0         68   use_no_semi_2.o
        22          0          0          0          0         68   wcschr.o
        18          0          0          0          0         68   wcscpy.o
        18          0          0          0          0         68   wcslen.o
        98          4          0          0          0         92   d2f.o
       826         16          0          0          0        348   daddsub_clz.o
        24          0          0          0          0         68   dcmpi.o
       688        140          0          0          0        208   ddiv.o
       120          4          0          0          0         92   deqf.o
        94          4          0          0          0         92   dfix.o
       194          4          0          0          0        116   dfixll.o
        90          4          0          0          0         92   dfixu.o
        84          0          0          0          0        136   dflt_clz.o
       162          0          0          0          0         84   dfltll_clz.o
       120          4          0          0          0         92   dleqf.o
       340         12          0          0          0        104   dmul.o
       156          4          0          0          0         92   dnaninf.o
        12          0          0          0          0         68   dretinf.o
       108          0          0          0          0         80   drleqf.o
        86          4          0          0          0         84   f2d.o
       450          8          0          0          0        236   faddsub_clz.o
        24          0          0          0          0         68   fcmpi.o
       388         76          0          0          0         96   fdiv.o
       104          4          0          0          0         84   feqf.o
        54          4          0          0          0         84   ffix.o
        62          4          0          0          0         84   ffixu.o
        86          0          0          0          0        136   fflt_clz.o
        96          0          0          0          0         84   ffltll_clz.o
       104          4          0          0          0         84   fleqf.o
       258          4          0          0          0         84   fmul.o
       140          4          0          0          0         84   fnaninf.o
        10          0          0          0          0         68   fretinf.o
        98          0          0          0          0         68   frleqf.o
         0          0          0          0          0          0   usenofp.o
       220         16          0          0          0         84   floor.o

    ----------------------------------------------------------------------
      8272        388        272          0         96       6624   Library Totals
        28          0          0          0          0          0   (incl. Padding)

    ----------------------------------------------------------------------

      Code (inc. data)   RO Data    RW Data    ZI Data      Debug   Library Name

      2948         64        272          0         96       3432   c_w.l
      5076        308          0          0          0       3108   fz_ws.l
       220         16          0          0          0         84   m_ws.l

    ----------------------------------------------------------------------
      8272        388        272          0         96       6624   Library Totals

    ----------------------------------------------------------------------

==============================================================================


      Code (inc. data)   RO Data    RW Data    ZI Data      Debug   

     89918       2714     112746        368      14320     788982   Grand Totals
     89918       2714     112746        260      14320     788982   ELF Image Totals (compressed)
     89918       2714     112746        260          0          0   ROM Totals

==============================================================================

    Total RO  Size (Code + RO Data)               202664 ( 197.91kB)
    Total RW  Size (RW Data + ZI Data)             14688 (  14.34kB)
    Total ROM Size (Code + RO Data + RW Data)     202924 ( 198.17kB)

==============================================================================

