Component: ARM Compiler 5.06 update 5 (build 528) Tool: armlink [4d35e2]

==============================================================================

Section Cross References

    system_stm32f10x.o(.text) refers to system_stm32f10x.o(.data) for SystemCoreClock
    main.o(.text) refers to misc.o(.text) for NVIC_PriorityGroupConfig
    main.o(.text) refers to platform.o(.text) for systick_init
    main.o(.text) refers to led.o(.text) for led_init
    main.o(.text) refers to button.o(.text) for button_init
    main.o(.text) refers to lcd_driver.o(.text) for TFT_Init
    main.o(.text) refers to flash.o(.text) for FLASH_Init
    main.o(.text) refers to touch.o(.text) for TOUCH_Init
    main.o(.text) refers to tim.o(.text) for TIM3_Init
    main.o(.text) refers to rtc.o(.text) for rtc_init
    main.o(.text) refers to demo_main.o(.text) for gui_app_start
    sys.o(.text) refers to misc.o(.text) for NVIC_PriorityGroupConfig
    usart.o(.text) refers (Special) to use_no_semi_2.o(.text) for __use_no_semihosting
    usart.o(.text) refers to stm32f10x_rcc.o(.text) for RCC_APB2PeriphClockCmd
    usart.o(.text) refers to stm32f10x_gpio.o(.text) for GPIO_Init
    usart.o(.text) refers to misc.o(.text) for NVIC_Init
    usart.o(.text) refers to stm32f10x_usart.o(.text) for USART_Init
    usart.o(.text) refers to usart.o(.data) for USART_RX_STA
    usart.o(.text) refers to usart.o(.bss) for USART_RX_BUF
    usart.o(.bss) refers (Special) to use_no_semi_2.o(.text) for __use_no_semihosting
    usart.o(.data) refers (Special) to use_no_semi_2.o(.text) for __use_no_semihosting
    startup_stm32f10x_hd.o(STACK) refers (Special) to heapauxi.o(.text) for __use_two_region_memory
    startup_stm32f10x_hd.o(HEAP) refers (Special) to heapauxi.o(.text) for __use_two_region_memory
    startup_stm32f10x_hd.o(RESET) refers (Special) to heapauxi.o(.text) for __use_two_region_memory
    startup_stm32f10x_hd.o(RESET) refers to startup_stm32f10x_hd.o(STACK) for __initial_sp
    startup_stm32f10x_hd.o(RESET) refers to startup_stm32f10x_hd.o(.text) for Reset_Handler
    startup_stm32f10x_hd.o(RESET) refers to stm32f10x_it.o(.text) for NMI_Handler
    startup_stm32f10x_hd.o(RESET) refers to sys_tick.o(.text) for SysTick_Handler
    startup_stm32f10x_hd.o(RESET) refers to rtc.o(.text) for RTC_IRQHandler
    startup_stm32f10x_hd.o(RESET) refers to main_loop_stm32_raw.o(.text) for TIM3_IRQHandler
    startup_stm32f10x_hd.o(RESET) refers to usart.o(.text) for USART1_IRQHandler
    startup_stm32f10x_hd.o(RESET) refers to tim.o(.text) for TIM5_IRQHandler
    startup_stm32f10x_hd.o(.text) refers (Special) to heapauxi.o(.text) for __use_two_region_memory
    startup_stm32f10x_hd.o(.text) refers to system_stm32f10x.o(.text) for SystemInit
    startup_stm32f10x_hd.o(.text) refers to __main.o(!!!main) for __main
    startup_stm32f10x_hd.o(.text) refers to startup_stm32f10x_hd.o(HEAP) for Heap_Mem
    startup_stm32f10x_hd.o(.text) refers to startup_stm32f10x_hd.o(STACK) for Stack_Mem
    stm32f10x_gpio.o(.text) refers to stm32f10x_rcc.o(.text) for RCC_APB2PeriphResetCmd
    stm32f10x_rcc.o(.text) refers to stm32f10x_rcc.o(.data) for APBAHBPrescTable
    stm32f10x_usart.o(.text) refers to stm32f10x_rcc.o(.text) for RCC_APB2PeriphResetCmd
    stm32f10x_wwdg.o(.text) refers to stm32f10x_rcc.o(.text) for RCC_APB1PeriphResetCmd
    stm32f10x_tim.o(.text) refers to stm32f10x_rcc.o(.text) for RCC_APB2PeriphResetCmd
    stm32f10x_bkp.o(.text) refers to stm32f10x_rcc.o(.text) for RCC_BackupResetCmd
    stm32f10x_pwr.o(.text) refers to stm32f10x_rcc.o(.text) for RCC_APB1PeriphResetCmd
    stm32f10x_spi.o(.text) refers to stm32f10x_rcc.o(.text) for RCC_APB2PeriphResetCmd
    led.o(.text) refers to stm32f10x_rcc.o(.text) for RCC_APB2PeriphClockCmd
    led.o(.text) refers to stm32f10x_gpio.o(.text) for GPIO_Init
    led.o(.text) refers to sys_tick.o(.text) for delay_ms
    led.o(.text) refers to led.o(.data) for i
    lcd_driver.o(.text) refers to stm32f10x_rcc.o(.text) for RCC_APB2PeriphClockCmd
    lcd_driver.o(.text) refers to stm32f10x_gpio.o(.text) for GPIO_Init
    lcd_driver.o(.text) refers to stm32f10x_fsmc.o(.text) for FSMC_NORSRAMInit
    button.o(.text) refers to stm32f10x_rcc.o(.text) for RCC_APB2PeriphClockCmd
    button.o(.text) refers to stm32f10x_gpio.o(.text) for GPIO_Init
    button.o(.text) refers to sys_tick.o(.text) for delay_ms
    button.o(.text) refers to button.o(.data) for key_up
    tim.o(.text) refers to stm32f10x_rcc.o(.text) for RCC_APB1PeriphClockCmd
    tim.o(.text) refers to stm32f10x_gpio.o(.text) for GPIO_Init
    tim.o(.text) refers to stm32f10x_tim.o(.text) for TIM_TimeBaseInit
    tim.o(.text) refers to misc.o(.text) for NVIC_Init
    tim.o(.text) refers to tim.o(.data) for TIM5CH1_CAPTURE_STA
    rtc.o(.text) refers to _printf_percent.o(.ARM.Collect$$_printf_percent$$00000000) for _printf_percent
[...]
    platform_prepare                         0x08018b75   Thumb Code    16  platform.o(.text)
    tk_mutex_create                          0x08018b91   Thumb Code     4  mutex_null.o(.text)
    tk_mutex_lock                            0x08018b95   Thumb Code     6  mutex_null.o(.text)
    tk_mutex_unlock                          0x08018b9b   Thumb Code     6  mutex_null.o(.text)
    tk_mutex_destroy                         0x08018ba1   Thumb Code     6  mutex_null.o(.text)
    SysTick_Handler                          0x08018bad   Thumb Code    12  sys_tick.o(.text)
    get_time_ms                              0x08018bb9   Thumb Code     6  sys_tick.o(.text)
    sleep_ms                                 0x08018bbf   Thumb Code    28  sys_tick.o(.text)
    delay_ms                                 0x08018bdb   Thumb Code    12  sys_tick.o(.text)
    delay_us                                 0x08018be7   Thumb Code    12  sys_tick.o(.text)
    os_fs                                    0x08018bf9   Thumb Code     4  fs_os.o(.text)
    gui_app_start                            0x08018bfd   Thumb Code    38  demo_main.o(.text)
    application_init                         0x08018d83   Thumb Code   738  demo1_app.o(.text)
    assets_init                              0x0801915d   Thumb Code   280  assets-mini.o(.text)
    __use_no_semihosting                     0x080192f9   Thumb Code     2  use_no_semi_2.o(.text)
    __rt_ctype_table                         0x080192fd   Thumb Code    16  rt_ctype_table.o(.text)
    __aeabi_uldivmod                         0x0801930d   Thumb Code     0  lludivv7m.o(.text)
    _ll_udiv                                 0x0801930d   Thumb Code   238  lludivv7m.o(.text)
    __aeabi_llsr                             0x080193fb   Thumb Code     0  llushr.o(.text)
    _ll_ushift_r                             0x080193fb   Thumb Code    38  llushr.o(.text)
    __aeabi_ldivmod                          0x08019421   Thumb Code     0  llsdiv.o(.text)
    _ll_sdiv                                 0x08019421   Thumb Code    72  llsdiv.o(.text)
    tolower                                  0x08019469   Thumb Code    26  tolower.o(.text)
    toupper                                  0x08019483   Thumb Code    30  toupper.o(.text)
    __2printf                                0x080194a1   Thumb Code    20  noretval__2printf.o(.text)
    __printf                                 0x080194b9   Thumb Code   104  __printf.o(.text)
    _printf_int_dec                          0x08019521   Thumb Code   104  _printf_dec.o(.text)
    vsscanf                                  0x08019599   Thumb Code    44  vsscanf.o(.text)
    bsearch                                  0x080195cd   Thumb Code    80  bsearchnoex.o(.text)
    strchr                                   0x0801961d   Thumb Code    20  strchr.o(.text)
    strstr                                   0x08019631   Thumb Code    36  strstr.o(.text)
    memcmp                                   0x08019655   Thumb Code    88  memcmp.o(.text)
    strcpy                                   0x080196ad   Thumb Code    72  strcpy.o(.text)
    strrchr                                  0x080196f5   Thumb Code    22  strrchr.o(.text)
    strlen                                   0x0801970b   Thumb Code    62  strlen.o(.text)
    wcscpy                                   0x08019749   Thumb Code    18  wcscpy.o(.text)
    wcscmp                                   0x0801975b   Thumb Code    24  wcscmp.o(.text)
    wcschr                                   0x08019773   Thumb Code    22  wcschr.o(.text)
    wcslen                                   0x08019789   Thumb Code    18  wcslen.o(.text)
    strncmp                                  0x0801979b   Thumb Code   150  strncmp.o(.text)
    __aeabi_memcpy                           0x08019831   Thumb Code     0  rt_memcpy_v6.o(.text)
    __rt_memcpy                              0x08019831   Thumb Code   138  rt_memcpy_v6.o(.text)
    _memcpy_lastbytes                        0x08019897   Thumb Code     0  rt_memcpy_v6.o(.text)
    __aeabi_memmove                          0x080198bb   Thumb Code     0  rt_memmove_v6.o(.text)
    __rt_memmove                             0x080198bb   Thumb Code   132  rt_memmove_v6.o(.text)
    __memmove_lastfew                        0x0801991b   Thumb Code     0  rt_memmove_v6.o(.text)
    __aeabi_memcpy4                          0x0801993f   Thumb Code     0  rt_memcpy_w.o(.text)
    __aeabi_memcpy8                          0x0801993f   Thumb Code     0  rt_memcpy_w.o(.text)
    __rt_memcpy_w                            0x0801993f   Thumb Code   100  rt_memcpy_w.o(.text)
    _memcpy_lastbytes_aligned                0x08019987   Thumb Code     0  rt_memcpy_w.o(.text)
    __aeabi_memclr                           0x080199a3   Thumb Code     0  rt_memclr.o(.text)
    __rt_memclr                              0x080199a3   Thumb Code    68  rt_memclr.o(.text)
    _memset                                  0x080199a7   Thumb Code     0  rt_memclr.o(.text)
    __aeabi_memclr4                          0x080199e7   Thumb Code     0  rt_memclr_w.o(.text)
    __aeabi_memclr8                          0x080199e7   Thumb Code     0  rt_memclr_w.o(.text)
    __rt_memclr_w                            0x080199e7   Thumb Code    78  rt_memclr_w.o(.text)
    _memset_w                                0x080199eb   Thumb Code     0  rt_memclr_w.o(.text)
    strncpy                                  0x08019a35   Thumb Code    86  strncpy.o(.text)
    strcmp                                   0x08019a8d   Thumb Code   128  strcmpv7m.o(.text)
    __use_two_region_memory                  0x08019b0d   Thumb Code     2  heapauxi.o(.text)
    __rt_heap_escrow$2region                 0x08019b0f   Thumb Code     2  heapauxi.o(.text)
    __rt_heap_expand$2region                 0x08019b11   Thumb Code     2  heapauxi.o(.text)
    __I$use$semihosting                      0x08019b13   Thumb Code     0  use_no_semi.o(.text)
    __use_no_semihosting_swi                 0x08019b13   Thumb Code     2  use_no_semi.o(.text)
    __rt_locale                              0x08019b15   Thumb Code     8  rt_locale_intlibspace.o(.text)
    __read_errno                             0x08019b1d   Thumb Code    10  _rserrno.o(.text)
    __set_errno                              0x08019b27   Thumb Code    12  _rserrno.o(.text)
    _printf_int_common                       0x08019b33   Thumb Code   178  _printf_intcommon.o(.text)
    _printf_char_file                        0x08019be5   Thumb Code    32  _printf_char_file.o(.text)
    _scanf_longlong                          0x08019c09   Thumb Code   342  _scanf_longlong.o(.text)
    _scanf_int                               0x08019d5f   Thumb Code   332  _scanf_int.o(.text)
    _scanf_string                            0x08019eab   Thumb Code   224  _scanf_str.o(.text)
    __vfscanf_char                           0x08019f99   Thumb Code    24  scanf_char.o(.text)
    _sgetc                                   0x08019fb9   Thumb Code    30  _sgetc.o(.text)
    _sbackspace                              0x08019fd7   Thumb Code    34  _sgetc.o(.text)
    _scanf_mbtowc                            0x08019ff9   Thumb Code   276  _scanf_mbtowc.o(.text)
    _scanf_wctomb                            0x0801a10d   Thumb Code   232  _scanf_wctomb.o(.text)
    _scanf_wstring                           0x0801a1f5   Thumb Code   208  _scanf_wstr.o(.text)
    __aeabi_memmove4                         0x0801a2c5   Thumb Code     0  rt_memmove_w.o(.text)
    __aeabi_memmove8                         0x0801a2c5   Thumb Code     0  rt_memmove_w.o(.text)
    __rt_memmove_w                           0x0801a2c5   Thumb Code   122  rt_memmove_w.o(.text)
    __memmove_aligned                        0x0801a2eb   Thumb Code     0  rt_memmove_w.o(.text)
    __memmove_lastfew_aligned                0x0801a323   Thumb Code     0  rt_memmove_w.o(.text)
    __user_libspace                          0x0801a341   Thumb Code     8  libspace.o(.text)
    __user_perproc_libspace                  0x0801a341   Thumb Code     0  libspace.o(.text)
    __user_perthread_libspace                0x0801a341   Thumb Code     0  libspace.o(.text)
    __aeabi_errno_addr                       0x0801a349   Thumb Code     8  rt_errno_addr_intlibspace.o(.text)
    __errno$intlibspace                      0x0801a349   Thumb Code     0  rt_errno_addr_intlibspace.o(.text)
    __rt_errno_addr$intlibspace              0x0801a349   Thumb Code     0  rt_errno_addr_intlibspace.o(.text)
    isspace                                  0x0801a351   Thumb Code    18  isspace.o(.text)
    _printf_char_common                      0x0801a36f   Thumb Code    32  _printf_char_common.o(.text)
    _chval                                   0x0801a395   Thumb Code    28  _chval.o(.text)
    __vfscanf                                0x0801a3b1   Thumb Code   878  _scanf.o(.text)
    _scanf_really_real                       0x0801a971   Thumb Code   684  scanf_fp.o(.text)
    _scanf_wcharmap                          0x0801ac1d   Thumb Code    30  _scanf_wcharmap.o(.text)
    ferror                                   0x0801ac3b   Thumb Code     8  ferror.o(.text)
    _mbrtowc                                 0x0801ac43   Thumb Code    60  _mbrtowc.o(.text)
    _wcrtomb                                 0x0801ac7f   Thumb Code    64  _wcrtomb.o(.text)
    __user_setup_stackheap                   0x0801acbf   Thumb Code    74  sys_stackheap_outer.o(.text)
    _btod_etento                             0x0801ad09   Thumb Code   224  bigflt0.o(.text)
    exit                                     0x0801aded   Thumb Code    18  exit.o(.text)
    _scanf_really_hex_real                   0x0801ae01   Thumb Code   786  scanf_hexfp.o(.text)
    _scanf_really_infnan                     0x0801b121   Thumb Code   292  scanf_infnan.o(.text)
    __aeabi_llsl                             0x0801b255   Thumb Code     0  llshl.o(.text)
    _ll_shift_l                              0x0801b255   Thumb Code    38  llshl.o(.text)
    __btod_div_common                        0x0801b27b   Thumb Code   696  btod.o(CL$$btod_div_common)
    _e2d                                     0x0801b5b5   Thumb Code   122  btod.o(CL$$btod_e2d)
    _e2e                                     0x0801b639   Thumb Code   220  btod.o(CL$$btod_e2e)
    _btod_ediv                               0x0801b715   Thumb Code    42  btod.o(CL$$btod_ediv)
    _btod_edivd                              0x0801b73f   Thumb Code    42  btod.o(CL$$btod_edivd)
    _btod_emul                               0x0801b769   Thumb Code    42  btod.o(CL$$btod_emul)
    _btod_emuld                              0x0801b793   Thumb Code    42  btod.o(CL$$btod_emuld)
    __btod_mult_common                       0x0801b7bd   Thumb Code   580  btod.o(CL$$btod_mult_common)
    __mathlib_dbl_overflow                   0x0801ba01   Thumb Code    14  dunder.o(i.__mathlib_dbl_overflow)
    __mathlib_dbl_underflow                  0x0801ba11   Thumb Code    10  dunder.o(i.__mathlib_dbl_underflow)
    __mathlib_narrow                         0x0801ba21   Thumb Code    16  narrow.o(i.__mathlib_narrow)
    __mathlib_tofloat                        0x0801ba31   Thumb Code   184  narrow.o(i.__mathlib_tofloat)
    __support_ldexp                          0x0801baed   Thumb Code    22  ldexp.o(i.__support_ldexp)
    _is_digit                                0x0801bb03   Thumb Code    14  __printf_wp.o(i._is_digit)
    floor                                    0x0801bb11   Thumb Code   204  floor.o(i.floor)
    frexp                                    0x0801bbed   Thumb Code    80  frexp.o(i.frexp)
    ldexp                                    0x0801bc45   Thumb Code   116  ldexp.o(i.ldexp)
    _get_lc_ctype                            0x0801bcb9   Thumb Code    44  lc_ctype_c.o(locale$$code)
    _get_lc_numeric                          0x0801bce5   Thumb Code    44  lc_numeric_c.o(locale$$code)
    __aeabi_d2f                              0x0801bd11   Thumb Code     0  d2f.o(x$fpl$d2f)
    _d2f                                     0x0801bd11   Thumb Code    98  d2f.o(x$fpl$d2f)
    __aeabi_dadd                             0x0801bd75   Thumb Code     0  daddsub_clz.o(x$fpl$dadd)
    _dadd                                    0x0801bd75   Thumb Code   332  daddsub_clz.o(x$fpl$dadd)
    __fpl_dcheck_NaN1                        0x0801bec5   Thumb Code    10  dcheck1.o(x$fpl$dcheck1)
    __fpl_dcmp_Inf                           0x0801bed5   Thumb Code    24  dcmpi.o(x$fpl$dcmpinf)
    __aeabi_ddiv                             0x0801beed   Thumb Code     0  ddiv.o(x$fpl$ddiv)
    _ddiv                                    0x0801beed   Thumb Code   552  ddiv.o(x$fpl$ddiv)
    __aeabi_cdcmpeq                          0x0801c19d   Thumb Code     0  deqf.o(x$fpl$deqf)
    _dcmpeq                                  0x0801c19d   Thumb Code   120  deqf.o(x$fpl$deqf)
    __aeabi_d2iz                             0x0801c215   Thumb Code     0  dfix.o(x$fpl$dfix)
    _dfix                                    0x0801c215   Thumb Code    94  dfix.o(x$fpl$dfix)
    __aeabi_d2uiz                            0x0801c275   Thumb Code     0  dfixu.o(x$fpl$dfixu)
    _dfixu                                   0x0801c275   Thumb Code    90  dfixu.o(x$fpl$dfixu)
    __aeabi_i2d                              0x0801c2cf   Thumb Code     0  dflt_clz.o(x$fpl$dflt)
    _dflt                                    0x0801c2cf   Thumb Code    46  dflt_clz.o(x$fpl$dflt)
    __aeabi_l2d                              0x0801c2fd   Thumb Code     0  dfltll_clz.o(x$fpl$dfltll)
    _ll_sto_d                                0x0801c2fd   Thumb Code   162  dfltll_clz.o(x$fpl$dfltll)
    __aeabi_ui2d                             0x0801c39f   Thumb Code     0  dflt_clz.o(x$fpl$dfltu)
    _dfltu                                   0x0801c39f   Thumb Code    38  dflt_clz.o(x$fpl$dfltu)
    __aeabi_cdcmple                          0x0801c3c5   Thumb Code     0  dleqf.o(x$fpl$dleqf)
    _dcmple                                  0x0801c3c5   Thumb Code   120  dleqf.o(x$fpl$dleqf)
    __fpl_dcmple_InfNaN                      0x0801c427   Thumb Code     0  dleqf.o(x$fpl$dleqf)
    __aeabi_dmul                             0x0801c43d   Thumb Code     0  dmul.o(x$fpl$dmul)
    _dmul                                    0x0801c43d   Thumb Code   332  dmul.o(x$fpl$dmul)
    __fpl_dnaninf                            0x0801c591   Thumb Code   156  dnaninf.o(x$fpl$dnaninf)
    __fpl_dretinf                            0x0801c62d   Thumb Code    12  dretinf.o(x$fpl$dretinf)
    __aeabi_cdrcmple                         0x0801c639   Thumb Code     0  drleqf.o(x$fpl$drleqf)
    _drcmple                                 0x0801c639   Thumb Code   108  drleqf.o(x$fpl$drleqf)
    __aeabi_drsub                            0x0801c6a5   Thumb Code     0  daddsub_clz.o(x$fpl$drsb)
    _drsb                                    0x0801c6a5   Thumb Code    22  daddsub_clz.o(x$fpl$drsb)
    __aeabi_dsub                             0x0801c6bd   Thumb Code     0  daddsub_clz.o(x$fpl$dsub)
    _dsub                                    0x0801c6bd   Thumb Code   464  daddsub_clz.o(x$fpl$dsub)
    __aeabi_f2d                              0x0801c891   Thumb Code     0  f2d.o(x$fpl$f2d)
    _f2d                                     0x0801c891   Thumb Code    86  f2d.o(x$fpl$f2d)
    __aeabi_fadd                             0x0801c8e9   Thumb Code     0  faddsub_clz.o(x$fpl$fadd)
    _fadd                                    0x0801c8e9   Thumb Code   196  faddsub_clz.o(x$fpl$fadd)
    __fpl_fcmp_Inf                           0x0801c9ad   Thumb Code    24  fcmpi.o(x$fpl$fcmpinf)
    __aeabi_fdiv                             0x0801c9c5   Thumb Code     0  fdiv.o(x$fpl$fdiv)
    _fdiv                                    0x0801c9c5   Thumb Code   384  fdiv.o(x$fpl$fdiv)
    __aeabi_cfcmpeq                          0x0801cb49   Thumb Code     0  feqf.o(x$fpl$feqf)
    _fcmpeq                                  0x0801cb49   Thumb Code   104  feqf.o(x$fpl$feqf)
    __aeabi_f2iz                             0x0801cbb1   Thumb Code     0  ffix.o(x$fpl$ffix)
    _ffix                                    0x0801cbb1   Thumb Code    54  ffix.o(x$fpl$ffix)
    __aeabi_f2uiz                            0x0801cbe9   Thumb Code     0  ffixu.o(x$fpl$ffixu)
    _ffixu                                   0x0801cbe9   Thumb Code    62  ffixu.o(x$fpl$ffixu)
    __aeabi_i2f                              0x0801cc29   Thumb Code     0  fflt_clz.o(x$fpl$fflt)
    _fflt                                    0x0801cc29   Thumb Code    48  fflt_clz.o(x$fpl$fflt)
    __aeabi_ul2f                             0x0801cc59   Thumb Code     0  ffltll_clz.o(x$fpl$ffltll)
    _ll_uto_f                                0x0801cc59   Thumb Code     6  ffltll_clz.o(x$fpl$ffltll)
    __aeabi_l2f                              0x0801cc5f   Thumb Code     0  ffltll_clz.o(x$fpl$ffltll)
    _ll_sto_f                                0x0801cc5f   Thumb Code    90  ffltll_clz.o(x$fpl$ffltll)
    __aeabi_ui2f                             0x0801ccb9   Thumb Code     0  fflt_clz.o(x$fpl$ffltu)
    _ffltu                                   0x0801ccb9   Thumb Code    38  fflt_clz.o(x$fpl$ffltu)
    __aeabi_cfcmple                          0x0801cce1   Thumb Code     0  fleqf.o(x$fpl$fleqf)
    _fcmple                                  0x0801cce1   Thumb Code   104  fleqf.o(x$fpl$fleqf)
    __fpl_fcmple_InfNaN                      0x0801cd33   Thumb Code     0  fleqf.o(x$fpl$fleqf)
    __aeabi_fmul                             0x0801cd49   Thumb Code     0  fmul.o(x$fpl$fmul)
    _fmul                                    0x0801cd49   Thumb Code   258  fmul.o(x$fpl$fmul)
    __fpl_fnaninf                            0x0801ce4b   Thumb Code   140  fnaninf.o(x$fpl$fnaninf)
    __fpl_fretinf                            0x0801ced7   Thumb Code    10  fretinf.o(x$fpl$fretinf)
    __aeabi_cfrcmple                         0x0801cee1   Thumb Code     0  frleqf.o(x$fpl$frleqf)
    _frcmple                                 0x0801cee1   Thumb Code    98  frleqf.o(x$fpl$frleqf)
    __aeabi_frsub                            0x0801cf43   Thumb Code     0  faddsub_clz.o(x$fpl$frsb)
    _frsb                                    0x0801cf43   Thumb Code    20  faddsub_clz.o(x$fpl$frsb)
    __aeabi_fsub                             0x0801cf59   Thumb Code     0  faddsub_clz.o(x$fpl$fsub)
    _fsub                                    0x0801cf59   Thumb Code   234  faddsub_clz.o(x$fpl$fsub)
    __ieee_status                            0x0801d043   Thumb Code     6  istatus.o(x$fpl$ieeestatus)
    __aeabi_d2lz                             0x0801d049   Thumb Code     0  dfixll.o(x$fpl$llsfromd)
    _ll_sfrom_d                              0x0801d049   Thumb Code   194  dfixll.o(x$fpl$llsfromd)
    __fpl_return_NaN                         0x0801d10b   Thumb Code   100  retnan.o(x$fpl$retnan)
    __ARM_scalbn                             0x0801d16f   Thumb Code    92  scalbn.o(x$fpl$scalbn)
    _scanf_real                              0x0801d1cb   Thumb Code     4  scanf1.o(x$fpl$scanf1)
    _scanf_hex_real                          0x0801d1cf   Thumb Code     4  scanf2.o(x$fpl$scanf2)
    _scanf_infnan                            0x0801d1d3   Thumb Code     4  scanf2.o(x$fpl$scanf2)
    __fpl_cmpreturn                          0x0801d1d7   Thumb Code    48  trapv.o(x$fpl$trapveneer)
    __I$use$fp                               0x0801d206   Number         0  usenofp.o(x$fpl$usenofp)
    table_week                               0x0801d206   Data          12  rtc.o(.constdata)
    mon_table                                0x0801d212   Data          12  rtc.o(.constdata)
    ASCII8x16                                0x0801d21e   Data        1536  gui.o(.constdata)
    tfont16                                  0x0801d81e   Data         480  gui.o(.constdata)
    tfont24                                  0x0801d9fe   Data         360  gui.o(.constdata)
    g_utf8_skip                              0x0801e274   Data           4  utf8.o(.constdata)
    font_default                             0x0801f3d4   Data       12590  assets-mini.o(.constdata)
    image_bricks                             0x08022502   Data        7260  assets-mini.o(.constdata)
    image_checked                            0x0802415e   Data        2364  assets-mini.o(.constdata)
    image_dialog_title                       0x08024a9a   Data        7260  assets-mini.o(.constdata)
    image_earth                              0x080266f6   Data        2364  assets-mini.o(.constdata)
    image_green_btn_n                        0x08027032   Data        3660  assets-mini.o(.constdata)
    image_green_btn_o                        0x08027e7e   Data        3660  assets-mini.o(.constdata)
    image_green_btn_p                        0x08028cca   Data        3660  assets-mini.o(.constdata)
    image_info                               0x08029b16   Data        2364  assets-mini.o(.constdata)
    image_left_off                           0x0802a452   Data        2364  assets-mini.o(.constdata)
    image_left_on                            0x0802ad8e   Data        2364  assets-mini.o(.constdata)
    image_middle_off                         0x0802b6ca   Data        2364  assets-mini.o(.constdata)
    image_middle_on                          0x0802c006   Data        2364  assets-mini.o(.constdata)
    image_muted                              0x0802c942   Data        2364  assets-mini.o(.constdata)
    image_question                           0x0802d27e   Data        2364  assets-mini.o(.constdata)
    image_radio_checked                      0x0802dbba   Data        2364  assets-mini.o(.constdata)
    image_radio_unchecked                    0x0802e4f6   Data        2364  assets-mini.o(.constdata)
    image_red_btn_n                          0x0802ee32   Data        3660  assets-mini.o(.constdata)
    image_red_btn_o                          0x0802fc7e   Data        3660  assets-mini.o(.constdata)
    image_red_btn_p                          0x08030aca   Data        3660  assets-mini.o(.constdata)
    image_right_off                          0x08031916   Data        2364  assets-mini.o(.constdata)
    image_right_on                           0x08032252   Data        2364  assets-mini.o(.constdata)
    image_slider_bg                          0x08032b8e   Data        1020  assets-mini.o(.constdata)
    image_slider_drag                        0x08032f8a   Data        3196  assets-mini.o(.constdata)
    image_slider_drag_o                      0x08033c06   Data        3196  assets-mini.o(.constdata)
    image_slider_drag_p                      0x08034882   Data        3196  assets-mini.o(.constdata)
    image_slider_fg                          0x080354fe   Data        1020  assets-mini.o(.constdata)
    image_slider_v_bg                        0x080358fa   Data        1020  assets-mini.o(.constdata)
    image_slider_v_fg                        0x08035cf6   Data        1020  assets-mini.o(.constdata)
    image_unchecked                          0x080360f2   Data        2364  assets-mini.o(.constdata)
    image_unmuted                            0x08036a2e   Data        2364  assets-mini.o(.constdata)
    image_warn                               0x0803736a   Data        2364  assets-mini.o(.constdata)
    style_default                            0x08037ca6   Data       16202  assets-mini.o(.constdata)
    Region$$Table$$Base                      0x0803cc14   Number         0  anon$$obj.o(Region$$Table)
    Region$$Table$$Limit                     0x0803cc34   Number         0  anon$$obj.o(Region$$Table)
    __aeabi_HUGE_VAL                         0x0803cc34   Data           0  fpconst.o(c$$dinf)
    __aeabi_HUGE_VALL                        0x0803cc34   Data           0  fpconst.o(c$$dinf)
    __aeabi_INFINITY                         0x0803cc34   Data           0  fpconst.o(c$$dinf)
    __dInf                                   0x0803cc34   Data           0  fpconst.o(c$$dinf)
    __huge_val                               0x0803cc34   Data           0  fpconst.o(c$$dinf)
    __dbl_max                                0x0803cc3c   Data           0  fpconst.o(c$$dmax)
    __ctype                                  0x0803cc51   Data           0  lc_ctype_c.o(locale$$data)
    SystemCoreClock                          0x20000000   Data           4  system_stm32f10x.o(.data)
    AHBPrescTable                            0x20000004   Data          16  system_stm32f10x.o(.data)
    __stdout                                 0x20000014   Data           4  usart.o(.data)
    USART_RX_STA                             0x20000018   Data           2  usart.o(.data)
    TIM5CH1_CAPTURE_STA                      0x20000030   Data           1  tim.o(.data)
    TIM5CH1_CAPTURE_VAL                      0x20000032   Data           2  tim.o(.data)
    rtc_data                                 0x20000034   Data           7  rtc.o(.data)
    rtc_bit                                  0x2000003b   Data           1  rtc.o(.data)
    TouchData                                0x2000003e   Data           8  touch.o(.data)
    s_edit_properties                        0x200001d0   Data          56  edit.o(.data)
    s_combo_box_properties                   0x20000684   Data          60  combo_box.o(.data)
    USART_RX_BUF                             0x200006fc   Data         200  usart.o(.bss)
    calendar                                 0x200007c4   Data          10  rtc.o(.bss)
    __libspace_start                         0x200038bc   Data          96  libspace.o(.bss)
    __temporary_stack_top$libspace           0x2000391c   Data           0  libspace.o(.bss)



==============================================================================

Memory Map of the image

  Image Entry point : 0x08000131

  Load Region LR_IROM1 (Base: 0x08000000, Size: 0x0003d46c, Max: 0x00080000, ABSOLUTE, COMPRESSED[0x0003d22c])

    Execution Region ER_IROM1 (Exec base: 0x08000000, Load base: 0x08000000, Size: 0x0003cd70, Max: 0x00080000, ABSOLUTE)

    Exec Addr    Load Addr    Size         Type   Attr      Idx    E Section Name        Object

    0x08000000   0x08000000   0x00000130   Data   RO          252    RESET               startup_stm32f10x_hd.o
    0x08000130   0x08000130   0x00000008   Code   RO         2834  * !!!main             c_w.l(__main.o)
    0x08000138   0x08000138   0x00000034   Code   RO         3303    !!!scatter          c_w.l(__scatter.o)
    0x0800016c   0x0800016c   0x00000064   Code   RO         3301    !!dclz77c           c_w.l(__dclz77c.o)
    0x080001d0   0x080001d0   0x0000001c   Code   RO         3305    !!handler_zi        c_w.l(__scatter_zi.o)
    0x080001ec   0x080001ec   0x00000000   Code   RO         2791    .ARM.Collect$$_printf_percent$$00000000  c_w.l(_printf_percent.o)
    0x080001ec   0x080001ec   0x00000006   Code   RO         2790    .ARM.Collect$$_printf_percent$$00000009  c_w.l(_printf_d.o)
    0x080001f2   0x080001f2   0x00000004   Code   RO         2970    .ARM.Collect$$_printf_percent$$00000017  c_w.l(_printf_percent_end.o)
    0x080001f6   0x080001f6   0x00000002   Code   RO         3181    .ARM.Collect$$libinit$$00000000  c_w.l(libinit.o)
    0x080001f8   0x080001f8   0x00000000   Code   RO         3090    .ARM.Collect$$libinit$$00000002  c_w.l(libinit2.o)
    0x080001f8   0x080001f8   0x00000000   Code   RO         3092    .ARM.Collect$$libinit$$00000004  c_w.l(libinit2.o)
    0x080001f8   0x080001f8   0x00000000   Code   RO         3095    .ARM.Collect$$libinit$$0000000A  c_w.l(libinit2.o)
    0x080001f8   0x080001f8   0x00000000   Code   RO         3097    .ARM.Collect$$libinit$$0000000C  c_w.l(libinit2.o)
    0x080001f8   0x080001f8   0x00000000   Code   RO         3099    .ARM.Collect$$libinit$$0000000E  c_w.l(libinit2.o)
    0x080001f8   0x080001f8   0x00000006   Code   RO         3100    .ARM.Collect$$libinit$$0000000F  c_w.l(libinit2.o)
    0x080001fe   0x080001fe   0x00000000   Code   RO         3102    .ARM.Collect$$libinit$$00000011  c_w.l(libinit2.o)
    0x080001fe   0x080001fe   0x0000000c   Code   RO         3103    .ARM.Collect$$libinit$$00000012  c_w.l(libinit2.o)
    0x0800020a   0x0800020a   0x00000000   Code   RO         3104    .ARM.Collect$$libinit$$00000013  c_w.l(libinit2.o)
    0x0800020a   0x0800020a   0x00000000   Code   RO         3106    .ARM.Collect$$libinit$$00000015  c_w.l(libinit2.o)
    0x0800020a   0x0800020a   0x0000000a   Code   RO         3107    .ARM.Collect$$libinit$$00000016  c_w.l(libinit2.o)
    0x08000214   0x08000214   0x00000000   Code   RO         3108    .ARM.Collect$$libinit$$00000017  c_w.l(libinit2.o)
    0x08000214   0x08000214   0x00000000   Code   RO         3110    .ARM.Collect$$libinit$$00000019  c_w.l(libinit2.o)
    0x08000214   0x08000214   0x00000000   Code   RO         3112    .ARM.Collect$$libinit$$0000001B  c_w.l(libinit2.o)
    0x08000214   0x08000214   0x00000000   Code   RO         3114    .ARM.Collect$$libinit$$0000001D  c_w.l(libinit2.o)
    0x08000214   0x08000214   0x00000000   Code   RO         3116    .ARM.Collect$$libinit$$0000001F  c_w.l(libinit2.o)
    0x08000214   0x08000214   0x00000000   Code   RO         3118    .ARM.Collect$$libinit$$00000021  c_w.l(libinit2.o)
    0x08000214   0x08000214   0x00000000   Code   RO         3120    .ARM.Collect$$libinit$$00000023  c_w.l(libinit2.o)
    0x08000214   0x08000214   0x00000000   Code   RO         3122    .ARM.Collect$$libinit$$00000025  c_w.l(libinit2.o)
    0x08000214   0x08000214   0x00000000   Code   RO         3126    .ARM.Collect$$libinit$$0000002C  c_w.l(libinit2.o)
    0x08000214   0x08000214   0x00000000   Code   RO         3128    .ARM.Collect$$libinit$$0000002E  c_w.l(libinit2.o)
    0x08000214   0x08000214   0x00000000   Code   RO         3130    .ARM.Collect$$libinit$$00000030  c_w.l(libinit2.o)
    0x08000214   0x08000214   0x00000000   Code   RO         3132    .ARM.Collect$$libinit$$00000032  c_w.l(libinit2.o)
    0x08000214   0x08000214   0x00000002   Code   RO         3133    .ARM.Collect$$libinit$$00000033  c_w.l(libinit2.o)
    0x08000216   0x08000216   0x00000002   Code   RO         3268    .ARM.Collect$$libshutdown$$00000000  c_w.l(libshutdown.o)
    0x08000218   0x08000218   0x00000000   Code   RO         3284    .ARM.Collect$$libshutdown$$00000002  c_w.l(libshutdown2.o)
    0x08000218   0x08000218   0x00000000   Code   RO         3286    .ARM.Collect$$libshutdown$$00000004  c_w.l(libshutdown2.o)
    0x08000218   0x08000218   0x00000000   Code   RO         3289    .ARM.Collect$$libshutdown$$00000007  c_w.l(libshutdown2.o)
    0x08000218   0x08000218   0x00000000   Code   RO         3292    .ARM.Collect$$libshutdown$$0000000A  c_w.l(libshutdown2.o)
    0x08000218   0x08000218   0x00000000   Code   RO         3294    .ARM.Collect$$libshutdown$$0000000C  c_w.l(libshutdown2.o)
    0x08000218   0x08000218   0x00000000   Code   RO         3297    .ARM.Collect$$libshutdown$$0000000F  c_w.l(libshutdown2.o)
    0x08000218   0x08000218   0x00000002   Code   RO         3298    .ARM.Collect$$libshutdown$$00000010  c_w.l(libshutdown2.o)
    0x0800021a   0x0800021a   0x00000000   Code   RO         2954    .ARM.Collect$$rtentry$$00000000  c_w.l(__rtentry.o)
    0x0800021a   0x0800021a   0x00000000   Code   RO         3048    .ARM.Collect$$rtentry$$00000002  c_w.l(__rtentry2.o)
    0x0800021a   0x0800021a   0x00000006   Code   RO         3060    .ARM.Collect$$rtentry$$00000004  c_w.l(__rtentry4.o)
    0x08000220   0x08000220   0x00000000   Code   RO         3050    .ARM.Collect$$rtentry$$00000009  c_w.l(__rtentry2.o)
    0x08000220   0x08000220   0x00000004   Code   RO         3051    .ARM.Collect$$rtentry$$0000000A  c_w.l(__rtentry2.o)
    0x08000224   0x08000224   0x00000000   Code   RO         3053    .ARM.Collect$$rtentry$$0000000C  c_w.l(__rtentry2.o)
    0x08000224   0x08000224   0x00000008   Code   RO         3054    .ARM.Collect$$rtentry$$0000000D  c_w.l(__rtentry2.o)
    0x0800022c   0x0800022c   0x00000002   Code   RO         3204    .ARM.Collect$$rtexit$$00000000  c_w.l(rtexit.o)
    0x0800022e   0x0800022e   0x00000000   Code   RO         3229    .ARM.Collect$$rtexit$$00000002  c_w.l(rtexit2.o)
    0x0800022e   0x0800022e   0x00000004   Code   RO         3230    .ARM.Collect$$rtexit$$00000003  c_w.l(rtexit2.o)
    0x08000232   0x08000232   0x00000006   Code   RO         3231    .ARM.Collect$$rtexit$$00000004  c_w.l(rtexit2.o)
    0x08000238   0x08000238   0x00000018   Code   RO            1    .text               stm32f10x_it.o
    0x08000250   0x08000250   0x000001e0   Code   RO          104    .text               system_stm32f10x.o
    0x08000430   0x08000430   0x00000044   Code   RO          122    .text               main.o
    0x08000474   0x08000474   0x00000128   Code   RO          216    .text               usart.o
    0x0800059c   0x0800059c   0x00000040   Code   RO          253    .text               startup_stm32f10x_hd.o
    0x080005dc   0x080005dc   0x000000dc   Code   RO          257    .text               misc.o
    0x080006b8   0x080006b8   0x0000035c   Code   RO          269    .text               stm32f10x_gpio.o
    0x08000a14   0x08000a14   0x000003a4   Code   RO          281    .text               stm32f10x_rcc.o
    0x08000db8   0x08000db8   0x00000408   Code   RO          295    .text               stm32f10x_usart.o
    0x080011c0   0x080011c0   0x00000e1a   Code   RO          343    .text               stm32f10x_tim.o
    0x08001fda   0x08001fda   0x00000002   PAD
    0x08001fdc   0x08001fdc   0x0000060c   Code   RO          355    .text               stm32f10x_fsmc.o
    0x080025e8   0x080025e8   0x000000c4   Code   RO          367    .text               stm32f10x_bkp.o
    0x080026ac   0x080026ac   0x00000148   Code   RO          379    .text               stm32f10x_rtc.o
    0x080027f4   0x080027f4   0x000000cc   Code   RO          391    .text               stm32f10x_pwr.o
    0x080028c0   0x080028c0   0x0000030c   Code   RO          415    .text               stm32f10x_spi.o
    0x08002bcc   0x08002bcc   0x000000a4   Code   RO          451    .text               led.o
    0x08002c70   0x08002c70   0x000002b8   Code   RO          464    .text               lcd_driver.o
    0x08002f28   0x08002f28   0x00000100   Code   RO          479    .text               button.o
    0x08003028   0x08003028   0x0000023c   Code   RO          492    .text               tim.o
    0x08003264   0x08003264   0x00000460   Code   RO          511    .text               rtc.o
    0x080036c4   0x080036c4   0x00000440   Code   RO          535    .text               touch.o
    0x08003b04   0x08003b04   0x000001dc   Code   RO          557    .text               spi.o
    0x08003ce0   0x08003ce0   0x00000430   Code   RO          569    .text               gui.o
    0x08004110   0x08004110   0x0000039c   Code   RO          590    .text               flash.o
    0x080044ac   0x080044ac   0x0000027e   Code   RO          604    .text               array.o
    0x0800472a   0x0800472a   0x000000d4   Code   RO          644    .text               bitmap.o
    0x080047fe   0x080047fe   0x000002f4   Code   RO          665    .text               buffer.o
    0x08004af2   0x08004af2   0x00000002   PAD
    0x08004af4   0x08004af4   0x0000025c   Code   RO          680    .text               button_1.o
    0x08004d50   0x08004d50   0x000028a6   Code   RO          759    .text               canvas.o
    0x080075f6   0x080075f6   0x00000002   PAD
    0x080075f8   0x080075f8   0x00000278   Code   RO          783    .text               check_button.o
    0x08007870   0x08007870   0x00000054   Code   RO          811    .text               color.o
    0x080078c4   0x080078c4   0x000003d4   Code   RO          823    .text               dialog.o
    0x08007c98   0x08007c98   0x000002b4   Code   RO          875    .text               emitter.o
    0x08007f4c   0x08007f4c   0x00000124   Code   RO          893    .text               enums.o
    0x08008070   0x08008070   0x00000098   Code   RO          923    .text               font.o
    0x08008108   0x08008108   0x00000100   Code   RO          935    .text               font_manager.o
    0x08008208   0x08008208   0x00000068   Code   RO          949    .text               group_box.o
    0x08008270   0x08008270   0x000006b8   Code   RO          967    .text               image.o
    0x08008928   0x08008928   0x000002d8   Code   RO          986    .text               image_manager.o
    0x08008c00   0x08008c00   0x00000054   Code   RO         1000    .text               label.o
    0x08008c54   0x08008c54   0x000003fa   Code   RO         1015    .text               lcd.o
    0x0800904e   0x0800904e   0x00000002   PAD
    0x08009050   0x08009050   0x0000012c   Code   RO         1027    .text               main_loop.o
    0x0800917c   0x0800917c   0x00000364   Code   RO         1044    .text               mem.o
    0x080094e0   0x080094e0   0x000004d0   Code   RO         1058    .text               progress_bar.o
    0x080099b0   0x080099b0   0x00000240   Code   RO         1077    .text               rect.o
    0x08009bf0   0x08009bf0   0x000001e0   Code   RO         1089    .text               theme.o
    0x08009dd0   0x08009dd0   0x00000304   Code   RO         1103    .text               utf8.o
    0x0800a0d4   0x0800a0d4   0x00000620   Code   RO         1118    .text               value.o
    0x0800a6f4   0x0800a6f4   0x00001fe4   Code   RO         1133    .text               widget.o
    0x0800c6d8   0x0800c6d8   0x000002c0   Code   RO         1148    .text               widget_vtable.o
    0x0800c998   0x0800c998   0x000001cc   Code   RO         1186    .text               window.o
    0x0800cb64   0x0800cb64   0x00000cb8   Code   RO         1204    .text               window_manager.o
    0x0800d81c   0x0800d81c   0x00000684   Code   RO         1232    .text               wstr.o
    0x0800dea0   0x0800dea0   0x00000154   Code   RO         1244    .text               font_bitmap.o
    0x0800dff4   0x0800dff4   0x00002b60   Code   RO         1259    .text               utils.o
    0x08010b54   0x08010b54   0x000000d2   Code   RO         1292    .text               events.o
    0x08010c26   0x08010c26   0x00000002   PAD
    0x08010c28   0x08010c28   0x000003c8   Code   RO         1304    .text               timer.o
    0x08010ff0   0x08010ff0   0x00000960   Code   RO         1318    .text               layout.o
    0x08011950   0x08011950   0x0000014a   Code   RO         1333    .text               event_queue.o
    0x08011a9a   0x08011a9a   0x00000002   PAD
    0x08011a9c   0x08011a9c   0x0000087c   Code   RO         1348    .text               slider.o
    0x08012318   0x08012318   0x00000138   Code   RO         1367    .text               window_animator.o
    0x08012450   0x08012450   0x00000010   Code   RO         1379    .text               window_animator_null.o
    0x08012460   0x08012460   0x00000304   Code   RO         1391    .text               idle.o
    0x08012764   0x08012764   0x00000018   Code   RO         1405    .text               time.o
    0x0801277c   0x0801277c   0x0000004c   Code   RO         1417    .text               system_info.o
    0x080127c8   0x080127c8   0x0000002c   Code   RO         1431    .text               image_loader.o
    0x080127f4   0x080127f4   0x000007d4   Code   RO         1443    .text               str.o
    0x08012fc8   0x08012fc8   0x000002a8   Code   RO         1455    .text               main_loop_simple.o
    0x08013270   0x08013270   0x000001e8   Code   RO         1474    .text               pages.o
    0x08013458   0x08013458   0x00001414   Code   RO         1493    .text               edit.o
    0x0801486c   0x0801486c   0x00000054   Code   RO         1510    .text               view.o
    0x080148c0   0x080148c0   0x000001b4   Code   RO         1543    .text               widget_factory.o
    0x08014a74   0x08014a74   0x00000186   Code   RO         1669    .text               tokenizer.o
    0x08014bfa   0x08014bfa   0x00000002   PAD
    0x08014bfc   0x08014bfc   0x0000022c   Code   RO         1681    .text               input_method.o
    0x08014e28   0x08014e28   0x0000007e   Code   RO         1707    .text               input_engine.o
    0x08014ea6   0x08014ea6   0x00000002   PAD
    0x08014ea8   0x08014ea8   0x00000150   Code   RO         1719    .text               spin_box.o
    0x08014ff8   0x08014ff8   0x00000380   Code   RO         1738    .text               dragger.o
    0x08015378   0x08015378   0x00000080   Code   RO         1757    .text               dialog_client.o
    0x080153f8   0x080153f8   0x00000078   Code   RO         1772    .text               dialog_title.o
    0x08015470   0x08015470   0x00000230   Code   RO         1787    .text               custom_props.o
    0x080156a0   0x080156a0   0x000002a8   Code   RO         1805    .text               awtk.o
    0x08015948   0x08015948   0x00000064   Code   RO         1820    .text               input_method_creator.o
    0x080159ac   0x080159ac   0x00000068   Code   RO         1835    .text               button_group.o
    0x08015a14   0x08015a14   0x0000028c   Code   RO         1853    .text               color_parser.o
    0x08015ca0   0x08015ca0   0x00000778   Code   RO         1871    .text               combo_box.o
    0x08016418   0x08016418   0x000002f0   Code   RO         1897    .text               combo_box_item.o
    0x08016708   0x08016708   0x0000037c   Code   RO         1926    .text               fs.o
    0x08016a84   0x08016a84   0x00000310   Code   RO         1983    .text               popup.o
    0x08016d94   0x08016d94   0x00000438   Code   RO         2026    .text               tab_button.o
    0x080171cc   0x080171cc   0x000003d0   Code   RO         2045    .text               tab_button_group.o
    0x0801759c   0x0801759c   0x00000068   Code   RO         2063    .text               tab_control.o
    0x08017604   0x08017604   0x000000a2   Code   RO         2081    .text               ui_builder.o
    0x080176a6   0x080176a6   0x00000002   PAD
    0x080176a8   0x080176a8   0x00000168   Code   RO         2237    .text               ui_builder_default.o
    0x08017810   0x08017810   0x00000030   Code   RO         2257    .text               ui_loader.o
    0x08017840   0x08017840   0x00000114   Code   RO         2269    .text               ui_loader_default.o
    0x08017954   0x08017954   0x0000009c   Code   RO         2336    .text               window_open.o
    0x080179f0   0x080179f0   0x0000022c   Code   RO         2375    .text               color_tile.o
    0x08017c1c   0x08017c1c   0x00000230   Code   RO         2397    .text               assets_manager.o
    0x08017e4c   0x08017e4c   0x00000244   Code   RO         2411    .text               locale_info.o
    0x08018090   0x08018090   0x0000033c   Code   RO         2434    .text               path.o
    0x080183cc   0x080183cc   0x00000054   Code   RO         2446    .text               app_bar.o
    0x08018420   0x08018420   0x00000054   Code   RO         2464    .text               column.o
    0x08018474   0x08018474   0x00000054   Code   RO         2482    .text               grid.o
    0x080184c8   0x080184c8   0x00000054   Code   RO         2500    .text               row.o
    0x0801851c   0x0801851c   0x00000538   Code   RO         2518    .text               lcd_stm32_raw.o
    0x08018a54   0x08018a54   0x000000d8   Code   RO         2542    .text               main_loop_stm32_raw.o
    0x08018b2c   0x08018b2c   0x00000064   Code   RO         2608    .text               platform.o
    0x08018b90   0x08018b90   0x0000001c   Code   RO         2622    .text               mutex_null.o
    0x08018bac   0x08018bac   0x0000004c   Code   RO         2639    .text               sys_tick.o
    0x08018bf8   0x08018bf8   0x00000004   Code   RO         2653    .text               fs_os.o
    0x08018bfc   0x08018bfc   0x00000026   Code   RO         2665    .text               demo_main.o
    0x08018c22   0x08018c22   0x00000002   PAD
    0x08018c24   0x08018c24   0x00000538   Code   RO         2680    .text               demo1_app.o
    0x0801915c   0x0801915c   0x0000019c   Code   RO         2698    .text               assets-mini.o
    0x080192f8   0x080192f8   0x00000002   Code   RO         2748    .text               c_w.l(use_no_semi_2.o)
    0x080192fa   0x080192fa   0x00000002   PAD
    0x080192fc   0x080192fc   0x00000010   Code   RO         2750    .text               c_w.l(rt_ctype_table.o)
    0x0801930c   0x0801930c   0x000000ee   Code   RO         2752    .text               c_w.l(lludivv7m.o)
    0x080193fa   0x080193fa   0x00000026   Code   RO         2754    .text               c_w.l(llushr.o)
    0x08019420   0x08019420   0x00000048   Code   RO         2756    .text               c_w.l(llsdiv.o)
    0x08019468   0x08019468   0x0000001a   Code   RO         2758    .text               c_w.l(tolower.o)
    0x08019482   0x08019482   0x0000001e   Code   RO         2760    .text               c_w.l(toupper.o)
    0x080194a0   0x080194a0   0x00000018   Code   RO         2764    .text               c_w.l(noretval__2printf.o)
    0x080194b8   0x080194b8   0x00000068   Code   RO         2766    .text               c_w.l(__printf.o)
    0x08019520   0x08019520   0x00000078   Code   RO         2768    .text               c_w.l(_printf_dec.o)
    0x08019598   0x08019598   0x00000034   Code   RO         2792    .text               c_w.l(vsscanf.o)
    0x080195cc   0x080195cc   0x00000050   Code   RO         2794    .text               c_w.l(bsearchnoex.o)
    0x0801961c   0x0801961c   0x00000014   Code   RO         2796    .text               c_w.l(strchr.o)
    0x08019630   0x08019630   0x00000024   Code   RO         2798    .text               c_w.l(strstr.o)
    0x08019654   0x08019654   0x00000058   Code   RO         2800    .text               c_w.l(memcmp.o)
    0x080196ac   0x080196ac   0x00000048   Code   RO         2802    .text               c_w.l(strcpy.o)
    0x080196f4   0x080196f4   0x00000016   Code   RO         2804    .text               c_w.l(strrchr.o)
    0x0801970a   0x0801970a   0x0000003e   Code   RO         2806    .text               c_w.l(strlen.o)
    0x08019748   0x08019748   0x00000012   Code   RO         2808    .text               c_w.l(wcscpy.o)
    0x0801975a   0x0801975a   0x00000018   Code   RO         2810    .text               c_w.l(wcscmp.o)
    0x08019772   0x08019772   0x00000016   Code   RO         2812    .text               c_w.l(wcschr.o)
    0x08019788   0x08019788   0x00000012   Code   RO         2814    .text               c_w.l(wcslen.o)
    0x0801979a   0x0801979a   0x00000096   Code   RO         2816    .text               c_w.l(strncmp.o)
    0x08019830   0x08019830   0x0000008a   Code   RO         2818    .text               c_w.l(rt_memcpy_v6.o)
    0x080198ba   0x080198ba   0x00000084   Code   RO         2820    .text               c_w.l(rt_memmove_v6.o)
    0x0801993e   0x0801993e   0x00000064   Code   RO         2822    .text               c_w.l(rt_memcpy_w.o)
    0x080199a2   0x080199a2   0x00000044   Code   RO         2824    .text               c_w.l(rt_memclr.o)
    0x080199e6   0x080199e6   0x0000004e   Code   RO         2826    .text               c_w.l(rt_memclr_w.o)
    0x08019a34   0x08019a34   0x00000056   Code   RO         2828    .text               c_w.l(strncpy.o)
    0x08019a8a   0x08019a8a   0x00000002   PAD
    0x08019a8c   0x08019a8c   0x00000080   Code   RO         2830    .text               c_w.l(strcmpv7m.o)
    0x08019b0c   0x08019b0c   0x00000006   Code   RO         2832    .text               c_w.l(heapauxi.o)
    0x08019b12   0x08019b12   0x00000002   Code   RO         2952    .text               c_w.l(use_no_semi.o)
    0x08019b14   0x08019b14   0x00000008   Code   RO         2962    .text               c_w.l(rt_locale_intlibspace.o)
    0x08019b1c   0x08019b1c   0x00000016   Code   RO         2964    .text               c_w.l(_rserrno.o)
    0x08019b32   0x08019b32   0x000000b2   Code   RO         2966    .text               c_w.l(_printf_intcommon.o)
    0x08019be4   0x08019be4   0x00000024   Code   RO         2968    .text               c_w.l(_printf_char_file.o)
    0x08019c08   0x08019c08   0x00000156   Code   RO         2971    .text               c_w.l(_scanf_longlong.o)
    0x08019d5e   0x08019d5e   0x0000014c   Code   RO         2973    .text               c_w.l(_scanf_int.o)
    0x08019eaa   0x08019eaa   0x000000e0   Code   RO         2975    .text               c_w.l(_scanf_str.o)
    0x08019f8a   0x08019f8a   0x00000002   PAD
    0x08019f8c   0x08019f8c   0x0000002c   Code   RO         2977    .text               c_w.l(scanf_char.o)
    0x08019fb8   0x08019fb8   0x00000040   Code   RO         2979    .text               c_w.l(_sgetc.o)
    0x08019ff8   0x08019ff8   0x00000114   Code   RO         2981    .text               c_w.l(_scanf_mbtowc.o)
    0x0801a10c   0x0801a10c   0x000000e8   Code   RO         2983    .text               c_w.l(_scanf_wctomb.o)
    0x0801a1f4   0x0801a1f4   0x000000d0   Code   RO         2985    .text               c_w.l(_scanf_wstr.o)
    0x0801a2c4   0x0801a2c4   0x0000007a   Code   RO         2990    .text               c_w.l(rt_memmove_w.o)
    0x0801a33e   0x0801a33e   0x00000002   PAD
    0x0801a340   0x0801a340   0x00000008   Code   RO         3044    .text               c_w.l(libspace.o)
    0x0801a348   0x0801a348   0x00000008   Code   RO         3067    .text               c_w.l(rt_errno_addr_intlibspace.o)
    0x0801a350   0x0801a350   0x00000012   Code   RO         3069    .text               c_w.l(isspace.o)
    0x0801a362   0x0801a362   0x00000002   PAD
    0x0801a364   0x0801a364   0x00000030   Code   RO         3071    .text               c_w.l(_printf_char_common.o)
    0x0801a394   0x0801a394   0x0000001c   Code   RO         3073    .text               c_w.l(_chval.o)
    0x0801a3b0   0x0801a3b0   0x00000374   Code   RO         3075    .text               c_w.l(_scanf.o)
    0x0801a724   0x0801a724   0x000004f8   Code   RO         3077    .text               c_w.l(scanf_fp.o)
    0x0801ac1c   0x0801ac1c   0x0000001e   Code   RO         3079    .text               c_w.l(_scanf_wcharmap.o)
    0x0801ac3a   0x0801ac3a   0x00000008   Code   RO         3081    .text               c_w.l(ferror.o)
    0x0801ac42   0x0801ac42   0x0000003c   Code   RO         3085    .text               c_w.l(_mbrtowc.o)
    0x0801ac7e   0x0801ac7e   0x00000040   Code   RO         3087    .text               c_w.l(_wcrtomb.o)
    0x0801acbe   0x0801acbe   0x0000004a   Code   RO         3136    .text               c_w.l(sys_stackheap_outer.o)
    0x0801ad08   0x0801ad08   0x000000e4   Code   RO         3140    .text               c_w.l(bigflt0.o)
    0x0801adec   0x0801adec   0x00000012   Code   RO         3168    .text               c_w.l(exit.o)
    0x0801adfe   0x0801adfe   0x00000002   PAD
    0x0801ae00   0x0801ae00   0x00000320   Code   RO         3208    .text               c_w.l(scanf_hexfp.o)
    0x0801b120   0x0801b120   0x00000134   Code   RO         3210    .text               c_w.l(scanf_infnan.o)
    0x0801b254   0x0801b254   0x00000026   Code   RO         3237    .text               c_w.l(llshl.o)
    0x0801b27a   0x0801b27a   0x00000338   Code   RO         3153    CL$$btod_div_common  c_w.l(btod.o)
    0x0801b5b2   0x0801b5b2   0x00000002   PAD
    0x0801b5b4   0x0801b5b4   0x00000084   Code   RO         3151    CL$$btod_e2d        c_w.l(btod.o)
    0x0801b638   0x0801b638   0x000000dc   Code   RO         3150    CL$$btod_e2e        c_w.l(btod.o)
    0x0801b714   0x0801b714   0x0000002a   Code   RO         3147    CL$$btod_ediv       c_w.l(btod.o)
    0x0801b73e   0x0801b73e   0x0000002a   Code   RO         3149    CL$$btod_edivd      c_w.l(btod.o)
    0x0801b768   0x0801b768   0x0000002a   Code   RO         3146    CL$$btod_emul       c_w.l(btod.o)
    0x0801b792   0x0801b792   0x0000002a   Code   RO         3148    CL$$btod_emuld      c_w.l(btod.o)
    0x0801b7bc   0x0801b7bc   0x00000244   Code   RO         3152    CL$$btod_mult_common  c_w.l(btod.o)
    0x0801ba00   0x0801ba00   0x0000000e   Code   RO         3018    i.__mathlib_dbl_overflow  m_ws.l(dunder.o)
    0x0801ba0e   0x0801ba0e   0x00000002   PAD
    0x0801ba10   0x0801ba10   0x00000010   Code   RO         3020    i.__mathlib_dbl_underflow  m_ws.l(dunder.o)
    0x0801ba20   0x0801ba20   0x00000010   Code   RO         3198    i.__mathlib_narrow  m_ws.l(narrow.o)
    0x0801ba30   0x0801ba30   0x000000bc   Code   RO         3199    i.__mathlib_tofloat  m_ws.l(narrow.o)
    0x0801baec   0x0801baec   0x00000016   Code   RO         3248    i.__support_ldexp   m_ws.l(ldexp.o)
    0x0801bb02   0x0801bb02   0x0000000e   Code   RO         2780    i._is_digit         c_w.l(__printf_wp.o)
    0x0801bb10   0x0801bb10   0x000000dc   Code   RO         2923    i.floor             m_ws.l(floor.o)
    0x0801bbec   0x0801bbec   0x00000058   Code   RO         3223    i.frexp             m_ws.l(frexp.o)
    0x0801bc44   0x0801bc44   0x00000074   Code   RO         3249    i.ldexp             m_ws.l(ldexp.o)
    0x0801bcb8   0x0801bcb8   0x0000002c   Code   RO         2988    locale$$code        c_w.l(lc_ctype_c.o)
    0x0801bce4   0x0801bce4   0x0000002c   Code   RO         3166    locale$$code        c_w.l(lc_numeric_c.o)
    0x0801bd10   0x0801bd10   0x00000062   Code   RO         2836    x$fpl$d2f           fz_ws.l(d2f.o)
    0x0801bd72   0x0801bd72   0x00000002   PAD
    0x0801bd74   0x0801bd74   0x00000150   Code   RO         2838    x$fpl$dadd          fz_ws.l(daddsub_clz.o)
    0x0801bec4   0x0801bec4   0x00000010   Code   RO         3134    x$fpl$dcheck1       fz_ws.l(dcheck1.o)
    0x0801bed4   0x0801bed4   0x00000018   Code   RO         2992    x$fpl$dcmpinf       fz_ws.l(dcmpi.o)
    0x0801beec   0x0801beec   0x000002b0   Code   RO         2845    x$fpl$ddiv          fz_ws.l(ddiv.o)
    0x0801c19c   0x0801c19c   0x00000078   Code   RO         2848    x$fpl$deqf          fz_ws.l(deqf.o)
    0x0801c214   0x0801c214   0x0000005e   Code   RO         2850    x$fpl$dfix          fz_ws.l(dfix.o)
    0x0801c272   0x0801c272   0x00000002   PAD
    0x0801c274   0x0801c274   0x0000005a   Code   RO         2858    x$fpl$dfixu         fz_ws.l(dfixu.o)
    0x0801c2ce   0x0801c2ce   0x0000002e   Code   RO         2863    x$fpl$dflt          fz_ws.l(dflt_clz.o)
    0x0801c2fc   0x0801c2fc   0x000000a2   Code   RO         2868    x$fpl$dfltll        fz_ws.l(dfltll_clz.o)
    0x0801c39e   0x0801c39e   0x00000026   Code   RO         2862    x$fpl$dfltu         fz_ws.l(dflt_clz.o)
    0x0801c3c4   0x0801c3c4   0x00000078   Code   RO         2872    x$fpl$dleqf         fz_ws.l(dleqf.o)
    0x0801c43c   0x0801c43c   0x00000154   Code   RO         2874    x$fpl$dmul          fz_ws.l(dmul.o)
    0x0801c590   0x0801c590   0x0000009c   Code   RO         2994    x$fpl$dnaninf       fz_ws.l(dnaninf.o)
    0x0801c62c   0x0801c62c   0x0000000c   Code   RO         2996    x$fpl$dretinf       fz_ws.l(dretinf.o)
    0x0801c638   0x0801c638   0x0000006c   Code   RO         2876    x$fpl$drleqf        fz_ws.l(drleqf.o)
    0x0801c6a4   0x0801c6a4   0x00000016   Code   RO         2839    x$fpl$drsb          fz_ws.l(daddsub_clz.o)
    0x0801c6ba   0x0801c6ba   0x00000002   PAD
    0x0801c6bc   0x0801c6bc   0x000001d4   Code   RO         2840    x$fpl$dsub          fz_ws.l(daddsub_clz.o)
    0x0801c890   0x0801c890   0x00000056   Code   RO         2878    x$fpl$f2d           fz_ws.l(f2d.o)
    0x0801c8e6   0x0801c8e6   0x00000002   PAD
    0x0801c8e8   0x0801c8e8   0x000000c4   Code   RO         2880    x$fpl$fadd          fz_ws.l(faddsub_clz.o)
    0x0801c9ac   0x0801c9ac   0x00000018   Code   RO         3000    x$fpl$fcmpinf       fz_ws.l(fcmpi.o)
    0x0801c9c4   0x0801c9c4   0x00000184   Code   RO         2887    x$fpl$fdiv          fz_ws.l(fdiv.o)
    0x0801cb48   0x0801cb48   0x00000068   Code   RO         2890    x$fpl$feqf          fz_ws.l(feqf.o)
    0x0801cbb0   0x0801cbb0   0x00000036   Code   RO         2892    x$fpl$ffix          fz_ws.l(ffix.o)
    0x0801cbe6   0x0801cbe6   0x00000002   PAD
    0x0801cbe8   0x0801cbe8   0x0000003e   Code   RO         2896    x$fpl$ffixu         fz_ws.l(ffixu.o)
    0x0801cc26   0x0801cc26   0x00000002   PAD
    0x0801cc28   0x0801cc28   0x00000030   Code   RO         2901    x$fpl$fflt          fz_ws.l(fflt_clz.o)
    0x0801cc58   0x0801cc58   0x00000060   Code   RO         2906    x$fpl$ffltll        fz_ws.l(ffltll_clz.o)
    0x0801ccb8   0x0801ccb8   0x00000026   Code   RO         2900    x$fpl$ffltu         fz_ws.l(fflt_clz.o)
    0x0801ccde   0x0801ccde   0x00000002   PAD
    0x0801cce0   0x0801cce0   0x00000068   Code   RO         2908    x$fpl$fleqf         fz_ws.l(fleqf.o)
    0x0801cd48   0x0801cd48   0x00000102   Code   RO         2910    x$fpl$fmul          fz_ws.l(fmul.o)
    0x0801ce4a   0x0801ce4a   0x0000008c   Code   RO         3002    x$fpl$fnaninf       fz_ws.l(fnaninf.o)
    0x0801ced6   0x0801ced6   0x0000000a   Code   RO         3004    x$fpl$fretinf       fz_ws.l(fretinf.o)
    0x0801cee0   0x0801cee0   0x00000062   Code   RO         2912    x$fpl$frleqf        fz_ws.l(frleqf.o)
    0x0801cf42   0x0801cf42   0x00000014   Code   RO         2881    x$fpl$frsb          fz_ws.l(faddsub_clz.o)
    0x0801cf56   0x0801cf56   0x00000002   PAD
    0x0801cf58   0x0801cf58   0x000000ea   Code   RO         2882    x$fpl$fsub          fz_ws.l(faddsub_clz.o)
    0x0801d042   0x0801d042   0x00000006   Code   RO         3188    x$fpl$ieeestatus    fz_ws.l(istatus.o)
    0x0801d048   0x0801d048   0x000000c2   Code   RO         2854    x$fpl$llsfromd      fz_ws.l(dfixll.o)
    0x0801d10a   0x0801d10a   0x00000064   Code   RO         3190    x$fpl$retnan        fz_ws.l(retnan.o)
    0x0801d16e   0x0801d16e   0x0000005c   Code   RO         3006    x$fpl$scalbn        fz_ws.l(scalbn.o)
    0x0801d1ca   0x0801d1ca   0x00000004   Code   RO         3008    x$fpl$scanf1        fz_ws.l(scanf1.o)
    0x0801d1ce   0x0801d1ce   0x00000008   Code   RO         3192    x$fpl$scanf2        fz_ws.l(scanf2.o)
    0x0801d1d6   0x0801d1d6   0x00000030   Code   RO         3220    x$fpl$trapveneer    fz_ws.l(trapv.o)
    0x0801d206   0x0801d206   0x00000000   Code   RO         3010    x$fpl$usenofp       fz_ws.l(usenofp.o)
    0x0801d206   0x0801d206   0x00000018   Data   RO          513    .constdata          rtc.o
    0x0801d21e   0x0801d21e   0x00000948   Data   RO          570    .constdata          gui.o
    0x0801db66   0x0801db66   0x00000002   PAD
    0x0801db68   0x0801db68   0x00000060   Data   RO          681    .constdata          button_1.o
    0x0801dbc8   0x0801dbc8   0x000000c0   Data   RO          784    .constdata          check_button.o
    0x0801dc88   0x0801dc88   0x00000060   Data   RO          824    .constdata          dialog.o
    0x0801dce8   0x0801dce8   0x0000030c   Data   RO          894    .constdata          enums.o
    0x0801dff4   0x0801dff4   0x00000060   Data   RO          950    .constdata          group_box.o
    0x0801e054   0x0801e054   0x00000060   Data   RO          968    .constdata          image.o
    0x0801e0b4   0x0801e0b4   0x00000060   Data   RO         1001    .constdata          label.o
    0x0801e114   0x0801e114   0x00000060   Data   RO         1059    .constdata          progress_bar.o
    0x0801e174   0x0801e174   0x00000104   Data   RO         1104    .constdata          utf8.o
    0x0801e278   0x0801e278   0x00000060   Data   RO         1149    .constdata          widget_vtable.o
    0x0801e2d8   0x0801e2d8   0x00000060   Data   RO         1187    .constdata          window.o
    0x0801e338   0x0801e338   0x00000086   Data   RO         1205    .constdata          window_manager.o
    0x0801e3be   0x0801e3be   0x00000002   PAD
    0x0801e3c0   0x0801e3c0   0x00000458   Data   RO         1260    .constdata          utils.o
    0x0801e818   0x0801e818   0x00000060   Data   RO         1349    .constdata          slider.o
    0x0801e878   0x0801e878   0x00000060   Data   RO         1475    .constdata          pages.o
    0x0801e8d8   0x0801e8d8   0x00000060   Data   RO         1494    .constdata          edit.o
    0x0801e938   0x0801e938   0x00000060   Data   RO         1511    .constdata          view.o
    0x0801e998   0x0801e998   0x00000438   Data   RO         1544    .constdata          widget_factory.o
    0x0801edd0   0x0801edd0   0x00000060   Data   RO         1720    .constdata          spin_box.o
    0x0801ee30   0x0801ee30   0x00000060   Data   RO         1739    .constdata          dragger.o
    0x0801ee90   0x0801ee90   0x00000060   Data   RO         1758    .constdata          dialog_client.o
    0x0801eef0   0x0801eef0   0x00000060   Data   RO         1773    .constdata          dialog_title.o
    0x0801ef50   0x0801ef50   0x00000060   Data   RO         1836    .constdata          button_group.o
    0x0801efb0   0x0801efb0   0x00000060   Data   RO         1872    .constdata          combo_box.o
    0x0801f010   0x0801f010   0x00000060   Data   RO         1898    .constdata          combo_box_item.o
    0x0801f070   0x0801f070   0x00000060   Data   RO         1984    .constdata          popup.o
    0x0801f0d0   0x0801f0d0   0x00000060   Data   RO         2027    .constdata          tab_button.o
    0x0801f130   0x0801f130   0x00000060   Data   RO         2046    .constdata          tab_button_group.o
    0x0801f190   0x0801f190   0x00000060   Data   RO         2064    .constdata          tab_control.o
    0x0801f1f0   0x0801f1f0   0x00000004   Data   RO         2270    .constdata          ui_loader_default.o
    0x0801f1f4   0x0801f1f4   0x00000060   Data   RO         2376    .constdata          color_tile.o
    0x0801f254   0x0801f254   0x00000060   Data   RO         2447    .constdata          app_bar.o
    0x0801f2b4   0x0801f2b4   0x00000060   Data   RO         2465    .constdata          column.o
    0x0801f314   0x0801f314   0x00000060   Data   RO         2483    .constdata          grid.o
    0x0801f374   0x0801f374   0x00000060   Data   RO         2501    .constdata          row.o
    0x0801f3d4   0x0801f3d4   0x0001c81c   Data   RO         2699    .constdata          assets-mini.o
    0x0803bbf0   0x0803bbf0   0x00000094   Data   RO         3141    .constdata          c_w.l(bigflt0.o)
    0x0803bc84   0x0803bc84   0x0000000f   Data   RO          682    .conststring        button_1.o
    0x0803bc93   0x0803bc93   0x00000001   PAD
    0x0803bc94   0x0803bc94   0x00000025   Data   RO          785    .conststring        check_button.o
    0x0803bcb9   0x0803bcb9   0x00000003   PAD
    0x0803bcbc   0x0803bcbc   0x00000023   Data   RO          825    .conststring        dialog.o
    0x0803bcdf   0x0803bcdf   0x00000001   PAD
    0x0803bce0   0x0803bce0   0x0000026a   Data   RO          895    .conststring        enums.o
    0x0803bf4a   0x0803bf4a   0x00000002   PAD
    0x0803bf4c   0x0803bf4c   0x0000000a   Data   RO          951    .conststring        group_box.o
    0x0803bf56   0x0803bf56   0x00000002   PAD
    0x0803bf58   0x0803bf58   0x00000055   Data   RO          969    .conststring        image.o
    0x0803bfad   0x0803bfad   0x00000003   PAD
    0x0803bfb0   0x0803bfb0   0x00000006   Data   RO         1002    .conststring        label.o
    0x0803bfb6   0x0803bfb6   0x00000002   PAD
    0x0803bfb8   0x0803bfb8   0x00000026   Data   RO         1060    .conststring        progress_bar.o
    0x0803bfde   0x0803bfde   0x00000002   PAD
    0x0803bfe0   0x0803bfe0   0x00000007   Data   RO         1188    .conststring        window.o
    0x0803bfe7   0x0803bfe7   0x00000001   PAD
    0x0803bfe8   0x0803bfe8   0x0000000f   Data   RO         1206    .conststring        window_manager.o
    0x0803bff7   0x0803bff7   0x00000001   PAD
    0x0803bff8   0x0803bff8   0x00000018   Data   RO         1350    .conststring        slider.o
    0x0803c010   0x0803c010   0x00000006   Data   RO         1476    .conststring        pages.o
    0x0803c016   0x0803c016   0x00000002   PAD
    0x0803c018   0x0803c018   0x0000007d   Data   RO         1495    .conststring        edit.o
    0x0803c095   0x0803c095   0x00000003   PAD
    0x0803c098   0x0803c098   0x00000005   Data   RO         1512    .conststring        view.o
    0x0803c09d   0x0803c09d   0x00000003   PAD
    0x0803c0a0   0x0803c0a0   0x00000009   Data   RO         1721    .conststring        spin_box.o
    0x0803c0a9   0x0803c0a9   0x00000003   PAD
    0x0803c0ac   0x0803c0ac   0x00000026   Data   RO         1740    .conststring        dragger.o
    0x0803c0d2   0x0803c0d2   0x00000002   PAD
    0x0803c0d4   0x0803c0d4   0x0000000e   Data   RO         1759    .conststring        dialog_client.o
    0x0803c0e2   0x0803c0e2   0x00000002   PAD
    0x0803c0e4   0x0803c0e4   0x0000000d   Data   RO         1774    .conststring        dialog_title.o
    0x0803c0f1   0x0803c0f1   0x00000003   PAD
    0x0803c0f4   0x0803c0f4   0x00000a61   Data   RO         1854    .conststring        color_parser.o
    0x0803cb55   0x0803cb55   0x00000003   PAD
    0x0803cb58   0x0803cb58   0x00000026   Data   RO         1873    .conststring        combo_box.o
    0x0803cb7e   0x0803cb7e   0x00000002   PAD
    0x0803cb80   0x0803cb80   0x0000000f   Data   RO         1899    .conststring        combo_box_item.o
    0x0803cb8f   0x0803cb8f   0x00000001   PAD
    0x0803cb90   0x0803cb90   0x00000036   Data   RO         1985    .conststring        popup.o
    0x0803cbc6   0x0803cbc6   0x00000002   PAD
    0x0803cbc8   0x0803cbc8   0x0000000b   Data   RO         2028    .conststring        tab_button.o
    0x0803cbd3   0x0803cbd3   0x00000001   PAD
    0x0803cbd4   0x0803cbd4   0x00000011   Data   RO         2047    .conststring        tab_button_group.o
    0x0803cbe5   0x0803cbe5   0x00000003   PAD
    0x0803cbe8   0x0803cbe8   0x0000000c   Data   RO         2065    .conststring        tab_control.o
    0x0803cbf4   0x0803cbf4   0x0000000b   Data   RO         2377    .conststring        color_tile.o
    0x0803cbff   0x0803cbff   0x00000001   PAD
    0x0803cc00   0x0803cc00   0x00000008   Data   RO         2448    .conststring        app_bar.o
    0x0803cc08   0x0803cc08   0x00000007   Data   RO         2466    .conststring        column.o
    0x0803cc0f   0x0803cc0f   0x00000001   PAD
    0x0803cc10   0x0803cc10   0x00000004   Data   RO         2484    .conststring        grid.o
    0x0803cc14   0x0803cc14   0x00000020   Data   RO         3299    Region$$Table       anon$$obj.o
    0x0803cc34   0x0803cc34   0x00000008   Data   RO         3182    c$$dinf             fz_ws.l(fpconst.o)
    0x0803cc3c   0x0803cc3c   0x00000008   Data   RO         3185    c$$dmax             fz_ws.l(fpconst.o)
    0x0803cc44   0x0803cc44   0x00000110   Data   RO         2987    locale$$data        c_w.l(lc_ctype_c.o)
    0x0803cd54   0x0803cd54   0x0000001c   Data   RO         3165    locale$$data        c_w.l(lc_numeric_c.o)


    Execution Region RW_IRAM1 (Exec base: 0x20000000, Load base: 0x0803cd70, Size: 0x00003f20, Max: 0x00010000, ABSOLUTE, COMPRESSED[0x000004bc])

    Exec Addr    Load Addr    Size         Type   Attr      Idx    E Section Name        Object

    0x20000000   COMPRESSED   0x00000014   Data   RW          105    .data               system_stm32f10x.o
    0x20000014   COMPRESSED   0x00000006   Data   RW          218    .data               usart.o
    0x2000001a   COMPRESSED   0x00000014   Data   RW          282    .data               stm32f10x_rcc.o
    0x2000002e   COMPRESSED   0x00000001   Data   RW          452    .data               led.o
    0x2000002f   COMPRESSED   0x00000001   Data   RW          480    .data               button.o
    0x20000030   COMPRESSED   0x00000004   Data   RW          493    .data               tim.o
    0x20000034   COMPRESSED   0x0000000a   Data   RW          514    .data               rtc.o
    0x2000003e   COMPRESSED   0x00000008   Data   RW          537    .data               touch.o
    0x20000046   COMPRESSED   0x00000002   PAD
    0x20000048   COMPRESSED   0x00000008   Data   RW          683    .data               button_1.o
    0x20000050   COMPRESSED   0x00000008   Data   RW          786    .data               check_button.o
    0x20000058   COMPRESSED   0x00000010   Data   RW          826    .data               dialog.o
    0x20000068   COMPRESSED   0x00000004   Data   RW          936    .data               font_manager.o
    0x2000006c   COMPRESSED   0x00000028   Data   RW          970    .data               image.o
    0x20000094   COMPRESSED   0x00000004   Data   RW          987    .data               image_manager.o
    0x20000098   COMPRESSED   0x00000004   Data   RW         1028    .data               main_loop.o
    0x2000009c   COMPRESSED   0x00000010   Data   RW         1061    .data               progress_bar.o
    0x200000ac   COMPRESSED   0x00000004   Data   RW         1090    .data               theme.o
    0x200000b0   COMPRESSED   0x00000004   Data   RW         1207    .data               window_manager.o
    0x200000b4   COMPRESSED   0x000000f1   Data   RW         1261    .data               utils.o
    0x200001a5   COMPRESSED   0x00000003   PAD
    0x200001a8   COMPRESSED   0x00000004   Data   RW         1305    .data               timer.o
    0x200001ac   COMPRESSED   0x00000018   Data   RW         1351    .data               slider.o
    0x200001c4   COMPRESSED   0x00000004   Data   RW         1392    .data               idle.o
    0x200001c8   COMPRESSED   0x00000008   Data   RW         1477    .data               pages.o
    0x200001d0   COMPRESSED   0x00000038   Data   RW         1496    .data               edit.o
    0x20000208   COMPRESSED   0x00000004   Data   RW         1545    .data               widget_factory.o
    0x2000020c   COMPRESSED   0x00000004   Data   RW         1682    .data               input_method.o
    0x20000210   COMPRESSED   0x00000014   Data   RW         1741    .data               dragger.o
    0x20000224   COMPRESSED   0x00000460   Data   RW         1855    .data               color_parser.o
    0x20000684   COMPRESSED   0x0000003c   Data   RW         1874    .data               combo_box.o
    0x200006c0   COMPRESSED   0x00000018   Data   RW         1986    .data               popup.o
    0x200006d8   COMPRESSED   0x00000008   Data   RW         2029    .data               tab_button.o
    0x200006e0   COMPRESSED   0x0000000c   Data   RW         2378    .data               color_tile.o
    0x200006ec   COMPRESSED   0x00000004   Data   RW         2398    .data               assets_manager.o
    0x200006f0   COMPRESSED   0x00000004   Data   RW         2412    .data               locale_info.o
    0x200006f4   COMPRESSED   0x00000004   Data   RW         2623    .data               mutex_null.o
    0x200006f8   COMPRESSED   0x00000004   Data   RW         2640    .data               sys_tick.o
    0x200006fc        -       0x000000c8   Zero   RW          217    .bss                usart.o
    0x200007c4        -       0x0000000a   Zero   RW          512    .bss                rtc.o
    0x200007ce   COMPRESSED   0x00000002   PAD
    0x200007d0        -       0x0000000c   Zero   RW          536    .bss                touch.o
    0x200007dc        -       0x00001000   Zero   RW          591    .bss                flash.o
    0x200017dc        -       0x00000010   Zero   RW         1045    .bss                mem.o
    0x200017ec        -       0x0000001c   Zero   RW         1418    .bss                system_info.o
    0x20001808        -       0x00000090   Zero   RW         1456    .bss                main_loop_simple.o
    0x20001898        -       0x00000024   Zero   RW         2238    .bss                ui_builder_default.o
    0x200018bc        -       0x00002000   Zero   RW         2609    .bss                platform.o
    0x200038bc        -       0x00000060   Zero   RW         3045    .bss                c_w.l(libspace.o)
    0x2000391c   COMPRESSED   0x00000004   PAD
    0x20003920        -       0x00000200   Zero   RW          251    HEAP                startup_stm32f10x_hd.o
    0x20003b20        -       0x00000400   Zero   RW          250    STACK               startup_stm32f10x_hd.o


==============================================================================

Image component sizes


      Code (inc. data)   RO Data    RW Data    ZI Data      Debug   Object Name

        84          6        104          0          0       1982   app_bar.o
       638          0          0          0          0      13687   array.o
       412        132     116764          0          0      12083   assets-mini.o
       560         12          0          4          0       5718   assets_manager.o
       680         18          0          0          0       3479   awtk.o
       212          0          0          0          0       3821   bitmap.o
       756          0          0          0          0       6633   buffer.o
       256         12          0          1          0        850   button.o
       604         26        111          8          0      30758   button_1.o
       104          6         96          0          0       2364   button_group.o
     10406         84          0          0          0      32563   canvas.o
       632         16        229          8          0       6181   check_button.o
        84         18          0          0          0        899   color.o
       652        102       2657       1120          0       3637   color_parser.o
       556         48        107         12          0       4373   color_tile.o
        84          6        103          0          0       1964   column.o
      1912        156        134         60          0      11434   combo_box.o
       752         60        111          0          0       4501   combo_box_item.o
         0          0          0          0          0         32   core_cm3.o
       560          0          0          0          0       4757   custom_props.o
      1336        248          0          0          0       3491   demo1_app.o
        38          0          0          0          0        600   demo_main.o
       980         96        131         16          0      13518   dialog.o
       128         12        110          0          0       1978   dialog_client.o
       120         12        109          0          0       2016   dialog_title.o
       896         48        134         20          0       4888   dragger.o
      5140        214        221         56          0      18155   edit.o
       692          0          0          0          0       8241   emitter.o
       292         28       1398          0          0       8722   enums.o
       330          0          0          0          0       2992   event_queue.o
       210          0          0          0          0       2700   events.o
       924         12          0          0       4096       3305   flash.o
       152          8          0          0          0       1544   font.o
       340         18          0          0          0       3974   font_bitmap.o
       256         14          0          4          0       3238   font_manager.o
       892         10          0          0          0       8123   fs.o
         4          0          0          0          0        464   fs_os.o
        84          6        100          0          0       1932   grid.o
       104          6        106          0          0       2254   group_box.o
      1072         12       2376          0          0       5635   gui.o
       772         12          0          4          0       6739   idle.o
      1720        108        181         40          0       7532   image.o
        44          0          0          0          0       1060   image_loader.o
       728         14          0          4          0       5669   image_manager.o
       126          0          0          0          0       1038   input_engine.o
       556         10          0          4          0       4717   input_method.o
       100         10          0          0          0       1255   input_method_creator.o
        84          6        102          0          0       1591   label.o
      2400         42          0          0          0       7749   layout.o
      1018          0          0          0          0       8991   lcd.o
       696         18          0          0          0       2092   lcd_driver.o
      1336         36          0          0          0       6505   lcd_stm32_raw.o
       164         10          0          1          0        739   led.o
       580         20          0          4          0       7935   locale_info.o
        68          0          0          0          0     205271   main.o
       300          4          0          4          0       3364   main_loop.o
       680         12          0          0        144       4965   main_loop_simple.o
       216         16          0          0          0      17717   main_loop_stm32_raw.o
       868          6          0          0         16       4959   mem.o
       220         22          0          0          0       1825   misc.o
        28          6          0          4          0       1993   mutex_null.o
       488         20        102          8          0       4408   pages.o
       828          6          0          0          0       4906   path.o
       100         12          0          0       8192       1236   platform.o
       784         72        150         24          0       3766   popup.o
      1232         36        134         16          0       5412   progress_bar.o
       576          0          0          0          0       3005   rect.o
        84          6         96          0          0       1914   row.o
      1120         66         24         10         10       4387   rtc.o
      2172         52        120         24          0       7495   slider.o
       476         16          0          0          0       1828   spi.o
       336         70        105          0          0       2313   spin_box.o
        64         26        304          0       1536        812   startup_stm32f10x_hd.o
       196          8          0          0          0       3520   stm32f10x_bkp.o
      1548         18          0          0          0       5399   stm32f10x_fsmc.o
       860         38          0          0          0       5757   stm32f10x_gpio.o
        24          0          0          0          0      64030   stm32f10x_it.o
       204         14          0          0          0       1967   stm32f10x_pwr.o
       932         36          0         20          0       8944   stm32f10x_rcc.o
       328          4          0          0          0       2734   stm32f10x_rtc.o
       780         14          0          0          0       6638   stm32f10x_spi.o
      3610         88          0          0          0      22864   stm32f10x_tim.o
      1032         22          0          0          0       8480   stm32f10x_usart.o
      2004         54          0          0          0      11004   str.o
        76          6          0          4          0       1761   sys_tick.o
        76         24          0          0         28       1427   system_info.o
       480         38          0         20          0       1775   system_stm32f10x.o
      1080         74        107          8          0       6036   tab_button.o
       976         36        113          0          0       6280   tab_button_group.o
       104          6        108          0          0       2294   tab_control.o
       480         12          0          4          0       3288   theme.o
       572         24          0          4          0       1965   tim.o
        24          0          0          0          0        617   time.o
       968         14          0          4          0       8145   timer.o
       390          0          0          0          0       3276   tokenizer.o
      1088         38          0          8         12       4326   touch.o
       162          0          0          0          0       2952   ui_builder.o
       360         32          0          0         36       3293   ui_builder_default.o
        48          0          0          0          0       1177   ui_loader.o
       276         10          4          0          0       1939   ui_loader_default.o
       296         16          0          6        200       3210   usart.o
       772          4        260          0          0       5513   utf8.o
     11104        222       1112        241          0      29507   utils.o
      1568         72          0          0          0       9804   value.o
        84          6        101          0          0       1932   view.o
      8164        178          0          0          0      34886   widget.o
       436          8       1080          4          0      12532   widget_factory.o
       704         20         96          0          0      20801   widget_vtable.o
       460         26        103          0          0       3685   window.o
       312          0          0          0          0       1961   window_animator.o
        16          0          0          0          0       1475   window_animator_null.o
      3256        104        149          4          0      17296   window_manager.o
       156          4          0          0          0       2156   window_open.o
      1668         18          0          0          0       9254   wstr.o

    ----------------------------------------------------------------------
    102592       3468     129738       1788      14272     940574   Object Totals
         0          0         32          0          0          0   (incl. Generated)
        20          0         54          5          2          0   (incl. Padding)

    ----------------------------------------------------------------------

      Code (inc. data)   RO Data    RW Data    ZI Data      Debug   Library Member Name

       100          0          0          0          0          0   __dclz77c.o
         8          0          0          0          0         68   __main.o
       104          0          0          0          0         84   __printf.o
        14          0          0          0          0         68   __printf_wp.o
         0          0          0          0          0          0   __rtentry.o
        12          0          0          0          0          0   __rtentry2.o
         6          0          0          0          0          0   __rtentry4.o
        52          8          0          0          0          0   __scatter.o
        28          0          0          0          0          0   __scatter_zi.o
        28          0          0          0          0         68   _chval.o
        60          0          0          0          0         92   _mbrtowc.o
        48          6          0          0          0         96   _printf_char_common.o
        36          4          0          0          0         80   _printf_char_file.o
         6          0          0          0          0          0   _printf_d.o
       120         16          0          0          0         92   _printf_dec.o
       178          0          0          0          0         88   _printf_intcommon.o
         0          0          0          0          0          0   _printf_percent.o
         4          0          0          0          0          0   _printf_percent_end.o
        22          0          0          0          0        100   _rserrno.o
       884          6          0          0          0        100   _scanf.o
       332          0          0          0          0         96   _scanf_int.o
       342          0          0          0          0        100   _scanf_longlong.o
       276          0          0          0          0        100   _scanf_mbtowc.o
       224          0          0          0          0         96   _scanf_str.o
        30          0          0          0          0         76   _scanf_wcharmap.o
       232          0          0          0          0        100   _scanf_wctomb.o
       208          0          0          0          0         96   _scanf_wstr.o
        64          0          0          0          0         84   _sgetc.o
        64          0          0          0          0         92   _wcrtomb.o
       228          4        148          0          0         96   bigflt0.o
        80          0          0          0          0         88   bsearchnoex.o
      1924        136          0          0          0        756   btod.o
        18          0          0          0          0         80   exit.o
         8          0          0          0          0         68   ferror.o
         6          0          0          0          0        152   heapauxi.o
        18          0          0          0          0         76   isspace.o
        44         10        272          0          0         76   lc_ctype_c.o
        44         10         28          0          0         76   lc_numeric_c.o
         2          0          0          0          0          0   libinit.o
        30          0          0          0          0          0   libinit2.o
         2          0          0          0          0          0   libshutdown.o
         2          0          0          0          0          0   libshutdown2.o
         8          4          0          0         96         68   libspace.o
        72          0          0          0          0         76   llsdiv.o
        38          0          0          0          0         68   llshl.o
       238          0          0          0          0        100   lludivv7m.o
        38          0          0          0          0         68   llushr.o
        88          0          0          0          0         76   memcmp.o
        24          4          0          0          0         84   noretval__2printf.o
        16          4          0          0          0         76   rt_ctype_table.o
         8          4          0          0          0         68   rt_errno_addr_intlibspace.o
         8          4          0          0          0         68   rt_locale_intlibspace.o
        68          0          0          0          0         68   rt_memclr.o
        78          0          0          0          0         80   rt_memclr_w.o
       138          0          0          0          0         68   rt_memcpy_v6.o
       100          0          0          0          0         80   rt_memcpy_w.o
       132          0          0          0          0         68   rt_memmove_v6.o
       122          0          0          0          0         80   rt_memmove_w.o
         2          0          0          0          0          0   rtexit.o
        10          0          0          0          0          0   rtexit2.o
        44          8          0          0          0         84   scanf_char.o
      1272         16          0          0          0        168   scanf_fp.o
       800         14          0          0          0        100   scanf_hexfp.o
       308         16          0          0          0        100   scanf_infnan.o
        20          0          0          0          0         68   strchr.o
       128          0          0          0          0         68   strcmpv7m.o
        72          0          0          0          0         80   strcpy.o
        62          0          0          0          0         76   strlen.o
       150          0          0          0          0         80   strncmp.o
        86          0          0          0          0         76   strncpy.o
        22          0          0          0          0         68   strrchr.o
        36          0          0          0          0         80   strstr.o
        74          0          0          0          0         80   sys_stackheap_outer.o
        26          0          0          0          0         76   tolower.o
        30          0          0          0          0         76   toupper.o
         2          0          0          0          0         68   use_no_semi.o
         2          0          0          0          0         68   use_no_semi_2.o
        52          8          0          0          0         80   vsscanf.o
        22          0          0          0          0         68   wcschr.o
        24          0          0          0          0         68   wcscmp.o
        18          0          0          0          0         68   wcscpy.o
        18          0          0          0          0         68   wcslen.o
        98          4          0          0          0         92   d2f.o
       826         16          0          0          0        348   daddsub_clz.o
        16          4          0          0          0         68   dcheck1.o
        24          0          0          0          0         68   dcmpi.o
       688        140          0          0          0        208   ddiv.o
       120          4          0          0          0         92   deqf.o
        94          4          0          0          0         92   dfix.o
       194          4          0          0          0        116   dfixll.o
        90          4          0          0          0         92   dfixu.o
        84          0          0          0          0        136   dflt_clz.o
       162          0          0          0          0         84   dfltll_clz.o
       120          4          0          0          0         92   dleqf.o
       340         12          0          0          0        104   dmul.o
       156          4          0          0          0         92   dnaninf.o
        12          0          0          0          0         68   dretinf.o
       108          0          0          0          0         80   drleqf.o
        86          4          0          0          0         84   f2d.o
       450          8          0          0          0        236   faddsub_clz.o
        24          0          0          0          0         68   fcmpi.o
       388         76          0          0          0         96   fdiv.o
       104          4          0          0          0         84   feqf.o
        54          4          0          0          0         84   ffix.o
        62          4          0          0          0         84   ffixu.o
        86          0          0          0          0        136   fflt_clz.o
        96          0          0          0          0         84   ffltll_clz.o
       104          4          0          0          0         84   fleqf.o
       258          4          0          0          0         84   fmul.o
       140          4          0          0          0         84   fnaninf.o
         0          0         16          0          0          0   fpconst.o
        10          0          0          0          0         68   fretinf.o
        98          0          0          0          0         68   frleqf.o
         6          0          0          0          0         68   istatus.o
       100          0          0          0          0         68   retnan.o
        92          0          0          0          0         68   scalbn.o
         4          0          0          0          0         68   scanf1.o
         8          0          0          0          0         84   scanf2.o
        48          0          0          0          0         68   trapv.o
         0          0          0          0          0          0   usenofp.o
        30          6          0          0          0        136   dunder.o
       220         16          0          0          0         84   floor.o
        88          8          0          0          0         76   frexp.o
       138          0          0          0          0        160   ldexp.o
       204          4          0          0          0        168   narrow.o

    ----------------------------------------------------------------------
     16406        630        464          0        100      10432   Library Totals
        32          2          0          0          4          0   (incl. Padding)

    ----------------------------------------------------------------------

      Code (inc. data)   RO Data    RW Data    ZI Data      Debug   Library Name

     10344        282        448          0         96       6208   c_w.l
      5350        312         16          0          0       3600   fz_ws.l
       680         34          0          0          0        624   m_ws.l

    ----------------------------------------------------------------------
     16406        630        464          0        100      10432   Library Totals

    ----------------------------------------------------------------------

==============================================================================


      Code (inc. data)   RO Data    RW Data    ZI Data      Debug   

    118998       4098     130202       1788      14372     933998   Grand Totals
    118998       4098     130202       1212      14372     933998   ELF Image Totals (compressed)
    118998       4098     130202       1212          0          0   ROM Totals

==============================================================================

    Total RO  Size (Code + RO Data)               249200 ( 243.36kB)
    Total RW  Size (RW Data + ZI Data)             16160 (  15.78kB)
    Total ROM Size (Code + RO Data + RW Data)     250412 ( 244.54kB)

==============================================================================

