Component: ARM Compiler 5.06 update 5 (build 528) Tool: armlink [4d35e2]

==============================================================================

Section Cross References

    system_stm32f10x.o(.text) refers to system_stm32f10x.o(.data) for SystemCoreClock
    main.o(.text) refers to delay.o(.text) for delay_init
    main.o(.text) refers to misc.o(.text) for NVIC_PriorityGroupConfig
    main.o(.text) refers to led.o(.text) for led_init
    main.o(.text) refers to button.o(.text) for button_init
    main.o(.text) refers to lcd_driver.o(.text) for TFT_Init
    main.o(.text) refers to flash.o(.text) for FLASH_Init
    main.o(.text) refers to touch.o(.text) for TOUCH_Init
    main.o(.text) refers to tim.o(.text) for TIM3_Init
    main.o(.text) refers to rtc.o(.text) for rtc_init
    main.o(.text) refers to demo_main.o(.text) for gui_app_start
    delay.o(.text) refers to misc.o(.text) for SysTick_CLKSourceConfig
    delay.o(.text) refers to system_stm32f10x.o(.data) for SystemCoreClock
    delay.o(.text) refers to delay.o(.data) for fac_us
    sys.o(.text) refers to misc.o(.text) for NVIC_PriorityGroupConfig
    usart.o(.text) refers (Special) to use_no_semi_2.o(.text) for __use_no_semihosting
    usart.o(.text) refers to stm32f10x_rcc.o(.text) for RCC_APB2PeriphClockCmd
    usart.o(.text) refers to stm32f10x_gpio.o(.text) for GPIO_Init
    usart.o(.text) refers to misc.o(.text) for NVIC_Init
    usart.o(.text) refers to stm32f10x_usart.o(.text) for USART_Init
    usart.o(.text) refers to usart.o(.data) for USART_RX_STA
    usart.o(.text) refers to usart.o(.bss) for USART_RX_BUF
    usart.o(.bss) refers (Special) to use_no_semi_2.o(.text) for __use_no_semihosting
    usart.o(.data) refers (Special) to use_no_semi_2.o(.text) for __use_no_semihosting
    startup_stm32f10x_hd.o(STACK) refers (Special) to heapauxi.o(.text) for __use_two_region_memory
    startup_stm32f10x_hd.o(HEAP) refers (Special) to heapauxi.o(.text) for __use_two_region_memory
    startup_stm32f10x_hd.o(RESET) refers (Special) to heapauxi.o(.text) for __use_two_region_memory
    startup_stm32f10x_hd.o(RESET) refers to startup_stm32f10x_hd.o(STACK) for __initial_sp
    startup_stm32f10x_hd.o(RESET) refers to startup_stm32f10x_hd.o(.text) for Reset_Handler
    startup_stm32f10x_hd.o(RESET) refers to stm32f10x_it.o(.text) for NMI_Handler
    startup_stm32f10x_hd.o(RESET) refers to rtc.o(.text) for RTC_IRQHandler
    startup_stm32f10x_hd.o(RESET) refers to main_loop_stm32_raw_1.o(.text) for TIM3_IRQHandler
    startup_stm32f10x_hd.o(RESET) refers to usart.o(.text) for USART1_IRQHandler
    startup_stm32f10x_hd.o(RESET) refers to tim.o(.text) for TIM5_IRQHandler
    startup_stm32f10x_hd.o(.text) refers (Special) to heapauxi.o(.text) for __use_two_region_memory
    startup_stm32f10x_hd.o(.text) refers to system_stm32f10x.o(.text) for SystemInit
    startup_stm32f10x_hd.o(.text) refers to __main.o(!!!main) for __main
    startup_stm32f10x_hd.o(.text) refers to startup_stm32f10x_hd.o(HEAP) for Heap_Mem
    startup_stm32f10x_hd.o(.text) refers to startup_stm32f10x_hd.o(STACK) for Stack_Mem
    stm32f10x_gpio.o(.text) refers to stm32f10x_rcc.o(.text) for RCC_APB2PeriphResetCmd
    stm32f10x_rcc.o(.text) refers to stm32f10x_rcc.o(.data) for APBAHBPrescTable
    stm32f10x_usart.o(.text) refers to stm32f10x_rcc.o(.text) for RCC_APB2PeriphResetCmd
    stm32f10x_wwdg.o(.text) refers to stm32f10x_rcc.o(.text) for RCC_APB1PeriphResetCmd
    stm32f10x_tim.o(.text) refers to stm32f10x_rcc.o(.text) for RCC_APB2PeriphResetCmd
    stm32f10x_bkp.o(.text) refers to stm32f10x_rcc.o(.text) for RCC_BackupResetCmd
    stm32f10x_pwr.o(.text) refers to stm32f10x_rcc.o(.text) for RCC_APB1PeriphResetCmd
    stm32f10x_spi.o(.text) refers to stm32f10x_rcc.o(.text) for RCC_APB2PeriphResetCmd
    led.o(.text) refers to stm32f10x_rcc.o(.text) for RCC_APB2PeriphClockCmd
    led.o(.text) refers to stm32f10x_gpio.o(.text) for GPIO_Init
    led.o(.text) refers to delay.o(.text) for delay_ms
    led.o(.text) refers to led.o(.data) for i
    lcd_driver.o(.text) refers to stm32f10x_rcc.o(.text) for RCC_APB2PeriphClockCmd
    lcd_driver.o(.text) refers to stm32f10x_gpio.o(.text) for GPIO_Init
    lcd_driver.o(.text) refers to stm32f10x_fsmc.o(.text) for FSMC_NORSRAMInit
    button.o(.text) refers to stm32f10x_rcc.o(.text) for RCC_APB2PeriphClockCmd
    button.o(.text) refers to stm32f10x_gpio.o(.text) for GPIO_Init
    button.o(.text) refers to delay.o(.text) for delay_ms
    button.o(.text) refers to button.o(.data) for key_up
    tim.o(.text) refers to stm32f10x_rcc.o(.text) for RCC_APB1PeriphClockCmd
    tim.o(.text) refers to stm32f10x_gpio.o(.text) for GPIO_Init
    tim.o(.text) refers to stm32f10x_tim.o(.text) for TIM_TimeBaseInit
    tim.o(.text) refers to misc.o(.text) for NVIC_Init
    tim.o(.text) refers to tim.o(.data) for TIM5CH1_CAPTURE_STA
[...]
    font_match                               0x080073fb   Thumb Code    30  font.o(.text)
    font_destroy                             0x08007419   Thumb Code    22  font.o(.text)
    font_manager                             0x08007431   Thumb Code     6  font_manager.o(.text)
    font_manager_set                         0x08007437   Thumb Code    10  font_manager.o(.text)
    font_manager_init                        0x08007441   Thumb Code    22  font_manager.o(.text)
    font_manager_create                      0x08007457   Thumb Code    20  font_manager.o(.text)
    font_manager_add                         0x0800746b   Thumb Code    24  font_manager.o(.text)
    font_manager_find                        0x08007483   Thumb Code    76  font_manager.o(.text)
    font_manager_deinit                      0x080074cf   Thumb Code    54  font_manager.o(.text)
    font_manager_destroy                     0x08007505   Thumb Code    26  font_manager.o(.text)
    group_box_create                         0x08007541   Thumb Code    80  group_box.o(.text)
    image_set_draw_type                      0x080076a3   Thumb Code    18  image.o(.text)
    image_set_image_name                     0x080076e3   Thumb Code    48  image.o(.text)
    image_create                             0x080077a9   Thumb Code    78  image.o(.text)
    image_manager                            0x08007811   Thumb Code     6  image_manager.o(.text)
    image_manager_set                        0x08007817   Thumb Code    10  image_manager.o(.text)
    image_manager_init                       0x08007821   Thumb Code    26  image_manager.o(.text)
    image_manager_create                     0x0800783b   Thumb Code    30  image_manager.o(.text)
    image_manager_add                        0x08007859   Thumb Code    92  image_manager.o(.text)
    image_manager_lookup                     0x080078b5   Thumb Code   100  image_manager.o(.text)
    image_manager_update_specific            0x08007919   Thumb Code    70  image_manager.o(.text)
    image_manager_load                       0x0800795f   Thumb Code   170  image_manager.o(.text)
    image_manager_unload_unused              0x08007a37   Thumb Code    42  image_manager.o(.text)
    image_manager_deinit                     0x08007a61   Thumb Code    60  image_manager.o(.text)
    image_manager_destroy                    0x08007a9d   Thumb Code    30  image_manager.o(.text)
    label_create                             0x08007add   Thumb Code    72  label.o(.text)
    lcd_begin_frame                          0x08007b29   Thumb Code    32  lcd.o(.text)
    lcd_set_clip_rect                        0x08007b49   Thumb Code    26  lcd.o(.text)
    lcd_set_global_alpha                     0x08007b63   Thumb Code    32  lcd.o(.text)
    lcd_set_text_color                       0x08007b83   Thumb Code    30  lcd.o(.text)
    lcd_set_stroke_color                     0x08007ba1   Thumb Code    30  lcd.o(.text)
    lcd_set_fill_color                       0x08007bbf   Thumb Code    30  lcd.o(.text)
    lcd_set_font_name                        0x08007bdd   Thumb Code    30  lcd.o(.text)
    lcd_set_font_size                        0x08007bfb   Thumb Code    30  lcd.o(.text)
    lcd_draw_vline                           0x08007c19   Thumb Code    40  lcd.o(.text)
    lcd_draw_hline                           0x08007c41   Thumb Code    40  lcd.o(.text)
    lcd_fill_rect                            0x08007c69   Thumb Code    48  lcd.o(.text)
    lcd_stroke_rect                          0x08007c99   Thumb Code    48  lcd.o(.text)
    lcd_draw_points                          0x08007cc9   Thumb Code    32  lcd.o(.text)
    lcd_get_point_color                      0x08007ce9   Thumb Code    70  lcd.o(.text)
    lcd_draw_image                           0x08007d2f   Thumb Code    44  lcd.o(.text)
    lcd_draw_glyph                           0x08007d5b   Thumb Code    52  lcd.o(.text)
    lcd_measure_text                         0x08007d8f   Thumb Code    32  lcd.o(.text)
    lcd_draw_text                            0x08007daf   Thumb Code    50  lcd.o(.text)
    lcd_end_frame                            0x08007de1   Thumb Code    22  lcd.o(.text)
    lcd_destroy                              0x08007df7   Thumb Code    22  lcd.o(.text)
    lcd_get_vgcanvas                         0x08007e0d   Thumb Code    22  lcd.o(.text)
    lcd_take_snapshot                        0x08007e23   Thumb Code    26  lcd.o(.text)
    main_loop_run                            0x08007e3d   Thumb Code    26  main_loop.o(.text)
    main_loop_quit                           0x08007e57   Thumb Code    26  main_loop.o(.text)
    main_loop_destroy                        0x08007e71   Thumb Code    26  main_loop.o(.text)
    main_loop                                0x08007e8b   Thumb Code     6  main_loop.o(.text)
    main_loop_set                            0x08007e91   Thumb Code    16  main_loop.o(.text)
    mem_stat                                 0x08007ea5   Thumb Code    76  mem.o(.text)
    mem_info_dump                            0x08007ef1   Thumb Code    64  mem.o(.text)
    tk_alloc                                 0x08007f31   Thumb Code   174  mem.o(.text)
    tk_calloc                                0x08007fdf   Thumb Code    36  mem.o(.text)
    tk_free                                  0x0800806d   Thumb Code   110  mem.o(.text)
    tk_realloc                               0x080080db   Thumb Code    86  mem.o(.text)
    mem_init                                 0x08008131   Thumb Code    50  mem.o(.text)
    progress_bar_set_value                   0x08008475   Thumb Code    42  progress_bar.o(.text)
    progress_bar_set_vertical                0x0800849f   Thumb Code    18  progress_bar.o(.text)
    progress_bar_set_show_text               0x080084b1   Thumb Code    18  progress_bar.o(.text)
    progress_bar_create                      0x08008595   Thumb Code    72  progress_bar.o(.text)
    rect_merge                               0x08008601   Thumb Code   162  rect.o(.text)
    rect_contains                            0x080086a3   Thumb Code    50  rect.o(.text)
    style_get_int                            0x080086d5   Thumb Code   144  theme.o(.text)
    style_get_color                          0x08008765   Thumb Code    22  theme.o(.text)
    style_get_str                            0x0800877b   Thumb Code   142  theme.o(.text)
    theme_find_style                         0x08008809   Thumb Code   232  theme.o(.text)
    theme                                    0x080088f1   Thumb Code     4  theme.o(.text)
    theme_init                               0x080088f5   Thumb Code    20  theme.o(.text)
    utf8_get_char                            0x08008911   Thumb Code   184  utf8.o(.text)
    utf8_get_prev_char                       0x080089c9   Thumb Code    60  utf8.o(.text)
    utf8_count_char                          0x08008a05   Thumb Code    42  utf8.o(.text)
    unichar_to_utf8                          0x08008a2f   Thumb Code   102  utf8.o(.text)
    utf16_to_utf8                            0x08008a95   Thumb Code   304  utf8.o(.text)
    utf8_from_utf16                          0x08008bc5   Thumb Code    42  utf8.o(.text)
    utf8_to_utf16                            0x08008bef   Thumb Code    68  utf8.o(.text)
    value_bool                               0x08008c8d   Thumb Code   230  value.o(.text)
    value_set_bool                           0x08008d73   Thumb Code    18  value.o(.text)
    value_set_int8                           0x08008d85   Thumb Code    18  value.o(.text)
    value_int8                               0x08008d97   Thumb Code    18  value.o(.text)
    value_set_uint8                          0x08008da9   Thumb Code    18  value.o(.text)
    value_uint8                              0x08008dbb   Thumb Code    16  value.o(.text)
    value_set_int16                          0x08008dcb   Thumb Code    18  value.o(.text)
    value_int16                              0x08008ddd   Thumb Code    18  value.o(.text)
    value_set_uint16                         0x08008def   Thumb Code    18  value.o(.text)
    value_uint16                             0x08008e01   Thumb Code    16  value.o(.text)
    value_set_int32                          0x08008e11   Thumb Code    18  value.o(.text)
    value_int                                0x08008e23   Thumb Code   108  value.o(.text)
    value_int32                              0x08008e8f   Thumb Code    22  value.o(.text)
    value_set_uint32                         0x08008ea5   Thumb Code    18  value.o(.text)
    value_uint32                             0x08008eb7   Thumb Code    22  value.o(.text)
    value_set_int64                          0x08008ecd   Thumb Code    20  value.o(.text)
    value_int64                              0x08008ee1   Thumb Code    20  value.o(.text)
    value_set_uint64                         0x08008ef5   Thumb Code    20  value.o(.text)
    value_uint64                             0x08008f09   Thumb Code    20  value.o(.text)
    value_set_pointer                        0x08008f1d   Thumb Code    18  value.o(.text)
    value_pointer                            0x08008f2f   Thumb Code    16  value.o(.text)
    value_set_float                          0x08008f3f   Thumb Code    18  value.o(.text)
    value_float                              0x08008f51   Thumb Code   144  value.o(.text)
    value_set_double                         0x08008fe1   Thumb Code    20  value.o(.text)
    value_double                             0x08008ff5   Thumb Code    20  value.o(.text)
    value_set_str                            0x08009009   Thumb Code    18  value.o(.text)
    value_set_wstr                           0x0800901b   Thumb Code    18  value.o(.text)
    value_str                                0x0800902d   Thumb Code    16  value.o(.text)
    value_wstr                               0x0800903d   Thumb Code    16  value.o(.text)
    value_copy                               0x0800904d   Thumb Code    26  value.o(.text)
    value_is_null                            0x08009067   Thumb Code    14  value.o(.text)
    value_set_int                            0x08009075   Thumb Code    16  value.o(.text)
    value_create                             0x08009085   Thumb Code    12  value.o(.text)
    value_destroy                            0x08009091   Thumb Code    12  value.o(.text)
    widget_dispatch                          0x080090a5   Thumb Code    68  widget.o(.text)
    widget_invalidate                        0x08009125   Thumb Code   116  widget.o(.text)
    widget_move                              0x08009199   Thumb Code    48  widget.o(.text)
    widget_resize                            0x080091c9   Thumb Code    50  widget.o(.text)
    widget_move_resize                       0x080091fb   Thumb Code    66  widget.o(.text)
    widget_set_name                          0x0800923d   Thumb Code    28  widget.o(.text)
    widget_update_style                      0x08009259   Thumb Code    46  widget.o(.text)
    widget_set_prop                          0x08009287   Thumb Code   404  widget.o(.text)
    widget_set_value                         0x0800941b   Thumb Code    36  widget.o(.text)
    widget_use_style                         0x0800943f   Thumb Code    32  widget.o(.text)
    widget_set_text                          0x0800945f   Thumb Code    36  widget.o(.text)
    widget_set_tr_text                       0x08009483   Thumb Code    58  widget.o(.text)
    widget_re_translate_text                 0x080094bd   Thumb Code     6  widget.o(.text)
    widget_get_prop                          0x080094c3   Thumb Code   420  widget.o(.text)
    widget_get_value                         0x08009667   Thumb Code    38  widget.o(.text)
    widget_get_text                          0x0800968d   Thumb Code    38  widget.o(.text)
    widget_set_enable                        0x080096b3   Thumb Code    48  widget.o(.text)
    widget_set_focused                       0x080096e3   Thumb Code    48  widget.o(.text)
    widget_set_state                         0x08009713   Thumb Code    38  widget.o(.text)
    widget_destroy                           0x08009739   Thumb Code   116  widget.o(.text)
    widget_destroy_children                  0x080097ad   Thumb Code    60  widget.o(.text)
    widget_add_child                         0x080097e9   Thumb Code    38  widget.o(.text)
    widget_remove_child                      0x0800980f   Thumb Code    46  widget.o(.text)
    widget_lookup                            0x080098d9   Thumb Code    30  widget.o(.text)
    widget_set_visible                       0x08009969   Thumb Code    30  widget.o(.text)
    widget_find_target                       0x08009987   Thumb Code    62  widget.o(.text)
    widget_on                                0x080099c5   Thumb Code    46  widget.o(.text)
    widget_child_on                          0x080099f3   Thumb Code    42  widget.o(.text)
    widget_off                               0x08009a1d   Thumb Code    30  widget.o(.text)
    widget_off_by_func                       0x08009a3b   Thumb Code    44  widget.o(.text)
    widget_draw_icon_text                    0x08009a67   Thumb Code   546  widget.o(.text)
    widget_draw_background                   0x08009c89   Thumb Code   150  widget.o(.text)
    widget_draw_border                       0x08009d1f   Thumb Code    70  widget.o(.text)
    widget_paint_helper                      0x08009d65   Thumb Code    30  widget.o(.text)
    widget_on_paint_done                     0x08009d83   Thumb Code    62  widget.o(.text)
    widget_on_paint_children                 0x08009dc1   Thumb Code    58  widget.o(.text)
    widget_on_paint_self                     0x08009dfb   Thumb Code    68  widget.o(.text)
    widget_on_paint_background               0x08009e3f   Thumb Code    60  widget.o(.text)
    widget_paint                             0x08009e7b   Thumb Code   162  widget.o(.text)
    widget_on_keydown                        0x08009f1d   Thumb Code    68  widget.o(.text)
    widget_on_keyup                          0x08009f61   Thumb Code    68  widget.o(.text)
    widget_on_click                          0x08009fa5   Thumb Code    68  widget.o(.text)
    widget_on_pointer_down                   0x08009fe9   Thumb Code   176  widget.o(.text)
    widget_on_pointer_move                   0x0800a099   Thumb Code   148  widget.o(.text)
    widget_on_pointer_up                     0x0800a12d   Thumb Code    66  widget.o(.text)
    widget_grab                              0x0800a16f   Thumb Code    54  widget.o(.text)
    widget_ungrab                            0x0800a1a5   Thumb Code    52  widget.o(.text)
    widget_init                              0x0800a1d9   Thumb Code   114  widget.o(.text)
    widget_to_local                          0x0800a24b   Thumb Code    42  widget.o(.text)
    widget_to_global                         0x0800a275   Thumb Code    42  widget.o(.text)
    widget_count_children                    0x0800a29f   Thumb Code    22  widget.o(.text)
    widget_get_child                         0x0800a2b5   Thumb Code    34  widget.o(.text)
    widget_to_xml                            0x0800a2d7   Thumb Code   140  widget.o(.text)
    widget_invalidate_default                0x0800a3b1   Thumb Code    64  widget_vtable.o(.text)
    widget_on_event_default                  0x0800a3f1   Thumb Code    14  widget_vtable.o(.text)
    widget_on_paint_self_default             0x0800a3ff   Thumb Code    14  widget_vtable.o(.text)
    widget_on_paint_children_default         0x0800a40d   Thumb Code    70  widget_vtable.o(.text)
    widget_on_keydown_default                0x0800a453   Thumb Code    14  widget_vtable.o(.text)
    widget_on_keyup_default                  0x0800a461   Thumb Code    14  widget_vtable.o(.text)
    widget_on_click_default                  0x0800a46f   Thumb Code    14  widget_vtable.o(.text)
    widget_on_pointer_down_default           0x0800a47d   Thumb Code    14  widget_vtable.o(.text)
    widget_on_pointer_move_default           0x0800a48b   Thumb Code    14  widget_vtable.o(.text)
    widget_on_pointer_up_default             0x0800a499   Thumb Code    14  widget_vtable.o(.text)
    widget_get_prop_default                  0x0800a4a7   Thumb Code    16  widget_vtable.o(.text)
    widget_set_prop_default                  0x0800a4b7   Thumb Code    16  widget_vtable.o(.text)
    widget_grab_default                      0x0800a4c7   Thumb Code    34  widget_vtable.o(.text)
    widget_ungrab_default                    0x0800a4e9   Thumb Code    34  widget_vtable.o(.text)
    widget_find_target_default               0x0800a50b   Thumb Code   138  widget_vtable.o(.text)
    widget_destroy_default                   0x0800a595   Thumb Code     6  widget_vtable.o(.text)
    widget_on_paint_background_null          0x0800a59b   Thumb Code     6  widget_vtable.o(.text)
    widget_on_paint_done_null                0x0800a5a1   Thumb Code     6  widget_vtable.o(.text)
    widget_vtable_default                    0x0800a5a7   Thumb Code     4  widget_vtable.o(.text)
    window_create                            0x0800a651   Thumb Code   104  window.o(.text)
    window_close                             0x0800a6b9   Thumb Code    20  window.o(.text)
    window_manager_find_top_window_index     0x0800a815   Thumb Code    64  window_manager.o(.text)
    window_manager_get_top_window            0x0800a855   Thumb Code    22  window_manager.o(.text)
    window_manager_add_child                 0x0800a8d7   Thumb Code   144  window_manager.o(.text)
    window_manager_remove_child              0x0800a977   Thumb Code    46  window_manager.o(.text)
    window_manager_find_target               0x0800a9a5   Thumb Code   188  window_manager.o(.text)
    window_manager_paint                     0x0800aba5   Thumb Code    52  window_manager.o(.text)
    window_manager                           0x0800abd9   Thumb Code     6  window_manager.o(.text)
    window_manager_set                       0x0800abdf   Thumb Code    10  window_manager.o(.text)
    window_manager_init                      0x0800abe9   Thumb Code    40  window_manager.o(.text)
    window_manager_create                    0x0800ac11   Thumb Code    26  window_manager.o(.text)
    window_manager_on_paint_children         0x0800ac81   Thumb Code   110  window_manager.o(.text)
    window_manager_resize                    0x0800acef   Thumb Code    58  window_manager.o(.text)
    window_manager_dispatch_input_event      0x0800ade1   Thumb Code   380  window_manager.o(.text)
    window_manager_set_animating             0x0800af5d   Thumb Code    18  window_manager.o(.text)
    wstr_init                                0x0800afcb   Thumb Code    36  wstr.o(.text)
    wstr_set                                 0x0800afef   Thumb Code    54  wstr.o(.text)
    wstr_set_utf8                            0x0800b025   Thumb Code    62  wstr.o(.text)
    wstr_get_utf8                            0x0800b063   Thumb Code    30  wstr.o(.text)
    wstr_remove                              0x0800b081   Thumb Code    88  wstr.o(.text)
    wstr_insert                              0x0800b0d9   Thumb Code   180  wstr.o(.text)
    wstr_push                                0x0800b18d   Thumb Code    56  wstr.o(.text)
    wstr_pop                                 0x0800b1c5   Thumb Code    34  wstr.o(.text)
    wstr_from_int                            0x0800b1e7   Thumb Code    38  wstr.o(.text)
    wstr_from_float                          0x0800b20d   Thumb Code    38  wstr.o(.text)
    wstr_from_value                          0x0800b233   Thumb Code   104  wstr.o(.text)
    wstr_to_int                              0x0800b29b   Thumb Code    40  wstr.o(.text)
    wstr_to_float                            0x0800b2c3   Thumb Code    40  wstr.o(.text)
    wstr_reset                               0x0800b2eb   Thumb Code    20  wstr.o(.text)
    font_bitmap_init                         0x0800b3d5   Thumb Code    34  font_bitmap.o(.text)
    font_bitmap_create                       0x0800b3f7   Thumb Code    54  font_bitmap.o(.text)
    ftk_str2bool                             0x0800b439   Thumb Code    40  utils.o(.text)
    ftk_strtol                               0x0800b527   Thumb Code    92  utils.o(.text)
    ftk_atoi                                 0x0800b583   Thumb Code    16  utils.o(.text)
    ftk_atof                                 0x0800b593   Thumb Code   154  utils.o(.text)
    ftk_itoa                                 0x0800b6bd   Thumb Code    22  utils.o(.text)
    ftk_ftoa                                 0x0800b6d3   Thumb Code   262  utils.o(.text)
    ftk_strcpy                               0x0800b7d9   Thumb Code    16  utils.o(.text)
    resource_init                            0x0800b801   Thumb Code   360  resource.o(.text)
    application_init                         0x0800bb7f   Thumb Code   732  demo1_app.o(.text)
    timer_init                               0x0800bf65   Thumb Code    16  timer.o(.text)
    timer_add                                0x0800bf95   Thumb Code   102  timer.o(.text)
    timer_remove                             0x0800c015   Thumb Code    80  timer.o(.text)
    timer_find                               0x0800c065   Thumb Code    46  timer.o(.text)
    timer_check                              0x0800c093   Thumb Code   196  timer.o(.text)
    timer_count                              0x0800c157   Thumb Code    60  timer.o(.text)
    gui_app_start                            0x0800c1a5   Thumb Code    38  demo_main.o(.text)
    resource_manager_load                    0x0800c1d1   Thumb Code     6  resource_manager.o(.text)
    resource_manager                         0x0800c1d7   Thumb Code     6  resource_manager.o(.text)
    resource_manager_set                     0x0800c239   Thumb Code    10  resource_manager.o(.text)
    resource_manager_init                    0x0800c243   Thumb Code    24  resource_manager.o(.text)
    resource_manager_create                  0x0800c25b   Thumb Code    24  resource_manager.o(.text)
    resource_manager_add                     0x0800c273   Thumb Code    32  resource_manager.o(.text)
    resource_manager_find_in_cache           0x0800c293   Thumb Code    72  resource_manager.o(.text)
    resource_manager_ref                     0x0800c2db   Thumb Code    50  resource_manager.o(.text)
    resource_manager_unref                   0x0800c30d   Thumb Code    42  resource_manager.o(.text)
    resource_manager_clear_cache             0x0800c347   Thumb Code    28  resource_manager.o(.text)
    resource_manager_deinit                  0x0800c363   Thumb Code    54  resource_manager.o(.text)
    resource_manager_destroy                 0x0800c399   Thumb Code    26  resource_manager.o(.text)
    widget_layout_parse                      0x0800c3c1   Thumb Code   340  layout.o(.text)
    widget_layout_calc                       0x0800c515   Thumb Code   208  layout.o(.text)
    widget_set_parsed_self_layout_params     0x0800c5e5   Thumb Code    50  layout.o(.text)
    widget_set_self_layout_params            0x0800c617   Thumb Code    66  layout.o(.text)
    widget_set_children_layout_params        0x0800c659   Thumb Code    70  layout.o(.text)
    widget_layout_self                       0x0800c69f   Thumb Code    58  layout.o(.text)
    widget_layout_children                   0x0800c6d9   Thumb Code   938  layout.o(.text)
    widget_layout                            0x0800ca83   Thumb Code    24  layout.o(.text)
    children_layout_parser                   0x0800ca9b   Thumb Code   136  layout.o(.text)
    event_queue_create                       0x0800cb49   Thumb Code    58  event_queue.o(.text)
    event_queue_recv                         0x0800cb83   Thumb Code    80  event_queue.o(.text)
    event_queue_send                         0x0800cbd3   Thumb Code    90  event_queue.o(.text)
    event_queue_replace_last                 0x0800cc2d   Thumb Code    78  event_queue.o(.text)
    event_queue_destroy                      0x0800cc7b   Thumb Code    20  event_queue.o(.text)
    slider_set_value                         0x0800d21f   Thumb Code    18  slider.o(.text)
    slider_set_min                           0x0800d231   Thumb Code    18  slider.o(.text)
    slider_set_max                           0x0800d243   Thumb Code    18  slider.o(.text)
    slider_set_step                          0x0800d255   Thumb Code    22  slider.o(.text)
    slider_set_vertical                      0x0800d26b   Thumb Code    18  slider.o(.text)
    slider_create                            0x0800d3b7   Thumb Code    92  slider.o(.text)
    window_animator_update                   0x0800d43d   Thumb Code   180  window_animator.o(.text)
    window_animator_destroy                  0x0800d4f1   Thumb Code    22  window_animator.o(.text)
    window_animator_create_for_open          0x0800d507   Thumb Code     8  window_animator_null.o(.text)
    window_animator_create_for_close         0x0800d50f   Thumb Code     8  window_animator_null.o(.text)
    idle_add                                 0x0800d539   Thumb Code    80  idle.o(.text)
    idle_remove                              0x0800d5a3   Thumb Code    70  idle.o(.text)
    idle_find                                0x0800d5e9   Thumb Code    36  idle.o(.text)
    idle_dispatch                            0x0800d60d   Thumb Code    88  idle.o(.text)
    idle_count                               0x0800d665   Thumb Code    60  idle.o(.text)
    time_now_ms                              0x0800d6ad   Thumb Code     8  time.o(.text)
    time_now_s                               0x0800d6b5   Thumb Code    16  time.o(.text)
    system_info                              0x0800d6c5   Thumb Code     4  system_info.o(.text)
    image_loader_load                        0x0800d6cd   Thumb Code    44  image_loader.o(.text)
    tk_init_resources                        0x0800d733   Thumb Code    70  tk.o(.text)
    tk_init                                  0x0800d779   Thumb Code   150  tk.o(.text)
    tk_run                                   0x0800d847   Thumb Code    18  tk.o(.text)
    tk_quit                                  0x0800d869   Thumb Code    16  tk.o(.text)
    locale                                   0x0800d89d   Thumb Code     6  locale.o(.text)
    locale_set                               0x0800d8a3   Thumb Code    10  locale.o(.text)
    locale_change                            0x0800d8ad   Thumb Code   176  locale.o(.text)
    locale_init                              0x0800d95d   Thumb Code    42  locale.o(.text)
    locale_create                            0x0800d987   Thumb Code    28  locale.o(.text)
    str_table_lookup                         0x0800d9a3   Thumb Code   116  locale.o(.text)
    locale_tr                                0x0800da17   Thumb Code    56  locale.o(.text)
    locale_on                                0x0800da4f   Thumb Code    40  locale.o(.text)
    locale_off                               0x0800da77   Thumb Code    24  locale.o(.text)
    locale_deinit                            0x0800da8f   Thumb Code    38  locale.o(.text)
    locale_destroy                           0x0800dab5   Thumb Code    26  locale.o(.text)
    str_init                                 0x0800db1b   Thumb Code    36  str.o(.text)
    str_set_with_len                         0x0800db3f   Thumb Code    74  str.o(.text)
    str_set                                  0x0800db89   Thumb Code    20  str.o(.text)
    str_append                               0x0800db9d   Thumb Code    66  str.o(.text)
    str_eq                                   0x0800dbdf   Thumb Code    62  str.o(.text)
    str_from_int                             0x0800dc1d   Thumb Code    38  str.o(.text)
    str_from_float                           0x0800dc43   Thumb Code    38  str.o(.text)
    str_from_value                           0x0800dc69   Thumb Code    90  str.o(.text)
    str_to_int                               0x0800dcc3   Thumb Code    26  str.o(.text)
    str_to_float                             0x0800dcdd   Thumb Code    26  str.o(.text)
    str_reset                                0x0800dcf7   Thumb Code    20  str.o(.text)
    str_end_with                             0x0800dd0b   Thumb Code    64  str.o(.text)
    str_start_with                           0x0800dd4b   Thumb Code    46  str.o(.text)
    str_trim_left                            0x0800dd79   Thumb Code   110  str.o(.text)
    str_trim_right                           0x0800dde7   Thumb Code    82  str.o(.text)
    str_trim                                 0x0800de39   Thumb Code    32  str.o(.text)
    str_replace                              0x0800de89   Thumb Code   238  str.o(.text)
    str_to_lower                             0x0800df77   Thumb Code    46  str.o(.text)
    str_to_upper                             0x0800dfa5   Thumb Code    46  str.o(.text)
    lcd_reg_create                           0x0800e475   Thumb Code   108  lcd_stm32_raw_1.o(.text)
    get_time_ms                              0x0800e505   Thumb Code     4  main_loop_stm32_raw_1.o(.text)
    platform_scan_key                        0x0800e509   Thumb Code    10  main_loop_stm32_raw_1.o(.text)
    TIM3_IRQHandler                          0x0800e5c3   Thumb Code    54  main_loop_stm32_raw_1.o(.text)
    main_loop_init                           0x0800e6a9   Thumb Code   128  main_loop_stm32_raw_1.o(.text)
    __use_no_semihosting                     0x0800e741   Thumb Code     2  use_no_semi_2.o(.text)
    tolower                                  0x0800e743   Thumb Code    26  tolower.o(.text)
    toupper                                  0x0800e75d   Thumb Code    30  toupper.o(.text)
    __2printf                                0x0800e77d   Thumb Code    20  noretval__2printf.o(.text)
    __2snprintf                              0x0800e795   Thumb Code    48  noretval__2snprintf.o(.text)
    __printf                                 0x0800e7c9   Thumb Code   104  __printf.o(.text)
    _printf_str                              0x0800e831   Thumb Code    82  _printf_str.o(.text)
    _printf_int_dec                          0x0800e885   Thumb Code   104  _printf_dec.o(.text)
    _printf_hex_ptr                          0x0800e8fd   Thumb Code    78  _printf_hex_ptr.o(.text)
    _printf_longlong_hex                     0x0800e8fd   Thumb Code     0  _printf_hex_ptr.o(.text)
    atoi                                     0x0800e951   Thumb Code    26  atoi.o(.text)
    strchr                                   0x0800e96b   Thumb Code    20  strchr.o(.text)
    strstr                                   0x0800e97f   Thumb Code    36  strstr.o(.text)
    strcpy                                   0x0800e9a3   Thumb Code    72  strcpy.o(.text)
    strlen                                   0x0800e9eb   Thumb Code    62  strlen.o(.text)
    wcscpy                                   0x0800ea29   Thumb Code    18  wcscpy.o(.text)
    wcslen                                   0x0800ea3b   Thumb Code    18  wcslen.o(.text)
    strncmp                                  0x0800ea4d   Thumb Code   150  strncmp.o(.text)
    __aeabi_memcpy                           0x0800eae3   Thumb Code     0  rt_memcpy_v6.o(.text)
    __rt_memcpy                              0x0800eae3   Thumb Code   138  rt_memcpy_v6.o(.text)
    _memcpy_lastbytes                        0x0800eb49   Thumb Code     0  rt_memcpy_v6.o(.text)
    __aeabi_memmove                          0x0800eb6d   Thumb Code     0  rt_memmove_v6.o(.text)
    __rt_memmove                             0x0800eb6d   Thumb Code   132  rt_memmove_v6.o(.text)
    __memmove_lastfew                        0x0800ebcd   Thumb Code     0  rt_memmove_v6.o(.text)
    __aeabi_memcpy4                          0x0800ebf1   Thumb Code     0  rt_memcpy_w.o(.text)
    __aeabi_memcpy8                          0x0800ebf1   Thumb Code     0  rt_memcpy_w.o(.text)
    __rt_memcpy_w                            0x0800ebf1   Thumb Code   100  rt_memcpy_w.o(.text)
    _memcpy_lastbytes_aligned                0x0800ec39   Thumb Code     0  rt_memcpy_w.o(.text)
    __aeabi_memclr                           0x0800ec55   Thumb Code     0  rt_memclr.o(.text)
    __rt_memclr                              0x0800ec55   Thumb Code    68  rt_memclr.o(.text)
    _memset                                  0x0800ec59   Thumb Code     0  rt_memclr.o(.text)
    __aeabi_memclr4                          0x0800ec99   Thumb Code     0  rt_memclr_w.o(.text)
    __aeabi_memclr8                          0x0800ec99   Thumb Code     0  rt_memclr_w.o(.text)
    __rt_memclr_w                            0x0800ec99   Thumb Code    78  rt_memclr_w.o(.text)
    _memset_w                                0x0800ec9d   Thumb Code     0  rt_memclr_w.o(.text)
    strncpy                                  0x0800ece7   Thumb Code    86  strncpy.o(.text)
    strcmp                                   0x0800ed3d   Thumb Code   128  strcmpv7m.o(.text)
    __use_two_region_memory                  0x0800edbd   Thumb Code     2  heapauxi.o(.text)
    __rt_heap_escrow$2region                 0x0800edbf   Thumb Code     2  heapauxi.o(.text)
    __rt_heap_expand$2region                 0x0800edc1   Thumb Code     2  heapauxi.o(.text)
    __I$use$semihosting                      0x0800edc3   Thumb Code     0  use_no_semi.o(.text)
    __use_no_semihosting_swi                 0x0800edc3   Thumb Code     2  use_no_semi.o(.text)
    __rt_ctype_table                         0x0800edc5   Thumb Code    16  rt_ctype_table.o(.text)
    __aeabi_errno_addr                       0x0800edd5   Thumb Code     8  rt_errno_addr_intlibspace.o(.text)
    __errno$intlibspace                      0x0800edd5   Thumb Code     0  rt_errno_addr_intlibspace.o(.text)
    __rt_errno_addr$intlibspace              0x0800edd5   Thumb Code     0  rt_errno_addr_intlibspace.o(.text)
    _printf_int_common                       0x0800eddd   Thumb Code   178  _printf_intcommon.o(.text)
    _printf_char_common                      0x0800ee9b   Thumb Code    32  _printf_char_common.o(.text)
    _sputc                                   0x0800eec1   Thumb Code    10  _sputc.o(.text)
    _snputc                                  0x0800eecb   Thumb Code    16  _snputc.o(.text)
    _printf_cs_common                        0x0800eedb   Thumb Code    20  _printf_char.o(.text)
    _printf_char                             0x0800eeef   Thumb Code    16  _printf_char.o(.text)
    _printf_string                           0x0800eeff   Thumb Code     8  _printf_char.o(.text)
    _printf_char_file                        0x0800ef09   Thumb Code    32  _printf_char_file.o(.text)
    strtol                                   0x0800ef2d   Thumb Code   112  strtol.o(.text)
    __aeabi_memmove4                         0x0800ef9d   Thumb Code     0  rt_memmove_w.o(.text)
    __aeabi_memmove8                         0x0800ef9d   Thumb Code     0  rt_memmove_w.o(.text)
    __rt_memmove_w                           0x0800ef9d   Thumb Code   122  rt_memmove_w.o(.text)
    __memmove_aligned                        0x0800efc3   Thumb Code     0  rt_memmove_w.o(.text)
    __memmove_lastfew_aligned                0x0800effb   Thumb Code     0  rt_memmove_w.o(.text)
    __user_libspace                          0x0800f019   Thumb Code     8  libspace.o(.text)
    __user_perproc_libspace                  0x0800f019   Thumb Code     0  libspace.o(.text)
    __user_perthread_libspace                0x0800f019   Thumb Code     0  libspace.o(.text)
    __rt_locale                              0x0800f021   Thumb Code     8  rt_locale_intlibspace.o(.text)
    _strtoul                                 0x0800f029   Thumb Code   158  _strtoul.o(.text)
    ferror                                   0x0800f0c7   Thumb Code     8  ferror.o(.text)
    __user_setup_stackheap                   0x0800f0cf   Thumb Code    74  sys_stackheap_outer.o(.text)
    _chval                                   0x0800f119   Thumb Code    28  _chval.o(.text)
    exit                                     0x0800f135   Thumb Code    18  exit.o(.text)
    _get_lc_ctype                            0x0800f149   Thumb Code    44  lc_ctype_c.o(locale$$code)
    __aeabi_d2f                              0x0800f175   Thumb Code     0  d2f.o(x$fpl$d2f)
    _d2f                                     0x0800f175   Thumb Code    98  d2f.o(x$fpl$d2f)
    __aeabi_dadd                             0x0800f1d9   Thumb Code     0  daddsub_clz.o(x$fpl$dadd)
    _dadd                                    0x0800f1d9   Thumb Code   332  daddsub_clz.o(x$fpl$dadd)
    __fpl_dcmp_Inf                           0x0800f329   Thumb Code    24  dcmpi.o(x$fpl$dcmpinf)
    __aeabi_ddiv                             0x0800f341   Thumb Code     0  ddiv.o(x$fpl$ddiv)
    _ddiv                                    0x0800f341   Thumb Code   552  ddiv.o(x$fpl$ddiv)
    __aeabi_cdcmpeq                          0x0800f5f1   Thumb Code     0  deqf.o(x$fpl$deqf)
    _dcmpeq                                  0x0800f5f1   Thumb Code   120  deqf.o(x$fpl$deqf)
    __aeabi_d2iz                             0x0800f669   Thumb Code     0  dfix.o(x$fpl$dfix)
    _dfix                                    0x0800f669   Thumb Code    94  dfix.o(x$fpl$dfix)
    __aeabi_d2uiz                            0x0800f6c9   Thumb Code     0  dfixu.o(x$fpl$dfixu)
    _dfixu                                   0x0800f6c9   Thumb Code    90  dfixu.o(x$fpl$dfixu)
    __aeabi_i2d                              0x0800f723   Thumb Code     0  dflt_clz.o(x$fpl$dflt)
    _dflt                                    0x0800f723   Thumb Code    46  dflt_clz.o(x$fpl$dflt)
    __aeabi_ui2d                             0x0800f751   Thumb Code     0  dflt_clz.o(x$fpl$dfltu)
    _dfltu                                   0x0800f751   Thumb Code    38  dflt_clz.o(x$fpl$dfltu)
    __aeabi_cdcmple                          0x0800f779   Thumb Code     0  dleqf.o(x$fpl$dleqf)
    _dcmple                                  0x0800f779   Thumb Code   120  dleqf.o(x$fpl$dleqf)
    __fpl_dcmple_InfNaN                      0x0800f7db   Thumb Code     0  dleqf.o(x$fpl$dleqf)
    __aeabi_dmul                             0x0800f7f1   Thumb Code     0  dmul.o(x$fpl$dmul)
    _dmul                                    0x0800f7f1   Thumb Code   332  dmul.o(x$fpl$dmul)
    __fpl_dnaninf                            0x0800f945   Thumb Code   156  dnaninf.o(x$fpl$dnaninf)
    __fpl_dretinf                            0x0800f9e1   Thumb Code    12  dretinf.o(x$fpl$dretinf)
    __aeabi_cdrcmple                         0x0800f9ed   Thumb Code     0  drleqf.o(x$fpl$drleqf)
    _drcmple                                 0x0800f9ed   Thumb Code   108  drleqf.o(x$fpl$drleqf)
    __aeabi_drsub                            0x0800fa59   Thumb Code     0  daddsub_clz.o(x$fpl$drsb)
    _drsb                                    0x0800fa59   Thumb Code    22  daddsub_clz.o(x$fpl$drsb)
    __aeabi_dsub                             0x0800fa71   Thumb Code     0  daddsub_clz.o(x$fpl$dsub)
    _dsub                                    0x0800fa71   Thumb Code   464  daddsub_clz.o(x$fpl$dsub)
    __aeabi_fadd                             0x0800fc45   Thumb Code     0  faddsub_clz.o(x$fpl$fadd)
    _fadd                                    0x0800fc45   Thumb Code   196  faddsub_clz.o(x$fpl$fadd)
    __fpl_fcmp_Inf                           0x0800fd09   Thumb Code    24  fcmpi.o(x$fpl$fcmpinf)
    __aeabi_fdiv                             0x0800fd21   Thumb Code     0  fdiv.o(x$fpl$fdiv)
    _fdiv                                    0x0800fd21   Thumb Code   384  fdiv.o(x$fpl$fdiv)
    __aeabi_cfcmpeq                          0x0800fea5   Thumb Code     0  feqf.o(x$fpl$feqf)
    _fcmpeq                                  0x0800fea5   Thumb Code   104  feqf.o(x$fpl$feqf)
    __aeabi_f2iz                             0x0800ff0d   Thumb Code     0  ffix.o(x$fpl$ffix)
    _ffix                                    0x0800ff0d   Thumb Code    54  ffix.o(x$fpl$ffix)
    __aeabi_f2uiz                            0x0800ff45   Thumb Code     0  ffixu.o(x$fpl$ffixu)
    _ffixu                                   0x0800ff45   Thumb Code    62  ffixu.o(x$fpl$ffixu)
    __aeabi_i2f                              0x0800ff85   Thumb Code     0  fflt_clz.o(x$fpl$fflt)
    _fflt                                    0x0800ff85   Thumb Code    48  fflt_clz.o(x$fpl$fflt)
    __aeabi_ul2f                             0x0800ffb5   Thumb Code     0  ffltll_clz.o(x$fpl$ffltll)
    _ll_uto_f                                0x0800ffb5   Thumb Code     6  ffltll_clz.o(x$fpl$ffltll)
    __aeabi_l2f                              0x0800ffbb   Thumb Code     0  ffltll_clz.o(x$fpl$ffltll)
    _ll_sto_f                                0x0800ffbb   Thumb Code    90  ffltll_clz.o(x$fpl$ffltll)
    __aeabi_ui2f                             0x08010015   Thumb Code     0  fflt_clz.o(x$fpl$ffltu)
    _ffltu                                   0x08010015   Thumb Code    38  fflt_clz.o(x$fpl$ffltu)
    __aeabi_cfcmple                          0x0801003d   Thumb Code     0  fleqf.o(x$fpl$fleqf)
    _fcmple                                  0x0801003d   Thumb Code   104  fleqf.o(x$fpl$fleqf)
    __fpl_fcmple_InfNaN                      0x0801008f   Thumb Code     0  fleqf.o(x$fpl$fleqf)
    __aeabi_fmul                             0x080100a5   Thumb Code     0  fmul.o(x$fpl$fmul)
    _fmul                                    0x080100a5   Thumb Code   258  fmul.o(x$fpl$fmul)
    __fpl_fnaninf                            0x080101a7   Thumb Code   140  fnaninf.o(x$fpl$fnaninf)
    __fpl_fretinf                            0x08010233   Thumb Code    10  fretinf.o(x$fpl$fretinf)
    __aeabi_cfrcmple                         0x0801023d   Thumb Code     0  frleqf.o(x$fpl$frleqf)
    _frcmple                                 0x0801023d   Thumb Code    98  frleqf.o(x$fpl$frleqf)
    __aeabi_frsub                            0x0801029f   Thumb Code     0  faddsub_clz.o(x$fpl$frsb)
    _frsb                                    0x0801029f   Thumb Code    20  faddsub_clz.o(x$fpl$frsb)
    __aeabi_fsub                             0x080102b5   Thumb Code     0  faddsub_clz.o(x$fpl$fsub)
    _fsub                                    0x080102b5   Thumb Code   234  faddsub_clz.o(x$fpl$fsub)
    __I$use$fp                               0x0801039e   Number         0  usenofp.o(x$fpl$usenofp)
    table_week                               0x0801039e   Data          12  rtc.o(.constdata)
    mon_table                                0x080103aa   Data          12  rtc.o(.constdata)
    ASCII8x16                                0x080103b6   Data        1536  gui.o(.constdata)
    tfont16                                  0x080109b6   Data         480  gui.o(.constdata)
    tfont24                                  0x08010b96   Data         360  gui.o(.constdata)
    g_utf8_skip                              0x080113d4   Data           4  utf8.o(.constdata)
    font_ap                                  0x08011546   Data       58432  resource.o(.constdata)
    font_default                             0x0801f986   Data       10195  resource.o(.constdata)
    font_default_ttf                         0x08022159   Data       25440  resource.o(.constdata)
    image_bricks                             0x080284b9   Data       14444  resource.o(.constdata)
    image_checked                            0x0802bd25   Data        2348  resource.o(.constdata)
    image_dialog_title                       0x0802c651   Data        7244  resource.o(.constdata)
    image_earth                              0x0802e29d   Data        2348  resource.o(.constdata)
    image_green_btn_n                        0x0802ebc9   Data        3644  resource.o(.constdata)
    image_green_btn_o                        0x0802fa05   Data        3644  resource.o(.constdata)
    image_green_btn_p                        0x08030841   Data        3644  resource.o(.constdata)
    image_info                               0x0803167d   Data        2348  resource.o(.constdata)
    image_left_off                           0x08031fa9   Data        2348  resource.o(.constdata)
    image_left_on                            0x080328d5   Data        2348  resource.o(.constdata)
    image_middle_off                         0x08033201   Data        2348  resource.o(.constdata)
    image_middle_on                          0x08033b2d   Data        2348  resource.o(.constdata)
    image_muted                              0x08034459   Data        2348  resource.o(.constdata)
    image_question                           0x08034d85   Data        2348  resource.o(.constdata)
    image_radio_checked                      0x080356b1   Data        2348  resource.o(.constdata)
    image_radio_unchecked                    0x08035fdd   Data        2348  resource.o(.constdata)
    image_red_btn_n                          0x08036909   Data        3644  resource.o(.constdata)
    image_red_btn_o                          0x08037745   Data        3644  resource.o(.constdata)
    image_red_btn_p                          0x08038581   Data        3644  resource.o(.constdata)
    image_right_off                          0x080393bd   Data        2348  resource.o(.constdata)
    image_right_on                           0x08039ce9   Data        2348  resource.o(.constdata)
    image_slider_bg                          0x0803a615   Data        1004  resource.o(.constdata)
    image_slider_drag                        0x0803aa01   Data        3180  resource.o(.constdata)
    image_slider_drag_o                      0x0803b66d   Data        3180  resource.o(.constdata)
    image_slider_drag_p                      0x0803c2d9   Data        3180  resource.o(.constdata)
    image_slider_fg                          0x0803cf45   Data        1004  resource.o(.constdata)
    image_slider_v_bg                        0x0803d331   Data        1004  resource.o(.constdata)
    image_slider_v_fg                        0x0803d71d   Data        1004  resource.o(.constdata)
    image_unchecked                          0x0803db09   Data        2348  resource.o(.constdata)
    image_unmuted                            0x0803e435   Data        2348  resource.o(.constdata)
    image_warn                               0x0803ed61   Data        2348  resource.o(.constdata)
    theme_default                            0x0803f68d   Data        2514  resource.o(.constdata)
    ui_bottom                                0x0804005f   Data         261  resource.o(.constdata)
    ui_dialog1                               0x08040164   Data         305  resource.o(.constdata)
    ui_dialog2                               0x08040295   Data         237  resource.o(.constdata)
    ui_fade                                  0x08040382   Data         297  resource.o(.constdata)
    ui_top                                   0x080404ab   Data         261  resource.o(.constdata)
    ui_window                                0x080405b0   Data         869  resource.o(.constdata)
    ui_window1                               0x08040915   Data         235  resource.o(.constdata)
    ui_window2                               0x08040a00   Data         231  resource.o(.constdata)
    Region$$Table$$Base                      0x08040e74   Number         0  anon$$obj.o(Region$$Table)
    Region$$Table$$Limit                     0x08040e94   Number         0  anon$$obj.o(Region$$Table)
    __ctype                                  0x08040ea1   Data           0  lc_ctype_c.o(locale$$data)
    SystemCoreClock                          0x20000000   Data           4  system_stm32f10x.o(.data)
    AHBPrescTable                            0x20000004   Data          16  system_stm32f10x.o(.data)
    __stdout                                 0x20000018   Data           4  usart.o(.data)
    USART_RX_STA                             0x2000001c   Data           2  usart.o(.data)
    TIM5CH1_CAPTURE_STA                      0x20000034   Data           1  tim.o(.data)
    TIM5CH1_CAPTURE_VAL                      0x20000036   Data           2  tim.o(.data)
    rtc_data                                 0x20000038   Data           7  rtc.o(.data)
    rtc_bit                                  0x2000003f   Data           1  rtc.o(.data)
    TouchData                                0x20000042   Data           8  touch.o(.data)
    USART_RX_BUF                             0x2000007c   Data         200  usart.o(.bss)
    calendar                                 0x20000144   Data          10  rtc.o(.bss)
    __libspace_start                         0x200031d4   Data          96  libspace.o(.bss)
    __temporary_stack_top$libspace           0x20003234   Data           0  libspace.o(.bss)



==============================================================================

Memory Map of the image

  Image Entry point : 0x08000131

  Load Region LR_IROM1 (Base: 0x08000000, Size: 0x00041020, Max: 0x00080000, ABSOLUTE)

    Execution Region ER_IROM1 (Exec base: 0x08000000, Load base: 0x08000000, Size: 0x00040fa4, Max: 0x00080000, ABSOLUTE)

    Exec Addr    Load Addr    Size         Type   Attr      Idx    E Section Name        Object

    0x08000000   0x08000000   0x00000130   Data   RO          266    RESET               startup_stm32f10x_hd.o
    0x08000130   0x08000130   0x00000008   Code   RO         2761  * !!!main             c_w.l(__main.o)
    0x08000138   0x08000138   0x00000034   Code   RO         3039    !!!scatter          c_w.l(__scatter.o)
    0x0800016c   0x0800016c   0x0000001a   Code   RO         3041    !!handler_copy      c_w.l(__scatter_copy.o)
    0x08000186   0x08000186   0x00000002   PAD
    0x08000188   0x08000188   0x0000001c   Code   RO         3043    !!handler_zi        c_w.l(__scatter_zi.o)
    0x080001a4   0x080001a4   0x00000000   Code   RO         2728    .ARM.Collect$$_printf_percent$$00000000  c_w.l(_printf_percent.o)
    0x080001a4   0x080001a4   0x00000006   Code   RO         2726    .ARM.Collect$$_printf_percent$$00000002  c_w.l(_printf_p.o)
    0x080001aa   0x080001aa   0x00000006   Code   RO         2727    .ARM.Collect$$_printf_percent$$00000009  c_w.l(_printf_d.o)
    0x080001b0   0x080001b0   0x00000006   Code   RO         2725    .ARM.Collect$$_printf_percent$$00000014  c_w.l(_printf_s.o)
    0x080001b6   0x080001b6   0x00000004   Code   RO         2853    .ARM.Collect$$_printf_percent$$00000017  c_w.l(_printf_percent_end.o)
    0x080001ba   0x080001ba   0x00000002   Code   RO         2916    .ARM.Collect$$libinit$$00000000  c_w.l(libinit.o)
    0x080001bc   0x080001bc   0x00000000   Code   RO         2918    .ARM.Collect$$libinit$$00000002  c_w.l(libinit2.o)
    0x080001bc   0x080001bc   0x00000000   Code   RO         2920    .ARM.Collect$$libinit$$00000004  c_w.l(libinit2.o)
    0x080001bc   0x080001bc   0x00000000   Code   RO         2923    .ARM.Collect$$libinit$$0000000A  c_w.l(libinit2.o)
    0x080001bc   0x080001bc   0x00000000   Code   RO         2925    .ARM.Collect$$libinit$$0000000C  c_w.l(libinit2.o)
    0x080001bc   0x080001bc   0x00000000   Code   RO         2927    .ARM.Collect$$libinit$$0000000E  c_w.l(libinit2.o)
    0x080001bc   0x080001bc   0x00000006   Code   RO         2928    .ARM.Collect$$libinit$$0000000F  c_w.l(libinit2.o)
    0x080001c2   0x080001c2   0x00000000   Code   RO         2930    .ARM.Collect$$libinit$$00000011  c_w.l(libinit2.o)
    0x080001c2   0x080001c2   0x0000000c   Code   RO         2931    .ARM.Collect$$libinit$$00000012  c_w.l(libinit2.o)
    0x080001ce   0x080001ce   0x00000000   Code   RO         2932    .ARM.Collect$$libinit$$00000013  c_w.l(libinit2.o)
    0x080001ce   0x080001ce   0x00000000   Code   RO         2934    .ARM.Collect$$libinit$$00000015  c_w.l(libinit2.o)
    0x080001ce   0x080001ce   0x00000000   Code   RO         2936    .ARM.Collect$$libinit$$00000017  c_w.l(libinit2.o)
    0x080001ce   0x080001ce   0x00000000   Code   RO         2938    .ARM.Collect$$libinit$$00000019  c_w.l(libinit2.o)
    0x080001ce   0x080001ce   0x00000000   Code   RO         2940    .ARM.Collect$$libinit$$0000001B  c_w.l(libinit2.o)
    0x080001ce   0x080001ce   0x00000000   Code   RO         2942    .ARM.Collect$$libinit$$0000001D  c_w.l(libinit2.o)
    0x080001ce   0x080001ce   0x00000000   Code   RO         2944    .ARM.Collect$$libinit$$0000001F  c_w.l(libinit2.o)
    0x080001ce   0x080001ce   0x00000000   Code   RO         2946    .ARM.Collect$$libinit$$00000021  c_w.l(libinit2.o)
    0x080001ce   0x080001ce   0x00000000   Code   RO         2948    .ARM.Collect$$libinit$$00000023  c_w.l(libinit2.o)
    0x080001ce   0x080001ce   0x00000000   Code   RO         2950    .ARM.Collect$$libinit$$00000025  c_w.l(libinit2.o)
    0x080001ce   0x080001ce   0x00000000   Code   RO         2954    .ARM.Collect$$libinit$$0000002C  c_w.l(libinit2.o)
    0x080001ce   0x080001ce   0x00000000   Code   RO         2956    .ARM.Collect$$libinit$$0000002E  c_w.l(libinit2.o)
    0x080001ce   0x080001ce   0x00000000   Code   RO         2958    .ARM.Collect$$libinit$$00000030  c_w.l(libinit2.o)
    0x080001ce   0x080001ce   0x00000000   Code   RO         2960    .ARM.Collect$$libinit$$00000032  c_w.l(libinit2.o)
    0x080001ce   0x080001ce   0x00000002   Code   RO         2961    .ARM.Collect$$libinit$$00000033  c_w.l(libinit2.o)
    0x080001d0   0x080001d0   0x00000002   Code   RO         2989    .ARM.Collect$$libshutdown$$00000000  c_w.l(libshutdown.o)
    0x080001d2   0x080001d2   0x00000000   Code   RO         2998    .ARM.Collect$$libshutdown$$00000002  c_w.l(libshutdown2.o)
    0x080001d2   0x080001d2   0x00000000   Code   RO         3000    .ARM.Collect$$libshutdown$$00000004  c_w.l(libshutdown2.o)
    0x080001d2   0x080001d2   0x00000000   Code   RO         3003    .ARM.Collect$$libshutdown$$00000007  c_w.l(libshutdown2.o)
    0x080001d2   0x080001d2   0x00000000   Code   RO         3006    .ARM.Collect$$libshutdown$$0000000A  c_w.l(libshutdown2.o)
    0x080001d2   0x080001d2   0x00000000   Code   RO         3008    .ARM.Collect$$libshutdown$$0000000C  c_w.l(libshutdown2.o)
    0x080001d2   0x080001d2   0x00000000   Code   RO         3011    .ARM.Collect$$libshutdown$$0000000F  c_w.l(libshutdown2.o)
    0x080001d2   0x080001d2   0x00000002   Code   RO         3012    .ARM.Collect$$libshutdown$$00000010  c_w.l(libshutdown2.o)
    0x080001d4   0x080001d4   0x00000000   Code   RO         2833    .ARM.Collect$$rtentry$$00000000  c_w.l(__rtentry.o)
    0x080001d4   0x080001d4   0x00000000   Code   RO         2875    .ARM.Collect$$rtentry$$00000002  c_w.l(__rtentry2.o)
    0x080001d4   0x080001d4   0x00000006   Code   RO         2887    .ARM.Collect$$rtentry$$00000004  c_w.l(__rtentry4.o)
    0x080001da   0x080001da   0x00000000   Code   RO         2877    .ARM.Collect$$rtentry$$00000009  c_w.l(__rtentry2.o)
    0x080001da   0x080001da   0x00000004   Code   RO         2878    .ARM.Collect$$rtentry$$0000000A  c_w.l(__rtentry2.o)
    0x080001de   0x080001de   0x00000000   Code   RO         2880    .ARM.Collect$$rtentry$$0000000C  c_w.l(__rtentry2.o)
    0x080001de   0x080001de   0x00000008   Code   RO         2881    .ARM.Collect$$rtentry$$0000000D  c_w.l(__rtentry2.o)
    0x080001e6   0x080001e6   0x00000002   Code   RO         2962    .ARM.Collect$$rtexit$$00000000  c_w.l(rtexit.o)
    0x080001e8   0x080001e8   0x00000000   Code   RO         2969    .ARM.Collect$$rtexit$$00000002  c_w.l(rtexit2.o)
    0x080001e8   0x080001e8   0x00000004   Code   RO         2970    .ARM.Collect$$rtexit$$00000003  c_w.l(rtexit2.o)
    0x080001ec   0x080001ec   0x00000006   Code   RO         2971    .ARM.Collect$$rtexit$$00000004  c_w.l(rtexit2.o)
    0x080001f2   0x080001f2   0x0000001a   Code   RO            1    .text               stm32f10x_it.o
    0x0800020c   0x0800020c   0x000001e0   Code   RO          104    .text               system_stm32f10x.o
    0x080003ec   0x080003ec   0x0000003e   Code   RO          122    .text               main.o
    0x0800042a   0x0800042a   0x00000002   PAD
    0x0800042c   0x0800042c   0x000000d4   Code   RO          204    .text               delay.o
    0x08000500   0x08000500   0x0000012c   Code   RO          230    .text               usart.o
    0x0800062c   0x0800062c   0x00000040   Code   RO          267    .text               startup_stm32f10x_hd.o
    0x0800066c   0x0800066c   0x000000dc   Code   RO          271    .text               misc.o
    0x08000748   0x08000748   0x0000035c   Code   RO          283    .text               stm32f10x_gpio.o
    0x08000aa4   0x08000aa4   0x000003a4   Code   RO          295    .text               stm32f10x_rcc.o
    0x08000e48   0x08000e48   0x00000408   Code   RO          309    .text               stm32f10x_usart.o
    0x08001250   0x08001250   0x00000e1a   Code   RO          357    .text               stm32f10x_tim.o
    0x0800206a   0x0800206a   0x00000002   PAD
    0x0800206c   0x0800206c   0x0000060c   Code   RO          369    .text               stm32f10x_fsmc.o
    0x08002678   0x08002678   0x000000c4   Code   RO          381    .text               stm32f10x_bkp.o
    0x0800273c   0x0800273c   0x00000148   Code   RO          393    .text               stm32f10x_rtc.o
    0x08002884   0x08002884   0x000000cc   Code   RO          405    .text               stm32f10x_pwr.o
    0x08002950   0x08002950   0x0000030c   Code   RO          429    .text               stm32f10x_spi.o
    0x08002c5c   0x08002c5c   0x000000a4   Code   RO          465    .text               led.o
    0x08002d00   0x08002d00   0x000002b8   Code   RO          478    .text               lcd_driver.o
    0x08002fb8   0x08002fb8   0x00000100   Code   RO          493    .text               button.o
    0x080030b8   0x080030b8   0x0000023c   Code   RO          506    .text               tim.o
    0x080032f4   0x080032f4   0x00000460   Code   RO          525    .text               rtc.o
    0x08003754   0x08003754   0x00000440   Code   RO          549    .text               touch.o
    0x08003b94   0x08003b94   0x000001dc   Code   RO          571    .text               spi.o
    0x08003d70   0x08003d70   0x00000430   Code   RO          583    .text               gui.o
    0x080041a0   0x080041a0   0x0000039c   Code   RO          604    .text               flash.o
    0x0800453c   0x0800453c   0x00000256   Code   RO          618    .text               array.o
    0x08004792   0x08004792   0x00000020   Code   RO          662    .text               bitmap.o
    0x080047b2   0x080047b2   0x00000002   PAD
    0x080047b4   0x080047b4   0x000000d0   Code   RO          709    .text               button_1.o
    0x08004884   0x08004884   0x0000218a   Code   RO          793    .text               canvas.o
    0x08006a0e   0x08006a0e   0x00000002   PAD
    0x08006a10   0x08006a10   0x00000210   Code   RO          833    .text               check_button.o
    0x08006c20   0x08006c20   0x00000018   Code   RO          890    .text               color.o
    0x08006c38   0x08006c38   0x000003bc   Code   RO          909    .text               dialog.o
    0x08006ff4   0x08006ff4   0x00000292   Code   RO          987    .text               emitter.o
    0x08007286   0x08007286   0x00000002   PAD
    0x08007288   0x08007288   0x00000148   Code   RO         1036    .text               enums.o
    0x080073d0   0x080073d0   0x0000005e   Code   RO         1091    .text               font.o
    0x0800742e   0x0800742e   0x00000002   PAD
    0x08007430   0x08007430   0x000000fc   Code   RO         1113    .text               font_manager.o
    0x0800752c   0x0800752c   0x00000068   Code   RO         1137    .text               group_box.o
    0x08007594   0x08007594   0x0000027c   Code   RO         1185    .text               image.o
    0x08007810   0x08007810   0x000002b8   Code   RO         1236    .text               image_manager.o
    0x08007ac8   0x08007ac8   0x00000060   Code   RO         1269    .text               label.o
    0x08007b28   0x08007b28   0x00000314   Code   RO         1317    .text               lcd.o
    0x08007e3c   0x08007e3c   0x00000068   Code   RO         1342    .text               main_loop.o
    0x08007ea4   0x08007ea4   0x00000328   Code   RO         1390    .text               mem.o
    0x080081cc   0x080081cc   0x00000434   Code   RO         1412    .text               progress_bar.o
    0x08008600   0x08008600   0x000000d4   Code   RO         1463    .text               rect.o
    0x080086d4   0x080086d4   0x0000023c   Code   RO         1482    .text               theme.o
    0x08008910   0x08008910   0x0000037c   Code   RO         1506    .text               utf8.o
    0x08008c8c   0x08008c8c   0x00000418   Code   RO         1531    .text               value.o
    0x080090a4   0x080090a4   0x0000130c   Code   RO         1553    .text               widget.o
    0x0800a3b0   0x0800a3b0   0x00000200   Code   RO         1609    .text               widget_vtable.o
    0x0800a5b0   0x0800a5b0   0x0000012c   Code   RO         1663    .text               window.o
    0x0800a6dc   0x0800a6dc   0x000008b8   Code   RO         1717    .text               window_manager.o
    0x0800af94   0x0800af94   0x0000036a   Code   RO         1784    .text               wstr.o
    0x0800b2fe   0x0800b2fe   0x00000002   PAD
    0x0800b300   0x0800b300   0x00000138   Code   RO         1809    .text               font_bitmap.o
    0x0800b438   0x0800b438   0x000003c8   Code   RO         1834    .text               utils.o
    0x0800b800   0x0800b800   0x00000214   Code   RO         1853    .text               resource.o
    0x0800ba14   0x0800ba14   0x00000550   Code   RO         1921    .text               demo1_app.o
    0x0800bf64   0x0800bf64   0x00000240   Code   RO         2029    .text               timer.o
    0x0800c1a4   0x0800c1a4   0x0000002c   Code   RO         2053    .text               demo_main.o
    0x0800c1d0   0x0800c1d0   0x000001f0   Code   RO         2086    .text               resource_manager.o
    0x0800c3c0   0x0800c3c0   0x00000788   Code   RO         2116    .text               layout.o
    0x0800cb48   0x0800cb48   0x00000146   Code   RO         2162    .text               event_queue.o
    0x0800cc8e   0x0800cc8e   0x00000002   PAD
    0x0800cc90   0x0800cc90   0x000007ac   Code   RO         2196    .text               slider.o
    0x0800d43c   0x0800d43c   0x000000ca   Code   RO         2244    .text               window_animator.o
    0x0800d506   0x0800d506   0x00000010   Code   RO         2290    .text               window_animator_null.o
    0x0800d516   0x0800d516   0x00000002   PAD
    0x0800d518   0x0800d518   0x00000194   Code   RO         2336    .text               idle.o
    0x0800d6ac   0x0800d6ac   0x00000018   Code   RO         2360    .text               time.o
    0x0800d6c4   0x0800d6c4   0x00000008   Code   RO         2382    .text               system_info.o
    0x0800d6cc   0x0800d6cc   0x0000002c   Code   RO         2412    .text               image_loader.o
    0x0800d6f8   0x0800d6f8   0x000001a4   Code   RO         2431    .text               tk.o
    0x0800d89c   0x0800d89c   0x0000024c   Code   RO         2483    .text               locale.o
    0x0800dae8   0x0800dae8   0x000004f0   Code   RO         2523    .text               str.o
    0x0800dfd8   0x0800dfd8   0x0000052c   Code   RO         2548    .text               lcd_stm32_raw_1.o
    0x0800e504   0x0800e504   0x0000023c   Code   RO         2591    .text               main_loop_stm32_raw_1.o
    0x0800e740   0x0800e740   0x00000002   Code   RO         2664    .text               c_w.l(use_no_semi_2.o)
    0x0800e742   0x0800e742   0x0000001a   Code   RO         2666    .text               c_w.l(tolower.o)
    0x0800e75c   0x0800e75c   0x0000001e   Code   RO         2668    .text               c_w.l(toupper.o)
    0x0800e77a   0x0800e77a   0x00000002   PAD
    0x0800e77c   0x0800e77c   0x00000018   Code   RO         2674    .text               c_w.l(noretval__2printf.o)
    0x0800e794   0x0800e794   0x00000034   Code   RO         2676    .text               c_w.l(noretval__2snprintf.o)
    0x0800e7c8   0x0800e7c8   0x00000068   Code   RO         2678    .text               c_w.l(__printf.o)
    0x0800e830   0x0800e830   0x00000052   Code   RO         2680    .text               c_w.l(_printf_str.o)
    0x0800e882   0x0800e882   0x00000002   PAD
    0x0800e884   0x0800e884   0x00000078   Code   RO         2682    .text               c_w.l(_printf_dec.o)
    0x0800e8fc   0x0800e8fc   0x00000054   Code   RO         2693    .text               c_w.l(_printf_hex_ptr.o)
    0x0800e950   0x0800e950   0x0000001a   Code   RO         2729    .text               c_w.l(atoi.o)
    0x0800e96a   0x0800e96a   0x00000014   Code   RO         2731    .text               c_w.l(strchr.o)
    0x0800e97e   0x0800e97e   0x00000024   Code   RO         2733    .text               c_w.l(strstr.o)
    0x0800e9a2   0x0800e9a2   0x00000048   Code   RO         2735    .text               c_w.l(strcpy.o)
    0x0800e9ea   0x0800e9ea   0x0000003e   Code   RO         2737    .text               c_w.l(strlen.o)
    0x0800ea28   0x0800ea28   0x00000012   Code   RO         2739    .text               c_w.l(wcscpy.o)
    0x0800ea3a   0x0800ea3a   0x00000012   Code   RO         2741    .text               c_w.l(wcslen.o)
    0x0800ea4c   0x0800ea4c   0x00000096   Code   RO         2743    .text               c_w.l(strncmp.o)
    0x0800eae2   0x0800eae2   0x0000008a   Code   RO         2745    .text               c_w.l(rt_memcpy_v6.o)
    0x0800eb6c   0x0800eb6c   0x00000084   Code   RO         2747    .text               c_w.l(rt_memmove_v6.o)
    0x0800ebf0   0x0800ebf0   0x00000064   Code   RO         2749    .text               c_w.l(rt_memcpy_w.o)
    0x0800ec54   0x0800ec54   0x00000044   Code   RO         2751    .text               c_w.l(rt_memclr.o)
    0x0800ec98   0x0800ec98   0x0000004e   Code   RO         2753    .text               c_w.l(rt_memclr_w.o)
    0x0800ece6   0x0800ece6   0x00000056   Code   RO         2755    .text               c_w.l(strncpy.o)
    0x0800ed3c   0x0800ed3c   0x00000080   Code   RO         2757    .text               c_w.l(strcmpv7m.o)
    0x0800edbc   0x0800edbc   0x00000006   Code   RO         2759    .text               c_w.l(heapauxi.o)
    0x0800edc2   0x0800edc2   0x00000002   Code   RO         2831    .text               c_w.l(use_no_semi.o)
    0x0800edc4   0x0800edc4   0x00000010   Code   RO         2834    .text               c_w.l(rt_ctype_table.o)
    0x0800edd4   0x0800edd4   0x00000008   Code   RO         2839    .text               c_w.l(rt_errno_addr_intlibspace.o)
    0x0800eddc   0x0800eddc   0x000000b2   Code   RO         2841    .text               c_w.l(_printf_intcommon.o)
    0x0800ee8e   0x0800ee8e   0x00000002   PAD
    0x0800ee90   0x0800ee90   0x00000030   Code   RO         2843    .text               c_w.l(_printf_char_common.o)
    0x0800eec0   0x0800eec0   0x0000000a   Code   RO         2845    .text               c_w.l(_sputc.o)
    0x0800eeca   0x0800eeca   0x00000010   Code   RO         2847    .text               c_w.l(_snputc.o)
    0x0800eeda   0x0800eeda   0x0000002c   Code   RO         2849    .text               c_w.l(_printf_char.o)
    0x0800ef06   0x0800ef06   0x00000002   PAD
    0x0800ef08   0x0800ef08   0x00000024   Code   RO         2851    .text               c_w.l(_printf_char_file.o)
    0x0800ef2c   0x0800ef2c   0x00000070   Code   RO         2854    .text               c_w.l(strtol.o)
    0x0800ef9c   0x0800ef9c   0x0000007a   Code   RO         2856    .text               c_w.l(rt_memmove_w.o)
    0x0800f016   0x0800f016   0x00000002   PAD
    0x0800f018   0x0800f018   0x00000008   Code   RO         2871    .text               c_w.l(libspace.o)
    0x0800f020   0x0800f020   0x00000008   Code   RO         2892    .text               c_w.l(rt_locale_intlibspace.o)
    0x0800f028   0x0800f028   0x0000009e   Code   RO         2896    .text               c_w.l(_strtoul.o)
    0x0800f0c6   0x0800f0c6   0x00000008   Code   RO         2898    .text               c_w.l(ferror.o)
    0x0800f0ce   0x0800f0ce   0x0000004a   Code   RO         2905    .text               c_w.l(sys_stackheap_outer.o)
    0x0800f118   0x0800f118   0x0000001c   Code   RO         2907    .text               c_w.l(_chval.o)
    0x0800f134   0x0800f134   0x00000012   Code   RO         2909    .text               c_w.l(exit.o)
    0x0800f146   0x0800f146   0x00000002   PAD
    0x0800f148   0x0800f148   0x0000002c   Code   RO         2903    locale$$code        c_w.l(lc_ctype_c.o)
    0x0800f174   0x0800f174   0x00000062   Code   RO         2763    x$fpl$d2f           fz_ws.l(d2f.o)
    0x0800f1d6   0x0800f1d6   0x00000002   PAD
    0x0800f1d8   0x0800f1d8   0x00000150   Code   RO         2765    x$fpl$dadd          fz_ws.l(daddsub_clz.o)
    0x0800f328   0x0800f328   0x00000018   Code   RO         2858    x$fpl$dcmpinf       fz_ws.l(dcmpi.o)
    0x0800f340   0x0800f340   0x000002b0   Code   RO         2772    x$fpl$ddiv          fz_ws.l(ddiv.o)
    0x0800f5f0   0x0800f5f0   0x00000078   Code   RO         2775    x$fpl$deqf          fz_ws.l(deqf.o)
    0x0800f668   0x0800f668   0x0000005e   Code   RO         2777    x$fpl$dfix          fz_ws.l(dfix.o)
    0x0800f6c6   0x0800f6c6   0x00000002   PAD
    0x0800f6c8   0x0800f6c8   0x0000005a   Code   RO         2781    x$fpl$dfixu         fz_ws.l(dfixu.o)
    0x0800f722   0x0800f722   0x0000002e   Code   RO         2786    x$fpl$dflt          fz_ws.l(dflt_clz.o)
    0x0800f750   0x0800f750   0x00000026   Code   RO         2785    x$fpl$dfltu         fz_ws.l(dflt_clz.o)
    0x0800f776   0x0800f776   0x00000002   PAD
    0x0800f778   0x0800f778   0x00000078   Code   RO         2791    x$fpl$dleqf         fz_ws.l(dleqf.o)
    0x0800f7f0   0x0800f7f0   0x00000154   Code   RO         2793    x$fpl$dmul          fz_ws.l(dmul.o)
    0x0800f944   0x0800f944   0x0000009c   Code   RO         2860    x$fpl$dnaninf       fz_ws.l(dnaninf.o)
    0x0800f9e0   0x0800f9e0   0x0000000c   Code   RO         2862    x$fpl$dretinf       fz_ws.l(dretinf.o)
    0x0800f9ec   0x0800f9ec   0x0000006c   Code   RO         2795    x$fpl$drleqf        fz_ws.l(drleqf.o)
    0x0800fa58   0x0800fa58   0x00000016   Code   RO         2766    x$fpl$drsb          fz_ws.l(daddsub_clz.o)
    0x0800fa6e   0x0800fa6e   0x00000002   PAD
    0x0800fa70   0x0800fa70   0x000001d4   Code   RO         2767    x$fpl$dsub          fz_ws.l(daddsub_clz.o)
    0x0800fc44   0x0800fc44   0x000000c4   Code   RO         2797    x$fpl$fadd          fz_ws.l(faddsub_clz.o)
    0x0800fd08   0x0800fd08   0x00000018   Code   RO         2864    x$fpl$fcmpinf       fz_ws.l(fcmpi.o)
    0x0800fd20   0x0800fd20   0x00000184   Code   RO         2804    x$fpl$fdiv          fz_ws.l(fdiv.o)
    0x0800fea4   0x0800fea4   0x00000068   Code   RO         2807    x$fpl$feqf          fz_ws.l(feqf.o)
    0x0800ff0c   0x0800ff0c   0x00000036   Code   RO         2809    x$fpl$ffix          fz_ws.l(ffix.o)
    0x0800ff42   0x0800ff42   0x00000002   PAD
    0x0800ff44   0x0800ff44   0x0000003e   Code   RO         2813    x$fpl$ffixu         fz_ws.l(ffixu.o)
    0x0800ff82   0x0800ff82   0x00000002   PAD
    0x0800ff84   0x0800ff84   0x00000030   Code   RO         2818    x$fpl$fflt          fz_ws.l(fflt_clz.o)
    0x0800ffb4   0x0800ffb4   0x00000060   Code   RO         2823    x$fpl$ffltll        fz_ws.l(ffltll_clz.o)
    0x08010014   0x08010014   0x00000026   Code   RO         2817    x$fpl$ffltu         fz_ws.l(fflt_clz.o)
    0x0801003a   0x0801003a   0x00000002   PAD
    0x0801003c   0x0801003c   0x00000068   Code   RO         2825    x$fpl$fleqf         fz_ws.l(fleqf.o)
    0x080100a4   0x080100a4   0x00000102   Code   RO         2827    x$fpl$fmul          fz_ws.l(fmul.o)
    0x080101a6   0x080101a6   0x0000008c   Code   RO         2866    x$fpl$fnaninf       fz_ws.l(fnaninf.o)
    0x08010232   0x08010232   0x0000000a   Code   RO         2868    x$fpl$fretinf       fz_ws.l(fretinf.o)
    0x0801023c   0x0801023c   0x00000062   Code   RO         2829    x$fpl$frleqf        fz_ws.l(frleqf.o)
    0x0801029e   0x0801029e   0x00000014   Code   RO         2798    x$fpl$frsb          fz_ws.l(faddsub_clz.o)
    0x080102b2   0x080102b2   0x00000002   PAD
    0x080102b4   0x080102b4   0x000000ea   Code   RO         2799    x$fpl$fsub          fz_ws.l(faddsub_clz.o)
    0x0801039e   0x0801039e   0x00000000   Code   RO         2870    x$fpl$usenofp       fz_ws.l(usenofp.o)
    0x0801039e   0x0801039e   0x00000018   Data   RO          527    .constdata          rtc.o
    0x080103b6   0x080103b6   0x00000948   Data   RO          584    .constdata          gui.o
    0x08010cfe   0x08010cfe   0x00000002   PAD
    0x08010d00   0x08010d00   0x0000004c   Data   RO          710    .constdata          button_1.o
    0x08010d4c   0x08010d4c   0x00000054   Data   RO          834    .constdata          check_button.o
    0x08010da0   0x08010da0   0x00000059   Data   RO          910    .constdata          dialog.o
    0x08010df9   0x08010df9   0x00000003   PAD
    0x08010dfc   0x08010dfc   0x0000039c   Data   RO         1037    .constdata          enums.o
    0x08011198   0x08011198   0x0000004c   Data   RO         1138    .constdata          group_box.o
    0x080111e4   0x080111e4   0x0000004c   Data   RO         1186    .constdata          image.o
    0x08011230   0x08011230   0x0000004c   Data   RO         1270    .constdata          label.o
    0x0801127c   0x0801127c   0x00000009   Data   RO         1392    .constdata          mem.o
    0x08011285   0x08011285   0x00000003   PAD
    0x08011288   0x08011288   0x0000004c   Data   RO         1413    .constdata          progress_bar.o
    0x080112d4   0x080112d4   0x00000104   Data   RO         1507    .constdata          utf8.o
    0x080113d8   0x080113d8   0x00000048   Data   RO         1554    .constdata          widget.o
    0x08011420   0x08011420   0x0000004c   Data   RO         1610    .constdata          widget_vtable.o
    0x0801146c   0x0801146c   0x0000004c   Data   RO         1664    .constdata          window.o
    0x080114b8   0x080114b8   0x0000008e   Data   RO         1718    .constdata          window_manager.o
    0x08011546   0x08011546   0x0002f5a1   Data   RO         1854    .constdata          resource.o
    0x08040ae7   0x08040ae7   0x00000001   PAD
    0x08040ae8   0x08040ae8   0x0000004c   Data   RO         2197    .constdata          slider.o
    0x08040b34   0x08040b34   0x00000008   Data   RO         2484    .constdata          locale.o
    0x08040b3c   0x08040b3c   0x00000028   Data   RO         2694    .constdata          c_w.l(_printf_hex_ptr.o)
    0x08040b64   0x08040b64   0x0000030e   Data   RO         1038    .conststring        enums.o
    0x08040e72   0x08040e72   0x00000002   PAD
    0x08040e74   0x08040e74   0x00000020   Data   RO         3037    Region$$Table       anon$$obj.o
    0x08040e94   0x08040e94   0x00000110   Data   RO         2902    locale$$data        c_w.l(lc_ctype_c.o)


    Execution Region RW_IRAM1 (Exec base: 0x20000000, Load base: 0x08040fa4, Size: 0x00003838, Max: 0x00010000, ABSOLUTE)

    Exec Addr    Load Addr    Size         Type   Attr      Idx    E Section Name        Object

    0x20000000   0x08040fa4   0x00000014   Data   RW          105    .data               system_stm32f10x.o
    0x20000014   0x08040fb8   0x00000004   Data   RW          205    .data               delay.o
    0x20000018   0x08040fbc   0x00000006   Data   RW          232    .data               usart.o
    0x2000001e   0x08040fc2   0x00000014   Data   RW          296    .data               stm32f10x_rcc.o
    0x20000032   0x08040fd6   0x00000001   Data   RW          466    .data               led.o
    0x20000033   0x08040fd7   0x00000001   Data   RW          494    .data               button.o
    0x20000034   0x08040fd8   0x00000004   Data   RW          507    .data               tim.o
    0x20000038   0x08040fdc   0x0000000a   Data   RW          528    .data               rtc.o
    0x20000042   0x08040fe6   0x00000008   Data   RW          551    .data               touch.o
    0x2000004a   0x08040fee   0x00000002   PAD
    0x2000004c   0x08040ff0   0x00000004   Data   RW         1114    .data               font_manager.o
    0x20000050   0x08040ff4   0x00000004   Data   RW         1237    .data               image_manager.o
    0x20000054   0x08040ff8   0x00000004   Data   RW         1343    .data               main_loop.o
    0x20000058   0x08040ffc   0x00000004   Data   RW         1483    .data               theme.o
    0x2000005c   0x08041000   0x00000004   Data   RW         1719    .data               window_manager.o
    0x20000060   0x08041004   0x0000000c   Data   RW         2030    .data               timer.o
    0x2000006c   0x08041010   0x00000004   Data   RW         2087    .data               resource_manager.o
    0x20000070   0x08041014   0x00000008   Data   RW         2337    .data               idle.o
    0x20000078   0x0804101c   0x00000004   Data   RW         2485    .data               locale.o
    0x2000007c        -       0x000000c8   Zero   RW          231    .bss                usart.o
    0x20000144        -       0x0000000a   Zero   RW          526    .bss                rtc.o
    0x2000014e   0x08041020   0x00000002   PAD
    0x20000150        -       0x0000000c   Zero   RW          550    .bss                touch.o
    0x2000015c        -       0x00001000   Zero   RW          605    .bss                flash.o
    0x2000115c        -       0x00000010   Zero   RW         1391    .bss                mem.o
    0x2000116c        -       0x00002000   Zero   RW         2054    .bss                demo_main.o
    0x2000316c        -       0x00000010   Zero   RW         2383    .bss                system_info.o
    0x2000317c        -       0x00000058   Zero   RW         2592    .bss                main_loop_stm32_raw_1.o
    0x200031d4        -       0x00000060   Zero   RW         2872    .bss                c_w.l(libspace.o)
    0x20003234   0x08041020   0x00000004   PAD
    0x20003238        -       0x00000200   Zero   RW          265    HEAP                startup_stm32f10x_hd.o
    0x20003438        -       0x00000400   Zero   RW          264    STACK               startup_stm32f10x_hd.o


==============================================================================

Image component sizes


      Code (inc. data)   RO Data    RW Data    ZI Data      Debug   Object Name

       598          0          0          0          0      11731   array.o
        32          0          0          0          0       2169   bitmap.o
       256         12          0          1          0        846   button.o
       208          4         76          0          0      24836   button_1.o
      8586         72          0          0          0      37806   canvas.o
       528         16         84          0          0      15911   check_button.o
        24          0          0          0          0        637   color.o
         0          0          0          0          0         32   core_cm3.o
       212         18          0          4          0       1055   delay.o
      1360        266          0          0          0      14719   demo1_app.o
        44          6          0          0       8192       1292   demo_main.o
       956         86         89          0          0      18679   dialog.o
       658          0          0          0          0      19274   emitter.o
       328         32       1706          0          0       6031   enums.o
       326          0          0          0          0       8400   event_queue.o
       924         12          0          0       4096       3417   flash.o
        94          0          0          0          0       2954   font.o
       312         12          0          0          0       5074   font_bitmap.o
       252         14          0          4          0       4622   font_manager.o
       104          4         76          0          0      12739   group_box.o
      1072         12       2376          0          0       5739   gui.o
       404         12          0          8          0       3586   idle.o
       636         26         76          0          0      15456   image.o
        44          0          0          0          0       1176   image_loader.o
       696         14          0          4          0       8009   image_manager.o
        96          4         76          0          0      12703   label.o
      1928         50          0          0          0      16845   layout.o
       788          0          0          0          0      11322   lcd.o
       696         18          0          0          0       2088   lcd_driver.o
      1324         36          0          0          0      10317   lcd_stm32_raw_1.o
       164         10          0          1          0        731   led.o
       588         26          8          4          0      11349   locale.o
        62          0          0          0          0     205259   main.o
       104          4          0          4          0       2217   main_loop.o
       572         24          0          0         88      21915   main_loop_stm32_raw_1.o
       808        106          9          0         16       4156   mem.o
       220         22          0          0          0       1937   misc.o
      1076         36         76          0          0      15762   progress_bar.o
       212          0          0          0          0       1559   rect.o
       532        172     193953          0          0      14797   resource.o
       496         14          0          4          0       5674   resource_manager.o
      1120         66         24         10         10       4487   rtc.o
      1964         48         76          0          0      17783   slider.o
       476         16          0          0          0       1824   spi.o
        64         26        304          0       1536        808   startup_stm32f10x_hd.o
       196          8          0          0          0       3632   stm32f10x_bkp.o
      1548         18          0          0          0       5515   stm32f10x_fsmc.o
       860         38          0          0          0       5869   stm32f10x_gpio.o
        26          0          0          0          0      64086   stm32f10x_it.o
       204         14          0          0          0       1959   stm32f10x_pwr.o
       932         36          0         20          0       9056   stm32f10x_rcc.o
       328          4          0          0          0       2730   stm32f10x_rtc.o
       780         14          0          0          0       6750   stm32f10x_spi.o
      3610         88          0          0          0      22976   stm32f10x_tim.o
      1032         22          0          0          0       8596   stm32f10x_usart.o
      1264          6          0          0          0      10023   str.o
         8          4          0          0         16       5226   system_info.o
       480         38          0         20          0       1879   system_stm32f10x.o
       572          8          0          4          0       4536   theme.o
       572         24          0          4          0       1957   tim.o
        24          0          0          0          0        613   time.o
       576         18          0         12          0       4363   timer.o
       420         36          0          0          0       2495   tk.o
      1088         38          0          8         12       4430   touch.o
       300         18          0          6        200       3290   usart.o
       892         90        260          0          0       6333   utf8.o
       968         24          0          0          0       3905   utils.o
      1048         44          0          0          0      10124   value.o
      4876        150         72          0          0      38750   widget.o
       512          6         76          0          0      22291   widget_vtable.o
       300         16         76          0          0      14077   window.o
       202          0          0          0          0      13381   window_animator.o
        16          0          0          0          0      13375   window_animator_null.o
      2232        134        142          4          0      29718   window_manager.o
       874          0          0          0          0       7667   wstr.o

    ----------------------------------------------------------------------
     58702       2192     199678        124      14168     919325   Object Totals
         0          0         32          0          0          0   (incl. Generated)
        18          0         11          2          2          0   (incl. Padding)

    ----------------------------------------------------------------------

      Code (inc. data)   RO Data    RW Data    ZI Data      Debug   Library Member Name

         8          0          0          0          0         68   __main.o
       104          0          0          0          0         84   __printf.o
         0          0          0          0          0          0   __rtentry.o
        12          0          0          0          0          0   __rtentry2.o
         6          0          0          0          0          0   __rtentry4.o
        52          8          0          0          0          0   __scatter.o
        26          0          0          0          0          0   __scatter_copy.o
        28          0          0          0          0          0   __scatter_zi.o
        28          0          0          0          0         68   _chval.o
        44          0          0          0          0        108   _printf_char.o
        48          6          0          0          0         96   _printf_char_common.o
        36          4          0          0          0         80   _printf_char_file.o
         6          0          0          0          0          0   _printf_d.o
       120         16          0          0          0         92   _printf_dec.o
        84          6         40          0          0         88   _printf_hex_ptr.o
       178          0          0          0          0         88   _printf_intcommon.o
         6          0          0          0          0          0   _printf_p.o
         0          0          0          0          0          0   _printf_percent.o
         4          0          0          0          0          0   _printf_percent_end.o
         6          0          0          0          0          0   _printf_s.o
        82          0          0          0          0         80   _printf_str.o
        16          0          0          0          0         68   _snputc.o
        10          0          0          0          0         68   _sputc.o
       158          0          0          0          0         92   _strtoul.o
        26          0          0          0          0         80   atoi.o
        18          0          0          0          0         80   exit.o
         8          0          0          0          0         68   ferror.o
         6          0          0          0          0        152   heapauxi.o
        44         10        272          0          0         76   lc_ctype_c.o
         2          0          0          0          0          0   libinit.o
        20          0          0          0          0          0   libinit2.o
         2          0          0          0          0          0   libshutdown.o
         2          0          0          0          0          0   libshutdown2.o
         8          4          0          0         96         68   libspace.o
        24          4          0          0          0         84   noretval__2printf.o
        52          4          0          0          0         84   noretval__2snprintf.o
        16          4          0          0          0         76   rt_ctype_table.o
         8          4          0          0          0         68   rt_errno_addr_intlibspace.o
         8          4          0          0          0         68   rt_locale_intlibspace.o
        68          0          0          0          0         68   rt_memclr.o
        78          0          0          0          0         80   rt_memclr_w.o
       138          0          0          0          0         68   rt_memcpy_v6.o
       100          0          0          0          0         80   rt_memcpy_w.o
       132          0          0          0          0         68   rt_memmove_v6.o
       122          0          0          0          0         80   rt_memmove_w.o
         2          0          0          0          0          0   rtexit.o
        10          0          0          0          0          0   rtexit2.o
        20          0          0          0          0         68   strchr.o
       128          0          0          0          0         68   strcmpv7m.o
        72          0          0          0          0         80   strcpy.o
        62          0          0          0          0         76   strlen.o
       150          0          0          0          0         80   strncmp.o
        86          0          0          0          0         76   strncpy.o
        36          0          0          0          0         80   strstr.o
       112          0          0          0          0         88   strtol.o
        74          0          0          0          0         80   sys_stackheap_outer.o
        26          0          0          0          0         76   tolower.o
        30          0          0          0          0         76   toupper.o
         2          0          0          0          0         68   use_no_semi.o
         2          0          0          0          0         68   use_no_semi_2.o
        18          0          0          0          0         68   wcscpy.o
        18          0          0          0          0         68   wcslen.o
        98          4          0          0          0         92   d2f.o
       826         16          0          0          0        348   daddsub_clz.o
        24          0          0          0          0         68   dcmpi.o
       688        140          0          0          0        208   ddiv.o
       120          4          0          0          0         92   deqf.o
        94          4          0          0          0         92   dfix.o
        90          4          0          0          0         92   dfixu.o
        84          0          0          0          0        136   dflt_clz.o
       120          4          0          0          0         92   dleqf.o
       340         12          0          0          0        104   dmul.o
       156          4          0          0          0         92   dnaninf.o
        12          0          0          0          0         68   dretinf.o
       108          0          0          0          0         80   drleqf.o
       450          8          0          0          0        236   faddsub_clz.o
        24          0          0          0          0         68   fcmpi.o
       388         76          0          0          0         96   fdiv.o
       104          4          0          0          0         84   feqf.o
        54          4          0          0          0         84   ffix.o
        62          4          0          0          0         84   ffixu.o
        86          0          0          0          0        136   fflt_clz.o
        96          0          0          0          0         84   ffltll_clz.o
       104          4          0          0          0         84   fleqf.o
       258          4          0          0          0         84   fmul.o
       140          4          0          0          0         84   fnaninf.o
        10          0          0          0          0         68   fretinf.o
        98          0          0          0          0         68   frleqf.o
         0          0          0          0          0          0   usenofp.o

    ----------------------------------------------------------------------
      7456        374        312          0        100       6372   Library Totals
        30          0          0          0          4          0   (incl. Padding)

    ----------------------------------------------------------------------

      Code (inc. data)   RO Data    RW Data    ZI Data      Debug   Library Name

      2792         74        312          0         96       3548   c_w.l
      4634        300          0          0          0       2824   fz_ws.l

    ----------------------------------------------------------------------
      7456        374        312          0        100       6372   Library Totals

    ----------------------------------------------------------------------

==============================================================================


      Code (inc. data)   RO Data    RW Data    ZI Data      Debug   

     66158       2566     199990        124      14268     915709   Grand Totals
     66158       2566     199990        124      14268     915709   ELF Image Totals
     66158       2566     199990        124          0          0   ROM Totals

==============================================================================

    Total RO  Size (Code + RO Data)               266148 ( 259.91kB)
    Total RW  Size (RW Data + ZI Data)             14392 (  14.05kB)
    Total ROM Size (Code + RO Data + RW Data)     266272 ( 260.03kB)

==============================================================================

