Component: ARM Compiler 5.06 update 5 (build 528) Tool: armlink [4d35e2]

==============================================================================

Section Cross References

    system_stm32f10x.o(.text) refers to system_stm32f10x.o(.data) for SystemCoreClock
    main.o(.text) refers to misc.o(.text) for NVIC_PriorityGroupConfig
    main.o(.text) refers to platform.o(.text) for systick_init
    main.o(.text) refers to led.o(.text) for led_init
    main.o(.text) refers to button.o(.text) for button_init
    main.o(.text) refers to lcd_driver.o(.text) for TFT_Init
    main.o(.text) refers to flash.o(.text) for FLASH_Init
    main.o(.text) refers to touch.o(.text) for TOUCH_Init
    main.o(.text) refers to tim.o(.text) for TIM3_Init
    main.o(.text) refers to rtc.o(.text) for rtc_init
    main.o(.text) refers to demo_main.o(.text) for gui_app_start
    sys.o(.text) refers to misc.o(.text) for NVIC_PriorityGroupConfig
    usart.o(.text) refers (Special) to use_no_semi_2.o(.text) for __use_no_semihosting
    usart.o(.text) refers to stm32f10x_rcc.o(.text) for RCC_APB2PeriphClockCmd
    usart.o(.text) refers to stm32f10x_gpio.o(.text) for GPIO_Init
    usart.o(.text) refers to misc.o(.text) for NVIC_Init
    usart.o(.text) refers to stm32f10x_usart.o(.text) for USART_Init
    usart.o(.text) refers to usart.o(.data) for USART_RX_STA
    usart.o(.text) refers to usart.o(.bss) for USART_RX_BUF
    usart.o(.bss) refers (Special) to use_no_semi_2.o(.text) for __use_no_semihosting
    usart.o(.data) refers (Special) to use_no_semi_2.o(.text) for __use_no_semihosting
    startup_stm32f10x_hd.o(STACK) refers (Special) to heapauxi.o(.text) for __use_two_region_memory
    startup_stm32f10x_hd.o(HEAP) refers (Special) to heapauxi.o(.text) for __use_two_region_memory
    startup_stm32f10x_hd.o(RESET) refers (Special) to heapauxi.o(.text) for __use_two_region_memory
    startup_stm32f10x_hd.o(RESET) refers to startup_stm32f10x_hd.o(STACK) for __initial_sp
    startup_stm32f10x_hd.o(RESET) refers to startup_stm32f10x_hd.o(.text) for Reset_Handler
    startup_stm32f10x_hd.o(RESET) refers to stm32f10x_it.o(.text) for NMI_Handler
    startup_stm32f10x_hd.o(RESET) refers to sys_tick.o(.text) for SysTick_Handler
    startup_stm32f10x_hd.o(RESET) refers to rtc.o(.text) for RTC_IRQHandler
    startup_stm32f10x_hd.o(RESET) refers to main_loop_stm32_raw.o(.text) for TIM3_IRQHandler
    startup_stm32f10x_hd.o(RESET) refers to usart.o(.text) for USART1_IRQHandler
    startup_stm32f10x_hd.o(RESET) refers to tim.o(.text) for TIM5_IRQHandler
    startup_stm32f10x_hd.o(.text) refers (Special) to heapauxi.o(.text) for __use_two_region_memory
    startup_stm32f10x_hd.o(.text) refers to system_stm32f10x.o(.text) for SystemInit
    startup_stm32f10x_hd.o(.text) refers to __main.o(!!!main) for __main
    startup_stm32f10x_hd.o(.text) refers to startup_stm32f10x_hd.o(HEAP) for Heap_Mem
    startup_stm32f10x_hd.o(.text) refers to startup_stm32f10x_hd.o(STACK) for Stack_Mem
    stm32f10x_gpio.o(.text) refers to stm32f10x_rcc.o(.text) for RCC_APB2PeriphResetCmd
    stm32f10x_rcc.o(.text) refers to stm32f10x_rcc.o(.data) for APBAHBPrescTable
    stm32f10x_usart.o(.text) refers to stm32f10x_rcc.o(.text) for RCC_APB2PeriphResetCmd
    stm32f10x_wwdg.o(.text) refers to stm32f10x_rcc.o(.text) for RCC_APB1PeriphResetCmd
    stm32f10x_tim.o(.text) refers to stm32f10x_rcc.o(.text) for RCC_APB2PeriphResetCmd
    stm32f10x_bkp.o(.text) refers to stm32f10x_rcc.o(.text) for RCC_BackupResetCmd
    stm32f10x_pwr.o(.text) refers to stm32f10x_rcc.o(.text) for RCC_APB1PeriphResetCmd
    stm32f10x_spi.o(.text) refers to stm32f10x_rcc.o(.text) for RCC_APB2PeriphResetCmd
    led.o(.text) refers to stm32f10x_rcc.o(.text) for RCC_APB2PeriphClockCmd
    led.o(.text) refers to stm32f10x_gpio.o(.text) for GPIO_Init
    led.o(.text) refers to sys_tick.o(.text) for delay_ms
    led.o(.text) refers to led.o(.data) for i
    lcd_driver.o(.text) refers to stm32f10x_rcc.o(.text) for RCC_APB2PeriphClockCmd
    lcd_driver.o(.text) refers to stm32f10x_gpio.o(.text) for GPIO_Init
    lcd_driver.o(.text) refers to stm32f10x_fsmc.o(.text) for FSMC_NORSRAMInit
    button.o(.text) refers to stm32f10x_rcc.o(.text) for RCC_APB2PeriphClockCmd
    button.o(.text) refers to stm32f10x_gpio.o(.text) for GPIO_Init
    button.o(.text) refers to sys_tick.o(.text) for delay_ms
    button.o(.text) refers to button.o(.data) for key_up
    tim.o(.text) refers to stm32f10x_rcc.o(.text) for RCC_APB1PeriphClockCmd
    tim.o(.text) refers to stm32f10x_gpio.o(.text) for GPIO_Init
    tim.o(.text) refers to stm32f10x_tim.o(.text) for TIM_TimeBaseInit
    tim.o(.text) refers to misc.o(.text) for NVIC_Init
    tim.o(.text) refers to tim.o(.data) for TIM5CH1_CAPTURE_STA
    rtc.o(.text) refers to _printf_percent.o(.ARM.Collect$$_printf_percent$$00000000) for _printf_percent
[...]
    __aeabi_HUGE_VALL                        0x0804d1ec   Data           0  fpconst.o(c$$dinf)
    __aeabi_INFINITY                         0x0804d1ec   Data           0  fpconst.o(c$$dinf)
    __dInf                                   0x0804d1ec   Data           0  fpconst.o(c$$dinf)
    __huge_val                               0x0804d1ec   Data           0  fpconst.o(c$$dinf)
    __dbl_max                                0x0804d1f4   Data           0  fpconst.o(c$$dmax)
    __ctype                                  0x0804d209   Data           0  lc_ctype_c.o(locale$$data)
    SystemCoreClock                          0x20000000   Data           4  system_stm32f10x.o(.data)
    AHBPrescTable                            0x20000004   Data          16  system_stm32f10x.o(.data)
    __stdout                                 0x20000014   Data           4  usart.o(.data)
    USART_RX_STA                             0x20000018   Data           2  usart.o(.data)
    TIM5CH1_CAPTURE_STA                      0x20000030   Data           1  tim.o(.data)
    TIM5CH1_CAPTURE_VAL                      0x20000032   Data           2  tim.o(.data)
    rtc_data                                 0x20000034   Data           7  rtc.o(.data)
    rtc_bit                                  0x2000003b   Data           1  rtc.o(.data)
    TouchData                                0x2000003e   Data           8  touch.o(.data)
    s_edit_properties                        0x20000128   Data          56  edit.o(.data)
    s_combo_box_properties                   0x200005dc   Data          60  combo_box.o(.data)
    USART_RX_BUF                             0x20000688   Data         200  usart.o(.bss)
    calendar                                 0x20000750   Data          10  rtc.o(.bss)
    __libspace_start                         0x2000384c   Data          96  libspace.o(.bss)
    __temporary_stack_top$libspace           0x200038ac   Data           0  libspace.o(.bss)



==============================================================================

Memory Map of the image

  Image Entry point : 0x08000131

  Load Region LR_IROM1 (Base: 0x08000000, Size: 0x0004d9b0, Max: 0x00080000, ABSOLUTE, COMPRESSED[0x0004d740])

    Execution Region ER_IROM1 (Exec base: 0x08000000, Load base: 0x08000000, Size: 0x0004d328, Max: 0x00080000, ABSOLUTE)

    Exec Addr    Load Addr    Size         Type   Attr      Idx    E Section Name        Object

    0x08000000   0x08000000   0x00000130   Data   RO          252    RESET               startup_stm32f10x_hd.o
    0x08000130   0x08000130   0x00000008   Code   RO         4278  * !!!main             c_w.l(__main.o)
    0x08000138   0x08000138   0x00000034   Code   RO         4815    !!!scatter          c_w.l(__scatter.o)
    0x0800016c   0x0800016c   0x00000064   Code   RO         4813    !!dclz77c           c_w.l(__dclz77c.o)
    0x080001d0   0x080001d0   0x0000001c   Code   RO         4817    !!handler_zi        c_w.l(__scatter_zi.o)
    0x080001ec   0x080001ec   0x00000000   Code   RO         4237    .ARM.Collect$$_printf_percent$$00000000  c_w.l(_printf_percent.o)
    0x080001ec   0x080001ec   0x00000006   Code   RO         4450    .ARM.Collect$$_printf_percent$$00000001  c_w.l(_printf_n.o)
    0x080001f2   0x080001f2   0x00000006   Code   RO         4452    .ARM.Collect$$_printf_percent$$00000002  c_w.l(_printf_p.o)
    0x080001f8   0x080001f8   0x00000006   Code   RO         4456    .ARM.Collect$$_printf_percent$$00000003  c_w.l(_printf_f.o)
    0x080001fe   0x080001fe   0x00000006   Code   RO         4457    .ARM.Collect$$_printf_percent$$00000004  c_w.l(_printf_e.o)
    0x08000204   0x08000204   0x00000006   Code   RO         4458    .ARM.Collect$$_printf_percent$$00000005  c_w.l(_printf_g.o)
    0x0800020a   0x0800020a   0x00000006   Code   RO         4459    .ARM.Collect$$_printf_percent$$00000006  c_w.l(_printf_a.o)
    0x08000210   0x08000210   0x0000000a   Code   RO         4464    .ARM.Collect$$_printf_percent$$00000007  c_w.l(_printf_ll.o)
    0x0800021a   0x0800021a   0x00000006   Code   RO         4454    .ARM.Collect$$_printf_percent$$00000008  c_w.l(_printf_i.o)
    0x08000220   0x08000220   0x00000006   Code   RO         4236    .ARM.Collect$$_printf_percent$$00000009  c_w.l(_printf_d.o)
    0x08000226   0x08000226   0x00000006   Code   RO         4455    .ARM.Collect$$_printf_percent$$0000000A  c_w.l(_printf_u.o)
    0x0800022c   0x0800022c   0x00000006   Code   RO         4453    .ARM.Collect$$_printf_percent$$0000000B  c_w.l(_printf_o.o)
    0x08000232   0x08000232   0x00000006   Code   RO         4451    .ARM.Collect$$_printf_percent$$0000000C  c_w.l(_printf_x.o)
    0x08000238   0x08000238   0x00000006   Code   RO         4461    .ARM.Collect$$_printf_percent$$0000000D  c_w.l(_printf_lli.o)
    0x0800023e   0x0800023e   0x00000006   Code   RO         4462    .ARM.Collect$$_printf_percent$$0000000E  c_w.l(_printf_lld.o)
    0x08000244   0x08000244   0x00000006   Code   RO         4463    .ARM.Collect$$_printf_percent$$0000000F  c_w.l(_printf_llu.o)
    0x0800024a   0x0800024a   0x00000006   Code   RO         4468    .ARM.Collect$$_printf_percent$$00000010  c_w.l(_printf_llo.o)
    0x08000250   0x08000250   0x00000006   Code   RO         4469    .ARM.Collect$$_printf_percent$$00000011  c_w.l(_printf_llx.o)
    0x08000256   0x08000256   0x0000000a   Code   RO         4465    .ARM.Collect$$_printf_percent$$00000012  c_w.l(_printf_l.o)
    0x08000260   0x08000260   0x00000006   Code   RO         4448    .ARM.Collect$$_printf_percent$$00000013  c_w.l(_printf_c.o)
    0x08000266   0x08000266   0x00000006   Code   RO         4449    .ARM.Collect$$_printf_percent$$00000014  c_w.l(_printf_s.o)
    0x0800026c   0x0800026c   0x00000006   Code   RO         4466    .ARM.Collect$$_printf_percent$$00000015  c_w.l(_printf_lc.o)
    0x08000272   0x08000272   0x00000006   Code   RO         4467    .ARM.Collect$$_printf_percent$$00000016  c_w.l(_printf_ls.o)
    0x08000278   0x08000278   0x00000004   Code   RO         4460    .ARM.Collect$$_printf_percent$$00000017  c_w.l(_printf_percent_end.o)
    0x0800027c   0x0800027c   0x00000002   Code   RO         4693    .ARM.Collect$$libinit$$00000000  c_w.l(libinit.o)
    0x0800027e   0x0800027e   0x00000000   Code   RO         4606    .ARM.Collect$$libinit$$00000002  c_w.l(libinit2.o)
    0x0800027e   0x0800027e   0x00000000   Code   RO         4608    .ARM.Collect$$libinit$$00000004  c_w.l(libinit2.o)
    0x0800027e   0x0800027e   0x00000000   Code   RO         4611    .ARM.Collect$$libinit$$0000000A  c_w.l(libinit2.o)
    0x0800027e   0x0800027e   0x00000000   Code   RO         4613    .ARM.Collect$$libinit$$0000000C  c_w.l(libinit2.o)
    0x0800027e   0x0800027e   0x00000000   Code   RO         4615    .ARM.Collect$$libinit$$0000000E  c_w.l(libinit2.o)
    0x0800027e   0x0800027e   0x00000006   Code   RO         4616    .ARM.Collect$$libinit$$0000000F  c_w.l(libinit2.o)
    0x08000284   0x08000284   0x00000000   Code   RO         4618    .ARM.Collect$$libinit$$00000011  c_w.l(libinit2.o)
    0x08000284   0x08000284   0x0000000c   Code   RO         4619    .ARM.Collect$$libinit$$00000012  c_w.l(libinit2.o)
    0x08000290   0x08000290   0x00000000   Code   RO         4620    .ARM.Collect$$libinit$$00000013  c_w.l(libinit2.o)
    0x08000290   0x08000290   0x00000000   Code   RO         4622    .ARM.Collect$$libinit$$00000015  c_w.l(libinit2.o)
    0x08000290   0x08000290   0x0000000a   Code   RO         4623    .ARM.Collect$$libinit$$00000016  c_w.l(libinit2.o)
    0x0800029a   0x0800029a   0x00000000   Code   RO         4624    .ARM.Collect$$libinit$$00000017  c_w.l(libinit2.o)
    0x0800029a   0x0800029a   0x00000000   Code   RO         4626    .ARM.Collect$$libinit$$00000019  c_w.l(libinit2.o)
    0x0800029a   0x0800029a   0x00000000   Code   RO         4628    .ARM.Collect$$libinit$$0000001B  c_w.l(libinit2.o)
    0x0800029a   0x0800029a   0x00000000   Code   RO         4630    .ARM.Collect$$libinit$$0000001D  c_w.l(libinit2.o)
    0x0800029a   0x0800029a   0x00000000   Code   RO         4632    .ARM.Collect$$libinit$$0000001F  c_w.l(libinit2.o)
    0x0800029a   0x0800029a   0x00000000   Code   RO         4634    .ARM.Collect$$libinit$$00000021  c_w.l(libinit2.o)
    0x0800029a   0x0800029a   0x00000000   Code   RO         4636    .ARM.Collect$$libinit$$00000023  c_w.l(libinit2.o)
    0x0800029a   0x0800029a   0x00000000   Code   RO         4638    .ARM.Collect$$libinit$$00000025  c_w.l(libinit2.o)
    0x0800029a   0x0800029a   0x00000000   Code   RO         4642    .ARM.Collect$$libinit$$0000002C  c_w.l(libinit2.o)
    0x0800029a   0x0800029a   0x00000000   Code   RO         4644    .ARM.Collect$$libinit$$0000002E  c_w.l(libinit2.o)
    0x0800029a   0x0800029a   0x00000000   Code   RO         4646    .ARM.Collect$$libinit$$00000030  c_w.l(libinit2.o)
    0x0800029a   0x0800029a   0x00000000   Code   RO         4648    .ARM.Collect$$libinit$$00000032  c_w.l(libinit2.o)
    0x0800029a   0x0800029a   0x00000002   Code   RO         4649    .ARM.Collect$$libinit$$00000033  c_w.l(libinit2.o)
    0x0800029c   0x0800029c   0x00000002   Code   RO         4770    .ARM.Collect$$libshutdown$$00000000  c_w.l(libshutdown.o)
    0x0800029e   0x0800029e   0x00000000   Code   RO         4776    .ARM.Collect$$libshutdown$$00000002  c_w.l(libshutdown2.o)
    0x0800029e   0x0800029e   0x00000000   Code   RO         4778    .ARM.Collect$$libshutdown$$00000004  c_w.l(libshutdown2.o)
    0x0800029e   0x0800029e   0x00000000   Code   RO         4781    .ARM.Collect$$libshutdown$$00000007  c_w.l(libshutdown2.o)
    0x0800029e   0x0800029e   0x00000000   Code   RO         4784    .ARM.Collect$$libshutdown$$0000000A  c_w.l(libshutdown2.o)
    0x0800029e   0x0800029e   0x00000000   Code   RO         4786    .ARM.Collect$$libshutdown$$0000000C  c_w.l(libshutdown2.o)
    0x0800029e   0x0800029e   0x00000000   Code   RO         4789    .ARM.Collect$$libshutdown$$0000000F  c_w.l(libshutdown2.o)
    0x0800029e   0x0800029e   0x00000002   Code   RO         4790    .ARM.Collect$$libshutdown$$00000010  c_w.l(libshutdown2.o)
    0x080002a0   0x080002a0   0x00000000   Code   RO         4390    .ARM.Collect$$rtentry$$00000000  c_w.l(__rtentry.o)
    0x080002a0   0x080002a0   0x00000000   Code   RO         4555    .ARM.Collect$$rtentry$$00000002  c_w.l(__rtentry2.o)
    0x080002a0   0x080002a0   0x00000006   Code   RO         4567    .ARM.Collect$$rtentry$$00000004  c_w.l(__rtentry4.o)
    0x080002a6   0x080002a6   0x00000000   Code   RO         4557    .ARM.Collect$$rtentry$$00000009  c_w.l(__rtentry2.o)
    0x080002a6   0x080002a6   0x00000004   Code   RO         4558    .ARM.Collect$$rtentry$$0000000A  c_w.l(__rtentry2.o)
    0x080002aa   0x080002aa   0x00000000   Code   RO         4560    .ARM.Collect$$rtentry$$0000000C  c_w.l(__rtentry2.o)
    0x080002aa   0x080002aa   0x00000008   Code   RO         4561    .ARM.Collect$$rtentry$$0000000D  c_w.l(__rtentry2.o)
    0x080002b2   0x080002b2   0x00000002   Code   RO         4716    .ARM.Collect$$rtexit$$00000000  c_w.l(rtexit.o)
    0x080002b4   0x080002b4   0x00000000   Code   RO         4735    .ARM.Collect$$rtexit$$00000002  c_w.l(rtexit2.o)
    0x080002b4   0x080002b4   0x00000004   Code   RO         4736    .ARM.Collect$$rtexit$$00000003  c_w.l(rtexit2.o)
    0x080002b8   0x080002b8   0x00000006   Code   RO         4737    .ARM.Collect$$rtexit$$00000004  c_w.l(rtexit2.o)
    0x080002be   0x080002be   0x00000018   Code   RO            1    .text               stm32f10x_it.o
    0x080002d6   0x080002d6   0x00000002   PAD
    0x080002d8   0x080002d8   0x000001e0   Code   RO          104    .text               system_stm32f10x.o
    0x080004b8   0x080004b8   0x00000044   Code   RO          122    .text               main.o
    0x080004fc   0x080004fc   0x00000128   Code   RO          216    .text               usart.o
    0x08000624   0x08000624   0x00000040   Code   RO          253    .text               startup_stm32f10x_hd.o
    0x08000664   0x08000664   0x000000dc   Code   RO          257    .text               misc.o
    0x08000740   0x08000740   0x0000035c   Code   RO          269    .text               stm32f10x_gpio.o
    0x08000a9c   0x08000a9c   0x000003a4   Code   RO          281    .text               stm32f10x_rcc.o
    0x08000e40   0x08000e40   0x00000408   Code   RO          295    .text               stm32f10x_usart.o
    0x08001248   0x08001248   0x00000e1a   Code   RO          343    .text               stm32f10x_tim.o
    0x08002062   0x08002062   0x00000002   PAD
    0x08002064   0x08002064   0x0000060c   Code   RO          355    .text               stm32f10x_fsmc.o
    0x08002670   0x08002670   0x000000c4   Code   RO          367    .text               stm32f10x_bkp.o
    0x08002734   0x08002734   0x00000148   Code   RO          379    .text               stm32f10x_rtc.o
    0x0800287c   0x0800287c   0x000000cc   Code   RO          391    .text               stm32f10x_pwr.o
    0x08002948   0x08002948   0x0000030c   Code   RO          415    .text               stm32f10x_spi.o
    0x08002c54   0x08002c54   0x000000a4   Code   RO          451    .text               led.o
    0x08002cf8   0x08002cf8   0x000002b8   Code   RO          464    .text               lcd_driver.o
    0x08002fb0   0x08002fb0   0x00000100   Code   RO          479    .text               button.o
    0x080030b0   0x080030b0   0x0000023c   Code   RO          492    .text               tim.o
    0x080032ec   0x080032ec   0x00000460   Code   RO          511    .text               rtc.o
    0x0800374c   0x0800374c   0x00000440   Code   RO          535    .text               touch.o
    0x08003b8c   0x08003b8c   0x000001dc   Code   RO          557    .text               spi.o
    0x08003d68   0x08003d68   0x00000430   Code   RO          569    .text               gui.o
    0x08004198   0x08004198   0x0000039c   Code   RO          590    .text               flash.o
    0x08004534   0x08004534   0x00000582   Code   RO          604    .text               bitmap.o
    0x08004ab6   0x08004ab6   0x00000002   PAD
    0x08004ab8   0x08004ab8   0x00000428   Code   RO          663    .text               buffer.o
    0x08004ee0   0x08004ee0   0x000002f4   Code   RO          679    .text               button_1.o
    0x080051d4   0x080051d4   0x00002b96   Code   RO          806    .text               canvas.o
    0x08007d6a   0x08007d6a   0x00000002   PAD
    0x08007d6c   0x08007d6c   0x0000034c   Code   RO          866    .text               check_button.o
    0x080080b8   0x080080b8   0x000000dc   Code   RO          891    .text               color.o
    0x08008194   0x08008194   0x00000218   Code   RO          910    .text               dialog.o
    0x080083ac   0x080083ac   0x000002cc   Code   RO          974    .text               emitter.o
    0x08008678   0x08008678   0x00000124   Code   RO          999    .text               enums.o
    0x0800879c   0x0800879c   0x000000cc   Code   RO         1026    .text               font.o
    0x08008868   0x08008868   0x00000194   Code   RO         1042    .text               font_manager.o
    0x080089fc   0x080089fc   0x00000050   Code   RO         1069    .text               group_box.o
    0x08008a4c   0x08008a4c   0x00000214   Code   RO         1087    .text               image.o
    0x08008c60   0x08008c60   0x000002e8   Code   RO         1109    .text               image_manager.o
    0x08008f48   0x08008f48   0x0000035c   Code   RO         1139    .text               label.o
    0x080092a4   0x080092a4   0x00000434   Code   RO         1154    .text               lcd.o
    0x080096d8   0x080096d8   0x0000012c   Code   RO         1178    .text               main_loop.o
    0x08009804   0x08009804   0x000002f4   Code   RO         1195    .text               mem.o
    0x08009af8   0x08009af8   0x0000058c   Code   RO         1209    .text               progress_bar.o
    0x0800a084   0x0800a084   0x000002e0   Code   RO         1228    .text               rect.o
    0x0800a364   0x0800a364   0x00000220   Code   RO         1241    .text               theme.o
    0x0800a584   0x0800a584   0x00000304   Code   RO         1256    .text               utf8.o
    0x0800a888   0x0800a888   0x00000844   Code   RO         1271    .text               value.o
    0x0800b0cc   0x0800b0cc   0x00002ef8   Code   RO         1335    .text               widget.o
    0x0800dfc4   0x0800dfc4   0x000002e4   Code   RO         1470    .text               widget_vtable.o
    0x0800e2a8   0x0800e2a8   0x0000003c   Code   RO         1517    .text               window.o
    0x0800e2e4   0x0800e2e4   0x00000dac   Code   RO         1536    .text               window_manager.o
    0x0800f090   0x0800f090   0x00000728   Code   RO         1564    .text               wstr.o
    0x0800f7b8   0x0800f7b8   0x00000938   Code   RO         1577    .text               utils.o
    0x080100f0   0x080100f0   0x000000d6   Code   RO         1608    .text               events.o
    0x080101c6   0x080101c6   0x000000e2   Code   RO         1620    .text               timer.o
    0x080102a8   0x080102a8   0x00000190   Code   RO         1632    .text               layout.o
    0x08010438   0x08010438   0x00000150   Code   RO         1650    .text               event_queue.o
    0x08010588   0x08010588   0x00000958   Code   RO         1732    .text               slider.o
    0x08010ee0   0x08010ee0   0x0000016a   Code   RO         1751    .text               window_animator.o
    0x0801104a   0x0801104a   0x00000010   Code   RO         1763    .text               window_animator_null.o
    0x0801105a   0x0801105a   0x0000009a   Code   RO         1775    .text               idle.o
    0x080110f4   0x080110f4   0x0000004c   Code   RO         1787    .text               system_info.o
    0x08011140   0x08011140   0x00000022   Code   RO         1801    .text               image_loader.o
    0x08011162   0x08011162   0x00000002   PAD
    0x08011164   0x08011164   0x0000085e   Code   RO         1816    .text               str.o
    0x080119c2   0x080119c2   0x00000002   PAD
    0x080119c4   0x080119c4   0x000002b8   Code   RO         1832    .text               main_loop_simple.o
    0x08011c7c   0x08011c7c   0x00000208   Code   RO         1851    .text               pages.o
    0x08011e84   0x08011e84   0x00001b04   Code   RO         1870    .text               edit.o
    0x08013988   0x08013988   0x0000003c   Code   RO         1893    .text               view.o
    0x080139c4   0x080139c4   0x00000180   Code   RO         1926    .text               widget_factory.o
    0x08013b44   0x08013b44   0x00000186   Code   RO         2094    .text               tokenizer.o
    0x08013cca   0x08013cca   0x00000002   PAD
    0x08013ccc   0x08013ccc   0x00000244   Code   RO         2106    .text               input_method.o
    0x08013f10   0x08013f10   0x0000007e   Code   RO         2136    .text               input_engine.o
    0x08013f8e   0x08013f8e   0x00000002   PAD
    0x08013f90   0x08013f90   0x00000154   Code   RO         2148    .text               spin_box.o
    0x080140e4   0x080140e4   0x00000388   Code   RO         2167    .text               dragger.o
    0x0801446c   0x0801446c   0x0000007c   Code   RO         2186    .text               dialog_client.o
    0x080144e8   0x080144e8   0x0000006c   Code   RO         2201    .text               dialog_title.o
    0x08014554   0x08014554   0x00000234   Code   RO         2216    .text               custom_props.o
    0x08014788   0x08014788   0x0000032c   Code   RO         2238    .text               awtk_global.o
    0x08014ab4   0x08014ab4   0x00000068   Code   RO         2544    .text               input_method_creator.o
    0x08014b1c   0x08014b1c   0x00000050   Code   RO         2560    .text               button_group.o
    0x08014b6c   0x08014b6c   0x000002a4   Code   RO         2578    .text               color_parser.o
    0x08014e10   0x08014e10   0x000007c0   Code   RO         2596    .text               combo_box.o
    0x080155d0   0x080155d0   0x00000318   Code   RO         2622    .text               combo_box_item.o
    0x080158e8   0x080158e8   0x00000964   Code   RO         2637    .text               easing.o
    0x0801624c   0x0801624c   0x0000038c   Code   RO         2651    .text               fs.o
    0x080165d8   0x080165d8   0x00000208   Code   RO         2710    .text               popup.o
    0x080167e0   0x080167e0   0x00000480   Code   RO         2755    .text               tab_button.o
    0x08016c60   0x08016c60   0x000003d0   Code   RO         2774    .text               tab_button_group.o
    0x08017030   0x08017030   0x00000050   Code   RO         2792    .text               tab_control.o
    0x08017080   0x08017080   0x000000a2   Code   RO         2810    .text               ui_builder.o
    0x08017122   0x08017122   0x00000002   PAD
    0x08017124   0x08017124   0x00000a88   Code   RO         2825    .text               vgcanvas.o
    0x08017bac   0x08017bac   0x000003fc   Code   RO         2843    .text               widget_animator.o
    0x08017fa8   0x08017fa8   0x00000104   Code   RO         2885    .text               ui_builder_default.o
    0x080180ac   0x080180ac   0x00000030   Code   RO         2908    .text               ui_loader.o
    0x080180dc   0x080180dc   0x0000011c   Code   RO         2920    .text               ui_loader_default.o
    0x080181f8   0x080181f8   0x000000b0   Code   RO         2987    .text               window_open.o
    0x080182a8   0x080182a8   0x000002ac   Code   RO         3027    .text               color_tile.o
    0x08018554   0x08018554   0x0000024c   Code   RO         3046    .text               assets_manager.o
    0x080187a0   0x080187a0   0x00000250   Code   RO         3070    .text               locale_info.o
    0x080189f0   0x080189f0   0x00000344   Code   RO         3130    .text               path.o
    0x08018d34   0x08018d34   0x0000003c   Code   RO         3142    .text               app_bar.o
    0x08018d70   0x08018d70   0x0000003c   Code   RO         3160    .text               column.o
    0x08018dac   0x08018dac   0x0000003c   Code   RO         3178    .text               grid.o
    0x08018de8   0x08018de8   0x0000003c   Code   RO         3196    .text               row.o
    0x08018e24   0x08018e24   0x000002b4   Code   RO         3214    .text               calibration_win.o
    0x080190d8   0x080190d8   0x00000190   Code   RO         3232    .text               font_loader_bitmap.o
    0x08019268   0x08019268   0x0000002c   Code   RO         3246    .text               font_loader.o
    0x08019294   0x08019294   0x00000572   Code   RO         3258    .text               window_base.o
    0x08019806   0x08019806   0x00000006   Code   RO         3270    .text               widget_animator_factory_null.o
    0x0801980c   0x0801980c   0x00000018   Code   RO         3285    .text               time_now.o
    0x08019824   0x08019824   0x000000d4   Code   RO         3297    .text               style.o
    0x080198f8   0x080198f8   0x000001e0   Code   RO         3312    .text               style_const.o
    0x08019ad8   0x08019ad8   0x00000034   Code   RO         3326    .text               style_factory.o
    0x08019b0c   0x08019b0c   0x00000340   Code   RO         3343    .text               widget_animator_manager.o
    0x08019e4c   0x08019e4c   0x000000a0   Code   RO         3358    .text               clip_board_default.o
    0x08019eec   0x08019eec   0x00000104   Code   RO         3375    .text               clip_board.o
    0x08019ff0   0x08019ff0   0x000005e8   Code   RO         3392    .text               image_base.o
    0x0801a5d8   0x0801a5d8   0x0000003c   Code   RO         3404    .text               grid_item.o
    0x0801a614   0x0801a614   0x0000031c   Code   RO         3422    .text               input_device_status.o
    0x0801a930   0x0801a930   0x00000150   Code   RO         3436    .text               system_bar.o
    0x0801aa80   0x0801aa80   0x00000860   Code   RO         3455    .text               children_layouter_default.o
    0x0801b2e0   0x0801b2e0   0x00000150   Code   RO         3476    .text               children_layouter_factory.o
    0x0801b430   0x0801b430   0x000005a8   Code   RO         3500    .text               self_layouter_default.o
    0x0801b9d8   0x0801b9d8   0x000000ac   Code   RO         3518    .text               self_layouter_factory.o
    0x0801ba84   0x0801ba84   0x00000158   Code   RO         3539    .text               children_layouter.o
    0x0801bbdc   0x0801bbdc   0x0000013c   Code   RO         3551    .text               self_layouter.o
    0x0801bd18   0x0801bd18   0x000000c4   Code   RO         3581    .text               func_call_parser.o
    0x0801bddc   0x0801bddc   0x00000084   Code   RO         3596    .text               event.o
    0x0801be60   0x0801be60   0x000000e8   Code   RO         3612    .text               named_value.o
    0x0801bf48   0x0801bf48   0x000002b4   Code   RO         3628    .text               object.o
    0x0801c1fc   0x0801c1fc   0x000003d4   Code   RO         3692    .text               object_default.o
    0x0801c5d0   0x0801c5d0   0x0000008c   Code   RO         3764    .text               timer_info.o
    0x0801c65c   0x0801c65c   0x00000264   Code   RO         3779    .text               timer_manager.o
    0x0801c8c0   0x0801c8c0   0x000001b8   Code   RO         3794    .text               idle_manager.o
    0x0801ca78   0x0801ca78   0x00000080   Code   RO         3809    .text               idle_info.o
    0x0801caf8   0x0801caf8   0x00000250   Code   RO         3824    .text               slist.o
    0x0801cd48   0x0801cd48   0x000002d8   Code   RO         3840    .text               widget_pool.o
    0x0801d020   0x0801d020   0x00000310   Code   RO         3855    .text               darray.o
    0x0801d330   0x0801d330   0x000006ac   Code   RO         3868    .text               lcd_stm32_raw.o
    0x0801d9dc   0x0801d9dc   0x000000d8   Code   RO         3898    .text               main_loop_stm32_raw.o
    0x0801dab4   0x0801dab4   0x00000064   Code   RO         4028    .text               platform.o
    0x0801db18   0x0801db18   0x0000001c   Code   RO         4042    .text               mutex_null.o
    0x0801db34   0x0801db34   0x0000004c   Code   RO         4059    .text               sys_tick.o
    0x0801db80   0x0801db80   0x00000004   Code   RO         4073    .text               fs_os.o
    0x0801db84   0x0801db84   0x00000026   Code   RO         4085    .text               demo_main.o
    0x0801dbaa   0x0801dbaa   0x00000002   PAD
    0x0801dbac   0x0801dbac   0x00000598   Code   RO         4130    .text               demo1_app.o
    0x0801e144   0x0801e144   0x0000019c   Code   RO         4148    .text               assets-mini.o
    0x0801e2e0   0x0801e2e0   0x00000002   Code   RO         4198    .text               c_w.l(use_no_semi_2.o)
    0x0801e2e2   0x0801e2e2   0x00000002   PAD
    0x0801e2e4   0x0801e2e4   0x00000010   Code   RO         4200    .text               c_w.l(rt_ctype_table.o)
    0x0801e2f4   0x0801e2f4   0x0000001a   Code   RO         4202    .text               c_w.l(tolower.o)
    0x0801e30e   0x0801e30e   0x0000001e   Code   RO         4204    .text               c_w.l(toupper.o)
    0x0801e32c   0x0801e32c   0x00000034   Code   RO         4206    .text               c_w.l(vsnprintf.o)
    0x0801e360   0x0801e360   0x00000018   Code   RO         4208    .text               c_w.l(__2printf.o)
    0x0801e378   0x0801e378   0x00000078   Code   RO         4214    .text               c_w.l(_printf_dec.o)
    0x0801e3f0   0x0801e3f0   0x00000188   Code   RO         4233    .text               c_w.l(__printf_flags_ss_wp.o)
    0x0801e578   0x0801e578   0x00000034   Code   RO         4238    .text               c_w.l(vsscanf.o)
    0x0801e5ac   0x0801e5ac   0x00000050   Code   RO         4240    .text               c_w.l(bsearchnoex.o)
    0x0801e5fc   0x0801e5fc   0x00000014   Code   RO         4242    .text               c_w.l(strchr.o)
    0x0801e610   0x0801e610   0x00000024   Code   RO         4244    .text               c_w.l(strstr.o)
    0x0801e634   0x0801e634   0x00000048   Code   RO         4246    .text               c_w.l(strcpy.o)
    0x0801e67c   0x0801e67c   0x00000016   Code   RO         4248    .text               c_w.l(strrchr.o)
    0x0801e692   0x0801e692   0x0000003e   Code   RO         4250    .text               c_w.l(strlen.o)
    0x0801e6d0   0x0801e6d0   0x00000012   Code   RO         4252    .text               c_w.l(wcscpy.o)
    0x0801e6e2   0x0801e6e2   0x00000018   Code   RO         4254    .text               c_w.l(wcscmp.o)
    0x0801e6fa   0x0801e6fa   0x00000016   Code   RO         4256    .text               c_w.l(wcschr.o)
    0x0801e710   0x0801e710   0x00000012   Code   RO         4258    .text               c_w.l(wcslen.o)
    0x0801e722   0x0801e722   0x00000096   Code   RO         4260    .text               c_w.l(strncmp.o)
    0x0801e7b8   0x0801e7b8   0x0000008a   Code   RO         4262    .text               c_w.l(rt_memcpy_v6.o)
    0x0801e842   0x0801e842   0x00000084   Code   RO         4264    .text               c_w.l(rt_memmove_v6.o)
    0x0801e8c6   0x0801e8c6   0x00000064   Code   RO         4266    .text               c_w.l(rt_memcpy_w.o)
    0x0801e92a   0x0801e92a   0x00000044   Code   RO         4268    .text               c_w.l(rt_memclr.o)
    0x0801e96e   0x0801e96e   0x0000004e   Code   RO         4270    .text               c_w.l(rt_memclr_w.o)
    0x0801e9bc   0x0801e9bc   0x00000056   Code   RO         4272    .text               c_w.l(strncpy.o)
    0x0801ea12   0x0801ea12   0x00000002   PAD
    0x0801ea14   0x0801ea14   0x00000080   Code   RO         4274    .text               c_w.l(strcmpv7m.o)
    0x0801ea94   0x0801ea94   0x00000006   Code   RO         4276    .text               c_w.l(heapauxi.o)
    0x0801ea9a   0x0801ea9a   0x00000002   Code   RO         4388    .text               c_w.l(use_no_semi.o)
    0x0801ea9c   0x0801ea9c   0x00000008   Code   RO         4394    .text               c_w.l(rt_locale_intlibspace.o)
    0x0801eaa4   0x0801eaa4   0x00000016   Code   RO         4396    .text               c_w.l(_rserrno.o)
    0x0801eaba   0x0801eaba   0x0000004e   Code   RO         4398    .text               c_w.l(_printf_pad.o)
    0x0801eb08   0x0801eb08   0x00000024   Code   RO         4400    .text               c_w.l(_printf_truncate.o)
    0x0801eb2c   0x0801eb2c   0x00000052   Code   RO         4402    .text               c_w.l(_printf_str.o)
    0x0801eb7e   0x0801eb7e   0x000000b2   Code   RO         4404    .text               c_w.l(_printf_intcommon.o)
    0x0801ec30   0x0801ec30   0x00000028   Code   RO         4406    .text               c_w.l(_printf_charcount.o)
    0x0801ec58   0x0801ec58   0x00000030   Code   RO         4408    .text               c_w.l(_printf_char_common.o)
    0x0801ec88   0x0801ec88   0x0000000a   Code   RO         4410    .text               c_w.l(_sputc.o)
    0x0801ec92   0x0801ec92   0x00000010   Code   RO         4412    .text               c_w.l(_snputc.o)
    0x0801eca2   0x0801eca2   0x00000002   PAD
    0x0801eca4   0x0801eca4   0x00000024   Code   RO         4414    .text               c_w.l(_printf_char_file.o)
    0x0801ecc8   0x0801ecc8   0x000000bc   Code   RO         4416    .text               c_w.l(_printf_wctomb.o)
    0x0801ed84   0x0801ed84   0x0000007c   Code   RO         4419    .text               c_w.l(_printf_longlong_dec.o)
    0x0801ee00   0x0801ee00   0x00000070   Code   RO         4425    .text               c_w.l(_printf_oct_int_ll.o)
    0x0801ee70   0x0801ee70   0x00000094   Code   RO         4445    .text               c_w.l(_printf_hex_int_ll_ptr.o)
    0x0801ef04   0x0801ef04   0x00000156   Code   RO         4470    .text               c_w.l(_scanf_longlong.o)
    0x0801f05a   0x0801f05a   0x0000014c   Code   RO         4472    .text               c_w.l(_scanf_int.o)
    0x0801f1a6   0x0801f1a6   0x000000e0   Code   RO         4474    .text               c_w.l(_scanf_str.o)
    0x0801f286   0x0801f286   0x00000002   PAD
    0x0801f288   0x0801f288   0x0000002c   Code   RO         4476    .text               c_w.l(scanf_char.o)
    0x0801f2b4   0x0801f2b4   0x00000040   Code   RO         4478    .text               c_w.l(_sgetc.o)
    0x0801f2f4   0x0801f2f4   0x00000114   Code   RO         4480    .text               c_w.l(_scanf_mbtowc.o)
    0x0801f408   0x0801f408   0x000000e8   Code   RO         4482    .text               c_w.l(_scanf_wctomb.o)
    0x0801f4f0   0x0801f4f0   0x000000d0   Code   RO         4484    .text               c_w.l(_scanf_wstr.o)
    0x0801f5c0   0x0801f5c0   0x0000007a   Code   RO         4489    .text               c_w.l(rt_memmove_w.o)
    0x0801f63a   0x0801f63a   0x00000002   PAD
    0x0801f63c   0x0801f63c   0x00000008   Code   RO         4551    .text               c_w.l(libspace.o)
    0x0801f644   0x0801f644   0x00000008   Code   RO         4572    .text               c_w.l(rt_errno_addr_intlibspace.o)
    0x0801f64c   0x0801f64c   0x0000008a   Code   RO         4574    .text               c_w.l(lludiv10.o)
    0x0801f6d6   0x0801f6d6   0x00000012   Code   RO         4576    .text               c_w.l(isspace.o)
    0x0801f6e8   0x0801f6e8   0x0000041e   Code   RO         4578    .text               c_w.l(_printf_fp_dec.o)
    0x0801fb06   0x0801fb06   0x00000002   PAD
    0x0801fb08   0x0801fb08   0x000002fc   Code   RO         4580    .text               c_w.l(_printf_fp_hex.o)
    0x0801fe04   0x0801fe04   0x0000002c   Code   RO         4585    .text               c_w.l(_printf_char.o)
    0x0801fe30   0x0801fe30   0x0000002c   Code   RO         4587    .text               c_w.l(_printf_wchar.o)
    0x0801fe5c   0x0801fe5c   0x0000001c   Code   RO         4589    .text               c_w.l(_chval.o)
    0x0801fe78   0x0801fe78   0x00000374   Code   RO         4591    .text               c_w.l(_scanf.o)
    0x080201ec   0x080201ec   0x000004f8   Code   RO         4593    .text               c_w.l(scanf_fp.o)
    0x080206e4   0x080206e4   0x0000001e   Code   RO         4595    .text               c_w.l(_scanf_wcharmap.o)
    0x08020702   0x08020702   0x00000008   Code   RO         4597    .text               c_w.l(ferror.o)
    0x0802070a   0x0802070a   0x0000003c   Code   RO         4601    .text               c_w.l(_mbrtowc.o)
    0x08020746   0x08020746   0x00000040   Code   RO         4603    .text               c_w.l(_wcrtomb.o)
    0x08020786   0x08020786   0x0000004a   Code   RO         4652    .text               c_w.l(sys_stackheap_outer.o)
    0x080207d0   0x080207d0   0x00000080   Code   RO         4654    .text               c_w.l(_printf_fp_infnan.o)
    0x08020850   0x08020850   0x000000e4   Code   RO         4656    .text               c_w.l(bigflt0.o)
    0x08020934   0x08020934   0x00000012   Code   RO         4684    .text               c_w.l(exit.o)
    0x08020946   0x08020946   0x00000002   PAD
    0x08020948   0x08020948   0x00000320   Code   RO         4718    .text               c_w.l(scanf_hexfp.o)
    0x08020c68   0x08020c68   0x00000134   Code   RO         4720    .text               c_w.l(scanf_infnan.o)
    0x08020d9c   0x08020d9c   0x00000026   Code   RO         4743    .text               c_w.l(llshl.o)
    0x08020dc2   0x08020dc2   0x0000003e   Code   RO         4659    CL$$btod_d2e        c_w.l(btod.o)
    0x08020e00   0x08020e00   0x00000046   Code   RO         4661    CL$$btod_d2e_denorm_low  c_w.l(btod.o)
    0x08020e46   0x08020e46   0x00000060   Code   RO         4660    CL$$btod_d2e_norm_op1  c_w.l(btod.o)
    0x08020ea6   0x08020ea6   0x00000338   Code   RO         4669    CL$$btod_div_common  c_w.l(btod.o)
    0x080211de   0x080211de   0x00000002   PAD
    0x080211e0   0x080211e0   0x00000084   Code   RO         4667    CL$$btod_e2d        c_w.l(btod.o)
    0x08021264   0x08021264   0x000000dc   Code   RO         4666    CL$$btod_e2e        c_w.l(btod.o)
    0x08021340   0x08021340   0x0000002a   Code   RO         4663    CL$$btod_ediv       c_w.l(btod.o)
    0x0802136a   0x0802136a   0x0000002a   Code   RO         4665    CL$$btod_edivd      c_w.l(btod.o)
    0x08021394   0x08021394   0x0000002a   Code   RO         4662    CL$$btod_emul       c_w.l(btod.o)
    0x080213be   0x080213be   0x0000002a   Code   RO         4664    CL$$btod_emuld      c_w.l(btod.o)
    0x080213e8   0x080213e8   0x00000244   Code   RO         4668    CL$$btod_mult_common  c_w.l(btod.o)
    0x0802162c   0x0802162c   0x00000028   Code   RO         4535    i.__ARM_fpclassify  m_ws.l(fpclassify.o)
    0x08021654   0x08021654   0x00000388   Code   RO         4540    i.__ieee754_rem_pio2  m_ws.l(rred.o)
    0x080219dc   0x080219dc   0x000000fc   Code   RO         4518    i.__kernel_cos      m_ws.l(cos_i.o)
    0x08021ad8   0x08021ad8   0x000000aa   Code   RO         4537    i.__kernel_poly     m_ws.l(poly.o)
    0x08021b82   0x08021b82   0x00000002   PAD
    0x08021b84   0x08021b84   0x000000ec   Code   RO         4545    i.__kernel_sin      m_ws.l(sin_i.o)
    0x08021c70   0x08021c70   0x00000010   Code   RO         4521    i.__mathlib_dbl_divzero  m_ws.l(dunder.o)
    0x08021c80   0x08021c80   0x00000006   Code   RO         4522    i.__mathlib_dbl_infnan  m_ws.l(dunder.o)
    0x08021c86   0x08021c86   0x00000004   Code   RO         4523    i.__mathlib_dbl_infnan2  m_ws.l(dunder.o)
    0x08021c8a   0x08021c8a   0x0000000c   Code   RO         4524    i.__mathlib_dbl_invalid  m_ws.l(dunder.o)
    0x08021c96   0x08021c96   0x0000000e   Code   RO         4525    i.__mathlib_dbl_overflow  m_ws.l(dunder.o)
    0x08021ca4   0x08021ca4   0x00000010   Code   RO         4527    i.__mathlib_dbl_underflow  m_ws.l(dunder.o)
    0x08021cb4   0x08021cb4   0x00000010   Code   RO         4710    i.__mathlib_narrow  m_ws.l(narrow.o)
    0x08021cc4   0x08021cc4   0x000000bc   Code   RO         4711    i.__mathlib_tofloat  m_ws.l(narrow.o)
    0x08021d80   0x08021d80   0x00000016   Code   RO         4750    i.__support_ldexp   m_ws.l(ldexp.o)
    0x08021d96   0x08021d96   0x0000000e   Code   RO         4226    i._is_digit         c_w.l(__printf_wp.o)
    0x08021da4   0x08021da4   0x0000009c   Code   RO         4351    i.cos               m_ws.l(cos.o)
    0x08021e40   0x08021e40   0x000000dc   Code   RO         4359    i.floor             m_ws.l(floor.o)
    0x08021f1c   0x08021f1c   0x00000058   Code   RO         4729    i.frexp             m_ws.l(frexp.o)
    0x08021f74   0x08021f74   0x00000074   Code   RO         4751    i.ldexp             m_ws.l(ldexp.o)
    0x08021fe8   0x08021fe8   0x000009d8   Code   RO         4363    i.pow               m_ws.l(pow.o)
    0x080229c0   0x080229c0   0x000000a0   Code   RO         4373    i.sin               m_ws.l(sin.o)
    0x08022a60   0x08022a60   0x0000004c   Code   RO         4381    i.sqrt              m_ws.l(sqrt.o)
    0x08022aac   0x08022aac   0x0000002c   Code   RO         4487    locale$$code        c_w.l(lc_ctype_c.o)
    0x08022ad8   0x08022ad8   0x0000002c   Code   RO         4682    locale$$code        c_w.l(lc_numeric_c.o)
    0x08022b04   0x08022b04   0x00000062   Code   RO         4280    x$fpl$d2f           fz_ws.l(d2f.o)
    0x08022b66   0x08022b66   0x00000002   PAD
    0x08022b68   0x08022b68   0x00000150   Code   RO         4282    x$fpl$dadd          fz_ws.l(daddsub_clz.o)
    0x08022cb8   0x08022cb8   0x00000010   Code   RO         4650    x$fpl$dcheck1       fz_ws.l(dcheck1.o)
    0x08022cc8   0x08022cc8   0x00000018   Code   RO         4491    x$fpl$dcmpinf       fz_ws.l(dcmpi.o)
    0x08022ce0   0x08022ce0   0x000002b0   Code   RO         4289    x$fpl$ddiv          fz_ws.l(ddiv.o)
    0x08022f90   0x08022f90   0x00000078   Code   RO         4292    x$fpl$deqf          fz_ws.l(deqf.o)
    0x08023008   0x08023008   0x0000005e   Code   RO         4294    x$fpl$dfix          fz_ws.l(dfix.o)
    0x08023066   0x08023066   0x00000002   PAD
    0x08023068   0x08023068   0x0000005a   Code   RO         4298    x$fpl$dfixu         fz_ws.l(dfixu.o)
    0x080230c2   0x080230c2   0x0000002e   Code   RO         4303    x$fpl$dflt          fz_ws.l(dflt_clz.o)
    0x080230f0   0x080230f0   0x00000026   Code   RO         4302    x$fpl$dfltu         fz_ws.l(dflt_clz.o)
    0x08023116   0x08023116   0x00000002   PAD
    0x08023118   0x08023118   0x00000078   Code   RO         4308    x$fpl$dleqf         fz_ws.l(dleqf.o)
    0x08023190   0x08023190   0x00000154   Code   RO         4310    x$fpl$dmul          fz_ws.l(dmul.o)
    0x080232e4   0x080232e4   0x0000009c   Code   RO         4493    x$fpl$dnaninf       fz_ws.l(dnaninf.o)
    0x08023380   0x08023380   0x0000000c   Code   RO         4495    x$fpl$dretinf       fz_ws.l(dretinf.o)
    0x0802338c   0x0802338c   0x0000006c   Code   RO         4312    x$fpl$drleqf        fz_ws.l(drleqf.o)
    0x080233f8   0x080233f8   0x00000016   Code   RO         4283    x$fpl$drsb          fz_ws.l(daddsub_clz.o)
    0x0802340e   0x0802340e   0x00000002   PAD
    0x08023410   0x08023410   0x000001cc   Code   RO         4497    x$fpl$dsqrt         fz_ws.l(dsqrt_noumaal.o)
    0x080235dc   0x080235dc   0x000001d4   Code   RO         4284    x$fpl$dsub          fz_ws.l(daddsub_clz.o)
    0x080237b0   0x080237b0   0x00000056   Code   RO         4314    x$fpl$f2d           fz_ws.l(f2d.o)
    0x08023806   0x08023806   0x00000002   PAD
    0x08023808   0x08023808   0x000000c4   Code   RO         4316    x$fpl$fadd          fz_ws.l(faddsub_clz.o)
    0x080238cc   0x080238cc   0x00000018   Code   RO         4499    x$fpl$fcmpinf       fz_ws.l(fcmpi.o)
    0x080238e4   0x080238e4   0x00000184   Code   RO         4323    x$fpl$fdiv          fz_ws.l(fdiv.o)
    0x08023a68   0x08023a68   0x00000068   Code   RO         4326    x$fpl$feqf          fz_ws.l(feqf.o)
    0x08023ad0   0x08023ad0   0x00000036   Code   RO         4328    x$fpl$ffix          fz_ws.l(ffix.o)
    0x08023b06   0x08023b06   0x00000002   PAD
    0x08023b08   0x08023b08   0x0000003e   Code   RO         4332    x$fpl$ffixu         fz_ws.l(ffixu.o)
    0x08023b46   0x08023b46   0x00000002   PAD
    0x08023b48   0x08023b48   0x00000030   Code   RO         4337    x$fpl$fflt          fz_ws.l(fflt_clz.o)
    0x08023b78   0x08023b78   0x00000060   Code   RO         4342    x$fpl$ffltll        fz_ws.l(ffltll_clz.o)
    0x08023bd8   0x08023bd8   0x00000026   Code   RO         4336    x$fpl$ffltu         fz_ws.l(fflt_clz.o)
    0x08023bfe   0x08023bfe   0x00000002   PAD
    0x08023c00   0x08023c00   0x00000068   Code   RO         4344    x$fpl$fleqf         fz_ws.l(fleqf.o)
    0x08023c68   0x08023c68   0x00000102   Code   RO         4346    x$fpl$fmul          fz_ws.l(fmul.o)
    0x08023d6a   0x08023d6a   0x0000008c   Code   RO         4501    x$fpl$fnaninf       fz_ws.l(fnaninf.o)
    0x08023df6   0x08023df6   0x0000000a   Code   RO         4503    x$fpl$fretinf       fz_ws.l(fretinf.o)
    0x08023e00   0x08023e00   0x00000062   Code   RO         4348    x$fpl$frleqf        fz_ws.l(frleqf.o)
    0x08023e62   0x08023e62   0x00000014   Code   RO         4317    x$fpl$frsb          fz_ws.l(faddsub_clz.o)
    0x08023e76   0x08023e76   0x00000002   PAD
    0x08023e78   0x08023e78   0x000000ea   Code   RO         4318    x$fpl$fsub          fz_ws.l(faddsub_clz.o)
    0x08023f62   0x08023f62   0x00000006   Code   RO         4700    x$fpl$ieeestatus    fz_ws.l(istatus.o)
    0x08023f68   0x08023f68   0x00000004   Code   RO         4505    x$fpl$printf1       fz_ws.l(printf1.o)
    0x08023f6c   0x08023f6c   0x00000004   Code   RO         4507    x$fpl$printf2       fz_ws.l(printf2.o)
    0x08023f70   0x08023f70   0x00000064   Code   RO         4702    x$fpl$retnan        fz_ws.l(retnan.o)
    0x08023fd4   0x08023fd4   0x0000005c   Code   RO         4513    x$fpl$scalbn        fz_ws.l(scalbn.o)
    0x08024030   0x08024030   0x00000004   Code   RO         4515    x$fpl$scanf1        fz_ws.l(scanf1.o)
    0x08024034   0x08024034   0x00000008   Code   RO         4704    x$fpl$scanf2        fz_ws.l(scanf2.o)
    0x0802403c   0x0802403c   0x00000030   Code   RO         4726    x$fpl$trapveneer    fz_ws.l(trapv.o)
    0x0802406c   0x0802406c   0x00000000   Code   RO         4517    x$fpl$usenofp       fz_ws.l(usenofp.o)
    0x0802406c   0x0802406c   0x00000018   Data   RO          513    .constdata          rtc.o
    0x08024084   0x08024084   0x00000948   Data   RO          570    .constdata          gui.o
    0x080249cc   0x080249cc   0x00000044   Data   RO          605    .constdata          bitmap.o
    0x08024a10   0x08024a10   0x00000018   Data   RO          664    .constdata          buffer.o
    0x08024a28   0x08024a28   0x0000006c   Data   RO          680    .constdata          button_1.o
    0x08024a94   0x08024a94   0x000000d8   Data   RO          867    .constdata          check_button.o
    0x08024b6c   0x08024b6c   0x0000000d   Data   RO          892    .constdata          color.o
    0x08024b79   0x08024b79   0x00000003   PAD
    0x08024b7c   0x08024b7c   0x0000006c   Data   RO          911    .constdata          dialog.o
    0x08024be8   0x08024be8   0x0000001a   Data   RO          975    .constdata          emitter.o
    0x08024c02   0x08024c02   0x00000002   PAD
    0x08024c04   0x08024c04   0x00000318   Data   RO         1000    .constdata          enums.o
    0x08024f1c   0x08024f1c   0x0000000d   Data   RO         1027    .constdata          font.o
    0x08024f29   0x08024f29   0x00000014   Data   RO         1043    .constdata          font_manager.o
    0x08024f3d   0x08024f3d   0x00000003   PAD
    0x08024f40   0x08024f40   0x0000006c   Data   RO         1070    .constdata          group_box.o
    0x08024fac   0x08024fac   0x0000006c   Data   RO         1088    .constdata          image.o
    0x08025018   0x08025018   0x00000027   Data   RO         1110    .constdata          image_manager.o
    0x0802503f   0x0802503f   0x00000001   PAD
    0x08025040   0x08025040   0x0000006c   Data   RO         1140    .constdata          label.o
    0x080250ac   0x080250ac   0x0000006c   Data   RO         1210    .constdata          progress_bar.o
    0x08025118   0x08025118   0x0000000c   Data   RO         1229    .constdata          rect.o
    0x08025124   0x08025124   0x0000000d   Data   RO         1242    .constdata          theme.o
    0x08025131   0x08025131   0x00000003   PAD
    0x08025134   0x08025134   0x00000104   Data   RO         1257    .constdata          utf8.o
    0x08025238   0x08025238   0x0000000d   Data   RO         1272    .constdata          value.o
    0x08025245   0x08025245   0x00000003   PAD
    0x08025248   0x08025248   0x0000006c   Data   RO         1471    .constdata          widget_vtable.o
    0x080252b4   0x080252b4   0x0000006c   Data   RO         1518    .constdata          window.o
    0x08025320   0x08025320   0x00000082   Data   RO         1537    .constdata          window_manager.o
    0x080253a2   0x080253a2   0x00000014   Data   RO         1565    .constdata          wstr.o
    0x080253b6   0x080253b6   0x00000022   Data   RO         1578    .constdata          utils.o
    0x080253d8   0x080253d8   0x00000013   Data   RO         1651    .constdata          event_queue.o
    0x080253eb   0x080253eb   0x00000001   PAD
    0x080253ec   0x080253ec   0x0000006c   Data   RO         1733    .constdata          slider.o
    0x08025458   0x08025458   0x00000017   Data   RO         1817    .constdata          str.o
    0x0802546f   0x0802546f   0x00000001   PAD
    0x08025470   0x08025470   0x0000006c   Data   RO         1852    .constdata          pages.o
    0x080254dc   0x080254dc   0x0000006c   Data   RO         1871    .constdata          edit.o
    0x08025548   0x08025548   0x0000006c   Data   RO         1894    .constdata          view.o
    0x080255b4   0x080255b4   0x000004ae   Data   RO         1927    .constdata          widget_factory.o
    0x08025a62   0x08025a62   0x00000002   PAD
    0x08025a64   0x08025a64   0x0000006c   Data   RO         2149    .constdata          spin_box.o
    0x08025ad0   0x08025ad0   0x0000006c   Data   RO         2168    .constdata          dragger.o
    0x08025b3c   0x08025b3c   0x0000006c   Data   RO         2187    .constdata          dialog_client.o
    0x08025ba8   0x08025ba8   0x0000006c   Data   RO         2202    .constdata          dialog_title.o
    0x08025c14   0x08025c14   0x00000028   Data   RO         2217    .constdata          custom_props.o
    0x08025c3c   0x08025c3c   0x00000019   Data   RO         2545    .constdata          input_method_creator.o
    0x08025c55   0x08025c55   0x00000003   PAD
    0x08025c58   0x08025c58   0x0000006c   Data   RO         2561    .constdata          button_group.o
    0x08025cc4   0x08025cc4   0x00000084   Data   RO         2597    .constdata          combo_box.o
    0x08025d48   0x08025d48   0x0000006c   Data   RO         2623    .constdata          combo_box_item.o
    0x08025db4   0x08025db4   0x00000060   Data   RO         2638    .constdata          easing.o
    0x08025e14   0x08025e14   0x0000000a   Data   RO         2652    .constdata          fs.o
    0x08025e1e   0x08025e1e   0x00000002   PAD
    0x08025e20   0x08025e20   0x0000006c   Data   RO         2711    .constdata          popup.o
    0x08025e8c   0x08025e8c   0x0000006c   Data   RO         2756    .constdata          tab_button.o
    0x08025ef8   0x08025ef8   0x0000006c   Data   RO         2775    .constdata          tab_button_group.o
    0x08025f64   0x08025f64   0x0000006c   Data   RO         2793    .constdata          tab_control.o
    0x08025fd0   0x08025fd0   0x00000004   Data   RO         2921    .constdata          ui_loader_default.o
    0x08025fd4   0x08025fd4   0x0000006c   Data   RO         3028    .constdata          color_tile.o
    0x08026040   0x08026040   0x00000016   Data   RO         3047    .constdata          assets_manager.o
    0x08026056   0x08026056   0x00000013   Data   RO         3071    .constdata          locale_info.o
    0x08026069   0x08026069   0x00000003   PAD
    0x0802606c   0x0802606c   0x0000006c   Data   RO         3143    .constdata          app_bar.o
    0x080260d8   0x080260d8   0x0000006c   Data   RO         3161    .constdata          column.o
    0x08026144   0x08026144   0x0000006c   Data   RO         3179    .constdata          grid.o
    0x080261b0   0x080261b0   0x0000006c   Data   RO         3197    .constdata          row.o
    0x0802621c   0x0802621c   0x0000006c   Data   RO         3215    .constdata          calibration_win.o
    0x08026288   0x08026288   0x00000013   Data   RO         3233    .constdata          font_loader_bitmap.o
    0x0802629b   0x0802629b   0x00000001   PAD
    0x0802629c   0x0802629c   0x0000002b   Data   RO         3313    .constdata          style_const.o
    0x080262c7   0x080262c7   0x0000001f   Data   RO         3344    .constdata          widget_animator_manager.o
    0x080262e6   0x080262e6   0x00000002   PAD
    0x080262e8   0x080262e8   0x0000002a   Data   RO         3359    .constdata          clip_board_default.o
    0x08026312   0x08026312   0x00000002   PAD
    0x08026314   0x08026314   0x0000006c   Data   RO         3405    .constdata          grid_item.o
    0x08026380   0x08026380   0x00000026   Data   RO         3423    .constdata          input_device_status.o
    0x080263a6   0x080263a6   0x00000002   PAD
    0x080263a8   0x080263a8   0x0000006c   Data   RO         3437    .constdata          system_bar.o
    0x08026414   0x08026414   0x00000064   Data   RO         3456    .constdata          children_layouter_default.o
    0x08026478   0x08026478   0x00000035   Data   RO         3501    .constdata          self_layouter_default.o
    0x080264ad   0x080264ad   0x0000000d   Data   RO         3597    .constdata          event.o
    0x080264ba   0x080264ba   0x00000013   Data   RO         3613    .constdata          named_value.o
    0x080264cd   0x080264cd   0x0000000e   Data   RO         3629    .constdata          object.o
    0x080264db   0x080264db   0x00000001   PAD
    0x080264dc   0x080264dc   0x00000050   Data   RO         3693    .constdata          object_default.o
    0x0802652c   0x0802652c   0x00000024   Data   RO         3765    .constdata          timer_info.o
    0x08026550   0x08026550   0x00000015   Data   RO         3780    .constdata          timer_manager.o
    0x08026565   0x08026565   0x00000014   Data   RO         3795    .constdata          idle_manager.o
    0x08026579   0x08026579   0x00000003   PAD
    0x0802657c   0x0802657c   0x00000024   Data   RO         3810    .constdata          idle_info.o
    0x080265a0   0x080265a0   0x0000001f   Data   RO         3825    .constdata          slist.o
    0x080265bf   0x080265bf   0x00000032   Data   RO         3841    .constdata          widget_pool.o
    0x080265f1   0x080265f1   0x00000028   Data   RO         3856    .constdata          darray.o
    0x08026619   0x08026619   0x0000000f   Data   RO         3869    .constdata          lcd_stm32_raw.o
    0x08026628   0x08026628   0x00025865   Data   RO         4149    .constdata          assets-mini.o
    0x0804be8d   0x0804be8d   0x00000011   Data   RO         4234    .constdata          c_w.l(__printf_flags_ss_wp.o)
    0x0804be9e   0x0804be9e   0x00000002   PAD
    0x0804bea0   0x0804bea0   0x00000088   Data   RO         4364    .constdata          m_ws.l(pow.o)
    0x0804bf28   0x0804bf28   0x00000008   Data   RO         4417    .constdata          c_w.l(_printf_wctomb.o)
    0x0804bf30   0x0804bf30   0x00000028   Data   RO         4446    .constdata          c_w.l(_printf_hex_int_ll_ptr.o)
    0x0804bf58   0x0804bf58   0x00000030   Data   RO         4519    .constdata          m_ws.l(cos_i.o)
    0x0804bf88   0x0804bf88   0x00000008   Data   RO         4539    .constdata          m_ws.l(qnan.o)
    0x0804bf90   0x0804bf90   0x000000c8   Data   RO         4542    .constdata          m_ws.l(rred.o)
    0x0804c058   0x0804c058   0x00000028   Data   RO         4546    .constdata          m_ws.l(sin_i.o)
    0x0804c080   0x0804c080   0x00000026   Data   RO         4581    .constdata          c_w.l(_printf_fp_hex.o)
    0x0804c0a6   0x0804c0a6   0x00000002   PAD
    0x0804c0a8   0x0804c0a8   0x00000094   Data   RO         4657    .constdata          c_w.l(bigflt0.o)
    0x0804c13c   0x0804c13c   0x0000000f   Data   RO          681    .conststring        button_1.o
    0x0804c14b   0x0804c14b   0x00000001   PAD
    0x0804c14c   0x0804c14c   0x00000025   Data   RO          868    .conststring        check_button.o
    0x0804c171   0x0804c171   0x00000003   PAD
    0x0804c174   0x0804c174   0x00000043   Data   RO          912    .conststring        dialog.o
    0x0804c1b7   0x0804c1b7   0x00000001   PAD
    0x0804c1b8   0x0804c1b8   0x00000279   Data   RO         1001    .conststring        enums.o
    0x0804c431   0x0804c431   0x00000003   PAD
    0x0804c434   0x0804c434   0x0000000a   Data   RO         1071    .conststring        group_box.o
    0x0804c43e   0x0804c43e   0x00000002   PAD
    0x0804c440   0x0804c440   0x00000055   Data   RO         1089    .conststring        image.o
    0x0804c495   0x0804c495   0x00000003   PAD
    0x0804c498   0x0804c498   0x00000006   Data   RO         1141    .conststring        label.o
    0x0804c49e   0x0804c49e   0x00000002   PAD
    0x0804c4a0   0x0804c4a0   0x00000026   Data   RO         1211    .conststring        progress_bar.o
    0x0804c4c6   0x0804c4c6   0x00000002   PAD
    0x0804c4c8   0x0804c4c8   0x00000068   Data   RO         1336    .conststring        widget.o
    0x0804c530   0x0804c530   0x00000007   Data   RO         1519    .conststring        window.o
    0x0804c537   0x0804c537   0x00000001   PAD
    0x0804c538   0x0804c538   0x0000000f   Data   RO         1538    .conststring        window_manager.o
    0x0804c547   0x0804c547   0x00000001   PAD
    0x0804c548   0x0804c548   0x00000018   Data   RO         1734    .conststring        slider.o
    0x0804c560   0x0804c560   0x00000006   Data   RO         1853    .conststring        pages.o
    0x0804c566   0x0804c566   0x00000002   PAD
    0x0804c568   0x0804c568   0x00000085   Data   RO         1872    .conststring        edit.o
    0x0804c5ed   0x0804c5ed   0x00000003   PAD
    0x0804c5f0   0x0804c5f0   0x00000005   Data   RO         1895    .conststring        view.o
    0x0804c5f5   0x0804c5f5   0x00000003   PAD
    0x0804c5f8   0x0804c5f8   0x00000009   Data   RO         2150    .conststring        spin_box.o
    0x0804c601   0x0804c601   0x00000003   PAD
    0x0804c604   0x0804c604   0x00000026   Data   RO         2169    .conststring        dragger.o
    0x0804c62a   0x0804c62a   0x00000002   PAD
    0x0804c62c   0x0804c62c   0x0000000e   Data   RO         2188    .conststring        dialog_client.o
    0x0804c63a   0x0804c63a   0x00000002   PAD
    0x0804c63c   0x0804c63c   0x0000000d   Data   RO         2203    .conststring        dialog_title.o
    0x0804c649   0x0804c649   0x00000003   PAD
    0x0804c64c   0x0804c64c   0x00000a61   Data   RO         2579    .conststring        color_parser.o
    0x0804d0ad   0x0804d0ad   0x00000003   PAD
    0x0804d0b0   0x0804d0b0   0x00000026   Data   RO         2598    .conststring        combo_box.o
    0x0804d0d6   0x0804d0d6   0x00000002   PAD
    0x0804d0d8   0x0804d0d8   0x0000000f   Data   RO         2624    .conststring        combo_box_item.o
    0x0804d0e7   0x0804d0e7   0x00000001   PAD
    0x0804d0e8   0x0804d0e8   0x00000036   Data   RO         2712    .conststring        popup.o
    0x0804d11e   0x0804d11e   0x00000002   PAD
    0x0804d120   0x0804d120   0x0000000b   Data   RO         2757    .conststring        tab_button.o
    0x0804d12b   0x0804d12b   0x00000001   PAD
    0x0804d12c   0x0804d12c   0x00000011   Data   RO         2776    .conststring        tab_button_group.o
    0x0804d13d   0x0804d13d   0x00000003   PAD
    0x0804d140   0x0804d140   0x0000000c   Data   RO         2794    .conststring        tab_control.o
    0x0804d14c   0x0804d14c   0x00000025   Data   RO         3029    .conststring        color_tile.o
    0x0804d171   0x0804d171   0x00000003   PAD
    0x0804d174   0x0804d174   0x00000008   Data   RO         3144    .conststring        app_bar.o
    0x0804d17c   0x0804d17c   0x00000007   Data   RO         3162    .conststring        column.o
    0x0804d183   0x0804d183   0x00000001   PAD
    0x0804d184   0x0804d184   0x00000004   Data   RO         3180    .conststring        grid.o
    0x0804d188   0x0804d188   0x00000010   Data   RO         3216    .conststring        calibration_win.o
    0x0804d198   0x0804d198   0x0000000b   Data   RO         3438    .conststring        system_bar.o
    0x0804d1a3   0x0804d1a3   0x00000001   PAD
    0x0804d1a4   0x0804d1a4   0x0000000f   Data   RO         3694    .conststring        object_default.o
    0x0804d1b3   0x0804d1b3   0x00000001   PAD
    0x0804d1b4   0x0804d1b4   0x0000000b   Data   RO         3766    .conststring        timer_info.o
    0x0804d1bf   0x0804d1bf   0x00000001   PAD
    0x0804d1c0   0x0804d1c0   0x0000000a   Data   RO         3811    .conststring        idle_info.o
    0x0804d1ca   0x0804d1ca   0x00000002   PAD
    0x0804d1cc   0x0804d1cc   0x00000020   Data   RO         4811    Region$$Table       anon$$obj.o
    0x0804d1ec   0x0804d1ec   0x00000008   Data   RO         4694    c$$dinf             fz_ws.l(fpconst.o)
    0x0804d1f4   0x0804d1f4   0x00000008   Data   RO         4697    c$$dmax             fz_ws.l(fpconst.o)
    0x0804d1fc   0x0804d1fc   0x00000110   Data   RO         4486    locale$$data        c_w.l(lc_ctype_c.o)
    0x0804d30c   0x0804d30c   0x0000001c   Data   RO         4681    locale$$data        c_w.l(lc_numeric_c.o)


    Execution Region RW_IRAM1 (Exec base: 0x20000000, Load base: 0x0804d328, Size: 0x00003eb0, Max: 0x00010000, ABSOLUTE, COMPRESSED[0x00000418])

    Exec Addr    Load Addr    Size         Type   Attr      Idx    E Section Name        Object

    0x20000000   COMPRESSED   0x00000014   Data   RW          105    .data               system_stm32f10x.o
    0x20000014   COMPRESSED   0x00000006   Data   RW          218    .data               usart.o
    0x2000001a   COMPRESSED   0x00000014   Data   RW          282    .data               stm32f10x_rcc.o
    0x2000002e   COMPRESSED   0x00000001   Data   RW          452    .data               led.o
    0x2000002f   COMPRESSED   0x00000001   Data   RW          480    .data               button.o
    0x20000030   COMPRESSED   0x00000004   Data   RW          493    .data               tim.o
    0x20000034   COMPRESSED   0x0000000a   Data   RW          514    .data               rtc.o
    0x2000003e   COMPRESSED   0x00000008   Data   RW          537    .data               touch.o
    0x20000046   COMPRESSED   0x00000002   PAD
    0x20000048   COMPRESSED   0x00000008   Data   RW          682    .data               button_1.o
    0x20000050   COMPRESSED   0x00000008   Data   RW          869    .data               check_button.o
    0x20000058   COMPRESSED   0x00000018   Data   RW          913    .data               dialog.o
    0x20000070   COMPRESSED   0x00000004   Data   RW         1044    .data               font_manager.o
    0x20000074   COMPRESSED   0x00000028   Data   RW         1090    .data               image.o
    0x2000009c   COMPRESSED   0x00000004   Data   RW         1111    .data               image_manager.o
    0x200000a0   COMPRESSED   0x00000004   Data   RW         1179    .data               main_loop.o
    0x200000a4   COMPRESSED   0x00000010   Data   RW         1212    .data               progress_bar.o
    0x200000b4   COMPRESSED   0x00000004   Data   RW         1243    .data               theme.o
    0x200000b8   COMPRESSED   0x00000034   Data   RW         1337    .data               widget.o
    0x200000ec   COMPRESSED   0x00000018   Data   RW         1520    .data               window.o
    0x20000104   COMPRESSED   0x00000004   Data   RW         1539    .data               window_manager.o
    0x20000108   COMPRESSED   0x00000018   Data   RW         1735    .data               slider.o
    0x20000120   COMPRESSED   0x00000008   Data   RW         1854    .data               pages.o
    0x20000128   COMPRESSED   0x00000038   Data   RW         1873    .data               edit.o
    0x20000160   COMPRESSED   0x00000004   Data   RW         1928    .data               widget_factory.o
    0x20000164   COMPRESSED   0x00000004   Data   RW         2107    .data               input_method.o
    0x20000168   COMPRESSED   0x00000014   Data   RW         2170    .data               dragger.o
    0x2000017c   COMPRESSED   0x00000460   Data   RW         2580    .data               color_parser.o
    0x200005dc   COMPRESSED   0x0000003c   Data   RW         2599    .data               combo_box.o
    0x20000618   COMPRESSED   0x00000020   Data   RW         2713    .data               popup.o
    0x20000638   COMPRESSED   0x00000008   Data   RW         2758    .data               tab_button.o
    0x20000640   COMPRESSED   0x0000000c   Data   RW         3030    .data               color_tile.o
    0x2000064c   COMPRESSED   0x00000004   Data   RW         3048    .data               assets_manager.o
    0x20000650   COMPRESSED   0x00000004   Data   RW         3072    .data               locale_info.o
    0x20000654   COMPRESSED   0x00000008   Data   RW         3234    .data               font_loader_bitmap.o
    0x2000065c   COMPRESSED   0x00000004   Data   RW         3327    .data               style_factory.o
    0x20000660   COMPRESSED   0x00000004   Data   RW         3345    .data               widget_animator_manager.o
    0x20000664   COMPRESSED   0x00000004   Data   RW         3376    .data               clip_board.o
    0x20000668   COMPRESSED   0x0000000c   Data   RW         3439    .data               system_bar.o
    0x20000674   COMPRESSED   0x00000004   Data   RW         3781    .data               timer_manager.o
    0x20000678   COMPRESSED   0x00000004   Data   RW         3796    .data               idle_manager.o
    0x2000067c   COMPRESSED   0x00000004   Data   RW         3842    .data               widget_pool.o
    0x20000680   COMPRESSED   0x00000004   Data   RW         4043    .data               mutex_null.o
    0x20000684   COMPRESSED   0x00000004   Data   RW         4060    .data               sys_tick.o
    0x20000688        -       0x000000c8   Zero   RW          217    .bss                usart.o
    0x20000750        -       0x0000000a   Zero   RW          512    .bss                rtc.o
    0x2000075a   COMPRESSED   0x00000002   PAD
    0x2000075c        -       0x0000000c   Zero   RW          536    .bss                touch.o
    0x20000768        -       0x00001000   Zero   RW          591    .bss                flash.o
    0x20001768        -       0x00000014   Zero   RW         1196    .bss                mem.o
    0x2000177c        -       0x0000001c   Zero   RW         1788    .bss                system_info.o
    0x20001798        -       0x00000090   Zero   RW         1833    .bss                main_loop_simple.o
    0x20001828        -       0x00000024   Zero   RW         2886    .bss                ui_builder_default.o
    0x2000184c        -       0x00002000   Zero   RW         4029    .bss                platform.o
    0x2000384c        -       0x00000060   Zero   RW         4552    .bss                c_w.l(libspace.o)
    0x200038ac   COMPRESSED   0x00000004   PAD
    0x200038b0        -       0x00000200   Zero   RW          251    HEAP                startup_stm32f10x_hd.o
    0x20003ab0        -       0x00000400   Zero   RW          250    STACK               startup_stm32f10x_hd.o


==============================================================================

Image component sizes


      Code (inc. data)   RO Data    RW Data    ZI Data      Debug   Object Name

        60          4        116          0          0       1526   app_bar.o
       412        132     153701          0          0      12083   assets-mini.o
       588         22         22          4          0       6002   assets_manager.o
       812         18          0          0          0      40647   awtk_global.o
      1410         38         68          0          0      22631   bitmap.o
      1064          8         24          0          0       8623   buffer.o
       256         12          0          1          0        850   button.o
       756         52        123          8          0      46934   button_1.o
        80          4        108          0          0       1828   button_group.o
       692         22        124          0          0       4998   calibration_win.o
     11158         56          0          0          0      53808   canvas.o
       844         64        253          8          0       5405   check_button.o
       344          0          0          0          0       3722   children_layouter.o
      2144        110        100          0          0       6807   children_layouter_default.o
       336         20          0          0          0       4569   children_layouter_factory.o
       260          8          0          4          0       3856   clip_board.o
       160         14         42          0          0       3584   clip_board_default.o
       220         20         13          0          0       6113   color.o
       676        100       2657       1120          0       3893   color_parser.o
       684         58        145         12          0       4521   color_tile.o
        60          4        115          0          0       1516   column.o
      1984        172        170         60          0      12152   combo_box.o
       792         70        123          0          0       4444   combo_box_item.o
         0          0          0          0          0         32   core_cm3.o
       564         10         40          0          0       7189   custom_props.o
       784         20         40          0          0       5860   darray.o
      1432        258          0          0          0       3863   demo1_app.o
        38          0          0          0          0        604   demo_main.o
       536         68        175         24          0      12826   dialog.o
       124         22        122          0          0       1938   dialog_client.o
       108         14        121          0          0       1984   dialog_title.o
       904         70        146         20          0       4812   dragger.o
      2404        128         96          0          0       6321   easing.o
      6916        298        241         56          0      23221   edit.o
       716          8         26          0          0       9606   emitter.o
       292         28       1425          0          0       7608   enums.o
       132          6         13          0          0       2718   event.o
       336          4         19          0          0      27280   event_queue.o
       214          0          0          0          0       2217   events.o
       924         12          0          0       4096       3305   flash.o
       204          6         13          0          0       2926   font.o
        44          0          0          0          0       1087   font_loader.o
       400         30         19          8          0       4093   font_loader_bitmap.o
       404         26         20          4          0       7213   font_manager.o
       908         14         10          0          0       9967   fs.o
         4          0          0          0          0        464   fs_os.o
       196         10          0          0          0       2439   func_call_parser.o
        60          4        112          0          0       1496   grid.o
        60          4        108          0          0       1546   grid_item.o
        80          4        118          0          0       1786   group_box.o
      1072         12       2376          0          0       5635   gui.o
       154          0          0          0          0       2301   idle.o
       128          6         46          0          0       2313   idle_info.o
       440         16         20          4          0       4947   idle_manager.o
       532         18        193         40          0       4506   image.o
      1512        124          0          0          0       6373   image_base.o
        34          0          0          0          0       1488   image_loader.o
       744         30         39          4          0      10588   image_manager.o
       796          4         38          0          0       3046   input_device_status.o
       126          0          0          0          0       1042   input_engine.o
         0          0          0          0          0        640   input_engine_null.o
       580         10          0          4          0       5125   input_method.o
       104         12         25          0          0       1687   input_method_creator.o
       860         54        114          0          0       5150   label.o
       400         58          0          0          0       3165   layout.o
      1076          0          0          0          0      18389   lcd.o
       696         18          0          0          0       2092   lcd_driver.o
      1708         42         15          0          0      16845   lcd_stm32_raw.o
       164         10          0          1          0        739   led.o
       592         26         19          4          0      22731   locale_info.o
        68          0          0          0          0     205271   main.o
       300          4          0          4          0       3368   main_loop.o
       696         12          0          0        144       4949   main_loop_simple.o
       216         16          0          0          0      39905   main_loop_stm32_raw.o
       756          4          0          0         20       5727   mem.o
       220         22          0          0          0       1825   misc.o
        28          6          0          4          0       1985   mutex_null.o
       232          6         19          0          0       3255   named_value.o
       692          4         14          0          0       9574   object.o
       980         12         95          0          0      12320   object_default.o
       520         22        114          8          0       4424   pages.o
       836          6          0          0          0       4938   path.o
       100         12          0          0       8192       1236   platform.o
       520         52        162         32          0       3716   popup.o
      1420        176        146         16          0       5584   progress_bar.o
       736          4         12          0          0       4389   rect.o
        60          4        108          0          0       1482   row.o
      1120         66         24         10         10       4387   rtc.o
       316          0          0          0          0       3439   self_layouter.o
      1448        124         53          0          0       5380   self_layouter_default.o
       172         16          0          0          0       2967   self_layouter_factory.o
      2392        184        132         24          0       7827   slider.o
       592         16         31          0          0       5646   slist.o
       476         16          0          0          0       1828   spi.o
       340         68        117          0          0       2345   spin_box.o
        64         26        304          0       1536        812   startup_stm32f10x_hd.o
       196          8          0          0          0       3520   stm32f10x_bkp.o
      1548         18          0          0          0       5399   stm32f10x_fsmc.o
       860         38          0          0          0       5757   stm32f10x_gpio.o
        24          0          0          0          0      64030   stm32f10x_it.o
       204         14          0          0          0       1967   stm32f10x_pwr.o
       932         36          0         20          0       8944   stm32f10x_rcc.o
       328          4          0          0          0       2734   stm32f10x_rtc.o
       780         14          0          0          0       6638   stm32f10x_spi.o
      3610         88          0          0          0      22864   stm32f10x_tim.o
      1032         22          0          0          0       8480   stm32f10x_usart.o
      2142         62         23          0          0      11885   str.o
       212          0          0          0          0       4217   style.o
       480         80         43          0          0       4260   style_const.o
        52          6          0          4          0       2113   style_factory.o
        76          6          0          4          0       1757   sys_tick.o
       336         42        119         12          0       3096   system_bar.o
        76         24          0          0         28       1427   system_info.o
       480         38          0         20          0       1775   system_stm32f10x.o
      1152         94        119          8          0       6364   tab_button.o
       976         66        125          0          0       6172   tab_button_group.o
        80          4        120          0          0       1814   tab_control.o
       544         18         13          4          0       4321   theme.o
       572         24          0          4          0       1965   tim.o
        24          0          0          0          0        625   time_now.o
       226          0          0          0          0       2917   timer.o
       140          4         47          0          0       2381   timer_info.o
       612         16         21          4          0       5843   timer_manager.o
       390          0          0          0          0       3264   tokenizer.o
      1088         38          0          8         12       4326   touch.o
       162          0          0          0          0       2952   ui_builder.o
       260         26          0          0         36       3201   ui_builder_default.o
        48          0          0          0          0       1149   ui_loader.o
       284         10          4          0          0       1939   ui_loader_default.o
       296         16          0          6        200       3210   usart.o
       772          4        260          0          0       5509   utf8.o
      2360         54         34          0          0      17584   utils.o
      2116         60         13          0          0      17162   value.o
      2696         14          0          0          0      25610   vgcanvas.o
        60          4        113          0          0       1496   view.o
     12024        678        104         52          0      83555   widget.o
      1020          4          0          0          0       7838   widget_animator.o
         6          0          0          0          0       2137   widget_animator_factory_null.o
       832         14         31          4          0       7716   widget_animator_manager.o
       384         26       1198          4          0      25392   widget_factory.o
       728         24         50          4          0       5312   widget_pool.o
       740         30        108          0          0      26179   widget_vtable.o
        60          4        115         24          0       1612   window.o
       362          0          0          0          0       2237   window_animator.o
        16          0          0          0          0       1483   window_animator_null.o
      1394        160          0          0          0       4630   window_base.o
      3500        128        145          4          0      20648   window_manager.o
       176          6          0          0          0       2220   window_open.o
      1832         24         20          0          0      10381   wstr.o

    ----------------------------------------------------------------------
    122914       5420     167937       1672      14276    1364301   Object Totals
         0          0         32          0          0          0   (incl. Generated)
        20          0         96          2          2          0   (incl. Padding)

    ----------------------------------------------------------------------

      Code (inc. data)   RO Data    RW Data    ZI Data      Debug   Library Member Name

        24          4          0          0          0         84   __2printf.o
       100          0          0          0          0          0   __dclz77c.o
         8          0          0          0          0         68   __main.o
       392          4         17          0          0         92   __printf_flags_ss_wp.o
        14          0          0          0          0         68   __printf_wp.o
         0          0          0          0          0          0   __rtentry.o
        12          0          0          0          0          0   __rtentry2.o
         6          0          0          0          0          0   __rtentry4.o
        52          8          0          0          0          0   __scatter.o
        28          0          0          0          0          0   __scatter_zi.o
        28          0          0          0          0         68   _chval.o
        60          0          0          0          0         92   _mbrtowc.o
         6          0          0          0          0          0   _printf_a.o
         6          0          0          0          0          0   _printf_c.o
        44          0          0          0          0        108   _printf_char.o
        48          6          0          0          0         96   _printf_char_common.o
        36          4          0          0          0         80   _printf_char_file.o
        40          0          0          0          0         68   _printf_charcount.o
         6          0          0          0          0          0   _printf_d.o
       120         16          0          0          0         92   _printf_dec.o
         6          0          0          0          0          0   _printf_e.o
         6          0          0          0          0          0   _printf_f.o
      1054          0          0          0          0        216   _printf_fp_dec.o
       764          8         38          0          0        100   _printf_fp_hex.o
       128         16          0          0          0         84   _printf_fp_infnan.o
         6          0          0          0          0          0   _printf_g.o
       148          4         40          0          0        160   _printf_hex_int_ll_ptr.o
         6          0          0          0          0          0   _printf_i.o
       178          0          0          0          0         88   _printf_intcommon.o
        10          0          0          0          0          0   _printf_l.o
         6          0          0          0          0          0   _printf_lc.o
        10          0          0          0          0          0   _printf_ll.o
         6          0          0          0          0          0   _printf_lld.o
         6          0          0          0          0          0   _printf_lli.o
         6          0          0          0          0          0   _printf_llo.o
         6          0          0          0          0          0   _printf_llu.o
         6          0          0          0          0          0   _printf_llx.o
       124         16          0          0          0         92   _printf_longlong_dec.o
         6          0          0          0          0          0   _printf_ls.o
         6          0          0          0          0          0   _printf_n.o
         6          0          0          0          0          0   _printf_o.o
       112         10          0          0          0        124   _printf_oct_int_ll.o
         6          0          0          0          0          0   _printf_p.o
        78          0          0          0          0        108   _printf_pad.o
         0          0          0          0          0          0   _printf_percent.o
         4          0          0          0          0          0   _printf_percent_end.o
         6          0          0          0          0          0   _printf_s.o
        82          0          0          0          0         80   _printf_str.o
        36          0          0          0          0         84   _printf_truncate.o
         6          0          0          0          0          0   _printf_u.o
        44          0          0          0          0        108   _printf_wchar.o
       188          6          8          0          0         92   _printf_wctomb.o
         6          0          0          0          0          0   _printf_x.o
        22          0          0          0          0        100   _rserrno.o
       884          6          0          0          0        100   _scanf.o
       332          0          0          0          0         96   _scanf_int.o
       342          0          0          0          0        100   _scanf_longlong.o
       276          0          0          0          0        100   _scanf_mbtowc.o
       224          0          0          0          0         96   _scanf_str.o
        30          0          0          0          0         76   _scanf_wcharmap.o
       232          0          0          0          0        100   _scanf_wctomb.o
       208          0          0          0          0         96   _scanf_wstr.o
        64          0          0          0          0         84   _sgetc.o
        16          0          0          0          0         68   _snputc.o
        10          0          0          0          0         68   _sputc.o
        64          0          0          0          0         92   _wcrtomb.o
       228          4        148          0          0         96   bigflt0.o
        80          0          0          0          0         88   bsearchnoex.o
      2152        136          0          0          0        960   btod.o
        18          0          0          0          0         80   exit.o
         8          0          0          0          0         68   ferror.o
         6          0          0          0          0        152   heapauxi.o
        18          0          0          0          0         76   isspace.o
        44         10        272          0          0         76   lc_ctype_c.o
        44         10         28          0          0         76   lc_numeric_c.o
         2          0          0          0          0          0   libinit.o
        30          0          0          0          0          0   libinit2.o
         2          0          0          0          0          0   libshutdown.o
         2          0          0          0          0          0   libshutdown2.o
         8          4          0          0         96         68   libspace.o
        38          0          0          0          0         68   llshl.o
       138          0          0          0          0         80   lludiv10.o
        16          4          0          0          0         76   rt_ctype_table.o
         8          4          0          0          0         68   rt_errno_addr_intlibspace.o
         8          4          0          0          0         68   rt_locale_intlibspace.o
        68          0          0          0          0         68   rt_memclr.o
        78          0          0          0          0         80   rt_memclr_w.o
       138          0          0          0          0         68   rt_memcpy_v6.o
       100          0          0          0          0         80   rt_memcpy_w.o
       132          0          0          0          0         68   rt_memmove_v6.o
       122          0          0          0          0         80   rt_memmove_w.o
         2          0          0          0          0          0   rtexit.o
        10          0          0          0          0          0   rtexit2.o
        44          8          0          0          0         84   scanf_char.o
      1272         16          0          0          0        168   scanf_fp.o
       800         14          0          0          0        100   scanf_hexfp.o
       308         16          0          0          0        100   scanf_infnan.o
        20          0          0          0          0         68   strchr.o
       128          0          0          0          0         68   strcmpv7m.o
        72          0          0          0          0         80   strcpy.o
        62          0          0          0          0         76   strlen.o
       150          0          0          0          0         80   strncmp.o
        86          0          0          0          0         76   strncpy.o
        22          0          0          0          0         68   strrchr.o
        36          0          0          0          0         80   strstr.o
        74          0          0          0          0         80   sys_stackheap_outer.o
        26          0          0          0          0         76   tolower.o
        30          0          0          0          0         76   toupper.o
         2          0          0          0          0         68   use_no_semi.o
         2          0          0          0          0         68   use_no_semi_2.o
        52          4          0          0          0         80   vsnprintf.o
        52          8          0          0          0         80   vsscanf.o
        22          0          0          0          0         68   wcschr.o
        24          0          0          0          0         68   wcscmp.o
        18          0          0          0          0         68   wcscpy.o
        18          0          0          0          0         68   wcslen.o
        98          4          0          0          0         92   d2f.o
       826         16          0          0          0        348   daddsub_clz.o
        16          4          0          0          0         68   dcheck1.o
        24          0          0          0          0         68   dcmpi.o
       688        140          0          0          0        208   ddiv.o
       120          4          0          0          0         92   deqf.o
        94          4          0          0          0         92   dfix.o
        90          4          0          0          0         92   dfixu.o
        84          0          0          0          0        136   dflt_clz.o
       120          4          0          0          0         92   dleqf.o
       340         12          0          0          0        104   dmul.o
       156          4          0          0          0         92   dnaninf.o
        12          0          0          0          0         68   dretinf.o
       108          0          0          0          0         80   drleqf.o
       460         56          0          0          0        120   dsqrt_noumaal.o
        86          4          0          0          0         84   f2d.o
       450          8          0          0          0        236   faddsub_clz.o
        24          0          0          0          0         68   fcmpi.o
       388         76          0          0          0         96   fdiv.o
       104          4          0          0          0         84   feqf.o
        54          4          0          0          0         84   ffix.o
        62          4          0          0          0         84   ffixu.o
        86          0          0          0          0        136   fflt_clz.o
        96          0          0          0          0         84   ffltll_clz.o
       104          4          0          0          0         84   fleqf.o
       258          4          0          0          0         84   fmul.o
       140          4          0          0          0         84   fnaninf.o
         0          0         16          0          0          0   fpconst.o
        10          0          0          0          0         68   fretinf.o
        98          0          0          0          0         68   frleqf.o
         6          0          0          0          0         68   istatus.o
         4          0          0          0          0         68   printf1.o
         4          0          0          0          0         68   printf2.o
       100          0          0          0          0         68   retnan.o
        92          0          0          0          0         68   scalbn.o
         4          0          0          0          0         68   scanf1.o
         8          0          0          0          0         84   scanf2.o
        48          0          0          0          0         68   trapv.o
         0          0          0          0          0          0   usenofp.o
       156          8          0          0          0        104   cos.o
       252         22         48          0          0        124   cos_i.o
        68         10          0          0          0        408   dunder.o
       220         16          0          0          0         84   floor.o
        40          0          0          0          0         68   fpclassify.o
        88          8          0          0          0         76   frexp.o
       138          0          0          0          0        160   ldexp.o
       204          4          0          0          0        168   narrow.o
       170          0          0          0          0         96   poly.o
      2520        190        136          0          0        324   pow.o
         0          0          8          0          0          0   qnan.o
       904         76        200          0          0        140   rred.o
       160         10          0          0          0        108   sin.o
       236         12         40          0          0        128   sin_i.o
        76          0          0          0          0         84   sqrt.o

    ----------------------------------------------------------------------
     24346       1072       1003          0        100      13548   Library Totals
        36          2          4          0          4          0   (incl. Padding)

    ----------------------------------------------------------------------

      Code (inc. data)   RO Data    RW Data    ZI Data      Debug   Library Name

     13616        350        551          0         96       7820   c_w.l
      5462        364         16          0          0       3656   fz_ws.l
      5232        356        432          0          0       2072   m_ws.l

    ----------------------------------------------------------------------
     24346       1072       1003          0        100      13548   Library Totals

    ----------------------------------------------------------------------

==============================================================================


      Code (inc. data)   RO Data    RW Data    ZI Data      Debug   

    147260       6492     168940       1672      14376    1355589   Grand Totals
    147260       6492     168940       1048      14376    1355589   ELF Image Totals (compressed)
    147260       6492     168940       1048          0          0   ROM Totals

==============================================================================

    Total RO  Size (Code + RO Data)               316200 ( 308.79kB)
    Total RW  Size (RW Data + ZI Data)             16048 (  15.67kB)
    Total ROM Size (Code + RO Data + RW Data)     317248 ( 309.81kB)

==============================================================================

