Component: ARM Compiler 5.06 update 5 (build 528) Tool: armlink [4d35e2]

==============================================================================

Section Cross References

    system_stm32f10x.o(.text) refers to system_stm32f10x.o(.data) for SystemCoreClock
    main.o(.text) refers to misc.o(.text) for NVIC_PriorityGroupConfig
    main.o(.text) refers to platform.o(.text) for systick_init
    main.o(.text) refers to led.o(.text) for led_init
    main.o(.text) refers to button.o(.text) for button_init
    main.o(.text) refers to lcd_driver.o(.text) for TFT_Init
    main.o(.text) refers to flash.o(.text) for FLASH_Init
    main.o(.text) refers to touch.o(.text) for TOUCH_Init
    main.o(.text) refers to tim.o(.text) for TIM3_Init
    main.o(.text) refers to rtc.o(.text) for rtc_init
    main.o(.text) refers to demo_main.o(.text) for gui_app_start
    sys.o(.text) refers to misc.o(.text) for NVIC_PriorityGroupConfig
    usart.o(.text) refers (Special) to use_no_semi_2.o(.text) for __use_no_semihosting
    usart.o(.text) refers to stm32f10x_rcc.o(.text) for RCC_APB2PeriphClockCmd
    usart.o(.text) refers to stm32f10x_gpio.o(.text) for GPIO_Init
    usart.o(.text) refers to misc.o(.text) for NVIC_Init
    usart.o(.text) refers to stm32f10x_usart.o(.text) for USART_Init
    usart.o(.text) refers to usart.o(.data) for USART_RX_STA
    usart.o(.text) refers to usart.o(.bss) for USART_RX_BUF
    usart.o(.bss) refers (Special) to use_no_semi_2.o(.text) for __use_no_semihosting
    usart.o(.data) refers (Special) to use_no_semi_2.o(.text) for __use_no_semihosting
    startup_stm32f10x_hd.o(STACK) refers (Special) to heapauxi.o(.text) for __use_two_region_memory
    startup_stm32f10x_hd.o(HEAP) refers (Special) to heapauxi.o(.text) for __use_two_region_memory
    startup_stm32f10x_hd.o(RESET) refers (Special) to heapauxi.o(.text) for __use_two_region_memory
    startup_stm32f10x_hd.o(RESET) refers to startup_stm32f10x_hd.o(STACK) for __initial_sp
    startup_stm32f10x_hd.o(RESET) refers to startup_stm32f10x_hd.o(.text) for Reset_Handler
    startup_stm32f10x_hd.o(RESET) refers to stm32f10x_it.o(.text) for NMI_Handler
    startup_stm32f10x_hd.o(RESET) refers to sys_tick.o(.text) for SysTick_Handler
    startup_stm32f10x_hd.o(RESET) refers to rtc.o(.text) for RTC_IRQHandler
    startup_stm32f10x_hd.o(RESET) refers to main_loop_stm32_raw.o(.text) for TIM3_IRQHandler
    startup_stm32f10x_hd.o(RESET) refers to usart.o(.text) for USART1_IRQHandler
    startup_stm32f10x_hd.o(RESET) refers to tim.o(.text) for TIM5_IRQHandler
    startup_stm32f10x_hd.o(.text) refers (Special) to heapauxi.o(.text) for __use_two_region_memory
    startup_stm32f10x_hd.o(.text) refers to system_stm32f10x.o(.text) for SystemInit
    startup_stm32f10x_hd.o(.text) refers to __main.o(!!!main) for __main
    startup_stm32f10x_hd.o(.text) refers to startup_stm32f10x_hd.o(HEAP) for Heap_Mem
    startup_stm32f10x_hd.o(.text) refers to startup_stm32f10x_hd.o(STACK) for Stack_Mem
    stm32f10x_gpio.o(.text) refers to stm32f10x_rcc.o(.text) for RCC_APB2PeriphResetCmd
    stm32f10x_rcc.o(.text) refers to stm32f10x_rcc.o(.data) for APBAHBPrescTable
    stm32f10x_usart.o(.text) refers to stm32f10x_rcc.o(.text) for RCC_APB2PeriphResetCmd
    stm32f10x_wwdg.o(.text) refers to stm32f10x_rcc.o(.text) for RCC_APB1PeriphResetCmd
    stm32f10x_tim.o(.text) refers to stm32f10x_rcc.o(.text) for RCC_APB2PeriphResetCmd
    stm32f10x_bkp.o(.text) refers to stm32f10x_rcc.o(.text) for RCC_BackupResetCmd
    stm32f10x_pwr.o(.text) refers to stm32f10x_rcc.o(.text) for RCC_APB1PeriphResetCmd
    stm32f10x_spi.o(.text) refers to stm32f10x_rcc.o(.text) for RCC_APB2PeriphResetCmd
    led.o(.text) refers to stm32f10x_rcc.o(.text) for RCC_APB2PeriphClockCmd
    led.o(.text) refers to stm32f10x_gpio.o(.text) for GPIO_Init
    led.o(.text) refers to sys_tick.o(.text) for delay_ms
    led.o(.text) refers to led.o(.data) for i
    lcd_driver.o(.text) refers to stm32f10x_rcc.o(.text) for RCC_APB2PeriphClockCmd
    lcd_driver.o(.text) refers to stm32f10x_gpio.o(.text) for GPIO_Init
    lcd_driver.o(.text) refers to stm32f10x_fsmc.o(.text) for FSMC_NORSRAMInit
    button.o(.text) refers to stm32f10x_rcc.o(.text) for RCC_APB2PeriphClockCmd
    button.o(.text) refers to stm32f10x_gpio.o(.text) for GPIO_Init
    button.o(.text) refers to sys_tick.o(.text) for delay_ms
    button.o(.text) refers to button.o(.data) for key_up
    tim.o(.text) refers to stm32f10x_rcc.o(.text) for RCC_APB1PeriphClockCmd
    tim.o(.text) refers to stm32f10x_gpio.o(.text) for GPIO_Init
    tim.o(.text) refers to stm32f10x_tim.o(.text) for TIM_TimeBaseInit
    tim.o(.text) refers to misc.o(.text) for NVIC_Init
    tim.o(.text) refers to tim.o(.data) for TIM5CH1_CAPTURE_STA
    rtc.o(.text) refers to _printf_percent.o(.ARM.Collect$$_printf_percent$$00000000) for _printf_percent
[...]
    0x08000278   0x08000278   0x00000004   Code   RO         4549    .ARM.Collect$$_printf_percent$$00000017  c_w.l(_printf_percent_end.o)
    0x0800027c   0x0800027c   0x00000002   Code   RO         4787    .ARM.Collect$$libinit$$00000000  c_w.l(libinit.o)
    0x0800027e   0x0800027e   0x00000000   Code   RO         4703    .ARM.Collect$$libinit$$00000002  c_w.l(libinit2.o)
    0x0800027e   0x0800027e   0x00000000   Code   RO         4705    .ARM.Collect$$libinit$$00000004  c_w.l(libinit2.o)
    0x0800027e   0x0800027e   0x00000000   Code   RO         4708    .ARM.Collect$$libinit$$0000000A  c_w.l(libinit2.o)
    0x0800027e   0x0800027e   0x00000000   Code   RO         4710    .ARM.Collect$$libinit$$0000000C  c_w.l(libinit2.o)
    0x0800027e   0x0800027e   0x00000000   Code   RO         4712    .ARM.Collect$$libinit$$0000000E  c_w.l(libinit2.o)
    0x0800027e   0x0800027e   0x00000006   Code   RO         4713    .ARM.Collect$$libinit$$0000000F  c_w.l(libinit2.o)
    0x08000284   0x08000284   0x00000000   Code   RO         4715    .ARM.Collect$$libinit$$00000011  c_w.l(libinit2.o)
    0x08000284   0x08000284   0x0000000c   Code   RO         4716    .ARM.Collect$$libinit$$00000012  c_w.l(libinit2.o)
    0x08000290   0x08000290   0x00000000   Code   RO         4717    .ARM.Collect$$libinit$$00000013  c_w.l(libinit2.o)
    0x08000290   0x08000290   0x00000000   Code   RO         4719    .ARM.Collect$$libinit$$00000015  c_w.l(libinit2.o)
    0x08000290   0x08000290   0x0000000a   Code   RO         4720    .ARM.Collect$$libinit$$00000016  c_w.l(libinit2.o)
    0x0800029a   0x0800029a   0x00000000   Code   RO         4721    .ARM.Collect$$libinit$$00000017  c_w.l(libinit2.o)
    0x0800029a   0x0800029a   0x00000000   Code   RO         4723    .ARM.Collect$$libinit$$00000019  c_w.l(libinit2.o)
    0x0800029a   0x0800029a   0x00000000   Code   RO         4725    .ARM.Collect$$libinit$$0000001B  c_w.l(libinit2.o)
    0x0800029a   0x0800029a   0x00000000   Code   RO         4727    .ARM.Collect$$libinit$$0000001D  c_w.l(libinit2.o)
    0x0800029a   0x0800029a   0x00000000   Code   RO         4729    .ARM.Collect$$libinit$$0000001F  c_w.l(libinit2.o)
    0x0800029a   0x0800029a   0x00000000   Code   RO         4731    .ARM.Collect$$libinit$$00000021  c_w.l(libinit2.o)
    0x0800029a   0x0800029a   0x00000000   Code   RO         4733    .ARM.Collect$$libinit$$00000023  c_w.l(libinit2.o)
    0x0800029a   0x0800029a   0x00000000   Code   RO         4735    .ARM.Collect$$libinit$$00000025  c_w.l(libinit2.o)
    0x0800029a   0x0800029a   0x00000000   Code   RO         4739    .ARM.Collect$$libinit$$0000002C  c_w.l(libinit2.o)
    0x0800029a   0x0800029a   0x00000000   Code   RO         4741    .ARM.Collect$$libinit$$0000002E  c_w.l(libinit2.o)
    0x0800029a   0x0800029a   0x00000000   Code   RO         4743    .ARM.Collect$$libinit$$00000030  c_w.l(libinit2.o)
    0x0800029a   0x0800029a   0x00000000   Code   RO         4745    .ARM.Collect$$libinit$$00000032  c_w.l(libinit2.o)
    0x0800029a   0x0800029a   0x00000002   Code   RO         4746    .ARM.Collect$$libinit$$00000033  c_w.l(libinit2.o)
    0x0800029c   0x0800029c   0x00000002   Code   RO         4864    .ARM.Collect$$libshutdown$$00000000  c_w.l(libshutdown.o)
    0x0800029e   0x0800029e   0x00000000   Code   RO         4870    .ARM.Collect$$libshutdown$$00000002  c_w.l(libshutdown2.o)
    0x0800029e   0x0800029e   0x00000000   Code   RO         4872    .ARM.Collect$$libshutdown$$00000004  c_w.l(libshutdown2.o)
    0x0800029e   0x0800029e   0x00000000   Code   RO         4875    .ARM.Collect$$libshutdown$$00000007  c_w.l(libshutdown2.o)
    0x0800029e   0x0800029e   0x00000000   Code   RO         4878    .ARM.Collect$$libshutdown$$0000000A  c_w.l(libshutdown2.o)
    0x0800029e   0x0800029e   0x00000000   Code   RO         4880    .ARM.Collect$$libshutdown$$0000000C  c_w.l(libshutdown2.o)
    0x0800029e   0x0800029e   0x00000000   Code   RO         4883    .ARM.Collect$$libshutdown$$0000000F  c_w.l(libshutdown2.o)
    0x0800029e   0x0800029e   0x00000002   Code   RO         4884    .ARM.Collect$$libshutdown$$00000010  c_w.l(libshutdown2.o)
    0x080002a0   0x080002a0   0x00000000   Code   RO         4474    .ARM.Collect$$rtentry$$00000000  c_w.l(__rtentry.o)
    0x080002a0   0x080002a0   0x00000000   Code   RO         4654    .ARM.Collect$$rtentry$$00000002  c_w.l(__rtentry2.o)
    0x080002a0   0x080002a0   0x00000006   Code   RO         4666    .ARM.Collect$$rtentry$$00000004  c_w.l(__rtentry4.o)
    0x080002a6   0x080002a6   0x00000000   Code   RO         4656    .ARM.Collect$$rtentry$$00000009  c_w.l(__rtentry2.o)
    0x080002a6   0x080002a6   0x00000004   Code   RO         4657    .ARM.Collect$$rtentry$$0000000A  c_w.l(__rtentry2.o)
    0x080002aa   0x080002aa   0x00000000   Code   RO         4659    .ARM.Collect$$rtentry$$0000000C  c_w.l(__rtentry2.o)
    0x080002aa   0x080002aa   0x00000008   Code   RO         4660    .ARM.Collect$$rtentry$$0000000D  c_w.l(__rtentry2.o)
    0x080002b2   0x080002b2   0x00000002   Code   RO         4810    .ARM.Collect$$rtexit$$00000000  c_w.l(rtexit.o)
    0x080002b4   0x080002b4   0x00000000   Code   RO         4829    .ARM.Collect$$rtexit$$00000002  c_w.l(rtexit2.o)
    0x080002b4   0x080002b4   0x00000004   Code   RO         4830    .ARM.Collect$$rtexit$$00000003  c_w.l(rtexit2.o)
    0x080002b8   0x080002b8   0x00000006   Code   RO         4831    .ARM.Collect$$rtexit$$00000004  c_w.l(rtexit2.o)
    0x080002be   0x080002be   0x00000018   Code   RO            1    .text               stm32f10x_it.o
    0x080002d6   0x080002d6   0x00000002   PAD
    0x080002d8   0x080002d8   0x000001e0   Code   RO          104    .text               system_stm32f10x.o
    0x080004b8   0x080004b8   0x00000044   Code   RO          122    .text               main.o
    0x080004fc   0x080004fc   0x00000128   Code   RO          216    .text               usart.o
    0x08000624   0x08000624   0x00000040   Code   RO          253    .text               startup_stm32f10x_hd.o
    0x08000664   0x08000664   0x000000dc   Code   RO          257    .text               misc.o
    0x08000740   0x08000740   0x0000035c   Code   RO          269    .text               stm32f10x_gpio.o
    0x08000a9c   0x08000a9c   0x000003a4   Code   RO          281    .text               stm32f10x_rcc.o
    0x08000e40   0x08000e40   0x00000408   Code   RO          295    .text               stm32f10x_usart.o
    0x08001248   0x08001248   0x00000e1a   Code   RO          343    .text               stm32f10x_tim.o
    0x08002062   0x08002062   0x00000002   PAD
    0x08002064   0x08002064   0x0000060c   Code   RO          355    .text               stm32f10x_fsmc.o
    0x08002670   0x08002670   0x000000c4   Code   RO          367    .text               stm32f10x_bkp.o
    0x08002734   0x08002734   0x00000148   Code   RO          379    .text               stm32f10x_rtc.o
    0x0800287c   0x0800287c   0x000000cc   Code   RO          391    .text               stm32f10x_pwr.o
    0x08002948   0x08002948   0x0000030c   Code   RO          415    .text               stm32f10x_spi.o
    0x08002c54   0x08002c54   0x000000a4   Code   RO          451    .text               led.o
    0x08002cf8   0x08002cf8   0x000002b8   Code   RO          464    .text               lcd_driver.o
    0x08002fb0   0x08002fb0   0x00000100   Code   RO          479    .text               button.o
    0x080030b0   0x080030b0   0x0000023c   Code   RO          492    .text               tim.o
    0x080032ec   0x080032ec   0x00000460   Code   RO          511    .text               rtc.o
    0x0800374c   0x0800374c   0x00000440   Code   RO          535    .text               touch.o
    0x08003b8c   0x08003b8c   0x000001dc   Code   RO          557    .text               spi.o
    0x08003d68   0x08003d68   0x00000430   Code   RO          569    .text               gui.o
    0x08004198   0x08004198   0x0000039c   Code   RO          590    .text               flash.o
    0x08004534   0x08004534   0x00000582   Code   RO          604    .text               bitmap.o
    0x08004ab6   0x08004ab6   0x00000002   PAD
    0x08004ab8   0x08004ab8   0x00000428   Code   RO          663    .text               buffer.o
    0x08004ee0   0x08004ee0   0x00000408   Code   RO          679    .text               button_1.o
    0x080052e8   0x080052e8   0x00002bfc   Code   RO          812    .text               canvas.o
    0x08007ee4   0x08007ee4   0x0000039c   Code   RO          887    .text               check_button.o
    0x08008280   0x08008280   0x00000138   Code   RO          906    .text               color.o
    0x080083b8   0x080083b8   0x0000084c   Code   RO          925    .text               dialog.o
    0x08008c04   0x08008c04   0x00000398   Code   RO          995    .text               emitter.o
    0x08008f9c   0x08008f9c   0x00000124   Code   RO         1014    .text               enums.o
    0x080090c0   0x080090c0   0x000000cc   Code   RO         1041    .text               font.o
    0x0800918c   0x0800918c   0x000001c8   Code   RO         1057    .text               font_manager.o
    0x08009354   0x08009354   0x00000054   Code   RO         1084    .text               group_box.o
    0x080093a8   0x080093a8   0x0000022c   Code   RO         1102    .text               image.o
    0x080095d4   0x080095d4   0x0000042c   Code   RO         1124    .text               image_manager.o
    0x08009a00   0x08009a00   0x00000490   Code   RO         1151    .text               label.o
    0x08009e90   0x08009e90   0x0000044e   Code   RO         1166    .text               lcd.o
    0x0800a2de   0x0800a2de   0x00000002   PAD
    0x0800a2e0   0x0800a2e0   0x0000012c   Code   RO         1211    .text               main_loop.o
    0x0800a40c   0x0800a40c   0x000002f4   Code   RO         1228    .text               mem.o
    0x0800a700   0x0800a700   0x000003e0   Code   RO         1242    .text               progress_bar.o
    0x0800aae0   0x0800aae0   0x0000044c   Code   RO         1261    .text               rect.o
    0x0800af2c   0x0800af2c   0x00000220   Code   RO         1277    .text               theme.o
    0x0800b14c   0x0800b14c   0x00000304   Code   RO         1295    .text               utf8.o
    0x0800b450   0x0800b450   0x0000087c   Code   RO         1310    .text               value.o
    0x0800bccc   0x0800bccc   0x000034dc   Code   RO         1323    .text               widget.o
    0x0800f1a8   0x0800f1a8   0x000002e4   Code   RO         1455    .text               widget_vtable.o
    0x0800f48c   0x0800f48c   0x00000118   Code   RO         1503    .text               window.o
    0x0800f5a4   0x0800f5a4   0x00001370   Code   RO         1522    .text               window_manager.o
    0x08010914   0x08010914   0x00000750   Code   RO         1559    .text               wstr.o
    0x08011064   0x08011064   0x00000848   Code   RO         1578    .text               utils.o
    0x080118ac   0x080118ac   0x000001d6   Code   RO         1609    .text               events.o
    0x08011a82   0x08011a82   0x000000f4   Code   RO         1672    .text               timer.o
    0x08011b76   0x08011b76   0x00000002   PAD
    0x08011b78   0x08011b78   0x00000190   Code   RO         1684    .text               layout.o
    0x08011d08   0x08011d08   0x00000150   Code   RO         1702    .text               event_queue.o
    0x08011e58   0x08011e58   0x00000a04   Code   RO         1733    .text               slider.o
    0x0801285c   0x0801285c   0x0000032c   Code   RO         1752    .text               window_animator.o
    0x08012b88   0x08012b88   0x0000009a   Code   RO         1769    .text               idle.o
    0x08012c22   0x08012c22   0x00000002   PAD
    0x08012c24   0x08012c24   0x000004b4   Code   RO         1781    .text               system_info.o
    0x080130d8   0x080130d8   0x00000022   Code   RO         1797    .text               image_loader.o
    0x080130fa   0x080130fa   0x00000002   PAD
    0x080130fc   0x080130fc   0x00000974   Code   RO         1812    .text               str.o
    0x08013a70   0x08013a70   0x000002b8   Code   RO         1828    .text               main_loop_simple.o
    0x08013d28   0x08013d28   0x0000022c   Code   RO         1847    .text               pages.o
    0x08013f54   0x08013f54   0x00002010   Code   RO         1866    .text               edit.o
    0x08015f64   0x08015f64   0x00000040   Code   RO         1889    .text               view.o
    0x08015fa4   0x08015fa4   0x00000180   Code   RO         1922    .text               widget_factory.o
    0x08016124   0x08016124   0x00000268   Code   RO         2096    .text               tokenizer.o
    0x0801638c   0x0801638c   0x0000026c   Code   RO         2108    .text               input_method.o
    0x080165f8   0x080165f8   0x0000007e   Code   RO         2138    .text               input_engine.o
    0x08016676   0x08016676   0x00000002   PAD
    0x08016678   0x08016678   0x0000015c   Code   RO         2150    .text               spin_box.o
    0x080167d4   0x080167d4   0x000003c4   Code   RO         2169    .text               dragger.o
    0x08016b98   0x08016b98   0x0000007c   Code   RO         2188    .text               dialog_client.o
    0x08016c14   0x08016c14   0x0000006c   Code   RO         2203    .text               dialog_title.o
    0x08016c80   0x08016c80   0x00000384   Code   RO         2218    .text               awtk_global.o
    0x08017004   0x08017004   0x00000068   Code   RO         2545    .text               input_method_creator.o
    0x0801706c   0x0801706c   0x00000054   Code   RO         2561    .text               button_group.o
    0x080170c0   0x080170c0   0x000002a4   Code   RO         2579    .text               color_parser.o
    0x08017364   0x08017364   0x00000928   Code   RO         2597    .text               combo_box.o
    0x08017c8c   0x08017c8c   0x0000033c   Code   RO         2623    .text               combo_box_item.o
    0x08017fc8   0x08017fc8   0x00000964   Code   RO         2638    .text               easing.o
    0x0801892c   0x0801892c   0x0000038c   Code   RO         2652    .text               fs.o
    0x08018cb8   0x08018cb8   0x00000238   Code   RO         2711    .text               popup.o
    0x08018ef0   0x08018ef0   0x000004c4   Code   RO         2756    .text               tab_button.o
    0x080193b4   0x080193b4   0x000003e4   Code   RO         2775    .text               tab_button_group.o
    0x08019798   0x08019798   0x00000054   Code   RO         2793    .text               tab_control.o
    0x080197ec   0x080197ec   0x000000a2   Code   RO         2811    .text               ui_builder.o
    0x0801988e   0x0801988e   0x00000002   PAD
    0x08019890   0x08019890   0x00000af8   Code   RO         2826    .text               vgcanvas.o
    0x0801a388   0x0801a388   0x000003fc   Code   RO         2838    .text               widget_animator.o
    0x0801a784   0x0801a784   0x00000110   Code   RO         2883    .text               ui_builder_default.o
    0x0801a894   0x0801a894   0x0000007a   Code   RO         2906    .text               ui_loader.o
    0x0801a90e   0x0801a90e   0x00000002   PAD
    0x0801a910   0x0801a910   0x0000011c   Code   RO         2918    .text               ui_loader_default.o
    0x0801aa2c   0x0801aa2c   0x000000dc   Code   RO         2988    .text               window_open.o
    0x0801ab08   0x0801ab08   0x000002e0   Code   RO         3031    .text               color_tile.o
    0x0801ade8   0x0801ade8   0x00000304   Code   RO         3050    .text               assets_manager.o
    0x0801b0ec   0x0801b0ec   0x00000270   Code   RO         3065    .text               locale_info.o
    0x0801b35c   0x0801b35c   0x00000344   Code   RO         3080    .text               path.o
    0x0801b6a0   0x0801b6a0   0x00000040   Code   RO         3092    .text               app_bar.o
    0x0801b6e0   0x0801b6e0   0x00000040   Code   RO         3110    .text               column.o
    0x0801b720   0x0801b720   0x00000040   Code   RO         3128    .text               grid.o
    0x0801b760   0x0801b760   0x00000040   Code   RO         3146    .text               row.o
    0x0801b7a0   0x0801b7a0   0x00000324   Code   RO         3164    .text               calibration_win.o
    0x0801bac4   0x0801bac4   0x00000190   Code   RO         3182    .text               font_loader_bitmap.o
    0x0801bc54   0x0801bc54   0x0000002c   Code   RO         3196    .text               font_loader.o
    0x0801bc80   0x0801bc80   0x000005aa   Code   RO         3208    .text               window_base.o
    0x0801c22a   0x0801c22a   0x00000006   Code   RO         3222    .text               widget_animator_factory_null.o
    0x0801c230   0x0801c230   0x00000018   Code   RO         3237    .text               time_now.o
    0x0801c248   0x0801c248   0x000000d4   Code   RO         3249    .text               style.o
    0x0801c31c   0x0801c31c   0x000001e0   Code   RO         3264    .text               style_const.o
    0x0801c4fc   0x0801c4fc   0x00000034   Code   RO         3281    .text               style_factory.o
    0x0801c530   0x0801c530   0x00000344   Code   RO         3301    .text               widget_animator_manager.o
    0x0801c874   0x0801c874   0x000000a0   Code   RO         3316    .text               clip_board_default.o
    0x0801c914   0x0801c914   0x00000104   Code   RO         3333    .text               clip_board.o
    0x0801ca18   0x0801ca18   0x00000650   Code   RO         3350    .text               image_base.o
    0x0801d068   0x0801d068   0x00000040   Code   RO         3364    .text               grid_item.o
    0x0801d0a8   0x0801d0a8   0x0000031c   Code   RO         3382    .text               input_device_status.o
    0x0801d3c4   0x0801d3c4   0x0000017c   Code   RO         3396    .text               system_bar.o
    0x0801d540   0x0801d540   0x00000860   Code   RO         3415    .text               children_layouter_default.o
    0x0801dda0   0x0801dda0   0x00000154   Code   RO         3436    .text               children_layouter_factory.o
    0x0801def4   0x0801def4   0x000005a8   Code   RO         3460    .text               self_layouter_default.o
    0x0801e49c   0x0801e49c   0x000000b0   Code   RO         3478    .text               self_layouter_factory.o
    0x0801e54c   0x0801e54c   0x00000158   Code   RO         3499    .text               children_layouter.o
    0x0801e6a4   0x0801e6a4   0x0000013c   Code   RO         3514    .text               self_layouter.o
    0x0801e7e0   0x0801e7e0   0x00000140   Code   RO         3550    .text               func_call_parser.o
    0x0801e920   0x0801e920   0x00000084   Code   RO         3568    .text               event.o
    0x0801e9a4   0x0801e9a4   0x000000f8   Code   RO         3581    .text               named_value.o
    0x0801ea9c   0x0801ea9c   0x000006c0   Code   RO         3597    .text               object.o
    0x0801f15c   0x0801f15c   0x00000444   Code   RO         3613    .text               object_default.o
    0x0801f5a0   0x0801f5a0   0x0000008c   Code   RO         3649    .text               timer_info.o
    0x0801f62c   0x0801f62c   0x0000028c   Code   RO         3673    .text               timer_manager.o
    0x0801f8b8   0x0801f8b8   0x000001c0   Code   RO         3688    .text               idle_manager.o
    0x0801fa78   0x0801fa78   0x00000080   Code   RO         3709    .text               idle_info.o
    0x0801faf8   0x0801faf8   0x00000250   Code   RO         3724    .text               slist.o
    0x0801fd48   0x0801fd48   0x000002e8   Code   RO         3740    .text               widget_pool.o
    0x08020030   0x08020030   0x00000384   Code   RO         3755    .text               darray.o
    0x080203b4   0x080203b4   0x00001390   Code   RO         3771    .text               expr_eval.o
    0x08021744   0x08021744   0x00000002   Code   RO         3785    .text               lcd_profile.o
    0x08021746   0x08021746   0x00000002   PAD
    0x08021748   0x08021748   0x00000120   Code   RO         3806    .text               window_animator_factory.o
    0x08021868   0x08021868   0x00000120   Code   RO         3821    .text               dialog_highlighter.o
    0x08021988   0x08021988   0x00000170   Code   RO         3834    .text               dialog_highlighter_factory.o
    0x08021af8   0x08021af8   0x000006d0   Code   RO         3849    .text               lcd_stm32_raw.o
    0x080221c8   0x080221c8   0x000000d8   Code   RO         3879    .text               main_loop_stm32_raw.o
    0x080222a0   0x080222a0   0x00000064   Code   RO         4021    .text               platform.o
    0x08022304   0x08022304   0x0000001c   Code   RO         4035    .text               mutex_null.o
    0x08022320   0x08022320   0x0000004c   Code   RO         4052    .text               sys_tick.o
    0x0802236c   0x0802236c   0x00000004   Code   RO         4066    .text               fs_os.o
    0x08022370   0x08022370   0x00000026   Code   RO         4078    .text               demo_main.o
    0x08022396   0x08022396   0x00000002   PAD
    0x08022398   0x08022398   0x000005b0   Code   RO         4126    .text               demo1_app.o
    0x08022948   0x08022948   0x0000019c   Code   RO         4144    .text               assets-mini.o
    0x08022ae4   0x08022ae4   0x00000002   Code   RO         4194    .text               c_w.l(use_no_semi_2.o)
    0x08022ae6   0x08022ae6   0x00000002   PAD
    0x08022ae8   0x08022ae8   0x00000010   Code   RO         4196    .text               c_w.l(rt_ctype_table.o)
    0x08022af8   0x08022af8   0x0000001a   Code   RO         4198    .text               c_w.l(tolower.o)
    0x08022b12   0x08022b12   0x0000001e   Code   RO         4200    .text               c_w.l(toupper.o)
    0x08022b30   0x08022b30   0x00000034   Code   RO         4202    .text               c_w.l(vsnprintf.o)
    0x08022b64   0x08022b64   0x00000018   Code   RO         4204    .text               c_w.l(__2printf.o)
    0x08022b7c   0x08022b7c   0x00000078   Code   RO         4210    .text               c_w.l(_printf_dec.o)
    0x08022bf4   0x08022bf4   0x00000188   Code   RO         4229    .text               c_w.l(__printf_flags_ss_wp.o)
    0x08022d7c   0x08022d7c   0x00000034   Code   RO         4234    .text               c_w.l(vsscanf.o)
    0x08022db0   0x08022db0   0x00000070   Code   RO         4236    .text               c_w.l(strtol.o)
    0x08022e20   0x08022e20   0x00000050   Code   RO         4238    .text               c_w.l(bsearchnoex.o)
    0x08022e70   0x08022e70   0x00000014   Code   RO         4240    .text               c_w.l(strchr.o)
    0x08022e84   0x08022e84   0x00000024   Code   RO         4242    .text               c_w.l(strstr.o)
    0x08022ea8   0x08022ea8   0x00000058   Code   RO         4244    .text               c_w.l(memcmp.o)
    0x08022f00   0x08022f00   0x00000048   Code   RO         4246    .text               c_w.l(strcpy.o)
    0x08022f48   0x08022f48   0x00000016   Code   RO         4248    .text               c_w.l(strrchr.o)
    0x08022f5e   0x08022f5e   0x0000003e   Code   RO         4250    .text               c_w.l(strlen.o)
    0x08022f9c   0x08022f9c   0x00000012   Code   RO         4252    .text               c_w.l(wcscpy.o)
    0x08022fae   0x08022fae   0x00000018   Code   RO         4254    .text               c_w.l(wcscmp.o)
    0x08022fc6   0x08022fc6   0x00000016   Code   RO         4256    .text               c_w.l(wcschr.o)
    0x08022fdc   0x08022fdc   0x00000012   Code   RO         4258    .text               c_w.l(wcslen.o)
    0x08022fee   0x08022fee   0x00000096   Code   RO         4260    .text               c_w.l(strncmp.o)
    0x08023084   0x08023084   0x0000008a   Code   RO         4262    .text               c_w.l(rt_memcpy_v6.o)
    0x0802310e   0x0802310e   0x00000084   Code   RO         4264    .text               c_w.l(rt_memmove_v6.o)
    0x08023192   0x08023192   0x00000064   Code   RO         4266    .text               c_w.l(rt_memcpy_w.o)
    0x080231f6   0x080231f6   0x00000044   Code   RO         4268    .text               c_w.l(rt_memclr.o)
    0x0802323a   0x0802323a   0x0000004e   Code   RO         4270    .text               c_w.l(rt_memclr_w.o)
    0x08023288   0x08023288   0x00000056   Code   RO         4272    .text               c_w.l(strncpy.o)
    0x080232de   0x080232de   0x00000002   PAD
    0x080232e0   0x080232e0   0x00000080   Code   RO         4274    .text               c_w.l(strcmpv7m.o)
    0x08023360   0x08023360   0x00000006   Code   RO         4276    .text               c_w.l(heapauxi.o)
    0x08023366   0x08023366   0x00000002   Code   RO         4472    .text               c_w.l(use_no_semi.o)
    0x08023368   0x08023368   0x00000008   Code   RO         4478    .text               c_w.l(rt_locale_intlibspace.o)
    0x08023370   0x08023370   0x00000008   Code   RO         4483    .text               c_w.l(rt_errno_addr_intlibspace.o)
    0x08023378   0x08023378   0x00000016   Code   RO         4485    .text               c_w.l(_rserrno.o)
    0x0802338e   0x0802338e   0x0000004e   Code   RO         4487    .text               c_w.l(_printf_pad.o)
    0x080233dc   0x080233dc   0x00000024   Code   RO         4489    .text               c_w.l(_printf_truncate.o)
    0x08023400   0x08023400   0x00000052   Code   RO         4491    .text               c_w.l(_printf_str.o)
    0x08023452   0x08023452   0x000000b2   Code   RO         4493    .text               c_w.l(_printf_intcommon.o)
    0x08023504   0x08023504   0x00000028   Code   RO         4495    .text               c_w.l(_printf_charcount.o)
    0x0802352c   0x0802352c   0x00000030   Code   RO         4497    .text               c_w.l(_printf_char_common.o)
    0x0802355c   0x0802355c   0x0000000a   Code   RO         4499    .text               c_w.l(_sputc.o)
    0x08023566   0x08023566   0x00000010   Code   RO         4501    .text               c_w.l(_snputc.o)
    0x08023576   0x08023576   0x00000002   PAD
    0x08023578   0x08023578   0x00000024   Code   RO         4503    .text               c_w.l(_printf_char_file.o)
    0x0802359c   0x0802359c   0x000000bc   Code   RO         4505    .text               c_w.l(_printf_wctomb.o)
    0x08023658   0x08023658   0x0000007c   Code   RO         4508    .text               c_w.l(_printf_longlong_dec.o)
    0x080236d4   0x080236d4   0x00000070   Code   RO         4514    .text               c_w.l(_printf_oct_int_ll.o)
    0x08023744   0x08023744   0x00000094   Code   RO         4534    .text               c_w.l(_printf_hex_int_ll_ptr.o)
    0x080237d8   0x080237d8   0x00000156   Code   RO         4559    .text               c_w.l(_scanf_longlong.o)
    0x0802392e   0x0802392e   0x0000014c   Code   RO         4561    .text               c_w.l(_scanf_int.o)
    0x08023a7a   0x08023a7a   0x000000e0   Code   RO         4563    .text               c_w.l(_scanf_str.o)
    0x08023b5a   0x08023b5a   0x00000002   PAD
    0x08023b5c   0x08023b5c   0x0000002c   Code   RO         4565    .text               c_w.l(scanf_char.o)
    0x08023b88   0x08023b88   0x00000040   Code   RO         4567    .text               c_w.l(_sgetc.o)
    0x08023bc8   0x08023bc8   0x0000009e   Code   RO         4569    .text               c_w.l(_strtoul.o)
    0x08023c66   0x08023c66   0x00000002   PAD
    0x08023c68   0x08023c68   0x000000a4   Code   RO         4571    .text               c_w.l(strtod.o)
    0x08023d0c   0x08023d0c   0x00000114   Code   RO         4573    .text               c_w.l(_scanf_mbtowc.o)
    0x08023e20   0x08023e20   0x000000e8   Code   RO         4575    .text               c_w.l(_scanf_wctomb.o)
    0x08023f08   0x08023f08   0x000000d0   Code   RO         4577    .text               c_w.l(_scanf_wstr.o)
    0x08023fd8   0x08023fd8   0x0000007a   Code   RO         4582    .text               c_w.l(rt_memmove_w.o)
    0x08024052   0x08024052   0x00000002   PAD
    0x08024054   0x08024054   0x00000008   Code   RO         4650    .text               c_w.l(libspace.o)
    0x0802405c   0x0802405c   0x0000008a   Code   RO         4668    .text               c_w.l(lludiv10.o)
    0x080240e6   0x080240e6   0x00000012   Code   RO         4670    .text               c_w.l(isspace.o)
    0x080240f8   0x080240f8   0x0000041e   Code   RO         4672    .text               c_w.l(_printf_fp_dec.o)
    0x08024516   0x08024516   0x00000002   PAD
    0x08024518   0x08024518   0x000002fc   Code   RO         4674    .text               c_w.l(_printf_fp_hex.o)
    0x08024814   0x08024814   0x0000002c   Code   RO         4679    .text               c_w.l(_printf_char.o)
    0x08024840   0x08024840   0x0000002c   Code   RO         4681    .text               c_w.l(_printf_wchar.o)
    0x0802486c   0x0802486c   0x0000001c   Code   RO         4683    .text               c_w.l(_chval.o)
    0x08024888   0x08024888   0x00000374   Code   RO         4685    .text               c_w.l(_scanf.o)
    0x08024bfc   0x08024bfc   0x000004f8   Code   RO         4687    .text               c_w.l(scanf_fp.o)
    0x080250f4   0x080250f4   0x0000001e   Code   RO         4689    .text               c_w.l(_scanf_wcharmap.o)
    0x08025112   0x08025112   0x00000008   Code   RO         4691    .text               c_w.l(ferror.o)
    0x0802511a   0x0802511a   0x0000003c   Code   RO         4695    .text               c_w.l(_mbrtowc.o)
    0x08025156   0x08025156   0x00000040   Code   RO         4697    .text               c_w.l(_wcrtomb.o)
    0x08025196   0x08025196   0x0000004a   Code   RO         4749    .text               c_w.l(sys_stackheap_outer.o)
    0x080251e0   0x080251e0   0x00000080   Code   RO         4751    .text               c_w.l(_printf_fp_infnan.o)
    0x08025260   0x08025260   0x000000e4   Code   RO         4753    .text               c_w.l(bigflt0.o)
    0x08025344   0x08025344   0x00000012   Code   RO         4778    .text               c_w.l(exit.o)
    0x08025356   0x08025356   0x00000002   PAD
    0x08025358   0x08025358   0x00000320   Code   RO         4812    .text               c_w.l(scanf_hexfp.o)
    0x08025678   0x08025678   0x00000134   Code   RO         4814    .text               c_w.l(scanf_infnan.o)
    0x080257ac   0x080257ac   0x00000026   Code   RO         4837    .text               c_w.l(llshl.o)
    0x080257d2   0x080257d2   0x0000003e   Code   RO         4756    CL$$btod_d2e        c_w.l(btod.o)
    0x08025810   0x08025810   0x00000046   Code   RO         4758    CL$$btod_d2e_denorm_low  c_w.l(btod.o)
    0x08025856   0x08025856   0x00000060   Code   RO         4757    CL$$btod_d2e_norm_op1  c_w.l(btod.o)
    0x080258b6   0x080258b6   0x00000338   Code   RO         4766    CL$$btod_div_common  c_w.l(btod.o)
    0x08025bee   0x08025bee   0x00000002   PAD
    0x08025bf0   0x08025bf0   0x00000084   Code   RO         4764    CL$$btod_e2d        c_w.l(btod.o)
    0x08025c74   0x08025c74   0x000000dc   Code   RO         4763    CL$$btod_e2e        c_w.l(btod.o)
    0x08025d50   0x08025d50   0x0000002a   Code   RO         4760    CL$$btod_ediv       c_w.l(btod.o)
    0x08025d7a   0x08025d7a   0x0000002a   Code   RO         4762    CL$$btod_edivd      c_w.l(btod.o)
    0x08025da4   0x08025da4   0x0000002a   Code   RO         4759    CL$$btod_emul       c_w.l(btod.o)
    0x08025dce   0x08025dce   0x0000002a   Code   RO         4761    CL$$btod_emuld      c_w.l(btod.o)
    0x08025df8   0x08025df8   0x00000244   Code   RO         4765    CL$$btod_mult_common  c_w.l(btod.o)
    0x0802603c   0x0802603c   0x00000028   Code   RO         4628    i.__ARM_fpclassify  m_ws.l(fpclassify.o)
    0x08026064   0x08026064   0x00000388   Code   RO         4633    i.__ieee754_rem_pio2  m_ws.l(rred.o)
    0x080263ec   0x080263ec   0x000000fc   Code   RO         4611    i.__kernel_cos      m_ws.l(cos_i.o)
    0x080264e8   0x080264e8   0x000000aa   Code   RO         4630    i.__kernel_poly     m_ws.l(poly.o)
    0x08026592   0x08026592   0x00000002   PAD
    0x08026594   0x08026594   0x000000ec   Code   RO         4638    i.__kernel_sin      m_ws.l(sin_i.o)
    0x08026680   0x08026680   0x0000027c   Code   RO         4644    i.__kernel_tan      m_ws.l(tan_i.o)
    0x080268fc   0x080268fc   0x00000010   Code   RO         4614    i.__mathlib_dbl_divzero  m_ws.l(dunder.o)
    0x0802690c   0x0802690c   0x00000006   Code   RO         4615    i.__mathlib_dbl_infnan  m_ws.l(dunder.o)
    0x08026912   0x08026912   0x00000004   Code   RO         4616    i.__mathlib_dbl_infnan2  m_ws.l(dunder.o)
    0x08026916   0x08026916   0x0000000c   Code   RO         4617    i.__mathlib_dbl_invalid  m_ws.l(dunder.o)
    0x08026922   0x08026922   0x0000000e   Code   RO         4618    i.__mathlib_dbl_overflow  m_ws.l(dunder.o)
    0x08026930   0x08026930   0x00000010   Code   RO         4620    i.__mathlib_dbl_underflow  m_ws.l(dunder.o)
    0x08026940   0x08026940   0x00000010   Code   RO         4804    i.__mathlib_narrow  m_ws.l(narrow.o)
    0x08026950   0x08026950   0x000000bc   Code   RO         4805    i.__mathlib_tofloat  m_ws.l(narrow.o)
    0x08026a0c   0x08026a0c   0x00000016   Code   RO         4844    i.__support_ldexp   m_ws.l(ldexp.o)
    0x08026a22   0x08026a22   0x0000000e   Code   RO         4222    i._is_digit         c_w.l(__printf_wp.o)
    0x08026a30   0x08026a30   0x0000027c   Code   RO         4359    i.acos              m_ws.l(acos.o)
    0x08026cac   0x08026cac   0x00000270   Code   RO         4369    i.asin              m_ws.l(asin.o)
    0x08026f1c   0x08026f1c   0x00000220   Code   RO         4379    i.atan              m_ws.l(atan.o)
    0x0802713c   0x0802713c   0x0000002a   Code   RO         4389    i.atof              m_ws.l(atof.o)
    0x08027166   0x08027166   0x00000002   PAD
    0x08027168   0x08027168   0x000000dc   Code   RO         4393    i.ceil              m_ws.l(ceil.o)
    0x08027244   0x08027244   0x00000004   Code   RO         4470    i.ceill             m_ws.l(ceill.o)
    0x08027248   0x08027248   0x0000009c   Code   RO         4397    i.cos               m_ws.l(cos.o)
    0x080272e4   0x080272e4   0x00000284   Code   RO         4405    i.exp               m_ws.l(exp.o)
    0x08027568   0x08027568   0x000000dc   Code   RO         4415    i.floor             m_ws.l(floor.o)
    0x08027644   0x08027644   0x00000058   Code   RO         4823    i.frexp             m_ws.l(frexp.o)
    0x0802769c   0x0802769c   0x00000074   Code   RO         4845    i.ldexp             m_ws.l(ldexp.o)
    0x08027710   0x08027710   0x0000035c   Code   RO         4419    i.log               m_ws.l(log.o)
    0x08027a6c   0x08027a6c   0x000000e4   Code   RO         4429    i.log10             m_ws.l(log10.o)
    0x08027b50   0x08027b50   0x000009d8   Code   RO         4437    i.pow               m_ws.l(pow.o)
    0x08028528   0x08028528   0x000000a0   Code   RO         4447    i.sin               m_ws.l(sin.o)
    0x080285c8   0x080285c8   0x0000004c   Code   RO         4455    i.sqrt              m_ws.l(sqrt.o)
    0x08028614   0x08028614   0x00000064   Code   RO         4463    i.tan               m_ws.l(tan.o)
    0x08028678   0x08028678   0x0000002c   Code   RO         4580    locale$$code        c_w.l(lc_ctype_c.o)
    0x080286a4   0x080286a4   0x0000002c   Code   RO         4700    locale$$code        c_w.l(lc_numeric_c.o)
    0x080286d0   0x080286d0   0x00000062   Code   RO         4280    x$fpl$d2f           fz_ws.l(d2f.o)
    0x08028732   0x08028732   0x00000002   PAD
    0x08028734   0x08028734   0x00000150   Code   RO         4282    x$fpl$dadd          fz_ws.l(daddsub_clz.o)
    0x08028884   0x08028884   0x00000010   Code   RO         4747    x$fpl$dcheck1       fz_ws.l(dcheck1.o)
    0x08028894   0x08028894   0x00000018   Code   RO         4584    x$fpl$dcmpinf       fz_ws.l(dcmpi.o)
    0x080288ac   0x080288ac   0x000002b0   Code   RO         4289    x$fpl$ddiv          fz_ws.l(ddiv.o)
    0x08028b5c   0x08028b5c   0x00000078   Code   RO         4292    x$fpl$deqf          fz_ws.l(deqf.o)
    0x08028bd4   0x08028bd4   0x0000005e   Code   RO         4294    x$fpl$dfix          fz_ws.l(dfix.o)
    0x08028c32   0x08028c32   0x00000002   PAD
    0x08028c34   0x08028c34   0x0000005a   Code   RO         4302    x$fpl$dfixu         fz_ws.l(dfixu.o)
    0x08028c8e   0x08028c8e   0x0000002e   Code   RO         4307    x$fpl$dflt          fz_ws.l(dflt_clz.o)
    0x08028cbc   0x08028cbc   0x000000a2   Code   RO         4312    x$fpl$dfltll        fz_ws.l(dfltll_clz.o)
    0x08028d5e   0x08028d5e   0x00000026   Code   RO         4306    x$fpl$dfltu         fz_ws.l(dflt_clz.o)
    0x08028d84   0x08028d84   0x00000078   Code   RO         4316    x$fpl$dleqf         fz_ws.l(dleqf.o)
    0x08028dfc   0x08028dfc   0x00000154   Code   RO         4318    x$fpl$dmul          fz_ws.l(dmul.o)
    0x08028f50   0x08028f50   0x0000009c   Code   RO         4586    x$fpl$dnaninf       fz_ws.l(dnaninf.o)
    0x08028fec   0x08028fec   0x0000000c   Code   RO         4588    x$fpl$dretinf       fz_ws.l(dretinf.o)
    0x08028ff8   0x08028ff8   0x0000006c   Code   RO         4320    x$fpl$drleqf        fz_ws.l(drleqf.o)
    0x08029064   0x08029064   0x00000016   Code   RO         4283    x$fpl$drsb          fz_ws.l(daddsub_clz.o)
    0x0802907a   0x0802907a   0x00000002   PAD
    0x0802907c   0x0802907c   0x000001cc   Code   RO         4590    x$fpl$dsqrt         fz_ws.l(dsqrt_noumaal.o)
    0x08029248   0x08029248   0x000001d4   Code   RO         4284    x$fpl$dsub          fz_ws.l(daddsub_clz.o)
    0x0802941c   0x0802941c   0x00000056   Code   RO         4322    x$fpl$f2d           fz_ws.l(f2d.o)
    0x08029472   0x08029472   0x00000002   PAD
    0x08029474   0x08029474   0x000000c4   Code   RO         4324    x$fpl$fadd          fz_ws.l(faddsub_clz.o)
    0x08029538   0x08029538   0x00000018   Code   RO         4592    x$fpl$fcmpinf       fz_ws.l(fcmpi.o)
    0x08029550   0x08029550   0x00000184   Code   RO         4331    x$fpl$fdiv          fz_ws.l(fdiv.o)
    0x080296d4   0x080296d4   0x00000068   Code   RO         4334    x$fpl$feqf          fz_ws.l(feqf.o)
    0x0802973c   0x0802973c   0x00000036   Code   RO         4336    x$fpl$ffix          fz_ws.l(ffix.o)
    0x08029772   0x08029772   0x00000002   PAD
    0x08029774   0x08029774   0x0000003e   Code   RO         4340    x$fpl$ffixu         fz_ws.l(ffixu.o)
    0x080297b2   0x080297b2   0x00000002   PAD
    0x080297b4   0x080297b4   0x00000030   Code   RO         4345    x$fpl$fflt          fz_ws.l(fflt_clz.o)
    0x080297e4   0x080297e4   0x00000060   Code   RO         4350    x$fpl$ffltll        fz_ws.l(ffltll_clz.o)
    0x08029844   0x08029844   0x00000026   Code   RO         4344    x$fpl$ffltu         fz_ws.l(fflt_clz.o)
    0x0802986a   0x0802986a   0x00000002   PAD
    0x0802986c   0x0802986c   0x00000068   Code   RO         4352    x$fpl$fleqf         fz_ws.l(fleqf.o)
    0x080298d4   0x080298d4   0x00000102   Code   RO         4354    x$fpl$fmul          fz_ws.l(fmul.o)
    0x080299d6   0x080299d6   0x0000008c   Code   RO         4594    x$fpl$fnaninf       fz_ws.l(fnaninf.o)
    0x08029a62   0x08029a62   0x0000000a   Code   RO         4596    x$fpl$fretinf       fz_ws.l(fretinf.o)
    0x08029a6c   0x08029a6c   0x00000062   Code   RO         4356    x$fpl$frleqf        fz_ws.l(frleqf.o)
    0x08029ace   0x08029ace   0x00000014   Code   RO         4325    x$fpl$frsb          fz_ws.l(faddsub_clz.o)
    0x08029ae2   0x08029ae2   0x00000002   PAD
    0x08029ae4   0x08029ae4   0x000000ea   Code   RO         4326    x$fpl$fsub          fz_ws.l(faddsub_clz.o)
    0x08029bce   0x08029bce   0x00000006   Code   RO         4794    x$fpl$ieeestatus    fz_ws.l(istatus.o)
    0x08029bd4   0x08029bd4   0x000000c2   Code   RO         4298    x$fpl$llsfromd      fz_ws.l(dfixll.o)
    0x08029c96   0x08029c96   0x00000004   Code   RO         4598    x$fpl$printf1       fz_ws.l(printf1.o)
    0x08029c9a   0x08029c9a   0x00000004   Code   RO         4600    x$fpl$printf2       fz_ws.l(printf2.o)
    0x08029c9e   0x08029c9e   0x00000064   Code   RO         4796    x$fpl$retnan        fz_ws.l(retnan.o)
    0x08029d02   0x08029d02   0x0000005c   Code   RO         4606    x$fpl$scalbn        fz_ws.l(scalbn.o)
    0x08029d5e   0x08029d5e   0x00000004   Code   RO         4608    x$fpl$scanf1        fz_ws.l(scanf1.o)
    0x08029d62   0x08029d62   0x00000008   Code   RO         4798    x$fpl$scanf2        fz_ws.l(scanf2.o)
    0x08029d6a   0x08029d6a   0x00000030   Code   RO         4820    x$fpl$trapveneer    fz_ws.l(trapv.o)
    0x08029d9a   0x08029d9a   0x00000000   Code   RO         4610    x$fpl$usenofp       fz_ws.l(usenofp.o)
    0x08029d9a   0x08029d9a   0x00000018   Data   RO          513    .constdata          rtc.o
    0x08029db2   0x08029db2   0x00000948   Data   RO          570    .constdata          gui.o
    0x0802a6fa   0x0802a6fa   0x00000002   PAD
    0x0802a6fc   0x0802a6fc   0x00000044   Data   RO          605    .constdata          bitmap.o
    0x0802a740   0x0802a740   0x00000018   Data   RO          664    .constdata          buffer.o
    0x0802a758   0x0802a758   0x00000070   Data   RO          680    .constdata          button_1.o
    0x0802a7c8   0x0802a7c8   0x000000e0   Data   RO          888    .constdata          check_button.o
    0x0802a8a8   0x0802a8a8   0x0000000d   Data   RO          907    .constdata          color.o
    0x0802a8b5   0x0802a8b5   0x00000003   PAD
    0x0802a8b8   0x0802a8b8   0x00000070   Data   RO          926    .constdata          dialog.o
    0x0802a928   0x0802a928   0x0000001a   Data   RO          996    .constdata          emitter.o
    0x0802a942   0x0802a942   0x00000002   PAD
    0x0802a944   0x0802a944   0x00000324   Data   RO         1015    .constdata          enums.o
    0x0802ac68   0x0802ac68   0x0000000d   Data   RO         1042    .constdata          font.o
    0x0802ac75   0x0802ac75   0x00000014   Data   RO         1058    .constdata          font_manager.o
    0x0802ac89   0x0802ac89   0x00000003   PAD
    0x0802ac8c   0x0802ac8c   0x00000070   Data   RO         1085    .constdata          group_box.o
    0x0802acfc   0x0802acfc   0x00000070   Data   RO         1103    .constdata          image.o
    0x0802ad6c   0x0802ad6c   0x00000027   Data   RO         1125    .constdata          image_manager.o
    0x0802ad93   0x0802ad93   0x00000001   PAD
    0x0802ad94   0x0802ad94   0x00000070   Data   RO         1152    .constdata          label.o
    0x0802ae04   0x0802ae04   0x00000070   Data   RO         1243    .constdata          progress_bar.o
    0x0802ae74   0x0802ae74   0x0000000c   Data   RO         1262    .constdata          rect.o
    0x0802ae80   0x0802ae80   0x0000000d   Data   RO         1278    .constdata          theme.o
    0x0802ae8d   0x0802ae8d   0x00000003   PAD
    0x0802ae90   0x0802ae90   0x00000104   Data   RO         1296    .constdata          utf8.o
    0x0802af94   0x0802af94   0x0000000d   Data   RO         1311    .constdata          value.o
    0x0802afa1   0x0802afa1   0x00000003   PAD
    0x0802afa4   0x0802afa4   0x00000070   Data   RO         1456    .constdata          widget_vtable.o
    0x0802b014   0x0802b014   0x00000070   Data   RO         1504    .constdata          window.o
    0x0802b084   0x0802b084   0x00000086   Data   RO         1523    .constdata          window_manager.o
    0x0802b10a   0x0802b10a   0x00000014   Data   RO         1560    .constdata          wstr.o
    0x0802b11e   0x0802b11e   0x00000022   Data   RO         1579    .constdata          utils.o
    0x0802b140   0x0802b140   0x00000013   Data   RO         1703    .constdata          event_queue.o
    0x0802b153   0x0802b153   0x00000001   PAD
    0x0802b154   0x0802b154   0x00000070   Data   RO         1734    .constdata          slider.o
    0x0802b1c4   0x0802b1c4   0x00000017   Data   RO         1753    .constdata          window_animator.o
    0x0802b1db   0x0802b1db   0x00000001   PAD
    0x0802b1dc   0x0802b1dc   0x0000002c   Data   RO         1782    .constdata          system_info.o
    0x0802b208   0x0802b208   0x00000017   Data   RO         1813    .constdata          str.o
    0x0802b21f   0x0802b21f   0x00000001   PAD
    0x0802b220   0x0802b220   0x00000070   Data   RO         1848    .constdata          pages.o
    0x0802b290   0x0802b290   0x00000070   Data   RO         1867    .constdata          edit.o
    0x0802b300   0x0802b300   0x00000070   Data   RO         1890    .constdata          view.o
    0x0802b370   0x0802b370   0x000004ae   Data   RO         1923    .constdata          widget_factory.o
    0x0802b81e   0x0802b81e   0x00000002   PAD
    0x0802b820   0x0802b820   0x00000070   Data   RO         2151    .constdata          spin_box.o
    0x0802b890   0x0802b890   0x00000070   Data   RO         2170    .constdata          dragger.o
    0x0802b900   0x0802b900   0x00000070   Data   RO         2189    .constdata          dialog_client.o
    0x0802b970   0x0802b970   0x00000070   Data   RO         2204    .constdata          dialog_title.o
    0x0802b9e0   0x0802b9e0   0x00000019   Data   RO         2546    .constdata          input_method_creator.o
    0x0802b9f9   0x0802b9f9   0x00000003   PAD
    0x0802b9fc   0x0802b9fc   0x00000070   Data   RO         2562    .constdata          button_group.o
    0x0802ba6c   0x0802ba6c   0x00000088   Data   RO         2598    .constdata          combo_box.o
    0x0802baf4   0x0802baf4   0x00000070   Data   RO         2624    .constdata          combo_box_item.o
    0x0802bb64   0x0802bb64   0x00000060   Data   RO         2639    .constdata          easing.o
    0x0802bbc4   0x0802bbc4   0x0000000a   Data   RO         2653    .constdata          fs.o
    0x0802bbce   0x0802bbce   0x00000002   PAD
    0x0802bbd0   0x0802bbd0   0x00000070   Data   RO         2712    .constdata          popup.o
    0x0802bc40   0x0802bc40   0x00000070   Data   RO         2757    .constdata          tab_button.o
    0x0802bcb0   0x0802bcb0   0x00000070   Data   RO         2776    .constdata          tab_button_group.o
    0x0802bd20   0x0802bd20   0x00000070   Data   RO         2794    .constdata          tab_control.o
    0x0802bd90   0x0802bd90   0x00000004   Data   RO         2919    .constdata          ui_loader_default.o
    0x0802bd94   0x0802bd94   0x00000070   Data   RO         3032    .constdata          color_tile.o
    0x0802be04   0x0802be04   0x00000016   Data   RO         3051    .constdata          assets_manager.o
    0x0802be1a   0x0802be1a   0x00000013   Data   RO         3066    .constdata          locale_info.o
    0x0802be2d   0x0802be2d   0x00000003   PAD
    0x0802be30   0x0802be30   0x00000070   Data   RO         3093    .constdata          app_bar.o
    0x0802bea0   0x0802bea0   0x00000070   Data   RO         3111    .constdata          column.o
    0x0802bf10   0x0802bf10   0x00000070   Data   RO         3129    .constdata          grid.o
    0x0802bf80   0x0802bf80   0x00000070   Data   RO         3147    .constdata          row.o
    0x0802bff0   0x0802bff0   0x00000070   Data   RO         3165    .constdata          calibration_win.o
    0x0802c060   0x0802c060   0x00000013   Data   RO         3183    .constdata          font_loader_bitmap.o
    0x0802c073   0x0802c073   0x00000001   PAD
    0x0802c074   0x0802c074   0x00000070   Data   RO         3209    .constdata          window_base.o
    0x0802c0e4   0x0802c0e4   0x0000002b   Data   RO         3265    .constdata          style_const.o
    0x0802c10f   0x0802c10f   0x0000001f   Data   RO         3302    .constdata          widget_animator_manager.o
    0x0802c12e   0x0802c12e   0x00000002   PAD
    0x0802c130   0x0802c130   0x0000002a   Data   RO         3317    .constdata          clip_board_default.o
    0x0802c15a   0x0802c15a   0x00000002   PAD
    0x0802c15c   0x0802c15c   0x00000070   Data   RO         3351    .constdata          image_base.o
    0x0802c1cc   0x0802c1cc   0x00000070   Data   RO         3365    .constdata          grid_item.o
    0x0802c23c   0x0802c23c   0x00000026   Data   RO         3383    .constdata          input_device_status.o
    0x0802c262   0x0802c262   0x00000002   PAD
    0x0802c264   0x0802c264   0x00000070   Data   RO         3397    .constdata          system_bar.o
    0x0802c2d4   0x0802c2d4   0x00000064   Data   RO         3416    .constdata          children_layouter_default.o
    0x0802c338   0x0802c338   0x00000035   Data   RO         3461    .constdata          self_layouter_default.o
    0x0802c36d   0x0802c36d   0x0000000d   Data   RO         3569    .constdata          event.o
    0x0802c37a   0x0802c37a   0x00000013   Data   RO         3582    .constdata          named_value.o
    0x0802c38d   0x0802c38d   0x0000000e   Data   RO         3598    .constdata          object.o
    0x0802c39b   0x0802c39b   0x00000001   PAD
    0x0802c39c   0x0802c39c   0x00000058   Data   RO         3614    .constdata          object_default.o
    0x0802c3f4   0x0802c3f4   0x0000002c   Data   RO         3650    .constdata          timer_info.o
    0x0802c420   0x0802c420   0x00000015   Data   RO         3674    .constdata          timer_manager.o
    0x0802c435   0x0802c435   0x00000014   Data   RO         3689    .constdata          idle_manager.o
    0x0802c449   0x0802c449   0x00000003   PAD
    0x0802c44c   0x0802c44c   0x0000002c   Data   RO         3710    .constdata          idle_info.o
    0x0802c478   0x0802c478   0x0000001f   Data   RO         3725    .constdata          slist.o
    0x0802c497   0x0802c497   0x00000032   Data   RO         3741    .constdata          widget_pool.o
    0x0802c4c9   0x0802c4c9   0x00000028   Data   RO         3756    .constdata          darray.o
    0x0802c4f1   0x0802c4f1   0x00000007   PAD
    0x0802c4f8   0x0802c4f8   0x0000010c   Data   RO         3772    .constdata          expr_eval.o
    0x0802c604   0x0802c604   0x00000040   Data   RO         3807    .constdata          window_animator_factory.o
    0x0802c644   0x0802c644   0x0000001a   Data   RO         3822    .constdata          dialog_highlighter.o
    0x0802c65e   0x0802c65e   0x00000046   Data   RO         3835    .constdata          dialog_highlighter_factory.o
    0x0802c6a4   0x0802c6a4   0x0000000f   Data   RO         3850    .constdata          lcd_stm32_raw.o
    0x0802c6b3   0x0802c6b3   0x00000005   PAD
    0x0802c6b8   0x0802c6b8   0x00025bc8   Data   RO         4145    .constdata          assets-mini.o
    0x08052280   0x08052280   0x00000011   Data   RO         4230    .constdata          c_w.l(__printf_flags_ss_wp.o)
    0x08052291   0x08052291   0x00000007   PAD
    0x08052298   0x08052298   0x00000050   Data   RO         4360    .constdata          m_ws.l(acos.o)
    0x080522e8   0x080522e8   0x00000050   Data   RO         4370    .constdata          m_ws.l(asin.o)
    0x08052338   0x08052338   0x00000098   Data   RO         4380    .constdata          m_ws.l(atan.o)
    0x080523d0   0x080523d0   0x00000058   Data   RO         4406    .constdata          m_ws.l(exp.o)
    0x08052428   0x08052428   0x00000038   Data   RO         4420    .constdata          m_ws.l(log.o)
    0x08052460   0x08052460   0x00000088   Data   RO         4438    .constdata          m_ws.l(pow.o)
    0x080524e8   0x080524e8   0x00000008   Data   RO         4506    .constdata          c_w.l(_printf_wctomb.o)
    0x080524f0   0x080524f0   0x00000028   Data   RO         4535    .constdata          c_w.l(_printf_hex_int_ll_ptr.o)
    0x08052518   0x08052518   0x00000030   Data   RO         4612    .constdata          m_ws.l(cos_i.o)
    0x08052548   0x08052548   0x00000008   Data   RO         4632    .constdata          m_ws.l(qnan.o)
    0x08052550   0x08052550   0x000000c8   Data   RO         4635    .constdata          m_ws.l(rred.o)
    0x08052618   0x08052618   0x00000028   Data   RO         4639    .constdata          m_ws.l(sin_i.o)
    0x08052640   0x08052640   0x00000060   Data   RO         4645    .constdata          m_ws.l(tan_i.o)
    0x080526a0   0x080526a0   0x00000026   Data   RO         4675    .constdata          c_w.l(_printf_fp_hex.o)
    0x080526c6   0x080526c6   0x00000002   PAD
    0x080526c8   0x080526c8   0x00000094   Data   RO         4754    .constdata          c_w.l(bigflt0.o)
    0x0805275c   0x0805275c   0x0000000f   Data   RO          681    .conststring        button_1.o
    0x0805276b   0x0805276b   0x00000001   PAD
    0x0805276c   0x0805276c   0x00000025   Data   RO          889    .conststring        check_button.o
    0x08052791   0x08052791   0x00000003   PAD
    0x08052794   0x08052794   0x0000003a   Data   RO          927    .conststring        dialog.o
    0x080527ce   0x080527ce   0x00000002   PAD
    0x080527d0   0x080527d0   0x00000281   Data   RO         1016    .conststring        enums.o
    0x08052a51   0x08052a51   0x00000003   PAD
    0x08052a54   0x08052a54   0x0000000a   Data   RO         1086    .conststring        group_box.o
    0x08052a5e   0x08052a5e   0x00000002   PAD
    0x08052a60   0x08052a60   0x00000055   Data   RO         1104    .conststring        image.o
    0x08052ab5   0x08052ab5   0x00000003   PAD
    0x08052ab8   0x08052ab8   0x00000006   Data   RO         1153    .conststring        label.o
    0x08052abe   0x08052abe   0x00000002   PAD
    0x08052ac0   0x08052ac0   0x00000026   Data   RO         1244    .conststring        progress_bar.o
    0x08052ae6   0x08052ae6   0x00000002   PAD
    0x08052ae8   0x08052ae8   0x00000068   Data   RO         1324    .conststring        widget.o
    0x08052b50   0x08052b50   0x00000007   Data   RO         1457    .conststring        widget_vtable.o
    0x08052b57   0x08052b57   0x00000001   PAD
    0x08052b58   0x08052b58   0x00000013   Data   RO         1505    .conststring        window.o
    0x08052b6b   0x08052b6b   0x00000001   PAD
    0x08052b6c   0x08052b6c   0x0000000f   Data   RO         1524    .conststring        window_manager.o
    0x08052b7b   0x08052b7b   0x00000001   PAD
    0x08052b7c   0x08052b7c   0x00000018   Data   RO         1735    .conststring        slider.o
    0x08052b94   0x08052b94   0x0000000c   Data   RO         1783    .conststring        system_info.o
    0x08052ba0   0x08052ba0   0x00000006   Data   RO         1849    .conststring        pages.o
    0x08052ba6   0x08052ba6   0x00000002   PAD
    0x08052ba8   0x08052ba8   0x0000008d   Data   RO         1868    .conststring        edit.o
    0x08052c35   0x08052c35   0x00000003   PAD
    0x08052c38   0x08052c38   0x00000005   Data   RO         1891    .conststring        view.o
    0x08052c3d   0x08052c3d   0x00000003   PAD
    0x08052c40   0x08052c40   0x00000009   Data   RO         2152    .conststring        spin_box.o
    0x08052c49   0x08052c49   0x00000003   PAD
    0x08052c4c   0x08052c4c   0x00000026   Data   RO         2171    .conststring        dragger.o
    0x08052c72   0x08052c72   0x00000002   PAD
    0x08052c74   0x08052c74   0x0000000e   Data   RO         2190    .conststring        dialog_client.o
    0x08052c82   0x08052c82   0x00000002   PAD
    0x08052c84   0x08052c84   0x0000000d   Data   RO         2205    .conststring        dialog_title.o
    0x08052c91   0x08052c91   0x00000003   PAD
    0x08052c94   0x08052c94   0x00000a61   Data   RO         2580    .conststring        color_parser.o
    0x080536f5   0x080536f5   0x00000003   PAD
    0x080536f8   0x080536f8   0x00000026   Data   RO         2599    .conststring        combo_box.o
    0x0805371e   0x0805371e   0x00000002   PAD
    0x08053720   0x08053720   0x0000000f   Data   RO         2625    .conststring        combo_box_item.o
    0x0805372f   0x0805372f   0x00000001   PAD
    0x08053730   0x08053730   0x00000036   Data   RO         2713    .conststring        popup.o
    0x08053766   0x08053766   0x00000002   PAD
    0x08053768   0x08053768   0x0000000b   Data   RO         2758    .conststring        tab_button.o
    0x08053773   0x08053773   0x00000001   PAD
    0x08053774   0x08053774   0x00000011   Data   RO         2777    .conststring        tab_button_group.o
    0x08053785   0x08053785   0x00000003   PAD
    0x08053788   0x08053788   0x0000000c   Data   RO         2795    .conststring        tab_control.o
    0x08053794   0x08053794   0x00000025   Data   RO         3033    .conststring        color_tile.o
    0x080537b9   0x080537b9   0x00000003   PAD
    0x080537bc   0x080537bc   0x00000008   Data   RO         3094    .conststring        app_bar.o
    0x080537c4   0x080537c4   0x00000007   Data   RO         3112    .conststring        column.o
    0x080537cb   0x080537cb   0x00000001   PAD
    0x080537cc   0x080537cc   0x00000004   Data   RO         3130    .conststring        grid.o
    0x080537d0   0x080537d0   0x00000010   Data   RO         3166    .conststring        calibration_win.o
    0x080537e0   0x080537e0   0x0000000b   Data   RO         3398    .conststring        system_bar.o
    0x080537eb   0x080537eb   0x00000001   PAD
    0x080537ec   0x080537ec   0x0000000f   Data   RO         3615    .conststring        object_default.o
    0x080537fb   0x080537fb   0x00000001   PAD
    0x080537fc   0x080537fc   0x0000000b   Data   RO         3651    .conststring        timer_info.o
    0x08053807   0x08053807   0x00000001   PAD
    0x08053808   0x08053808   0x0000000a   Data   RO         3711    .conststring        idle_info.o
    0x08053812   0x08053812   0x00000002   PAD
    0x08053814   0x08053814   0x0000016b   Data   RO         3773    .conststring        expr_eval.o
    0x0805397f   0x0805397f   0x00000001   PAD
    0x08053980   0x08053980   0x00000020   Data   RO         4905    Region$$Table       anon$$obj.o
    0x080539a0   0x080539a0   0x00000008   Data   RO         4788    c$$dinf             fz_ws.l(fpconst.o)
    0x080539a8   0x080539a8   0x00000008   Data   RO         4791    c$$dmax             fz_ws.l(fpconst.o)
    0x080539b0   0x080539b0   0x00000110   Data   RO         4579    locale$$data        c_w.l(lc_ctype_c.o)
    0x08053ac0   0x08053ac0   0x0000001c   Data   RO         4699    locale$$data        c_w.l(lc_numeric_c.o)


    Execution Region RW_IRAM1 (Exec base: 0x20000000, Load base: 0x08053adc, Size: 0x00003e98, Max: 0x00010000, ABSOLUTE, COMPRESSED[0x00000420])

    Exec Addr    Load Addr    Size         Type   Attr      Idx    E Section Name        Object

    0x20000000   COMPRESSED   0x00000014   Data   RW          105    .data               system_stm32f10x.o
    0x20000014   COMPRESSED   0x00000006   Data   RW          218    .data               usart.o
    0x2000001a   COMPRESSED   0x00000014   Data   RW          282    .data               stm32f10x_rcc.o
    0x2000002e   COMPRESSED   0x00000001   Data   RW          452    .data               led.o
    0x2000002f   COMPRESSED   0x00000001   Data   RW          480    .data               button.o
    0x20000030   COMPRESSED   0x00000004   Data   RW          493    .data               tim.o
    0x20000034   COMPRESSED   0x0000000a   Data   RW          514    .data               rtc.o
    0x2000003e   COMPRESSED   0x00000008   Data   RW          537    .data               touch.o
    0x20000046   COMPRESSED   0x00000002   PAD
    0x20000048   COMPRESSED   0x00000008   Data   RW          682    .data               button_1.o
    0x20000050   COMPRESSED   0x00000008   Data   RW          890    .data               check_button.o
    0x20000058   COMPRESSED   0x00000014   Data   RW          928    .data               dialog.o
    0x2000006c   COMPRESSED   0x00000004   Data   RW         1059    .data               font_manager.o
    0x20000070   COMPRESSED   0x00000028   Data   RW         1105    .data               image.o
    0x20000098   COMPRESSED   0x00000004   Data   RW         1126    .data               image_manager.o
    0x2000009c   COMPRESSED   0x00000004   Data   RW         1212    .data               main_loop.o
    0x200000a0   COMPRESSED   0x00000010   Data   RW         1245    .data               progress_bar.o
    0x200000b0   COMPRESSED   0x00000004   Data   RW         1279    .data               theme.o
    0x200000b4   COMPRESSED   0x00000034   Data   RW         1325    .data               widget.o
    0x200000e8   COMPRESSED   0x00000018   Data   RW         1506    .data               window.o
    0x20000100   COMPRESSED   0x00000004   Data   RW         1525    .data               window_manager.o
    0x20000104   COMPRESSED   0x00000018   Data   RW         1736    .data               slider.o
    0x2000011c   COMPRESSED   0x00000004   Data   RW         1784    .data               system_info.o
    0x20000120   COMPRESSED   0x00000008   Data   RW         1850    .data               pages.o
    0x20000128   COMPRESSED   0x0000003c   Data   RW         1869    .data               edit.o
    0x20000164   COMPRESSED   0x00000004   Data   RW         1924    .data               widget_factory.o
    0x20000168   COMPRESSED   0x00000004   Data   RW         2109    .data               input_method.o
    0x2000016c   COMPRESSED   0x00000014   Data   RW         2172    .data               dragger.o
    0x20000180   COMPRESSED   0x00000460   Data   RW         2581    .data               color_parser.o
    0x200005e0   COMPRESSED   0x0000003c   Data   RW         2600    .data               combo_box.o
    0x2000061c   COMPRESSED   0x0000001c   Data   RW         2714    .data               popup.o
    0x20000638   COMPRESSED   0x00000008   Data   RW         2759    .data               tab_button.o
    0x20000640   COMPRESSED   0x0000000c   Data   RW         3034    .data               color_tile.o
    0x2000064c   COMPRESSED   0x00000004   Data   RW         3052    .data               assets_manager.o
    0x20000650   COMPRESSED   0x00000004   Data   RW         3067    .data               locale_info.o
    0x20000654   COMPRESSED   0x00000008   Data   RW         3184    .data               font_loader_bitmap.o
    0x2000065c   COMPRESSED   0x00000004   Data   RW         3282    .data               style_factory.o
    0x20000660   COMPRESSED   0x00000004   Data   RW         3303    .data               widget_animator_manager.o
    0x20000664   COMPRESSED   0x00000004   Data   RW         3334    .data               clip_board.o
    0x20000668   COMPRESSED   0x00000008   Data   RW         3399    .data               system_bar.o
    0x20000670   COMPRESSED   0x00000004   Data   RW         3675    .data               timer_manager.o
    0x20000674   COMPRESSED   0x00000004   Data   RW         3690    .data               idle_manager.o
    0x20000678   COMPRESSED   0x00000004   Data   RW         3742    .data               widget_pool.o
    0x2000067c   COMPRESSED   0x00000004   Data   RW         3808    .data               window_animator_factory.o
    0x20000680   COMPRESSED   0x00000004   Data   RW         3836    .data               dialog_highlighter_factory.o
    0x20000684   COMPRESSED   0x00000004   Data   RW         4036    .data               mutex_null.o
    0x20000688   COMPRESSED   0x00000004   Data   RW         4053    .data               sys_tick.o
    0x2000068c        -       0x000000c8   Zero   RW          217    .bss                usart.o
    0x20000754        -       0x0000000a   Zero   RW          512    .bss                rtc.o
    0x2000075e   COMPRESSED   0x00000002   PAD
    0x20000760        -       0x0000000c   Zero   RW          536    .bss                touch.o
    0x2000076c        -       0x00001000   Zero   RW          591    .bss                flash.o
    0x2000176c        -       0x00000014   Zero   RW         1229    .bss                mem.o
    0x20001780        -       0x00000094   Zero   RW         1829    .bss                main_loop_simple.o
    0x20001814        -       0x00000024   Zero   RW         2884    .bss                ui_builder_default.o
    0x20001838        -       0x00002000   Zero   RW         4022    .bss                platform.o
    0x20003838        -       0x00000060   Zero   RW         4651    .bss                c_w.l(libspace.o)
    0x20003898        -       0x00000200   Zero   RW          251    HEAP                startup_stm32f10x_hd.o
    0x20003a98        -       0x00000400   Zero   RW          250    STACK               startup_stm32f10x_hd.o


==============================================================================

Image component sizes


      Code (inc. data)   RO Data    RW Data    ZI Data      Debug   Object Name

        64          6        120          0          0       1418   app_bar.o
       412        132     154568          0          0      10799   assets-mini.o
       772         38         22          4          0       6773   assets_manager.o
       900         16          0          0          0      41323   awtk_global.o
      1410         38         68          0          0      24255   bitmap.o
      1064          8         24          0          0       8519   buffer.o
       256         12          0          1          0        814   button.o
      1032         74        127          8          0      47907   button_1.o
        84          6        112          0          0       1692   button_group.o
       804         22        128          0          0       5343   calibration_win.o
     11260         72          0          0          0      57608   canvas.o
       924         64        261          8          0       5449   check_button.o
       344          0          0          0          0       4638   children_layouter.o
      2144        110        100          0          0       6631   children_layouter_default.o
       340         20          0          0          0       4453   children_layouter_factory.o
       260          8          0          4          0       3724   clip_board.o
       160         14         42          0          0       3444   clip_board_default.o
       312         46         13          0          0       6488   color.o
       676        100       2657       1120          0       3789   color_parser.o
       736         58        149         12          0       4449   color_tile.o
        64          6        119          0          0       1380   column.o
      2344        178        174         60          0      13190   combo_box.o
       828         70        127          0          0       4444   combo_box_item.o
         0          0          0          0          0         32   core_cm3.o
       900         20         40          0          0       7119   darray.o
      1456        258          0          0          0       3759   demo1_app.o
        38          0          0          0          0        572   demo_main.o
      2124        410        170         20          0      19710   dialog.o
       124         20        126          0          0       1802   dialog_client.o
       288          4         26          0          0       2504   dialog_highlighter.o
       368         24         70          4          0       4211   dialog_highlighter_factory.o
       108         12        125          0          0       1848   dialog_title.o
       964         70        150         20          0       4880   dragger.o
      2404        128         96          0          0       6213   easing.o
      8208        336        253         60          0      26276   edit.o
       920          8         26          0          0       8732   emitter.o
       292         28       1445          0          0       7412   enums.o
       132          4         13          0          0       2006   event.o
       336          4         19          0          0       5408   event_queue.o
       470          0          0          0          0      27259   events.o
      5008        122        631          0          0      20526   expr_eval.o
       924         12          0          0       4096       3205   flash.o
       204          6         13          0          0       2858   font.o
        44          0          0          0          0       1015   font_loader.o
       400         30         19          8          0       4025   font_loader_bitmap.o
       456         24         20          4          0       7734   font_manager.o
       908         14         10          0          0       9863   fs.o
         4          0          0          0          0        428   fs_os.o
       320         18          0          0          0       2763   func_call_parser.o
        64          6        116          0          0       1364   grid.o
        64          6        112          0          0       1418   grid_item.o
        84          6        122          0          0       1654   group_box.o
      1072         12       2376          0          0       5463   gui.o
       154          0          0          0          0       2229   idle.o
       128          6         54          0          0       2217   idle_info.o
       448         18         20          4          0       5787   idle_manager.o
       556         16        197         40          0       4354   image.o
      1616        126        112          0          0       6581   image_base.o
        34          0          0          0          0       1384   image_loader.o
      1068         52         39          4          0      11395   image_manager.o
       796          4         38          0          0       2942   input_device_status.o
       126          0          0          0          0       1010   input_engine.o
         0          0          0          0          0        604   input_engine_null.o
       620         10          0          4          0       5265   input_method.o
       104         12         25          0          0       1615   input_method_creator.o
      1168         58        118          0          0       6565   label.o
       400         58          0          0          0       3093   layout.o
      1102          0          0          0          0      26127   lcd.o
       696         18          0          0          0       2060   lcd_driver.o
         2          0          0          0          0       8549   lcd_profile.o
      1744         46         15          0          0      17557   lcd_stm32_raw.o
       164         10          0          1          0        703   led.o
       624         24         19          4          0       5238   locale_info.o
        68          0          0          0          0     205171   main.o
       300          4          0          4          0       3260   main_loop.o
       696         12          0          0        148       4813   main_loop_simple.o
       216         16          0          0          0      39745   main_loop_stm32_raw.o
       756          4          0          0         20       5623   mem.o
       220         22          0          0          0       1753   misc.o
        28          6          0          4          0       1845   mutex_null.o
       248          6         19          0          0       3159   named_value.o
      1728         12         14          0          0      12608   object.o
      1092         14        103          0          0      13117   object_default.o
       556         22        118          8          0       4300   pages.o
       836          6          0          0          0       4902   path.o
       100         12          0          0       8192       1132   platform.o
       568         52        166         28          0       3768   popup.o
       992         72        150         16          0       4936   progress_bar.o
      1100          4         12          0          0       5072   rect.o
        64          6        112          0          0       1346   row.o
      1120         66         24         10         10       4243   rtc.o
       316          0          0          0          0       4719   self_layouter.o
      1448        124         53          0          0       5276   self_layouter_default.o
       176         16          0          0          0       2863   self_layouter_factory.o
      2564        144        136         24          0       8685   slider.o
       592         16         31          0          0       5538   slist.o
       476         16          0          0          0       1796   spi.o
       348         68        121          0          0       2213   spin_box.o
        64         26        304          0       1536        780   startup_stm32f10x_hd.o
       196          8          0          0          0       3452   stm32f10x_bkp.o
      1548         18          0          0          0       5331   stm32f10x_fsmc.o
       860         38          0          0          0       5685   stm32f10x_gpio.o
        24          0          0          0          0      63786   stm32f10x_it.o
       204         14          0          0          0       1931   stm32f10x_pwr.o
       932         36          0         20          0       8840   stm32f10x_rcc.o
       328          4          0          0          0       2702   stm32f10x_rtc.o
       780         14          0          0          0       6566   stm32f10x_spi.o
      3610         88          0          0          0      22792   stm32f10x_tim.o
      1032         22          0          0          0       8412   stm32f10x_usart.o
      2420         66         23          0          0      13094   str.o
       212          0          0          0          0       4117   style.o
       480         80         43          0          0       4420   style_const.o
        52          6          0          4          0       1973   style_factory.o
        76          6          0          4          0       1653   sys_tick.o
       380         40        123          8          0       3184   system_bar.o
      1204        192         56          4          0       6008   system_info.o
       480         38          0         20          0       1671   system_stm32f10x.o
      1220         94        123          8          0       6372   tab_button.o
       996         66        129          0          0       6052   tab_button_group.o
        84          6        124          0          0       1682   tab_control.o
       544         18         13          4          0       4213   theme.o
       572         24          0          4          0       1897   tim.o
        24          0          0          0          0        589   time_now.o
       244          0          0          0          0       3037   timer.o
       140          4         55          0          0       3821   timer_info.o
       652         18         21          4          0       6087   timer_manager.o
       616          4          0          0          0       4263   tokenizer.o
      1088         38          0          8         12       4186   touch.o
       162          0          0          0          0       2884   ui_builder.o
       272         26          0          0         36       3085   ui_builder_default.o
       122          0          0          0          0       1503   ui_loader.o
       284         10          4          0          0       2707   ui_loader_default.o
       296         16          0          6        200       3102   usart.o
       772          4        260          0          0       5405   utf8.o
      2120         60         34          0          0      18387   utils.o
      2172         60         13          0          0      11650   value.o
      2808         14          0          0          0      20349   vgcanvas.o
        64          6        117          0          0       1364   view.o
     13532        802        104         52          0      91436   widget.o
      1020          4          0          0          0       7698   widget_animator.o
         6          0          0          0          0       2033   widget_animator_factory_null.o
       836         14         31          4          0       7612   widget_animator_manager.o
       384         26       1198          4          0      25394   widget_factory.o
       744         26         50          4          0       5284   widget_pool.o
       740         30        119          0          0      26271   widget_vtable.o
       280         16        131         24          0       3006   window.o
       812          6         23          0          0       5130   window_animator.o
       288         20         64          4          0       4367   window_animator_factory.o
      1450        168        112          0          0       5386   window_base.o
      4976        176        149          4          0      29479   window_manager.o
       220         10          0          0          0       2724   window_open.o
      1872         26         20          0          0      14028   wstr.o

    ----------------------------------------------------------------------
    141350       6346     170074       1676      14252    1436627   Object Totals
         0          0         32          0          0          0   (incl. Generated)
        24          0        114          2          2          0   (incl. Padding)

    ----------------------------------------------------------------------

      Code (inc. data)   RO Data    RW Data    ZI Data      Debug   Library Member Name

        24          4          0          0          0         84   __2printf.o
       100          0          0          0          0          0   __dclz77c.o
         8          0          0          0          0         68   __main.o
       392          4         17          0          0         92   __printf_flags_ss_wp.o
        14          0          0          0          0         68   __printf_wp.o
         0          0          0          0          0          0   __rtentry.o
        12          0          0          0          0          0   __rtentry2.o
         6          0          0          0          0          0   __rtentry4.o
        52          8          0          0          0          0   __scatter.o
        28          0          0          0          0          0   __scatter_zi.o
        28          0          0          0          0         68   _chval.o
        60          0          0          0          0         92   _mbrtowc.o
         6          0          0          0          0          0   _printf_a.o
         6          0          0          0          0          0   _printf_c.o
        44          0          0          0          0        108   _printf_char.o
        48          6          0          0          0         96   _printf_char_common.o
        36          4          0          0          0         80   _printf_char_file.o
        40          0          0          0          0         68   _printf_charcount.o
         6          0          0          0          0          0   _printf_d.o
       120         16          0          0          0         92   _printf_dec.o
         6          0          0          0          0          0   _printf_e.o
         6          0          0          0          0          0   _printf_f.o
      1054          0          0          0          0        216   _printf_fp_dec.o
       764          8         38          0          0        100   _printf_fp_hex.o
       128         16          0          0          0         84   _printf_fp_infnan.o
         6          0          0          0          0          0   _printf_g.o
       148          4         40          0          0        160   _printf_hex_int_ll_ptr.o
         6          0          0          0          0          0   _printf_i.o
       178          0          0          0          0         88   _printf_intcommon.o
        10          0          0          0          0          0   _printf_l.o
         6          0          0          0          0          0   _printf_lc.o
        10          0          0          0          0          0   _printf_ll.o
         6          0          0          0          0          0   _printf_lld.o
         6          0          0          0          0          0   _printf_lli.o
         6          0          0          0          0          0   _printf_llo.o
         6          0          0          0          0          0   _printf_llu.o
         6          0          0          0          0          0   _printf_llx.o
       124         16          0          0          0         92   _printf_longlong_dec.o
         6          0          0          0          0          0   _printf_ls.o
         6          0          0          0          0          0   _printf_n.o
         6          0          0          0          0          0   _printf_o.o
       112         10          0          0          0        124   _printf_oct_int_ll.o
         6          0          0          0          0          0   _printf_p.o
        78          0          0          0          0        108   _printf_pad.o
         0          0          0          0          0          0   _printf_percent.o
         4          0          0          0          0          0   _printf_percent_end.o
         6          0          0          0          0          0   _printf_s.o
        82          0          0          0          0         80   _printf_str.o
        36          0          0          0          0         84   _printf_truncate.o
         6          0          0          0          0          0   _printf_u.o
        44          0          0          0          0        108   _printf_wchar.o
       188          6          8          0          0         92   _printf_wctomb.o
         6          0          0          0          0          0   _printf_x.o
        22          0          0          0          0        100   _rserrno.o
       884          6          0          0          0        100   _scanf.o
       332          0          0          0          0         96   _scanf_int.o
       342          0          0          0          0        100   _scanf_longlong.o
       276          0          0          0          0        100   _scanf_mbtowc.o
       224          0          0          0          0         96   _scanf_str.o
        30          0          0          0          0         76   _scanf_wcharmap.o
       232          0          0          0          0        100   _scanf_wctomb.o
       208          0          0          0          0         96   _scanf_wstr.o
        64          0          0          0          0         84   _sgetc.o
        16          0          0          0          0         68   _snputc.o
        10          0          0          0          0         68   _sputc.o
       158          0          0          0          0         92   _strtoul.o
        64          0          0          0          0         92   _wcrtomb.o
       228          4        148          0          0         96   bigflt0.o
        80          0          0          0          0         88   bsearchnoex.o
      2152        136          0          0          0        960   btod.o
        18          0          0          0          0         80   exit.o
         8          0          0          0          0         68   ferror.o
         6          0          0          0          0        152   heapauxi.o
        18          0          0          0          0         76   isspace.o
        44         10        272          0          0         76   lc_ctype_c.o
        44         10         28          0          0         76   lc_numeric_c.o
         2          0          0          0          0          0   libinit.o
        30          0          0          0          0          0   libinit2.o
         2          0          0          0          0          0   libshutdown.o
         2          0          0          0          0          0   libshutdown2.o
         8          4          0          0         96         68   libspace.o
        38          0          0          0          0         68   llshl.o
       138          0          0          0          0         80   lludiv10.o
        88          0          0          0          0         76   memcmp.o
        16          4          0          0          0         76   rt_ctype_table.o
         8          4          0          0          0         68   rt_errno_addr_intlibspace.o
         8          4          0          0          0         68   rt_locale_intlibspace.o
        68          0          0          0          0         68   rt_memclr.o
        78          0          0          0          0         80   rt_memclr_w.o
       138          0          0          0          0         68   rt_memcpy_v6.o
       100          0          0          0          0         80   rt_memcpy_w.o
       132          0          0          0          0         68   rt_memmove_v6.o
       122          0          0          0          0         80   rt_memmove_w.o
         2          0          0          0          0          0   rtexit.o
        10          0          0          0          0          0   rtexit2.o
        44          8          0          0          0         84   scanf_char.o
      1272         16          0          0          0        168   scanf_fp.o
       800         14          0          0          0        100   scanf_hexfp.o
       308         16          0          0          0        100   scanf_infnan.o
        20          0          0          0          0         68   strchr.o
       128          0          0          0          0         68   strcmpv7m.o
        72          0          0          0          0         80   strcpy.o
        62          0          0          0          0         76   strlen.o
       150          0          0          0          0         80   strncmp.o
        86          0          0          0          0         76   strncpy.o
        22          0          0          0          0         68   strrchr.o
        36          0          0          0          0         80   strstr.o
       164         14          0          0          0        120   strtod.o
       112          0          0          0          0         88   strtol.o
        74          0          0          0          0         80   sys_stackheap_outer.o
        26          0          0          0          0         76   tolower.o
        30          0          0          0          0         76   toupper.o
         2          0          0          0          0         68   use_no_semi.o
         2          0          0          0          0         68   use_no_semi_2.o
        52          4          0          0          0         80   vsnprintf.o
        52          8          0          0          0         80   vsscanf.o
        22          0          0          0          0         68   wcschr.o
        24          0          0          0          0         68   wcscmp.o
        18          0          0          0          0         68   wcscpy.o
        18          0          0          0          0         68   wcslen.o
        98          4          0          0          0         92   d2f.o
       826         16          0          0          0        348   daddsub_clz.o
        16          4          0          0          0         68   dcheck1.o
        24          0          0          0          0         68   dcmpi.o
       688        140          0          0          0        208   ddiv.o
       120          4          0          0          0         92   deqf.o
        94          4          0          0          0         92   dfix.o
       194          4          0          0          0        116   dfixll.o
        90          4          0          0          0         92   dfixu.o
        84          0          0          0          0        136   dflt_clz.o
       162          0          0          0          0         84   dfltll_clz.o
       120          4          0          0          0         92   dleqf.o
       340         12          0          0          0        104   dmul.o
       156          4          0          0          0         92   dnaninf.o
        12          0          0          0          0         68   dretinf.o
       108          0          0          0          0         80   drleqf.o
       460         56          0          0          0        120   dsqrt_noumaal.o
        86          4          0          0          0         84   f2d.o
       450          8          0          0          0        236   faddsub_clz.o
        24          0          0          0          0         68   fcmpi.o
       388         76          0          0          0         96   fdiv.o
       104          4          0          0          0         84   feqf.o
        54          4          0          0          0         84   ffix.o
        62          4          0          0          0         84   ffixu.o
        86          0          0          0          0        136   fflt_clz.o
        96          0          0          0          0         84   ffltll_clz.o
       104          4          0          0          0         84   fleqf.o
       258          4          0          0          0         84   fmul.o
       140          4          0          0          0         84   fnaninf.o
         0          0         16          0          0          0   fpconst.o
        10          0          0          0          0         68   fretinf.o
        98          0          0          0          0         68   frleqf.o
         6          0          0          0          0         68   istatus.o
         4          0          0          0          0         68   printf1.o
         4          0          0          0          0         68   printf2.o
       100          0          0          0          0         68   retnan.o
        92          0          0          0          0         68   scalbn.o
         4          0          0          0          0         68   scanf1.o
         8          0          0          0          0         84   scanf2.o
        48          0          0          0          0         68   trapv.o
         0          0          0          0          0          0   usenofp.o
       636         62         80          0          0        188   acos.o
       624         52         80          0          0        168   asin.o
       544         70        152          0          0        124   atan.o
        42          0          0          0          0         84   atof.o
       220         16          0          0          0         84   ceil.o
         4          0          0          0          0         68   ceill.o
       156          8          0          0          0        104   cos.o
       252         22         48          0          0        124   cos_i.o
        68         10          0          0          0        408   dunder.o
       644         90         88          0          0        204   exp.o
       220         16          0          0          0         84   floor.o
        40          0          0          0          0         68   fpclassify.o
        88          8          0          0          0         76   frexp.o
       138          0          0          0          0        160   ldexp.o
       860         52         56          0          0        256   log.o
       228         30          0          0          0        120   log10.o
       204          4          0          0          0        168   narrow.o
       170          0          0          0          0         96   poly.o
      2520        190        136          0          0        324   pow.o
         0          0          8          0          0          0   qnan.o
       904         76        200          0          0        140   rred.o
       160         10          0          0          0        108   sin.o
       236         12         40          0          0        128   sin_i.o
        76          0          0          0          0         84   sqrt.o
       100         10          0          0          0         96   tan.o
       636         50         96          0          0        168   tan_i.o

    ----------------------------------------------------------------------
     29764       1522       1560          0         96      15684   Library Totals
        38          2          9          0          0          0   (incl. Padding)

    ----------------------------------------------------------------------

      Code (inc. data)   RO Data    RW Data    ZI Data      Debug   Library Name

     14138        364        551          0         96       8196   c_w.l
      5818        368         16          0          0       3856   fz_ws.l
      9770        788        984          0          0       3632   m_ws.l

    ----------------------------------------------------------------------
     29764       1522       1560          0         96      15684   Library Totals

    ----------------------------------------------------------------------

==============================================================================


      Code (inc. data)   RO Data    RW Data    ZI Data      Debug   

    171114       7868     171634       1676      14348    1429999   Grand Totals
    171114       7868     171634       1056      14348    1429999   ELF Image Totals (compressed)
    171114       7868     171634       1056          0          0   ROM Totals

==============================================================================

    Total RO  Size (Code + RO Data)               342748 ( 334.71kB)
    Total RW  Size (RW Data + ZI Data)             16024 (  15.65kB)
    Total ROM Size (Code + RO Data + RW Data)     343804 ( 335.75kB)

==============================================================================

