Component: ARM Compiler 5.06 update 5 (build 528) Tool: armlink [4d35e2]

==============================================================================

Section Cross References

    system_stm32f10x.o(.text) refers to system_stm32f10x.o(.data) for SystemCoreClock
    main.o(.text) refers to misc.o(.text) for NVIC_PriorityGroupConfig
    main.o(.text) refers to platform.o(.text) for systick_init
    main.o(.text) refers to led.o(.text) for led_init
    main.o(.text) refers to button.o(.text) for button_init
    main.o(.text) refers to lcd_driver.o(.text) for TFT_Init
    main.o(.text) refers to flash.o(.text) for FLASH_Init
    main.o(.text) refers to touch.o(.text) for TOUCH_Init
    main.o(.text) refers to tim.o(.text) for TIM3_Init
    main.o(.text) refers to rtc.o(.text) for rtc_init
    main.o(.text) refers to demo_main.o(.text) for gui_app_start
    sys.o(.text) refers to misc.o(.text) for NVIC_PriorityGroupConfig
    usart.o(.text) refers (Special) to use_no_semi_2.o(.text) for __use_no_semihosting
    usart.o(.text) refers to stm32f10x_rcc.o(.text) for RCC_APB2PeriphClockCmd
    usart.o(.text) refers to stm32f10x_gpio.o(.text) for GPIO_Init
    usart.o(.text) refers to misc.o(.text) for NVIC_Init
    usart.o(.text) refers to stm32f10x_usart.o(.text) for USART_Init
    usart.o(.text) refers to usart.o(.data) for USART_RX_STA
    usart.o(.text) refers to usart.o(.bss) for USART_RX_BUF
    usart.o(.bss) refers (Special) to use_no_semi_2.o(.text) for __use_no_semihosting
    usart.o(.data) refers (Special) to use_no_semi_2.o(.text) for __use_no_semihosting
    startup_stm32f10x_hd.o(STACK) refers (Special) to heapauxi.o(.text) for __use_two_region_memory
    startup_stm32f10x_hd.o(HEAP) refers (Special) to heapauxi.o(.text) for __use_two_region_memory
    startup_stm32f10x_hd.o(RESET) refers (Special) to heapauxi.o(.text) for __use_two_region_memory
    startup_stm32f10x_hd.o(RESET) refers to startup_stm32f10x_hd.o(STACK) for __initial_sp
    startup_stm32f10x_hd.o(RESET) refers to startup_stm32f10x_hd.o(.text) for Reset_Handler
    startup_stm32f10x_hd.o(RESET) refers to stm32f10x_it.o(.text) for NMI_Handler
    startup_stm32f10x_hd.o(RESET) refers to sys_tick.o(.text) for SysTick_Handler
    startup_stm32f10x_hd.o(RESET) refers to rtc.o(.text) for RTC_IRQHandler
    startup_stm32f10x_hd.o(RESET) refers to main_loop_stm32_raw.o(.text) for TIM3_IRQHandler
    startup_stm32f10x_hd.o(RESET) refers to usart.o(.text) for USART1_IRQHandler
    startup_stm32f10x_hd.o(RESET) refers to tim.o(.text) for TIM5_IRQHandler
    startup_stm32f10x_hd.o(.text) refers (Special) to heapauxi.o(.text) for __use_two_region_memory
    startup_stm32f10x_hd.o(.text) refers to system_stm32f10x.o(.text) for SystemInit
    startup_stm32f10x_hd.o(.text) refers to __main.o(!!!main) for __main
    startup_stm32f10x_hd.o(.text) refers to startup_stm32f10x_hd.o(HEAP) for Heap_Mem
    startup_stm32f10x_hd.o(.text) refers to startup_stm32f10x_hd.o(STACK) for Stack_Mem
    stm32f10x_gpio.o(.text) refers to stm32f10x_rcc.o(.text) for RCC_APB2PeriphResetCmd
    stm32f10x_rcc.o(.text) refers to stm32f10x_rcc.o(.data) for APBAHBPrescTable
    stm32f10x_usart.o(.text) refers to stm32f10x_rcc.o(.text) for RCC_APB2PeriphResetCmd
    stm32f10x_wwdg.o(.text) refers to stm32f10x_rcc.o(.text) for RCC_APB1PeriphResetCmd
    stm32f10x_tim.o(.text) refers to stm32f10x_rcc.o(.text) for RCC_APB2PeriphResetCmd
    stm32f10x_bkp.o(.text) refers to stm32f10x_rcc.o(.text) for RCC_BackupResetCmd
    stm32f10x_pwr.o(.text) refers to stm32f10x_rcc.o(.text) for RCC_APB1PeriphResetCmd
    stm32f10x_spi.o(.text) refers to stm32f10x_rcc.o(.text) for RCC_APB2PeriphResetCmd
    led.o(.text) refers to stm32f10x_rcc.o(.text) for RCC_APB2PeriphClockCmd
    led.o(.text) refers to stm32f10x_gpio.o(.text) for GPIO_Init
    led.o(.text) refers to sys_tick.o(.text) for delay_ms
    led.o(.text) refers to led.o(.data) for i
    lcd_driver.o(.text) refers to stm32f10x_rcc.o(.text) for RCC_APB2PeriphClockCmd
    lcd_driver.o(.text) refers to stm32f10x_gpio.o(.text) for GPIO_Init
    lcd_driver.o(.text) refers to stm32f10x_fsmc.o(.text) for FSMC_NORSRAMInit
    button.o(.text) refers to stm32f10x_rcc.o(.text) for RCC_APB2PeriphClockCmd
    button.o(.text) refers to stm32f10x_gpio.o(.text) for GPIO_Init
    button.o(.text) refers to sys_tick.o(.text) for delay_ms
    button.o(.text) refers to button.o(.data) for key_up
    tim.o(.text) refers to stm32f10x_rcc.o(.text) for RCC_APB1PeriphClockCmd
    tim.o(.text) refers to stm32f10x_gpio.o(.text) for GPIO_Init
    tim.o(.text) refers to stm32f10x_tim.o(.text) for TIM_TimeBaseInit
    tim.o(.text) refers to misc.o(.text) for NVIC_Init
    tim.o(.text) refers to tim.o(.data) for TIM5CH1_CAPTURE_STA
    rtc.o(.text) refers to _printf_percent.o(.ARM.Collect$$_printf_percent$$00000000) for _printf_percent
[...]
    image_green_btn_o                        0x0802d8c9   Data        3660  assets-mini.o(.constdata)
    image_green_btn_p                        0x0802e715   Data        3660  assets-mini.o(.constdata)
    image_info                               0x0802f561   Data        2364  assets-mini.o(.constdata)
    image_left_off                           0x0802fe9d   Data        2364  assets-mini.o(.constdata)
    image_left_on                            0x080307d9   Data        2364  assets-mini.o(.constdata)
    image_middle_off                         0x08031115   Data        2364  assets-mini.o(.constdata)
    image_middle_on                          0x08031a51   Data        2364  assets-mini.o(.constdata)
    image_muted                              0x0803238d   Data        2364  assets-mini.o(.constdata)
    image_question                           0x08032cc9   Data        2364  assets-mini.o(.constdata)
    image_radio_checked                      0x08033605   Data        2364  assets-mini.o(.constdata)
    image_radio_unchecked                    0x08033f41   Data        2364  assets-mini.o(.constdata)
    image_red_btn_n                          0x0803487d   Data        3660  assets-mini.o(.constdata)
    image_red_btn_o                          0x080356c9   Data        3660  assets-mini.o(.constdata)
    image_red_btn_p                          0x08036515   Data        3660  assets-mini.o(.constdata)
    image_right_off                          0x08037361   Data        2364  assets-mini.o(.constdata)
    image_right_on                           0x08037c9d   Data        2364  assets-mini.o(.constdata)
    image_slider_bg                          0x080385d9   Data        1020  assets-mini.o(.constdata)
    image_slider_drag                        0x080389d5   Data        3196  assets-mini.o(.constdata)
    image_slider_drag_o                      0x08039651   Data        3196  assets-mini.o(.constdata)
    image_slider_drag_p                      0x0803a2cd   Data        3196  assets-mini.o(.constdata)
    image_slider_fg                          0x0803af49   Data        1020  assets-mini.o(.constdata)
    image_slider_v_bg                        0x0803b345   Data        1020  assets-mini.o(.constdata)
    image_slider_v_fg                        0x0803b741   Data        1020  assets-mini.o(.constdata)
    image_unchecked                          0x0803bb3d   Data        2364  assets-mini.o(.constdata)
    image_unmuted                            0x0803c479   Data        2364  assets-mini.o(.constdata)
    image_warn                               0x0803cdb5   Data        2364  assets-mini.o(.constdata)
    style_default                            0x0803d6f1   Data       22790  assets-mini.o(.constdata)
    __mathlib_zero                           0x080430f0   Data           8  qnan.o(.constdata)
    Region$$Table$$Base                      0x08044484   Number         0  anon$$obj.o(Region$$Table)
    Region$$Table$$Limit                     0x080444a4   Number         0  anon$$obj.o(Region$$Table)
    __aeabi_HUGE_VAL                         0x080444a4   Data           0  fpconst.o(c$$dinf)
    __aeabi_HUGE_VALL                        0x080444a4   Data           0  fpconst.o(c$$dinf)
    __aeabi_INFINITY                         0x080444a4   Data           0  fpconst.o(c$$dinf)
    __dInf                                   0x080444a4   Data           0  fpconst.o(c$$dinf)
    __huge_val                               0x080444a4   Data           0  fpconst.o(c$$dinf)
    __dbl_max                                0x080444ac   Data           0  fpconst.o(c$$dmax)
    __ctype                                  0x080444c1   Data           0  lc_ctype_c.o(locale$$data)
    SystemCoreClock                          0x20000000   Data           4  system_stm32f10x.o(.data)
    AHBPrescTable                            0x20000004   Data          16  system_stm32f10x.o(.data)
    __stdout                                 0x20000014   Data           4  usart.o(.data)
    USART_RX_STA                             0x20000018   Data           2  usart.o(.data)
    TIM5CH1_CAPTURE_STA                      0x20000030   Data           1  tim.o(.data)
    TIM5CH1_CAPTURE_VAL                      0x20000032   Data           2  tim.o(.data)
    rtc_data                                 0x20000034   Data           7  rtc.o(.data)
    rtc_bit                                  0x2000003b   Data           1  rtc.o(.data)
    TouchData                                0x2000003e   Data           8  touch.o(.data)
    s_edit_properties                        0x200000fc   Data          56  edit.o(.data)
    s_combo_box_properties                   0x200005b0   Data          60  combo_box.o(.data)
    USART_RX_BUF                             0x20000650   Data         200  usart.o(.bss)
    calendar                                 0x20000718   Data          10  rtc.o(.bss)
    __libspace_start                         0x20003814   Data          96  libspace.o(.bss)
    __temporary_stack_top$libspace           0x20003874   Data           0  libspace.o(.bss)



==============================================================================

Memory Map of the image

  Image Entry point : 0x08000131

  Load Region LR_IROM1 (Base: 0x08000000, Size: 0x00044c30, Max: 0x00080000, ABSOLUTE, COMPRESSED[0x000449d8])

    Execution Region ER_IROM1 (Exec base: 0x08000000, Load base: 0x08000000, Size: 0x000445e0, Max: 0x00080000, ABSOLUTE)

    Exec Addr    Load Addr    Size         Type   Attr      Idx    E Section Name        Object

    0x08000000   0x08000000   0x00000130   Data   RO          252    RESET               startup_stm32f10x_hd.o
    0x08000130   0x08000130   0x00000008   Code   RO         3296  * !!!main             c_w.l(__main.o)
    0x08000138   0x08000138   0x00000034   Code   RO         3833    !!!scatter          c_w.l(__scatter.o)
    0x0800016c   0x0800016c   0x00000064   Code   RO         3831    !!dclz77c           c_w.l(__dclz77c.o)
    0x080001d0   0x080001d0   0x0000001c   Code   RO         3835    !!handler_zi        c_w.l(__scatter_zi.o)
    0x080001ec   0x080001ec   0x00000000   Code   RO         3255    .ARM.Collect$$_printf_percent$$00000000  c_w.l(_printf_percent.o)
    0x080001ec   0x080001ec   0x00000006   Code   RO         3468    .ARM.Collect$$_printf_percent$$00000001  c_w.l(_printf_n.o)
    0x080001f2   0x080001f2   0x00000006   Code   RO         3470    .ARM.Collect$$_printf_percent$$00000002  c_w.l(_printf_p.o)
    0x080001f8   0x080001f8   0x00000006   Code   RO         3474    .ARM.Collect$$_printf_percent$$00000003  c_w.l(_printf_f.o)
    0x080001fe   0x080001fe   0x00000006   Code   RO         3475    .ARM.Collect$$_printf_percent$$00000004  c_w.l(_printf_e.o)
    0x08000204   0x08000204   0x00000006   Code   RO         3476    .ARM.Collect$$_printf_percent$$00000005  c_w.l(_printf_g.o)
    0x0800020a   0x0800020a   0x00000006   Code   RO         3477    .ARM.Collect$$_printf_percent$$00000006  c_w.l(_printf_a.o)
    0x08000210   0x08000210   0x0000000a   Code   RO         3482    .ARM.Collect$$_printf_percent$$00000007  c_w.l(_printf_ll.o)
    0x0800021a   0x0800021a   0x00000006   Code   RO         3472    .ARM.Collect$$_printf_percent$$00000008  c_w.l(_printf_i.o)
    0x08000220   0x08000220   0x00000006   Code   RO         3254    .ARM.Collect$$_printf_percent$$00000009  c_w.l(_printf_d.o)
    0x08000226   0x08000226   0x00000006   Code   RO         3473    .ARM.Collect$$_printf_percent$$0000000A  c_w.l(_printf_u.o)
    0x0800022c   0x0800022c   0x00000006   Code   RO         3471    .ARM.Collect$$_printf_percent$$0000000B  c_w.l(_printf_o.o)
    0x08000232   0x08000232   0x00000006   Code   RO         3469    .ARM.Collect$$_printf_percent$$0000000C  c_w.l(_printf_x.o)
    0x08000238   0x08000238   0x00000006   Code   RO         3479    .ARM.Collect$$_printf_percent$$0000000D  c_w.l(_printf_lli.o)
    0x0800023e   0x0800023e   0x00000006   Code   RO         3480    .ARM.Collect$$_printf_percent$$0000000E  c_w.l(_printf_lld.o)
    0x08000244   0x08000244   0x00000006   Code   RO         3481    .ARM.Collect$$_printf_percent$$0000000F  c_w.l(_printf_llu.o)
    0x0800024a   0x0800024a   0x00000006   Code   RO         3486    .ARM.Collect$$_printf_percent$$00000010  c_w.l(_printf_llo.o)
    0x08000250   0x08000250   0x00000006   Code   RO         3487    .ARM.Collect$$_printf_percent$$00000011  c_w.l(_printf_llx.o)
    0x08000256   0x08000256   0x0000000a   Code   RO         3483    .ARM.Collect$$_printf_percent$$00000012  c_w.l(_printf_l.o)
    0x08000260   0x08000260   0x00000006   Code   RO         3466    .ARM.Collect$$_printf_percent$$00000013  c_w.l(_printf_c.o)
    0x08000266   0x08000266   0x00000006   Code   RO         3467    .ARM.Collect$$_printf_percent$$00000014  c_w.l(_printf_s.o)
    0x0800026c   0x0800026c   0x00000006   Code   RO         3484    .ARM.Collect$$_printf_percent$$00000015  c_w.l(_printf_lc.o)
    0x08000272   0x08000272   0x00000006   Code   RO         3485    .ARM.Collect$$_printf_percent$$00000016  c_w.l(_printf_ls.o)
    0x08000278   0x08000278   0x00000004   Code   RO         3478    .ARM.Collect$$_printf_percent$$00000017  c_w.l(_printf_percent_end.o)
    0x0800027c   0x0800027c   0x00000002   Code   RO         3711    .ARM.Collect$$libinit$$00000000  c_w.l(libinit.o)
    0x0800027e   0x0800027e   0x00000000   Code   RO         3624    .ARM.Collect$$libinit$$00000002  c_w.l(libinit2.o)
    0x0800027e   0x0800027e   0x00000000   Code   RO         3626    .ARM.Collect$$libinit$$00000004  c_w.l(libinit2.o)
    0x0800027e   0x0800027e   0x00000000   Code   RO         3629    .ARM.Collect$$libinit$$0000000A  c_w.l(libinit2.o)
    0x0800027e   0x0800027e   0x00000000   Code   RO         3631    .ARM.Collect$$libinit$$0000000C  c_w.l(libinit2.o)
    0x0800027e   0x0800027e   0x00000000   Code   RO         3633    .ARM.Collect$$libinit$$0000000E  c_w.l(libinit2.o)
    0x0800027e   0x0800027e   0x00000006   Code   RO         3634    .ARM.Collect$$libinit$$0000000F  c_w.l(libinit2.o)
    0x08000284   0x08000284   0x00000000   Code   RO         3636    .ARM.Collect$$libinit$$00000011  c_w.l(libinit2.o)
    0x08000284   0x08000284   0x0000000c   Code   RO         3637    .ARM.Collect$$libinit$$00000012  c_w.l(libinit2.o)
    0x08000290   0x08000290   0x00000000   Code   RO         3638    .ARM.Collect$$libinit$$00000013  c_w.l(libinit2.o)
    0x08000290   0x08000290   0x00000000   Code   RO         3640    .ARM.Collect$$libinit$$00000015  c_w.l(libinit2.o)
    0x08000290   0x08000290   0x0000000a   Code   RO         3641    .ARM.Collect$$libinit$$00000016  c_w.l(libinit2.o)
    0x0800029a   0x0800029a   0x00000000   Code   RO         3642    .ARM.Collect$$libinit$$00000017  c_w.l(libinit2.o)
    0x0800029a   0x0800029a   0x00000000   Code   RO         3644    .ARM.Collect$$libinit$$00000019  c_w.l(libinit2.o)
    0x0800029a   0x0800029a   0x00000000   Code   RO         3646    .ARM.Collect$$libinit$$0000001B  c_w.l(libinit2.o)
    0x0800029a   0x0800029a   0x00000000   Code   RO         3648    .ARM.Collect$$libinit$$0000001D  c_w.l(libinit2.o)
    0x0800029a   0x0800029a   0x00000000   Code   RO         3650    .ARM.Collect$$libinit$$0000001F  c_w.l(libinit2.o)
    0x0800029a   0x0800029a   0x00000000   Code   RO         3652    .ARM.Collect$$libinit$$00000021  c_w.l(libinit2.o)
    0x0800029a   0x0800029a   0x00000000   Code   RO         3654    .ARM.Collect$$libinit$$00000023  c_w.l(libinit2.o)
    0x0800029a   0x0800029a   0x00000000   Code   RO         3656    .ARM.Collect$$libinit$$00000025  c_w.l(libinit2.o)
    0x0800029a   0x0800029a   0x00000000   Code   RO         3660    .ARM.Collect$$libinit$$0000002C  c_w.l(libinit2.o)
    0x0800029a   0x0800029a   0x00000000   Code   RO         3662    .ARM.Collect$$libinit$$0000002E  c_w.l(libinit2.o)
    0x0800029a   0x0800029a   0x00000000   Code   RO         3664    .ARM.Collect$$libinit$$00000030  c_w.l(libinit2.o)
    0x0800029a   0x0800029a   0x00000000   Code   RO         3666    .ARM.Collect$$libinit$$00000032  c_w.l(libinit2.o)
    0x0800029a   0x0800029a   0x00000002   Code   RO         3667    .ARM.Collect$$libinit$$00000033  c_w.l(libinit2.o)
    0x0800029c   0x0800029c   0x00000002   Code   RO         3788    .ARM.Collect$$libshutdown$$00000000  c_w.l(libshutdown.o)
    0x0800029e   0x0800029e   0x00000000   Code   RO         3794    .ARM.Collect$$libshutdown$$00000002  c_w.l(libshutdown2.o)
    0x0800029e   0x0800029e   0x00000000   Code   RO         3796    .ARM.Collect$$libshutdown$$00000004  c_w.l(libshutdown2.o)
    0x0800029e   0x0800029e   0x00000000   Code   RO         3799    .ARM.Collect$$libshutdown$$00000007  c_w.l(libshutdown2.o)
    0x0800029e   0x0800029e   0x00000000   Code   RO         3802    .ARM.Collect$$libshutdown$$0000000A  c_w.l(libshutdown2.o)
    0x0800029e   0x0800029e   0x00000000   Code   RO         3804    .ARM.Collect$$libshutdown$$0000000C  c_w.l(libshutdown2.o)
    0x0800029e   0x0800029e   0x00000000   Code   RO         3807    .ARM.Collect$$libshutdown$$0000000F  c_w.l(libshutdown2.o)
    0x0800029e   0x0800029e   0x00000002   Code   RO         3808    .ARM.Collect$$libshutdown$$00000010  c_w.l(libshutdown2.o)
    0x080002a0   0x080002a0   0x00000000   Code   RO         3408    .ARM.Collect$$rtentry$$00000000  c_w.l(__rtentry.o)
    0x080002a0   0x080002a0   0x00000000   Code   RO         3573    .ARM.Collect$$rtentry$$00000002  c_w.l(__rtentry2.o)
    0x080002a0   0x080002a0   0x00000006   Code   RO         3585    .ARM.Collect$$rtentry$$00000004  c_w.l(__rtentry4.o)
    0x080002a6   0x080002a6   0x00000000   Code   RO         3575    .ARM.Collect$$rtentry$$00000009  c_w.l(__rtentry2.o)
    0x080002a6   0x080002a6   0x00000004   Code   RO         3576    .ARM.Collect$$rtentry$$0000000A  c_w.l(__rtentry2.o)
    0x080002aa   0x080002aa   0x00000000   Code   RO         3578    .ARM.Collect$$rtentry$$0000000C  c_w.l(__rtentry2.o)
    0x080002aa   0x080002aa   0x00000008   Code   RO         3579    .ARM.Collect$$rtentry$$0000000D  c_w.l(__rtentry2.o)
    0x080002b2   0x080002b2   0x00000002   Code   RO         3734    .ARM.Collect$$rtexit$$00000000  c_w.l(rtexit.o)
    0x080002b4   0x080002b4   0x00000000   Code   RO         3753    .ARM.Collect$$rtexit$$00000002  c_w.l(rtexit2.o)
    0x080002b4   0x080002b4   0x00000004   Code   RO         3754    .ARM.Collect$$rtexit$$00000003  c_w.l(rtexit2.o)
    0x080002b8   0x080002b8   0x00000006   Code   RO         3755    .ARM.Collect$$rtexit$$00000004  c_w.l(rtexit2.o)
    0x080002be   0x080002be   0x00000018   Code   RO            1    .text               stm32f10x_it.o
    0x080002d6   0x080002d6   0x00000002   PAD
    0x080002d8   0x080002d8   0x000001e0   Code   RO          104    .text               system_stm32f10x.o
    0x080004b8   0x080004b8   0x00000044   Code   RO          122    .text               main.o
    0x080004fc   0x080004fc   0x00000128   Code   RO          216    .text               usart.o
    0x08000624   0x08000624   0x00000040   Code   RO          253    .text               startup_stm32f10x_hd.o
    0x08000664   0x08000664   0x000000dc   Code   RO          257    .text               misc.o
    0x08000740   0x08000740   0x0000035c   Code   RO          269    .text               stm32f10x_gpio.o
    0x08000a9c   0x08000a9c   0x000003a4   Code   RO          281    .text               stm32f10x_rcc.o
    0x08000e40   0x08000e40   0x00000408   Code   RO          295    .text               stm32f10x_usart.o
    0x08001248   0x08001248   0x00000e1a   Code   RO          343    .text               stm32f10x_tim.o
    0x08002062   0x08002062   0x00000002   PAD
    0x08002064   0x08002064   0x0000060c   Code   RO          355    .text               stm32f10x_fsmc.o
    0x08002670   0x08002670   0x000000c4   Code   RO          367    .text               stm32f10x_bkp.o
    0x08002734   0x08002734   0x00000148   Code   RO          379    .text               stm32f10x_rtc.o
    0x0800287c   0x0800287c   0x000000cc   Code   RO          391    .text               stm32f10x_pwr.o
    0x08002948   0x08002948   0x0000030c   Code   RO          415    .text               stm32f10x_spi.o
    0x08002c54   0x08002c54   0x000000a4   Code   RO          451    .text               led.o
    0x08002cf8   0x08002cf8   0x000002b8   Code   RO          464    .text               lcd_driver.o
    0x08002fb0   0x08002fb0   0x00000100   Code   RO          479    .text               button.o
    0x080030b0   0x080030b0   0x0000023c   Code   RO          492    .text               tim.o
    0x080032ec   0x080032ec   0x00000460   Code   RO          511    .text               rtc.o
    0x0800374c   0x0800374c   0x00000440   Code   RO          535    .text               touch.o
    0x08003b8c   0x08003b8c   0x000001dc   Code   RO          557    .text               spi.o
    0x08003d68   0x08003d68   0x00000430   Code   RO          569    .text               gui.o
    0x08004198   0x08004198   0x0000039c   Code   RO          590    .text               flash.o
    0x08004534   0x08004534   0x00000290   Code   RO          604    .text               array.o
    0x080047c4   0x080047c4   0x00000582   Code   RO          648    .text               bitmap.o
    0x08004d46   0x08004d46   0x00000350   Code   RO          679    .text               buffer.o
    0x08005096   0x08005096   0x00000002   PAD
    0x08005098   0x08005098   0x0000027c   Code   RO          694    .text               button_1.o
    0x08005314   0x08005314   0x00002aae   Code   RO          797    .text               canvas.o
    0x08007dc2   0x08007dc2   0x00000002   PAD
    0x08007dc4   0x08007dc4   0x00000340   Code   RO          824    .text               check_button.o
    0x08008104   0x08008104   0x00000054   Code   RO          849    .text               color.o
    0x08008158   0x08008158   0x0000022c   Code   RO          861    .text               dialog.o
    0x08008384   0x08008384   0x000002c0   Code   RO          919    .text               emitter.o
    0x08008644   0x08008644   0x0000015c   Code   RO          941    .text               enums.o
    0x080087a0   0x080087a0   0x00000078   Code   RO          968    .text               font.o
    0x08008818   0x08008818   0x000001b8   Code   RO          980    .text               font_manager.o
    0x080089d0   0x080089d0   0x00000070   Code   RO          995    .text               group_box.o
    0x08008a40   0x08008a40   0x00000220   Code   RO         1013    .text               image.o
    0x08008c60   0x08008c60   0x000002f8   Code   RO         1035    .text               image_manager.o
    0x08008f58   0x08008f58   0x00000340   Code   RO         1050    .text               label.o
    0x08009298   0x08009298   0x00000434   Code   RO         1065    .text               lcd.o
    0x080096cc   0x080096cc   0x0000012c   Code   RO         1077    .text               main_loop.o
    0x080097f8   0x080097f8   0x000002f4   Code   RO         1094    .text               mem.o
    0x08009aec   0x08009aec   0x00000500   Code   RO         1108    .text               progress_bar.o
    0x08009fec   0x08009fec   0x00000240   Code   RO         1127    .text               rect.o
    0x0800a22c   0x0800a22c   0x00000230   Code   RO         1139    .text               theme.o
    0x0800a45c   0x0800a45c   0x00000304   Code   RO         1154    .text               utf8.o
    0x0800a760   0x0800a760   0x00000694   Code   RO         1169    .text               value.o
    0x0800adf4   0x0800adf4   0x000029b6   Code   RO         1185    .text               widget.o
    0x0800d7aa   0x0800d7aa   0x00000002   PAD
    0x0800d7ac   0x0800d7ac   0x000002c0   Code   RO         1254    .text               widget_vtable.o
    0x0800da6c   0x0800da6c   0x00000050   Code   RO         1268    .text               window.o
    0x0800dabc   0x0800dabc   0x00000d90   Code   RO         1287    .text               window_manager.o
    0x0800e84c   0x0800e84c   0x000006d0   Code   RO         1312    .text               wstr.o
    0x0800ef1c   0x0800ef1c   0x00000850   Code   RO         1325    .text               utils.o
    0x0800f76c   0x0800f76c   0x000000f4   Code   RO         1353    .text               events.o
    0x0800f860   0x0800f860   0x000003e0   Code   RO         1365    .text               timer.o
    0x0800fc40   0x0800fc40   0x00000190   Code   RO         1380    .text               layout.o
    0x0800fdd0   0x0800fdd0   0x00000150   Code   RO         1398    .text               event_queue.o
    0x0800ff20   0x0800ff20   0x000008e0   Code   RO         1414    .text               slider.o
    0x08010800   0x08010800   0x0000016a   Code   RO         1433    .text               window_animator.o
    0x0801096a   0x0801096a   0x00000010   Code   RO         1445    .text               window_animator_null.o
    0x0801097a   0x0801097a   0x00000002   PAD
    0x0801097c   0x0801097c   0x000002ec   Code   RO         1457    .text               idle.o
    0x08010c68   0x08010c68   0x0000004c   Code   RO         1472    .text               system_info.o
    0x08010cb4   0x08010cb4   0x00000022   Code   RO         1486    .text               image_loader.o
    0x08010cd6   0x08010cd6   0x00000002   PAD
    0x08010cd8   0x08010cd8   0x00000866   Code   RO         1498    .text               str.o
    0x0801153e   0x0801153e   0x00000002   PAD
    0x08011540   0x08011540   0x000002a8   Code   RO         1514    .text               main_loop_simple.o
    0x080117e8   0x080117e8   0x00000224   Code   RO         1533    .text               pages.o
    0x08011a0c   0x08011a0c   0x00001a28   Code   RO         1552    .text               edit.o
    0x08013434   0x08013434   0x0000005c   Code   RO         1575    .text               view.o
    0x08013490   0x08013490   0x000001c0   Code   RO         1608    .text               widget_factory.o
    0x08013650   0x08013650   0x00000186   Code   RO         1767    .text               tokenizer.o
    0x080137d6   0x080137d6   0x00000002   PAD
    0x080137d8   0x080137d8   0x00000238   Code   RO         1779    .text               input_method.o
    0x08013a10   0x08013a10   0x0000007e   Code   RO         1806    .text               input_engine.o
    0x08013a8e   0x08013a8e   0x00000002   PAD
    0x08013a90   0x08013a90   0x00000158   Code   RO         1818    .text               spin_box.o
    0x08013be8   0x08013be8   0x00000388   Code   RO         1837    .text               dragger.o
    0x08013f70   0x08013f70   0x00000088   Code   RO         1856    .text               dialog_client.o
    0x08013ff8   0x08013ff8   0x00000080   Code   RO         1871    .text               dialog_title.o
    0x08014078   0x08014078   0x00000234   Code   RO         1886    .text               custom_props.o
    0x080142ac   0x080142ac   0x0000032c   Code   RO         1905    .text               awtk_global.o
    0x080145d8   0x080145d8   0x00000068   Code   RO         1989    .text               input_method_creator.o
    0x08014640   0x08014640   0x00000070   Code   RO         2005    .text               button_group.o
    0x080146b0   0x080146b0   0x0000028c   Code   RO         2023    .text               color_parser.o
    0x0801493c   0x0801493c   0x00000798   Code   RO         2041    .text               combo_box.o
    0x080150d4   0x080150d4   0x00000314   Code   RO         2067    .text               combo_box_item.o
    0x080153e8   0x080153e8   0x00000964   Code   RO         2082    .text               easing.o
    0x08015d4c   0x08015d4c   0x0000038c   Code   RO         2096    .text               fs.o
    0x080160d8   0x080160d8   0x000001f8   Code   RO         2149    .text               popup.o
    0x080162d0   0x080162d0   0x0000046c   Code   RO         2191    .text               tab_button.o
    0x0801673c   0x0801673c   0x000003d8   Code   RO         2210    .text               tab_button_group.o
    0x08016b14   0x08016b14   0x00000070   Code   RO         2228    .text               tab_control.o
    0x08016b84   0x08016b84   0x000000a2   Code   RO         2246    .text               ui_builder.o
    0x08016c26   0x08016c26   0x00000002   PAD
    0x08016c28   0x08016c28   0x0000092a   Code   RO         2261    .text               vgcanvas.o
    0x08017552   0x08017552   0x00000002   PAD
    0x08017554   0x08017554   0x000003e8   Code   RO         2273    .text               widget_animator.o
    0x0801793c   0x0801793c   0x00000100   Code   RO         2312    .text               ui_builder_default.o
    0x08017a3c   0x08017a3c   0x00000030   Code   RO         2332    .text               ui_loader.o
    0x08017a6c   0x08017a6c   0x0000011c   Code   RO         2344    .text               ui_loader_default.o
    0x08017b88   0x08017b88   0x000000ac   Code   RO         2412    .text               window_open.o
    0x08017c34   0x08017c34   0x00000234   Code   RO         2452    .text               color_tile.o
    0x08017e68   0x08017e68   0x00000264   Code   RO         2471    .text               assets_manager.o
    0x080180cc   0x080180cc   0x0000024c   Code   RO         2486    .text               locale_info.o
    0x08018318   0x08018318   0x00000344   Code   RO         2510    .text               path.o
    0x0801865c   0x0801865c   0x0000005c   Code   RO         2522    .text               app_bar.o
    0x080186b8   0x080186b8   0x0000005c   Code   RO         2540    .text               column.o
    0x08018714   0x08018714   0x0000005c   Code   RO         2558    .text               grid.o
    0x08018770   0x08018770   0x0000005c   Code   RO         2576    .text               row.o
    0x080187cc   0x080187cc   0x000002b8   Code   RO         2594    .text               calibration_win.o
    0x08018a84   0x08018a84   0x00000188   Code   RO         2612    .text               font_loader_bitmap.o
    0x08018c0c   0x08018c0c   0x0000002c   Code   RO         2626    .text               font_loader.o
    0x08018c38   0x08018c38   0x00000556   Code   RO         2638    .text               window_base.o
    0x0801918e   0x0801918e   0x00000006   Code   RO         2650    .text               widget_animator_factory_null.o
    0x08019194   0x08019194   0x00000018   Code   RO         2665    .text               time_now.o
    0x080191ac   0x080191ac   0x000000d4   Code   RO         2677    .text               style.o
    0x08019280   0x08019280   0x000001d0   Code   RO         2692    .text               style_const.o
    0x08019450   0x08019450   0x00000034   Code   RO         2706    .text               style_factory.o
    0x08019484   0x08019484   0x00000340   Code   RO         2723    .text               widget_animator_manager.o
    0x080197c4   0x080197c4   0x000000a0   Code   RO         2738    .text               clip_board_default.o
    0x08019864   0x08019864   0x00000104   Code   RO         2752    .text               clip_board.o
    0x08019968   0x08019968   0x000005d0   Code   RO         2766    .text               image_base.o
    0x08019f38   0x08019f38   0x0000005c   Code   RO         2778    .text               grid_item.o
    0x08019f94   0x08019f94   0x000002f8   Code   RO         2796    .text               input_device_status.o
    0x0801a28c   0x0801a28c   0x00000154   Code   RO         2810    .text               system_bar.o
    0x0801a3e0   0x0801a3e0   0x00000860   Code   RO         2829    .text               children_layouter_default.o
    0x0801ac40   0x0801ac40   0x00000150   Code   RO         2850    .text               children_layouter_factory.o
    0x0801ad90   0x0801ad90   0x000005a8   Code   RO         2871    .text               self_layouter_default.o
    0x0801b338   0x0801b338   0x000000ac   Code   RO         2886    .text               self_layouter_factory.o
    0x0801b3e4   0x0801b3e4   0x00000158   Code   RO         2907    .text               children_layouter.o
    0x0801b53c   0x0801b53c   0x0000013c   Code   RO         2919    .text               self_layouter.o
    0x0801b678   0x0801b678   0x000000c4   Code   RO         2946    .text               func_call_parser.o
    0x0801b73c   0x0801b73c   0x000006ac   Code   RO         2958    .text               lcd_stm32_raw.o
    0x0801bde8   0x0801bde8   0x000000d8   Code   RO         2988    .text               main_loop_stm32_raw.o
    0x0801bec0   0x0801bec0   0x00000064   Code   RO         3076    .text               platform.o
    0x0801bf24   0x0801bf24   0x0000001c   Code   RO         3090    .text               mutex_null.o
    0x0801bf40   0x0801bf40   0x0000004c   Code   RO         3107    .text               sys_tick.o
    0x0801bf8c   0x0801bf8c   0x00000004   Code   RO         3121    .text               fs_os.o
    0x0801bf90   0x0801bf90   0x00000026   Code   RO         3133    .text               demo_main.o
    0x0801bfb6   0x0801bfb6   0x00000002   PAD
    0x0801bfb8   0x0801bfb8   0x0000058c   Code   RO         3148    .text               demo1_app.o
    0x0801c544   0x0801c544   0x0000019c   Code   RO         3166    .text               assets-mini.o
    0x0801c6e0   0x0801c6e0   0x00000002   Code   RO         3216    .text               c_w.l(use_no_semi_2.o)
    0x0801c6e2   0x0801c6e2   0x00000002   PAD
    0x0801c6e4   0x0801c6e4   0x00000010   Code   RO         3218    .text               c_w.l(rt_ctype_table.o)
    0x0801c6f4   0x0801c6f4   0x0000001a   Code   RO         3220    .text               c_w.l(tolower.o)
    0x0801c70e   0x0801c70e   0x0000001e   Code   RO         3222    .text               c_w.l(toupper.o)
    0x0801c72c   0x0801c72c   0x00000034   Code   RO         3224    .text               c_w.l(vsnprintf.o)
    0x0801c760   0x0801c760   0x00000018   Code   RO         3226    .text               c_w.l(__2printf.o)
    0x0801c778   0x0801c778   0x00000078   Code   RO         3232    .text               c_w.l(_printf_dec.o)
    0x0801c7f0   0x0801c7f0   0x00000188   Code   RO         3251    .text               c_w.l(__printf_flags_ss_wp.o)
    0x0801c978   0x0801c978   0x00000034   Code   RO         3256    .text               c_w.l(vsscanf.o)
    0x0801c9ac   0x0801c9ac   0x00000050   Code   RO         3258    .text               c_w.l(bsearchnoex.o)
    0x0801c9fc   0x0801c9fc   0x00000014   Code   RO         3260    .text               c_w.l(strchr.o)
    0x0801ca10   0x0801ca10   0x00000024   Code   RO         3262    .text               c_w.l(strstr.o)
    0x0801ca34   0x0801ca34   0x00000048   Code   RO         3264    .text               c_w.l(strcpy.o)
    0x0801ca7c   0x0801ca7c   0x00000016   Code   RO         3266    .text               c_w.l(strrchr.o)
    0x0801ca92   0x0801ca92   0x0000003e   Code   RO         3268    .text               c_w.l(strlen.o)
    0x0801cad0   0x0801cad0   0x00000012   Code   RO         3270    .text               c_w.l(wcscpy.o)
    0x0801cae2   0x0801cae2   0x00000018   Code   RO         3272    .text               c_w.l(wcscmp.o)
    0x0801cafa   0x0801cafa   0x00000016   Code   RO         3274    .text               c_w.l(wcschr.o)
    0x0801cb10   0x0801cb10   0x00000012   Code   RO         3276    .text               c_w.l(wcslen.o)
    0x0801cb22   0x0801cb22   0x00000096   Code   RO         3278    .text               c_w.l(strncmp.o)
    0x0801cbb8   0x0801cbb8   0x0000008a   Code   RO         3280    .text               c_w.l(rt_memcpy_v6.o)
    0x0801cc42   0x0801cc42   0x00000084   Code   RO         3282    .text               c_w.l(rt_memmove_v6.o)
    0x0801ccc6   0x0801ccc6   0x00000064   Code   RO         3284    .text               c_w.l(rt_memcpy_w.o)
    0x0801cd2a   0x0801cd2a   0x00000044   Code   RO         3286    .text               c_w.l(rt_memclr.o)
    0x0801cd6e   0x0801cd6e   0x0000004e   Code   RO         3288    .text               c_w.l(rt_memclr_w.o)
    0x0801cdbc   0x0801cdbc   0x00000056   Code   RO         3290    .text               c_w.l(strncpy.o)
    0x0801ce12   0x0801ce12   0x00000002   PAD
    0x0801ce14   0x0801ce14   0x00000080   Code   RO         3292    .text               c_w.l(strcmpv7m.o)
    0x0801ce94   0x0801ce94   0x00000006   Code   RO         3294    .text               c_w.l(heapauxi.o)
    0x0801ce9a   0x0801ce9a   0x00000002   Code   RO         3406    .text               c_w.l(use_no_semi.o)
    0x0801ce9c   0x0801ce9c   0x00000008   Code   RO         3412    .text               c_w.l(rt_locale_intlibspace.o)
    0x0801cea4   0x0801cea4   0x00000016   Code   RO         3414    .text               c_w.l(_rserrno.o)
    0x0801ceba   0x0801ceba   0x0000004e   Code   RO         3416    .text               c_w.l(_printf_pad.o)
    0x0801cf08   0x0801cf08   0x00000024   Code   RO         3418    .text               c_w.l(_printf_truncate.o)
    0x0801cf2c   0x0801cf2c   0x00000052   Code   RO         3420    .text               c_w.l(_printf_str.o)
    0x0801cf7e   0x0801cf7e   0x000000b2   Code   RO         3422    .text               c_w.l(_printf_intcommon.o)
    0x0801d030   0x0801d030   0x00000028   Code   RO         3424    .text               c_w.l(_printf_charcount.o)
    0x0801d058   0x0801d058   0x00000030   Code   RO         3426    .text               c_w.l(_printf_char_common.o)
    0x0801d088   0x0801d088   0x0000000a   Code   RO         3428    .text               c_w.l(_sputc.o)
    0x0801d092   0x0801d092   0x00000010   Code   RO         3430    .text               c_w.l(_snputc.o)
    0x0801d0a2   0x0801d0a2   0x00000002   PAD
    0x0801d0a4   0x0801d0a4   0x00000024   Code   RO         3432    .text               c_w.l(_printf_char_file.o)
    0x0801d0c8   0x0801d0c8   0x000000bc   Code   RO         3434    .text               c_w.l(_printf_wctomb.o)
    0x0801d184   0x0801d184   0x0000007c   Code   RO         3437    .text               c_w.l(_printf_longlong_dec.o)
    0x0801d200   0x0801d200   0x00000070   Code   RO         3443    .text               c_w.l(_printf_oct_int_ll.o)
    0x0801d270   0x0801d270   0x00000094   Code   RO         3463    .text               c_w.l(_printf_hex_int_ll_ptr.o)
    0x0801d304   0x0801d304   0x00000156   Code   RO         3488    .text               c_w.l(_scanf_longlong.o)
    0x0801d45a   0x0801d45a   0x0000014c   Code   RO         3490    .text               c_w.l(_scanf_int.o)
    0x0801d5a6   0x0801d5a6   0x000000e0   Code   RO         3492    .text               c_w.l(_scanf_str.o)
    0x0801d686   0x0801d686   0x00000002   PAD
    0x0801d688   0x0801d688   0x0000002c   Code   RO         3494    .text               c_w.l(scanf_char.o)
    0x0801d6b4   0x0801d6b4   0x00000040   Code   RO         3496    .text               c_w.l(_sgetc.o)
    0x0801d6f4   0x0801d6f4   0x00000114   Code   RO         3498    .text               c_w.l(_scanf_mbtowc.o)
    0x0801d808   0x0801d808   0x000000e8   Code   RO         3500    .text               c_w.l(_scanf_wctomb.o)
    0x0801d8f0   0x0801d8f0   0x000000d0   Code   RO         3502    .text               c_w.l(_scanf_wstr.o)
    0x0801d9c0   0x0801d9c0   0x0000007a   Code   RO         3507    .text               c_w.l(rt_memmove_w.o)
    0x0801da3a   0x0801da3a   0x00000002   PAD
    0x0801da3c   0x0801da3c   0x00000008   Code   RO         3569    .text               c_w.l(libspace.o)
    0x0801da44   0x0801da44   0x00000008   Code   RO         3590    .text               c_w.l(rt_errno_addr_intlibspace.o)
    0x0801da4c   0x0801da4c   0x0000008a   Code   RO         3592    .text               c_w.l(lludiv10.o)
    0x0801dad6   0x0801dad6   0x00000012   Code   RO         3594    .text               c_w.l(isspace.o)
    0x0801dae8   0x0801dae8   0x0000041e   Code   RO         3596    .text               c_w.l(_printf_fp_dec.o)
    0x0801df06   0x0801df06   0x00000002   PAD
    0x0801df08   0x0801df08   0x000002fc   Code   RO         3598    .text               c_w.l(_printf_fp_hex.o)
    0x0801e204   0x0801e204   0x0000002c   Code   RO         3603    .text               c_w.l(_printf_char.o)
    0x0801e230   0x0801e230   0x0000002c   Code   RO         3605    .text               c_w.l(_printf_wchar.o)
    0x0801e25c   0x0801e25c   0x0000001c   Code   RO         3607    .text               c_w.l(_chval.o)
    0x0801e278   0x0801e278   0x00000374   Code   RO         3609    .text               c_w.l(_scanf.o)
    0x0801e5ec   0x0801e5ec   0x000004f8   Code   RO         3611    .text               c_w.l(scanf_fp.o)
    0x0801eae4   0x0801eae4   0x0000001e   Code   RO         3613    .text               c_w.l(_scanf_wcharmap.o)
    0x0801eb02   0x0801eb02   0x00000008   Code   RO         3615    .text               c_w.l(ferror.o)
    0x0801eb0a   0x0801eb0a   0x0000003c   Code   RO         3619    .text               c_w.l(_mbrtowc.o)
    0x0801eb46   0x0801eb46   0x00000040   Code   RO         3621    .text               c_w.l(_wcrtomb.o)
    0x0801eb86   0x0801eb86   0x0000004a   Code   RO         3670    .text               c_w.l(sys_stackheap_outer.o)
    0x0801ebd0   0x0801ebd0   0x00000080   Code   RO         3672    .text               c_w.l(_printf_fp_infnan.o)
    0x0801ec50   0x0801ec50   0x000000e4   Code   RO         3674    .text               c_w.l(bigflt0.o)
    0x0801ed34   0x0801ed34   0x00000012   Code   RO         3702    .text               c_w.l(exit.o)
    0x0801ed46   0x0801ed46   0x00000002   PAD
    0x0801ed48   0x0801ed48   0x00000320   Code   RO         3736    .text               c_w.l(scanf_hexfp.o)
    0x0801f068   0x0801f068   0x00000134   Code   RO         3738    .text               c_w.l(scanf_infnan.o)
    0x0801f19c   0x0801f19c   0x00000026   Code   RO         3761    .text               c_w.l(llshl.o)
    0x0801f1c2   0x0801f1c2   0x0000003e   Code   RO         3677    CL$$btod_d2e        c_w.l(btod.o)
    0x0801f200   0x0801f200   0x00000046   Code   RO         3679    CL$$btod_d2e_denorm_low  c_w.l(btod.o)
    0x0801f246   0x0801f246   0x00000060   Code   RO         3678    CL$$btod_d2e_norm_op1  c_w.l(btod.o)
    0x0801f2a6   0x0801f2a6   0x00000338   Code   RO         3687    CL$$btod_div_common  c_w.l(btod.o)
    0x0801f5de   0x0801f5de   0x00000002   PAD
    0x0801f5e0   0x0801f5e0   0x00000084   Code   RO         3685    CL$$btod_e2d        c_w.l(btod.o)
    0x0801f664   0x0801f664   0x000000dc   Code   RO         3684    CL$$btod_e2e        c_w.l(btod.o)
    0x0801f740   0x0801f740   0x0000002a   Code   RO         3681    CL$$btod_ediv       c_w.l(btod.o)
    0x0801f76a   0x0801f76a   0x0000002a   Code   RO         3683    CL$$btod_edivd      c_w.l(btod.o)
    0x0801f794   0x0801f794   0x0000002a   Code   RO         3680    CL$$btod_emul       c_w.l(btod.o)
    0x0801f7be   0x0801f7be   0x0000002a   Code   RO         3682    CL$$btod_emuld      c_w.l(btod.o)
    0x0801f7e8   0x0801f7e8   0x00000244   Code   RO         3686    CL$$btod_mult_common  c_w.l(btod.o)
    0x0801fa2c   0x0801fa2c   0x00000028   Code   RO         3553    i.__ARM_fpclassify  m_ws.l(fpclassify.o)
    0x0801fa54   0x0801fa54   0x00000388   Code   RO         3558    i.__ieee754_rem_pio2  m_ws.l(rred.o)
    0x0801fddc   0x0801fddc   0x000000fc   Code   RO         3536    i.__kernel_cos      m_ws.l(cos_i.o)
    0x0801fed8   0x0801fed8   0x000000aa   Code   RO         3555    i.__kernel_poly     m_ws.l(poly.o)
    0x0801ff82   0x0801ff82   0x00000002   PAD
    0x0801ff84   0x0801ff84   0x000000ec   Code   RO         3563    i.__kernel_sin      m_ws.l(sin_i.o)
    0x08020070   0x08020070   0x00000010   Code   RO         3539    i.__mathlib_dbl_divzero  m_ws.l(dunder.o)
    0x08020080   0x08020080   0x00000006   Code   RO         3540    i.__mathlib_dbl_infnan  m_ws.l(dunder.o)
    0x08020086   0x08020086   0x00000004   Code   RO         3541    i.__mathlib_dbl_infnan2  m_ws.l(dunder.o)
    0x0802008a   0x0802008a   0x0000000c   Code   RO         3542    i.__mathlib_dbl_invalid  m_ws.l(dunder.o)
    0x08020096   0x08020096   0x0000000e   Code   RO         3543    i.__mathlib_dbl_overflow  m_ws.l(dunder.o)
    0x080200a4   0x080200a4   0x00000010   Code   RO         3545    i.__mathlib_dbl_underflow  m_ws.l(dunder.o)
    0x080200b4   0x080200b4   0x00000010   Code   RO         3728    i.__mathlib_narrow  m_ws.l(narrow.o)
    0x080200c4   0x080200c4   0x000000bc   Code   RO         3729    i.__mathlib_tofloat  m_ws.l(narrow.o)
    0x08020180   0x08020180   0x00000016   Code   RO         3768    i.__support_ldexp   m_ws.l(ldexp.o)
    0x08020196   0x08020196   0x0000000e   Code   RO         3244    i._is_digit         c_w.l(__printf_wp.o)
    0x080201a4   0x080201a4   0x0000009c   Code   RO         3369    i.cos               m_ws.l(cos.o)
    0x08020240   0x08020240   0x000000dc   Code   RO         3377    i.floor             m_ws.l(floor.o)
    0x0802031c   0x0802031c   0x00000058   Code   RO         3747    i.frexp             m_ws.l(frexp.o)
    0x08020374   0x08020374   0x00000074   Code   RO         3769    i.ldexp             m_ws.l(ldexp.o)
    0x080203e8   0x080203e8   0x000009d8   Code   RO         3381    i.pow               m_ws.l(pow.o)
    0x08020dc0   0x08020dc0   0x000000a0   Code   RO         3391    i.sin               m_ws.l(sin.o)
    0x08020e60   0x08020e60   0x0000004c   Code   RO         3399    i.sqrt              m_ws.l(sqrt.o)
    0x08020eac   0x08020eac   0x0000002c   Code   RO         3505    locale$$code        c_w.l(lc_ctype_c.o)
    0x08020ed8   0x08020ed8   0x0000002c   Code   RO         3700    locale$$code        c_w.l(lc_numeric_c.o)
    0x08020f04   0x08020f04   0x00000062   Code   RO         3298    x$fpl$d2f           fz_ws.l(d2f.o)
    0x08020f66   0x08020f66   0x00000002   PAD
    0x08020f68   0x08020f68   0x00000150   Code   RO         3300    x$fpl$dadd          fz_ws.l(daddsub_clz.o)
    0x080210b8   0x080210b8   0x00000010   Code   RO         3668    x$fpl$dcheck1       fz_ws.l(dcheck1.o)
    0x080210c8   0x080210c8   0x00000018   Code   RO         3509    x$fpl$dcmpinf       fz_ws.l(dcmpi.o)
    0x080210e0   0x080210e0   0x000002b0   Code   RO         3307    x$fpl$ddiv          fz_ws.l(ddiv.o)
    0x08021390   0x08021390   0x00000078   Code   RO         3310    x$fpl$deqf          fz_ws.l(deqf.o)
    0x08021408   0x08021408   0x0000005e   Code   RO         3312    x$fpl$dfix          fz_ws.l(dfix.o)
    0x08021466   0x08021466   0x00000002   PAD
    0x08021468   0x08021468   0x0000005a   Code   RO         3316    x$fpl$dfixu         fz_ws.l(dfixu.o)
    0x080214c2   0x080214c2   0x0000002e   Code   RO         3321    x$fpl$dflt          fz_ws.l(dflt_clz.o)
    0x080214f0   0x080214f0   0x00000026   Code   RO         3320    x$fpl$dfltu         fz_ws.l(dflt_clz.o)
    0x08021516   0x08021516   0x00000002   PAD
    0x08021518   0x08021518   0x00000078   Code   RO         3326    x$fpl$dleqf         fz_ws.l(dleqf.o)
    0x08021590   0x08021590   0x00000154   Code   RO         3328    x$fpl$dmul          fz_ws.l(dmul.o)
    0x080216e4   0x080216e4   0x0000009c   Code   RO         3511    x$fpl$dnaninf       fz_ws.l(dnaninf.o)
    0x08021780   0x08021780   0x0000000c   Code   RO         3513    x$fpl$dretinf       fz_ws.l(dretinf.o)
    0x0802178c   0x0802178c   0x0000006c   Code   RO         3330    x$fpl$drleqf        fz_ws.l(drleqf.o)
    0x080217f8   0x080217f8   0x00000016   Code   RO         3301    x$fpl$drsb          fz_ws.l(daddsub_clz.o)
    0x0802180e   0x0802180e   0x00000002   PAD
    0x08021810   0x08021810   0x000001cc   Code   RO         3515    x$fpl$dsqrt         fz_ws.l(dsqrt_noumaal.o)
    0x080219dc   0x080219dc   0x000001d4   Code   RO         3302    x$fpl$dsub          fz_ws.l(daddsub_clz.o)
    0x08021bb0   0x08021bb0   0x00000056   Code   RO         3332    x$fpl$f2d           fz_ws.l(f2d.o)
    0x08021c06   0x08021c06   0x00000002   PAD
    0x08021c08   0x08021c08   0x000000c4   Code   RO         3334    x$fpl$fadd          fz_ws.l(faddsub_clz.o)
    0x08021ccc   0x08021ccc   0x00000018   Code   RO         3517    x$fpl$fcmpinf       fz_ws.l(fcmpi.o)
    0x08021ce4   0x08021ce4   0x00000184   Code   RO         3341    x$fpl$fdiv          fz_ws.l(fdiv.o)
    0x08021e68   0x08021e68   0x00000068   Code   RO         3344    x$fpl$feqf          fz_ws.l(feqf.o)
    0x08021ed0   0x08021ed0   0x00000036   Code   RO         3346    x$fpl$ffix          fz_ws.l(ffix.o)
    0x08021f06   0x08021f06   0x00000002   PAD
    0x08021f08   0x08021f08   0x0000003e   Code   RO         3350    x$fpl$ffixu         fz_ws.l(ffixu.o)
    0x08021f46   0x08021f46   0x00000002   PAD
    0x08021f48   0x08021f48   0x00000030   Code   RO         3355    x$fpl$fflt          fz_ws.l(fflt_clz.o)
    0x08021f78   0x08021f78   0x00000060   Code   RO         3360    x$fpl$ffltll        fz_ws.l(ffltll_clz.o)
    0x08021fd8   0x08021fd8   0x00000026   Code   RO         3354    x$fpl$ffltu         fz_ws.l(fflt_clz.o)
    0x08021ffe   0x08021ffe   0x00000002   PAD
    0x08022000   0x08022000   0x00000068   Code   RO         3362    x$fpl$fleqf         fz_ws.l(fleqf.o)
    0x08022068   0x08022068   0x00000102   Code   RO         3364    x$fpl$fmul          fz_ws.l(fmul.o)
    0x0802216a   0x0802216a   0x0000008c   Code   RO         3519    x$fpl$fnaninf       fz_ws.l(fnaninf.o)
    0x080221f6   0x080221f6   0x0000000a   Code   RO         3521    x$fpl$fretinf       fz_ws.l(fretinf.o)
    0x08022200   0x08022200   0x00000062   Code   RO         3366    x$fpl$frleqf        fz_ws.l(frleqf.o)
    0x08022262   0x08022262   0x00000014   Code   RO         3335    x$fpl$frsb          fz_ws.l(faddsub_clz.o)
    0x08022276   0x08022276   0x00000002   PAD
    0x08022278   0x08022278   0x000000ea   Code   RO         3336    x$fpl$fsub          fz_ws.l(faddsub_clz.o)
    0x08022362   0x08022362   0x00000006   Code   RO         3718    x$fpl$ieeestatus    fz_ws.l(istatus.o)
    0x08022368   0x08022368   0x00000004   Code   RO         3523    x$fpl$printf1       fz_ws.l(printf1.o)
    0x0802236c   0x0802236c   0x00000004   Code   RO         3525    x$fpl$printf2       fz_ws.l(printf2.o)
    0x08022370   0x08022370   0x00000064   Code   RO         3720    x$fpl$retnan        fz_ws.l(retnan.o)
    0x080223d4   0x080223d4   0x0000005c   Code   RO         3531    x$fpl$scalbn        fz_ws.l(scalbn.o)
    0x08022430   0x08022430   0x00000004   Code   RO         3533    x$fpl$scanf1        fz_ws.l(scanf1.o)
    0x08022434   0x08022434   0x00000008   Code   RO         3722    x$fpl$scanf2        fz_ws.l(scanf2.o)
    0x0802243c   0x0802243c   0x00000030   Code   RO         3744    x$fpl$trapveneer    fz_ws.l(trapv.o)
    0x0802246c   0x0802246c   0x00000000   Code   RO         3535    x$fpl$usenofp       fz_ws.l(usenofp.o)
    0x0802246c   0x0802246c   0x00000018   Data   RO          513    .constdata          rtc.o
    0x08022484   0x08022484   0x00000948   Data   RO          570    .constdata          gui.o
    0x08022dcc   0x08022dcc   0x00000025   Data   RO          605    .constdata          array.o
    0x08022df1   0x08022df1   0x00000003   PAD
    0x08022df4   0x08022df4   0x00000044   Data   RO          649    .constdata          bitmap.o
    0x08022e38   0x08022e38   0x00000076   Data   RO          695    .constdata          button_1.o
    0x08022eae   0x08022eae   0x00000002   PAD
    0x08022eb0   0x08022eb0   0x000000fe   Data   RO          825    .constdata          check_button.o
    0x08022fae   0x08022fae   0x00000002   PAD
    0x08022fb0   0x08022fb0   0x00000076   Data   RO          862    .constdata          dialog.o
    0x08023026   0x08023026   0x0000001a   Data   RO          920    .constdata          emitter.o
    0x08023040   0x08023040   0x000004ec   Data   RO          942    .constdata          enums.o
    0x0802352c   0x0802352c   0x00000014   Data   RO          981    .constdata          font_manager.o
    0x08023540   0x08023540   0x00000079   Data   RO          996    .constdata          group_box.o
    0x080235b9   0x080235b9   0x00000003   PAD
    0x080235bc   0x080235bc   0x00000075   Data   RO         1014    .constdata          image.o
    0x08023631   0x08023631   0x00000027   Data   RO         1036    .constdata          image_manager.o
    0x08023658   0x08023658   0x00000075   Data   RO         1051    .constdata          label.o
    0x080236cd   0x080236cd   0x00000003   PAD
    0x080236d0   0x080236d0   0x0000007c   Data   RO         1109    .constdata          progress_bar.o
    0x0802374c   0x0802374c   0x0000000d   Data   RO         1140    .constdata          theme.o
    0x08023759   0x08023759   0x00000003   PAD
    0x0802375c   0x0802375c   0x00000104   Data   RO         1155    .constdata          utf8.o
    0x08023860   0x08023860   0x0000000d   Data   RO         1170    .constdata          value.o
    0x0802386d   0x0802386d   0x00000003   PAD
    0x08023870   0x08023870   0x00000068   Data   RO         1255    .constdata          widget_vtable.o
    0x080238d8   0x080238d8   0x00000076   Data   RO         1269    .constdata          window.o
    0x0802394e   0x0802394e   0x00000002   PAD
    0x08023950   0x08023950   0x0000007e   Data   RO         1288    .constdata          window_manager.o
    0x080239ce   0x080239ce   0x00000014   Data   RO         1313    .constdata          wstr.o
    0x080239e2   0x080239e2   0x00000017   Data   RO         1326    .constdata          utils.o
    0x080239f9   0x080239f9   0x00000027   Data   RO         1366    .constdata          timer.o
    0x08023a20   0x08023a20   0x00000013   Data   RO         1399    .constdata          event_queue.o
    0x08023a33   0x08023a33   0x00000001   PAD
    0x08023a34   0x08023a34   0x00000076   Data   RO         1415    .constdata          slider.o
    0x08023aaa   0x08023aaa   0x00000025   Data   RO         1458    .constdata          idle.o
    0x08023acf   0x08023acf   0x00000017   Data   RO         1499    .constdata          str.o
    0x08023ae6   0x08023ae6   0x00000002   PAD
    0x08023ae8   0x08023ae8   0x00000075   Data   RO         1534    .constdata          pages.o
    0x08023b5d   0x08023b5d   0x00000003   PAD
    0x08023b60   0x08023b60   0x00000077   Data   RO         1553    .constdata          edit.o
    0x08023bd7   0x08023bd7   0x00000001   PAD
    0x08023bd8   0x08023bd8   0x00000074   Data   RO         1576    .constdata          view.o
    0x08023c4c   0x08023c4c   0x000004ae   Data   RO         1609    .constdata          widget_factory.o
    0x080240fa   0x080240fa   0x00000002   PAD
    0x080240fc   0x080240fc   0x00000068   Data   RO         1819    .constdata          spin_box.o
    0x08024164   0x08024164   0x00000077   Data   RO         1838    .constdata          dragger.o
    0x080241db   0x080241db   0x00000001   PAD
    0x080241dc   0x080241dc   0x0000007d   Data   RO         1857    .constdata          dialog_client.o
    0x08024259   0x08024259   0x00000003   PAD
    0x0802425c   0x0802425c   0x0000007c   Data   RO         1872    .constdata          dialog_title.o
    0x080242d8   0x080242d8   0x00000028   Data   RO         1887    .constdata          custom_props.o
    0x08024300   0x08024300   0x00000019   Data   RO         1990    .constdata          input_method_creator.o
    0x08024319   0x08024319   0x00000003   PAD
    0x0802431c   0x0802431c   0x0000007c   Data   RO         2006    .constdata          button_group.o
    0x08024398   0x08024398   0x00000096   Data   RO         2042    .constdata          combo_box.o
    0x0802442e   0x0802442e   0x00000002   PAD
    0x08024430   0x08024430   0x0000007e   Data   RO         2068    .constdata          combo_box_item.o
    0x080244ae   0x080244ae   0x00000002   PAD
    0x080244b0   0x080244b0   0x00000060   Data   RO         2083    .constdata          easing.o
    0x08024510   0x08024510   0x0000000a   Data   RO         2097    .constdata          fs.o
    0x0802451a   0x0802451a   0x00000002   PAD
    0x0802451c   0x0802451c   0x00000075   Data   RO         2150    .constdata          popup.o
    0x08024591   0x08024591   0x00000003   PAD
    0x08024594   0x08024594   0x0000007a   Data   RO         2192    .constdata          tab_button.o
    0x0802460e   0x0802460e   0x00000002   PAD
    0x08024610   0x08024610   0x00000080   Data   RO         2211    .constdata          tab_button_group.o
    0x08024690   0x08024690   0x0000007b   Data   RO         2229    .constdata          tab_control.o
    0x0802470b   0x0802470b   0x00000001   PAD
    0x0802470c   0x0802470c   0x00000004   Data   RO         2345    .constdata          ui_loader_default.o
    0x08024710   0x08024710   0x0000007a   Data   RO         2453    .constdata          color_tile.o
    0x0802478a   0x0802478a   0x00000016   Data   RO         2472    .constdata          assets_manager.o
    0x080247a0   0x080247a0   0x00000013   Data   RO         2487    .constdata          locale_info.o
    0x080247b3   0x080247b3   0x00000001   PAD
    0x080247b4   0x080247b4   0x00000077   Data   RO         2523    .constdata          app_bar.o
    0x0802482b   0x0802482b   0x00000001   PAD
    0x0802482c   0x0802482c   0x00000076   Data   RO         2541    .constdata          column.o
    0x080248a2   0x080248a2   0x00000002   PAD
    0x080248a4   0x080248a4   0x00000074   Data   RO         2559    .constdata          grid.o
    0x08024918   0x08024918   0x00000073   Data   RO         2577    .constdata          row.o
    0x0802498b   0x0802498b   0x00000001   PAD
    0x0802498c   0x0802498c   0x0000007f   Data   RO         2595    .constdata          calibration_win.o
    0x08024a0b   0x08024a0b   0x00000013   Data   RO         2613    .constdata          font_loader_bitmap.o
    0x08024a1e   0x08024a1e   0x00000002   PAD
    0x08024a20   0x08024a20   0x0000002b   Data   RO         2693    .constdata          style_const.o
    0x08024a4b   0x08024a4b   0x0000001f   Data   RO         2724    .constdata          widget_animator_manager.o
    0x08024a6a   0x08024a6a   0x00000002   PAD
    0x08024a6c   0x08024a6c   0x0000002a   Data   RO         2739    .constdata          clip_board_default.o
    0x08024a96   0x08024a96   0x00000002   PAD
    0x08024a98   0x08024a98   0x00000079   Data   RO         2779    .constdata          grid_item.o
    0x08024b11   0x08024b11   0x00000026   Data   RO         2797    .constdata          input_device_status.o
    0x08024b37   0x08024b37   0x00000001   PAD
    0x08024b38   0x08024b38   0x0000007a   Data   RO         2811    .constdata          system_bar.o
    0x08024bb2   0x08024bb2   0x00000002   PAD
    0x08024bb4   0x08024bb4   0x00000064   Data   RO         2830    .constdata          children_layouter_default.o
    0x08024c18   0x08024c18   0x00000035   Data   RO         2872    .constdata          self_layouter_default.o
    0x08024c4d   0x08024c4d   0x0000000f   Data   RO         2959    .constdata          lcd_stm32_raw.o
    0x08024c5c   0x08024c5c   0x0001e39b   Data   RO         3167    .constdata          assets-mini.o
    0x08042ff7   0x08042ff7   0x00000011   Data   RO         3252    .constdata          c_w.l(__printf_flags_ss_wp.o)
    0x08043008   0x08043008   0x00000088   Data   RO         3382    .constdata          m_ws.l(pow.o)
    0x08043090   0x08043090   0x00000008   Data   RO         3435    .constdata          c_w.l(_printf_wctomb.o)
    0x08043098   0x08043098   0x00000028   Data   RO         3464    .constdata          c_w.l(_printf_hex_int_ll_ptr.o)
    0x080430c0   0x080430c0   0x00000030   Data   RO         3537    .constdata          m_ws.l(cos_i.o)
    0x080430f0   0x080430f0   0x00000008   Data   RO         3557    .constdata          m_ws.l(qnan.o)
    0x080430f8   0x080430f8   0x000000c8   Data   RO         3560    .constdata          m_ws.l(rred.o)
    0x080431c0   0x080431c0   0x00000028   Data   RO         3564    .constdata          m_ws.l(sin_i.o)
    0x080431e8   0x080431e8   0x00000026   Data   RO         3599    .constdata          c_w.l(_printf_fp_hex.o)
    0x0804320e   0x0804320e   0x00000002   PAD
    0x08043210   0x08043210   0x00000094   Data   RO         3675    .constdata          c_w.l(bigflt0.o)
    0x080432a4   0x080432a4   0x0000000f   Data   RO          696    .conststring        button_1.o
    0x080432b3   0x080432b3   0x00000001   PAD
    0x080432b4   0x080432b4   0x00000025   Data   RO          826    .conststring        check_button.o
    0x080432d9   0x080432d9   0x00000003   PAD
    0x080432dc   0x080432dc   0x00000043   Data   RO          863    .conststring        dialog.o
    0x0804331f   0x0804331f   0x00000001   PAD
    0x08043320   0x08043320   0x0000047e   Data   RO          943    .conststring        enums.o
    0x0804379e   0x0804379e   0x00000002   PAD
    0x080437a0   0x080437a0   0x0000000a   Data   RO          997    .conststring        group_box.o
    0x080437aa   0x080437aa   0x00000002   PAD
    0x080437ac   0x080437ac   0x00000055   Data   RO         1015    .conststring        image.o
    0x08043801   0x08043801   0x00000003   PAD
    0x08043804   0x08043804   0x00000006   Data   RO         1052    .conststring        label.o
    0x0804380a   0x0804380a   0x00000002   PAD
    0x0804380c   0x0804380c   0x00000026   Data   RO         1110    .conststring        progress_bar.o
    0x08043832   0x08043832   0x00000002   PAD
    0x08043834   0x08043834   0x00000007   Data   RO         1270    .conststring        window.o
    0x0804383b   0x0804383b   0x00000001   PAD
    0x0804383c   0x0804383c   0x0000000f   Data   RO         1289    .conststring        window_manager.o
    0x0804384b   0x0804384b   0x00000001   PAD
    0x0804384c   0x0804384c   0x00000018   Data   RO         1416    .conststring        slider.o
    0x08043864   0x08043864   0x00000006   Data   RO         1535    .conststring        pages.o
    0x0804386a   0x0804386a   0x00000002   PAD
    0x0804386c   0x0804386c   0x0000007d   Data   RO         1554    .conststring        edit.o
    0x080438e9   0x080438e9   0x00000003   PAD
    0x080438ec   0x080438ec   0x00000005   Data   RO         1577    .conststring        view.o
    0x080438f1   0x080438f1   0x00000003   PAD
    0x080438f4   0x080438f4   0x00000009   Data   RO         1820    .conststring        spin_box.o
    0x080438fd   0x080438fd   0x00000003   PAD
    0x08043900   0x08043900   0x00000026   Data   RO         1839    .conststring        dragger.o
    0x08043926   0x08043926   0x00000002   PAD
    0x08043928   0x08043928   0x0000000e   Data   RO         1858    .conststring        dialog_client.o
    0x08043936   0x08043936   0x00000002   PAD
    0x08043938   0x08043938   0x0000000d   Data   RO         1873    .conststring        dialog_title.o
    0x08043945   0x08043945   0x00000003   PAD
    0x08043948   0x08043948   0x00000a61   Data   RO         2024    .conststring        color_parser.o
    0x080443a9   0x080443a9   0x00000003   PAD
    0x080443ac   0x080443ac   0x00000026   Data   RO         2043    .conststring        combo_box.o
    0x080443d2   0x080443d2   0x00000002   PAD
    0x080443d4   0x080443d4   0x0000000f   Data   RO         2069    .conststring        combo_box_item.o
    0x080443e3   0x080443e3   0x00000001   PAD
    0x080443e4   0x080443e4   0x00000036   Data   RO         2151    .conststring        popup.o
    0x0804441a   0x0804441a   0x00000002   PAD
    0x0804441c   0x0804441c   0x0000000b   Data   RO         2193    .conststring        tab_button.o
    0x08044427   0x08044427   0x00000001   PAD
    0x08044428   0x08044428   0x00000011   Data   RO         2212    .conststring        tab_button_group.o
    0x08044439   0x08044439   0x00000003   PAD
    0x0804443c   0x0804443c   0x0000000c   Data   RO         2230    .conststring        tab_control.o
    0x08044448   0x08044448   0x0000000b   Data   RO         2454    .conststring        color_tile.o
    0x08044453   0x08044453   0x00000001   PAD
    0x08044454   0x08044454   0x00000008   Data   RO         2524    .conststring        app_bar.o
    0x0804445c   0x0804445c   0x00000007   Data   RO         2542    .conststring        column.o
    0x08044463   0x08044463   0x00000001   PAD
    0x08044464   0x08044464   0x00000004   Data   RO         2560    .conststring        grid.o
    0x08044468   0x08044468   0x00000010   Data   RO         2596    .conststring        calibration_win.o
    0x08044478   0x08044478   0x0000000b   Data   RO         2812    .conststring        system_bar.o
    0x08044483   0x08044483   0x00000001   PAD
    0x08044484   0x08044484   0x00000020   Data   RO         3829    Region$$Table       anon$$obj.o
    0x080444a4   0x080444a4   0x00000008   Data   RO         3712    c$$dinf             fz_ws.l(fpconst.o)
    0x080444ac   0x080444ac   0x00000008   Data   RO         3715    c$$dmax             fz_ws.l(fpconst.o)
    0x080444b4   0x080444b4   0x00000110   Data   RO         3504    locale$$data        c_w.l(lc_ctype_c.o)
    0x080445c4   0x080445c4   0x0000001c   Data   RO         3699    locale$$data        c_w.l(lc_numeric_c.o)


    Execution Region RW_IRAM1 (Exec base: 0x20000000, Load base: 0x080445e0, Size: 0x00003e78, Max: 0x00010000, ABSOLUTE, COMPRESSED[0x000003f8])

    Exec Addr    Load Addr    Size         Type   Attr      Idx    E Section Name        Object

    0x20000000   COMPRESSED   0x00000014   Data   RW          105    .data               system_stm32f10x.o
    0x20000014   COMPRESSED   0x00000006   Data   RW          218    .data               usart.o
    0x2000001a   COMPRESSED   0x00000014   Data   RW          282    .data               stm32f10x_rcc.o
    0x2000002e   COMPRESSED   0x00000001   Data   RW          452    .data               led.o
    0x2000002f   COMPRESSED   0x00000001   Data   RW          480    .data               button.o
    0x20000030   COMPRESSED   0x00000004   Data   RW          493    .data               tim.o
    0x20000034   COMPRESSED   0x0000000a   Data   RW          514    .data               rtc.o
    0x2000003e   COMPRESSED   0x00000008   Data   RW          537    .data               touch.o
    0x20000046   COMPRESSED   0x00000002   PAD
    0x20000048   COMPRESSED   0x00000008   Data   RW          697    .data               button_1.o
    0x20000050   COMPRESSED   0x00000008   Data   RW          827    .data               check_button.o
    0x20000058   COMPRESSED   0x00000018   Data   RW          864    .data               dialog.o
    0x20000070   COMPRESSED   0x00000004   Data   RW          982    .data               font_manager.o
    0x20000074   COMPRESSED   0x00000028   Data   RW         1016    .data               image.o
    0x2000009c   COMPRESSED   0x00000004   Data   RW         1037    .data               image_manager.o
    0x200000a0   COMPRESSED   0x00000004   Data   RW         1078    .data               main_loop.o
    0x200000a4   COMPRESSED   0x00000010   Data   RW         1111    .data               progress_bar.o
    0x200000b4   COMPRESSED   0x00000004   Data   RW         1141    .data               theme.o
    0x200000b8   COMPRESSED   0x00000018   Data   RW         1271    .data               window.o
    0x200000d0   COMPRESSED   0x00000004   Data   RW         1290    .data               window_manager.o
    0x200000d4   COMPRESSED   0x00000004   Data   RW         1367    .data               timer.o
    0x200000d8   COMPRESSED   0x00000018   Data   RW         1417    .data               slider.o
    0x200000f0   COMPRESSED   0x00000004   Data   RW         1459    .data               idle.o
    0x200000f4   COMPRESSED   0x00000008   Data   RW         1536    .data               pages.o
    0x200000fc   COMPRESSED   0x00000038   Data   RW         1555    .data               edit.o
    0x20000134   COMPRESSED   0x00000004   Data   RW         1610    .data               widget_factory.o
    0x20000138   COMPRESSED   0x00000004   Data   RW         1780    .data               input_method.o
    0x2000013c   COMPRESSED   0x00000014   Data   RW         1840    .data               dragger.o
    0x20000150   COMPRESSED   0x00000460   Data   RW         2025    .data               color_parser.o
    0x200005b0   COMPRESSED   0x0000003c   Data   RW         2044    .data               combo_box.o
    0x200005ec   COMPRESSED   0x00000020   Data   RW         2152    .data               popup.o
    0x2000060c   COMPRESSED   0x00000008   Data   RW         2194    .data               tab_button.o
    0x20000614   COMPRESSED   0x0000000c   Data   RW         2455    .data               color_tile.o
    0x20000620   COMPRESSED   0x00000004   Data   RW         2473    .data               assets_manager.o
    0x20000624   COMPRESSED   0x00000004   Data   RW         2488    .data               locale_info.o
    0x20000628   COMPRESSED   0x00000008   Data   RW         2614    .data               font_loader_bitmap.o
    0x20000630   COMPRESSED   0x00000004   Data   RW         2707    .data               style_factory.o
    0x20000634   COMPRESSED   0x00000004   Data   RW         2725    .data               widget_animator_manager.o
    0x20000638   COMPRESSED   0x00000004   Data   RW         2753    .data               clip_board.o
    0x2000063c   COMPRESSED   0x0000000c   Data   RW         2813    .data               system_bar.o
    0x20000648   COMPRESSED   0x00000004   Data   RW         3091    .data               mutex_null.o
    0x2000064c   COMPRESSED   0x00000004   Data   RW         3108    .data               sys_tick.o
    0x20000650        -       0x000000c8   Zero   RW          217    .bss                usart.o
    0x20000718        -       0x0000000a   Zero   RW          512    .bss                rtc.o
    0x20000722   COMPRESSED   0x00000002   PAD
    0x20000724        -       0x0000000c   Zero   RW          536    .bss                touch.o
    0x20000730        -       0x00001000   Zero   RW          591    .bss                flash.o
    0x20001730        -       0x00000014   Zero   RW         1095    .bss                mem.o
    0x20001744        -       0x0000001c   Zero   RW         1473    .bss                system_info.o
    0x20001760        -       0x00000090   Zero   RW         1515    .bss                main_loop_simple.o
    0x200017f0        -       0x00000024   Zero   RW         2313    .bss                ui_builder_default.o
    0x20001814        -       0x00002000   Zero   RW         3077    .bss                platform.o
    0x20003814        -       0x00000060   Zero   RW         3570    .bss                c_w.l(libspace.o)
    0x20003874   COMPRESSED   0x00000004   PAD
    0x20003878        -       0x00000200   Zero   RW          251    HEAP                startup_stm32f10x_hd.o
    0x20003a78        -       0x00000400   Zero   RW          250    STACK               startup_stm32f10x_hd.o


==============================================================================

Image component sizes


      Code (inc. data)   RO Data    RW Data    ZI Data      Debug   Object Name

        92         10        127          0          0       2062   app_bar.o
       656         14         37          0          0      13983   array.o
       412        132     123803          0          0      12083   assets-mini.o
       612         16         22          4          0       6086   assets_manager.o
       812         18          0          0          0       7371   awtk_global.o
      1410         38         68          0          0      13476   bitmap.o
       848          0          0          0          0       7160   buffer.o
       256         12          0          1          0        850   button.o
       636         30        133          8          0      38618   button_1.o
       112         10        124          0          0       2448   button_group.o
       696         14        143          0          0       5058   calibration_win.o
     10926         58          0          0          0      35878   canvas.o
       832         52        291          8          0       6541   check_button.o
       344          0          0          0          0       3722   children_layouter.o
      2144        110        100          0          0       6807   children_layouter_default.o
       336         20          0          0          0       3933   children_layouter_factory.o
       260          8          0          4          0       3016   clip_board.o
       160         14         42          0          0       2744   clip_board_default.o
        84         18          0          0          0        895   color.o
       652        102       2657       1120          0       3621   color_parser.o
       564         52        133         12          0       4437   color_tile.o
        92         10        125          0          0       2048   column.o
      1944        192        188         60          0      11466   combo_box.o
       788         50        141          0          0       4592   combo_box_item.o
         0          0          0          0          0         32   core_cm3.o
       564         10         40          0          0       4833   custom_props.o
      1420        256          0          0          0       3863   demo1_app.o
        38          0          0          0          0        604   demo_main.o
       556         72        185         24          0      13374   dialog.o
       136         16        139          0          0       2050   dialog_client.o
       128         16        137          0          0       2100   dialog_title.o
       904         52        157         20          0       4952   dragger.o
      2404        128         96          0          0       6321   easing.o
      6696        220        244         56          0      23371   edit.o
       704          8         26          0          0       8997   emitter.o
       348         36       2410          0          0       8287   enums.o
       336          4         19          0          0       3048   event_queue.o
       244          0          0          0          0       2926   events.o
       924         12          0          0       4096       3305   flash.o
       120          0          0          0          0       1536   font.o
        44          0          0          0          0       1087   font_loader.o
       392         28         19          8          0       4097   font_loader_bitmap.o
       440         18         20          4          0       4524   font_manager.o
       908         14         10          0          0       8199   fs.o
         4          0          0          0          0        464   fs_os.o
       196         10          0          0          0       1803   func_call_parser.o
        92         10        120          0          0       2012   grid.o
        92         10        121          0          0       2102   grid_item.o
       112         10        131          0          0       2338   group_box.o
      1072         12       2376          0          0       5635   gui.o
       748         12         37          4          0       6790   idle.o
       544         22        202         40          0       4526   image.o
      1488        102          0          0          0       6366   image_base.o
        34          0          0          0          0       1016   image_loader.o
       760         22         39          4          0       6038   image_manager.o
       760          6         38          0          0       2990   input_device_status.o
       126          0          0          0          0       1042   input_engine.o
       568         10          0          4          0       5125   input_method.o
       104         12         25          0          0       1687   input_method_creator.o
       832         20        123          0          0       5182   label.o
       400         56          0          0          0       3165   layout.o
      1076          0          0          0          0       9341   lcd.o
       696         18          0          0          0       2092   lcd_driver.o
      1708         42         15          0          0      16837   lcd_stm32_raw.o
       164         10          0          1          0        739   led.o
       588         26         19          4          0       8111   locale_info.o
        68          0          0          0          0     205271   main.o
       300          4          0          4          0       3368   main_loop.o
       680         12          0          0        144       4945   main_loop_simple.o
       216         16          0          0          0      24029   main_loop_stm32_raw.o
       756          4          0          0         20       5727   mem.o
       220         22          0          0          0       1825   misc.o
        28          6          0          4          0       1985   mutex_null.o
       548         26        123          8          0       4560   pages.o
       836          6          0          0          0       4938   path.o
       100         12          0          0       8192       1236   platform.o
       504         56        171         32          0       3150   popup.o
      1280         40        162         16          0       5588   progress_bar.o
       576          0          0          0          0       3001   rect.o
        92         10        115          0          0       1994   row.o
      1120         66         24         10         10       4387   rtc.o
       316          0          0          0          0       3439   self_layouter.o
      1448        124         53          0          0       5380   self_layouter_default.o
       172         16          0          0          0       2967   self_layouter_factory.o
      2272         56        142         24          0       7843   slider.o
       476         16          0          0          0       1828   spi.o
       344         70        113          0          0       2337   spin_box.o
        64         26        304          0       1536        812   startup_stm32f10x_hd.o
       196          8          0          0          0       3520   stm32f10x_bkp.o
      1548         18          0          0          0       5399   stm32f10x_fsmc.o
       860         38          0          0          0       5757   stm32f10x_gpio.o
        24          0          0          0          0      64030   stm32f10x_it.o
       204         14          0          0          0       1967   stm32f10x_pwr.o
       932         36          0         20          0       8944   stm32f10x_rcc.o
       328          4          0          0          0       2734   stm32f10x_rtc.o
       780         14          0          0          0       6638   stm32f10x_spi.o
      3610         88          0          0          0      22864   stm32f10x_tim.o
      1032         22          0          0          0       8480   stm32f10x_usart.o
      2150         64         23          0          0      11869   str.o
       212          0          0          0          0       3889   style.o
       464         82         43          0          0       4076   style_const.o
        52          6          0          4          0       2113   style_factory.o
        76          6          0          4          0       1757   sys_tick.o
       340         46        133         12          0       3548   system_bar.o
        76         24          0          0         28       1427   system_info.o
       480         38          0         20          0       1775   system_stm32f10x.o
      1132         72        133          8          0       6364   tab_button.o
       984         40        145          0          0       6328   tab_button_group.o
       112         10        135          0          0       2374   tab_control.o
       560         18         13          4          0       4285   theme.o
       572         24          0          4          0       1965   tim.o
        24          0          0          0          0        625   time_now.o
       992         12         39          4          0       8053   timer.o
       390          0          0          0          0       3264   tokenizer.o
      1088         38          0          8         12       4326   touch.o
       162          0          0          0          0       2952   ui_builder.o
       256         24          0          0         36       3209   ui_builder_default.o
        48          0          0          0          0       1177   ui_loader.o
       284         10          4          0          0       1939   ui_loader_default.o
       296         16          0          6        200       3210   usart.o
       772          4        260          0          0       5509   utf8.o
      2128         50         23          0          0      14109   utils.o
      1684         76         13          0          0      10348   value.o
      2346         14          0          0          0      19146   vgcanvas.o
        92         10        121          0          0       2012   view.o
     10678        288          0          0          0      65458   widget.o
      1000          4          0          0          0       7830   widget_animator.o
         6          0          0          0          0       2137   widget_animator_factory_null.o
       832         14         31          4          0       7716   widget_animator_manager.o
       448         16       1198          4          0      19184   widget_factory.o
       704          6        104          0          0       6120   widget_vtable.o
        80          8        125         24          0       2104   window.o
       362          0          0          0          0       2237   window_animator.o
        16          0          0          0          0       1483   window_animator_null.o
      1366        160          0          0          0       4605   window_base.o
      3472        124        141          4          0      20632   window_manager.o
       172          4          0          0          0       2220   window_open.o
      1744         28         20          0          0      10058   wstr.o

    ----------------------------------------------------------------------
    115746       4446     138939       1616      14276    1116178   Object Totals
         0          0         32          0          0          0   (incl. Generated)
        26          0        114          2          2          0   (incl. Padding)

    ----------------------------------------------------------------------

      Code (inc. data)   RO Data    RW Data    ZI Data      Debug   Library Member Name

        24          4          0          0          0         84   __2printf.o
       100          0          0          0          0          0   __dclz77c.o
         8          0          0          0          0         68   __main.o
       392          4         17          0          0         92   __printf_flags_ss_wp.o
        14          0          0          0          0         68   __printf_wp.o
         0          0          0          0          0          0   __rtentry.o
        12          0          0          0          0          0   __rtentry2.o
         6          0          0          0          0          0   __rtentry4.o
        52          8          0          0          0          0   __scatter.o
        28          0          0          0          0          0   __scatter_zi.o
        28          0          0          0          0         68   _chval.o
        60          0          0          0          0         92   _mbrtowc.o
         6          0          0          0          0          0   _printf_a.o
         6          0          0          0          0          0   _printf_c.o
        44          0          0          0          0        108   _printf_char.o
        48          6          0          0          0         96   _printf_char_common.o
        36          4          0          0          0         80   _printf_char_file.o
        40          0          0          0          0         68   _printf_charcount.o
         6          0          0          0          0          0   _printf_d.o
       120         16          0          0          0         92   _printf_dec.o
         6          0          0          0          0          0   _printf_e.o
         6          0          0          0          0          0   _printf_f.o
      1054          0          0          0          0        216   _printf_fp_dec.o
       764          8         38          0          0        100   _printf_fp_hex.o
       128         16          0          0          0         84   _printf_fp_infnan.o
         6          0          0          0          0          0   _printf_g.o
       148          4         40          0          0        160   _printf_hex_int_ll_ptr.o
         6          0          0          0          0          0   _printf_i.o
       178          0          0          0          0         88   _printf_intcommon.o
        10          0          0          0          0          0   _printf_l.o
         6          0          0          0          0          0   _printf_lc.o
        10          0          0          0          0          0   _printf_ll.o
         6          0          0          0          0          0   _printf_lld.o
         6          0          0          0          0          0   _printf_lli.o
         6          0          0          0          0          0   _printf_llo.o
         6          0          0          0          0          0   _printf_llu.o
         6          0          0          0          0          0   _printf_llx.o
       124         16          0          0          0         92   _printf_longlong_dec.o
         6          0          0          0          0          0   _printf_ls.o
         6          0          0          0          0          0   _printf_n.o
         6          0          0          0          0          0   _printf_o.o
       112         10          0          0          0        124   _printf_oct_int_ll.o
         6          0          0          0          0          0   _printf_p.o
        78          0          0          0          0        108   _printf_pad.o
         0          0          0          0          0          0   _printf_percent.o
         4          0          0          0          0          0   _printf_percent_end.o
         6          0          0          0          0          0   _printf_s.o
        82          0          0          0          0         80   _printf_str.o
        36          0          0          0          0         84   _printf_truncate.o
         6          0          0          0          0          0   _printf_u.o
        44          0          0          0          0        108   _printf_wchar.o
       188          6          8          0          0         92   _printf_wctomb.o
         6          0          0          0          0          0   _printf_x.o
        22          0          0          0          0        100   _rserrno.o
       884          6          0          0          0        100   _scanf.o
       332          0          0          0          0         96   _scanf_int.o
       342          0          0          0          0        100   _scanf_longlong.o
       276          0          0          0          0        100   _scanf_mbtowc.o
       224          0          0          0          0         96   _scanf_str.o
        30          0          0          0          0         76   _scanf_wcharmap.o
       232          0          0          0          0        100   _scanf_wctomb.o
       208          0          0          0          0         96   _scanf_wstr.o
        64          0          0          0          0         84   _sgetc.o
        16          0          0          0          0         68   _snputc.o
        10          0          0          0          0         68   _sputc.o
        64          0          0          0          0         92   _wcrtomb.o
       228          4        148          0          0         96   bigflt0.o
        80          0          0          0          0         88   bsearchnoex.o
      2152        136          0          0          0        960   btod.o
        18          0          0          0          0         80   exit.o
         8          0          0          0          0         68   ferror.o
         6          0          0          0          0        152   heapauxi.o
        18          0          0          0          0         76   isspace.o
        44         10        272          0          0         76   lc_ctype_c.o
        44         10         28          0          0         76   lc_numeric_c.o
         2          0          0          0          0          0   libinit.o
        30          0          0          0          0          0   libinit2.o
         2          0          0          0          0          0   libshutdown.o
         2          0          0          0          0          0   libshutdown2.o
         8          4          0          0         96         68   libspace.o
        38          0          0          0          0         68   llshl.o
       138          0          0          0          0         80   lludiv10.o
        16          4          0          0          0         76   rt_ctype_table.o
         8          4          0          0          0         68   rt_errno_addr_intlibspace.o
         8          4          0          0          0         68   rt_locale_intlibspace.o
        68          0          0          0          0         68   rt_memclr.o
        78          0          0          0          0         80   rt_memclr_w.o
       138          0          0          0          0         68   rt_memcpy_v6.o
       100          0          0          0          0         80   rt_memcpy_w.o
       132          0          0          0          0         68   rt_memmove_v6.o
       122          0          0          0          0         80   rt_memmove_w.o
         2          0          0          0          0          0   rtexit.o
        10          0          0          0          0          0   rtexit2.o
        44          8          0          0          0         84   scanf_char.o
      1272         16          0          0          0        168   scanf_fp.o
       800         14          0          0          0        100   scanf_hexfp.o
       308         16          0          0          0        100   scanf_infnan.o
        20          0          0          0          0         68   strchr.o
       128          0          0          0          0         68   strcmpv7m.o
        72          0          0          0          0         80   strcpy.o
        62          0          0          0          0         76   strlen.o
       150          0          0          0          0         80   strncmp.o
        86          0          0          0          0         76   strncpy.o
        22          0          0          0          0         68   strrchr.o
        36          0          0          0          0         80   strstr.o
        74          0          0          0          0         80   sys_stackheap_outer.o
        26          0          0          0          0         76   tolower.o
        30          0          0          0          0         76   toupper.o
         2          0          0          0          0         68   use_no_semi.o
         2          0          0          0          0         68   use_no_semi_2.o
        52          4          0          0          0         80   vsnprintf.o
        52          8          0          0          0         80   vsscanf.o
        22          0          0          0          0         68   wcschr.o
        24          0          0          0          0         68   wcscmp.o
        18          0          0          0          0         68   wcscpy.o
        18          0          0          0          0         68   wcslen.o
        98          4          0          0          0         92   d2f.o
       826         16          0          0          0        348   daddsub_clz.o
        16          4          0          0          0         68   dcheck1.o
        24          0          0          0          0         68   dcmpi.o
       688        140          0          0          0        208   ddiv.o
       120          4          0          0          0         92   deqf.o
        94          4          0          0          0         92   dfix.o
        90          4          0          0          0         92   dfixu.o
        84          0          0          0          0        136   dflt_clz.o
       120          4          0          0          0         92   dleqf.o
       340         12          0          0          0        104   dmul.o
       156          4          0          0          0         92   dnaninf.o
        12          0          0          0          0         68   dretinf.o
       108          0          0          0          0         80   drleqf.o
       460         56          0          0          0        120   dsqrt_noumaal.o
        86          4          0          0          0         84   f2d.o
       450          8          0          0          0        236   faddsub_clz.o
        24          0          0          0          0         68   fcmpi.o
       388         76          0          0          0         96   fdiv.o
       104          4          0          0          0         84   feqf.o
        54          4          0          0          0         84   ffix.o
        62          4          0          0          0         84   ffixu.o
        86          0          0          0          0        136   fflt_clz.o
        96          0          0          0          0         84   ffltll_clz.o
       104          4          0          0          0         84   fleqf.o
       258          4          0          0          0         84   fmul.o
       140          4          0          0          0         84   fnaninf.o
         0          0         16          0          0          0   fpconst.o
        10          0          0          0          0         68   fretinf.o
        98          0          0          0          0         68   frleqf.o
         6          0          0          0          0         68   istatus.o
         4          0          0          0          0         68   printf1.o
         4          0          0          0          0         68   printf2.o
       100          0          0          0          0         68   retnan.o
        92          0          0          0          0         68   scalbn.o
         4          0          0          0          0         68   scanf1.o
         8          0          0          0          0         84   scanf2.o
        48          0          0          0          0         68   trapv.o
         0          0          0          0          0          0   usenofp.o
       156          8          0          0          0        104   cos.o
       252         22         48          0          0        124   cos_i.o
        68         10          0          0          0        408   dunder.o
       220         16          0          0          0         84   floor.o
        40          0          0          0          0         68   fpclassify.o
        88          8          0          0          0         76   frexp.o
       138          0          0          0          0        160   ldexp.o
       204          4          0          0          0        168   narrow.o
       170          0          0          0          0         96   poly.o
      2520        190        136          0          0        324   pow.o
         0          0          8          0          0          0   qnan.o
       904         76        200          0          0        140   rred.o
       160         10          0          0          0        108   sin.o
       236         12         40          0          0        128   sin_i.o
        76          0          0          0          0         84   sqrt.o

    ----------------------------------------------------------------------
     24346       1072       1001          0        100      13548   Library Totals
        36          2          2          0          4          0   (incl. Padding)

    ----------------------------------------------------------------------

      Code (inc. data)   RO Data    RW Data    ZI Data      Debug   Library Name

     13616        350        551          0         96       7820   c_w.l
      5462        364         16          0          0       3656   fz_ws.l
      5232        356        432          0          0       2072   m_ws.l

    ----------------------------------------------------------------------
     24346       1072       1001          0        100      13548   Library Totals

    ----------------------------------------------------------------------

==============================================================================


      Code (inc. data)   RO Data    RW Data    ZI Data      Debug   

    140092       5518     139940       1616      14376    1108662   Grand Totals
    140092       5518     139940       1016      14376    1108662   ELF Image Totals (compressed)
    140092       5518     139940       1016          0          0   ROM Totals

==============================================================================

    Total RO  Size (Code + RO Data)               280032 ( 273.47kB)
    Total RW  Size (RW Data + ZI Data)             15992 (  15.62kB)
    Total ROM Size (Code + RO Data + RW Data)     281048 ( 274.46kB)

==============================================================================

