Component: ARM Compiler 5.06 update 5 (build 528) Tool: armlink [4d35e2]

==============================================================================

Section Cross References

    system_stm32f10x.o(.text) refers to system_stm32f10x.o(.data) for SystemCoreClock
    main.o(.text) refers to misc.o(.text) for NVIC_PriorityGroupConfig
    main.o(.text) refers to platform.o(.text) for systick_init
    main.o(.text) refers to led.o(.text) for led_init
    main.o(.text) refers to button.o(.text) for button_init
    main.o(.text) refers to lcd_driver.o(.text) for TFT_Init
    main.o(.text) refers to flash.o(.text) for FLASH_Init
    main.o(.text) refers to touch.o(.text) for TOUCH_Init
    main.o(.text) refers to tim.o(.text) for TIM3_Init
    main.o(.text) refers to rtc.o(.text) for rtc_init
    main.o(.text) refers to demo_main.o(.text) for gui_app_start
    sys.o(.text) refers to misc.o(.text) for NVIC_PriorityGroupConfig
    usart.o(.text) refers (Special) to use_no_semi_2.o(.text) for __use_no_semihosting
    usart.o(.text) refers to stm32f10x_rcc.o(.text) for RCC_APB2PeriphClockCmd
    usart.o(.text) refers to stm32f10x_gpio.o(.text) for GPIO_Init
    usart.o(.text) refers to misc.o(.text) for NVIC_Init
    usart.o(.text) refers to stm32f10x_usart.o(.text) for USART_Init
    usart.o(.text) refers to usart.o(.data) for USART_RX_STA
    usart.o(.text) refers to usart.o(.bss) for USART_RX_BUF
    usart.o(.bss) refers (Special) to use_no_semi_2.o(.text) for __use_no_semihosting
    usart.o(.data) refers (Special) to use_no_semi_2.o(.text) for __use_no_semihosting
    startup_stm32f10x_hd.o(STACK) refers (Special) to heapauxi.o(.text) for __use_two_region_memory
    startup_stm32f10x_hd.o(HEAP) refers (Special) to heapauxi.o(.text) for __use_two_region_memory
    startup_stm32f10x_hd.o(RESET) refers (Special) to heapauxi.o(.text) for __use_two_region_memory
    startup_stm32f10x_hd.o(RESET) refers to startup_stm32f10x_hd.o(STACK) for __initial_sp
    startup_stm32f10x_hd.o(RESET) refers to startup_stm32f10x_hd.o(.text) for Reset_Handler
    startup_stm32f10x_hd.o(RESET) refers to stm32f10x_it.o(.text) for NMI_Handler
    startup_stm32f10x_hd.o(RESET) refers to sys_tick.o(.text) for SysTick_Handler
    startup_stm32f10x_hd.o(RESET) refers to rtc.o(.text) for RTC_IRQHandler
    startup_stm32f10x_hd.o(RESET) refers to main_loop_stm32_raw.o(.text) for TIM3_IRQHandler
    startup_stm32f10x_hd.o(RESET) refers to usart.o(.text) for USART1_IRQHandler
    startup_stm32f10x_hd.o(RESET) refers to tim.o(.text) for TIM5_IRQHandler
    startup_stm32f10x_hd.o(.text) refers (Special) to heapauxi.o(.text) for __use_two_region_memory
    startup_stm32f10x_hd.o(.text) refers to system_stm32f10x.o(.text) for SystemInit
    startup_stm32f10x_hd.o(.text) refers to __main.o(!!!main) for __main
    startup_stm32f10x_hd.o(.text) refers to startup_stm32f10x_hd.o(HEAP) for Heap_Mem
    startup_stm32f10x_hd.o(.text) refers to startup_stm32f10x_hd.o(STACK) for Stack_Mem
    stm32f10x_gpio.o(.text) refers to stm32f10x_rcc.o(.text) for RCC_APB2PeriphResetCmd
    stm32f10x_rcc.o(.text) refers to stm32f10x_rcc.o(.data) for APBAHBPrescTable
    stm32f10x_usart.o(.text) refers to stm32f10x_rcc.o(.text) for RCC_APB2PeriphResetCmd
    stm32f10x_wwdg.o(.text) refers to stm32f10x_rcc.o(.text) for RCC_APB1PeriphResetCmd
    stm32f10x_tim.o(.text) refers to stm32f10x_rcc.o(.text) for RCC_APB2PeriphResetCmd
    stm32f10x_bkp.o(.text) refers to stm32f10x_rcc.o(.text) for RCC_BackupResetCmd
    stm32f10x_pwr.o(.text) refers to stm32f10x_rcc.o(.text) for RCC_APB1PeriphResetCmd
    stm32f10x_spi.o(.text) refers to stm32f10x_rcc.o(.text) for RCC_APB2PeriphResetCmd
    led.o(.text) refers to stm32f10x_rcc.o(.text) for RCC_APB2PeriphClockCmd
    led.o(.text) refers to stm32f10x_gpio.o(.text) for GPIO_Init
    led.o(.text) refers to sys_tick.o(.text) for delay_ms
    led.o(.text) refers to led.o(.data) for i
    lcd_driver.o(.text) refers to stm32f10x_rcc.o(.text) for RCC_APB2PeriphClockCmd
    lcd_driver.o(.text) refers to stm32f10x_gpio.o(.text) for GPIO_Init
    lcd_driver.o(.text) refers to stm32f10x_fsmc.o(.text) for FSMC_NORSRAMInit
    button.o(.text) refers to stm32f10x_rcc.o(.text) for RCC_APB2PeriphClockCmd
    button.o(.text) refers to stm32f10x_gpio.o(.text) for GPIO_Init
    button.o(.text) refers to sys_tick.o(.text) for delay_ms
    button.o(.text) refers to button.o(.data) for key_up
    tim.o(.text) refers to stm32f10x_rcc.o(.text) for RCC_APB1PeriphClockCmd
    tim.o(.text) refers to stm32f10x_gpio.o(.text) for GPIO_Init
    tim.o(.text) refers to stm32f10x_tim.o(.text) for TIM_TimeBaseInit
    tim.o(.text) refers to misc.o(.text) for NVIC_Init
    tim.o(.text) refers to tim.o(.data) for TIM5CH1_CAPTURE_STA
    rtc.o(.text) refers to _printf_percent.o(.ARM.Collect$$_printf_percent$$00000000) for _printf_percent
[...]
    __I$use$fp                               0x080216b0   Number         0  usenofp.o(x$fpl$usenofp)
    table_week                               0x080216b0   Data          12  rtc.o(.constdata)
    mon_table                                0x080216bc   Data          12  rtc.o(.constdata)
    ASCII8x16                                0x080216c8   Data        1536  gui.o(.constdata)
    tfont16                                  0x08021cc8   Data         480  gui.o(.constdata)
    tfont24                                  0x08021ea8   Data         360  gui.o(.constdata)
    g_utf8_skip                              0x08022a94   Data           4  utf8.o(.constdata)
    font_default                             0x08023e39   Data       13041  assets-mini.o(.constdata)
    image_bricks                             0x0802712a   Data        7260  assets-mini.o(.constdata)
    image_checked                            0x08028d86   Data        2364  assets-mini.o(.constdata)
    image_dialog_title                       0x080296c2   Data        7260  assets-mini.o(.constdata)
    image_earth                              0x0802b31e   Data        2364  assets-mini.o(.constdata)
    image_green_btn_n                        0x0802bc5a   Data        3660  assets-mini.o(.constdata)
    image_green_btn_o                        0x0802caa6   Data        3660  assets-mini.o(.constdata)
    image_green_btn_p                        0x0802d8f2   Data        3660  assets-mini.o(.constdata)
    image_info                               0x0802e73e   Data        2364  assets-mini.o(.constdata)
    image_left_off                           0x0802f07a   Data        2364  assets-mini.o(.constdata)
    image_left_on                            0x0802f9b6   Data        2364  assets-mini.o(.constdata)
    image_middle_off                         0x080302f2   Data        2364  assets-mini.o(.constdata)
    image_middle_on                          0x08030c2e   Data        2364  assets-mini.o(.constdata)
    image_muted                              0x0803156a   Data        2364  assets-mini.o(.constdata)
    image_question                           0x08031ea6   Data        2364  assets-mini.o(.constdata)
    image_radio_checked                      0x080327e2   Data        2364  assets-mini.o(.constdata)
    image_radio_unchecked                    0x0803311e   Data        2364  assets-mini.o(.constdata)
    image_red_btn_n                          0x08033a5a   Data        3660  assets-mini.o(.constdata)
    image_red_btn_o                          0x080348a6   Data        3660  assets-mini.o(.constdata)
    image_red_btn_p                          0x080356f2   Data        3660  assets-mini.o(.constdata)
    image_right_off                          0x0803653e   Data        2364  assets-mini.o(.constdata)
    image_right_on                           0x08036e7a   Data        2364  assets-mini.o(.constdata)
    image_slider_bg                          0x080377b6   Data        1020  assets-mini.o(.constdata)
    image_slider_drag                        0x08037bb2   Data        3196  assets-mini.o(.constdata)
    image_slider_drag_o                      0x0803882e   Data        3196  assets-mini.o(.constdata)
    image_slider_drag_p                      0x080394aa   Data        3196  assets-mini.o(.constdata)
    image_slider_fg                          0x0803a126   Data        1020  assets-mini.o(.constdata)
    image_slider_v_bg                        0x0803a522   Data        1020  assets-mini.o(.constdata)
    image_slider_v_fg                        0x0803a91e   Data        1020  assets-mini.o(.constdata)
    image_unchecked                          0x0803ad1a   Data        2364  assets-mini.o(.constdata)
    image_unmuted                            0x0803b656   Data        2364  assets-mini.o(.constdata)
    image_warn                               0x0803bf92   Data        2364  assets-mini.o(.constdata)
    style_default                            0x0803c8ce   Data       22694  assets-mini.o(.constdata)
    __mathlib_zero                           0x08042270   Data           8  qnan.o(.constdata)
    Region$$Table$$Base                      0x080435f4   Number         0  anon$$obj.o(Region$$Table)
    Region$$Table$$Limit                     0x08043614   Number         0  anon$$obj.o(Region$$Table)
    __aeabi_HUGE_VAL                         0x08043614   Data           0  fpconst.o(c$$dinf)
    __aeabi_HUGE_VALL                        0x08043614   Data           0  fpconst.o(c$$dinf)
    __aeabi_INFINITY                         0x08043614   Data           0  fpconst.o(c$$dinf)
    __dInf                                   0x08043614   Data           0  fpconst.o(c$$dinf)
    __huge_val                               0x08043614   Data           0  fpconst.o(c$$dinf)
    __dbl_max                                0x0804361c   Data           0  fpconst.o(c$$dmax)
    __ctype                                  0x08043631   Data           0  lc_ctype_c.o(locale$$data)
    SystemCoreClock                          0x20000000   Data           4  system_stm32f10x.o(.data)
    AHBPrescTable                            0x20000004   Data          16  system_stm32f10x.o(.data)
    __stdout                                 0x20000014   Data           4  usart.o(.data)
    USART_RX_STA                             0x20000018   Data           2  usart.o(.data)
    TIM5CH1_CAPTURE_STA                      0x20000030   Data           1  tim.o(.data)
    TIM5CH1_CAPTURE_VAL                      0x20000032   Data           2  tim.o(.data)
    rtc_data                                 0x20000034   Data           7  rtc.o(.data)
    rtc_bit                                  0x2000003b   Data           1  rtc.o(.data)
    TouchData                                0x2000003e   Data           8  touch.o(.data)
    s_edit_properties                        0x200000fc   Data          56  edit.o(.data)
    s_combo_box_properties                   0x200005b0   Data          60  combo_box.o(.data)
    USART_RX_BUF                             0x20000650   Data         200  usart.o(.bss)
    calendar                                 0x20000718   Data          10  rtc.o(.bss)
    __libspace_start                         0x20003814   Data          96  libspace.o(.bss)
    __temporary_stack_top$libspace           0x20003874   Data           0  libspace.o(.bss)



==============================================================================

Memory Map of the image

  Image Entry point : 0x08000131

  Load Region LR_IROM1 (Base: 0x08000000, Size: 0x00043da0, Max: 0x00080000, ABSOLUTE, COMPRESSED[0x00043b48])

    Execution Region ER_IROM1 (Exec base: 0x08000000, Load base: 0x08000000, Size: 0x00043750, Max: 0x00080000, ABSOLUTE)

    Exec Addr    Load Addr    Size         Type   Attr      Idx    E Section Name        Object

    0x08000000   0x08000000   0x00000130   Data   RO          252    RESET               startup_stm32f10x_hd.o
    0x08000130   0x08000130   0x00000008   Code   RO         3141  * !!!main             c_w.l(__main.o)
    0x08000138   0x08000138   0x00000034   Code   RO         3678    !!!scatter          c_w.l(__scatter.o)
    0x0800016c   0x0800016c   0x00000064   Code   RO         3676    !!dclz77c           c_w.l(__dclz77c.o)
    0x080001d0   0x080001d0   0x0000001c   Code   RO         3680    !!handler_zi        c_w.l(__scatter_zi.o)
    0x080001ec   0x080001ec   0x00000000   Code   RO         3098    .ARM.Collect$$_printf_percent$$00000000  c_w.l(_printf_percent.o)
    0x080001ec   0x080001ec   0x00000006   Code   RO         3313    .ARM.Collect$$_printf_percent$$00000001  c_w.l(_printf_n.o)
    0x080001f2   0x080001f2   0x00000006   Code   RO         3315    .ARM.Collect$$_printf_percent$$00000002  c_w.l(_printf_p.o)
    0x080001f8   0x080001f8   0x00000006   Code   RO         3319    .ARM.Collect$$_printf_percent$$00000003  c_w.l(_printf_f.o)
    0x080001fe   0x080001fe   0x00000006   Code   RO         3320    .ARM.Collect$$_printf_percent$$00000004  c_w.l(_printf_e.o)
    0x08000204   0x08000204   0x00000006   Code   RO         3321    .ARM.Collect$$_printf_percent$$00000005  c_w.l(_printf_g.o)
    0x0800020a   0x0800020a   0x00000006   Code   RO         3322    .ARM.Collect$$_printf_percent$$00000006  c_w.l(_printf_a.o)
    0x08000210   0x08000210   0x0000000a   Code   RO         3327    .ARM.Collect$$_printf_percent$$00000007  c_w.l(_printf_ll.o)
    0x0800021a   0x0800021a   0x00000006   Code   RO         3317    .ARM.Collect$$_printf_percent$$00000008  c_w.l(_printf_i.o)
    0x08000220   0x08000220   0x00000006   Code   RO         3097    .ARM.Collect$$_printf_percent$$00000009  c_w.l(_printf_d.o)
    0x08000226   0x08000226   0x00000006   Code   RO         3318    .ARM.Collect$$_printf_percent$$0000000A  c_w.l(_printf_u.o)
    0x0800022c   0x0800022c   0x00000006   Code   RO         3316    .ARM.Collect$$_printf_percent$$0000000B  c_w.l(_printf_o.o)
    0x08000232   0x08000232   0x00000006   Code   RO         3314    .ARM.Collect$$_printf_percent$$0000000C  c_w.l(_printf_x.o)
    0x08000238   0x08000238   0x00000006   Code   RO         3324    .ARM.Collect$$_printf_percent$$0000000D  c_w.l(_printf_lli.o)
    0x0800023e   0x0800023e   0x00000006   Code   RO         3325    .ARM.Collect$$_printf_percent$$0000000E  c_w.l(_printf_lld.o)
    0x08000244   0x08000244   0x00000006   Code   RO         3326    .ARM.Collect$$_printf_percent$$0000000F  c_w.l(_printf_llu.o)
    0x0800024a   0x0800024a   0x00000006   Code   RO         3331    .ARM.Collect$$_printf_percent$$00000010  c_w.l(_printf_llo.o)
    0x08000250   0x08000250   0x00000006   Code   RO         3332    .ARM.Collect$$_printf_percent$$00000011  c_w.l(_printf_llx.o)
    0x08000256   0x08000256   0x0000000a   Code   RO         3328    .ARM.Collect$$_printf_percent$$00000012  c_w.l(_printf_l.o)
    0x08000260   0x08000260   0x00000006   Code   RO         3311    .ARM.Collect$$_printf_percent$$00000013  c_w.l(_printf_c.o)
    0x08000266   0x08000266   0x00000006   Code   RO         3312    .ARM.Collect$$_printf_percent$$00000014  c_w.l(_printf_s.o)
    0x0800026c   0x0800026c   0x00000006   Code   RO         3329    .ARM.Collect$$_printf_percent$$00000015  c_w.l(_printf_lc.o)
    0x08000272   0x08000272   0x00000006   Code   RO         3330    .ARM.Collect$$_printf_percent$$00000016  c_w.l(_printf_ls.o)
    0x08000278   0x08000278   0x00000004   Code   RO         3323    .ARM.Collect$$_printf_percent$$00000017  c_w.l(_printf_percent_end.o)
    0x0800027c   0x0800027c   0x00000002   Code   RO         3556    .ARM.Collect$$libinit$$00000000  c_w.l(libinit.o)
    0x0800027e   0x0800027e   0x00000000   Code   RO         3469    .ARM.Collect$$libinit$$00000002  c_w.l(libinit2.o)
    0x0800027e   0x0800027e   0x00000000   Code   RO         3471    .ARM.Collect$$libinit$$00000004  c_w.l(libinit2.o)
    0x0800027e   0x0800027e   0x00000000   Code   RO         3474    .ARM.Collect$$libinit$$0000000A  c_w.l(libinit2.o)
    0x0800027e   0x0800027e   0x00000000   Code   RO         3476    .ARM.Collect$$libinit$$0000000C  c_w.l(libinit2.o)
    0x0800027e   0x0800027e   0x00000000   Code   RO         3478    .ARM.Collect$$libinit$$0000000E  c_w.l(libinit2.o)
    0x0800027e   0x0800027e   0x00000006   Code   RO         3479    .ARM.Collect$$libinit$$0000000F  c_w.l(libinit2.o)
    0x08000284   0x08000284   0x00000000   Code   RO         3481    .ARM.Collect$$libinit$$00000011  c_w.l(libinit2.o)
    0x08000284   0x08000284   0x0000000c   Code   RO         3482    .ARM.Collect$$libinit$$00000012  c_w.l(libinit2.o)
    0x08000290   0x08000290   0x00000000   Code   RO         3483    .ARM.Collect$$libinit$$00000013  c_w.l(libinit2.o)
    0x08000290   0x08000290   0x00000000   Code   RO         3485    .ARM.Collect$$libinit$$00000015  c_w.l(libinit2.o)
    0x08000290   0x08000290   0x0000000a   Code   RO         3486    .ARM.Collect$$libinit$$00000016  c_w.l(libinit2.o)
    0x0800029a   0x0800029a   0x00000000   Code   RO         3487    .ARM.Collect$$libinit$$00000017  c_w.l(libinit2.o)
    0x0800029a   0x0800029a   0x00000000   Code   RO         3489    .ARM.Collect$$libinit$$00000019  c_w.l(libinit2.o)
    0x0800029a   0x0800029a   0x00000000   Code   RO         3491    .ARM.Collect$$libinit$$0000001B  c_w.l(libinit2.o)
    0x0800029a   0x0800029a   0x00000000   Code   RO         3493    .ARM.Collect$$libinit$$0000001D  c_w.l(libinit2.o)
    0x0800029a   0x0800029a   0x00000000   Code   RO         3495    .ARM.Collect$$libinit$$0000001F  c_w.l(libinit2.o)
    0x0800029a   0x0800029a   0x00000000   Code   RO         3497    .ARM.Collect$$libinit$$00000021  c_w.l(libinit2.o)
    0x0800029a   0x0800029a   0x00000000   Code   RO         3499    .ARM.Collect$$libinit$$00000023  c_w.l(libinit2.o)
    0x0800029a   0x0800029a   0x00000000   Code   RO         3501    .ARM.Collect$$libinit$$00000025  c_w.l(libinit2.o)
    0x0800029a   0x0800029a   0x00000000   Code   RO         3505    .ARM.Collect$$libinit$$0000002C  c_w.l(libinit2.o)
    0x0800029a   0x0800029a   0x00000000   Code   RO         3507    .ARM.Collect$$libinit$$0000002E  c_w.l(libinit2.o)
    0x0800029a   0x0800029a   0x00000000   Code   RO         3509    .ARM.Collect$$libinit$$00000030  c_w.l(libinit2.o)
    0x0800029a   0x0800029a   0x00000000   Code   RO         3511    .ARM.Collect$$libinit$$00000032  c_w.l(libinit2.o)
    0x0800029a   0x0800029a   0x00000002   Code   RO         3512    .ARM.Collect$$libinit$$00000033  c_w.l(libinit2.o)
    0x0800029c   0x0800029c   0x00000002   Code   RO         3633    .ARM.Collect$$libshutdown$$00000000  c_w.l(libshutdown.o)
    0x0800029e   0x0800029e   0x00000000   Code   RO         3639    .ARM.Collect$$libshutdown$$00000002  c_w.l(libshutdown2.o)
    0x0800029e   0x0800029e   0x00000000   Code   RO         3641    .ARM.Collect$$libshutdown$$00000004  c_w.l(libshutdown2.o)
    0x0800029e   0x0800029e   0x00000000   Code   RO         3644    .ARM.Collect$$libshutdown$$00000007  c_w.l(libshutdown2.o)
    0x0800029e   0x0800029e   0x00000000   Code   RO         3647    .ARM.Collect$$libshutdown$$0000000A  c_w.l(libshutdown2.o)
    0x0800029e   0x0800029e   0x00000000   Code   RO         3649    .ARM.Collect$$libshutdown$$0000000C  c_w.l(libshutdown2.o)
    0x0800029e   0x0800029e   0x00000000   Code   RO         3652    .ARM.Collect$$libshutdown$$0000000F  c_w.l(libshutdown2.o)
    0x0800029e   0x0800029e   0x00000002   Code   RO         3653    .ARM.Collect$$libshutdown$$00000010  c_w.l(libshutdown2.o)
    0x080002a0   0x080002a0   0x00000000   Code   RO         3253    .ARM.Collect$$rtentry$$00000000  c_w.l(__rtentry.o)
    0x080002a0   0x080002a0   0x00000000   Code   RO         3418    .ARM.Collect$$rtentry$$00000002  c_w.l(__rtentry2.o)
    0x080002a0   0x080002a0   0x00000006   Code   RO         3430    .ARM.Collect$$rtentry$$00000004  c_w.l(__rtentry4.o)
    0x080002a6   0x080002a6   0x00000000   Code   RO         3420    .ARM.Collect$$rtentry$$00000009  c_w.l(__rtentry2.o)
    0x080002a6   0x080002a6   0x00000004   Code   RO         3421    .ARM.Collect$$rtentry$$0000000A  c_w.l(__rtentry2.o)
    0x080002aa   0x080002aa   0x00000000   Code   RO         3423    .ARM.Collect$$rtentry$$0000000C  c_w.l(__rtentry2.o)
    0x080002aa   0x080002aa   0x00000008   Code   RO         3424    .ARM.Collect$$rtentry$$0000000D  c_w.l(__rtentry2.o)
    0x080002b2   0x080002b2   0x00000002   Code   RO         3579    .ARM.Collect$$rtexit$$00000000  c_w.l(rtexit.o)
    0x080002b4   0x080002b4   0x00000000   Code   RO         3598    .ARM.Collect$$rtexit$$00000002  c_w.l(rtexit2.o)
    0x080002b4   0x080002b4   0x00000004   Code   RO         3599    .ARM.Collect$$rtexit$$00000003  c_w.l(rtexit2.o)
    0x080002b8   0x080002b8   0x00000006   Code   RO         3600    .ARM.Collect$$rtexit$$00000004  c_w.l(rtexit2.o)
    0x080002be   0x080002be   0x00000018   Code   RO            1    .text               stm32f10x_it.o
    0x080002d6   0x080002d6   0x00000002   PAD
    0x080002d8   0x080002d8   0x000001e0   Code   RO          104    .text               system_stm32f10x.o
    0x080004b8   0x080004b8   0x00000044   Code   RO          122    .text               main.o
    0x080004fc   0x080004fc   0x00000128   Code   RO          216    .text               usart.o
    0x08000624   0x08000624   0x00000040   Code   RO          253    .text               startup_stm32f10x_hd.o
    0x08000664   0x08000664   0x000000dc   Code   RO          257    .text               misc.o
    0x08000740   0x08000740   0x0000035c   Code   RO          269    .text               stm32f10x_gpio.o
    0x08000a9c   0x08000a9c   0x000003a4   Code   RO          281    .text               stm32f10x_rcc.o
    0x08000e40   0x08000e40   0x00000408   Code   RO          295    .text               stm32f10x_usart.o
    0x08001248   0x08001248   0x00000e1a   Code   RO          343    .text               stm32f10x_tim.o
    0x08002062   0x08002062   0x00000002   PAD
    0x08002064   0x08002064   0x0000060c   Code   RO          355    .text               stm32f10x_fsmc.o
    0x08002670   0x08002670   0x000000c4   Code   RO          367    .text               stm32f10x_bkp.o
    0x08002734   0x08002734   0x00000148   Code   RO          379    .text               stm32f10x_rtc.o
    0x0800287c   0x0800287c   0x000000cc   Code   RO          391    .text               stm32f10x_pwr.o
    0x08002948   0x08002948   0x0000030c   Code   RO          415    .text               stm32f10x_spi.o
    0x08002c54   0x08002c54   0x000000a4   Code   RO          451    .text               led.o
    0x08002cf8   0x08002cf8   0x000002b8   Code   RO          464    .text               lcd_driver.o
    0x08002fb0   0x08002fb0   0x00000100   Code   RO          479    .text               button.o
    0x080030b0   0x080030b0   0x0000023c   Code   RO          492    .text               tim.o
    0x080032ec   0x080032ec   0x00000460   Code   RO          511    .text               rtc.o
    0x0800374c   0x0800374c   0x00000440   Code   RO          535    .text               touch.o
    0x08003b8c   0x08003b8c   0x000001dc   Code   RO          557    .text               spi.o
    0x08003d68   0x08003d68   0x00000430   Code   RO          569    .text               gui.o
    0x08004198   0x08004198   0x0000039c   Code   RO          590    .text               flash.o
    0x08004534   0x08004534   0x00000290   Code   RO          604    .text               array.o
    0x080047c4   0x080047c4   0x00000582   Code   RO          648    .text               bitmap.o
    0x08004d46   0x08004d46   0x00000350   Code   RO          679    .text               buffer.o
    0x08005096   0x08005096   0x00000002   PAD
    0x08005098   0x08005098   0x0000027c   Code   RO          694    .text               button_1.o
    0x08005314   0x08005314   0x00002aae   Code   RO          791    .text               canvas.o
    0x08007dc2   0x08007dc2   0x00000002   PAD
    0x08007dc4   0x08007dc4   0x00000340   Code   RO          818    .text               check_button.o
    0x08008104   0x08008104   0x00000054   Code   RO          843    .text               color.o
    0x08008158   0x08008158   0x00000228   Code   RO          855    .text               dialog.o
    0x08008380   0x08008380   0x000002c0   Code   RO          913    .text               emitter.o
    0x08008640   0x08008640   0x0000015c   Code   RO          935    .text               enums.o
    0x0800879c   0x0800879c   0x00000078   Code   RO          962    .text               font.o
    0x08008814   0x08008814   0x000001b8   Code   RO          974    .text               font_manager.o
    0x080089cc   0x080089cc   0x00000070   Code   RO          989    .text               group_box.o
    0x08008a3c   0x08008a3c   0x00000220   Code   RO         1007    .text               image.o
    0x08008c5c   0x08008c5c   0x000002f8   Code   RO         1029    .text               image_manager.o
    0x08008f54   0x08008f54   0x00000340   Code   RO         1044    .text               label.o
    0x08009294   0x08009294   0x00000434   Code   RO         1059    .text               lcd.o
    0x080096c8   0x080096c8   0x0000012c   Code   RO         1071    .text               main_loop.o
    0x080097f4   0x080097f4   0x000002f4   Code   RO         1088    .text               mem.o
    0x08009ae8   0x08009ae8   0x00000500   Code   RO         1102    .text               progress_bar.o
    0x08009fe8   0x08009fe8   0x00000240   Code   RO         1121    .text               rect.o
    0x0800a228   0x0800a228   0x00000230   Code   RO         1133    .text               theme.o
    0x0800a458   0x0800a458   0x00000304   Code   RO         1148    .text               utf8.o
    0x0800a75c   0x0800a75c   0x00000694   Code   RO         1163    .text               value.o
    0x0800adf0   0x0800adf0   0x0000263c   Code   RO         1179    .text               widget.o
    0x0800d42c   0x0800d42c   0x000002c0   Code   RO         1243    .text               widget_vtable.o
    0x0800d6ec   0x0800d6ec   0x00000050   Code   RO         1257    .text               window.o
    0x0800d73c   0x0800d73c   0x00000d90   Code   RO         1276    .text               window_manager.o
    0x0800e4cc   0x0800e4cc   0x000006d0   Code   RO         1301    .text               wstr.o
    0x0800eb9c   0x0800eb9c   0x00000850   Code   RO         1314    .text               utils.o
    0x0800f3ec   0x0800f3ec   0x000000f4   Code   RO         1342    .text               events.o
    0x0800f4e0   0x0800f4e0   0x000003e0   Code   RO         1354    .text               timer.o
    0x0800f8c0   0x0800f8c0   0x00000a1e   Code   RO         1369    .text               layout.o
    0x080102de   0x080102de   0x00000002   PAD
    0x080102e0   0x080102e0   0x00000150   Code   RO         1385    .text               event_queue.o
    0x08010430   0x08010430   0x000008e0   Code   RO         1401    .text               slider.o
    0x08010d10   0x08010d10   0x0000016a   Code   RO         1420    .text               window_animator.o
    0x08010e7a   0x08010e7a   0x00000010   Code   RO         1432    .text               window_animator_null.o
    0x08010e8a   0x08010e8a   0x00000002   PAD
    0x08010e8c   0x08010e8c   0x000002ec   Code   RO         1444    .text               idle.o
    0x08011178   0x08011178   0x0000004c   Code   RO         1459    .text               system_info.o
    0x080111c4   0x080111c4   0x00000022   Code   RO         1473    .text               image_loader.o
    0x080111e6   0x080111e6   0x00000002   PAD
    0x080111e8   0x080111e8   0x00000866   Code   RO         1485    .text               str.o
    0x08011a4e   0x08011a4e   0x00000002   PAD
    0x08011a50   0x08011a50   0x000002a8   Code   RO         1498    .text               main_loop_simple.o
    0x08011cf8   0x08011cf8   0x00000224   Code   RO         1517    .text               pages.o
    0x08011f1c   0x08011f1c   0x00001a10   Code   RO         1536    .text               edit.o
    0x0801392c   0x0801392c   0x0000005c   Code   RO         1559    .text               view.o
    0x08013988   0x08013988   0x000001c0   Code   RO         1592    .text               widget_factory.o
    0x08013b48   0x08013b48   0x00000186   Code   RO         1745    .text               tokenizer.o
    0x08013cce   0x08013cce   0x00000002   PAD
    0x08013cd0   0x08013cd0   0x00000238   Code   RO         1757    .text               input_method.o
    0x08013f08   0x08013f08   0x0000007e   Code   RO         1784    .text               input_engine.o
    0x08013f86   0x08013f86   0x00000002   PAD
    0x08013f88   0x08013f88   0x00000158   Code   RO         1796    .text               spin_box.o
    0x080140e0   0x080140e0   0x00000388   Code   RO         1815    .text               dragger.o
    0x08014468   0x08014468   0x00000088   Code   RO         1834    .text               dialog_client.o
    0x080144f0   0x080144f0   0x00000080   Code   RO         1849    .text               dialog_title.o
    0x08014570   0x08014570   0x00000234   Code   RO         1864    .text               custom_props.o
    0x080147a4   0x080147a4   0x0000032c   Code   RO         1883    .text               awtk_global.o
    0x08014ad0   0x08014ad0   0x00000068   Code   RO         1967    .text               input_method_creator.o
    0x08014b38   0x08014b38   0x00000070   Code   RO         1983    .text               button_group.o
    0x08014ba8   0x08014ba8   0x0000028c   Code   RO         2001    .text               color_parser.o
    0x08014e34   0x08014e34   0x00000790   Code   RO         2019    .text               combo_box.o
    0x080155c4   0x080155c4   0x00000314   Code   RO         2045    .text               combo_box_item.o
    0x080158d8   0x080158d8   0x00000964   Code   RO         2060    .text               easing.o
    0x0801623c   0x0801623c   0x0000038c   Code   RO         2074    .text               fs.o
    0x080165c8   0x080165c8   0x000001f8   Code   RO         2127    .text               popup.o
    0x080167c0   0x080167c0   0x0000046c   Code   RO         2169    .text               tab_button.o
    0x08016c2c   0x08016c2c   0x000003d8   Code   RO         2188    .text               tab_button_group.o
    0x08017004   0x08017004   0x00000070   Code   RO         2206    .text               tab_control.o
    0x08017074   0x08017074   0x000000a2   Code   RO         2224    .text               ui_builder.o
    0x08017116   0x08017116   0x00000002   PAD
    0x08017118   0x08017118   0x0000092a   Code   RO         2239    .text               vgcanvas.o
    0x08017a42   0x08017a42   0x00000002   PAD
    0x08017a44   0x08017a44   0x000003e8   Code   RO         2251    .text               widget_animator.o
    0x08017e2c   0x08017e2c   0x00000164   Code   RO         2290    .text               ui_builder_default.o
    0x08017f90   0x08017f90   0x00000030   Code   RO         2310    .text               ui_loader.o
    0x08017fc0   0x08017fc0   0x0000011c   Code   RO         2322    .text               ui_loader_default.o
    0x080180dc   0x080180dc   0x000000ac   Code   RO         2390    .text               window_open.o
    0x08018188   0x08018188   0x00000234   Code   RO         2430    .text               color_tile.o
    0x080183bc   0x080183bc   0x00000264   Code   RO         2449    .text               assets_manager.o
    0x08018620   0x08018620   0x0000024c   Code   RO         2464    .text               locale_info.o
    0x0801886c   0x0801886c   0x00000344   Code   RO         2488    .text               path.o
    0x08018bb0   0x08018bb0   0x0000005c   Code   RO         2500    .text               app_bar.o
    0x08018c0c   0x08018c0c   0x0000005c   Code   RO         2518    .text               column.o
    0x08018c68   0x08018c68   0x0000005c   Code   RO         2536    .text               grid.o
    0x08018cc4   0x08018cc4   0x0000005c   Code   RO         2554    .text               row.o
    0x08018d20   0x08018d20   0x000002b0   Code   RO         2572    .text               calibration_win.o
    0x08018fd0   0x08018fd0   0x00000188   Code   RO         2590    .text               font_loader_bitmap.o
    0x08019158   0x08019158   0x0000002c   Code   RO         2604    .text               font_loader.o
    0x08019184   0x08019184   0x00000556   Code   RO         2616    .text               window_base.o
    0x080196da   0x080196da   0x00000006   Code   RO         2628    .text               widget_animator_factory_null.o
    0x080196e0   0x080196e0   0x00000018   Code   RO         2643    .text               time_now.o
    0x080196f8   0x080196f8   0x000000d4   Code   RO         2655    .text               style.o
    0x080197cc   0x080197cc   0x000001d0   Code   RO         2670    .text               style_const.o
    0x0801999c   0x0801999c   0x00000034   Code   RO         2684    .text               style_factory.o
    0x080199d0   0x080199d0   0x0000033c   Code   RO         2701    .text               widget_animator_manager.o
    0x08019d0c   0x08019d0c   0x000000a0   Code   RO         2716    .text               clip_board_default.o
    0x08019dac   0x08019dac   0x00000104   Code   RO         2730    .text               clip_board.o
    0x08019eb0   0x08019eb0   0x000005d0   Code   RO         2744    .text               image_base.o
    0x0801a480   0x0801a480   0x0000005c   Code   RO         2756    .text               grid_item.o
    0x0801a4dc   0x0801a4dc   0x000002f8   Code   RO         2774    .text               input_device_status.o
    0x0801a7d4   0x0801a7d4   0x00000154   Code   RO         2788    .text               system_bar.o
    0x0801a928   0x0801a928   0x000006ac   Code   RO         2807    .text               lcd_stm32_raw.o
    0x0801afd4   0x0801afd4   0x000000d8   Code   RO         2837    .text               main_loop_stm32_raw.o
    0x0801b0ac   0x0801b0ac   0x00000064   Code   RO         2919    .text               platform.o
    0x0801b110   0x0801b110   0x0000001c   Code   RO         2933    .text               mutex_null.o
    0x0801b12c   0x0801b12c   0x0000004c   Code   RO         2950    .text               sys_tick.o
    0x0801b178   0x0801b178   0x00000004   Code   RO         2964    .text               fs_os.o
    0x0801b17c   0x0801b17c   0x00000026   Code   RO         2976    .text               demo_main.o
    0x0801b1a2   0x0801b1a2   0x00000002   PAD
    0x0801b1a4   0x0801b1a4   0x0000058c   Code   RO         2991    .text               demo1_app.o
    0x0801b730   0x0801b730   0x0000019c   Code   RO         3009    .text               assets-mini.o
    0x0801b8cc   0x0801b8cc   0x00000002   Code   RO         3059    .text               c_w.l(use_no_semi_2.o)
    0x0801b8ce   0x0801b8ce   0x00000002   PAD
    0x0801b8d0   0x0801b8d0   0x00000010   Code   RO         3061    .text               c_w.l(rt_ctype_table.o)
    0x0801b8e0   0x0801b8e0   0x0000001a   Code   RO         3063    .text               c_w.l(tolower.o)
    0x0801b8fa   0x0801b8fa   0x0000001e   Code   RO         3065    .text               c_w.l(toupper.o)
    0x0801b918   0x0801b918   0x00000034   Code   RO         3067    .text               c_w.l(vsnprintf.o)
    0x0801b94c   0x0801b94c   0x00000018   Code   RO         3069    .text               c_w.l(__2printf.o)
    0x0801b964   0x0801b964   0x00000078   Code   RO         3075    .text               c_w.l(_printf_dec.o)
    0x0801b9dc   0x0801b9dc   0x00000188   Code   RO         3094    .text               c_w.l(__printf_flags_ss_wp.o)
    0x0801bb64   0x0801bb64   0x00000034   Code   RO         3099    .text               c_w.l(vsscanf.o)
    0x0801bb98   0x0801bb98   0x00000050   Code   RO         3101    .text               c_w.l(bsearchnoex.o)
    0x0801bbe8   0x0801bbe8   0x00000014   Code   RO         3103    .text               c_w.l(strchr.o)
    0x0801bbfc   0x0801bbfc   0x00000024   Code   RO         3105    .text               c_w.l(strstr.o)
    0x0801bc20   0x0801bc20   0x00000058   Code   RO         3107    .text               c_w.l(memcmp.o)
    0x0801bc78   0x0801bc78   0x00000048   Code   RO         3109    .text               c_w.l(strcpy.o)
    0x0801bcc0   0x0801bcc0   0x00000016   Code   RO         3111    .text               c_w.l(strrchr.o)
    0x0801bcd6   0x0801bcd6   0x0000003e   Code   RO         3113    .text               c_w.l(strlen.o)
    0x0801bd14   0x0801bd14   0x00000012   Code   RO         3115    .text               c_w.l(wcscpy.o)
    0x0801bd26   0x0801bd26   0x00000018   Code   RO         3117    .text               c_w.l(wcscmp.o)
    0x0801bd3e   0x0801bd3e   0x00000016   Code   RO         3119    .text               c_w.l(wcschr.o)
    0x0801bd54   0x0801bd54   0x00000012   Code   RO         3121    .text               c_w.l(wcslen.o)
    0x0801bd66   0x0801bd66   0x00000096   Code   RO         3123    .text               c_w.l(strncmp.o)
    0x0801bdfc   0x0801bdfc   0x0000008a   Code   RO         3125    .text               c_w.l(rt_memcpy_v6.o)
    0x0801be86   0x0801be86   0x00000084   Code   RO         3127    .text               c_w.l(rt_memmove_v6.o)
    0x0801bf0a   0x0801bf0a   0x00000064   Code   RO         3129    .text               c_w.l(rt_memcpy_w.o)
    0x0801bf6e   0x0801bf6e   0x00000044   Code   RO         3131    .text               c_w.l(rt_memclr.o)
    0x0801bfb2   0x0801bfb2   0x0000004e   Code   RO         3133    .text               c_w.l(rt_memclr_w.o)
    0x0801c000   0x0801c000   0x00000056   Code   RO         3135    .text               c_w.l(strncpy.o)
    0x0801c056   0x0801c056   0x00000002   PAD
    0x0801c058   0x0801c058   0x00000080   Code   RO         3137    .text               c_w.l(strcmpv7m.o)
    0x0801c0d8   0x0801c0d8   0x00000006   Code   RO         3139    .text               c_w.l(heapauxi.o)
    0x0801c0de   0x0801c0de   0x00000002   Code   RO         3251    .text               c_w.l(use_no_semi.o)
    0x0801c0e0   0x0801c0e0   0x00000008   Code   RO         3257    .text               c_w.l(rt_locale_intlibspace.o)
    0x0801c0e8   0x0801c0e8   0x00000016   Code   RO         3259    .text               c_w.l(_rserrno.o)
    0x0801c0fe   0x0801c0fe   0x0000004e   Code   RO         3261    .text               c_w.l(_printf_pad.o)
    0x0801c14c   0x0801c14c   0x00000024   Code   RO         3263    .text               c_w.l(_printf_truncate.o)
    0x0801c170   0x0801c170   0x00000052   Code   RO         3265    .text               c_w.l(_printf_str.o)
    0x0801c1c2   0x0801c1c2   0x000000b2   Code   RO         3267    .text               c_w.l(_printf_intcommon.o)
    0x0801c274   0x0801c274   0x00000028   Code   RO         3269    .text               c_w.l(_printf_charcount.o)
    0x0801c29c   0x0801c29c   0x00000030   Code   RO         3271    .text               c_w.l(_printf_char_common.o)
    0x0801c2cc   0x0801c2cc   0x0000000a   Code   RO         3273    .text               c_w.l(_sputc.o)
    0x0801c2d6   0x0801c2d6   0x00000010   Code   RO         3275    .text               c_w.l(_snputc.o)
    0x0801c2e6   0x0801c2e6   0x00000002   PAD
    0x0801c2e8   0x0801c2e8   0x00000024   Code   RO         3277    .text               c_w.l(_printf_char_file.o)
    0x0801c30c   0x0801c30c   0x000000bc   Code   RO         3279    .text               c_w.l(_printf_wctomb.o)
    0x0801c3c8   0x0801c3c8   0x0000007c   Code   RO         3282    .text               c_w.l(_printf_longlong_dec.o)
    0x0801c444   0x0801c444   0x00000070   Code   RO         3288    .text               c_w.l(_printf_oct_int_ll.o)
    0x0801c4b4   0x0801c4b4   0x00000094   Code   RO         3308    .text               c_w.l(_printf_hex_int_ll_ptr.o)
    0x0801c548   0x0801c548   0x00000156   Code   RO         3333    .text               c_w.l(_scanf_longlong.o)
    0x0801c69e   0x0801c69e   0x0000014c   Code   RO         3335    .text               c_w.l(_scanf_int.o)
    0x0801c7ea   0x0801c7ea   0x000000e0   Code   RO         3337    .text               c_w.l(_scanf_str.o)
    0x0801c8ca   0x0801c8ca   0x00000002   PAD
    0x0801c8cc   0x0801c8cc   0x0000002c   Code   RO         3339    .text               c_w.l(scanf_char.o)
    0x0801c8f8   0x0801c8f8   0x00000040   Code   RO         3341    .text               c_w.l(_sgetc.o)
    0x0801c938   0x0801c938   0x00000114   Code   RO         3343    .text               c_w.l(_scanf_mbtowc.o)
    0x0801ca4c   0x0801ca4c   0x000000e8   Code   RO         3345    .text               c_w.l(_scanf_wctomb.o)
    0x0801cb34   0x0801cb34   0x000000d0   Code   RO         3347    .text               c_w.l(_scanf_wstr.o)
    0x0801cc04   0x0801cc04   0x0000007a   Code   RO         3352    .text               c_w.l(rt_memmove_w.o)
    0x0801cc7e   0x0801cc7e   0x00000002   PAD
    0x0801cc80   0x0801cc80   0x00000008   Code   RO         3414    .text               c_w.l(libspace.o)
    0x0801cc88   0x0801cc88   0x00000008   Code   RO         3435    .text               c_w.l(rt_errno_addr_intlibspace.o)
    0x0801cc90   0x0801cc90   0x0000008a   Code   RO         3437    .text               c_w.l(lludiv10.o)
    0x0801cd1a   0x0801cd1a   0x00000012   Code   RO         3439    .text               c_w.l(isspace.o)
    0x0801cd2c   0x0801cd2c   0x0000041e   Code   RO         3441    .text               c_w.l(_printf_fp_dec.o)
    0x0801d14a   0x0801d14a   0x00000002   PAD
    0x0801d14c   0x0801d14c   0x000002fc   Code   RO         3443    .text               c_w.l(_printf_fp_hex.o)
    0x0801d448   0x0801d448   0x0000002c   Code   RO         3448    .text               c_w.l(_printf_char.o)
    0x0801d474   0x0801d474   0x0000002c   Code   RO         3450    .text               c_w.l(_printf_wchar.o)
    0x0801d4a0   0x0801d4a0   0x0000001c   Code   RO         3452    .text               c_w.l(_chval.o)
    0x0801d4bc   0x0801d4bc   0x00000374   Code   RO         3454    .text               c_w.l(_scanf.o)
    0x0801d830   0x0801d830   0x000004f8   Code   RO         3456    .text               c_w.l(scanf_fp.o)
    0x0801dd28   0x0801dd28   0x0000001e   Code   RO         3458    .text               c_w.l(_scanf_wcharmap.o)
    0x0801dd46   0x0801dd46   0x00000008   Code   RO         3460    .text               c_w.l(ferror.o)
    0x0801dd4e   0x0801dd4e   0x0000003c   Code   RO         3464    .text               c_w.l(_mbrtowc.o)
    0x0801dd8a   0x0801dd8a   0x00000040   Code   RO         3466    .text               c_w.l(_wcrtomb.o)
    0x0801ddca   0x0801ddca   0x0000004a   Code   RO         3515    .text               c_w.l(sys_stackheap_outer.o)
    0x0801de14   0x0801de14   0x00000080   Code   RO         3517    .text               c_w.l(_printf_fp_infnan.o)
    0x0801de94   0x0801de94   0x000000e4   Code   RO         3519    .text               c_w.l(bigflt0.o)
    0x0801df78   0x0801df78   0x00000012   Code   RO         3547    .text               c_w.l(exit.o)
    0x0801df8a   0x0801df8a   0x00000002   PAD
    0x0801df8c   0x0801df8c   0x00000320   Code   RO         3581    .text               c_w.l(scanf_hexfp.o)
    0x0801e2ac   0x0801e2ac   0x00000134   Code   RO         3583    .text               c_w.l(scanf_infnan.o)
    0x0801e3e0   0x0801e3e0   0x00000026   Code   RO         3606    .text               c_w.l(llshl.o)
    0x0801e406   0x0801e406   0x0000003e   Code   RO         3522    CL$$btod_d2e        c_w.l(btod.o)
    0x0801e444   0x0801e444   0x00000046   Code   RO         3524    CL$$btod_d2e_denorm_low  c_w.l(btod.o)
    0x0801e48a   0x0801e48a   0x00000060   Code   RO         3523    CL$$btod_d2e_norm_op1  c_w.l(btod.o)
    0x0801e4ea   0x0801e4ea   0x00000338   Code   RO         3532    CL$$btod_div_common  c_w.l(btod.o)
    0x0801e822   0x0801e822   0x00000002   PAD
    0x0801e824   0x0801e824   0x00000084   Code   RO         3530    CL$$btod_e2d        c_w.l(btod.o)
    0x0801e8a8   0x0801e8a8   0x000000dc   Code   RO         3529    CL$$btod_e2e        c_w.l(btod.o)
    0x0801e984   0x0801e984   0x0000002a   Code   RO         3526    CL$$btod_ediv       c_w.l(btod.o)
    0x0801e9ae   0x0801e9ae   0x0000002a   Code   RO         3528    CL$$btod_edivd      c_w.l(btod.o)
    0x0801e9d8   0x0801e9d8   0x0000002a   Code   RO         3525    CL$$btod_emul       c_w.l(btod.o)
    0x0801ea02   0x0801ea02   0x0000002a   Code   RO         3527    CL$$btod_emuld      c_w.l(btod.o)
    0x0801ea2c   0x0801ea2c   0x00000244   Code   RO         3531    CL$$btod_mult_common  c_w.l(btod.o)
    0x0801ec70   0x0801ec70   0x00000028   Code   RO         3398    i.__ARM_fpclassify  m_ws.l(fpclassify.o)
    0x0801ec98   0x0801ec98   0x00000388   Code   RO         3403    i.__ieee754_rem_pio2  m_ws.l(rred.o)
    0x0801f020   0x0801f020   0x000000fc   Code   RO         3381    i.__kernel_cos      m_ws.l(cos_i.o)
    0x0801f11c   0x0801f11c   0x000000aa   Code   RO         3400    i.__kernel_poly     m_ws.l(poly.o)
    0x0801f1c6   0x0801f1c6   0x00000002   PAD
    0x0801f1c8   0x0801f1c8   0x000000ec   Code   RO         3408    i.__kernel_sin      m_ws.l(sin_i.o)
    0x0801f2b4   0x0801f2b4   0x00000010   Code   RO         3384    i.__mathlib_dbl_divzero  m_ws.l(dunder.o)
    0x0801f2c4   0x0801f2c4   0x00000006   Code   RO         3385    i.__mathlib_dbl_infnan  m_ws.l(dunder.o)
    0x0801f2ca   0x0801f2ca   0x00000004   Code   RO         3386    i.__mathlib_dbl_infnan2  m_ws.l(dunder.o)
    0x0801f2ce   0x0801f2ce   0x0000000c   Code   RO         3387    i.__mathlib_dbl_invalid  m_ws.l(dunder.o)
    0x0801f2da   0x0801f2da   0x0000000e   Code   RO         3388    i.__mathlib_dbl_overflow  m_ws.l(dunder.o)
    0x0801f2e8   0x0801f2e8   0x00000010   Code   RO         3390    i.__mathlib_dbl_underflow  m_ws.l(dunder.o)
    0x0801f2f8   0x0801f2f8   0x00000010   Code   RO         3573    i.__mathlib_narrow  m_ws.l(narrow.o)
    0x0801f308   0x0801f308   0x000000bc   Code   RO         3574    i.__mathlib_tofloat  m_ws.l(narrow.o)
    0x0801f3c4   0x0801f3c4   0x00000016   Code   RO         3613    i.__support_ldexp   m_ws.l(ldexp.o)
    0x0801f3da   0x0801f3da   0x0000000e   Code   RO         3087    i._is_digit         c_w.l(__printf_wp.o)
    0x0801f3e8   0x0801f3e8   0x0000009c   Code   RO         3214    i.cos               m_ws.l(cos.o)
    0x0801f484   0x0801f484   0x000000dc   Code   RO         3222    i.floor             m_ws.l(floor.o)
    0x0801f560   0x0801f560   0x00000058   Code   RO         3592    i.frexp             m_ws.l(frexp.o)
    0x0801f5b8   0x0801f5b8   0x00000074   Code   RO         3614    i.ldexp             m_ws.l(ldexp.o)
    0x0801f62c   0x0801f62c   0x000009d8   Code   RO         3226    i.pow               m_ws.l(pow.o)
    0x08020004   0x08020004   0x000000a0   Code   RO         3236    i.sin               m_ws.l(sin.o)
    0x080200a4   0x080200a4   0x0000004c   Code   RO         3244    i.sqrt              m_ws.l(sqrt.o)
    0x080200f0   0x080200f0   0x0000002c   Code   RO         3350    locale$$code        c_w.l(lc_ctype_c.o)
    0x0802011c   0x0802011c   0x0000002c   Code   RO         3545    locale$$code        c_w.l(lc_numeric_c.o)
    0x08020148   0x08020148   0x00000062   Code   RO         3143    x$fpl$d2f           fz_ws.l(d2f.o)
    0x080201aa   0x080201aa   0x00000002   PAD
    0x080201ac   0x080201ac   0x00000150   Code   RO         3145    x$fpl$dadd          fz_ws.l(daddsub_clz.o)
    0x080202fc   0x080202fc   0x00000010   Code   RO         3513    x$fpl$dcheck1       fz_ws.l(dcheck1.o)
    0x0802030c   0x0802030c   0x00000018   Code   RO         3354    x$fpl$dcmpinf       fz_ws.l(dcmpi.o)
    0x08020324   0x08020324   0x000002b0   Code   RO         3152    x$fpl$ddiv          fz_ws.l(ddiv.o)
    0x080205d4   0x080205d4   0x00000078   Code   RO         3155    x$fpl$deqf          fz_ws.l(deqf.o)
    0x0802064c   0x0802064c   0x0000005e   Code   RO         3157    x$fpl$dfix          fz_ws.l(dfix.o)
    0x080206aa   0x080206aa   0x00000002   PAD
    0x080206ac   0x080206ac   0x0000005a   Code   RO         3161    x$fpl$dfixu         fz_ws.l(dfixu.o)
    0x08020706   0x08020706   0x0000002e   Code   RO         3166    x$fpl$dflt          fz_ws.l(dflt_clz.o)
    0x08020734   0x08020734   0x00000026   Code   RO         3165    x$fpl$dfltu         fz_ws.l(dflt_clz.o)
    0x0802075a   0x0802075a   0x00000002   PAD
    0x0802075c   0x0802075c   0x00000078   Code   RO         3171    x$fpl$dleqf         fz_ws.l(dleqf.o)
    0x080207d4   0x080207d4   0x00000154   Code   RO         3173    x$fpl$dmul          fz_ws.l(dmul.o)
    0x08020928   0x08020928   0x0000009c   Code   RO         3356    x$fpl$dnaninf       fz_ws.l(dnaninf.o)
    0x080209c4   0x080209c4   0x0000000c   Code   RO         3358    x$fpl$dretinf       fz_ws.l(dretinf.o)
    0x080209d0   0x080209d0   0x0000006c   Code   RO         3175    x$fpl$drleqf        fz_ws.l(drleqf.o)
    0x08020a3c   0x08020a3c   0x00000016   Code   RO         3146    x$fpl$drsb          fz_ws.l(daddsub_clz.o)
    0x08020a52   0x08020a52   0x00000002   PAD
    0x08020a54   0x08020a54   0x000001cc   Code   RO         3360    x$fpl$dsqrt         fz_ws.l(dsqrt_noumaal.o)
    0x08020c20   0x08020c20   0x000001d4   Code   RO         3147    x$fpl$dsub          fz_ws.l(daddsub_clz.o)
    0x08020df4   0x08020df4   0x00000056   Code   RO         3177    x$fpl$f2d           fz_ws.l(f2d.o)
    0x08020e4a   0x08020e4a   0x00000002   PAD
    0x08020e4c   0x08020e4c   0x000000c4   Code   RO         3179    x$fpl$fadd          fz_ws.l(faddsub_clz.o)
    0x08020f10   0x08020f10   0x00000018   Code   RO         3362    x$fpl$fcmpinf       fz_ws.l(fcmpi.o)
    0x08020f28   0x08020f28   0x00000184   Code   RO         3186    x$fpl$fdiv          fz_ws.l(fdiv.o)
    0x080210ac   0x080210ac   0x00000068   Code   RO         3189    x$fpl$feqf          fz_ws.l(feqf.o)
    0x08021114   0x08021114   0x00000036   Code   RO         3191    x$fpl$ffix          fz_ws.l(ffix.o)
    0x0802114a   0x0802114a   0x00000002   PAD
    0x0802114c   0x0802114c   0x0000003e   Code   RO         3195    x$fpl$ffixu         fz_ws.l(ffixu.o)
    0x0802118a   0x0802118a   0x00000002   PAD
    0x0802118c   0x0802118c   0x00000030   Code   RO         3200    x$fpl$fflt          fz_ws.l(fflt_clz.o)
    0x080211bc   0x080211bc   0x00000060   Code   RO         3205    x$fpl$ffltll        fz_ws.l(ffltll_clz.o)
    0x0802121c   0x0802121c   0x00000026   Code   RO         3199    x$fpl$ffltu         fz_ws.l(fflt_clz.o)
    0x08021242   0x08021242   0x00000002   PAD
    0x08021244   0x08021244   0x00000068   Code   RO         3207    x$fpl$fleqf         fz_ws.l(fleqf.o)
    0x080212ac   0x080212ac   0x00000102   Code   RO         3209    x$fpl$fmul          fz_ws.l(fmul.o)
    0x080213ae   0x080213ae   0x0000008c   Code   RO         3364    x$fpl$fnaninf       fz_ws.l(fnaninf.o)
    0x0802143a   0x0802143a   0x0000000a   Code   RO         3366    x$fpl$fretinf       fz_ws.l(fretinf.o)
    0x08021444   0x08021444   0x00000062   Code   RO         3211    x$fpl$frleqf        fz_ws.l(frleqf.o)
    0x080214a6   0x080214a6   0x00000014   Code   RO         3180    x$fpl$frsb          fz_ws.l(faddsub_clz.o)
    0x080214ba   0x080214ba   0x00000002   PAD
    0x080214bc   0x080214bc   0x000000ea   Code   RO         3181    x$fpl$fsub          fz_ws.l(faddsub_clz.o)
    0x080215a6   0x080215a6   0x00000006   Code   RO         3563    x$fpl$ieeestatus    fz_ws.l(istatus.o)
    0x080215ac   0x080215ac   0x00000004   Code   RO         3368    x$fpl$printf1       fz_ws.l(printf1.o)
    0x080215b0   0x080215b0   0x00000004   Code   RO         3370    x$fpl$printf2       fz_ws.l(printf2.o)
    0x080215b4   0x080215b4   0x00000064   Code   RO         3565    x$fpl$retnan        fz_ws.l(retnan.o)
    0x08021618   0x08021618   0x0000005c   Code   RO         3376    x$fpl$scalbn        fz_ws.l(scalbn.o)
    0x08021674   0x08021674   0x00000004   Code   RO         3378    x$fpl$scanf1        fz_ws.l(scanf1.o)
    0x08021678   0x08021678   0x00000008   Code   RO         3567    x$fpl$scanf2        fz_ws.l(scanf2.o)
    0x08021680   0x08021680   0x00000030   Code   RO         3589    x$fpl$trapveneer    fz_ws.l(trapv.o)
    0x080216b0   0x080216b0   0x00000000   Code   RO         3380    x$fpl$usenofp       fz_ws.l(usenofp.o)
    0x080216b0   0x080216b0   0x00000018   Data   RO          513    .constdata          rtc.o
    0x080216c8   0x080216c8   0x00000948   Data   RO          570    .constdata          gui.o
    0x08022010   0x08022010   0x00000025   Data   RO          605    .constdata          array.o
    0x08022035   0x08022035   0x00000003   PAD
    0x08022038   0x08022038   0x00000044   Data   RO          649    .constdata          bitmap.o
    0x0802207c   0x0802207c   0x00000076   Data   RO          695    .constdata          button_1.o
    0x080220f2   0x080220f2   0x00000002   PAD
    0x080220f4   0x080220f4   0x000000fe   Data   RO          819    .constdata          check_button.o
    0x080221f2   0x080221f2   0x00000002   PAD
    0x080221f4   0x080221f4   0x00000076   Data   RO          856    .constdata          dialog.o
    0x0802226a   0x0802226a   0x0000001a   Data   RO          914    .constdata          emitter.o
    0x08022284   0x08022284   0x000004e0   Data   RO          936    .constdata          enums.o
    0x08022764   0x08022764   0x00000014   Data   RO          975    .constdata          font_manager.o
    0x08022778   0x08022778   0x00000079   Data   RO          990    .constdata          group_box.o
    0x080227f1   0x080227f1   0x00000003   PAD
    0x080227f4   0x080227f4   0x00000075   Data   RO         1008    .constdata          image.o
    0x08022869   0x08022869   0x00000027   Data   RO         1030    .constdata          image_manager.o
    0x08022890   0x08022890   0x00000075   Data   RO         1045    .constdata          label.o
    0x08022905   0x08022905   0x00000003   PAD
    0x08022908   0x08022908   0x0000007c   Data   RO         1103    .constdata          progress_bar.o
    0x08022984   0x08022984   0x0000000d   Data   RO         1134    .constdata          theme.o
    0x08022991   0x08022991   0x00000003   PAD
    0x08022994   0x08022994   0x00000104   Data   RO         1149    .constdata          utf8.o
    0x08022a98   0x08022a98   0x0000000d   Data   RO         1164    .constdata          value.o
    0x08022aa5   0x08022aa5   0x0000000d   Data   RO         1180    .constdata          widget.o
    0x08022ab2   0x08022ab2   0x00000002   PAD
    0x08022ab4   0x08022ab4   0x00000068   Data   RO         1244    .constdata          widget_vtable.o
    0x08022b1c   0x08022b1c   0x00000076   Data   RO         1258    .constdata          window.o
    0x08022b92   0x08022b92   0x00000002   PAD
    0x08022b94   0x08022b94   0x0000007e   Data   RO         1277    .constdata          window_manager.o
    0x08022c12   0x08022c12   0x00000014   Data   RO         1302    .constdata          wstr.o
    0x08022c26   0x08022c26   0x00000017   Data   RO         1315    .constdata          utils.o
    0x08022c3d   0x08022c3d   0x00000027   Data   RO         1355    .constdata          timer.o
    0x08022c64   0x08022c64   0x00000032   Data   RO         1370    .constdata          layout.o
    0x08022c96   0x08022c96   0x00000013   Data   RO         1386    .constdata          event_queue.o
    0x08022ca9   0x08022ca9   0x00000003   PAD
    0x08022cac   0x08022cac   0x00000076   Data   RO         1402    .constdata          slider.o
    0x08022d22   0x08022d22   0x00000025   Data   RO         1445    .constdata          idle.o
    0x08022d47   0x08022d47   0x00000017   Data   RO         1486    .constdata          str.o
    0x08022d5e   0x08022d5e   0x00000002   PAD
    0x08022d60   0x08022d60   0x00000075   Data   RO         1518    .constdata          pages.o
    0x08022dd5   0x08022dd5   0x00000003   PAD
    0x08022dd8   0x08022dd8   0x00000077   Data   RO         1537    .constdata          edit.o
    0x08022e4f   0x08022e4f   0x00000001   PAD
    0x08022e50   0x08022e50   0x00000074   Data   RO         1560    .constdata          view.o
    0x08022ec4   0x08022ec4   0x000004ae   Data   RO         1593    .constdata          widget_factory.o
    0x08023372   0x08023372   0x00000002   PAD
    0x08023374   0x08023374   0x00000068   Data   RO         1797    .constdata          spin_box.o
    0x080233dc   0x080233dc   0x00000077   Data   RO         1816    .constdata          dragger.o
    0x08023453   0x08023453   0x00000001   PAD
    0x08023454   0x08023454   0x0000007d   Data   RO         1835    .constdata          dialog_client.o
    0x080234d1   0x080234d1   0x00000003   PAD
    0x080234d4   0x080234d4   0x0000007c   Data   RO         1850    .constdata          dialog_title.o
    0x08023550   0x08023550   0x00000028   Data   RO         1865    .constdata          custom_props.o
    0x08023578   0x08023578   0x00000019   Data   RO         1968    .constdata          input_method_creator.o
    0x08023591   0x08023591   0x00000003   PAD
    0x08023594   0x08023594   0x0000007c   Data   RO         1984    .constdata          button_group.o
    0x08023610   0x08023610   0x00000096   Data   RO         2020    .constdata          combo_box.o
    0x080236a6   0x080236a6   0x00000002   PAD
    0x080236a8   0x080236a8   0x0000007e   Data   RO         2046    .constdata          combo_box_item.o
    0x08023726   0x08023726   0x00000002   PAD
    0x08023728   0x08023728   0x00000060   Data   RO         2061    .constdata          easing.o
    0x08023788   0x08023788   0x0000000a   Data   RO         2075    .constdata          fs.o
    0x08023792   0x08023792   0x00000002   PAD
    0x08023794   0x08023794   0x00000075   Data   RO         2128    .constdata          popup.o
    0x08023809   0x08023809   0x00000003   PAD
    0x0802380c   0x0802380c   0x0000007a   Data   RO         2170    .constdata          tab_button.o
    0x08023886   0x08023886   0x00000002   PAD
    0x08023888   0x08023888   0x00000080   Data   RO         2189    .constdata          tab_button_group.o
    0x08023908   0x08023908   0x0000007b   Data   RO         2207    .constdata          tab_control.o
    0x08023983   0x08023983   0x00000001   PAD
    0x08023984   0x08023984   0x00000004   Data   RO         2323    .constdata          ui_loader_default.o
    0x08023988   0x08023988   0x0000007a   Data   RO         2431    .constdata          color_tile.o
    0x08023a02   0x08023a02   0x00000016   Data   RO         2450    .constdata          assets_manager.o
    0x08023a18   0x08023a18   0x00000013   Data   RO         2465    .constdata          locale_info.o
    0x08023a2b   0x08023a2b   0x00000001   PAD
    0x08023a2c   0x08023a2c   0x00000077   Data   RO         2501    .constdata          app_bar.o
    0x08023aa3   0x08023aa3   0x00000001   PAD
    0x08023aa4   0x08023aa4   0x00000076   Data   RO         2519    .constdata          column.o
    0x08023b1a   0x08023b1a   0x00000002   PAD
    0x08023b1c   0x08023b1c   0x00000074   Data   RO         2537    .constdata          grid.o
    0x08023b90   0x08023b90   0x00000073   Data   RO         2555    .constdata          row.o
    0x08023c03   0x08023c03   0x00000001   PAD
    0x08023c04   0x08023c04   0x0000007f   Data   RO         2573    .constdata          calibration_win.o
    0x08023c83   0x08023c83   0x00000013   Data   RO         2591    .constdata          font_loader_bitmap.o
    0x08023c96   0x08023c96   0x00000002   PAD
    0x08023c98   0x08023c98   0x0000002b   Data   RO         2671    .constdata          style_const.o
    0x08023cc3   0x08023cc3   0x0000001f   Data   RO         2702    .constdata          widget_animator_manager.o
    0x08023ce2   0x08023ce2   0x00000002   PAD
    0x08023ce4   0x08023ce4   0x0000002a   Data   RO         2717    .constdata          clip_board_default.o
    0x08023d0e   0x08023d0e   0x00000002   PAD
    0x08023d10   0x08023d10   0x00000079   Data   RO         2757    .constdata          grid_item.o
    0x08023d89   0x08023d89   0x00000026   Data   RO         2775    .constdata          input_device_status.o
    0x08023daf   0x08023daf   0x00000001   PAD
    0x08023db0   0x08023db0   0x0000007a   Data   RO         2789    .constdata          system_bar.o
    0x08023e2a   0x08023e2a   0x0000000f   Data   RO         2808    .constdata          lcd_stm32_raw.o
    0x08023e39   0x08023e39   0x0001e33b   Data   RO         3010    .constdata          assets-mini.o
    0x08042174   0x08042174   0x00000011   Data   RO         3095    .constdata          c_w.l(__printf_flags_ss_wp.o)
    0x08042185   0x08042185   0x00000003   PAD
    0x08042188   0x08042188   0x00000088   Data   RO         3227    .constdata          m_ws.l(pow.o)
    0x08042210   0x08042210   0x00000008   Data   RO         3280    .constdata          c_w.l(_printf_wctomb.o)
    0x08042218   0x08042218   0x00000028   Data   RO         3309    .constdata          c_w.l(_printf_hex_int_ll_ptr.o)
    0x08042240   0x08042240   0x00000030   Data   RO         3382    .constdata          m_ws.l(cos_i.o)
    0x08042270   0x08042270   0x00000008   Data   RO         3402    .constdata          m_ws.l(qnan.o)
    0x08042278   0x08042278   0x000000c8   Data   RO         3405    .constdata          m_ws.l(rred.o)
    0x08042340   0x08042340   0x00000028   Data   RO         3409    .constdata          m_ws.l(sin_i.o)
    0x08042368   0x08042368   0x00000026   Data   RO         3444    .constdata          c_w.l(_printf_fp_hex.o)
    0x0804238e   0x0804238e   0x00000002   PAD
    0x08042390   0x08042390   0x00000094   Data   RO         3520    .constdata          c_w.l(bigflt0.o)
    0x08042424   0x08042424   0x0000000f   Data   RO          696    .conststring        button_1.o
    0x08042433   0x08042433   0x00000001   PAD
    0x08042434   0x08042434   0x00000025   Data   RO          820    .conststring        check_button.o
    0x08042459   0x08042459   0x00000003   PAD
    0x0804245c   0x0804245c   0x00000043   Data   RO          857    .conststring        dialog.o
    0x0804249f   0x0804249f   0x00000001   PAD
    0x080424a0   0x080424a0   0x0000046e   Data   RO          937    .conststring        enums.o
    0x0804290e   0x0804290e   0x00000002   PAD
    0x08042910   0x08042910   0x0000000a   Data   RO          991    .conststring        group_box.o
    0x0804291a   0x0804291a   0x00000002   PAD
    0x0804291c   0x0804291c   0x00000055   Data   RO         1009    .conststring        image.o
    0x08042971   0x08042971   0x00000003   PAD
    0x08042974   0x08042974   0x00000006   Data   RO         1046    .conststring        label.o
    0x0804297a   0x0804297a   0x00000002   PAD
    0x0804297c   0x0804297c   0x00000026   Data   RO         1104    .conststring        progress_bar.o
    0x080429a2   0x080429a2   0x00000002   PAD
    0x080429a4   0x080429a4   0x00000007   Data   RO         1259    .conststring        window.o
    0x080429ab   0x080429ab   0x00000001   PAD
    0x080429ac   0x080429ac   0x0000000f   Data   RO         1278    .conststring        window_manager.o
    0x080429bb   0x080429bb   0x00000001   PAD
    0x080429bc   0x080429bc   0x00000018   Data   RO         1403    .conststring        slider.o
    0x080429d4   0x080429d4   0x00000006   Data   RO         1519    .conststring        pages.o
    0x080429da   0x080429da   0x00000002   PAD
    0x080429dc   0x080429dc   0x0000007d   Data   RO         1538    .conststring        edit.o
    0x08042a59   0x08042a59   0x00000003   PAD
    0x08042a5c   0x08042a5c   0x00000005   Data   RO         1561    .conststring        view.o
    0x08042a61   0x08042a61   0x00000003   PAD
    0x08042a64   0x08042a64   0x00000009   Data   RO         1798    .conststring        spin_box.o
    0x08042a6d   0x08042a6d   0x00000003   PAD
    0x08042a70   0x08042a70   0x00000026   Data   RO         1817    .conststring        dragger.o
    0x08042a96   0x08042a96   0x00000002   PAD
    0x08042a98   0x08042a98   0x0000000e   Data   RO         1836    .conststring        dialog_client.o
    0x08042aa6   0x08042aa6   0x00000002   PAD
    0x08042aa8   0x08042aa8   0x0000000d   Data   RO         1851    .conststring        dialog_title.o
    0x08042ab5   0x08042ab5   0x00000003   PAD
    0x08042ab8   0x08042ab8   0x00000a61   Data   RO         2002    .conststring        color_parser.o
    0x08043519   0x08043519   0x00000003   PAD
    0x0804351c   0x0804351c   0x00000026   Data   RO         2021    .conststring        combo_box.o
    0x08043542   0x08043542   0x00000002   PAD
    0x08043544   0x08043544   0x0000000f   Data   RO         2047    .conststring        combo_box_item.o
    0x08043553   0x08043553   0x00000001   PAD
    0x08043554   0x08043554   0x00000036   Data   RO         2129    .conststring        popup.o
    0x0804358a   0x0804358a   0x00000002   PAD
    0x0804358c   0x0804358c   0x0000000b   Data   RO         2171    .conststring        tab_button.o
    0x08043597   0x08043597   0x00000001   PAD
    0x08043598   0x08043598   0x00000011   Data   RO         2190    .conststring        tab_button_group.o
    0x080435a9   0x080435a9   0x00000003   PAD
    0x080435ac   0x080435ac   0x0000000c   Data   RO         2208    .conststring        tab_control.o
    0x080435b8   0x080435b8   0x0000000b   Data   RO         2432    .conststring        color_tile.o
    0x080435c3   0x080435c3   0x00000001   PAD
    0x080435c4   0x080435c4   0x00000008   Data   RO         2502    .conststring        app_bar.o
    0x080435cc   0x080435cc   0x00000007   Data   RO         2520    .conststring        column.o
    0x080435d3   0x080435d3   0x00000001   PAD
    0x080435d4   0x080435d4   0x00000004   Data   RO         2538    .conststring        grid.o
    0x080435d8   0x080435d8   0x00000010   Data   RO         2574    .conststring        calibration_win.o
    0x080435e8   0x080435e8   0x0000000b   Data   RO         2790    .conststring        system_bar.o
    0x080435f3   0x080435f3   0x00000001   PAD
    0x080435f4   0x080435f4   0x00000020   Data   RO         3674    Region$$Table       anon$$obj.o
    0x08043614   0x08043614   0x00000008   Data   RO         3557    c$$dinf             fz_ws.l(fpconst.o)
    0x0804361c   0x0804361c   0x00000008   Data   RO         3560    c$$dmax             fz_ws.l(fpconst.o)
    0x08043624   0x08043624   0x00000110   Data   RO         3349    locale$$data        c_w.l(lc_ctype_c.o)
    0x08043734   0x08043734   0x0000001c   Data   RO         3544    locale$$data        c_w.l(lc_numeric_c.o)


    Execution Region RW_IRAM1 (Exec base: 0x20000000, Load base: 0x08043750, Size: 0x00003e78, Max: 0x00010000, ABSOLUTE, COMPRESSED[0x000003f8])

    Exec Addr    Load Addr    Size         Type   Attr      Idx    E Section Name        Object

    0x20000000   COMPRESSED   0x00000014   Data   RW          105    .data               system_stm32f10x.o
    0x20000014   COMPRESSED   0x00000006   Data   RW          218    .data               usart.o
    0x2000001a   COMPRESSED   0x00000014   Data   RW          282    .data               stm32f10x_rcc.o
    0x2000002e   COMPRESSED   0x00000001   Data   RW          452    .data               led.o
    0x2000002f   COMPRESSED   0x00000001   Data   RW          480    .data               button.o
    0x20000030   COMPRESSED   0x00000004   Data   RW          493    .data               tim.o
    0x20000034   COMPRESSED   0x0000000a   Data   RW          514    .data               rtc.o
    0x2000003e   COMPRESSED   0x00000008   Data   RW          537    .data               touch.o
    0x20000046   COMPRESSED   0x00000002   PAD
    0x20000048   COMPRESSED   0x00000008   Data   RW          697    .data               button_1.o
    0x20000050   COMPRESSED   0x00000008   Data   RW          821    .data               check_button.o
    0x20000058   COMPRESSED   0x00000018   Data   RW          858    .data               dialog.o
    0x20000070   COMPRESSED   0x00000004   Data   RW          976    .data               font_manager.o
    0x20000074   COMPRESSED   0x00000028   Data   RW         1010    .data               image.o
    0x2000009c   COMPRESSED   0x00000004   Data   RW         1031    .data               image_manager.o
    0x200000a0   COMPRESSED   0x00000004   Data   RW         1072    .data               main_loop.o
    0x200000a4   COMPRESSED   0x00000010   Data   RW         1105    .data               progress_bar.o
    0x200000b4   COMPRESSED   0x00000004   Data   RW         1135    .data               theme.o
    0x200000b8   COMPRESSED   0x00000018   Data   RW         1260    .data               window.o
    0x200000d0   COMPRESSED   0x00000004   Data   RW         1279    .data               window_manager.o
    0x200000d4   COMPRESSED   0x00000004   Data   RW         1356    .data               timer.o
    0x200000d8   COMPRESSED   0x00000018   Data   RW         1404    .data               slider.o
    0x200000f0   COMPRESSED   0x00000004   Data   RW         1446    .data               idle.o
    0x200000f4   COMPRESSED   0x00000008   Data   RW         1520    .data               pages.o
    0x200000fc   COMPRESSED   0x00000038   Data   RW         1539    .data               edit.o
    0x20000134   COMPRESSED   0x00000004   Data   RW         1594    .data               widget_factory.o
    0x20000138   COMPRESSED   0x00000004   Data   RW         1758    .data               input_method.o
    0x2000013c   COMPRESSED   0x00000014   Data   RW         1818    .data               dragger.o
    0x20000150   COMPRESSED   0x00000460   Data   RW         2003    .data               color_parser.o
    0x200005b0   COMPRESSED   0x0000003c   Data   RW         2022    .data               combo_box.o
    0x200005ec   COMPRESSED   0x00000020   Data   RW         2130    .data               popup.o
    0x2000060c   COMPRESSED   0x00000008   Data   RW         2172    .data               tab_button.o
    0x20000614   COMPRESSED   0x0000000c   Data   RW         2433    .data               color_tile.o
    0x20000620   COMPRESSED   0x00000004   Data   RW         2451    .data               assets_manager.o
    0x20000624   COMPRESSED   0x00000004   Data   RW         2466    .data               locale_info.o
    0x20000628   COMPRESSED   0x00000008   Data   RW         2592    .data               font_loader_bitmap.o
    0x20000630   COMPRESSED   0x00000004   Data   RW         2685    .data               style_factory.o
    0x20000634   COMPRESSED   0x00000004   Data   RW         2703    .data               widget_animator_manager.o
    0x20000638   COMPRESSED   0x00000004   Data   RW         2731    .data               clip_board.o
    0x2000063c   COMPRESSED   0x0000000c   Data   RW         2791    .data               system_bar.o
    0x20000648   COMPRESSED   0x00000004   Data   RW         2934    .data               mutex_null.o
    0x2000064c   COMPRESSED   0x00000004   Data   RW         2951    .data               sys_tick.o
    0x20000650        -       0x000000c8   Zero   RW          217    .bss                usart.o
    0x20000718        -       0x0000000a   Zero   RW          512    .bss                rtc.o
    0x20000722   COMPRESSED   0x00000002   PAD
    0x20000724        -       0x0000000c   Zero   RW          536    .bss                touch.o
    0x20000730        -       0x00001000   Zero   RW          591    .bss                flash.o
    0x20001730        -       0x00000014   Zero   RW         1089    .bss                mem.o
    0x20001744        -       0x0000001c   Zero   RW         1460    .bss                system_info.o
    0x20001760        -       0x00000090   Zero   RW         1499    .bss                main_loop_simple.o
    0x200017f0        -       0x00000024   Zero   RW         2291    .bss                ui_builder_default.o
    0x20001814        -       0x00002000   Zero   RW         2920    .bss                platform.o
    0x20003814        -       0x00000060   Zero   RW         3415    .bss                c_w.l(libspace.o)
    0x20003874   COMPRESSED   0x00000004   PAD
    0x20003878        -       0x00000200   Zero   RW          251    HEAP                startup_stm32f10x_hd.o
    0x20003a78        -       0x00000400   Zero   RW          250    STACK               startup_stm32f10x_hd.o


==============================================================================

Image component sizes


      Code (inc. data)   RO Data    RW Data    ZI Data      Debug   Object Name

        92         10        127          0          0       2062   app_bar.o
       656         14         37          0          0      13983   array.o
       412        132     123707          0          0      12083   assets-mini.o
       612         16         22          4          0       6086   assets_manager.o
       812         18          0          0          0       6735   awtk_global.o
      1410         38         68          0          0      13476   bitmap.o
       848          0          0          0          0       7160   buffer.o
       256         12          0          1          0        850   button.o
       636         30        133          8          0      37514   button_1.o
       112         10        124          0          0       2448   button_group.o
       688         14        143          0          0       5058   calibration_win.o
     10926         58          0          0          0      35878   canvas.o
       832         52        291          8          0       6541   check_button.o
       260          8          0          4          0       3016   clip_board.o
       160         14         42          0          0       2744   clip_board_default.o
        84         18          0          0          0        895   color.o
       652        102       2657       1120          0       3621   color_parser.o
       564         52        133         12          0       4437   color_tile.o
        92         10        125          0          0       2048   column.o
      1936        164        188         60          0      11474   combo_box.o
       788         50        141          0          0       4592   combo_box_item.o
         0          0          0          0          0         32   core_cm3.o
       564         10         40          0          0       4833   custom_props.o
      1420        256          0          0          0       3863   demo1_app.o
        38          0          0          0          0        604   demo_main.o
       552         74        185         24          0      13370   dialog.o
       136         16        139          0          0       2050   dialog_client.o
       128         16        137          0          0       2100   dialog_title.o
       904         52        157         20          0       4952   dragger.o
      2404        128         96          0          0       6321   easing.o
      6672        220        244         56          0      23367   edit.o
       704          8         26          0          0       8997   emitter.o
       348         36       2382          0          0       8283   enums.o
       336          4         19          0          0       3048   event_queue.o
       244          0          0          0          0       2926   events.o
       924         12          0          0       4096       3305   flash.o
       120          0          0          0          0       1536   font.o
        44          0          0          0          0       1087   font_loader.o
       392         28         19          8          0       4097   font_loader_bitmap.o
       440         18         20          4          0       4524   font_manager.o
       908         14         10          0          0       8199   fs.o
         4          0          0          0          0        464   fs_os.o
        92         10        120          0          0       2012   grid.o
        92         10        121          0          0       2102   grid_item.o
       112         10        131          0          0       2338   group_box.o
      1072         12       2376          0          0       5635   gui.o
       748         12         37          4          0       6790   idle.o
       544         22        202         40          0       4526   image.o
      1488        102          0          0          0       6366   image_base.o
        34          0          0          0          0       1016   image_loader.o
       760         22         39          4          0       6038   image_manager.o
       760          6         38          0          0       2990   input_device_status.o
       126          0          0          0          0       1042   input_engine.o
       568         10          0          4          0       5125   input_method.o
       104         12         25          0          0       1687   input_method_creator.o
       832         20        123          0          0       5182   label.o
      2590         48         50          0          0       8377   layout.o
      1076          0          0          0          0       9341   lcd.o
       696         18          0          0          0       2092   lcd_driver.o
      1708         42         15          0          0      16837   lcd_stm32_raw.o
       164         10          0          1          0        739   led.o
       588         26         19          4          0       8111   locale_info.o
        68          0          0          0          0     205271   main.o
       300          4          0          4          0       3368   main_loop.o
       680         12          0          0        144       4945   main_loop_simple.o
       216         16          0          0          0      21897   main_loop_stm32_raw.o
       756          4          0          0         20       5727   mem.o
       220         22          0          0          0       1825   misc.o
        28          6          0          4          0       1985   mutex_null.o
       548         26        123          8          0       4560   pages.o
       836          6          0          0          0       4938   path.o
       100         12          0          0       8192       1236   platform.o
       504         56        171         32          0       3150   popup.o
      1280         40        162         16          0       5588   progress_bar.o
       576          0          0          0          0       3001   rect.o
        92         10        115          0          0       1994   row.o
      1120         66         24         10         10       4387   rtc.o
      2272         56        142         24          0       7843   slider.o
       476         16          0          0          0       1828   spi.o
       344         70        113          0          0       2337   spin_box.o
        64         26        304          0       1536        812   startup_stm32f10x_hd.o
       196          8          0          0          0       3520   stm32f10x_bkp.o
      1548         18          0          0          0       5399   stm32f10x_fsmc.o
       860         38          0          0          0       5757   stm32f10x_gpio.o
        24          0          0          0          0      64030   stm32f10x_it.o
       204         14          0          0          0       1967   stm32f10x_pwr.o
       932         36          0         20          0       8944   stm32f10x_rcc.o
       328          4          0          0          0       2734   stm32f10x_rtc.o
       780         14          0          0          0       6638   stm32f10x_spi.o
      3610         88          0          0          0      22864   stm32f10x_tim.o
      1032         22          0          0          0       8480   stm32f10x_usart.o
      2150         64         23          0          0      11437   str.o
       212          0          0          0          0       3861   style.o
       464         82         43          0          0       4076   style_const.o
        52          6          0          4          0       2113   style_factory.o
        76          6          0          4          0       1757   sys_tick.o
       340         46        133         12          0       3548   system_bar.o
        76         24          0          0         28       1427   system_info.o
       480         38          0         20          0       1775   system_stm32f10x.o
      1132         72        133          8          0       6364   tab_button.o
       984         40        145          0          0       6328   tab_button_group.o
       112         10        135          0          0       2374   tab_control.o
       560         18         13          4          0       4285   theme.o
       572         24          0          4          0       1965   tim.o
        24          0          0          0          0        625   time_now.o
       992         12         39          4          0       8053   timer.o
       390          0          0          0          0       3264   tokenizer.o
      1088         38          0          8         12       4326   touch.o
       162          0          0          0          0       2952   ui_builder.o
       356         32          0          0         36       3297   ui_builder_default.o
        48          0          0          0          0       1177   ui_loader.o
       284         10          4          0          0       1939   ui_loader_default.o
       296         16          0          6        200       3210   usart.o
       772          4        260          0          0       5509   utf8.o
      2128         50         23          0          0      14109   utils.o
      1684         76         13          0          0      10348   value.o
      2346         14          0          0          0      19146   vgcanvas.o
        92         10        121          0          0       2012   view.o
      9788        234         13          0          0      61969   widget.o
      1000          4          0          0          0       7830   widget_animator.o
         6          0          0          0          0       2137   widget_animator_factory_null.o
       828         14         31          4          0       7660   widget_animator_manager.o
       448         16       1198          4          0      17052   widget_factory.o
       704          6        104          0          0       6120   widget_vtable.o
        80          8        125         24          0       2104   window.o
       362          0          0          0          0       2237   window_animator.o
        16          0          0          0          0       1483   window_animator_null.o
      1366        160          0          0          0       4605   window_base.o
      3472        124        141          4          0      20632   window_manager.o
       172          4          0          0          0       2220   window_open.o
      1744         28         20          0          0      10058   wstr.o

    ----------------------------------------------------------------------
    112142       4086     138724       1616      14276    1083414   Object Totals
         0          0         32          0          0          0   (incl. Generated)
        26          0        113          2          2          0   (incl. Padding)

    ----------------------------------------------------------------------

      Code (inc. data)   RO Data    RW Data    ZI Data      Debug   Library Member Name

        24          4          0          0          0         84   __2printf.o
       100          0          0          0          0          0   __dclz77c.o
         8          0          0          0          0         68   __main.o
       392          4         17          0          0         92   __printf_flags_ss_wp.o
        14          0          0          0          0         68   __printf_wp.o
         0          0          0          0          0          0   __rtentry.o
        12          0          0          0          0          0   __rtentry2.o
         6          0          0          0          0          0   __rtentry4.o
        52          8          0          0          0          0   __scatter.o
        28          0          0          0          0          0   __scatter_zi.o
        28          0          0          0          0         68   _chval.o
        60          0          0          0          0         92   _mbrtowc.o
         6          0          0          0          0          0   _printf_a.o
         6          0          0          0          0          0   _printf_c.o
        44          0          0          0          0        108   _printf_char.o
        48          6          0          0          0         96   _printf_char_common.o
        36          4          0          0          0         80   _printf_char_file.o
        40          0          0          0          0         68   _printf_charcount.o
         6          0          0          0          0          0   _printf_d.o
       120         16          0          0          0         92   _printf_dec.o
         6          0          0          0          0          0   _printf_e.o
         6          0          0          0          0          0   _printf_f.o
      1054          0          0          0          0        216   _printf_fp_dec.o
       764          8         38          0          0        100   _printf_fp_hex.o
       128         16          0          0          0         84   _printf_fp_infnan.o
         6          0          0          0          0          0   _printf_g.o
       148          4         40          0          0        160   _printf_hex_int_ll_ptr.o
         6          0          0          0          0          0   _printf_i.o
       178          0          0          0          0         88   _printf_intcommon.o
        10          0          0          0          0          0   _printf_l.o
         6          0          0          0          0          0   _printf_lc.o
        10          0          0          0          0          0   _printf_ll.o
         6          0          0          0          0          0   _printf_lld.o
         6          0          0          0          0          0   _printf_lli.o
         6          0          0          0          0          0   _printf_llo.o
         6          0          0          0          0          0   _printf_llu.o
         6          0          0          0          0          0   _printf_llx.o
       124         16          0          0          0         92   _printf_longlong_dec.o
         6          0          0          0          0          0   _printf_ls.o
         6          0          0          0          0          0   _printf_n.o
         6          0          0          0          0          0   _printf_o.o
       112         10          0          0          0        124   _printf_oct_int_ll.o
         6          0          0          0          0          0   _printf_p.o
        78          0          0          0          0        108   _printf_pad.o
         0          0          0          0          0          0   _printf_percent.o
         4          0          0          0          0          0   _printf_percent_end.o
         6          0          0          0          0          0   _printf_s.o
        82          0          0          0          0         80   _printf_str.o
        36          0          0          0          0         84   _printf_truncate.o
         6          0          0          0          0          0   _printf_u.o
        44          0          0          0          0        108   _printf_wchar.o
       188          6          8          0          0         92   _printf_wctomb.o
         6          0          0          0          0          0   _printf_x.o
        22          0          0          0          0        100   _rserrno.o
       884          6          0          0          0        100   _scanf.o
       332          0          0          0          0         96   _scanf_int.o
       342          0          0          0          0        100   _scanf_longlong.o
       276          0          0          0          0        100   _scanf_mbtowc.o
       224          0          0          0          0         96   _scanf_str.o
        30          0          0          0          0         76   _scanf_wcharmap.o
       232          0          0          0          0        100   _scanf_wctomb.o
       208          0          0          0          0         96   _scanf_wstr.o
        64          0          0          0          0         84   _sgetc.o
        16          0          0          0          0         68   _snputc.o
        10          0          0          0          0         68   _sputc.o
        64          0          0          0          0         92   _wcrtomb.o
       228          4        148          0          0         96   bigflt0.o
        80          0          0          0          0         88   bsearchnoex.o
      2152        136          0          0          0        960   btod.o
        18          0          0          0          0         80   exit.o
         8          0          0          0          0         68   ferror.o
         6          0          0          0          0        152   heapauxi.o
        18          0          0          0          0         76   isspace.o
        44         10        272          0          0         76   lc_ctype_c.o
        44         10         28          0          0         76   lc_numeric_c.o
         2          0          0          0          0          0   libinit.o
        30          0          0          0          0          0   libinit2.o
         2          0          0          0          0          0   libshutdown.o
         2          0          0          0          0          0   libshutdown2.o
         8          4          0          0         96         68   libspace.o
        38          0          0          0          0         68   llshl.o
       138          0          0          0          0         80   lludiv10.o
        88          0          0          0          0         76   memcmp.o
        16          4          0          0          0         76   rt_ctype_table.o
         8          4          0          0          0         68   rt_errno_addr_intlibspace.o
         8          4          0          0          0         68   rt_locale_intlibspace.o
        68          0          0          0          0         68   rt_memclr.o
        78          0          0          0          0         80   rt_memclr_w.o
       138          0          0          0          0         68   rt_memcpy_v6.o
       100          0          0          0          0         80   rt_memcpy_w.o
       132          0          0          0          0         68   rt_memmove_v6.o
       122          0          0          0          0         80   rt_memmove_w.o
         2          0          0          0          0          0   rtexit.o
        10          0          0          0          0          0   rtexit2.o
        44          8          0          0          0         84   scanf_char.o
      1272         16          0          0          0        168   scanf_fp.o
       800         14          0          0          0        100   scanf_hexfp.o
       308         16          0          0          0        100   scanf_infnan.o
        20          0          0          0          0         68   strchr.o
       128          0          0          0          0         68   strcmpv7m.o
        72          0          0          0          0         80   strcpy.o
        62          0          0          0          0         76   strlen.o
       150          0          0          0          0         80   strncmp.o
        86          0          0          0          0         76   strncpy.o
        22          0          0          0          0         68   strrchr.o
        36          0          0          0          0         80   strstr.o
        74          0          0          0          0         80   sys_stackheap_outer.o
        26          0          0          0          0         76   tolower.o
        30          0          0          0          0         76   toupper.o
         2          0          0          0          0         68   use_no_semi.o
         2          0          0          0          0         68   use_no_semi_2.o
        52          4          0          0          0         80   vsnprintf.o
        52          8          0          0          0         80   vsscanf.o
        22          0          0          0          0         68   wcschr.o
        24          0          0          0          0         68   wcscmp.o
        18          0          0          0          0         68   wcscpy.o
        18          0          0          0          0         68   wcslen.o
        98          4          0          0          0         92   d2f.o
       826         16          0          0          0        348   daddsub_clz.o
        16          4          0          0          0         68   dcheck1.o
        24          0          0          0          0         68   dcmpi.o
       688        140          0          0          0        208   ddiv.o
       120          4          0          0          0         92   deqf.o
        94          4          0          0          0         92   dfix.o
        90          4          0          0          0         92   dfixu.o
        84          0          0          0          0        136   dflt_clz.o
       120          4          0          0          0         92   dleqf.o
       340         12          0          0          0        104   dmul.o
       156          4          0          0          0         92   dnaninf.o
        12          0          0          0          0         68   dretinf.o
       108          0          0          0          0         80   drleqf.o
       460         56          0          0          0        120   dsqrt_noumaal.o
        86          4          0          0          0         84   f2d.o
       450          8          0          0          0        236   faddsub_clz.o
        24          0          0          0          0         68   fcmpi.o
       388         76          0          0          0         96   fdiv.o
       104          4          0          0          0         84   feqf.o
        54          4          0          0          0         84   ffix.o
        62          4          0          0          0         84   ffixu.o
        86          0          0          0          0        136   fflt_clz.o
        96          0          0          0          0         84   ffltll_clz.o
       104          4          0          0          0         84   fleqf.o
       258          4          0          0          0         84   fmul.o
       140          4          0          0          0         84   fnaninf.o
         0          0         16          0          0          0   fpconst.o
        10          0          0          0          0         68   fretinf.o
        98          0          0          0          0         68   frleqf.o
         6          0          0          0          0         68   istatus.o
         4          0          0          0          0         68   printf1.o
         4          0          0          0          0         68   printf2.o
       100          0          0          0          0         68   retnan.o
        92          0          0          0          0         68   scalbn.o
         4          0          0          0          0         68   scanf1.o
         8          0          0          0          0         84   scanf2.o
        48          0          0          0          0         68   trapv.o
         0          0          0          0          0          0   usenofp.o
       156          8          0          0          0        104   cos.o
       252         22         48          0          0        124   cos_i.o
        68         10          0          0          0        408   dunder.o
       220         16          0          0          0         84   floor.o
        40          0          0          0          0         68   fpclassify.o
        88          8          0          0          0         76   frexp.o
       138          0          0          0          0        160   ldexp.o
       204          4          0          0          0        168   narrow.o
       170          0          0          0          0         96   poly.o
      2520        190        136          0          0        324   pow.o
         0          0          8          0          0          0   qnan.o
       904         76        200          0          0        140   rred.o
       160         10          0          0          0        108   sin.o
       236         12         40          0          0        128   sin_i.o
        76          0          0          0          0         84   sqrt.o

    ----------------------------------------------------------------------
     24434       1072       1004          0        100      13624   Library Totals
        36          2          5          0          4          0   (incl. Padding)

    ----------------------------------------------------------------------

      Code (inc. data)   RO Data    RW Data    ZI Data      Debug   Library Name

     13704        350        551          0         96       7896   c_w.l
      5462        364         16          0          0       3656   fz_ws.l
      5232        356        432          0          0       2072   m_ws.l

    ----------------------------------------------------------------------
     24434       1072       1004          0        100      13624   Library Totals

    ----------------------------------------------------------------------

==============================================================================


      Code (inc. data)   RO Data    RW Data    ZI Data      Debug   

    136576       5158     139728       1616      14376    1076338   Grand Totals
    136576       5158     139728       1016      14376    1076338   ELF Image Totals (compressed)
    136576       5158     139728       1016          0          0   ROM Totals

==============================================================================

    Total RO  Size (Code + RO Data)               276304 ( 269.83kB)
    Total RW  Size (RW Data + ZI Data)             15992 (  15.62kB)
    Total ROM Size (Code + RO Data + RW Data)     277320 ( 270.82kB)

==============================================================================

