Component: ARM Compiler 5.06 update 5 (build 528) Tool: armlink [4d35e2]

==============================================================================

Section Cross References

    system_stm32f10x.o(.text) refers to system_stm32f10x.o(.data) for SystemCoreClock
    main.o(.text) refers to misc.o(.text) for NVIC_PriorityGroupConfig
    main.o(.text) refers to platform.o(.text) for systick_init
    main.o(.text) refers to led.o(.text) for led_init
    main.o(.text) refers to button.o(.text) for button_init
    main.o(.text) refers to lcd_driver.o(.text) for TFT_Init
    main.o(.text) refers to flash.o(.text) for FLASH_Init
    main.o(.text) refers to touch.o(.text) for TOUCH_Init
    main.o(.text) refers to tim.o(.text) for TIM3_Init
    main.o(.text) refers to rtc.o(.text) for rtc_init
    main.o(.text) refers to demo_main.o(.text) for gui_app_start
    sys.o(.text) refers to misc.o(.text) for NVIC_PriorityGroupConfig
    usart.o(.text) refers (Special) to use_no_semi_2.o(.text) for __use_no_semihosting
    usart.o(.text) refers to stm32f10x_rcc.o(.text) for RCC_APB2PeriphClockCmd
    usart.o(.text) refers to stm32f10x_gpio.o(.text) for GPIO_Init
    usart.o(.text) refers to misc.o(.text) for NVIC_Init
    usart.o(.text) refers to stm32f10x_usart.o(.text) for USART_Init
    usart.o(.text) refers to usart.o(.data) for USART_RX_STA
    usart.o(.text) refers to usart.o(.bss) for USART_RX_BUF
    usart.o(.bss) refers (Special) to use_no_semi_2.o(.text) for __use_no_semihosting
    usart.o(.data) refers (Special) to use_no_semi_2.o(.text) for __use_no_semihosting
    startup_stm32f10x_hd.o(STACK) refers (Special) to heapauxi.o(.text) for __use_two_region_memory
    startup_stm32f10x_hd.o(HEAP) refers (Special) to heapauxi.o(.text) for __use_two_region_memory
    startup_stm32f10x_hd.o(RESET) refers (Special) to heapauxi.o(.text) for __use_two_region_memory
    startup_stm32f10x_hd.o(RESET) refers to startup_stm32f10x_hd.o(STACK) for __initial_sp
    startup_stm32f10x_hd.o(RESET) refers to startup_stm32f10x_hd.o(.text) for Reset_Handler
    startup_stm32f10x_hd.o(RESET) refers to stm32f10x_it.o(.text) for NMI_Handler
    startup_stm32f10x_hd.o(RESET) refers to sys_tick.o(.text) for SysTick_Handler
    startup_stm32f10x_hd.o(RESET) refers to rtc.o(.text) for RTC_IRQHandler
    startup_stm32f10x_hd.o(RESET) refers to main_loop_stm32_raw.o(.text) for TIM3_IRQHandler
    startup_stm32f10x_hd.o(RESET) refers to usart.o(.text) for USART1_IRQHandler
    startup_stm32f10x_hd.o(RESET) refers to tim.o(.text) for TIM5_IRQHandler
    startup_stm32f10x_hd.o(.text) refers (Special) to heapauxi.o(.text) for __use_two_region_memory
    startup_stm32f10x_hd.o(.text) refers to system_stm32f10x.o(.text) for SystemInit
    startup_stm32f10x_hd.o(.text) refers to __main.o(!!!main) for __main
    startup_stm32f10x_hd.o(.text) refers to startup_stm32f10x_hd.o(HEAP) for Heap_Mem
    startup_stm32f10x_hd.o(.text) refers to startup_stm32f10x_hd.o(STACK) for Stack_Mem
    stm32f10x_gpio.o(.text) refers to stm32f10x_rcc.o(.text) for RCC_APB2PeriphResetCmd
    stm32f10x_rcc.o(.text) refers to stm32f10x_rcc.o(.data) for APBAHBPrescTable
    stm32f10x_usart.o(.text) refers to stm32f10x_rcc.o(.text) for RCC_APB2PeriphResetCmd
    stm32f10x_wwdg.o(.text) refers to stm32f10x_rcc.o(.text) for RCC_APB1PeriphResetCmd
    stm32f10x_tim.o(.text) refers to stm32f10x_rcc.o(.text) for RCC_APB2PeriphResetCmd
    stm32f10x_bkp.o(.text) refers to stm32f10x_rcc.o(.text) for RCC_BackupResetCmd
    stm32f10x_pwr.o(.text) refers to stm32f10x_rcc.o(.text) for RCC_APB1PeriphResetCmd
    stm32f10x_spi.o(.text) refers to stm32f10x_rcc.o(.text) for RCC_APB2PeriphResetCmd
    led.o(.text) refers to stm32f10x_rcc.o(.text) for RCC_APB2PeriphClockCmd
    led.o(.text) refers to stm32f10x_gpio.o(.text) for GPIO_Init
    led.o(.text) refers to sys_tick.o(.text) for delay_ms
    led.o(.text) refers to led.o(.data) for i
    lcd_driver.o(.text) refers to stm32f10x_rcc.o(.text) for RCC_APB2PeriphClockCmd
    lcd_driver.o(.text) refers to stm32f10x_gpio.o(.text) for GPIO_Init
    lcd_driver.o(.text) refers to stm32f10x_fsmc.o(.text) for FSMC_NORSRAMInit
    button.o(.text) refers to stm32f10x_rcc.o(.text) for RCC_APB2PeriphClockCmd
    button.o(.text) refers to stm32f10x_gpio.o(.text) for GPIO_Init
    button.o(.text) refers to sys_tick.o(.text) for delay_ms
    button.o(.text) refers to button.o(.data) for key_up
    tim.o(.text) refers to stm32f10x_rcc.o(.text) for RCC_APB1PeriphClockCmd
    tim.o(.text) refers to stm32f10x_gpio.o(.text) for GPIO_Init
    tim.o(.text) refers to stm32f10x_tim.o(.text) for TIM_TimeBaseInit
    tim.o(.text) refers to misc.o(.text) for NVIC_Init
    tim.o(.text) refers to tim.o(.data) for TIM5CH1_CAPTURE_STA
    rtc.o(.text) refers to _printf_percent.o(.ARM.Collect$$_printf_percent$$00000000) for _printf_percent
[...]
    _frcmple                                 0x08020625   Thumb Code    98  frleqf.o(x$fpl$frleqf)
    __aeabi_frsub                            0x08020687   Thumb Code     0  faddsub_clz.o(x$fpl$frsb)
    _frsb                                    0x08020687   Thumb Code    20  faddsub_clz.o(x$fpl$frsb)
    __aeabi_fsub                             0x0802069d   Thumb Code     0  faddsub_clz.o(x$fpl$fsub)
    _fsub                                    0x0802069d   Thumb Code   234  faddsub_clz.o(x$fpl$fsub)
    __ieee_status                            0x08020787   Thumb Code     6  istatus.o(x$fpl$ieeestatus)
    _printf_fp_dec                           0x0802078d   Thumb Code     4  printf1.o(x$fpl$printf1)
    _printf_fp_hex                           0x08020791   Thumb Code     4  printf2.o(x$fpl$printf2)
    __fpl_return_NaN                         0x08020795   Thumb Code   100  retnan.o(x$fpl$retnan)
    __ARM_scalbn                             0x080207f9   Thumb Code    92  scalbn.o(x$fpl$scalbn)
    _scanf_real                              0x08020855   Thumb Code     4  scanf1.o(x$fpl$scanf1)
    _scanf_hex_real                          0x08020859   Thumb Code     4  scanf2.o(x$fpl$scanf2)
    _scanf_infnan                            0x0802085d   Thumb Code     4  scanf2.o(x$fpl$scanf2)
    __fpl_cmpreturn                          0x08020861   Thumb Code    48  trapv.o(x$fpl$trapveneer)
    __I$use$fp                               0x08020890   Number         0  usenofp.o(x$fpl$usenofp)
    table_week                               0x08020890   Data          12  rtc.o(.constdata)
    mon_table                                0x0802089c   Data          12  rtc.o(.constdata)
    ASCII8x16                                0x080208a8   Data        1536  gui.o(.constdata)
    tfont16                                  0x08020ea8   Data         480  gui.o(.constdata)
    tfont24                                  0x08021088   Data         360  gui.o(.constdata)
    g_utf8_skip                              0x08021c30   Data           4  utf8.o(.constdata)
    font_default                             0x08022e59   Data       12590  assets-mini.o(.constdata)
    image_bricks                             0x08025f87   Data        7260  assets-mini.o(.constdata)
    image_checked                            0x08027be3   Data        2364  assets-mini.o(.constdata)
    image_dialog_title                       0x0802851f   Data        7260  assets-mini.o(.constdata)
    image_earth                              0x0802a17b   Data        2364  assets-mini.o(.constdata)
    image_green_btn_n                        0x0802aab7   Data        3660  assets-mini.o(.constdata)
    image_green_btn_o                        0x0802b903   Data        3660  assets-mini.o(.constdata)
    image_green_btn_p                        0x0802c74f   Data        3660  assets-mini.o(.constdata)
    image_info                               0x0802d59b   Data        2364  assets-mini.o(.constdata)
    image_left_off                           0x0802ded7   Data        2364  assets-mini.o(.constdata)
    image_left_on                            0x0802e813   Data        2364  assets-mini.o(.constdata)
    image_middle_off                         0x0802f14f   Data        2364  assets-mini.o(.constdata)
    image_middle_on                          0x0802fa8b   Data        2364  assets-mini.o(.constdata)
    image_muted                              0x080303c7   Data        2364  assets-mini.o(.constdata)
    image_question                           0x08030d03   Data        2364  assets-mini.o(.constdata)
    image_radio_checked                      0x0803163f   Data        2364  assets-mini.o(.constdata)
    image_radio_unchecked                    0x08031f7b   Data        2364  assets-mini.o(.constdata)
    image_red_btn_n                          0x080328b7   Data        3660  assets-mini.o(.constdata)
    image_red_btn_o                          0x08033703   Data        3660  assets-mini.o(.constdata)
    image_red_btn_p                          0x0803454f   Data        3660  assets-mini.o(.constdata)
    image_right_off                          0x0803539b   Data        2364  assets-mini.o(.constdata)
    image_right_on                           0x08035cd7   Data        2364  assets-mini.o(.constdata)
    image_slider_bg                          0x08036613   Data        1020  assets-mini.o(.constdata)
    image_slider_drag                        0x08036a0f   Data        3196  assets-mini.o(.constdata)
    image_slider_drag_o                      0x0803768b   Data        3196  assets-mini.o(.constdata)
    image_slider_drag_p                      0x08038307   Data        3196  assets-mini.o(.constdata)
    image_slider_fg                          0x08038f83   Data        1020  assets-mini.o(.constdata)
    image_slider_v_bg                        0x0803937f   Data        1020  assets-mini.o(.constdata)
    image_slider_v_fg                        0x0803977b   Data        1020  assets-mini.o(.constdata)
    image_unchecked                          0x08039b77   Data        2364  assets-mini.o(.constdata)
    image_unmuted                            0x0803a4b3   Data        2364  assets-mini.o(.constdata)
    image_warn                               0x0803adef   Data        2364  assets-mini.o(.constdata)
    style_default                            0x0803b72b   Data       22478  assets-mini.o(.constdata)
    __mathlib_zero                           0x08040ff8   Data           8  qnan.o(.constdata)
    Region$$Table$$Base                      0x08042360   Number         0  anon$$obj.o(Region$$Table)
    Region$$Table$$Limit                     0x08042380   Number         0  anon$$obj.o(Region$$Table)
    __aeabi_HUGE_VAL                         0x08042380   Data           0  fpconst.o(c$$dinf)
    __aeabi_HUGE_VALL                        0x08042380   Data           0  fpconst.o(c$$dinf)
    __aeabi_INFINITY                         0x08042380   Data           0  fpconst.o(c$$dinf)
    __dInf                                   0x08042380   Data           0  fpconst.o(c$$dinf)
    __huge_val                               0x08042380   Data           0  fpconst.o(c$$dinf)
    __dbl_max                                0x08042388   Data           0  fpconst.o(c$$dmax)
    __ctype                                  0x0804239d   Data           0  lc_ctype_c.o(locale$$data)
    SystemCoreClock                          0x20000000   Data           4  system_stm32f10x.o(.data)
    AHBPrescTable                            0x20000004   Data          16  system_stm32f10x.o(.data)
    __stdout                                 0x20000014   Data           4  usart.o(.data)
    USART_RX_STA                             0x20000018   Data           2  usart.o(.data)
    TIM5CH1_CAPTURE_STA                      0x20000030   Data           1  tim.o(.data)
    TIM5CH1_CAPTURE_VAL                      0x20000032   Data           2  tim.o(.data)
    rtc_data                                 0x20000034   Data           7  rtc.o(.data)
    rtc_bit                                  0x2000003b   Data           1  rtc.o(.data)
    TouchData                                0x2000003e   Data           8  touch.o(.data)
    s_edit_properties                        0x200000fc   Data          56  edit.o(.data)
    s_combo_box_properties                   0x200005b0   Data          60  combo_box.o(.data)
    USART_RX_BUF                             0x20000644   Data         200  usart.o(.bss)
    calendar                                 0x2000070c   Data          10  rtc.o(.bss)
    __libspace_start                         0x20003808   Data          96  libspace.o(.bss)
    __temporary_stack_top$libspace           0x20003868   Data           0  libspace.o(.bss)



==============================================================================

Memory Map of the image

  Image Entry point : 0x08000131

  Load Region LR_IROM1 (Base: 0x08000000, Size: 0x00042b00, Max: 0x00080000, ABSOLUTE, COMPRESSED[0x000428b0])

    Execution Region ER_IROM1 (Exec base: 0x08000000, Load base: 0x08000000, Size: 0x000424bc, Max: 0x00080000, ABSOLUTE)

    Exec Addr    Load Addr    Size         Type   Attr      Idx    E Section Name        Object

    0x08000000   0x08000000   0x00000130   Data   RO          252    RESET               startup_stm32f10x_hd.o
    0x08000130   0x08000130   0x00000008   Code   RO         3258  * !!!main             c_w.l(__main.o)
    0x08000138   0x08000138   0x00000034   Code   RO         3795    !!!scatter          c_w.l(__scatter.o)
    0x0800016c   0x0800016c   0x00000064   Code   RO         3793    !!dclz77c           c_w.l(__dclz77c.o)
    0x080001d0   0x080001d0   0x0000001c   Code   RO         3797    !!handler_zi        c_w.l(__scatter_zi.o)
    0x080001ec   0x080001ec   0x00000000   Code   RO         3215    .ARM.Collect$$_printf_percent$$00000000  c_w.l(_printf_percent.o)
    0x080001ec   0x080001ec   0x00000006   Code   RO         3430    .ARM.Collect$$_printf_percent$$00000001  c_w.l(_printf_n.o)
    0x080001f2   0x080001f2   0x00000006   Code   RO         3432    .ARM.Collect$$_printf_percent$$00000002  c_w.l(_printf_p.o)
    0x080001f8   0x080001f8   0x00000006   Code   RO         3436    .ARM.Collect$$_printf_percent$$00000003  c_w.l(_printf_f.o)
    0x080001fe   0x080001fe   0x00000006   Code   RO         3437    .ARM.Collect$$_printf_percent$$00000004  c_w.l(_printf_e.o)
    0x08000204   0x08000204   0x00000006   Code   RO         3438    .ARM.Collect$$_printf_percent$$00000005  c_w.l(_printf_g.o)
    0x0800020a   0x0800020a   0x00000006   Code   RO         3439    .ARM.Collect$$_printf_percent$$00000006  c_w.l(_printf_a.o)
    0x08000210   0x08000210   0x0000000a   Code   RO         3444    .ARM.Collect$$_printf_percent$$00000007  c_w.l(_printf_ll.o)
    0x0800021a   0x0800021a   0x00000006   Code   RO         3434    .ARM.Collect$$_printf_percent$$00000008  c_w.l(_printf_i.o)
    0x08000220   0x08000220   0x00000006   Code   RO         3214    .ARM.Collect$$_printf_percent$$00000009  c_w.l(_printf_d.o)
    0x08000226   0x08000226   0x00000006   Code   RO         3435    .ARM.Collect$$_printf_percent$$0000000A  c_w.l(_printf_u.o)
    0x0800022c   0x0800022c   0x00000006   Code   RO         3433    .ARM.Collect$$_printf_percent$$0000000B  c_w.l(_printf_o.o)
    0x08000232   0x08000232   0x00000006   Code   RO         3431    .ARM.Collect$$_printf_percent$$0000000C  c_w.l(_printf_x.o)
    0x08000238   0x08000238   0x00000006   Code   RO         3441    .ARM.Collect$$_printf_percent$$0000000D  c_w.l(_printf_lli.o)
    0x0800023e   0x0800023e   0x00000006   Code   RO         3442    .ARM.Collect$$_printf_percent$$0000000E  c_w.l(_printf_lld.o)
    0x08000244   0x08000244   0x00000006   Code   RO         3443    .ARM.Collect$$_printf_percent$$0000000F  c_w.l(_printf_llu.o)
    0x0800024a   0x0800024a   0x00000006   Code   RO         3448    .ARM.Collect$$_printf_percent$$00000010  c_w.l(_printf_llo.o)
    0x08000250   0x08000250   0x00000006   Code   RO         3449    .ARM.Collect$$_printf_percent$$00000011  c_w.l(_printf_llx.o)
    0x08000256   0x08000256   0x0000000a   Code   RO         3445    .ARM.Collect$$_printf_percent$$00000012  c_w.l(_printf_l.o)
    0x08000260   0x08000260   0x00000006   Code   RO         3428    .ARM.Collect$$_printf_percent$$00000013  c_w.l(_printf_c.o)
    0x08000266   0x08000266   0x00000006   Code   RO         3429    .ARM.Collect$$_printf_percent$$00000014  c_w.l(_printf_s.o)
    0x0800026c   0x0800026c   0x00000006   Code   RO         3446    .ARM.Collect$$_printf_percent$$00000015  c_w.l(_printf_lc.o)
    0x08000272   0x08000272   0x00000006   Code   RO         3447    .ARM.Collect$$_printf_percent$$00000016  c_w.l(_printf_ls.o)
    0x08000278   0x08000278   0x00000004   Code   RO         3440    .ARM.Collect$$_printf_percent$$00000017  c_w.l(_printf_percent_end.o)
    0x0800027c   0x0800027c   0x00000002   Code   RO         3673    .ARM.Collect$$libinit$$00000000  c_w.l(libinit.o)
    0x0800027e   0x0800027e   0x00000000   Code   RO         3586    .ARM.Collect$$libinit$$00000002  c_w.l(libinit2.o)
    0x0800027e   0x0800027e   0x00000000   Code   RO         3588    .ARM.Collect$$libinit$$00000004  c_w.l(libinit2.o)
    0x0800027e   0x0800027e   0x00000000   Code   RO         3591    .ARM.Collect$$libinit$$0000000A  c_w.l(libinit2.o)
    0x0800027e   0x0800027e   0x00000000   Code   RO         3593    .ARM.Collect$$libinit$$0000000C  c_w.l(libinit2.o)
    0x0800027e   0x0800027e   0x00000000   Code   RO         3595    .ARM.Collect$$libinit$$0000000E  c_w.l(libinit2.o)
    0x0800027e   0x0800027e   0x00000006   Code   RO         3596    .ARM.Collect$$libinit$$0000000F  c_w.l(libinit2.o)
    0x08000284   0x08000284   0x00000000   Code   RO         3598    .ARM.Collect$$libinit$$00000011  c_w.l(libinit2.o)
    0x08000284   0x08000284   0x0000000c   Code   RO         3599    .ARM.Collect$$libinit$$00000012  c_w.l(libinit2.o)
    0x08000290   0x08000290   0x00000000   Code   RO         3600    .ARM.Collect$$libinit$$00000013  c_w.l(libinit2.o)
    0x08000290   0x08000290   0x00000000   Code   RO         3602    .ARM.Collect$$libinit$$00000015  c_w.l(libinit2.o)
    0x08000290   0x08000290   0x0000000a   Code   RO         3603    .ARM.Collect$$libinit$$00000016  c_w.l(libinit2.o)
    0x0800029a   0x0800029a   0x00000000   Code   RO         3604    .ARM.Collect$$libinit$$00000017  c_w.l(libinit2.o)
    0x0800029a   0x0800029a   0x00000000   Code   RO         3606    .ARM.Collect$$libinit$$00000019  c_w.l(libinit2.o)
    0x0800029a   0x0800029a   0x00000000   Code   RO         3608    .ARM.Collect$$libinit$$0000001B  c_w.l(libinit2.o)
    0x0800029a   0x0800029a   0x00000000   Code   RO         3610    .ARM.Collect$$libinit$$0000001D  c_w.l(libinit2.o)
    0x0800029a   0x0800029a   0x00000000   Code   RO         3612    .ARM.Collect$$libinit$$0000001F  c_w.l(libinit2.o)
    0x0800029a   0x0800029a   0x00000000   Code   RO         3614    .ARM.Collect$$libinit$$00000021  c_w.l(libinit2.o)
    0x0800029a   0x0800029a   0x00000000   Code   RO         3616    .ARM.Collect$$libinit$$00000023  c_w.l(libinit2.o)
    0x0800029a   0x0800029a   0x00000000   Code   RO         3618    .ARM.Collect$$libinit$$00000025  c_w.l(libinit2.o)
    0x0800029a   0x0800029a   0x00000000   Code   RO         3622    .ARM.Collect$$libinit$$0000002C  c_w.l(libinit2.o)
    0x0800029a   0x0800029a   0x00000000   Code   RO         3624    .ARM.Collect$$libinit$$0000002E  c_w.l(libinit2.o)
    0x0800029a   0x0800029a   0x00000000   Code   RO         3626    .ARM.Collect$$libinit$$00000030  c_w.l(libinit2.o)
    0x0800029a   0x0800029a   0x00000000   Code   RO         3628    .ARM.Collect$$libinit$$00000032  c_w.l(libinit2.o)
    0x0800029a   0x0800029a   0x00000002   Code   RO         3629    .ARM.Collect$$libinit$$00000033  c_w.l(libinit2.o)
    0x0800029c   0x0800029c   0x00000002   Code   RO         3750    .ARM.Collect$$libshutdown$$00000000  c_w.l(libshutdown.o)
    0x0800029e   0x0800029e   0x00000000   Code   RO         3756    .ARM.Collect$$libshutdown$$00000002  c_w.l(libshutdown2.o)
    0x0800029e   0x0800029e   0x00000000   Code   RO         3758    .ARM.Collect$$libshutdown$$00000004  c_w.l(libshutdown2.o)
    0x0800029e   0x0800029e   0x00000000   Code   RO         3761    .ARM.Collect$$libshutdown$$00000007  c_w.l(libshutdown2.o)
    0x0800029e   0x0800029e   0x00000000   Code   RO         3764    .ARM.Collect$$libshutdown$$0000000A  c_w.l(libshutdown2.o)
    0x0800029e   0x0800029e   0x00000000   Code   RO         3766    .ARM.Collect$$libshutdown$$0000000C  c_w.l(libshutdown2.o)
    0x0800029e   0x0800029e   0x00000000   Code   RO         3769    .ARM.Collect$$libshutdown$$0000000F  c_w.l(libshutdown2.o)
    0x0800029e   0x0800029e   0x00000002   Code   RO         3770    .ARM.Collect$$libshutdown$$00000010  c_w.l(libshutdown2.o)
    0x080002a0   0x080002a0   0x00000000   Code   RO         3370    .ARM.Collect$$rtentry$$00000000  c_w.l(__rtentry.o)
    0x080002a0   0x080002a0   0x00000000   Code   RO         3535    .ARM.Collect$$rtentry$$00000002  c_w.l(__rtentry2.o)
    0x080002a0   0x080002a0   0x00000006   Code   RO         3547    .ARM.Collect$$rtentry$$00000004  c_w.l(__rtentry4.o)
    0x080002a6   0x080002a6   0x00000000   Code   RO         3537    .ARM.Collect$$rtentry$$00000009  c_w.l(__rtentry2.o)
    0x080002a6   0x080002a6   0x00000004   Code   RO         3538    .ARM.Collect$$rtentry$$0000000A  c_w.l(__rtentry2.o)
    0x080002aa   0x080002aa   0x00000000   Code   RO         3540    .ARM.Collect$$rtentry$$0000000C  c_w.l(__rtentry2.o)
    0x080002aa   0x080002aa   0x00000008   Code   RO         3541    .ARM.Collect$$rtentry$$0000000D  c_w.l(__rtentry2.o)
    0x080002b2   0x080002b2   0x00000002   Code   RO         3696    .ARM.Collect$$rtexit$$00000000  c_w.l(rtexit.o)
    0x080002b4   0x080002b4   0x00000000   Code   RO         3715    .ARM.Collect$$rtexit$$00000002  c_w.l(rtexit2.o)
    0x080002b4   0x080002b4   0x00000004   Code   RO         3716    .ARM.Collect$$rtexit$$00000003  c_w.l(rtexit2.o)
    0x080002b8   0x080002b8   0x00000006   Code   RO         3717    .ARM.Collect$$rtexit$$00000004  c_w.l(rtexit2.o)
    0x080002be   0x080002be   0x00000018   Code   RO            1    .text               stm32f10x_it.o
    0x080002d6   0x080002d6   0x00000002   PAD
    0x080002d8   0x080002d8   0x000001e0   Code   RO          104    .text               system_stm32f10x.o
    0x080004b8   0x080004b8   0x00000044   Code   RO          122    .text               main.o
    0x080004fc   0x080004fc   0x00000128   Code   RO          216    .text               usart.o
    0x08000624   0x08000624   0x00000040   Code   RO          253    .text               startup_stm32f10x_hd.o
    0x08000664   0x08000664   0x000000dc   Code   RO          257    .text               misc.o
    0x08000740   0x08000740   0x0000035c   Code   RO          269    .text               stm32f10x_gpio.o
    0x08000a9c   0x08000a9c   0x000003a4   Code   RO          281    .text               stm32f10x_rcc.o
    0x08000e40   0x08000e40   0x00000408   Code   RO          295    .text               stm32f10x_usart.o
    0x08001248   0x08001248   0x00000e1a   Code   RO          343    .text               stm32f10x_tim.o
    0x08002062   0x08002062   0x00000002   PAD
    0x08002064   0x08002064   0x0000060c   Code   RO          355    .text               stm32f10x_fsmc.o
    0x08002670   0x08002670   0x000000c4   Code   RO          367    .text               stm32f10x_bkp.o
    0x08002734   0x08002734   0x00000148   Code   RO          379    .text               stm32f10x_rtc.o
    0x0800287c   0x0800287c   0x000000cc   Code   RO          391    .text               stm32f10x_pwr.o
    0x08002948   0x08002948   0x0000030c   Code   RO          415    .text               stm32f10x_spi.o
    0x08002c54   0x08002c54   0x000000a4   Code   RO          451    .text               led.o
    0x08002cf8   0x08002cf8   0x000002b8   Code   RO          464    .text               lcd_driver.o
    0x08002fb0   0x08002fb0   0x00000100   Code   RO          479    .text               button.o
    0x080030b0   0x080030b0   0x0000023c   Code   RO          492    .text               tim.o
    0x080032ec   0x080032ec   0x00000460   Code   RO          511    .text               rtc.o
    0x0800374c   0x0800374c   0x00000440   Code   RO          535    .text               touch.o
    0x08003b8c   0x08003b8c   0x000001dc   Code   RO          557    .text               spi.o
    0x08003d68   0x08003d68   0x00000430   Code   RO          569    .text               gui.o
    0x08004198   0x08004198   0x0000039c   Code   RO          590    .text               flash.o
    0x08004534   0x08004534   0x00000290   Code   RO          604    .text               array.o
    0x080047c4   0x080047c4   0x00000568   Code   RO          651    .text               bitmap.o
    0x08004d2c   0x08004d2c   0x00000350   Code   RO          676    .text               buffer.o
    0x0800507c   0x0800507c   0x0000027c   Code   RO          691    .text               button_1.o
    0x080052f8   0x080052f8   0x0000281c   Code   RO          791    .text               canvas.o
    0x08007b14   0x08007b14   0x0000033c   Code   RO          836    .text               check_button.o
    0x08007e50   0x08007e50   0x00000054   Code   RO          861    .text               color.o
    0x08007ea4   0x08007ea4   0x00000224   Code   RO          873    .text               dialog.o
    0x080080c8   0x080080c8   0x000002c0   Code   RO          928    .text               emitter.o
    0x08008388   0x08008388   0x00000148   Code   RO          950    .text               enums.o
    0x080084d0   0x080084d0   0x00000078   Code   RO          977    .text               font.o
    0x08008548   0x08008548   0x000001b8   Code   RO          989    .text               font_manager.o
    0x08008700   0x08008700   0x00000070   Code   RO         1004    .text               group_box.o
    0x08008770   0x08008770   0x00000214   Code   RO         1022    .text               image.o
    0x08008984   0x08008984   0x000002f8   Code   RO         1044    .text               image_manager.o
    0x08008c7c   0x08008c7c   0x00000048   Code   RO         1065    .text               label.o
    0x08008cc4   0x08008cc4   0x00000418   Code   RO         1080    .text               lcd.o
    0x080090dc   0x080090dc   0x0000012c   Code   RO         1092    .text               main_loop.o
    0x08009208   0x08009208   0x000002f4   Code   RO         1109    .text               mem.o
    0x080094fc   0x080094fc   0x000004ec   Code   RO         1123    .text               progress_bar.o
    0x080099e8   0x080099e8   0x00000240   Code   RO         1142    .text               rect.o
    0x08009c28   0x08009c28   0x00000230   Code   RO         1154    .text               theme.o
    0x08009e58   0x08009e58   0x00000304   Code   RO         1169    .text               utf8.o
    0x0800a15c   0x0800a15c   0x00000694   Code   RO         1184    .text               value.o
    0x0800a7f0   0x0800a7f0   0x00002444   Code   RO         1200    .text               widget.o
    0x0800cc34   0x0800cc34   0x0000032c   Code   RO         1297    .text               widget_vtable.o
    0x0800cf60   0x0800cf60   0x00000050   Code   RO         1311    .text               window.o
    0x0800cfb0   0x0800cfb0   0x00000f5c   Code   RO         1330    .text               window_manager.o
    0x0800df0c   0x0800df0c   0x000006d0   Code   RO         1355    .text               wstr.o
    0x0800e5dc   0x0800e5dc   0x00000850   Code   RO         1368    .text               utils.o
    0x0800ee2c   0x0800ee2c   0x000000d2   Code   RO         1396    .text               events.o
    0x0800eefe   0x0800eefe   0x00000002   PAD
    0x0800ef00   0x0800ef00   0x000003a4   Code   RO         1408    .text               timer.o
    0x0800f2a4   0x0800f2a4   0x00000970   Code   RO         1423    .text               layout.o
    0x0800fc14   0x0800fc14   0x00000150   Code   RO         1439    .text               event_queue.o
    0x0800fd64   0x0800fd64   0x000008b0   Code   RO         1461    .text               slider.o
    0x08010614   0x08010614   0x00000138   Code   RO         1480    .text               window_animator.o
    0x0801074c   0x0801074c   0x00000010   Code   RO         1492    .text               window_animator_null.o
    0x0801075c   0x0801075c   0x000002ec   Code   RO         1504    .text               idle.o
    0x08010a48   0x08010a48   0x0000004c   Code   RO         1519    .text               system_info.o
    0x08010a94   0x08010a94   0x0000002c   Code   RO         1533    .text               image_loader.o
    0x08010ac0   0x08010ac0   0x000007e8   Code   RO         1545    .text               str.o
    0x080112a8   0x080112a8   0x000002a8   Code   RO         1558    .text               main_loop_simple.o
    0x08011550   0x08011550   0x00000224   Code   RO         1577    .text               pages.o
    0x08011774   0x08011774   0x00001a0c   Code   RO         1596    .text               edit.o
    0x08013180   0x08013180   0x0000005c   Code   RO         1622    .text               view.o
    0x080131dc   0x080131dc   0x000001c0   Code   RO         1655    .text               widget_factory.o
    0x0801339c   0x0801339c   0x00000186   Code   RO         1832    .text               tokenizer.o
    0x08013522   0x08013522   0x00000002   PAD
    0x08013524   0x08013524   0x0000022c   Code   RO         1844    .text               input_method.o
    0x08013750   0x08013750   0x0000007e   Code   RO         1874    .text               input_engine.o
    0x080137ce   0x080137ce   0x00000002   PAD
    0x080137d0   0x080137d0   0x00000158   Code   RO         1886    .text               spin_box.o
    0x08013928   0x08013928   0x00000388   Code   RO         1905    .text               dragger.o
    0x08013cb0   0x08013cb0   0x00000088   Code   RO         1924    .text               dialog_client.o
    0x08013d38   0x08013d38   0x00000080   Code   RO         1939    .text               dialog_title.o
    0x08013db8   0x08013db8   0x00000234   Code   RO         1954    .text               custom_props.o
    0x08013fec   0x08013fec   0x0000032c   Code   RO         1973    .text               awtk.o
    0x08014318   0x08014318   0x00000068   Code   RO         2006    .text               input_method_creator.o
    0x08014380   0x08014380   0x00000070   Code   RO         2022    .text               button_group.o
    0x080143f0   0x080143f0   0x0000028c   Code   RO         2040    .text               color_parser.o
    0x0801467c   0x0801467c   0x00000788   Code   RO         2058    .text               combo_box.o
    0x08014e04   0x08014e04   0x00000314   Code   RO         2084    .text               combo_box_item.o
    0x08015118   0x08015118   0x00000964   Code   RO         2099    .text               easing.o
    0x08015a7c   0x08015a7c   0x0000038c   Code   RO         2113    .text               fs.o
    0x08015e08   0x08015e08   0x000001f8   Code   RO         2172    .text               popup.o
    0x08016000   0x08016000   0x0000046c   Code   RO         2217    .text               tab_button.o
    0x0801646c   0x0801646c   0x000003d8   Code   RO         2236    .text               tab_button_group.o
    0x08016844   0x08016844   0x00000070   Code   RO         2254    .text               tab_control.o
    0x080168b4   0x080168b4   0x000000a2   Code   RO         2272    .text               ui_builder.o
    0x08016956   0x08016956   0x00000002   PAD
    0x08016958   0x08016958   0x00000818   Code   RO         2287    .text               vgcanvas.o
    0x08017170   0x08017170   0x000003e8   Code   RO         2299    .text               widget_animator.o
    0x08017558   0x08017558   0x00000164   Code   RO         2434    .text               ui_builder_default.o
    0x080176bc   0x080176bc   0x00000030   Code   RO         2454    .text               ui_loader.o
    0x080176ec   0x080176ec   0x0000011c   Code   RO         2466    .text               ui_loader_default.o
    0x08017808   0x08017808   0x0000009c   Code   RO         2534    .text               window_open.o
    0x080178a4   0x080178a4   0x00000234   Code   RO         2574    .text               color_tile.o
    0x08017ad8   0x08017ad8   0x00000264   Code   RO         2596    .text               assets_manager.o
    0x08017d3c   0x08017d3c   0x0000024c   Code   RO         2611    .text               locale_info.o
    0x08017f88   0x08017f88   0x00000344   Code   RO         2635    .text               path.o
    0x080182cc   0x080182cc   0x0000005c   Code   RO         2647    .text               app_bar.o
    0x08018328   0x08018328   0x0000005c   Code   RO         2665    .text               column.o
    0x08018384   0x08018384   0x0000005c   Code   RO         2683    .text               grid.o
    0x080183e0   0x080183e0   0x0000005c   Code   RO         2701    .text               row.o
    0x0801843c   0x0801843c   0x000002a8   Code   RO         2719    .text               calibration_win.o
    0x080186e4   0x080186e4   0x00000188   Code   RO         2737    .text               font_loader_bitmap.o
    0x0801886c   0x0801886c   0x0000002c   Code   RO         2751    .text               font_loader.o
    0x08018898   0x08018898   0x00000512   Code   RO         2763    .text               window_base.o
    0x08018daa   0x08018daa   0x00000006   Code   RO         2775    .text               widget_animator_factory_null.o
    0x08018db0   0x08018db0   0x00000018   Code   RO         2787    .text               time_now.o
    0x08018dc8   0x08018dc8   0x000000d4   Code   RO         2799    .text               style.o
    0x08018e9c   0x08018e9c   0x00000194   Code   RO         2814    .text               style_const.o
    0x08019030   0x08019030   0x00000034   Code   RO         2831    .text               style_factory.o
    0x08019064   0x08019064   0x0000033c   Code   RO         2848    .text               widget_animator_manager.o
    0x080193a0   0x080193a0   0x000000a0   Code   RO         2863    .text               clip_board_default.o
    0x08019440   0x08019440   0x00000104   Code   RO         2880    .text               clip_board.o
    0x08019544   0x08019544   0x000005c8   Code   RO         2894    .text               image_base.o
    0x08019b0c   0x08019b0c   0x000006ac   Code   RO         2906    .text               lcd_stm32_raw.o
    0x0801a1b8   0x0801a1b8   0x000000d8   Code   RO         2936    .text               main_loop_stm32_raw.o
    0x0801a290   0x0801a290   0x00000064   Code   RO         3036    .text               platform.o
    0x0801a2f4   0x0801a2f4   0x0000001c   Code   RO         3050    .text               mutex_null.o
    0x0801a310   0x0801a310   0x0000004c   Code   RO         3067    .text               sys_tick.o
    0x0801a35c   0x0801a35c   0x00000004   Code   RO         3081    .text               fs_os.o
    0x0801a360   0x0801a360   0x00000026   Code   RO         3093    .text               demo_main.o
    0x0801a386   0x0801a386   0x00000002   PAD
    0x0801a388   0x0801a388   0x00000588   Code   RO         3108    .text               demo1_app.o
    0x0801a910   0x0801a910   0x0000019c   Code   RO         3126    .text               assets-mini.o
    0x0801aaac   0x0801aaac   0x00000002   Code   RO         3176    .text               c_w.l(use_no_semi_2.o)
    0x0801aaae   0x0801aaae   0x00000002   PAD
    0x0801aab0   0x0801aab0   0x00000010   Code   RO         3178    .text               c_w.l(rt_ctype_table.o)
    0x0801aac0   0x0801aac0   0x0000001a   Code   RO         3180    .text               c_w.l(tolower.o)
    0x0801aada   0x0801aada   0x0000001e   Code   RO         3182    .text               c_w.l(toupper.o)
    0x0801aaf8   0x0801aaf8   0x00000034   Code   RO         3184    .text               c_w.l(vsnprintf.o)
    0x0801ab2c   0x0801ab2c   0x00000018   Code   RO         3186    .text               c_w.l(__2printf.o)
    0x0801ab44   0x0801ab44   0x00000078   Code   RO         3192    .text               c_w.l(_printf_dec.o)
    0x0801abbc   0x0801abbc   0x00000188   Code   RO         3211    .text               c_w.l(__printf_flags_ss_wp.o)
    0x0801ad44   0x0801ad44   0x00000034   Code   RO         3216    .text               c_w.l(vsscanf.o)
    0x0801ad78   0x0801ad78   0x00000050   Code   RO         3218    .text               c_w.l(bsearchnoex.o)
    0x0801adc8   0x0801adc8   0x00000014   Code   RO         3220    .text               c_w.l(strchr.o)
    0x0801addc   0x0801addc   0x00000024   Code   RO         3222    .text               c_w.l(strstr.o)
    0x0801ae00   0x0801ae00   0x00000058   Code   RO         3224    .text               c_w.l(memcmp.o)
    0x0801ae58   0x0801ae58   0x00000048   Code   RO         3226    .text               c_w.l(strcpy.o)
    0x0801aea0   0x0801aea0   0x00000016   Code   RO         3228    .text               c_w.l(strrchr.o)
    0x0801aeb6   0x0801aeb6   0x0000003e   Code   RO         3230    .text               c_w.l(strlen.o)
    0x0801aef4   0x0801aef4   0x00000012   Code   RO         3232    .text               c_w.l(wcscpy.o)
    0x0801af06   0x0801af06   0x00000018   Code   RO         3234    .text               c_w.l(wcscmp.o)
    0x0801af1e   0x0801af1e   0x00000016   Code   RO         3236    .text               c_w.l(wcschr.o)
    0x0801af34   0x0801af34   0x00000012   Code   RO         3238    .text               c_w.l(wcslen.o)
    0x0801af46   0x0801af46   0x00000096   Code   RO         3240    .text               c_w.l(strncmp.o)
    0x0801afdc   0x0801afdc   0x0000008a   Code   RO         3242    .text               c_w.l(rt_memcpy_v6.o)
    0x0801b066   0x0801b066   0x00000084   Code   RO         3244    .text               c_w.l(rt_memmove_v6.o)
    0x0801b0ea   0x0801b0ea   0x00000064   Code   RO         3246    .text               c_w.l(rt_memcpy_w.o)
    0x0801b14e   0x0801b14e   0x00000044   Code   RO         3248    .text               c_w.l(rt_memclr.o)
    0x0801b192   0x0801b192   0x0000004e   Code   RO         3250    .text               c_w.l(rt_memclr_w.o)
    0x0801b1e0   0x0801b1e0   0x00000056   Code   RO         3252    .text               c_w.l(strncpy.o)
    0x0801b236   0x0801b236   0x00000002   PAD
    0x0801b238   0x0801b238   0x00000080   Code   RO         3254    .text               c_w.l(strcmpv7m.o)
    0x0801b2b8   0x0801b2b8   0x00000006   Code   RO         3256    .text               c_w.l(heapauxi.o)
    0x0801b2be   0x0801b2be   0x00000002   Code   RO         3368    .text               c_w.l(use_no_semi.o)
    0x0801b2c0   0x0801b2c0   0x00000008   Code   RO         3374    .text               c_w.l(rt_locale_intlibspace.o)
    0x0801b2c8   0x0801b2c8   0x00000016   Code   RO         3376    .text               c_w.l(_rserrno.o)
    0x0801b2de   0x0801b2de   0x0000004e   Code   RO         3378    .text               c_w.l(_printf_pad.o)
    0x0801b32c   0x0801b32c   0x00000024   Code   RO         3380    .text               c_w.l(_printf_truncate.o)
    0x0801b350   0x0801b350   0x00000052   Code   RO         3382    .text               c_w.l(_printf_str.o)
    0x0801b3a2   0x0801b3a2   0x000000b2   Code   RO         3384    .text               c_w.l(_printf_intcommon.o)
    0x0801b454   0x0801b454   0x00000028   Code   RO         3386    .text               c_w.l(_printf_charcount.o)
    0x0801b47c   0x0801b47c   0x00000030   Code   RO         3388    .text               c_w.l(_printf_char_common.o)
    0x0801b4ac   0x0801b4ac   0x0000000a   Code   RO         3390    .text               c_w.l(_sputc.o)
    0x0801b4b6   0x0801b4b6   0x00000010   Code   RO         3392    .text               c_w.l(_snputc.o)
    0x0801b4c6   0x0801b4c6   0x00000002   PAD
    0x0801b4c8   0x0801b4c8   0x00000024   Code   RO         3394    .text               c_w.l(_printf_char_file.o)
    0x0801b4ec   0x0801b4ec   0x000000bc   Code   RO         3396    .text               c_w.l(_printf_wctomb.o)
    0x0801b5a8   0x0801b5a8   0x0000007c   Code   RO         3399    .text               c_w.l(_printf_longlong_dec.o)
    0x0801b624   0x0801b624   0x00000070   Code   RO         3405    .text               c_w.l(_printf_oct_int_ll.o)
    0x0801b694   0x0801b694   0x00000094   Code   RO         3425    .text               c_w.l(_printf_hex_int_ll_ptr.o)
    0x0801b728   0x0801b728   0x00000156   Code   RO         3450    .text               c_w.l(_scanf_longlong.o)
    0x0801b87e   0x0801b87e   0x0000014c   Code   RO         3452    .text               c_w.l(_scanf_int.o)
    0x0801b9ca   0x0801b9ca   0x000000e0   Code   RO         3454    .text               c_w.l(_scanf_str.o)
    0x0801baaa   0x0801baaa   0x00000002   PAD
    0x0801baac   0x0801baac   0x0000002c   Code   RO         3456    .text               c_w.l(scanf_char.o)
    0x0801bad8   0x0801bad8   0x00000040   Code   RO         3458    .text               c_w.l(_sgetc.o)
    0x0801bb18   0x0801bb18   0x00000114   Code   RO         3460    .text               c_w.l(_scanf_mbtowc.o)
    0x0801bc2c   0x0801bc2c   0x000000e8   Code   RO         3462    .text               c_w.l(_scanf_wctomb.o)
    0x0801bd14   0x0801bd14   0x000000d0   Code   RO         3464    .text               c_w.l(_scanf_wstr.o)
    0x0801bde4   0x0801bde4   0x0000007a   Code   RO         3469    .text               c_w.l(rt_memmove_w.o)
    0x0801be5e   0x0801be5e   0x00000002   PAD
    0x0801be60   0x0801be60   0x00000008   Code   RO         3531    .text               c_w.l(libspace.o)
    0x0801be68   0x0801be68   0x00000008   Code   RO         3552    .text               c_w.l(rt_errno_addr_intlibspace.o)
    0x0801be70   0x0801be70   0x0000008a   Code   RO         3554    .text               c_w.l(lludiv10.o)
    0x0801befa   0x0801befa   0x00000012   Code   RO         3556    .text               c_w.l(isspace.o)
    0x0801bf0c   0x0801bf0c   0x0000041e   Code   RO         3558    .text               c_w.l(_printf_fp_dec.o)
    0x0801c32a   0x0801c32a   0x00000002   PAD
    0x0801c32c   0x0801c32c   0x000002fc   Code   RO         3560    .text               c_w.l(_printf_fp_hex.o)
    0x0801c628   0x0801c628   0x0000002c   Code   RO         3565    .text               c_w.l(_printf_char.o)
    0x0801c654   0x0801c654   0x0000002c   Code   RO         3567    .text               c_w.l(_printf_wchar.o)
    0x0801c680   0x0801c680   0x0000001c   Code   RO         3569    .text               c_w.l(_chval.o)
    0x0801c69c   0x0801c69c   0x00000374   Code   RO         3571    .text               c_w.l(_scanf.o)
    0x0801ca10   0x0801ca10   0x000004f8   Code   RO         3573    .text               c_w.l(scanf_fp.o)
    0x0801cf08   0x0801cf08   0x0000001e   Code   RO         3575    .text               c_w.l(_scanf_wcharmap.o)
    0x0801cf26   0x0801cf26   0x00000008   Code   RO         3577    .text               c_w.l(ferror.o)
    0x0801cf2e   0x0801cf2e   0x0000003c   Code   RO         3581    .text               c_w.l(_mbrtowc.o)
    0x0801cf6a   0x0801cf6a   0x00000040   Code   RO         3583    .text               c_w.l(_wcrtomb.o)
    0x0801cfaa   0x0801cfaa   0x0000004a   Code   RO         3632    .text               c_w.l(sys_stackheap_outer.o)
    0x0801cff4   0x0801cff4   0x00000080   Code   RO         3634    .text               c_w.l(_printf_fp_infnan.o)
    0x0801d074   0x0801d074   0x000000e4   Code   RO         3636    .text               c_w.l(bigflt0.o)
    0x0801d158   0x0801d158   0x00000012   Code   RO         3664    .text               c_w.l(exit.o)
    0x0801d16a   0x0801d16a   0x00000002   PAD
    0x0801d16c   0x0801d16c   0x00000320   Code   RO         3698    .text               c_w.l(scanf_hexfp.o)
    0x0801d48c   0x0801d48c   0x00000134   Code   RO         3700    .text               c_w.l(scanf_infnan.o)
    0x0801d5c0   0x0801d5c0   0x00000026   Code   RO         3723    .text               c_w.l(llshl.o)
    0x0801d5e6   0x0801d5e6   0x0000003e   Code   RO         3639    CL$$btod_d2e        c_w.l(btod.o)
    0x0801d624   0x0801d624   0x00000046   Code   RO         3641    CL$$btod_d2e_denorm_low  c_w.l(btod.o)
    0x0801d66a   0x0801d66a   0x00000060   Code   RO         3640    CL$$btod_d2e_norm_op1  c_w.l(btod.o)
    0x0801d6ca   0x0801d6ca   0x00000338   Code   RO         3649    CL$$btod_div_common  c_w.l(btod.o)
    0x0801da02   0x0801da02   0x00000002   PAD
    0x0801da04   0x0801da04   0x00000084   Code   RO         3647    CL$$btod_e2d        c_w.l(btod.o)
    0x0801da88   0x0801da88   0x000000dc   Code   RO         3646    CL$$btod_e2e        c_w.l(btod.o)
    0x0801db64   0x0801db64   0x0000002a   Code   RO         3643    CL$$btod_ediv       c_w.l(btod.o)
    0x0801db8e   0x0801db8e   0x0000002a   Code   RO         3645    CL$$btod_edivd      c_w.l(btod.o)
    0x0801dbb8   0x0801dbb8   0x0000002a   Code   RO         3642    CL$$btod_emul       c_w.l(btod.o)
    0x0801dbe2   0x0801dbe2   0x0000002a   Code   RO         3644    CL$$btod_emuld      c_w.l(btod.o)
    0x0801dc0c   0x0801dc0c   0x00000244   Code   RO         3648    CL$$btod_mult_common  c_w.l(btod.o)
    0x0801de50   0x0801de50   0x00000028   Code   RO         3515    i.__ARM_fpclassify  m_ws.l(fpclassify.o)
    0x0801de78   0x0801de78   0x00000388   Code   RO         3520    i.__ieee754_rem_pio2  m_ws.l(rred.o)
    0x0801e200   0x0801e200   0x000000fc   Code   RO         3498    i.__kernel_cos      m_ws.l(cos_i.o)
    0x0801e2fc   0x0801e2fc   0x000000aa   Code   RO         3517    i.__kernel_poly     m_ws.l(poly.o)
    0x0801e3a6   0x0801e3a6   0x00000002   PAD
    0x0801e3a8   0x0801e3a8   0x000000ec   Code   RO         3525    i.__kernel_sin      m_ws.l(sin_i.o)
    0x0801e494   0x0801e494   0x00000010   Code   RO         3501    i.__mathlib_dbl_divzero  m_ws.l(dunder.o)
    0x0801e4a4   0x0801e4a4   0x00000006   Code   RO         3502    i.__mathlib_dbl_infnan  m_ws.l(dunder.o)
    0x0801e4aa   0x0801e4aa   0x00000004   Code   RO         3503    i.__mathlib_dbl_infnan2  m_ws.l(dunder.o)
    0x0801e4ae   0x0801e4ae   0x0000000c   Code   RO         3504    i.__mathlib_dbl_invalid  m_ws.l(dunder.o)
    0x0801e4ba   0x0801e4ba   0x0000000e   Code   RO         3505    i.__mathlib_dbl_overflow  m_ws.l(dunder.o)
    0x0801e4c8   0x0801e4c8   0x00000010   Code   RO         3507    i.__mathlib_dbl_underflow  m_ws.l(dunder.o)
    0x0801e4d8   0x0801e4d8   0x00000010   Code   RO         3690    i.__mathlib_narrow  m_ws.l(narrow.o)
    0x0801e4e8   0x0801e4e8   0x000000bc   Code   RO         3691    i.__mathlib_tofloat  m_ws.l(narrow.o)
    0x0801e5a4   0x0801e5a4   0x00000016   Code   RO         3730    i.__support_ldexp   m_ws.l(ldexp.o)
    0x0801e5ba   0x0801e5ba   0x0000000e   Code   RO         3204    i._is_digit         c_w.l(__printf_wp.o)
    0x0801e5c8   0x0801e5c8   0x0000009c   Code   RO         3331    i.cos               m_ws.l(cos.o)
    0x0801e664   0x0801e664   0x000000dc   Code   RO         3339    i.floor             m_ws.l(floor.o)
    0x0801e740   0x0801e740   0x00000058   Code   RO         3709    i.frexp             m_ws.l(frexp.o)
    0x0801e798   0x0801e798   0x00000074   Code   RO         3731    i.ldexp             m_ws.l(ldexp.o)
    0x0801e80c   0x0801e80c   0x000009d8   Code   RO         3343    i.pow               m_ws.l(pow.o)
    0x0801f1e4   0x0801f1e4   0x000000a0   Code   RO         3353    i.sin               m_ws.l(sin.o)
    0x0801f284   0x0801f284   0x0000004c   Code   RO         3361    i.sqrt              m_ws.l(sqrt.o)
    0x0801f2d0   0x0801f2d0   0x0000002c   Code   RO         3467    locale$$code        c_w.l(lc_ctype_c.o)
    0x0801f2fc   0x0801f2fc   0x0000002c   Code   RO         3662    locale$$code        c_w.l(lc_numeric_c.o)
    0x0801f328   0x0801f328   0x00000062   Code   RO         3260    x$fpl$d2f           fz_ws.l(d2f.o)
    0x0801f38a   0x0801f38a   0x00000002   PAD
    0x0801f38c   0x0801f38c   0x00000150   Code   RO         3262    x$fpl$dadd          fz_ws.l(daddsub_clz.o)
    0x0801f4dc   0x0801f4dc   0x00000010   Code   RO         3630    x$fpl$dcheck1       fz_ws.l(dcheck1.o)
    0x0801f4ec   0x0801f4ec   0x00000018   Code   RO         3471    x$fpl$dcmpinf       fz_ws.l(dcmpi.o)
    0x0801f504   0x0801f504   0x000002b0   Code   RO         3269    x$fpl$ddiv          fz_ws.l(ddiv.o)
    0x0801f7b4   0x0801f7b4   0x00000078   Code   RO         3272    x$fpl$deqf          fz_ws.l(deqf.o)
    0x0801f82c   0x0801f82c   0x0000005e   Code   RO         3274    x$fpl$dfix          fz_ws.l(dfix.o)
    0x0801f88a   0x0801f88a   0x00000002   PAD
    0x0801f88c   0x0801f88c   0x0000005a   Code   RO         3278    x$fpl$dfixu         fz_ws.l(dfixu.o)
    0x0801f8e6   0x0801f8e6   0x0000002e   Code   RO         3283    x$fpl$dflt          fz_ws.l(dflt_clz.o)
    0x0801f914   0x0801f914   0x00000026   Code   RO         3282    x$fpl$dfltu         fz_ws.l(dflt_clz.o)
    0x0801f93a   0x0801f93a   0x00000002   PAD
    0x0801f93c   0x0801f93c   0x00000078   Code   RO         3288    x$fpl$dleqf         fz_ws.l(dleqf.o)
    0x0801f9b4   0x0801f9b4   0x00000154   Code   RO         3290    x$fpl$dmul          fz_ws.l(dmul.o)
    0x0801fb08   0x0801fb08   0x0000009c   Code   RO         3473    x$fpl$dnaninf       fz_ws.l(dnaninf.o)
    0x0801fba4   0x0801fba4   0x0000000c   Code   RO         3475    x$fpl$dretinf       fz_ws.l(dretinf.o)
    0x0801fbb0   0x0801fbb0   0x0000006c   Code   RO         3292    x$fpl$drleqf        fz_ws.l(drleqf.o)
    0x0801fc1c   0x0801fc1c   0x00000016   Code   RO         3263    x$fpl$drsb          fz_ws.l(daddsub_clz.o)
    0x0801fc32   0x0801fc32   0x00000002   PAD
    0x0801fc34   0x0801fc34   0x000001cc   Code   RO         3477    x$fpl$dsqrt         fz_ws.l(dsqrt_noumaal.o)
    0x0801fe00   0x0801fe00   0x000001d4   Code   RO         3264    x$fpl$dsub          fz_ws.l(daddsub_clz.o)
    0x0801ffd4   0x0801ffd4   0x00000056   Code   RO         3294    x$fpl$f2d           fz_ws.l(f2d.o)
    0x0802002a   0x0802002a   0x00000002   PAD
    0x0802002c   0x0802002c   0x000000c4   Code   RO         3296    x$fpl$fadd          fz_ws.l(faddsub_clz.o)
    0x080200f0   0x080200f0   0x00000018   Code   RO         3479    x$fpl$fcmpinf       fz_ws.l(fcmpi.o)
    0x08020108   0x08020108   0x00000184   Code   RO         3303    x$fpl$fdiv          fz_ws.l(fdiv.o)
    0x0802028c   0x0802028c   0x00000068   Code   RO         3306    x$fpl$feqf          fz_ws.l(feqf.o)
    0x080202f4   0x080202f4   0x00000036   Code   RO         3308    x$fpl$ffix          fz_ws.l(ffix.o)
    0x0802032a   0x0802032a   0x00000002   PAD
    0x0802032c   0x0802032c   0x0000003e   Code   RO         3312    x$fpl$ffixu         fz_ws.l(ffixu.o)
    0x0802036a   0x0802036a   0x00000002   PAD
    0x0802036c   0x0802036c   0x00000030   Code   RO         3317    x$fpl$fflt          fz_ws.l(fflt_clz.o)
    0x0802039c   0x0802039c   0x00000060   Code   RO         3322    x$fpl$ffltll        fz_ws.l(ffltll_clz.o)
    0x080203fc   0x080203fc   0x00000026   Code   RO         3316    x$fpl$ffltu         fz_ws.l(fflt_clz.o)
    0x08020422   0x08020422   0x00000002   PAD
    0x08020424   0x08020424   0x00000068   Code   RO         3324    x$fpl$fleqf         fz_ws.l(fleqf.o)
    0x0802048c   0x0802048c   0x00000102   Code   RO         3326    x$fpl$fmul          fz_ws.l(fmul.o)
    0x0802058e   0x0802058e   0x0000008c   Code   RO         3481    x$fpl$fnaninf       fz_ws.l(fnaninf.o)
    0x0802061a   0x0802061a   0x0000000a   Code   RO         3483    x$fpl$fretinf       fz_ws.l(fretinf.o)
    0x08020624   0x08020624   0x00000062   Code   RO         3328    x$fpl$frleqf        fz_ws.l(frleqf.o)
    0x08020686   0x08020686   0x00000014   Code   RO         3297    x$fpl$frsb          fz_ws.l(faddsub_clz.o)
    0x0802069a   0x0802069a   0x00000002   PAD
    0x0802069c   0x0802069c   0x000000ea   Code   RO         3298    x$fpl$fsub          fz_ws.l(faddsub_clz.o)
    0x08020786   0x08020786   0x00000006   Code   RO         3680    x$fpl$ieeestatus    fz_ws.l(istatus.o)
    0x0802078c   0x0802078c   0x00000004   Code   RO         3485    x$fpl$printf1       fz_ws.l(printf1.o)
    0x08020790   0x08020790   0x00000004   Code   RO         3487    x$fpl$printf2       fz_ws.l(printf2.o)
    0x08020794   0x08020794   0x00000064   Code   RO         3682    x$fpl$retnan        fz_ws.l(retnan.o)
    0x080207f8   0x080207f8   0x0000005c   Code   RO         3493    x$fpl$scalbn        fz_ws.l(scalbn.o)
    0x08020854   0x08020854   0x00000004   Code   RO         3495    x$fpl$scanf1        fz_ws.l(scanf1.o)
    0x08020858   0x08020858   0x00000008   Code   RO         3684    x$fpl$scanf2        fz_ws.l(scanf2.o)
    0x08020860   0x08020860   0x00000030   Code   RO         3706    x$fpl$trapveneer    fz_ws.l(trapv.o)
    0x08020890   0x08020890   0x00000000   Code   RO         3497    x$fpl$usenofp       fz_ws.l(usenofp.o)
    0x08020890   0x08020890   0x00000018   Data   RO          513    .constdata          rtc.o
    0x080208a8   0x080208a8   0x00000948   Data   RO          570    .constdata          gui.o
    0x080211f0   0x080211f0   0x00000025   Data   RO          605    .constdata          array.o
    0x08021215   0x08021215   0x00000003   PAD
    0x08021218   0x08021218   0x00000044   Data   RO          652    .constdata          bitmap.o
    0x0802125c   0x0802125c   0x00000072   Data   RO          692    .constdata          button_1.o
    0x080212ce   0x080212ce   0x00000002   PAD
    0x080212d0   0x080212d0   0x000000f6   Data   RO          837    .constdata          check_button.o
    0x080213c6   0x080213c6   0x00000002   PAD
    0x080213c8   0x080213c8   0x00000072   Data   RO          874    .constdata          dialog.o
    0x0802143a   0x0802143a   0x0000001a   Data   RO          929    .constdata          emitter.o
    0x08021454   0x08021454   0x000004bc   Data   RO          951    .constdata          enums.o
    0x08021910   0x08021910   0x00000014   Data   RO          990    .constdata          font_manager.o
    0x08021924   0x08021924   0x00000075   Data   RO         1005    .constdata          group_box.o
    0x08021999   0x08021999   0x00000003   PAD
    0x0802199c   0x0802199c   0x00000071   Data   RO         1023    .constdata          image.o
    0x08021a0d   0x08021a0d   0x00000027   Data   RO         1045    .constdata          image_manager.o
    0x08021a34   0x08021a34   0x00000071   Data   RO         1066    .constdata          label.o
    0x08021aa5   0x08021aa5   0x00000003   PAD
    0x08021aa8   0x08021aa8   0x00000078   Data   RO         1124    .constdata          progress_bar.o
    0x08021b20   0x08021b20   0x0000000d   Data   RO         1155    .constdata          theme.o
    0x08021b2d   0x08021b2d   0x00000003   PAD
    0x08021b30   0x08021b30   0x00000104   Data   RO         1170    .constdata          utf8.o
    0x08021c34   0x08021c34   0x0000000d   Data   RO         1185    .constdata          value.o
    0x08021c41   0x08021c41   0x0000000d   Data   RO         1201    .constdata          widget.o
    0x08021c4e   0x08021c4e   0x00000002   PAD
    0x08021c50   0x08021c50   0x00000064   Data   RO         1298    .constdata          widget_vtable.o
    0x08021cb4   0x08021cb4   0x00000072   Data   RO         1312    .constdata          window.o
    0x08021d26   0x08021d26   0x00000002   PAD
    0x08021d28   0x08021d28   0x000000a0   Data   RO         1331    .constdata          window_manager.o
    0x08021dc8   0x08021dc8   0x00000014   Data   RO         1356    .constdata          wstr.o
    0x08021ddc   0x08021ddc   0x00000017   Data   RO         1369    .constdata          utils.o
    0x08021df3   0x08021df3   0x00000027   Data   RO         1409    .constdata          timer.o
    0x08021e1a   0x08021e1a   0x00000032   Data   RO         1424    .constdata          layout.o
    0x08021e4c   0x08021e4c   0x00000013   Data   RO         1440    .constdata          event_queue.o
    0x08021e5f   0x08021e5f   0x00000001   PAD
    0x08021e60   0x08021e60   0x00000072   Data   RO         1462    .constdata          slider.o
    0x08021ed2   0x08021ed2   0x00000025   Data   RO         1505    .constdata          idle.o
    0x08021ef7   0x08021ef7   0x00000017   Data   RO         1546    .constdata          str.o
    0x08021f0e   0x08021f0e   0x00000002   PAD
    0x08021f10   0x08021f10   0x00000071   Data   RO         1578    .constdata          pages.o
    0x08021f81   0x08021f81   0x00000003   PAD
    0x08021f84   0x08021f84   0x00000073   Data   RO         1597    .constdata          edit.o
    0x08021ff7   0x08021ff7   0x00000001   PAD
    0x08021ff8   0x08021ff8   0x00000070   Data   RO         1623    .constdata          view.o
    0x08022068   0x08022068   0x0000048a   Data   RO         1656    .constdata          widget_factory.o
    0x080224f2   0x080224f2   0x00000002   PAD
    0x080224f4   0x080224f4   0x00000064   Data   RO         1887    .constdata          spin_box.o
    0x08022558   0x08022558   0x00000073   Data   RO         1906    .constdata          dragger.o
    0x080225cb   0x080225cb   0x00000001   PAD
    0x080225cc   0x080225cc   0x00000079   Data   RO         1925    .constdata          dialog_client.o
    0x08022645   0x08022645   0x00000003   PAD
    0x08022648   0x08022648   0x00000078   Data   RO         1940    .constdata          dialog_title.o
    0x080226c0   0x080226c0   0x00000028   Data   RO         1955    .constdata          custom_props.o
    0x080226e8   0x080226e8   0x00000019   Data   RO         2007    .constdata          input_method_creator.o
    0x08022701   0x08022701   0x00000003   PAD
    0x08022704   0x08022704   0x00000078   Data   RO         2023    .constdata          button_group.o
    0x0802277c   0x0802277c   0x00000092   Data   RO         2059    .constdata          combo_box.o
    0x0802280e   0x0802280e   0x00000002   PAD
    0x08022810   0x08022810   0x0000007a   Data   RO         2085    .constdata          combo_box_item.o
    0x0802288a   0x0802288a   0x00000002   PAD
    0x0802288c   0x0802288c   0x00000060   Data   RO         2100    .constdata          easing.o
    0x080228ec   0x080228ec   0x0000000a   Data   RO         2114    .constdata          fs.o
    0x080228f6   0x080228f6   0x00000002   PAD
    0x080228f8   0x080228f8   0x00000071   Data   RO         2173    .constdata          popup.o
    0x08022969   0x08022969   0x00000003   PAD
    0x0802296c   0x0802296c   0x00000076   Data   RO         2218    .constdata          tab_button.o
    0x080229e2   0x080229e2   0x00000002   PAD
    0x080229e4   0x080229e4   0x0000007c   Data   RO         2237    .constdata          tab_button_group.o
    0x08022a60   0x08022a60   0x00000077   Data   RO         2255    .constdata          tab_control.o
    0x08022ad7   0x08022ad7   0x00000001   PAD
    0x08022ad8   0x08022ad8   0x00000004   Data   RO         2467    .constdata          ui_loader_default.o
    0x08022adc   0x08022adc   0x00000076   Data   RO         2575    .constdata          color_tile.o
    0x08022b52   0x08022b52   0x00000016   Data   RO         2597    .constdata          assets_manager.o
    0x08022b68   0x08022b68   0x00000013   Data   RO         2612    .constdata          locale_info.o
    0x08022b7b   0x08022b7b   0x00000001   PAD
    0x08022b7c   0x08022b7c   0x00000073   Data   RO         2648    .constdata          app_bar.o
    0x08022bef   0x08022bef   0x00000001   PAD
    0x08022bf0   0x08022bf0   0x00000072   Data   RO         2666    .constdata          column.o
    0x08022c62   0x08022c62   0x00000002   PAD
    0x08022c64   0x08022c64   0x00000070   Data   RO         2684    .constdata          grid.o
    0x08022cd4   0x08022cd4   0x0000006f   Data   RO         2702    .constdata          row.o
    0x08022d43   0x08022d43   0x00000001   PAD
    0x08022d44   0x08022d44   0x0000007b   Data   RO         2720    .constdata          calibration_win.o
    0x08022dbf   0x08022dbf   0x00000013   Data   RO         2738    .constdata          font_loader_bitmap.o
    0x08022dd2   0x08022dd2   0x00000002   PAD
    0x08022dd4   0x08022dd4   0x0000002b   Data   RO         2815    .constdata          style_const.o
    0x08022dff   0x08022dff   0x0000001f   Data   RO         2849    .constdata          widget_animator_manager.o
    0x08022e1e   0x08022e1e   0x00000002   PAD
    0x08022e20   0x08022e20   0x0000002a   Data   RO         2864    .constdata          clip_board_default.o
    0x08022e4a   0x08022e4a   0x0000000f   Data   RO         2907    .constdata          lcd_stm32_raw.o
    0x08022e59   0x08022e59   0x0001e0a0   Data   RO         3127    .constdata          assets-mini.o
    0x08040ef9   0x08040ef9   0x00000011   Data   RO         3212    .constdata          c_w.l(__printf_flags_ss_wp.o)
    0x08040f0a   0x08040f0a   0x00000006   PAD
    0x08040f10   0x08040f10   0x00000088   Data   RO         3344    .constdata          m_ws.l(pow.o)
    0x08040f98   0x08040f98   0x00000008   Data   RO         3397    .constdata          c_w.l(_printf_wctomb.o)
    0x08040fa0   0x08040fa0   0x00000028   Data   RO         3426    .constdata          c_w.l(_printf_hex_int_ll_ptr.o)
    0x08040fc8   0x08040fc8   0x00000030   Data   RO         3499    .constdata          m_ws.l(cos_i.o)
    0x08040ff8   0x08040ff8   0x00000008   Data   RO         3519    .constdata          m_ws.l(qnan.o)
    0x08041000   0x08041000   0x000000c8   Data   RO         3522    .constdata          m_ws.l(rred.o)
    0x080410c8   0x080410c8   0x00000028   Data   RO         3526    .constdata          m_ws.l(sin_i.o)
    0x080410f0   0x080410f0   0x00000026   Data   RO         3561    .constdata          c_w.l(_printf_fp_hex.o)
    0x08041116   0x08041116   0x00000002   PAD
    0x08041118   0x08041118   0x00000094   Data   RO         3637    .constdata          c_w.l(bigflt0.o)
    0x080411ac   0x080411ac   0x0000000f   Data   RO          693    .conststring        button_1.o
    0x080411bb   0x080411bb   0x00000001   PAD
    0x080411bc   0x080411bc   0x00000025   Data   RO          838    .conststring        check_button.o
    0x080411e1   0x080411e1   0x00000003   PAD
    0x080411e4   0x080411e4   0x00000043   Data   RO          875    .conststring        dialog.o
    0x08041227   0x08041227   0x00000001   PAD
    0x08041228   0x08041228   0x0000045e   Data   RO          952    .conststring        enums.o
    0x08041686   0x08041686   0x00000002   PAD
    0x08041688   0x08041688   0x0000000a   Data   RO         1006    .conststring        group_box.o
    0x08041692   0x08041692   0x00000002   PAD
    0x08041694   0x08041694   0x00000055   Data   RO         1024    .conststring        image.o
    0x080416e9   0x080416e9   0x00000003   PAD
    0x080416ec   0x080416ec   0x00000006   Data   RO         1067    .conststring        label.o
    0x080416f2   0x080416f2   0x00000002   PAD
    0x080416f4   0x080416f4   0x00000026   Data   RO         1125    .conststring        progress_bar.o
    0x0804171a   0x0804171a   0x00000002   PAD
    0x0804171c   0x0804171c   0x00000007   Data   RO         1313    .conststring        window.o
    0x08041723   0x08041723   0x00000001   PAD
    0x08041724   0x08041724   0x0000000f   Data   RO         1332    .conststring        window_manager.o
    0x08041733   0x08041733   0x00000001   PAD
    0x08041734   0x08041734   0x00000018   Data   RO         1463    .conststring        slider.o
    0x0804174c   0x0804174c   0x00000006   Data   RO         1579    .conststring        pages.o
    0x08041752   0x08041752   0x00000002   PAD
    0x08041754   0x08041754   0x0000007d   Data   RO         1598    .conststring        edit.o
    0x080417d1   0x080417d1   0x00000003   PAD
    0x080417d4   0x080417d4   0x00000005   Data   RO         1624    .conststring        view.o
    0x080417d9   0x080417d9   0x00000003   PAD
    0x080417dc   0x080417dc   0x00000009   Data   RO         1888    .conststring        spin_box.o
    0x080417e5   0x080417e5   0x00000003   PAD
    0x080417e8   0x080417e8   0x00000026   Data   RO         1907    .conststring        dragger.o
    0x0804180e   0x0804180e   0x00000002   PAD
    0x08041810   0x08041810   0x0000000e   Data   RO         1926    .conststring        dialog_client.o
    0x0804181e   0x0804181e   0x00000002   PAD
    0x08041820   0x08041820   0x0000000d   Data   RO         1941    .conststring        dialog_title.o
    0x0804182d   0x0804182d   0x00000003   PAD
    0x08041830   0x08041830   0x00000a61   Data   RO         2041    .conststring        color_parser.o
    0x08042291   0x08042291   0x00000003   PAD
    0x08042294   0x08042294   0x00000026   Data   RO         2060    .conststring        combo_box.o
    0x080422ba   0x080422ba   0x00000002   PAD
    0x080422bc   0x080422bc   0x0000000f   Data   RO         2086    .conststring        combo_box_item.o
    0x080422cb   0x080422cb   0x00000001   PAD
    0x080422cc   0x080422cc   0x00000036   Data   RO         2174    .conststring        popup.o
    0x08042302   0x08042302   0x00000002   PAD
    0x08042304   0x08042304   0x0000000b   Data   RO         2219    .conststring        tab_button.o
    0x0804230f   0x0804230f   0x00000001   PAD
    0x08042310   0x08042310   0x00000011   Data   RO         2238    .conststring        tab_button_group.o
    0x08042321   0x08042321   0x00000003   PAD
    0x08042324   0x08042324   0x0000000c   Data   RO         2256    .conststring        tab_control.o
    0x08042330   0x08042330   0x0000000b   Data   RO         2576    .conststring        color_tile.o
    0x0804233b   0x0804233b   0x00000001   PAD
    0x0804233c   0x0804233c   0x00000008   Data   RO         2649    .conststring        app_bar.o
    0x08042344   0x08042344   0x00000007   Data   RO         2667    .conststring        column.o
    0x0804234b   0x0804234b   0x00000001   PAD
    0x0804234c   0x0804234c   0x00000004   Data   RO         2685    .conststring        grid.o
    0x08042350   0x08042350   0x00000010   Data   RO         2721    .conststring        calibration_win.o
    0x08042360   0x08042360   0x00000020   Data   RO         3791    Region$$Table       anon$$obj.o
    0x08042380   0x08042380   0x00000008   Data   RO         3674    c$$dinf             fz_ws.l(fpconst.o)
    0x08042388   0x08042388   0x00000008   Data   RO         3677    c$$dmax             fz_ws.l(fpconst.o)
    0x08042390   0x08042390   0x00000110   Data   RO         3466    locale$$data        c_w.l(lc_ctype_c.o)
    0x080424a0   0x080424a0   0x0000001c   Data   RO         3661    locale$$data        c_w.l(lc_numeric_c.o)


    Execution Region RW_IRAM1 (Exec base: 0x20000000, Load base: 0x080424bc, Size: 0x00003e68, Max: 0x00010000, ABSOLUTE, COMPRESSED[0x000003f4])

    Exec Addr    Load Addr    Size         Type   Attr      Idx    E Section Name        Object

    0x20000000   COMPRESSED   0x00000014   Data   RW          105    .data               system_stm32f10x.o
    0x20000014   COMPRESSED   0x00000006   Data   RW          218    .data               usart.o
    0x2000001a   COMPRESSED   0x00000014   Data   RW          282    .data               stm32f10x_rcc.o
    0x2000002e   COMPRESSED   0x00000001   Data   RW          452    .data               led.o
    0x2000002f   COMPRESSED   0x00000001   Data   RW          480    .data               button.o
    0x20000030   COMPRESSED   0x00000004   Data   RW          493    .data               tim.o
    0x20000034   COMPRESSED   0x0000000a   Data   RW          514    .data               rtc.o
    0x2000003e   COMPRESSED   0x00000008   Data   RW          537    .data               touch.o
    0x20000046   COMPRESSED   0x00000002   PAD
    0x20000048   COMPRESSED   0x00000008   Data   RW          694    .data               button_1.o
    0x20000050   COMPRESSED   0x00000008   Data   RW          839    .data               check_button.o
    0x20000058   COMPRESSED   0x00000018   Data   RW          876    .data               dialog.o
    0x20000070   COMPRESSED   0x00000004   Data   RW          991    .data               font_manager.o
    0x20000074   COMPRESSED   0x00000028   Data   RW         1025    .data               image.o
    0x2000009c   COMPRESSED   0x00000004   Data   RW         1046    .data               image_manager.o
    0x200000a0   COMPRESSED   0x00000004   Data   RW         1093    .data               main_loop.o
    0x200000a4   COMPRESSED   0x00000010   Data   RW         1126    .data               progress_bar.o
    0x200000b4   COMPRESSED   0x00000004   Data   RW         1156    .data               theme.o
    0x200000b8   COMPRESSED   0x00000018   Data   RW         1314    .data               window.o
    0x200000d0   COMPRESSED   0x00000004   Data   RW         1333    .data               window_manager.o
    0x200000d4   COMPRESSED   0x00000004   Data   RW         1410    .data               timer.o
    0x200000d8   COMPRESSED   0x00000018   Data   RW         1464    .data               slider.o
    0x200000f0   COMPRESSED   0x00000004   Data   RW         1506    .data               idle.o
    0x200000f4   COMPRESSED   0x00000008   Data   RW         1580    .data               pages.o
    0x200000fc   COMPRESSED   0x00000038   Data   RW         1599    .data               edit.o
    0x20000134   COMPRESSED   0x00000004   Data   RW         1657    .data               widget_factory.o
    0x20000138   COMPRESSED   0x00000004   Data   RW         1845    .data               input_method.o
    0x2000013c   COMPRESSED   0x00000014   Data   RW         1908    .data               dragger.o
    0x20000150   COMPRESSED   0x00000460   Data   RW         2042    .data               color_parser.o
    0x200005b0   COMPRESSED   0x0000003c   Data   RW         2061    .data               combo_box.o
    0x200005ec   COMPRESSED   0x00000020   Data   RW         2175    .data               popup.o
    0x2000060c   COMPRESSED   0x00000008   Data   RW         2220    .data               tab_button.o
    0x20000614   COMPRESSED   0x0000000c   Data   RW         2577    .data               color_tile.o
    0x20000620   COMPRESSED   0x00000004   Data   RW         2598    .data               assets_manager.o
    0x20000624   COMPRESSED   0x00000004   Data   RW         2613    .data               locale_info.o
    0x20000628   COMPRESSED   0x00000008   Data   RW         2739    .data               font_loader_bitmap.o
    0x20000630   COMPRESSED   0x00000004   Data   RW         2832    .data               style_factory.o
    0x20000634   COMPRESSED   0x00000004   Data   RW         2850    .data               widget_animator_manager.o
    0x20000638   COMPRESSED   0x00000004   Data   RW         2881    .data               clip_board.o
    0x2000063c   COMPRESSED   0x00000004   Data   RW         3051    .data               mutex_null.o
    0x20000640   COMPRESSED   0x00000004   Data   RW         3068    .data               sys_tick.o
    0x20000644        -       0x000000c8   Zero   RW          217    .bss                usart.o
    0x2000070c        -       0x0000000a   Zero   RW          512    .bss                rtc.o
    0x20000716   COMPRESSED   0x00000002   PAD
    0x20000718        -       0x0000000c   Zero   RW          536    .bss                touch.o
    0x20000724        -       0x00001000   Zero   RW          591    .bss                flash.o
    0x20001724        -       0x00000014   Zero   RW         1110    .bss                mem.o
    0x20001738        -       0x0000001c   Zero   RW         1520    .bss                system_info.o
    0x20001754        -       0x00000090   Zero   RW         1559    .bss                main_loop_simple.o
    0x200017e4        -       0x00000024   Zero   RW         2435    .bss                ui_builder_default.o
    0x20001808        -       0x00002000   Zero   RW         3037    .bss                platform.o
    0x20003808        -       0x00000060   Zero   RW         3532    .bss                c_w.l(libspace.o)
    0x20003868        -       0x00000200   Zero   RW          251    HEAP                startup_stm32f10x_hd.o
    0x20003a68        -       0x00000400   Zero   RW          250    STACK               startup_stm32f10x_hd.o


==============================================================================

Image component sizes


      Code (inc. data)   RO Data    RW Data    ZI Data      Debug   Object Name

        92         10        123          0          0       2042   app_bar.o
       656         14         37          0          0      14879   array.o
       412        132     123040          0          0      12083   assets-mini.o
       612         16         22          4          0       6090   assets_manager.o
       812         18          0          0          0       5855   awtk.o
      1384         38         68          0          0      12112   bitmap.o
       848          0          0          0          0       7168   buffer.o
       256         12          0          1          0        850   button.o
       636         30        129          8          0      39946   button_1.o
       112         10        120          0          0       2424   button_group.o
       680         14        139          0          0       5034   calibration_win.o
     10268         58          0          0          0      42957   canvas.o
       828         50        283          8          0       5897   check_button.o
       260          8          0          4          0       3016   clip_board.o
       160         14         42          0          0       3588   clip_board_default.o
        84         18          0          0          0        899   color.o
       652        102       2657       1120          0       3637   color_parser.o
       564         52        129         12          0       4413   color_tile.o
        92         10        121          0          0       2024   column.o
      1928        162        184         60          0      11426   combo_box.o
       788         50        137          0          0       4576   combo_box_item.o
         0          0          0          0          0         32   core_cm3.o
       564         10         40          0          0       4837   custom_props.o
      1416        256          0          0          0       3839   demo1_app.o
        38          0          0          0          0        604   demo_main.o
       548         74        181         24          0      12722   dialog.o
       136         16        135          0          0       2038   dialog_client.o
       128         16        133          0          0       2076   dialog_title.o
       904         52        153         20          0       4928   dragger.o
      2404        128         96          0          0       6321   easing.o
      6668        222        240         56          0      23987   edit.o
       704          8         26          0          0       8877   emitter.o
       328         32       2330          0          0       8009   enums.o
       336          4         19          0          0       4416   event_queue.o
       210          0          0          0          0       2704   events.o
       924         12          0          0       4096       3305   flash.o
       120          0          0          0          0       1536   font.o
        44          0          0          0          0       1087   font_loader.o
       392         28         19          8          0       4097   font_loader_bitmap.o
       440         18         20          4          0       4528   font_manager.o
       908         14         10          0          0       8207   fs.o
         4          0          0          0          0        464   fs_os.o
        92         10        116          0          0       1996   grid.o
       112         10        127          0          0       2314   group_box.o
      1072         12       2376          0          0       5635   gui.o
       748         12         37          4          0       6794   idle.o
       532         20        198         40          0       4462   image.o
      1480        102          0          0          0       6386   image_base.o
        44          0          0          0          0       1060   image_loader.o
       760         22         39          4          0       7098   image_manager.o
       126          0          0          0          0       1038   input_engine.o
         0          0          0          0          0        640   input_engine_null.o
       556         10          0          4          0       5089   input_method.o
       104         12         25          0          0       1687   input_method_creator.o
        72         10        119          0          0       1447   label.o
      2416         50         50          0          0       7817   layout.o
      1048          0          0          0          0       9063   lcd.o
       696         18          0          0          0       2092   lcd_driver.o
      1708         42         15          0          0      16205   lcd_stm32_raw.o
       164         10          0          1          0        739   led.o
       588         26         19          4          0       7987   locale_info.o
        68          0          0          0          0     205271   main.o
       300          4          0          4          0       3368   main_loop.o
       680         12          0          0        144       4953   main_loop_simple.o
       216         16          0          0          0      32349   main_loop_stm32_raw.o
       756          4          0          0         20       5735   mem.o
       220         22          0          0          0       1825   misc.o
        28          6          0          4          0       1993   mutex_null.o
       548         26        119          8          0       4544   pages.o
       836          6          0          0          0       4938   path.o
       100         12          0          0       8192       1236   platform.o
       504         56        167         32          0       3130   popup.o
      1260         40        158         16          0       5496   progress_bar.o
       576          0          0          0          0       3005   rect.o
        92         10        111          0          0       1974   row.o
      1120         66         24         10         10       4387   rtc.o
      2224         56        138         24          0       7663   slider.o
       476         16          0          0          0       1828   spi.o
       344         70        109          0          0       2321   spin_box.o
        64         26        304          0       1536        812   startup_stm32f10x_hd.o
       196          8          0          0          0       3520   stm32f10x_bkp.o
      1548         18          0          0          0       5399   stm32f10x_fsmc.o
       860         38          0          0          0       5757   stm32f10x_gpio.o
        24          0          0          0          0      64030   stm32f10x_it.o
       204         14          0          0          0       1967   stm32f10x_pwr.o
       932         36          0         20          0       8944   stm32f10x_rcc.o
       328          4          0          0          0       2734   stm32f10x_rtc.o
       780         14          0          0          0       6638   stm32f10x_spi.o
      3610         88          0          0          0      22864   stm32f10x_tim.o
      1032         22          0          0          0       8480   stm32f10x_usart.o
      2024         62         23          0          0      11044   str.o
       212          0          0          0          0       3865   style.o
       404         66         43          0          0       4052   style_const.o
        52          6          0          4          0       2113   style_factory.o
        76          6          0          4          0       1761   sys_tick.o
        76         24          0          0         28       1427   system_info.o
       480         38          0         20          0       1775   system_stm32f10x.o
      1132         72        129          8          0       6340   tab_button.o
       984         40        141          0          0       6308   tab_button_group.o
       112         10        131          0          0       2358   tab_control.o
       560         18         13          4          0       4285   theme.o
       572         24          0          4          0       1965   tim.o
        24          0          0          0          0        625   time_now.o
       932         14         39          4          0       7921   timer.o
       390          0          0          0          0       3276   tokenizer.o
      1088         38          0          8         12       4326   touch.o
       162          0          0          0          0       2952   ui_builder.o
       356         34          0          0         36       3293   ui_builder_default.o
        48          0          0          0          0       1177   ui_loader.o
       284         10          4          0          0       1943   ui_loader_default.o
       296         16          0          6        200       3210   usart.o
       772          4        260          0          0       5513   utf8.o
      2128         50         23          0          0      14125   utils.o
      1684         76         13          0          0      10356   value.o
      2072         12          0          0          0      17278   vgcanvas.o
        92         10        117          0          0       1996   view.o
      9284        232         13          0          0      69268   widget.o
      1000          4          0          0          0       6266   widget_animator.o
         6          0          0          0          0       1013   widget_animator_factory_null.o
       828         14         31          4          0       7664   widget_animator_manager.o
         0          0          0          0          0       1124   widget_animator_move.o
       448         16       1162          4          0      30140   widget_factory.o
       812         20        100          0          0       6508   widget_vtable.o
        80          8        121         24          0       2080   window.o
       312          0          0          0          0       1965   window_animator.o
        16          0          0          0          0       1483   window_animator_null.o
      1298        150          0          0          0       4549   window_base.o
      3932        120        175          4          0      20252   window_manager.o
       156          4          0          0          0       2160   window_open.o
      1744         28         20          0          0      10062   wstr.o

    ----------------------------------------------------------------------
    108526       3990     137581       1604      14276    1106058   Object Totals
         0          0         32          0          0          0   (incl. Generated)
        14          0        107          2          2          0   (incl. Padding)

    ----------------------------------------------------------------------

      Code (inc. data)   RO Data    RW Data    ZI Data      Debug   Library Member Name

        24          4          0          0          0         84   __2printf.o
       100          0          0          0          0          0   __dclz77c.o
         8          0          0          0          0         68   __main.o
       392          4         17          0          0         92   __printf_flags_ss_wp.o
        14          0          0          0          0         68   __printf_wp.o
         0          0          0          0          0          0   __rtentry.o
        12          0          0          0          0          0   __rtentry2.o
         6          0          0          0          0          0   __rtentry4.o
        52          8          0          0          0          0   __scatter.o
        28          0          0          0          0          0   __scatter_zi.o
        28          0          0          0          0         68   _chval.o
        60          0          0          0          0         92   _mbrtowc.o
         6          0          0          0          0          0   _printf_a.o
         6          0          0          0          0          0   _printf_c.o
        44          0          0          0          0        108   _printf_char.o
        48          6          0          0          0         96   _printf_char_common.o
        36          4          0          0          0         80   _printf_char_file.o
        40          0          0          0          0         68   _printf_charcount.o
         6          0          0          0          0          0   _printf_d.o
       120         16          0          0          0         92   _printf_dec.o
         6          0          0          0          0          0   _printf_e.o
         6          0          0          0          0          0   _printf_f.o
      1054          0          0          0          0        216   _printf_fp_dec.o
       764          8         38          0          0        100   _printf_fp_hex.o
       128         16          0          0          0         84   _printf_fp_infnan.o
         6          0          0          0          0          0   _printf_g.o
       148          4         40          0          0        160   _printf_hex_int_ll_ptr.o
         6          0          0          0          0          0   _printf_i.o
       178          0          0          0          0         88   _printf_intcommon.o
        10          0          0          0          0          0   _printf_l.o
         6          0          0          0          0          0   _printf_lc.o
        10          0          0          0          0          0   _printf_ll.o
         6          0          0          0          0          0   _printf_lld.o
         6          0          0          0          0          0   _printf_lli.o
         6          0          0          0          0          0   _printf_llo.o
         6          0          0          0          0          0   _printf_llu.o
         6          0          0          0          0          0   _printf_llx.o
       124         16          0          0          0         92   _printf_longlong_dec.o
         6          0          0          0          0          0   _printf_ls.o
         6          0          0          0          0          0   _printf_n.o
         6          0          0          0          0          0   _printf_o.o
       112         10          0          0          0        124   _printf_oct_int_ll.o
         6          0          0          0          0          0   _printf_p.o
        78          0          0          0          0        108   _printf_pad.o
         0          0          0          0          0          0   _printf_percent.o
         4          0          0          0          0          0   _printf_percent_end.o
         6          0          0          0          0          0   _printf_s.o
        82          0          0          0          0         80   _printf_str.o
        36          0          0          0          0         84   _printf_truncate.o
         6          0          0          0          0          0   _printf_u.o
        44          0          0          0          0        108   _printf_wchar.o
       188          6          8          0          0         92   _printf_wctomb.o
         6          0          0          0          0          0   _printf_x.o
        22          0          0          0          0        100   _rserrno.o
       884          6          0          0          0        100   _scanf.o
       332          0          0          0          0         96   _scanf_int.o
       342          0          0          0          0        100   _scanf_longlong.o
       276          0          0          0          0        100   _scanf_mbtowc.o
       224          0          0          0          0         96   _scanf_str.o
        30          0          0          0          0         76   _scanf_wcharmap.o
       232          0          0          0          0        100   _scanf_wctomb.o
       208          0          0          0          0         96   _scanf_wstr.o
        64          0          0          0          0         84   _sgetc.o
        16          0          0          0          0         68   _snputc.o
        10          0          0          0          0         68   _sputc.o
        64          0          0          0          0         92   _wcrtomb.o
       228          4        148          0          0         96   bigflt0.o
        80          0          0          0          0         88   bsearchnoex.o
      2152        136          0          0          0        960   btod.o
        18          0          0          0          0         80   exit.o
         8          0          0          0          0         68   ferror.o
         6          0          0          0          0        152   heapauxi.o
        18          0          0          0          0         76   isspace.o
        44         10        272          0          0         76   lc_ctype_c.o
        44         10         28          0          0         76   lc_numeric_c.o
         2          0          0          0          0          0   libinit.o
        30          0          0          0          0          0   libinit2.o
         2          0          0          0          0          0   libshutdown.o
         2          0          0          0          0          0   libshutdown2.o
         8          4          0          0         96         68   libspace.o
        38          0          0          0          0         68   llshl.o
       138          0          0          0          0         80   lludiv10.o
        88          0          0          0          0         76   memcmp.o
        16          4          0          0          0         76   rt_ctype_table.o
         8          4          0          0          0         68   rt_errno_addr_intlibspace.o
         8          4          0          0          0         68   rt_locale_intlibspace.o
        68          0          0          0          0         68   rt_memclr.o
        78          0          0          0          0         80   rt_memclr_w.o
       138          0          0          0          0         68   rt_memcpy_v6.o
       100          0          0          0          0         80   rt_memcpy_w.o
       132          0          0          0          0         68   rt_memmove_v6.o
       122          0          0          0          0         80   rt_memmove_w.o
         2          0          0          0          0          0   rtexit.o
        10          0          0          0          0          0   rtexit2.o
        44          8          0          0          0         84   scanf_char.o
      1272         16          0          0          0        168   scanf_fp.o
       800         14          0          0          0        100   scanf_hexfp.o
       308         16          0          0          0        100   scanf_infnan.o
        20          0          0          0          0         68   strchr.o
       128          0          0          0          0         68   strcmpv7m.o
        72          0          0          0          0         80   strcpy.o
        62          0          0          0          0         76   strlen.o
       150          0          0          0          0         80   strncmp.o
        86          0          0          0          0         76   strncpy.o
        22          0          0          0          0         68   strrchr.o
        36          0          0          0          0         80   strstr.o
        74          0          0          0          0         80   sys_stackheap_outer.o
        26          0          0          0          0         76   tolower.o
        30          0          0          0          0         76   toupper.o
         2          0          0          0          0         68   use_no_semi.o
         2          0          0          0          0         68   use_no_semi_2.o
        52          4          0          0          0         80   vsnprintf.o
        52          8          0          0          0         80   vsscanf.o
        22          0          0          0          0         68   wcschr.o
        24          0          0          0          0         68   wcscmp.o
        18          0          0          0          0         68   wcscpy.o
        18          0          0          0          0         68   wcslen.o
        98          4          0          0          0         92   d2f.o
       826         16          0          0          0        348   daddsub_clz.o
        16          4          0          0          0         68   dcheck1.o
        24          0          0          0          0         68   dcmpi.o
       688        140          0          0          0        208   ddiv.o
       120          4          0          0          0         92   deqf.o
        94          4          0          0          0         92   dfix.o
        90          4          0          0          0         92   dfixu.o
        84          0          0          0          0        136   dflt_clz.o
       120          4          0          0          0         92   dleqf.o
       340         12          0          0          0        104   dmul.o
       156          4          0          0          0         92   dnaninf.o
        12          0          0          0          0         68   dretinf.o
       108          0          0          0          0         80   drleqf.o
       460         56          0          0          0        120   dsqrt_noumaal.o
        86          4          0          0          0         84   f2d.o
       450          8          0          0          0        236   faddsub_clz.o
        24          0          0          0          0         68   fcmpi.o
       388         76          0          0          0         96   fdiv.o
       104          4          0          0          0         84   feqf.o
        54          4          0          0          0         84   ffix.o
        62          4          0          0          0         84   ffixu.o
        86          0          0          0          0        136   fflt_clz.o
        96          0          0          0          0         84   ffltll_clz.o
       104          4          0          0          0         84   fleqf.o
       258          4          0          0          0         84   fmul.o
       140          4          0          0          0         84   fnaninf.o
         0          0         16          0          0          0   fpconst.o
        10          0          0          0          0         68   fretinf.o
        98          0          0          0          0         68   frleqf.o
         6          0          0          0          0         68   istatus.o
         4          0          0          0          0         68   printf1.o
         4          0          0          0          0         68   printf2.o
       100          0          0          0          0         68   retnan.o
        92          0          0          0          0         68   scalbn.o
         4          0          0          0          0         68   scanf1.o
         8          0          0          0          0         84   scanf2.o
        48          0          0          0          0         68   trapv.o
         0          0          0          0          0          0   usenofp.o
       156          8          0          0          0        104   cos.o
       252         22         48          0          0        124   cos_i.o
        68         10          0          0          0        408   dunder.o
       220         16          0          0          0         84   floor.o
        40          0          0          0          0         68   fpclassify.o
        88          8          0          0          0         76   frexp.o
       138          0          0          0          0        160   ldexp.o
       204          4          0          0          0        168   narrow.o
       170          0          0          0          0         96   poly.o
      2520        190        136          0          0        324   pow.o
         0          0          8          0          0          0   qnan.o
       904         76        200          0          0        140   rred.o
       160         10          0          0          0        108   sin.o
       236         12         40          0          0        128   sin_i.o
        76          0          0          0          0         84   sqrt.o

    ----------------------------------------------------------------------
     24434       1072       1007          0         96      13624   Library Totals
        36          2          8          0          0          0   (incl. Padding)

    ----------------------------------------------------------------------

      Code (inc. data)   RO Data    RW Data    ZI Data      Debug   Library Name

     13704        350        551          0         96       7896   c_w.l
      5462        364         16          0          0       3656   fz_ws.l
      5232        356        432          0          0       2072   m_ws.l

    ----------------------------------------------------------------------
     24434       1072       1007          0         96      13624   Library Totals

    ----------------------------------------------------------------------

==============================================================================


      Code (inc. data)   RO Data    RW Data    ZI Data      Debug   

    132960       5062     138588       1604      14372    1099242   Grand Totals
    132960       5062     138588       1012      14372    1099242   ELF Image Totals (compressed)
    132960       5062     138588       1012          0          0   ROM Totals

==============================================================================

    Total RO  Size (Code + RO Data)               271548 ( 265.18kB)
    Total RW  Size (RW Data + ZI Data)             15976 (  15.60kB)
    Total ROM Size (Code + RO Data + RW Data)     272560 ( 266.17kB)

==============================================================================

