Component: ARM Compiler 5.06 update 5 (build 528) Tool: armlink [4d35e2]

==============================================================================

Section Cross References

    system_stm32f10x.o(.text) refers to system_stm32f10x.o(.data) for SystemCoreClock
    main.o(.text) refers to misc.o(.text) for NVIC_PriorityGroupConfig
    main.o(.text) refers to platform.o(.text) for systick_init
    main.o(.text) refers to led.o(.text) for led_init
    main.o(.text) refers to button.o(.text) for button_init
    main.o(.text) refers to lcd_driver.o(.text) for TFT_Init
    main.o(.text) refers to flash.o(.text) for FLASH_Init
    main.o(.text) refers to touch.o(.text) for TOUCH_Init
    main.o(.text) refers to tim.o(.text) for TIM3_Init
    main.o(.text) refers to rtc.o(.text) for rtc_init
    main.o(.text) refers to demo_main.o(.text) for gui_app_start
    sys.o(.text) refers to misc.o(.text) for NVIC_PriorityGroupConfig
    usart.o(.text) refers (Special) to use_no_semi_2.o(.text) for __use_no_semihosting
    usart.o(.text) refers to stm32f10x_rcc.o(.text) for RCC_APB2PeriphClockCmd
    usart.o(.text) refers to stm32f10x_gpio.o(.text) for GPIO_Init
    usart.o(.text) refers to misc.o(.text) for NVIC_Init
    usart.o(.text) refers to stm32f10x_usart.o(.text) for USART_Init
    usart.o(.text) refers to usart.o(.data) for USART_RX_STA
    usart.o(.text) refers to usart.o(.bss) for USART_RX_BUF
    usart.o(.bss) refers (Special) to use_no_semi_2.o(.text) for __use_no_semihosting
    usart.o(.data) refers (Special) to use_no_semi_2.o(.text) for __use_no_semihosting
    startup_stm32f10x_hd.o(STACK) refers (Special) to heapauxi.o(.text) for __use_two_region_memory
    startup_stm32f10x_hd.o(HEAP) refers (Special) to heapauxi.o(.text) for __use_two_region_memory
    startup_stm32f10x_hd.o(RESET) refers (Special) to heapauxi.o(.text) for __use_two_region_memory
    startup_stm32f10x_hd.o(RESET) refers to startup_stm32f10x_hd.o(STACK) for __initial_sp
    startup_stm32f10x_hd.o(RESET) refers to startup_stm32f10x_hd.o(.text) for Reset_Handler
    startup_stm32f10x_hd.o(RESET) refers to stm32f10x_it.o(.text) for NMI_Handler
    startup_stm32f10x_hd.o(RESET) refers to sys_tick.o(.text) for SysTick_Handler
    startup_stm32f10x_hd.o(RESET) refers to rtc.o(.text) for RTC_IRQHandler
    startup_stm32f10x_hd.o(RESET) refers to main_loop_stm32_raw.o(.text) for TIM3_IRQHandler
    startup_stm32f10x_hd.o(RESET) refers to usart.o(.text) for USART1_IRQHandler
    startup_stm32f10x_hd.o(RESET) refers to tim.o(.text) for TIM5_IRQHandler
    startup_stm32f10x_hd.o(.text) refers (Special) to heapauxi.o(.text) for __use_two_region_memory
    startup_stm32f10x_hd.o(.text) refers to system_stm32f10x.o(.text) for SystemInit
    startup_stm32f10x_hd.o(.text) refers to __main.o(!!!main) for __main
    startup_stm32f10x_hd.o(.text) refers to startup_stm32f10x_hd.o(HEAP) for Heap_Mem
    startup_stm32f10x_hd.o(.text) refers to startup_stm32f10x_hd.o(STACK) for Stack_Mem
    stm32f10x_gpio.o(.text) refers to stm32f10x_rcc.o(.text) for RCC_APB2PeriphResetCmd
    stm32f10x_rcc.o(.text) refers to stm32f10x_rcc.o(.data) for APBAHBPrescTable
    stm32f10x_usart.o(.text) refers to stm32f10x_rcc.o(.text) for RCC_APB2PeriphResetCmd
    stm32f10x_wwdg.o(.text) refers to stm32f10x_rcc.o(.text) for RCC_APB1PeriphResetCmd
    stm32f10x_tim.o(.text) refers to stm32f10x_rcc.o(.text) for RCC_APB2PeriphResetCmd
    stm32f10x_bkp.o(.text) refers to stm32f10x_rcc.o(.text) for RCC_BackupResetCmd
    stm32f10x_pwr.o(.text) refers to stm32f10x_rcc.o(.text) for RCC_APB1PeriphResetCmd
    stm32f10x_spi.o(.text) refers to stm32f10x_rcc.o(.text) for RCC_APB2PeriphResetCmd
    led.o(.text) refers to stm32f10x_rcc.o(.text) for RCC_APB2PeriphClockCmd
    led.o(.text) refers to stm32f10x_gpio.o(.text) for GPIO_Init
    led.o(.text) refers to sys_tick.o(.text) for delay_ms
    led.o(.text) refers to led.o(.data) for i
    lcd_driver.o(.text) refers to stm32f10x_rcc.o(.text) for RCC_APB2PeriphClockCmd
    lcd_driver.o(.text) refers to stm32f10x_gpio.o(.text) for GPIO_Init
    lcd_driver.o(.text) refers to stm32f10x_fsmc.o(.text) for FSMC_NORSRAMInit
    button.o(.text) refers to stm32f10x_rcc.o(.text) for RCC_APB2PeriphClockCmd
    button.o(.text) refers to stm32f10x_gpio.o(.text) for GPIO_Init
    button.o(.text) refers to sys_tick.o(.text) for delay_ms
    button.o(.text) refers to button.o(.data) for key_up
    tim.o(.text) refers to stm32f10x_rcc.o(.text) for RCC_APB1PeriphClockCmd
    tim.o(.text) refers to stm32f10x_gpio.o(.text) for GPIO_Init
    tim.o(.text) refers to stm32f10x_tim.o(.text) for TIM_TimeBaseInit
    tim.o(.text) refers to misc.o(.text) for NVIC_Init
    tim.o(.text) refers to tim.o(.data) for TIM5CH1_CAPTURE_STA
    rtc.o(.text) refers to _printf_percent.o(.ARM.Collect$$_printf_percent$$00000000) for _printf_percent
[...]
    image_info                               0x0803002d   Data        2364  assets-mini.o(.constdata)
    image_left_off                           0x08030969   Data        2364  assets-mini.o(.constdata)
    image_left_on                            0x080312a5   Data        2364  assets-mini.o(.constdata)
    image_middle_off                         0x08031be1   Data        2364  assets-mini.o(.constdata)
    image_middle_on                          0x0803251d   Data        2364  assets-mini.o(.constdata)
    image_muted                              0x08032e59   Data        2364  assets-mini.o(.constdata)
    image_question                           0x08033795   Data        2364  assets-mini.o(.constdata)
    image_radio_checked                      0x080340d1   Data        2364  assets-mini.o(.constdata)
    image_radio_unchecked                    0x08034a0d   Data        2364  assets-mini.o(.constdata)
    image_red_btn_n                          0x08035349   Data        3660  assets-mini.o(.constdata)
    image_red_btn_o                          0x08036195   Data        3660  assets-mini.o(.constdata)
    image_red_btn_p                          0x08036fe1   Data        3660  assets-mini.o(.constdata)
    image_right_off                          0x08037e2d   Data        2364  assets-mini.o(.constdata)
    image_right_on                           0x08038769   Data        2364  assets-mini.o(.constdata)
    image_slider_bg                          0x080390a5   Data        1020  assets-mini.o(.constdata)
    image_slider_drag                        0x080394a1   Data        3196  assets-mini.o(.constdata)
    image_slider_drag_o                      0x0803a11d   Data        3196  assets-mini.o(.constdata)
    image_slider_drag_p                      0x0803ad99   Data        3196  assets-mini.o(.constdata)
    image_slider_fg                          0x0803ba15   Data        1020  assets-mini.o(.constdata)
    image_slider_v_bg                        0x0803be11   Data        1020  assets-mini.o(.constdata)
    image_slider_v_fg                        0x0803c20d   Data        1020  assets-mini.o(.constdata)
    image_unchecked                          0x0803c609   Data        2364  assets-mini.o(.constdata)
    image_unmuted                            0x0803cf45   Data        2364  assets-mini.o(.constdata)
    image_warn                               0x0803d881   Data        2364  assets-mini.o(.constdata)
    style_default                            0x0803e1bd   Data       50424  assets-mini.o(.constdata)
    __mathlib_zero                           0x0804a7b0   Data           8  qnan.o(.constdata)
    Region$$Table$$Base                      0x0804b9c4   Number         0  anon$$obj.o(Region$$Table)
    Region$$Table$$Limit                     0x0804b9e4   Number         0  anon$$obj.o(Region$$Table)
    __aeabi_HUGE_VAL                         0x0804b9e4   Data           0  fpconst.o(c$$dinf)
    __aeabi_HUGE_VALL                        0x0804b9e4   Data           0  fpconst.o(c$$dinf)
    __aeabi_INFINITY                         0x0804b9e4   Data           0  fpconst.o(c$$dinf)
    __dInf                                   0x0804b9e4   Data           0  fpconst.o(c$$dinf)
    __huge_val                               0x0804b9e4   Data           0  fpconst.o(c$$dinf)
    __dbl_max                                0x0804b9ec   Data           0  fpconst.o(c$$dmax)
    __ctype                                  0x0804ba01   Data           0  lc_ctype_c.o(locale$$data)
    SystemCoreClock                          0x20000000   Data           4  system_stm32f10x.o(.data)
    AHBPrescTable                            0x20000004   Data          16  system_stm32f10x.o(.data)
    __stdout                                 0x20000014   Data           4  usart.o(.data)
    USART_RX_STA                             0x20000018   Data           2  usart.o(.data)
    TIM5CH1_CAPTURE_STA                      0x20000030   Data           1  tim.o(.data)
    TIM5CH1_CAPTURE_VAL                      0x20000032   Data           2  tim.o(.data)
    rtc_data                                 0x20000034   Data           7  rtc.o(.data)
    rtc_bit                                  0x2000003b   Data           1  rtc.o(.data)
    TouchData                                0x2000003e   Data           8  touch.o(.data)
    s_edit_properties                        0x20000130   Data          56  edit.o(.data)
    s_combo_box_properties                   0x200005e4   Data          60  combo_box.o(.data)
    USART_RX_BUF                             0x20000684   Data         200  usart.o(.bss)
    calendar                                 0x2000074c   Data          10  rtc.o(.bss)
    __libspace_start                         0x20003848   Data          96  libspace.o(.bss)
    __temporary_stack_top$libspace           0x200038a8   Data           0  libspace.o(.bss)



==============================================================================

Memory Map of the image

  Image Entry point : 0x08000131

  Load Region LR_IROM1 (Base: 0x08000000, Size: 0x0004c1a4, Max: 0x00080000, ABSOLUTE, COMPRESSED[0x0004bf3c])

    Execution Region ER_IROM1 (Exec base: 0x08000000, Load base: 0x08000000, Size: 0x0004bb20, Max: 0x00080000, ABSOLUTE)

    Exec Addr    Load Addr    Size         Type   Attr      Idx    E Section Name        Object

    0x08000000   0x08000000   0x00000130   Data   RO          252    RESET               startup_stm32f10x_hd.o
    0x08000130   0x08000130   0x00000008   Code   RO         3298  * !!!main             c_w.l(__main.o)
    0x08000138   0x08000138   0x00000034   Code   RO         3835    !!!scatter          c_w.l(__scatter.o)
    0x0800016c   0x0800016c   0x00000064   Code   RO         3833    !!dclz77c           c_w.l(__dclz77c.o)
    0x080001d0   0x080001d0   0x0000001c   Code   RO         3837    !!handler_zi        c_w.l(__scatter_zi.o)
    0x080001ec   0x080001ec   0x00000000   Code   RO         3257    .ARM.Collect$$_printf_percent$$00000000  c_w.l(_printf_percent.o)
    0x080001ec   0x080001ec   0x00000006   Code   RO         3470    .ARM.Collect$$_printf_percent$$00000001  c_w.l(_printf_n.o)
    0x080001f2   0x080001f2   0x00000006   Code   RO         3472    .ARM.Collect$$_printf_percent$$00000002  c_w.l(_printf_p.o)
    0x080001f8   0x080001f8   0x00000006   Code   RO         3476    .ARM.Collect$$_printf_percent$$00000003  c_w.l(_printf_f.o)
    0x080001fe   0x080001fe   0x00000006   Code   RO         3477    .ARM.Collect$$_printf_percent$$00000004  c_w.l(_printf_e.o)
    0x08000204   0x08000204   0x00000006   Code   RO         3478    .ARM.Collect$$_printf_percent$$00000005  c_w.l(_printf_g.o)
    0x0800020a   0x0800020a   0x00000006   Code   RO         3479    .ARM.Collect$$_printf_percent$$00000006  c_w.l(_printf_a.o)
    0x08000210   0x08000210   0x0000000a   Code   RO         3484    .ARM.Collect$$_printf_percent$$00000007  c_w.l(_printf_ll.o)
    0x0800021a   0x0800021a   0x00000006   Code   RO         3474    .ARM.Collect$$_printf_percent$$00000008  c_w.l(_printf_i.o)
    0x08000220   0x08000220   0x00000006   Code   RO         3256    .ARM.Collect$$_printf_percent$$00000009  c_w.l(_printf_d.o)
    0x08000226   0x08000226   0x00000006   Code   RO         3475    .ARM.Collect$$_printf_percent$$0000000A  c_w.l(_printf_u.o)
    0x0800022c   0x0800022c   0x00000006   Code   RO         3473    .ARM.Collect$$_printf_percent$$0000000B  c_w.l(_printf_o.o)
    0x08000232   0x08000232   0x00000006   Code   RO         3471    .ARM.Collect$$_printf_percent$$0000000C  c_w.l(_printf_x.o)
    0x08000238   0x08000238   0x00000006   Code   RO         3481    .ARM.Collect$$_printf_percent$$0000000D  c_w.l(_printf_lli.o)
    0x0800023e   0x0800023e   0x00000006   Code   RO         3482    .ARM.Collect$$_printf_percent$$0000000E  c_w.l(_printf_lld.o)
    0x08000244   0x08000244   0x00000006   Code   RO         3483    .ARM.Collect$$_printf_percent$$0000000F  c_w.l(_printf_llu.o)
    0x0800024a   0x0800024a   0x00000006   Code   RO         3488    .ARM.Collect$$_printf_percent$$00000010  c_w.l(_printf_llo.o)
    0x08000250   0x08000250   0x00000006   Code   RO         3489    .ARM.Collect$$_printf_percent$$00000011  c_w.l(_printf_llx.o)
    0x08000256   0x08000256   0x0000000a   Code   RO         3485    .ARM.Collect$$_printf_percent$$00000012  c_w.l(_printf_l.o)
    0x08000260   0x08000260   0x00000006   Code   RO         3468    .ARM.Collect$$_printf_percent$$00000013  c_w.l(_printf_c.o)
    0x08000266   0x08000266   0x00000006   Code   RO         3469    .ARM.Collect$$_printf_percent$$00000014  c_w.l(_printf_s.o)
    0x0800026c   0x0800026c   0x00000006   Code   RO         3486    .ARM.Collect$$_printf_percent$$00000015  c_w.l(_printf_lc.o)
    0x08000272   0x08000272   0x00000006   Code   RO         3487    .ARM.Collect$$_printf_percent$$00000016  c_w.l(_printf_ls.o)
    0x08000278   0x08000278   0x00000004   Code   RO         3480    .ARM.Collect$$_printf_percent$$00000017  c_w.l(_printf_percent_end.o)
    0x0800027c   0x0800027c   0x00000002   Code   RO         3713    .ARM.Collect$$libinit$$00000000  c_w.l(libinit.o)
    0x0800027e   0x0800027e   0x00000000   Code   RO         3626    .ARM.Collect$$libinit$$00000002  c_w.l(libinit2.o)
    0x0800027e   0x0800027e   0x00000000   Code   RO         3628    .ARM.Collect$$libinit$$00000004  c_w.l(libinit2.o)
    0x0800027e   0x0800027e   0x00000000   Code   RO         3631    .ARM.Collect$$libinit$$0000000A  c_w.l(libinit2.o)
    0x0800027e   0x0800027e   0x00000000   Code   RO         3633    .ARM.Collect$$libinit$$0000000C  c_w.l(libinit2.o)
    0x0800027e   0x0800027e   0x00000000   Code   RO         3635    .ARM.Collect$$libinit$$0000000E  c_w.l(libinit2.o)
    0x0800027e   0x0800027e   0x00000006   Code   RO         3636    .ARM.Collect$$libinit$$0000000F  c_w.l(libinit2.o)
    0x08000284   0x08000284   0x00000000   Code   RO         3638    .ARM.Collect$$libinit$$00000011  c_w.l(libinit2.o)
    0x08000284   0x08000284   0x0000000c   Code   RO         3639    .ARM.Collect$$libinit$$00000012  c_w.l(libinit2.o)
    0x08000290   0x08000290   0x00000000   Code   RO         3640    .ARM.Collect$$libinit$$00000013  c_w.l(libinit2.o)
    0x08000290   0x08000290   0x00000000   Code   RO         3642    .ARM.Collect$$libinit$$00000015  c_w.l(libinit2.o)
    0x08000290   0x08000290   0x0000000a   Code   RO         3643    .ARM.Collect$$libinit$$00000016  c_w.l(libinit2.o)
    0x0800029a   0x0800029a   0x00000000   Code   RO         3644    .ARM.Collect$$libinit$$00000017  c_w.l(libinit2.o)
    0x0800029a   0x0800029a   0x00000000   Code   RO         3646    .ARM.Collect$$libinit$$00000019  c_w.l(libinit2.o)
    0x0800029a   0x0800029a   0x00000000   Code   RO         3648    .ARM.Collect$$libinit$$0000001B  c_w.l(libinit2.o)
    0x0800029a   0x0800029a   0x00000000   Code   RO         3650    .ARM.Collect$$libinit$$0000001D  c_w.l(libinit2.o)
    0x0800029a   0x0800029a   0x00000000   Code   RO         3652    .ARM.Collect$$libinit$$0000001F  c_w.l(libinit2.o)
    0x0800029a   0x0800029a   0x00000000   Code   RO         3654    .ARM.Collect$$libinit$$00000021  c_w.l(libinit2.o)
    0x0800029a   0x0800029a   0x00000000   Code   RO         3656    .ARM.Collect$$libinit$$00000023  c_w.l(libinit2.o)
    0x0800029a   0x0800029a   0x00000000   Code   RO         3658    .ARM.Collect$$libinit$$00000025  c_w.l(libinit2.o)
    0x0800029a   0x0800029a   0x00000000   Code   RO         3662    .ARM.Collect$$libinit$$0000002C  c_w.l(libinit2.o)
    0x0800029a   0x0800029a   0x00000000   Code   RO         3664    .ARM.Collect$$libinit$$0000002E  c_w.l(libinit2.o)
    0x0800029a   0x0800029a   0x00000000   Code   RO         3666    .ARM.Collect$$libinit$$00000030  c_w.l(libinit2.o)
    0x0800029a   0x0800029a   0x00000000   Code   RO         3668    .ARM.Collect$$libinit$$00000032  c_w.l(libinit2.o)
    0x0800029a   0x0800029a   0x00000002   Code   RO         3669    .ARM.Collect$$libinit$$00000033  c_w.l(libinit2.o)
    0x0800029c   0x0800029c   0x00000002   Code   RO         3790    .ARM.Collect$$libshutdown$$00000000  c_w.l(libshutdown.o)
    0x0800029e   0x0800029e   0x00000000   Code   RO         3796    .ARM.Collect$$libshutdown$$00000002  c_w.l(libshutdown2.o)
    0x0800029e   0x0800029e   0x00000000   Code   RO         3798    .ARM.Collect$$libshutdown$$00000004  c_w.l(libshutdown2.o)
    0x0800029e   0x0800029e   0x00000000   Code   RO         3801    .ARM.Collect$$libshutdown$$00000007  c_w.l(libshutdown2.o)
    0x0800029e   0x0800029e   0x00000000   Code   RO         3804    .ARM.Collect$$libshutdown$$0000000A  c_w.l(libshutdown2.o)
    0x0800029e   0x0800029e   0x00000000   Code   RO         3806    .ARM.Collect$$libshutdown$$0000000C  c_w.l(libshutdown2.o)
    0x0800029e   0x0800029e   0x00000000   Code   RO         3809    .ARM.Collect$$libshutdown$$0000000F  c_w.l(libshutdown2.o)
    0x0800029e   0x0800029e   0x00000002   Code   RO         3810    .ARM.Collect$$libshutdown$$00000010  c_w.l(libshutdown2.o)
    0x080002a0   0x080002a0   0x00000000   Code   RO         3410    .ARM.Collect$$rtentry$$00000000  c_w.l(__rtentry.o)
    0x080002a0   0x080002a0   0x00000000   Code   RO         3575    .ARM.Collect$$rtentry$$00000002  c_w.l(__rtentry2.o)
    0x080002a0   0x080002a0   0x00000006   Code   RO         3587    .ARM.Collect$$rtentry$$00000004  c_w.l(__rtentry4.o)
    0x080002a6   0x080002a6   0x00000000   Code   RO         3577    .ARM.Collect$$rtentry$$00000009  c_w.l(__rtentry2.o)
    0x080002a6   0x080002a6   0x00000004   Code   RO         3578    .ARM.Collect$$rtentry$$0000000A  c_w.l(__rtentry2.o)
    0x080002aa   0x080002aa   0x00000000   Code   RO         3580    .ARM.Collect$$rtentry$$0000000C  c_w.l(__rtentry2.o)
    0x080002aa   0x080002aa   0x00000008   Code   RO         3581    .ARM.Collect$$rtentry$$0000000D  c_w.l(__rtentry2.o)
    0x080002b2   0x080002b2   0x00000002   Code   RO         3736    .ARM.Collect$$rtexit$$00000000  c_w.l(rtexit.o)
    0x080002b4   0x080002b4   0x00000000   Code   RO         3755    .ARM.Collect$$rtexit$$00000002  c_w.l(rtexit2.o)
    0x080002b4   0x080002b4   0x00000004   Code   RO         3756    .ARM.Collect$$rtexit$$00000003  c_w.l(rtexit2.o)
    0x080002b8   0x080002b8   0x00000006   Code   RO         3757    .ARM.Collect$$rtexit$$00000004  c_w.l(rtexit2.o)
    0x080002be   0x080002be   0x00000018   Code   RO            1    .text               stm32f10x_it.o
    0x080002d6   0x080002d6   0x00000002   PAD
    0x080002d8   0x080002d8   0x000001e0   Code   RO          104    .text               system_stm32f10x.o
    0x080004b8   0x080004b8   0x00000044   Code   RO          122    .text               main.o
    0x080004fc   0x080004fc   0x00000128   Code   RO          216    .text               usart.o
    0x08000624   0x08000624   0x00000040   Code   RO          253    .text               startup_stm32f10x_hd.o
    0x08000664   0x08000664   0x000000dc   Code   RO          257    .text               misc.o
    0x08000740   0x08000740   0x0000035c   Code   RO          269    .text               stm32f10x_gpio.o
    0x08000a9c   0x08000a9c   0x000003a4   Code   RO          281    .text               stm32f10x_rcc.o
    0x08000e40   0x08000e40   0x00000408   Code   RO          295    .text               stm32f10x_usart.o
    0x08001248   0x08001248   0x00000e1a   Code   RO          343    .text               stm32f10x_tim.o
    0x08002062   0x08002062   0x00000002   PAD
    0x08002064   0x08002064   0x0000060c   Code   RO          355    .text               stm32f10x_fsmc.o
    0x08002670   0x08002670   0x000000c4   Code   RO          367    .text               stm32f10x_bkp.o
    0x08002734   0x08002734   0x00000148   Code   RO          379    .text               stm32f10x_rtc.o
    0x0800287c   0x0800287c   0x000000cc   Code   RO          391    .text               stm32f10x_pwr.o
    0x08002948   0x08002948   0x0000030c   Code   RO          415    .text               stm32f10x_spi.o
    0x08002c54   0x08002c54   0x000000a4   Code   RO          451    .text               led.o
    0x08002cf8   0x08002cf8   0x000002b8   Code   RO          464    .text               lcd_driver.o
    0x08002fb0   0x08002fb0   0x00000100   Code   RO          479    .text               button.o
    0x080030b0   0x080030b0   0x0000023c   Code   RO          492    .text               tim.o
    0x080032ec   0x080032ec   0x00000460   Code   RO          511    .text               rtc.o
    0x0800374c   0x0800374c   0x00000440   Code   RO          535    .text               touch.o
    0x08003b8c   0x08003b8c   0x000001dc   Code   RO          557    .text               spi.o
    0x08003d68   0x08003d68   0x00000430   Code   RO          569    .text               gui.o
    0x08004198   0x08004198   0x0000039c   Code   RO          590    .text               flash.o
    0x08004534   0x08004534   0x00000290   Code   RO          604    .text               array.o
    0x080047c4   0x080047c4   0x00000582   Code   RO          648    .text               bitmap.o
    0x08004d46   0x08004d46   0x00000350   Code   RO          679    .text               buffer.o
    0x08005096   0x08005096   0x00000002   PAD
    0x08005098   0x08005098   0x000002cc   Code   RO          694    .text               button_1.o
    0x08005364   0x08005364   0x00002aae   Code   RO          797    .text               canvas.o
    0x08007e12   0x08007e12   0x00000002   PAD
    0x08007e14   0x08007e14   0x00000358   Code   RO          824    .text               check_button.o
    0x0800816c   0x0800816c   0x00000054   Code   RO          849    .text               color.o
    0x080081c0   0x080081c0   0x0000022c   Code   RO          861    .text               dialog.o
    0x080083ec   0x080083ec   0x000002c0   Code   RO          919    .text               emitter.o
    0x080086ac   0x080086ac   0x00000124   Code   RO          941    .text               enums.o
    0x080087d0   0x080087d0   0x00000078   Code   RO          968    .text               font.o
    0x08008848   0x08008848   0x000001b8   Code   RO          980    .text               font_manager.o
    0x08008a00   0x08008a00   0x00000070   Code   RO          995    .text               group_box.o
    0x08008a70   0x08008a70   0x00000220   Code   RO         1013    .text               image.o
    0x08008c90   0x08008c90   0x000002f8   Code   RO         1035    .text               image_manager.o
    0x08008f88   0x08008f88   0x00000364   Code   RO         1050    .text               label.o
    0x080092ec   0x080092ec   0x00000434   Code   RO         1065    .text               lcd.o
    0x08009720   0x08009720   0x0000012c   Code   RO         1077    .text               main_loop.o
    0x0800984c   0x0800984c   0x000002f4   Code   RO         1094    .text               mem.o
    0x08009b40   0x08009b40   0x00000590   Code   RO         1108    .text               progress_bar.o
    0x0800a0d0   0x0800a0d0   0x00000240   Code   RO         1127    .text               rect.o
    0x0800a310   0x0800a310   0x00000220   Code   RO         1139    .text               theme.o
    0x0800a530   0x0800a530   0x00000304   Code   RO         1154    .text               utf8.o
    0x0800a834   0x0800a834   0x00000694   Code   RO         1169    .text               value.o
    0x0800aec8   0x0800aec8   0x00002f24   Code   RO         1185    .text               widget.o
    0x0800ddec   0x0800ddec   0x000002e4   Code   RO         1257    .text               widget_vtable.o
    0x0800e0d0   0x0800e0d0   0x00000050   Code   RO         1271    .text               window.o
    0x0800e120   0x0800e120   0x00000da0   Code   RO         1290    .text               window_manager.o
    0x0800eec0   0x0800eec0   0x000006dc   Code   RO         1315    .text               wstr.o
    0x0800f59c   0x0800f59c   0x00000850   Code   RO         1328    .text               utils.o
    0x0800fdec   0x0800fdec   0x000000f4   Code   RO         1356    .text               events.o
    0x0800fee0   0x0800fee0   0x000003ec   Code   RO         1368    .text               timer.o
    0x080102cc   0x080102cc   0x00000190   Code   RO         1383    .text               layout.o
    0x0801045c   0x0801045c   0x00000150   Code   RO         1401    .text               event_queue.o
    0x080105ac   0x080105ac   0x00000968   Code   RO         1417    .text               slider.o
    0x08010f14   0x08010f14   0x0000016a   Code   RO         1436    .text               window_animator.o
    0x0801107e   0x0801107e   0x00000010   Code   RO         1448    .text               window_animator_null.o
    0x0801108e   0x0801108e   0x00000002   PAD
    0x08011090   0x08011090   0x000002f8   Code   RO         1460    .text               idle.o
    0x08011388   0x08011388   0x0000004c   Code   RO         1475    .text               system_info.o
    0x080113d4   0x080113d4   0x00000022   Code   RO         1489    .text               image_loader.o
    0x080113f6   0x080113f6   0x00000002   PAD
    0x080113f8   0x080113f8   0x00000866   Code   RO         1501    .text               str.o
    0x08011c5e   0x08011c5e   0x00000002   PAD
    0x08011c60   0x08011c60   0x000002ac   Code   RO         1517    .text               main_loop_simple.o
    0x08011f0c   0x08011f0c   0x00000224   Code   RO         1536    .text               pages.o
    0x08012130   0x08012130   0x00001ad8   Code   RO         1555    .text               edit.o
    0x08013c08   0x08013c08   0x0000005c   Code   RO         1578    .text               view.o
    0x08013c64   0x08013c64   0x000001bc   Code   RO         1611    .text               widget_factory.o
    0x08013e20   0x08013e20   0x00000186   Code   RO         1770    .text               tokenizer.o
    0x08013fa6   0x08013fa6   0x00000002   PAD
    0x08013fa8   0x08013fa8   0x00000238   Code   RO         1782    .text               input_method.o
    0x080141e0   0x080141e0   0x0000007e   Code   RO         1809    .text               input_engine.o
    0x0801425e   0x0801425e   0x00000002   PAD
    0x08014260   0x08014260   0x00000158   Code   RO         1821    .text               spin_box.o
    0x080143b8   0x080143b8   0x000003a8   Code   RO         1840    .text               dragger.o
    0x08014760   0x08014760   0x00000090   Code   RO         1859    .text               dialog_client.o
    0x080147f0   0x080147f0   0x00000080   Code   RO         1874    .text               dialog_title.o
    0x08014870   0x08014870   0x00000234   Code   RO         1889    .text               custom_props.o
    0x08014aa4   0x08014aa4   0x0000032c   Code   RO         1908    .text               awtk_global.o
    0x08014dd0   0x08014dd0   0x00000068   Code   RO         1992    .text               input_method_creator.o
    0x08014e38   0x08014e38   0x00000070   Code   RO         2008    .text               button_group.o
    0x08014ea8   0x08014ea8   0x0000028c   Code   RO         2026    .text               color_parser.o
    0x08015134   0x08015134   0x000007b0   Code   RO         2044    .text               combo_box.o
    0x080158e4   0x080158e4   0x00000330   Code   RO         2070    .text               combo_box_item.o
    0x08015c14   0x08015c14   0x00000964   Code   RO         2085    .text               easing.o
    0x08016578   0x08016578   0x0000038c   Code   RO         2099    .text               fs.o
    0x08016904   0x08016904   0x0000021c   Code   RO         2152    .text               popup.o
    0x08016b20   0x08016b20   0x00000488   Code   RO         2194    .text               tab_button.o
    0x08016fa8   0x08016fa8   0x000003f4   Code   RO         2213    .text               tab_button_group.o
    0x0801739c   0x0801739c   0x00000070   Code   RO         2231    .text               tab_control.o
    0x0801740c   0x0801740c   0x000000a2   Code   RO         2249    .text               ui_builder.o
    0x080174ae   0x080174ae   0x00000002   PAD
    0x080174b0   0x080174b0   0x00000a32   Code   RO         2264    .text               vgcanvas.o
    0x08017ee2   0x08017ee2   0x00000002   PAD
    0x08017ee4   0x08017ee4   0x000003f0   Code   RO         2276    .text               widget_animator.o
    0x080182d4   0x080182d4   0x00000100   Code   RO         2315    .text               ui_builder_default.o
    0x080183d4   0x080183d4   0x00000030   Code   RO         2335    .text               ui_loader.o
    0x08018404   0x08018404   0x0000011c   Code   RO         2347    .text               ui_loader_default.o
    0x08018520   0x08018520   0x000000ac   Code   RO         2414    .text               window_open.o
    0x080185cc   0x080185cc   0x00000234   Code   RO         2454    .text               color_tile.o
    0x08018800   0x08018800   0x00000264   Code   RO         2473    .text               assets_manager.o
    0x08018a64   0x08018a64   0x0000024c   Code   RO         2488    .text               locale_info.o
    0x08018cb0   0x08018cb0   0x00000344   Code   RO         2512    .text               path.o
    0x08018ff4   0x08018ff4   0x0000005c   Code   RO         2524    .text               app_bar.o
    0x08019050   0x08019050   0x0000005c   Code   RO         2542    .text               column.o
    0x080190ac   0x080190ac   0x0000005c   Code   RO         2560    .text               grid.o
    0x08019108   0x08019108   0x0000005c   Code   RO         2578    .text               row.o
    0x08019164   0x08019164   0x000002c4   Code   RO         2596    .text               calibration_win.o
    0x08019428   0x08019428   0x00000190   Code   RO         2614    .text               font_loader_bitmap.o
    0x080195b8   0x080195b8   0x0000002c   Code   RO         2628    .text               font_loader.o
    0x080195e4   0x080195e4   0x0000056a   Code   RO         2640    .text               window_base.o
    0x08019b4e   0x08019b4e   0x00000006   Code   RO         2652    .text               widget_animator_factory_null.o
    0x08019b54   0x08019b54   0x00000018   Code   RO         2667    .text               time_now.o
    0x08019b6c   0x08019b6c   0x000000d4   Code   RO         2679    .text               style.o
    0x08019c40   0x08019c40   0x000001e0   Code   RO         2694    .text               style_const.o
    0x08019e20   0x08019e20   0x00000034   Code   RO         2708    .text               style_factory.o
    0x08019e54   0x08019e54   0x00000340   Code   RO         2725    .text               widget_animator_manager.o
    0x0801a194   0x0801a194   0x000000a0   Code   RO         2740    .text               clip_board_default.o
    0x0801a234   0x0801a234   0x00000104   Code   RO         2754    .text               clip_board.o
    0x0801a338   0x0801a338   0x000005e4   Code   RO         2768    .text               image_base.o
    0x0801a91c   0x0801a91c   0x0000005c   Code   RO         2780    .text               grid_item.o
    0x0801a978   0x0801a978   0x000002f8   Code   RO         2798    .text               input_device_status.o
    0x0801ac70   0x0801ac70   0x00000154   Code   RO         2812    .text               system_bar.o
    0x0801adc4   0x0801adc4   0x00000860   Code   RO         2831    .text               children_layouter_default.o
    0x0801b624   0x0801b624   0x00000150   Code   RO         2852    .text               children_layouter_factory.o
    0x0801b774   0x0801b774   0x000005a8   Code   RO         2873    .text               self_layouter_default.o
    0x0801bd1c   0x0801bd1c   0x000000ac   Code   RO         2888    .text               self_layouter_factory.o
    0x0801bdc8   0x0801bdc8   0x00000158   Code   RO         2909    .text               children_layouter.o
    0x0801bf20   0x0801bf20   0x0000013c   Code   RO         2921    .text               self_layouter.o
    0x0801c05c   0x0801c05c   0x000000c4   Code   RO         2948    .text               func_call_parser.o
    0x0801c120   0x0801c120   0x000006ac   Code   RO         2960    .text               lcd_stm32_raw.o
    0x0801c7cc   0x0801c7cc   0x000000d8   Code   RO         2990    .text               main_loop_stm32_raw.o
    0x0801c8a4   0x0801c8a4   0x00000064   Code   RO         3078    .text               platform.o
    0x0801c908   0x0801c908   0x0000001c   Code   RO         3092    .text               mutex_null.o
    0x0801c924   0x0801c924   0x0000004c   Code   RO         3109    .text               sys_tick.o
    0x0801c970   0x0801c970   0x00000004   Code   RO         3123    .text               fs_os.o
    0x0801c974   0x0801c974   0x00000026   Code   RO         3135    .text               demo_main.o
    0x0801c99a   0x0801c99a   0x00000002   PAD
    0x0801c99c   0x0801c99c   0x0000058c   Code   RO         3150    .text               demo1_app.o
    0x0801cf28   0x0801cf28   0x0000019c   Code   RO         3168    .text               assets-mini.o
    0x0801d0c4   0x0801d0c4   0x00000002   Code   RO         3218    .text               c_w.l(use_no_semi_2.o)
    0x0801d0c6   0x0801d0c6   0x00000002   PAD
    0x0801d0c8   0x0801d0c8   0x00000010   Code   RO         3220    .text               c_w.l(rt_ctype_table.o)
    0x0801d0d8   0x0801d0d8   0x0000001a   Code   RO         3222    .text               c_w.l(tolower.o)
    0x0801d0f2   0x0801d0f2   0x0000001e   Code   RO         3224    .text               c_w.l(toupper.o)
    0x0801d110   0x0801d110   0x00000034   Code   RO         3226    .text               c_w.l(vsnprintf.o)
    0x0801d144   0x0801d144   0x00000018   Code   RO         3228    .text               c_w.l(__2printf.o)
    0x0801d15c   0x0801d15c   0x00000078   Code   RO         3234    .text               c_w.l(_printf_dec.o)
    0x0801d1d4   0x0801d1d4   0x00000188   Code   RO         3253    .text               c_w.l(__printf_flags_ss_wp.o)
    0x0801d35c   0x0801d35c   0x00000034   Code   RO         3258    .text               c_w.l(vsscanf.o)
    0x0801d390   0x0801d390   0x00000050   Code   RO         3260    .text               c_w.l(bsearchnoex.o)
    0x0801d3e0   0x0801d3e0   0x00000014   Code   RO         3262    .text               c_w.l(strchr.o)
    0x0801d3f4   0x0801d3f4   0x00000024   Code   RO         3264    .text               c_w.l(strstr.o)
    0x0801d418   0x0801d418   0x00000048   Code   RO         3266    .text               c_w.l(strcpy.o)
    0x0801d460   0x0801d460   0x00000016   Code   RO         3268    .text               c_w.l(strrchr.o)
    0x0801d476   0x0801d476   0x0000003e   Code   RO         3270    .text               c_w.l(strlen.o)
    0x0801d4b4   0x0801d4b4   0x00000012   Code   RO         3272    .text               c_w.l(wcscpy.o)
    0x0801d4c6   0x0801d4c6   0x00000018   Code   RO         3274    .text               c_w.l(wcscmp.o)
    0x0801d4de   0x0801d4de   0x00000016   Code   RO         3276    .text               c_w.l(wcschr.o)
    0x0801d4f4   0x0801d4f4   0x00000012   Code   RO         3278    .text               c_w.l(wcslen.o)
    0x0801d506   0x0801d506   0x00000096   Code   RO         3280    .text               c_w.l(strncmp.o)
    0x0801d59c   0x0801d59c   0x0000008a   Code   RO         3282    .text               c_w.l(rt_memcpy_v6.o)
    0x0801d626   0x0801d626   0x00000084   Code   RO         3284    .text               c_w.l(rt_memmove_v6.o)
    0x0801d6aa   0x0801d6aa   0x00000064   Code   RO         3286    .text               c_w.l(rt_memcpy_w.o)
    0x0801d70e   0x0801d70e   0x00000044   Code   RO         3288    .text               c_w.l(rt_memclr.o)
    0x0801d752   0x0801d752   0x0000004e   Code   RO         3290    .text               c_w.l(rt_memclr_w.o)
    0x0801d7a0   0x0801d7a0   0x00000056   Code   RO         3292    .text               c_w.l(strncpy.o)
    0x0801d7f6   0x0801d7f6   0x00000002   PAD
    0x0801d7f8   0x0801d7f8   0x00000080   Code   RO         3294    .text               c_w.l(strcmpv7m.o)
    0x0801d878   0x0801d878   0x00000006   Code   RO         3296    .text               c_w.l(heapauxi.o)
    0x0801d87e   0x0801d87e   0x00000002   Code   RO         3408    .text               c_w.l(use_no_semi.o)
    0x0801d880   0x0801d880   0x00000008   Code   RO         3414    .text               c_w.l(rt_locale_intlibspace.o)
    0x0801d888   0x0801d888   0x00000016   Code   RO         3416    .text               c_w.l(_rserrno.o)
    0x0801d89e   0x0801d89e   0x0000004e   Code   RO         3418    .text               c_w.l(_printf_pad.o)
    0x0801d8ec   0x0801d8ec   0x00000024   Code   RO         3420    .text               c_w.l(_printf_truncate.o)
    0x0801d910   0x0801d910   0x00000052   Code   RO         3422    .text               c_w.l(_printf_str.o)
    0x0801d962   0x0801d962   0x000000b2   Code   RO         3424    .text               c_w.l(_printf_intcommon.o)
    0x0801da14   0x0801da14   0x00000028   Code   RO         3426    .text               c_w.l(_printf_charcount.o)
    0x0801da3c   0x0801da3c   0x00000030   Code   RO         3428    .text               c_w.l(_printf_char_common.o)
    0x0801da6c   0x0801da6c   0x0000000a   Code   RO         3430    .text               c_w.l(_sputc.o)
    0x0801da76   0x0801da76   0x00000010   Code   RO         3432    .text               c_w.l(_snputc.o)
    0x0801da86   0x0801da86   0x00000002   PAD
    0x0801da88   0x0801da88   0x00000024   Code   RO         3434    .text               c_w.l(_printf_char_file.o)
    0x0801daac   0x0801daac   0x000000bc   Code   RO         3436    .text               c_w.l(_printf_wctomb.o)
    0x0801db68   0x0801db68   0x0000007c   Code   RO         3439    .text               c_w.l(_printf_longlong_dec.o)
    0x0801dbe4   0x0801dbe4   0x00000070   Code   RO         3445    .text               c_w.l(_printf_oct_int_ll.o)
    0x0801dc54   0x0801dc54   0x00000094   Code   RO         3465    .text               c_w.l(_printf_hex_int_ll_ptr.o)
    0x0801dce8   0x0801dce8   0x00000156   Code   RO         3490    .text               c_w.l(_scanf_longlong.o)
    0x0801de3e   0x0801de3e   0x0000014c   Code   RO         3492    .text               c_w.l(_scanf_int.o)
    0x0801df8a   0x0801df8a   0x000000e0   Code   RO         3494    .text               c_w.l(_scanf_str.o)
    0x0801e06a   0x0801e06a   0x00000002   PAD
    0x0801e06c   0x0801e06c   0x0000002c   Code   RO         3496    .text               c_w.l(scanf_char.o)
    0x0801e098   0x0801e098   0x00000040   Code   RO         3498    .text               c_w.l(_sgetc.o)
    0x0801e0d8   0x0801e0d8   0x00000114   Code   RO         3500    .text               c_w.l(_scanf_mbtowc.o)
    0x0801e1ec   0x0801e1ec   0x000000e8   Code   RO         3502    .text               c_w.l(_scanf_wctomb.o)
    0x0801e2d4   0x0801e2d4   0x000000d0   Code   RO         3504    .text               c_w.l(_scanf_wstr.o)
    0x0801e3a4   0x0801e3a4   0x0000007a   Code   RO         3509    .text               c_w.l(rt_memmove_w.o)
    0x0801e41e   0x0801e41e   0x00000002   PAD
    0x0801e420   0x0801e420   0x00000008   Code   RO         3571    .text               c_w.l(libspace.o)
    0x0801e428   0x0801e428   0x00000008   Code   RO         3592    .text               c_w.l(rt_errno_addr_intlibspace.o)
    0x0801e430   0x0801e430   0x0000008a   Code   RO         3594    .text               c_w.l(lludiv10.o)
    0x0801e4ba   0x0801e4ba   0x00000012   Code   RO         3596    .text               c_w.l(isspace.o)
    0x0801e4cc   0x0801e4cc   0x0000041e   Code   RO         3598    .text               c_w.l(_printf_fp_dec.o)
    0x0801e8ea   0x0801e8ea   0x00000002   PAD
    0x0801e8ec   0x0801e8ec   0x000002fc   Code   RO         3600    .text               c_w.l(_printf_fp_hex.o)
    0x0801ebe8   0x0801ebe8   0x0000002c   Code   RO         3605    .text               c_w.l(_printf_char.o)
    0x0801ec14   0x0801ec14   0x0000002c   Code   RO         3607    .text               c_w.l(_printf_wchar.o)
    0x0801ec40   0x0801ec40   0x0000001c   Code   RO         3609    .text               c_w.l(_chval.o)
    0x0801ec5c   0x0801ec5c   0x00000374   Code   RO         3611    .text               c_w.l(_scanf.o)
    0x0801efd0   0x0801efd0   0x000004f8   Code   RO         3613    .text               c_w.l(scanf_fp.o)
    0x0801f4c8   0x0801f4c8   0x0000001e   Code   RO         3615    .text               c_w.l(_scanf_wcharmap.o)
    0x0801f4e6   0x0801f4e6   0x00000008   Code   RO         3617    .text               c_w.l(ferror.o)
    0x0801f4ee   0x0801f4ee   0x0000003c   Code   RO         3621    .text               c_w.l(_mbrtowc.o)
    0x0801f52a   0x0801f52a   0x00000040   Code   RO         3623    .text               c_w.l(_wcrtomb.o)
    0x0801f56a   0x0801f56a   0x0000004a   Code   RO         3672    .text               c_w.l(sys_stackheap_outer.o)
    0x0801f5b4   0x0801f5b4   0x00000080   Code   RO         3674    .text               c_w.l(_printf_fp_infnan.o)
    0x0801f634   0x0801f634   0x000000e4   Code   RO         3676    .text               c_w.l(bigflt0.o)
    0x0801f718   0x0801f718   0x00000012   Code   RO         3704    .text               c_w.l(exit.o)
    0x0801f72a   0x0801f72a   0x00000002   PAD
    0x0801f72c   0x0801f72c   0x00000320   Code   RO         3738    .text               c_w.l(scanf_hexfp.o)
    0x0801fa4c   0x0801fa4c   0x00000134   Code   RO         3740    .text               c_w.l(scanf_infnan.o)
    0x0801fb80   0x0801fb80   0x00000026   Code   RO         3763    .text               c_w.l(llshl.o)
    0x0801fba6   0x0801fba6   0x0000003e   Code   RO         3679    CL$$btod_d2e        c_w.l(btod.o)
    0x0801fbe4   0x0801fbe4   0x00000046   Code   RO         3681    CL$$btod_d2e_denorm_low  c_w.l(btod.o)
    0x0801fc2a   0x0801fc2a   0x00000060   Code   RO         3680    CL$$btod_d2e_norm_op1  c_w.l(btod.o)
    0x0801fc8a   0x0801fc8a   0x00000338   Code   RO         3689    CL$$btod_div_common  c_w.l(btod.o)
    0x0801ffc2   0x0801ffc2   0x00000002   PAD
    0x0801ffc4   0x0801ffc4   0x00000084   Code   RO         3687    CL$$btod_e2d        c_w.l(btod.o)
    0x08020048   0x08020048   0x000000dc   Code   RO         3686    CL$$btod_e2e        c_w.l(btod.o)
    0x08020124   0x08020124   0x0000002a   Code   RO         3683    CL$$btod_ediv       c_w.l(btod.o)
    0x0802014e   0x0802014e   0x0000002a   Code   RO         3685    CL$$btod_edivd      c_w.l(btod.o)
    0x08020178   0x08020178   0x0000002a   Code   RO         3682    CL$$btod_emul       c_w.l(btod.o)
    0x080201a2   0x080201a2   0x0000002a   Code   RO         3684    CL$$btod_emuld      c_w.l(btod.o)
    0x080201cc   0x080201cc   0x00000244   Code   RO         3688    CL$$btod_mult_common  c_w.l(btod.o)
    0x08020410   0x08020410   0x00000028   Code   RO         3555    i.__ARM_fpclassify  m_ws.l(fpclassify.o)
    0x08020438   0x08020438   0x00000388   Code   RO         3560    i.__ieee754_rem_pio2  m_ws.l(rred.o)
    0x080207c0   0x080207c0   0x000000fc   Code   RO         3538    i.__kernel_cos      m_ws.l(cos_i.o)
    0x080208bc   0x080208bc   0x000000aa   Code   RO         3557    i.__kernel_poly     m_ws.l(poly.o)
    0x08020966   0x08020966   0x00000002   PAD
    0x08020968   0x08020968   0x000000ec   Code   RO         3565    i.__kernel_sin      m_ws.l(sin_i.o)
    0x08020a54   0x08020a54   0x00000010   Code   RO         3541    i.__mathlib_dbl_divzero  m_ws.l(dunder.o)
    0x08020a64   0x08020a64   0x00000006   Code   RO         3542    i.__mathlib_dbl_infnan  m_ws.l(dunder.o)
    0x08020a6a   0x08020a6a   0x00000004   Code   RO         3543    i.__mathlib_dbl_infnan2  m_ws.l(dunder.o)
    0x08020a6e   0x08020a6e   0x0000000c   Code   RO         3544    i.__mathlib_dbl_invalid  m_ws.l(dunder.o)
    0x08020a7a   0x08020a7a   0x0000000e   Code   RO         3545    i.__mathlib_dbl_overflow  m_ws.l(dunder.o)
    0x08020a88   0x08020a88   0x00000010   Code   RO         3547    i.__mathlib_dbl_underflow  m_ws.l(dunder.o)
    0x08020a98   0x08020a98   0x00000010   Code   RO         3730    i.__mathlib_narrow  m_ws.l(narrow.o)
    0x08020aa8   0x08020aa8   0x000000bc   Code   RO         3731    i.__mathlib_tofloat  m_ws.l(narrow.o)
    0x08020b64   0x08020b64   0x00000016   Code   RO         3770    i.__support_ldexp   m_ws.l(ldexp.o)
    0x08020b7a   0x08020b7a   0x0000000e   Code   RO         3246    i._is_digit         c_w.l(__printf_wp.o)
    0x08020b88   0x08020b88   0x0000009c   Code   RO         3371    i.cos               m_ws.l(cos.o)
    0x08020c24   0x08020c24   0x000000dc   Code   RO         3379    i.floor             m_ws.l(floor.o)
    0x08020d00   0x08020d00   0x00000058   Code   RO         3749    i.frexp             m_ws.l(frexp.o)
    0x08020d58   0x08020d58   0x00000074   Code   RO         3771    i.ldexp             m_ws.l(ldexp.o)
    0x08020dcc   0x08020dcc   0x000009d8   Code   RO         3383    i.pow               m_ws.l(pow.o)
    0x080217a4   0x080217a4   0x000000a0   Code   RO         3393    i.sin               m_ws.l(sin.o)
    0x08021844   0x08021844   0x0000004c   Code   RO         3401    i.sqrt              m_ws.l(sqrt.o)
    0x08021890   0x08021890   0x0000002c   Code   RO         3507    locale$$code        c_w.l(lc_ctype_c.o)
    0x080218bc   0x080218bc   0x0000002c   Code   RO         3702    locale$$code        c_w.l(lc_numeric_c.o)
    0x080218e8   0x080218e8   0x00000062   Code   RO         3300    x$fpl$d2f           fz_ws.l(d2f.o)
    0x0802194a   0x0802194a   0x00000002   PAD
    0x0802194c   0x0802194c   0x00000150   Code   RO         3302    x$fpl$dadd          fz_ws.l(daddsub_clz.o)
    0x08021a9c   0x08021a9c   0x00000010   Code   RO         3670    x$fpl$dcheck1       fz_ws.l(dcheck1.o)
    0x08021aac   0x08021aac   0x00000018   Code   RO         3511    x$fpl$dcmpinf       fz_ws.l(dcmpi.o)
    0x08021ac4   0x08021ac4   0x000002b0   Code   RO         3309    x$fpl$ddiv          fz_ws.l(ddiv.o)
    0x08021d74   0x08021d74   0x00000078   Code   RO         3312    x$fpl$deqf          fz_ws.l(deqf.o)
    0x08021dec   0x08021dec   0x0000005e   Code   RO         3314    x$fpl$dfix          fz_ws.l(dfix.o)
    0x08021e4a   0x08021e4a   0x00000002   PAD
    0x08021e4c   0x08021e4c   0x0000005a   Code   RO         3318    x$fpl$dfixu         fz_ws.l(dfixu.o)
    0x08021ea6   0x08021ea6   0x0000002e   Code   RO         3323    x$fpl$dflt          fz_ws.l(dflt_clz.o)
    0x08021ed4   0x08021ed4   0x00000026   Code   RO         3322    x$fpl$dfltu         fz_ws.l(dflt_clz.o)
    0x08021efa   0x08021efa   0x00000002   PAD
    0x08021efc   0x08021efc   0x00000078   Code   RO         3328    x$fpl$dleqf         fz_ws.l(dleqf.o)
    0x08021f74   0x08021f74   0x00000154   Code   RO         3330    x$fpl$dmul          fz_ws.l(dmul.o)
    0x080220c8   0x080220c8   0x0000009c   Code   RO         3513    x$fpl$dnaninf       fz_ws.l(dnaninf.o)
    0x08022164   0x08022164   0x0000000c   Code   RO         3515    x$fpl$dretinf       fz_ws.l(dretinf.o)
    0x08022170   0x08022170   0x0000006c   Code   RO         3332    x$fpl$drleqf        fz_ws.l(drleqf.o)
    0x080221dc   0x080221dc   0x00000016   Code   RO         3303    x$fpl$drsb          fz_ws.l(daddsub_clz.o)
    0x080221f2   0x080221f2   0x00000002   PAD
    0x080221f4   0x080221f4   0x000001cc   Code   RO         3517    x$fpl$dsqrt         fz_ws.l(dsqrt_noumaal.o)
    0x080223c0   0x080223c0   0x000001d4   Code   RO         3304    x$fpl$dsub          fz_ws.l(daddsub_clz.o)
    0x08022594   0x08022594   0x00000056   Code   RO         3334    x$fpl$f2d           fz_ws.l(f2d.o)
    0x080225ea   0x080225ea   0x00000002   PAD
    0x080225ec   0x080225ec   0x000000c4   Code   RO         3336    x$fpl$fadd          fz_ws.l(faddsub_clz.o)
    0x080226b0   0x080226b0   0x00000018   Code   RO         3519    x$fpl$fcmpinf       fz_ws.l(fcmpi.o)
    0x080226c8   0x080226c8   0x00000184   Code   RO         3343    x$fpl$fdiv          fz_ws.l(fdiv.o)
    0x0802284c   0x0802284c   0x00000068   Code   RO         3346    x$fpl$feqf          fz_ws.l(feqf.o)
    0x080228b4   0x080228b4   0x00000036   Code   RO         3348    x$fpl$ffix          fz_ws.l(ffix.o)
    0x080228ea   0x080228ea   0x00000002   PAD
    0x080228ec   0x080228ec   0x0000003e   Code   RO         3352    x$fpl$ffixu         fz_ws.l(ffixu.o)
    0x0802292a   0x0802292a   0x00000002   PAD
    0x0802292c   0x0802292c   0x00000030   Code   RO         3357    x$fpl$fflt          fz_ws.l(fflt_clz.o)
    0x0802295c   0x0802295c   0x00000060   Code   RO         3362    x$fpl$ffltll        fz_ws.l(ffltll_clz.o)
    0x080229bc   0x080229bc   0x00000026   Code   RO         3356    x$fpl$ffltu         fz_ws.l(fflt_clz.o)
    0x080229e2   0x080229e2   0x00000002   PAD
    0x080229e4   0x080229e4   0x00000068   Code   RO         3364    x$fpl$fleqf         fz_ws.l(fleqf.o)
    0x08022a4c   0x08022a4c   0x00000102   Code   RO         3366    x$fpl$fmul          fz_ws.l(fmul.o)
    0x08022b4e   0x08022b4e   0x0000008c   Code   RO         3521    x$fpl$fnaninf       fz_ws.l(fnaninf.o)
    0x08022bda   0x08022bda   0x0000000a   Code   RO         3523    x$fpl$fretinf       fz_ws.l(fretinf.o)
    0x08022be4   0x08022be4   0x00000062   Code   RO         3368    x$fpl$frleqf        fz_ws.l(frleqf.o)
    0x08022c46   0x08022c46   0x00000014   Code   RO         3337    x$fpl$frsb          fz_ws.l(faddsub_clz.o)
    0x08022c5a   0x08022c5a   0x00000002   PAD
    0x08022c5c   0x08022c5c   0x000000ea   Code   RO         3338    x$fpl$fsub          fz_ws.l(faddsub_clz.o)
    0x08022d46   0x08022d46   0x00000006   Code   RO         3720    x$fpl$ieeestatus    fz_ws.l(istatus.o)
    0x08022d4c   0x08022d4c   0x00000004   Code   RO         3525    x$fpl$printf1       fz_ws.l(printf1.o)
    0x08022d50   0x08022d50   0x00000004   Code   RO         3527    x$fpl$printf2       fz_ws.l(printf2.o)
    0x08022d54   0x08022d54   0x00000064   Code   RO         3722    x$fpl$retnan        fz_ws.l(retnan.o)
    0x08022db8   0x08022db8   0x0000005c   Code   RO         3533    x$fpl$scalbn        fz_ws.l(scalbn.o)
    0x08022e14   0x08022e14   0x00000004   Code   RO         3535    x$fpl$scanf1        fz_ws.l(scanf1.o)
    0x08022e18   0x08022e18   0x00000008   Code   RO         3724    x$fpl$scanf2        fz_ws.l(scanf2.o)
    0x08022e20   0x08022e20   0x00000030   Code   RO         3746    x$fpl$trapveneer    fz_ws.l(trapv.o)
    0x08022e50   0x08022e50   0x00000000   Code   RO         3537    x$fpl$usenofp       fz_ws.l(usenofp.o)
    0x08022e50   0x08022e50   0x00000018   Data   RO          513    .constdata          rtc.o
    0x08022e68   0x08022e68   0x00000948   Data   RO          570    .constdata          gui.o
    0x080237b0   0x080237b0   0x00000025   Data   RO          605    .constdata          array.o
    0x080237d5   0x080237d5   0x00000003   PAD
    0x080237d8   0x080237d8   0x00000044   Data   RO          649    .constdata          bitmap.o
    0x0802381c   0x0802381c   0x0000007e   Data   RO          695    .constdata          button_1.o
    0x0802389a   0x0802389a   0x00000002   PAD
    0x0802389c   0x0802389c   0x0000010e   Data   RO          825    .constdata          check_button.o
    0x080239aa   0x080239aa   0x00000002   PAD
    0x080239ac   0x080239ac   0x0000007e   Data   RO          862    .constdata          dialog.o
    0x08023a2a   0x08023a2a   0x0000001a   Data   RO          920    .constdata          emitter.o
    0x08023a44   0x08023a44   0x0000030c   Data   RO          942    .constdata          enums.o
    0x08023d50   0x08023d50   0x00000014   Data   RO          981    .constdata          font_manager.o
    0x08023d64   0x08023d64   0x00000081   Data   RO          996    .constdata          group_box.o
    0x08023de5   0x08023de5   0x00000003   PAD
    0x08023de8   0x08023de8   0x0000007d   Data   RO         1014    .constdata          image.o
    0x08023e65   0x08023e65   0x00000027   Data   RO         1036    .constdata          image_manager.o
    0x08023e8c   0x08023e8c   0x0000007d   Data   RO         1051    .constdata          label.o
    0x08023f09   0x08023f09   0x00000003   PAD
    0x08023f0c   0x08023f0c   0x00000084   Data   RO         1109    .constdata          progress_bar.o
    0x08023f90   0x08023f90   0x0000000d   Data   RO         1140    .constdata          theme.o
    0x08023f9d   0x08023f9d   0x00000003   PAD
    0x08023fa0   0x08023fa0   0x00000104   Data   RO         1155    .constdata          utf8.o
    0x080240a4   0x080240a4   0x0000000d   Data   RO         1170    .constdata          value.o
    0x080240b1   0x080240b1   0x00000003   PAD
    0x080240b4   0x080240b4   0x00000070   Data   RO         1258    .constdata          widget_vtable.o
    0x08024124   0x08024124   0x0000007e   Data   RO         1272    .constdata          window.o
    0x080241a2   0x080241a2   0x00000002   PAD
    0x080241a4   0x080241a4   0x00000086   Data   RO         1291    .constdata          window_manager.o
    0x0802422a   0x0802422a   0x00000014   Data   RO         1316    .constdata          wstr.o
    0x0802423e   0x0802423e   0x00000017   Data   RO         1329    .constdata          utils.o
    0x08024255   0x08024255   0x00000027   Data   RO         1369    .constdata          timer.o
    0x0802427c   0x0802427c   0x00000013   Data   RO         1402    .constdata          event_queue.o
    0x0802428f   0x0802428f   0x00000001   PAD
    0x08024290   0x08024290   0x0000007e   Data   RO         1418    .constdata          slider.o
    0x0802430e   0x0802430e   0x00000025   Data   RO         1461    .constdata          idle.o
    0x08024333   0x08024333   0x00000017   Data   RO         1502    .constdata          str.o
    0x0802434a   0x0802434a   0x00000002   PAD
    0x0802434c   0x0802434c   0x0000007d   Data   RO         1537    .constdata          pages.o
    0x080243c9   0x080243c9   0x00000003   PAD
    0x080243cc   0x080243cc   0x0000007f   Data   RO         1556    .constdata          edit.o
    0x0802444b   0x0802444b   0x00000001   PAD
    0x0802444c   0x0802444c   0x0000007c   Data   RO         1579    .constdata          view.o
    0x080244c8   0x080244c8   0x000004ae   Data   RO         1612    .constdata          widget_factory.o
    0x08024976   0x08024976   0x00000002   PAD
    0x08024978   0x08024978   0x00000070   Data   RO         1822    .constdata          spin_box.o
    0x080249e8   0x080249e8   0x0000007f   Data   RO         1841    .constdata          dragger.o
    0x08024a67   0x08024a67   0x00000001   PAD
    0x08024a68   0x08024a68   0x00000085   Data   RO         1860    .constdata          dialog_client.o
    0x08024aed   0x08024aed   0x00000003   PAD
    0x08024af0   0x08024af0   0x00000084   Data   RO         1875    .constdata          dialog_title.o
    0x08024b74   0x08024b74   0x00000028   Data   RO         1890    .constdata          custom_props.o
    0x08024b9c   0x08024b9c   0x00000019   Data   RO         1993    .constdata          input_method_creator.o
    0x08024bb5   0x08024bb5   0x00000003   PAD
    0x08024bb8   0x08024bb8   0x00000084   Data   RO         2009    .constdata          button_group.o
    0x08024c3c   0x08024c3c   0x0000009e   Data   RO         2045    .constdata          combo_box.o
    0x08024cda   0x08024cda   0x00000002   PAD
    0x08024cdc   0x08024cdc   0x00000086   Data   RO         2071    .constdata          combo_box_item.o
    0x08024d62   0x08024d62   0x00000002   PAD
    0x08024d64   0x08024d64   0x00000060   Data   RO         2086    .constdata          easing.o
    0x08024dc4   0x08024dc4   0x0000000a   Data   RO         2100    .constdata          fs.o
    0x08024dce   0x08024dce   0x00000002   PAD
    0x08024dd0   0x08024dd0   0x0000007d   Data   RO         2153    .constdata          popup.o
    0x08024e4d   0x08024e4d   0x00000003   PAD
    0x08024e50   0x08024e50   0x00000082   Data   RO         2195    .constdata          tab_button.o
    0x08024ed2   0x08024ed2   0x00000002   PAD
    0x08024ed4   0x08024ed4   0x00000088   Data   RO         2214    .constdata          tab_button_group.o
    0x08024f5c   0x08024f5c   0x00000083   Data   RO         2232    .constdata          tab_control.o
    0x08024fdf   0x08024fdf   0x00000001   PAD
    0x08024fe0   0x08024fe0   0x00000004   Data   RO         2348    .constdata          ui_loader_default.o
    0x08024fe4   0x08024fe4   0x00000082   Data   RO         2455    .constdata          color_tile.o
    0x08025066   0x08025066   0x00000016   Data   RO         2474    .constdata          assets_manager.o
    0x0802507c   0x0802507c   0x00000013   Data   RO         2489    .constdata          locale_info.o
    0x0802508f   0x0802508f   0x00000001   PAD
    0x08025090   0x08025090   0x0000007f   Data   RO         2525    .constdata          app_bar.o
    0x0802510f   0x0802510f   0x00000001   PAD
    0x08025110   0x08025110   0x0000007e   Data   RO         2543    .constdata          column.o
    0x0802518e   0x0802518e   0x00000002   PAD
    0x08025190   0x08025190   0x0000007c   Data   RO         2561    .constdata          grid.o
    0x0802520c   0x0802520c   0x0000007b   Data   RO         2579    .constdata          row.o
    0x08025287   0x08025287   0x00000001   PAD
    0x08025288   0x08025288   0x00000087   Data   RO         2597    .constdata          calibration_win.o
    0x0802530f   0x0802530f   0x00000013   Data   RO         2615    .constdata          font_loader_bitmap.o
    0x08025322   0x08025322   0x00000002   PAD
    0x08025324   0x08025324   0x0000002b   Data   RO         2695    .constdata          style_const.o
    0x0802534f   0x0802534f   0x0000001f   Data   RO         2726    .constdata          widget_animator_manager.o
    0x0802536e   0x0802536e   0x00000002   PAD
    0x08025370   0x08025370   0x0000002a   Data   RO         2741    .constdata          clip_board_default.o
    0x0802539a   0x0802539a   0x00000002   PAD
    0x0802539c   0x0802539c   0x00000081   Data   RO         2781    .constdata          grid_item.o
    0x0802541d   0x0802541d   0x00000026   Data   RO         2799    .constdata          input_device_status.o
    0x08025443   0x08025443   0x00000001   PAD
    0x08025444   0x08025444   0x00000082   Data   RO         2813    .constdata          system_bar.o
    0x080254c6   0x080254c6   0x00000002   PAD
    0x080254c8   0x080254c8   0x00000064   Data   RO         2832    .constdata          children_layouter_default.o
    0x0802552c   0x0802552c   0x00000035   Data   RO         2874    .constdata          self_layouter_default.o
    0x08025561   0x08025561   0x0000000f   Data   RO         2961    .constdata          lcd_stm32_raw.o
    0x08025570   0x08025570   0x00025145   Data   RO         3169    .constdata          assets-mini.o
    0x0804a6b5   0x0804a6b5   0x00000011   Data   RO         3254    .constdata          c_w.l(__printf_flags_ss_wp.o)
    0x0804a6c6   0x0804a6c6   0x00000002   PAD
    0x0804a6c8   0x0804a6c8   0x00000088   Data   RO         3384    .constdata          m_ws.l(pow.o)
    0x0804a750   0x0804a750   0x00000008   Data   RO         3437    .constdata          c_w.l(_printf_wctomb.o)
    0x0804a758   0x0804a758   0x00000028   Data   RO         3466    .constdata          c_w.l(_printf_hex_int_ll_ptr.o)
    0x0804a780   0x0804a780   0x00000030   Data   RO         3539    .constdata          m_ws.l(cos_i.o)
    0x0804a7b0   0x0804a7b0   0x00000008   Data   RO         3559    .constdata          m_ws.l(qnan.o)
    0x0804a7b8   0x0804a7b8   0x000000c8   Data   RO         3562    .constdata          m_ws.l(rred.o)
    0x0804a880   0x0804a880   0x00000028   Data   RO         3566    .constdata          m_ws.l(sin_i.o)
    0x0804a8a8   0x0804a8a8   0x00000026   Data   RO         3601    .constdata          c_w.l(_printf_fp_hex.o)
    0x0804a8ce   0x0804a8ce   0x00000002   PAD
    0x0804a8d0   0x0804a8d0   0x00000094   Data   RO         3677    .constdata          c_w.l(bigflt0.o)
    0x0804a964   0x0804a964   0x0000000f   Data   RO          696    .conststring        button_1.o
    0x0804a973   0x0804a973   0x00000001   PAD
    0x0804a974   0x0804a974   0x00000025   Data   RO          826    .conststring        check_button.o
    0x0804a999   0x0804a999   0x00000003   PAD
    0x0804a99c   0x0804a99c   0x00000043   Data   RO          863    .conststring        dialog.o
    0x0804a9df   0x0804a9df   0x00000001   PAD
    0x0804a9e0   0x0804a9e0   0x00000271   Data   RO          943    .conststring        enums.o
    0x0804ac51   0x0804ac51   0x00000003   PAD
    0x0804ac54   0x0804ac54   0x0000000a   Data   RO          997    .conststring        group_box.o
    0x0804ac5e   0x0804ac5e   0x00000002   PAD
    0x0804ac60   0x0804ac60   0x00000055   Data   RO         1015    .conststring        image.o
    0x0804acb5   0x0804acb5   0x00000003   PAD
    0x0804acb8   0x0804acb8   0x00000006   Data   RO         1052    .conststring        label.o
    0x0804acbe   0x0804acbe   0x00000002   PAD
    0x0804acc0   0x0804acc0   0x00000026   Data   RO         1110    .conststring        progress_bar.o
    0x0804ace6   0x0804ace6   0x00000002   PAD
    0x0804ace8   0x0804ace8   0x00000068   Data   RO         1186    .conststring        widget.o
    0x0804ad50   0x0804ad50   0x00000007   Data   RO         1273    .conststring        window.o
    0x0804ad57   0x0804ad57   0x00000001   PAD
    0x0804ad58   0x0804ad58   0x0000000f   Data   RO         1292    .conststring        window_manager.o
    0x0804ad67   0x0804ad67   0x00000001   PAD
    0x0804ad68   0x0804ad68   0x00000018   Data   RO         1419    .conststring        slider.o
    0x0804ad80   0x0804ad80   0x00000006   Data   RO         1538    .conststring        pages.o
    0x0804ad86   0x0804ad86   0x00000002   PAD
    0x0804ad88   0x0804ad88   0x00000085   Data   RO         1557    .conststring        edit.o
    0x0804ae0d   0x0804ae0d   0x00000003   PAD
    0x0804ae10   0x0804ae10   0x00000005   Data   RO         1580    .conststring        view.o
    0x0804ae15   0x0804ae15   0x00000003   PAD
    0x0804ae18   0x0804ae18   0x00000009   Data   RO         1823    .conststring        spin_box.o
    0x0804ae21   0x0804ae21   0x00000003   PAD
    0x0804ae24   0x0804ae24   0x00000026   Data   RO         1842    .conststring        dragger.o
    0x0804ae4a   0x0804ae4a   0x00000002   PAD
    0x0804ae4c   0x0804ae4c   0x0000000e   Data   RO         1861    .conststring        dialog_client.o
    0x0804ae5a   0x0804ae5a   0x00000002   PAD
    0x0804ae5c   0x0804ae5c   0x0000000d   Data   RO         1876    .conststring        dialog_title.o
    0x0804ae69   0x0804ae69   0x00000003   PAD
    0x0804ae6c   0x0804ae6c   0x00000a61   Data   RO         2027    .conststring        color_parser.o
    0x0804b8cd   0x0804b8cd   0x00000003   PAD
    0x0804b8d0   0x0804b8d0   0x00000026   Data   RO         2046    .conststring        combo_box.o
    0x0804b8f6   0x0804b8f6   0x00000002   PAD
    0x0804b8f8   0x0804b8f8   0x0000000f   Data   RO         2072    .conststring        combo_box_item.o
    0x0804b907   0x0804b907   0x00000001   PAD
    0x0804b908   0x0804b908   0x00000036   Data   RO         2154    .conststring        popup.o
    0x0804b93e   0x0804b93e   0x00000002   PAD
    0x0804b940   0x0804b940   0x0000000b   Data   RO         2196    .conststring        tab_button.o
    0x0804b94b   0x0804b94b   0x00000001   PAD
    0x0804b94c   0x0804b94c   0x00000011   Data   RO         2215    .conststring        tab_button_group.o
    0x0804b95d   0x0804b95d   0x00000003   PAD
    0x0804b960   0x0804b960   0x0000000c   Data   RO         2233    .conststring        tab_control.o
    0x0804b96c   0x0804b96c   0x00000025   Data   RO         2456    .conststring        color_tile.o
    0x0804b991   0x0804b991   0x00000003   PAD
    0x0804b994   0x0804b994   0x00000008   Data   RO         2526    .conststring        app_bar.o
    0x0804b99c   0x0804b99c   0x00000007   Data   RO         2544    .conststring        column.o
    0x0804b9a3   0x0804b9a3   0x00000001   PAD
    0x0804b9a4   0x0804b9a4   0x00000004   Data   RO         2562    .conststring        grid.o
    0x0804b9a8   0x0804b9a8   0x00000010   Data   RO         2598    .conststring        calibration_win.o
    0x0804b9b8   0x0804b9b8   0x0000000b   Data   RO         2814    .conststring        system_bar.o
    0x0804b9c3   0x0804b9c3   0x00000001   PAD
    0x0804b9c4   0x0804b9c4   0x00000020   Data   RO         3831    Region$$Table       anon$$obj.o
    0x0804b9e4   0x0804b9e4   0x00000008   Data   RO         3714    c$$dinf             fz_ws.l(fpconst.o)
    0x0804b9ec   0x0804b9ec   0x00000008   Data   RO         3717    c$$dmax             fz_ws.l(fpconst.o)
    0x0804b9f4   0x0804b9f4   0x00000110   Data   RO         3506    locale$$data        c_w.l(lc_ctype_c.o)
    0x0804bb04   0x0804bb04   0x0000001c   Data   RO         3701    locale$$data        c_w.l(lc_numeric_c.o)


    Execution Region RW_IRAM1 (Exec base: 0x20000000, Load base: 0x0804bb20, Size: 0x00003ea8, Max: 0x00010000, ABSOLUTE, COMPRESSED[0x0000041c])

    Exec Addr    Load Addr    Size         Type   Attr      Idx    E Section Name        Object

    0x20000000   COMPRESSED   0x00000014   Data   RW          105    .data               system_stm32f10x.o
    0x20000014   COMPRESSED   0x00000006   Data   RW          218    .data               usart.o
    0x2000001a   COMPRESSED   0x00000014   Data   RW          282    .data               stm32f10x_rcc.o
    0x2000002e   COMPRESSED   0x00000001   Data   RW          452    .data               led.o
    0x2000002f   COMPRESSED   0x00000001   Data   RW          480    .data               button.o
    0x20000030   COMPRESSED   0x00000004   Data   RW          493    .data               tim.o
    0x20000034   COMPRESSED   0x0000000a   Data   RW          514    .data               rtc.o
    0x2000003e   COMPRESSED   0x00000008   Data   RW          537    .data               touch.o
    0x20000046   COMPRESSED   0x00000002   PAD
    0x20000048   COMPRESSED   0x00000008   Data   RW          697    .data               button_1.o
    0x20000050   COMPRESSED   0x00000008   Data   RW          827    .data               check_button.o
    0x20000058   COMPRESSED   0x00000018   Data   RW          864    .data               dialog.o
    0x20000070   COMPRESSED   0x00000004   Data   RW          982    .data               font_manager.o
    0x20000074   COMPRESSED   0x00000028   Data   RW         1016    .data               image.o
    0x2000009c   COMPRESSED   0x00000004   Data   RW         1037    .data               image_manager.o
    0x200000a0   COMPRESSED   0x00000004   Data   RW         1078    .data               main_loop.o
    0x200000a4   COMPRESSED   0x00000010   Data   RW         1111    .data               progress_bar.o
    0x200000b4   COMPRESSED   0x00000004   Data   RW         1141    .data               theme.o
    0x200000b8   COMPRESSED   0x00000034   Data   RW         1187    .data               widget.o
    0x200000ec   COMPRESSED   0x00000018   Data   RW         1274    .data               window.o
    0x20000104   COMPRESSED   0x00000004   Data   RW         1293    .data               window_manager.o
    0x20000108   COMPRESSED   0x00000004   Data   RW         1370    .data               timer.o
    0x2000010c   COMPRESSED   0x00000018   Data   RW         1420    .data               slider.o
    0x20000124   COMPRESSED   0x00000004   Data   RW         1462    .data               idle.o
    0x20000128   COMPRESSED   0x00000008   Data   RW         1539    .data               pages.o
    0x20000130   COMPRESSED   0x00000038   Data   RW         1558    .data               edit.o
    0x20000168   COMPRESSED   0x00000004   Data   RW         1613    .data               widget_factory.o
    0x2000016c   COMPRESSED   0x00000004   Data   RW         1783    .data               input_method.o
    0x20000170   COMPRESSED   0x00000014   Data   RW         1843    .data               dragger.o
    0x20000184   COMPRESSED   0x00000460   Data   RW         2028    .data               color_parser.o
    0x200005e4   COMPRESSED   0x0000003c   Data   RW         2047    .data               combo_box.o
    0x20000620   COMPRESSED   0x00000020   Data   RW         2155    .data               popup.o
    0x20000640   COMPRESSED   0x00000008   Data   RW         2197    .data               tab_button.o
    0x20000648   COMPRESSED   0x0000000c   Data   RW         2457    .data               color_tile.o
    0x20000654   COMPRESSED   0x00000004   Data   RW         2475    .data               assets_manager.o
    0x20000658   COMPRESSED   0x00000004   Data   RW         2490    .data               locale_info.o
    0x2000065c   COMPRESSED   0x00000008   Data   RW         2616    .data               font_loader_bitmap.o
    0x20000664   COMPRESSED   0x00000004   Data   RW         2709    .data               style_factory.o
    0x20000668   COMPRESSED   0x00000004   Data   RW         2727    .data               widget_animator_manager.o
    0x2000066c   COMPRESSED   0x00000004   Data   RW         2755    .data               clip_board.o
    0x20000670   COMPRESSED   0x0000000c   Data   RW         2815    .data               system_bar.o
    0x2000067c   COMPRESSED   0x00000004   Data   RW         3093    .data               mutex_null.o
    0x20000680   COMPRESSED   0x00000004   Data   RW         3110    .data               sys_tick.o
    0x20000684        -       0x000000c8   Zero   RW          217    .bss                usart.o
    0x2000074c        -       0x0000000a   Zero   RW          512    .bss                rtc.o
    0x20000756   COMPRESSED   0x00000002   PAD
    0x20000758        -       0x0000000c   Zero   RW          536    .bss                touch.o
    0x20000764        -       0x00001000   Zero   RW          591    .bss                flash.o
    0x20001764        -       0x00000014   Zero   RW         1095    .bss                mem.o
    0x20001778        -       0x0000001c   Zero   RW         1476    .bss                system_info.o
    0x20001794        -       0x00000090   Zero   RW         1518    .bss                main_loop_simple.o
    0x20001824        -       0x00000024   Zero   RW         2316    .bss                ui_builder_default.o
    0x20001848        -       0x00002000   Zero   RW         3079    .bss                platform.o
    0x20003848        -       0x00000060   Zero   RW         3572    .bss                c_w.l(libspace.o)
    0x200038a8        -       0x00000200   Zero   RW          251    HEAP                startup_stm32f10x_hd.o
    0x20003aa8        -       0x00000400   Zero   RW          250    STACK               startup_stm32f10x_hd.o


==============================================================================

Image component sizes


      Code (inc. data)   RO Data    RW Data    ZI Data      Debug   Object Name

        92         10        135          0          0       2062   app_bar.o
       656         14         37          0          0      13983   array.o
       412        132     151877          0          0      12083   assets-mini.o
       612         16         22          4          0       6086   assets_manager.o
       812         18          0          0          0       7371   awtk_global.o
      1410         38         68          0          0      13576   bitmap.o
       848          0          0          0          0       7160   buffer.o
       256         12          0          1          0        850   button.o
       716         54        141          8          0      40154   button_1.o
       112         10        132          0          0       2448   button_group.o
       708         26        151          0          0       5058   calibration_win.o
     10926         56          0          0          0      35866   canvas.o
       856         74        307          8          0       6541   check_button.o
       344          0          0          0          0       3722   children_layouter.o
      2144        110        100          0          0       6807   children_layouter_default.o
       336         20          0          0          0       3933   children_layouter_factory.o
       260          8          0          4          0       3016   clip_board.o
       160         14         42          0          0       2744   clip_board_default.o
        84         18          0          0          0        895   color.o
       652        102       2657       1120          0       3621   color_parser.o
       564         52        167         12          0       4437   color_tile.o
        92         10        133          0          0       2048   column.o
      1968        174        196         60          0      11918   combo_box.o
       816         76        149          0          0       4592   combo_box_item.o
         0          0          0          0          0         32   core_cm3.o
       564         10         40          0          0       4833   custom_props.o
      1420        256          0          0          0       3863   demo1_app.o
        38          0          0          0          0        604   demo_main.o
       556         72        193         24          0      13378   dialog.o
       144         24        147          0          0       2050   dialog_client.o
       128         16        145          0          0       2100   dialog_title.o
       936         76        165         20          0       4956   dragger.o
      2404        128         96          0          0       6321   easing.o
      6872        284        260         56          0      23395   edit.o
       704          8         26          0          0       8997   emitter.o
       292         28       1405          0          0       7592   enums.o
       336          4         19          0          0       3048   event_queue.o
       244          0          0          0          0       2926   events.o
       924         12          0          0       4096       3305   flash.o
       120          0          0          0          0       1536   font.o
        44          0          0          0          0       1087   font_loader.o
       400         30         19          8          0       4097   font_loader_bitmap.o
       440         18         20          4          0       4524   font_manager.o
       908         14         10          0          0       8199   fs.o
         4          0          0          0          0        464   fs_os.o
       196         10          0          0          0       1803   func_call_parser.o
        92         10        128          0          0       2012   grid.o
        92         10        129          0          0       2102   grid_item.o
       112         10        139          0          0       2338   group_box.o
      1072         12       2376          0          0       5635   gui.o
       760         14         37          4          0       6802   idle.o
       544         22        210         40          0       4590   image.o
      1508        124          0          0          0       6373   image_base.o
        34          0          0          0          0       1016   image_loader.o
       760         22         39          4          0       6038   image_manager.o
       760          6         38          0          0       2990   input_device_status.o
       126          0          0          0          0       1042   input_engine.o
       568         10          0          4          0       5125   input_method.o
       104         12         25          0          0       1687   input_method_creator.o
       868         56        131          0          0       5242   label.o
       400         56          0          0          0       3165   layout.o
      1076          0          0          0          0       9341   lcd.o
       696         18          0          0          0       2092   lcd_driver.o
      1708         42         15          0          0      16837   lcd_stm32_raw.o
       164         10          0          1          0        739   led.o
       588         26         19          4          0       8111   locale_info.o
        68          0          0          0          0     205271   main.o
       300          4          0          4          0       3368   main_loop.o
       684         12          0          0        144       4949   main_loop_simple.o
       216         16          0          0          0      24613   main_loop_stm32_raw.o
       756          4          0          0         20       5727   mem.o
       220         22          0          0          0       1825   misc.o
        28          6          0          4          0       1985   mutex_null.o
       548         26        131          8          0       4560   pages.o
       836          6          0          0          0       4938   path.o
       100         12          0          0       8192       1236   platform.o
       540         56        179         32          0       3792   popup.o
      1424        182        170         16          0       5604   progress_bar.o
       576          0          0          0          0       3001   rect.o
        92         10        123          0          0       1994   row.o
      1120         66         24         10         10       4387   rtc.o
       316          0          0          0          0       3439   self_layouter.o
      1448        124         53          0          0       5380   self_layouter_default.o
       172         16          0          0          0       2967   self_layouter_factory.o
      2408        192        150         24          0       7863   slider.o
       476         16          0          0          0       1828   spi.o
       344         70        121          0          0       2337   spin_box.o
        64         26        304          0       1536        812   startup_stm32f10x_hd.o
       196          8          0          0          0       3520   stm32f10x_bkp.o
      1548         18          0          0          0       5399   stm32f10x_fsmc.o
       860         38          0          0          0       5757   stm32f10x_gpio.o
        24          0          0          0          0      64030   stm32f10x_it.o
       204         14          0          0          0       1967   stm32f10x_pwr.o
       932         36          0         20          0       8944   stm32f10x_rcc.o
       328          4          0          0          0       2734   stm32f10x_rtc.o
       780         14          0          0          0       6638   stm32f10x_spi.o
      3610         88          0          0          0      22864   stm32f10x_tim.o
      1032         22          0          0          0       8480   stm32f10x_usart.o
      2150         64         23          0          0      11869   str.o
       212          0          0          0          0       4181   style.o
       480         80         43          0          0       4260   style_const.o
        52          6          0          4          0       2113   style_factory.o
        76          6          0          4          0       1757   sys_tick.o
       340         46        141         12          0       3548   system_bar.o
        76         24          0          0         28       1427   system_info.o
       480         38          0         20          0       1775   system_stm32f10x.o
      1160         98        141          8          0       6368   tab_button.o
      1012         68        153          0          0       6328   tab_button_group.o
       112         10        143          0          0       2374   tab_control.o
       544         18         13          4          0       4321   theme.o
       572         24          0          4          0       1965   tim.o
        24          0          0          0          0        625   time_now.o
      1004         14         39          4          0       8065   timer.o
       390          0          0          0          0       3264   tokenizer.o
      1088         38          0          8         12       4326   touch.o
       162          0          0          0          0       2952   ui_builder.o
       256         24          0          0         36       3209   ui_builder_default.o
        48          0          0          0          0       1177   ui_loader.o
       284         10          4          0          0       1939   ui_loader_default.o
       296         16          0          6        200       3210   usart.o
       772          4        260          0          0       5509   utf8.o
      2128         50         23          0          0      14109   utils.o
      1684         76         13          0          0      10348   value.o
      2610         14          0          0          0      19218   vgcanvas.o
        92         10        129          0          0       2012   view.o
     12068        694        104         52          0      68745   widget.o
      1008          4          0          0          0       7838   widget_animator.o
         6          0          0          0          0       2137   widget_animator_factory_null.o
       832         14         31          4          0       7716   widget_animator_manager.o
       444         16       1198          4          0      19752   widget_factory.o
       740         28        112          0          0       6131   widget_vtable.o
        80          8        133         24          0       2104   window.o
       362          0          0          0          0       2237   window_animator.o
        16          0          0          0          0       1483   window_animator_null.o
      1386        162          0          0          0       4608   window_base.o
      3488        126        149          4          0      20640   window_manager.o
       172          4          0          0          0       2220   window_open.o
      1756         28         20          0          0      10078   wstr.o

    ----------------------------------------------------------------------
    118278       5424     166421       1668      14276    1123505   Object Totals
         0          0         32          0          0          0   (incl. Generated)
        24          0        117          2          2          0   (incl. Padding)

    ----------------------------------------------------------------------

      Code (inc. data)   RO Data    RW Data    ZI Data      Debug   Library Member Name

        24          4          0          0          0         84   __2printf.o
       100          0          0          0          0          0   __dclz77c.o
         8          0          0          0          0         68   __main.o
       392          4         17          0          0         92   __printf_flags_ss_wp.o
        14          0          0          0          0         68   __printf_wp.o
         0          0          0          0          0          0   __rtentry.o
        12          0          0          0          0          0   __rtentry2.o
         6          0          0          0          0          0   __rtentry4.o
        52          8          0          0          0          0   __scatter.o
        28          0          0          0          0          0   __scatter_zi.o
        28          0          0          0          0         68   _chval.o
        60          0          0          0          0         92   _mbrtowc.o
         6          0          0          0          0          0   _printf_a.o
         6          0          0          0          0          0   _printf_c.o
        44          0          0          0          0        108   _printf_char.o
        48          6          0          0          0         96   _printf_char_common.o
        36          4          0          0          0         80   _printf_char_file.o
        40          0          0          0          0         68   _printf_charcount.o
         6          0          0          0          0          0   _printf_d.o
       120         16          0          0          0         92   _printf_dec.o
         6          0          0          0          0          0   _printf_e.o
         6          0          0          0          0          0   _printf_f.o
      1054          0          0          0          0        216   _printf_fp_dec.o
       764          8         38          0          0        100   _printf_fp_hex.o
       128         16          0          0          0         84   _printf_fp_infnan.o
         6          0          0          0          0          0   _printf_g.o
       148          4         40          0          0        160   _printf_hex_int_ll_ptr.o
         6          0          0          0          0          0   _printf_i.o
       178          0          0          0          0         88   _printf_intcommon.o
        10          0          0          0          0          0   _printf_l.o
         6          0          0          0          0          0   _printf_lc.o
        10          0          0          0          0          0   _printf_ll.o
         6          0          0          0          0          0   _printf_lld.o
         6          0          0          0          0          0   _printf_lli.o
         6          0          0          0          0          0   _printf_llo.o
         6          0          0          0          0          0   _printf_llu.o
         6          0          0          0          0          0   _printf_llx.o
       124         16          0          0          0         92   _printf_longlong_dec.o
         6          0          0          0          0          0   _printf_ls.o
         6          0          0          0          0          0   _printf_n.o
         6          0          0          0          0          0   _printf_o.o
       112         10          0          0          0        124   _printf_oct_int_ll.o
         6          0          0          0          0          0   _printf_p.o
        78          0          0          0          0        108   _printf_pad.o
         0          0          0          0          0          0   _printf_percent.o
         4          0          0          0          0          0   _printf_percent_end.o
         6          0          0          0          0          0   _printf_s.o
        82          0          0          0          0         80   _printf_str.o
        36          0          0          0          0         84   _printf_truncate.o
         6          0          0          0          0          0   _printf_u.o
        44          0          0          0          0        108   _printf_wchar.o
       188          6          8          0          0         92   _printf_wctomb.o
         6          0          0          0          0          0   _printf_x.o
        22          0          0          0          0        100   _rserrno.o
       884          6          0          0          0        100   _scanf.o
       332          0          0          0          0         96   _scanf_int.o
       342          0          0          0          0        100   _scanf_longlong.o
       276          0          0          0          0        100   _scanf_mbtowc.o
       224          0          0          0          0         96   _scanf_str.o
        30          0          0          0          0         76   _scanf_wcharmap.o
       232          0          0          0          0        100   _scanf_wctomb.o
       208          0          0          0          0         96   _scanf_wstr.o
        64          0          0          0          0         84   _sgetc.o
        16          0          0          0          0         68   _snputc.o
        10          0          0          0          0         68   _sputc.o
        64          0          0          0          0         92   _wcrtomb.o
       228          4        148          0          0         96   bigflt0.o
        80          0          0          0          0         88   bsearchnoex.o
      2152        136          0          0          0        960   btod.o
        18          0          0          0          0         80   exit.o
         8          0          0          0          0         68   ferror.o
         6          0          0          0          0        152   heapauxi.o
        18          0          0          0          0         76   isspace.o
        44         10        272          0          0         76   lc_ctype_c.o
        44         10         28          0          0         76   lc_numeric_c.o
         2          0          0          0          0          0   libinit.o
        30          0          0          0          0          0   libinit2.o
         2          0          0          0          0          0   libshutdown.o
         2          0          0          0          0          0   libshutdown2.o
         8          4          0          0         96         68   libspace.o
        38          0          0          0          0         68   llshl.o
       138          0          0          0          0         80   lludiv10.o
        16          4          0          0          0         76   rt_ctype_table.o
         8          4          0          0          0         68   rt_errno_addr_intlibspace.o
         8          4          0          0          0         68   rt_locale_intlibspace.o
        68          0          0          0          0         68   rt_memclr.o
        78          0          0          0          0         80   rt_memclr_w.o
       138          0          0          0          0         68   rt_memcpy_v6.o
       100          0          0          0          0         80   rt_memcpy_w.o
       132          0          0          0          0         68   rt_memmove_v6.o
       122          0          0          0          0         80   rt_memmove_w.o
         2          0          0          0          0          0   rtexit.o
        10          0          0          0          0          0   rtexit2.o
        44          8          0          0          0         84   scanf_char.o
      1272         16          0          0          0        168   scanf_fp.o
       800         14          0          0          0        100   scanf_hexfp.o
       308         16          0          0          0        100   scanf_infnan.o
        20          0          0          0          0         68   strchr.o
       128          0          0          0          0         68   strcmpv7m.o
        72          0          0          0          0         80   strcpy.o
        62          0          0          0          0         76   strlen.o
       150          0          0          0          0         80   strncmp.o
        86          0          0          0          0         76   strncpy.o
        22          0          0          0          0         68   strrchr.o
        36          0          0          0          0         80   strstr.o
        74          0          0          0          0         80   sys_stackheap_outer.o
        26          0          0          0          0         76   tolower.o
        30          0          0          0          0         76   toupper.o
         2          0          0          0          0         68   use_no_semi.o
         2          0          0          0          0         68   use_no_semi_2.o
        52          4          0          0          0         80   vsnprintf.o
        52          8          0          0          0         80   vsscanf.o
        22          0          0          0          0         68   wcschr.o
        24          0          0          0          0         68   wcscmp.o
        18          0          0          0          0         68   wcscpy.o
        18          0          0          0          0         68   wcslen.o
        98          4          0          0          0         92   d2f.o
       826         16          0          0          0        348   daddsub_clz.o
        16          4          0          0          0         68   dcheck1.o
        24          0          0          0          0         68   dcmpi.o
       688        140          0          0          0        208   ddiv.o
       120          4          0          0          0         92   deqf.o
        94          4          0          0          0         92   dfix.o
        90          4          0          0          0         92   dfixu.o
        84          0          0          0          0        136   dflt_clz.o
       120          4          0          0          0         92   dleqf.o
       340         12          0          0          0        104   dmul.o
       156          4          0          0          0         92   dnaninf.o
        12          0          0          0          0         68   dretinf.o
       108          0          0          0          0         80   drleqf.o
       460         56          0          0          0        120   dsqrt_noumaal.o
        86          4          0          0          0         84   f2d.o
       450          8          0          0          0        236   faddsub_clz.o
        24          0          0          0          0         68   fcmpi.o
       388         76          0          0          0         96   fdiv.o
       104          4          0          0          0         84   feqf.o
        54          4          0          0          0         84   ffix.o
        62          4          0          0          0         84   ffixu.o
        86          0          0          0          0        136   fflt_clz.o
        96          0          0          0          0         84   ffltll_clz.o
       104          4          0          0          0         84   fleqf.o
       258          4          0          0          0         84   fmul.o
       140          4          0          0          0         84   fnaninf.o
         0          0         16          0          0          0   fpconst.o
        10          0          0          0          0         68   fretinf.o
        98          0          0          0          0         68   frleqf.o
         6          0          0          0          0         68   istatus.o
         4          0          0          0          0         68   printf1.o
         4          0          0          0          0         68   printf2.o
       100          0          0          0          0         68   retnan.o
        92          0          0          0          0         68   scalbn.o
         4          0          0          0          0         68   scanf1.o
         8          0          0          0          0         84   scanf2.o
        48          0          0          0          0         68   trapv.o
         0          0          0          0          0          0   usenofp.o
       156          8          0          0          0        104   cos.o
       252         22         48          0          0        124   cos_i.o
        68         10          0          0          0        408   dunder.o
       220         16          0          0          0         84   floor.o
        40          0          0          0          0         68   fpclassify.o
        88          8          0          0          0         76   frexp.o
       138          0          0          0          0        160   ldexp.o
       204          4          0          0          0        168   narrow.o
       170          0          0          0          0         96   poly.o
      2520        190        136          0          0        324   pow.o
         0          0          8          0          0          0   qnan.o
       904         76        200          0          0        140   rred.o
       160         10          0          0          0        108   sin.o
       236         12         40          0          0        128   sin_i.o
        76          0          0          0          0         84   sqrt.o

    ----------------------------------------------------------------------
     24346       1072       1003          0         96      13548   Library Totals
        36          2          4          0          0          0   (incl. Padding)

    ----------------------------------------------------------------------

      Code (inc. data)   RO Data    RW Data    ZI Data      Debug   Library Name

     13616        350        551          0         96       7820   c_w.l
      5462        364         16          0          0       3656   fz_ws.l
      5232        356        432          0          0       2072   m_ws.l

    ----------------------------------------------------------------------
     24346       1072       1003          0         96      13548   Library Totals

    ----------------------------------------------------------------------

==============================================================================


      Code (inc. data)   RO Data    RW Data    ZI Data      Debug   

    142624       6496     167424       1668      14372    1115989   Grand Totals
    142624       6496     167424       1052      14372    1115989   ELF Image Totals (compressed)
    142624       6496     167424       1052          0          0   ROM Totals

==============================================================================

    Total RO  Size (Code + RO Data)               310048 ( 302.78kB)
    Total RW  Size (RW Data + ZI Data)             16040 (  15.66kB)
    Total ROM Size (Code + RO Data + RW Data)     311100 ( 303.81kB)

==============================================================================

