Component: ARM Compiler 5.06 update 5 (build 528) Tool: armlink [4d35e2]

==============================================================================

Section Cross References

    system_stm32f10x.o(.text) refers to system_stm32f10x.o(.data) for SystemCoreClock
    main.o(.text) refers to misc.o(.text) for NVIC_PriorityGroupConfig
    main.o(.text) refers to platform.o(.text) for systick_init
    main.o(.text) refers to led.o(.text) for led_init
    main.o(.text) refers to button.o(.text) for button_init
    main.o(.text) refers to lcd_driver.o(.text) for TFT_Init
    main.o(.text) refers to flash.o(.text) for FLASH_Init
    main.o(.text) refers to touch.o(.text) for TOUCH_Init
    main.o(.text) refers to tim.o(.text) for TIM3_Init
    main.o(.text) refers to rtc.o(.text) for rtc_init
    main.o(.text) refers to demo_main.o(.text) for gui_app_start
    sys.o(.text) refers to misc.o(.text) for NVIC_PriorityGroupConfig
    usart.o(.text) refers (Special) to use_no_semi_2.o(.text) for __use_no_semihosting
    usart.o(.text) refers to stm32f10x_rcc.o(.text) for RCC_APB2PeriphClockCmd
    usart.o(.text) refers to stm32f10x_gpio.o(.text) for GPIO_Init
    usart.o(.text) refers to misc.o(.text) for NVIC_Init
    usart.o(.text) refers to stm32f10x_usart.o(.text) for USART_Init
    usart.o(.text) refers to usart.o(.data) for USART_RX_STA
    usart.o(.text) refers to usart.o(.bss) for USART_RX_BUF
    usart.o(.bss) refers (Special) to use_no_semi_2.o(.text) for __use_no_semihosting
    usart.o(.data) refers (Special) to use_no_semi_2.o(.text) for __use_no_semihosting
    startup_stm32f10x_hd.o(STACK) refers (Special) to heapauxi.o(.text) for __use_two_region_memory
    startup_stm32f10x_hd.o(HEAP) refers (Special) to heapauxi.o(.text) for __use_two_region_memory
    startup_stm32f10x_hd.o(RESET) refers (Special) to heapauxi.o(.text) for __use_two_region_memory
    startup_stm32f10x_hd.o(RESET) refers to startup_stm32f10x_hd.o(STACK) for __initial_sp
    startup_stm32f10x_hd.o(RESET) refers to startup_stm32f10x_hd.o(.text) for Reset_Handler
    startup_stm32f10x_hd.o(RESET) refers to stm32f10x_it.o(.text) for NMI_Handler
    startup_stm32f10x_hd.o(RESET) refers to sys_tick.o(.text) for SysTick_Handler
    startup_stm32f10x_hd.o(RESET) refers to rtc.o(.text) for RTC_IRQHandler
    startup_stm32f10x_hd.o(RESET) refers to main_loop_stm32_raw.o(.text) for TIM3_IRQHandler
    startup_stm32f10x_hd.o(RESET) refers to usart.o(.text) for USART1_IRQHandler
    startup_stm32f10x_hd.o(RESET) refers to tim.o(.text) for TIM5_IRQHandler
    startup_stm32f10x_hd.o(.text) refers (Special) to heapauxi.o(.text) for __use_two_region_memory
    startup_stm32f10x_hd.o(.text) refers to system_stm32f10x.o(.text) for SystemInit
    startup_stm32f10x_hd.o(.text) refers to __main.o(!!!main) for __main
    startup_stm32f10x_hd.o(.text) refers to startup_stm32f10x_hd.o(HEAP) for Heap_Mem
    startup_stm32f10x_hd.o(.text) refers to startup_stm32f10x_hd.o(STACK) for Stack_Mem
    stm32f10x_gpio.o(.text) refers to stm32f10x_rcc.o(.text) for RCC_APB2PeriphResetCmd
    stm32f10x_rcc.o(.text) refers to stm32f10x_rcc.o(.data) for APBAHBPrescTable
    stm32f10x_usart.o(.text) refers to stm32f10x_rcc.o(.text) for RCC_APB2PeriphResetCmd
    stm32f10x_wwdg.o(.text) refers to stm32f10x_rcc.o(.text) for RCC_APB1PeriphResetCmd
    stm32f10x_tim.o(.text) refers to stm32f10x_rcc.o(.text) for RCC_APB2PeriphResetCmd
    stm32f10x_bkp.o(.text) refers to stm32f10x_rcc.o(.text) for RCC_BackupResetCmd
    stm32f10x_pwr.o(.text) refers to stm32f10x_rcc.o(.text) for RCC_APB1PeriphResetCmd
    stm32f10x_spi.o(.text) refers to stm32f10x_rcc.o(.text) for RCC_APB2PeriphResetCmd
    led.o(.text) refers to stm32f10x_rcc.o(.text) for RCC_APB2PeriphClockCmd
    led.o(.text) refers to stm32f10x_gpio.o(.text) for GPIO_Init
    led.o(.text) refers to sys_tick.o(.text) for delay_ms
    led.o(.text) refers to led.o(.data) for i
    lcd_driver.o(.text) refers to stm32f10x_rcc.o(.text) for RCC_APB2PeriphClockCmd
    lcd_driver.o(.text) refers to stm32f10x_gpio.o(.text) for GPIO_Init
    lcd_driver.o(.text) refers to stm32f10x_fsmc.o(.text) for FSMC_NORSRAMInit
    button.o(.text) refers to stm32f10x_rcc.o(.text) for RCC_APB2PeriphClockCmd
    button.o(.text) refers to stm32f10x_gpio.o(.text) for GPIO_Init
    button.o(.text) refers to sys_tick.o(.text) for delay_ms
    button.o(.text) refers to button.o(.data) for key_up
    tim.o(.text) refers to stm32f10x_rcc.o(.text) for RCC_APB1PeriphClockCmd
    tim.o(.text) refers to stm32f10x_gpio.o(.text) for GPIO_Init
    tim.o(.text) refers to stm32f10x_tim.o(.text) for TIM_TimeBaseInit
    tim.o(.text) refers to misc.o(.text) for NVIC_Init
    tim.o(.text) refers to tim.o(.data) for TIM5CH1_CAPTURE_STA
    rtc.o(.text) refers to _printf_percent.o(.ARM.Collect$$_printf_percent$$00000000) for _printf_percent
[...]
    0x080002a0   0x080002a0   0x00000006   Code   RO         5271    .ARM.Collect$$rtentry$$00000004  c_w.l(__rtentry4.o)
    0x080002a6   0x080002a6   0x00000000   Code   RO         5261    .ARM.Collect$$rtentry$$00000009  c_w.l(__rtentry2.o)
    0x080002a6   0x080002a6   0x00000004   Code   RO         5262    .ARM.Collect$$rtentry$$0000000A  c_w.l(__rtentry2.o)
    0x080002aa   0x080002aa   0x00000000   Code   RO         5264    .ARM.Collect$$rtentry$$0000000C  c_w.l(__rtentry2.o)
    0x080002aa   0x080002aa   0x00000008   Code   RO         5265    .ARM.Collect$$rtentry$$0000000D  c_w.l(__rtentry2.o)
    0x080002b2   0x080002b2   0x00000002   Code   RO         5417    .ARM.Collect$$rtexit$$00000000  c_w.l(rtexit.o)
    0x080002b4   0x080002b4   0x00000000   Code   RO         5436    .ARM.Collect$$rtexit$$00000002  c_w.l(rtexit2.o)
    0x080002b4   0x080002b4   0x00000004   Code   RO         5437    .ARM.Collect$$rtexit$$00000003  c_w.l(rtexit2.o)
    0x080002b8   0x080002b8   0x00000006   Code   RO         5438    .ARM.Collect$$rtexit$$00000004  c_w.l(rtexit2.o)
    0x080002be   0x080002be   0x00000018   Code   RO            1    .text               stm32f10x_it.o
    0x080002d6   0x080002d6   0x00000002   PAD
    0x080002d8   0x080002d8   0x000001e0   Code   RO          104    .text               system_stm32f10x.o
    0x080004b8   0x080004b8   0x00000044   Code   RO          122    .text               main.o
    0x080004fc   0x080004fc   0x00000128   Code   RO          216    .text               usart.o
    0x08000624   0x08000624   0x00000040   Code   RO          253    .text               startup_stm32f10x_hd.o
    0x08000664   0x08000664   0x000000dc   Code   RO          257    .text               misc.o
    0x08000740   0x08000740   0x0000035c   Code   RO          269    .text               stm32f10x_gpio.o
    0x08000a9c   0x08000a9c   0x000003a4   Code   RO          281    .text               stm32f10x_rcc.o
    0x08000e40   0x08000e40   0x00000408   Code   RO          295    .text               stm32f10x_usart.o
    0x08001248   0x08001248   0x00000e1a   Code   RO          343    .text               stm32f10x_tim.o
    0x08002062   0x08002062   0x00000002   PAD
    0x08002064   0x08002064   0x0000060c   Code   RO          355    .text               stm32f10x_fsmc.o
    0x08002670   0x08002670   0x000000c4   Code   RO          367    .text               stm32f10x_bkp.o
    0x08002734   0x08002734   0x00000148   Code   RO          379    .text               stm32f10x_rtc.o
    0x0800287c   0x0800287c   0x000000cc   Code   RO          391    .text               stm32f10x_pwr.o
    0x08002948   0x08002948   0x0000030c   Code   RO          415    .text               stm32f10x_spi.o
    0x08002c54   0x08002c54   0x000000a4   Code   RO          451    .text               led.o
    0x08002cf8   0x08002cf8   0x000002b8   Code   RO          464    .text               lcd_driver.o
    0x08002fb0   0x08002fb0   0x00000100   Code   RO          479    .text               button.o
    0x080030b0   0x080030b0   0x0000023c   Code   RO          492    .text               tim.o
    0x080032ec   0x080032ec   0x00000460   Code   RO          511    .text               rtc.o
    0x0800374c   0x0800374c   0x00000440   Code   RO          535    .text               touch.o
    0x08003b8c   0x08003b8c   0x000001dc   Code   RO          557    .text               spi.o
    0x08003d68   0x08003d68   0x00000430   Code   RO          569    .text               gui.o
    0x08004198   0x08004198   0x0000039c   Code   RO          590    .text               flash.o
    0x08004534   0x08004534   0x00000680   Code   RO          604    .text               bitmap.o
    0x08004bb4   0x08004bb4   0x0000042c   Code   RO          672    .text               buffer.o
    0x08004fe0   0x08004fe0   0x00000418   Code   RO          694    .text               button_1.o
    0x080053f8   0x080053f8   0x00002c9c   Code   RO          842    .text               canvas.o
    0x08008094   0x08008094   0x000003b8   Code   RO          923    .text               check_button.o
    0x0800844c   0x0800844c   0x00000178   Code   RO          942    .text               color.o
    0x080085c4   0x080085c4   0x000008d4   Code   RO          955    .text               dialog.o
    0x08008e98   0x08008e98   0x00000398   Code   RO         1013    .text               emitter.o
    0x08009230   0x08009230   0x000001a0   Code   RO         1032    .text               enums.o
    0x080093d0   0x080093d0   0x000000cc   Code   RO         1062    .text               font.o
    0x0800949c   0x0800949c   0x000001c0   Code   RO         1078    .text               font_manager.o
    0x0800965c   0x0800965c   0x00000054   Code   RO         1144    .text               group_box.o
    0x080096b0   0x080096b0   0x0000023c   Code   RO         1162    .text               image.o
    0x080098ec   0x080098ec   0x0000040c   Code   RO         1184    .text               image_manager.o
    0x08009cf8   0x08009cf8   0x00000478   Code   RO         1238    .text               label.o
    0x0800a170   0x0800a170   0x000004ba   Code   RO         1253    .text               lcd.o
    0x0800a62a   0x0800a62a   0x00000002   PAD
    0x0800a62c   0x0800a62c   0x0000013c   Code   RO         1280    .text               main_loop.o
    0x0800a768   0x0800a768   0x00000390   Code   RO         1297    .text               mem.o
    0x0800aaf8   0x0800aaf8   0x000003e0   Code   RO         1312    .text               progress_bar.o
    0x0800aed8   0x0800aed8   0x0000044c   Code   RO         1331    .text               rect.o
    0x0800b324   0x0800b324   0x00000220   Code   RO         1347    .text               theme.o
    0x0800b544   0x0800b544   0x00000304   Code   RO         1365    .text               utf8.o
    0x0800b848   0x0800b848   0x0000087c   Code   RO         1380    .text               value.o
    0x0800c0c4   0x0800c0c4   0x000043a4   Code   RO         1393    .text               widget.o
    0x08010468   0x08010468   0x00000368   Code   RO         1531    .text               widget_vtable.o
    0x080107d0   0x080107d0   0x00000118   Code   RO         1603    .text               window.o
    0x080108e8   0x080108e8   0x000013dc   Code   RO         1622    .text               window_manager.o
    0x08011cc4   0x08011cc4   0x0000079c   Code   RO         1656    .text               wstr.o
    0x08012460   0x08012460   0x00000848   Code   RO         1678    .text               utils.o
    0x08012ca8   0x08012ca8   0x000001d6   Code   RO         1712    .text               events.o
    0x08012e7e   0x08012e7e   0x0000011e   Code   RO         1778    .text               timer.o
    0x08012f9c   0x08012f9c   0x0000024c   Code   RO         1790    .text               layout.o
    0x080131e8   0x080131e8   0x00000150   Code   RO         1808    .text               event_queue.o
    0x08013338   0x08013338   0x00000c08   Code   RO         1842    .text               slider.o
    0x08013f40   0x08013f40   0x00000340   Code   RO         1861    .text               window_animator.o
    0x08014280   0x08014280   0x0000009a   Code   RO         1878    .text               idle.o
    0x0801431a   0x0801431a   0x00000002   PAD
    0x0801431c   0x0801431c   0x00000526   Code   RO         1890    .text               system_info.o
    0x08014842   0x08014842   0x00000002   PAD
    0x08014844   0x08014844   0x000000b8   Code   RO         1939    .text               image_loader.o
    0x080148fc   0x080148fc   0x00000994   Code   RO         1968    .text               str.o
    0x08015290   0x08015290   0x000002ec   Code   RO         1984    .text               main_loop_simple.o
    0x0801557c   0x0801557c   0x00000248   Code   RO         2003    .text               pages.o
    0x080157c4   0x080157c4   0x000019a8   Code   RO         2022    .text               edit.o
    0x0801716c   0x0801716c   0x00000040   Code   RO         2042    .text               view.o
    0x080171ac   0x080171ac   0x000001f8   Code   RO         2060    .text               velocity.o
    0x080173a4   0x080173a4   0x00000180   Code   RO         2075    .text               widget_factory.o
    0x08017524   0x08017524   0x00000268   Code   RO         2282    .text               tokenizer.o
    0x0801778c   0x0801778c   0x0000029c   Code   RO         2294    .text               input_method.o
    0x08017a28   0x08017a28   0x00000082   Code   RO         2324    .text               input_engine.o
    0x08017aaa   0x08017aaa   0x00000002   PAD
    0x08017aac   0x08017aac   0x0000015c   Code   RO         2336    .text               spin_box.o
    0x08017c08   0x08017c08   0x00000400   Code   RO         2355    .text               dragger.o
    0x08018008   0x08018008   0x0000007c   Code   RO         2374    .text               dialog_client.o
    0x08018084   0x08018084   0x0000006c   Code   RO         2389    .text               dialog_title.o
    0x080180f0   0x080180f0   0x00000480   Code   RO         2404    .text               awtk_global.o
    0x08018570   0x08018570   0x00000068   Code   RO         2767    .text               input_method_creator.o
    0x080185d8   0x080185d8   0x00000054   Code   RO         2783    .text               button_group.o
    0x0801862c   0x0801862c   0x000002a4   Code   RO         2801    .text               color_parser.o
    0x080188d0   0x080188d0   0x0000093c   Code   RO         2819    .text               combo_box.o
    0x0801920c   0x0801920c   0x0000034c   Code   RO         2845    .text               combo_box_item.o
    0x08019558   0x08019558   0x00000964   Code   RO         2860    .text               easing.o
    0x08019ebc   0x08019ebc   0x0000038c   Code   RO         2874    .text               fs.o
    0x0801a248   0x0801a248   0x0000004c   Code   RO         2906    .text               line_break.o
    0x0801a294   0x0801a294   0x00000238   Code   RO         2933    .text               popup.o
    0x0801a4cc   0x0801a4cc   0x00000510   Code   RO         2978    .text               tab_button.o
    0x0801a9dc   0x0801a9dc   0x00000610   Code   RO         2997    .text               tab_button_group.o
    0x0801afec   0x0801afec   0x00000054   Code   RO         3018    .text               tab_control.o
    0x0801b040   0x0801b040   0x000000a2   Code   RO         3036    .text               ui_builder.o
    0x0801b0e2   0x0801b0e2   0x00000b64   Code   RO         3051    .text               vgcanvas.o
    0x0801bc46   0x0801bc46   0x00000002   PAD
    0x0801bc48   0x0801bc48   0x00000408   Code   RO         3078    .text               widget_animator.o
    0x0801c050   0x0801c050   0x00000110   Code   RO         3174    .text               ui_builder_default.o
    0x0801c160   0x0801c160   0x0000007a   Code   RO         3197    .text               ui_loader.o
    0x0801c1da   0x0801c1da   0x00000002   PAD
    0x0801c1dc   0x0801c1dc   0x0000011c   Code   RO         3209    .text               ui_loader_default.o
    0x0801c2f8   0x0801c2f8   0x000000dc   Code   RO         3279    .text               window_open.o
    0x0801c3d4   0x0801c3d4   0x000002e0   Code   RO         3322    .text               color_tile.o
    0x0801c6b4   0x0801c6b4   0x00000360   Code   RO         3341    .text               assets_manager.o
    0x0801ca14   0x0801ca14   0x00000270   Code   RO         3356    .text               locale_info.o
    0x0801cc84   0x0801cc84   0x00000344   Code   RO         3371    .text               path.o
    0x0801cfc8   0x0801cfc8   0x00000040   Code   RO         3383    .text               app_bar.o
    0x0801d008   0x0801d008   0x00000040   Code   RO         3401    .text               column.o
    0x0801d048   0x0801d048   0x00000040   Code   RO         3419    .text               grid.o
    0x0801d088   0x0801d088   0x00000040   Code   RO         3437    .text               row.o
    0x0801d0c8   0x0801d0c8   0x00000328   Code   RO         3455    .text               calibration_win.o
    0x0801d3f0   0x0801d3f0   0x000001a0   Code   RO         3473    .text               font_loader_bitmap.o
    0x0801d590   0x0801d590   0x0000002c   Code   RO         3502    .text               font_loader.o
    0x0801d5bc   0x0801d5bc   0x000006e8   Code   RO         3517    .text               window_base.o
    0x0801dca4   0x0801dca4   0x00000006   Code   RO         3531    .text               widget_animator_factory_null.o
    0x0801dcaa   0x0801dcaa   0x00000018   Code   RO         3543    .text               time_now.o
    0x0801dcc2   0x0801dcc2   0x00000120   Code   RO         3555    .text               style.o
    0x0801dde2   0x0801dde2   0x00000002   PAD
    0x0801dde4   0x0801dde4   0x000001e0   Code   RO         3570    .text               style_const.o
    0x0801dfc4   0x0801dfc4   0x00000034   Code   RO         3587    .text               style_factory.o
    0x0801dff8   0x0801dff8   0x000003c0   Code   RO         3607    .text               widget_animator_manager.o
    0x0801e3b8   0x0801e3b8   0x000000a0   Code   RO         3622    .text               clip_board_default.o
    0x0801e458   0x0801e458   0x00000104   Code   RO         3639    .text               clip_board.o
    0x0801e55c   0x0801e55c   0x00000660   Code   RO         3656    .text               image_base.o
    0x0801ebbc   0x0801ebbc   0x00000040   Code   RO         3670    .text               grid_item.o
    0x0801ebfc   0x0801ebfc   0x000003d0   Code   RO         3688    .text               input_device_status.o
    0x0801efcc   0x0801efcc   0x0000017c   Code   RO         3702    .text               system_bar.o
    0x0801f148   0x0801f148   0x000009c4   Code   RO         3721    .text               children_layouter_default.o
    0x0801fb0c   0x0801fb0c   0x000006b0   Code   RO         3742    .text               self_layouter_default.o
    0x080201bc   0x080201bc   0x00000158   Code   RO         3760    .text               children_layouter.o
    0x08020314   0x08020314   0x0000013c   Code   RO         3775    .text               self_layouter.o
    0x08020450   0x08020450   0x00000140   Code   RO         3811    .text               func_call_parser.o
    0x08020590   0x08020590   0x00000084   Code   RO         3832    .text               event.o
    0x08020614   0x08020614   0x000000f8   Code   RO         3845    .text               named_value.o
    0x0802070c   0x0802070c   0x000006c0   Code   RO         3861    .text               object.o
    0x08020dcc   0x08020dcc   0x00000450   Code   RO         3874    .text               object_default.o
    0x0802121c   0x0802121c   0x0000008c   Code   RO         3913    .text               timer_info.o
    0x080212a8   0x080212a8   0x0000028c   Code   RO         3937    .text               timer_manager.o
    0x08021534   0x08021534   0x000001c0   Code   RO         3952    .text               idle_manager.o
    0x080216f4   0x080216f4   0x00000080   Code   RO         3973    .text               idle_info.o
    0x08021774   0x08021774   0x0000024c   Code   RO         3988    .text               slist.o
    0x080219c0   0x080219c0   0x000002e8   Code   RO         4004    .text               widget_pool.o
    0x08021ca8   0x08021ca8   0x00000384   Code   RO         4019    .text               darray.o
    0x0802202c   0x0802202c   0x0000169c   Code   RO         4032    .text               expr_eval.o
    0x080236c8   0x080236c8   0x00000002   Code   RO         4046    .text               lcd_profile.o
    0x080236ca   0x080236ca   0x00000002   PAD
    0x080236cc   0x080236cc   0x00000120   Code   RO         4070    .text               window_animator_factory.o
    0x080237ec   0x080237ec   0x00000140   Code   RO         4085    .text               dialog_highlighter.o
    0x0802392c   0x0802392c   0x00000170   Code   RO         4098    .text               dialog_highlighter_factory.o
    0x08023a9c   0x08023a9c   0x00000024   Code   RO         4113    .text               children_layouter_builtins.o
    0x08023ac0   0x08023ac0   0x00000144   Code   RO         4134    .text               children_layouter_parser.o
    0x08023c04   0x08023c04   0x00000038   Code   RO         4155    .text               self_layouter_builtins.o
    0x08023c3c   0x08023c3c   0x000000a0   Code   RO         4176    .text               self_layouter_parser.o
    0x08023cdc   0x08023cdc   0x00000108   Code   RO         4197    .text               children_layouter_factory.o
    0x08023de4   0x08023de4   0x00000108   Code   RO         4212    .text               self_layouter_factory.o
    0x08023eec   0x08023eec   0x00000040   Code   RO         4227    .text               overlay.o
    0x08023f2c   0x08023f2c   0x000005d8   Code   RO         4258    .text               style_mutable.o
    0x08024504   0x08024504   0x0000228c   Code   RO         4311    .text               text_edit.o
    0x08026790   0x08026790   0x00000550   Code   RO         4438    .text               self_layouter_menu.o
    0x08026ce0   0x08026ce0   0x00000664   Code   RO         4456    .text               hscrollable.o
    0x08027344   0x08027344   0x000006d4   Code   RO         4469    .text               lcd_stm32_raw.o
    0x08027a18   0x08027a18   0x000000d8   Code   RO         4505    .text               main_loop_stm32_raw.o
    0x08027af0   0x08027af0   0x00000064   Code   RO         4653    .text               platform.o
    0x08027b54   0x08027b54   0x0000001c   Code   RO         4667    .text               mutex_null.o
    0x08027b70   0x08027b70   0x0000004c   Code   RO         4684    .text               sys_tick.o
    0x08027bbc   0x08027bbc   0x00000004   Code   RO         4698    .text               fs_os.o
    0x08027bc0   0x08027bc0   0x00000026   Code   RO         4710    .text               demo_main.o
    0x08027be6   0x08027be6   0x00000002   PAD
    0x08027be8   0x08027be8   0x000005a0   Code   RO         4725    .text               demo1_app.o
    0x08028188   0x08028188   0x0000019c   Code   RO         4743    .text               assets-mini.o
    0x08028324   0x08028324   0x00000002   Code   RO         4793    .text               c_w.l(use_no_semi_2.o)
    0x08028326   0x08028326   0x00000002   PAD
    0x08028328   0x08028328   0x00000010   Code   RO         4795    .text               c_w.l(rt_ctype_table.o)
    0x08028338   0x08028338   0x0000001a   Code   RO         4797    .text               c_w.l(tolower.o)
    0x08028352   0x08028352   0x0000001e   Code   RO         4799    .text               c_w.l(toupper.o)
    0x08028370   0x08028370   0x00000004   Code   RO         4801    .text               c_w.l(iswspace.o)
    0x08028374   0x08028374   0x00000034   Code   RO         4803    .text               c_w.l(vsnprintf.o)
    0x080283a8   0x080283a8   0x00000018   Code   RO         4805    .text               c_w.l(__2printf.o)
    0x080283c0   0x080283c0   0x00000078   Code   RO         4811    .text               c_w.l(_printf_dec.o)
    0x08028438   0x08028438   0x00000188   Code   RO         4830    .text               c_w.l(__printf_flags_ss_wp.o)
    0x080285c0   0x080285c0   0x00000034   Code   RO         4835    .text               c_w.l(vsscanf.o)
    0x080285f4   0x080285f4   0x00000070   Code   RO         4837    .text               c_w.l(strtol.o)
    0x08028664   0x08028664   0x00000050   Code   RO         4839    .text               c_w.l(bsearchnoex.o)
    0x080286b4   0x080286b4   0x00000014   Code   RO         4841    .text               c_w.l(strchr.o)
    0x080286c8   0x080286c8   0x00000024   Code   RO         4843    .text               c_w.l(strstr.o)
    0x080286ec   0x080286ec   0x00000058   Code   RO         4845    .text               c_w.l(memcmp.o)
    0x08028744   0x08028744   0x00000048   Code   RO         4847    .text               c_w.l(strcpy.o)
    0x0802878c   0x0802878c   0x00000016   Code   RO         4851    .text               c_w.l(strrchr.o)
    0x080287a2   0x080287a2   0x0000003e   Code   RO         4853    .text               c_w.l(strlen.o)
    0x080287e0   0x080287e0   0x00000012   Code   RO         4855    .text               c_w.l(wcscpy.o)
    0x080287f2   0x080287f2   0x00000018   Code   RO         4857    .text               c_w.l(wcscmp.o)
    0x0802880a   0x0802880a   0x00000016   Code   RO         4859    .text               c_w.l(wcschr.o)
    0x08028820   0x08028820   0x00000012   Code   RO         4861    .text               c_w.l(wcslen.o)
    0x08028832   0x08028832   0x00000096   Code   RO         4863    .text               c_w.l(strncmp.o)
    0x080288c8   0x080288c8   0x0000008a   Code   RO         4865    .text               c_w.l(rt_memcpy_v6.o)
    0x08028952   0x08028952   0x00000084   Code   RO         4867    .text               c_w.l(rt_memmove_v6.o)
    0x080289d6   0x080289d6   0x00000064   Code   RO         4869    .text               c_w.l(rt_memcpy_w.o)
    0x08028a3a   0x08028a3a   0x0000007a   Code   RO         4871    .text               c_w.l(rt_memmove_w.o)
    0x08028ab4   0x08028ab4   0x00000044   Code   RO         4873    .text               c_w.l(rt_memclr.o)
    0x08028af8   0x08028af8   0x0000004e   Code   RO         4875    .text               c_w.l(rt_memclr_w.o)
    0x08028b46   0x08028b46   0x00000056   Code   RO         4877    .text               c_w.l(strncpy.o)
    0x08028b9c   0x08028b9c   0x00000080   Code   RO         4879    .text               c_w.l(strcmpv7m.o)
    0x08028c1c   0x08028c1c   0x00000006   Code   RO         4881    .text               c_w.l(heapauxi.o)
    0x08028c22   0x08028c22   0x00000002   Code   RO         5077    .text               c_w.l(use_no_semi.o)
    0x08028c24   0x08028c24   0x00000008   Code   RO         5083    .text               c_w.l(rt_locale_intlibspace.o)
    0x08028c2c   0x08028c2c   0x00000008   Code   RO         5088    .text               c_w.l(rt_errno_addr_intlibspace.o)
    0x08028c34   0x08028c34   0x00000016   Code   RO         5090    .text               c_w.l(_rserrno.o)
    0x08028c4a   0x08028c4a   0x0000000c   Code   RO         5092    .text               c_w.l(_iswspace.o)
    0x08028c56   0x08028c56   0x0000004e   Code   RO         5094    .text               c_w.l(_printf_pad.o)
    0x08028ca4   0x08028ca4   0x00000024   Code   RO         5096    .text               c_w.l(_printf_truncate.o)
    0x08028cc8   0x08028cc8   0x00000052   Code   RO         5098    .text               c_w.l(_printf_str.o)
    0x08028d1a   0x08028d1a   0x000000b2   Code   RO         5100    .text               c_w.l(_printf_intcommon.o)
    0x08028dcc   0x08028dcc   0x00000028   Code   RO         5102    .text               c_w.l(_printf_charcount.o)
    0x08028df4   0x08028df4   0x00000030   Code   RO         5104    .text               c_w.l(_printf_char_common.o)
    0x08028e24   0x08028e24   0x0000000a   Code   RO         5106    .text               c_w.l(_sputc.o)
    0x08028e2e   0x08028e2e   0x00000010   Code   RO         5108    .text               c_w.l(_snputc.o)
    0x08028e3e   0x08028e3e   0x00000002   PAD
    0x08028e40   0x08028e40   0x00000024   Code   RO         5110    .text               c_w.l(_printf_char_file.o)
    0x08028e64   0x08028e64   0x000000bc   Code   RO         5112    .text               c_w.l(_printf_wctomb.o)
    0x08028f20   0x08028f20   0x0000007c   Code   RO         5115    .text               c_w.l(_printf_longlong_dec.o)
    0x08028f9c   0x08028f9c   0x00000070   Code   RO         5121    .text               c_w.l(_printf_oct_int_ll.o)
    0x0802900c   0x0802900c   0x00000094   Code   RO         5141    .text               c_w.l(_printf_hex_int_ll_ptr.o)
    0x080290a0   0x080290a0   0x00000156   Code   RO         5166    .text               c_w.l(_scanf_longlong.o)
    0x080291f6   0x080291f6   0x0000014c   Code   RO         5168    .text               c_w.l(_scanf_int.o)
    0x08029342   0x08029342   0x000000e0   Code   RO         5170    .text               c_w.l(_scanf_str.o)
    0x08029422   0x08029422   0x00000002   PAD
    0x08029424   0x08029424   0x0000002c   Code   RO         5172    .text               c_w.l(scanf_char.o)
    0x08029450   0x08029450   0x00000040   Code   RO         5174    .text               c_w.l(_sgetc.o)
    0x08029490   0x08029490   0x0000009e   Code   RO         5176    .text               c_w.l(_strtoul.o)
    0x0802952e   0x0802952e   0x00000002   PAD
    0x08029530   0x08029530   0x000000a4   Code   RO         5178    .text               c_w.l(strtod.o)
    0x080295d4   0x080295d4   0x00000114   Code   RO         5180    .text               c_w.l(_scanf_mbtowc.o)
    0x080296e8   0x080296e8   0x000000e8   Code   RO         5182    .text               c_w.l(_scanf_wctomb.o)
    0x080297d0   0x080297d0   0x000000d0   Code   RO         5184    .text               c_w.l(_scanf_wstr.o)
    0x080298a0   0x080298a0   0x00000008   Code   RO         5255    .text               c_w.l(libspace.o)
    0x080298a8   0x080298a8   0x0000008a   Code   RO         5273    .text               c_w.l(lludiv10.o)
    0x08029932   0x08029932   0x00000012   Code   RO         5275    .text               c_w.l(isspace.o)
    0x08029944   0x08029944   0x00000064   Code   RO         5277    .text               c_w.l(wclass_c.o)
    0x080299a8   0x080299a8   0x0000041e   Code   RO         5279    .text               c_w.l(_printf_fp_dec.o)
    0x08029dc6   0x08029dc6   0x00000002   PAD
    0x08029dc8   0x08029dc8   0x000002fc   Code   RO         5281    .text               c_w.l(_printf_fp_hex.o)
    0x0802a0c4   0x0802a0c4   0x0000002c   Code   RO         5286    .text               c_w.l(_printf_char.o)
    0x0802a0f0   0x0802a0f0   0x0000002c   Code   RO         5288    .text               c_w.l(_printf_wchar.o)
    0x0802a11c   0x0802a11c   0x0000001c   Code   RO         5290    .text               c_w.l(_chval.o)
    0x0802a138   0x0802a138   0x00000374   Code   RO         5292    .text               c_w.l(_scanf.o)
    0x0802a4ac   0x0802a4ac   0x000004f8   Code   RO         5294    .text               c_w.l(scanf_fp.o)
    0x0802a9a4   0x0802a9a4   0x0000001e   Code   RO         5296    .text               c_w.l(_scanf_wcharmap.o)
    0x0802a9c2   0x0802a9c2   0x00000008   Code   RO         5298    .text               c_w.l(ferror.o)
    0x0802a9ca   0x0802a9ca   0x0000003c   Code   RO         5302    .text               c_w.l(_mbrtowc.o)
    0x0802aa06   0x0802aa06   0x00000040   Code   RO         5304    .text               c_w.l(_wcrtomb.o)
    0x0802aa46   0x0802aa46   0x0000004a   Code   RO         5356    .text               c_w.l(sys_stackheap_outer.o)
    0x0802aa90   0x0802aa90   0x00000080   Code   RO         5358    .text               c_w.l(_printf_fp_infnan.o)
    0x0802ab10   0x0802ab10   0x000000e4   Code   RO         5360    .text               c_w.l(bigflt0.o)
    0x0802abf4   0x0802abf4   0x00000012   Code   RO         5385    .text               c_w.l(exit.o)
    0x0802ac06   0x0802ac06   0x00000002   PAD
    0x0802ac08   0x0802ac08   0x00000320   Code   RO         5419    .text               c_w.l(scanf_hexfp.o)
    0x0802af28   0x0802af28   0x00000134   Code   RO         5421    .text               c_w.l(scanf_infnan.o)
    0x0802b05c   0x0802b05c   0x00000026   Code   RO         5444    .text               c_w.l(llshl.o)
    0x0802b082   0x0802b082   0x0000003e   Code   RO         5363    CL$$btod_d2e        c_w.l(btod.o)
    0x0802b0c0   0x0802b0c0   0x00000046   Code   RO         5365    CL$$btod_d2e_denorm_low  c_w.l(btod.o)
    0x0802b106   0x0802b106   0x00000060   Code   RO         5364    CL$$btod_d2e_norm_op1  c_w.l(btod.o)
    0x0802b166   0x0802b166   0x00000338   Code   RO         5373    CL$$btod_div_common  c_w.l(btod.o)
    0x0802b49e   0x0802b49e   0x00000002   PAD
    0x0802b4a0   0x0802b4a0   0x00000084   Code   RO         5371    CL$$btod_e2d        c_w.l(btod.o)
    0x0802b524   0x0802b524   0x000000dc   Code   RO         5370    CL$$btod_e2e        c_w.l(btod.o)
    0x0802b600   0x0802b600   0x0000002a   Code   RO         5367    CL$$btod_ediv       c_w.l(btod.o)
    0x0802b62a   0x0802b62a   0x0000002a   Code   RO         5369    CL$$btod_edivd      c_w.l(btod.o)
    0x0802b654   0x0802b654   0x0000002a   Code   RO         5366    CL$$btod_emul       c_w.l(btod.o)
    0x0802b67e   0x0802b67e   0x0000002a   Code   RO         5368    CL$$btod_emuld      c_w.l(btod.o)
    0x0802b6a8   0x0802b6a8   0x00000244   Code   RO         5372    CL$$btod_mult_common  c_w.l(btod.o)
    0x0802b8ec   0x0802b8ec   0x00000028   Code   RO         5233    i.__ARM_fpclassify  m_ws.l(fpclassify.o)
    0x0802b914   0x0802b914   0x00000388   Code   RO         5238    i.__ieee754_rem_pio2  m_ws.l(rred.o)
    0x0802bc9c   0x0802bc9c   0x000000fc   Code   RO         5216    i.__kernel_cos      m_ws.l(cos_i.o)
    0x0802bd98   0x0802bd98   0x000000aa   Code   RO         5235    i.__kernel_poly     m_ws.l(poly.o)
    0x0802be42   0x0802be42   0x00000002   PAD
    0x0802be44   0x0802be44   0x000000ec   Code   RO         5243    i.__kernel_sin      m_ws.l(sin_i.o)
    0x0802bf30   0x0802bf30   0x0000027c   Code   RO         5249    i.__kernel_tan      m_ws.l(tan_i.o)
    0x0802c1ac   0x0802c1ac   0x00000010   Code   RO         5219    i.__mathlib_dbl_divzero  m_ws.l(dunder.o)
    0x0802c1bc   0x0802c1bc   0x00000006   Code   RO         5220    i.__mathlib_dbl_infnan  m_ws.l(dunder.o)
    0x0802c1c2   0x0802c1c2   0x00000004   Code   RO         5221    i.__mathlib_dbl_infnan2  m_ws.l(dunder.o)
    0x0802c1c6   0x0802c1c6   0x0000000c   Code   RO         5222    i.__mathlib_dbl_invalid  m_ws.l(dunder.o)
    0x0802c1d2   0x0802c1d2   0x0000000e   Code   RO         5223    i.__mathlib_dbl_overflow  m_ws.l(dunder.o)
    0x0802c1e0   0x0802c1e0   0x00000010   Code   RO         5225    i.__mathlib_dbl_underflow  m_ws.l(dunder.o)
    0x0802c1f0   0x0802c1f0   0x00000010   Code   RO         5411    i.__mathlib_narrow  m_ws.l(narrow.o)
    0x0802c200   0x0802c200   0x000000bc   Code   RO         5412    i.__mathlib_tofloat  m_ws.l(narrow.o)
    0x0802c2bc   0x0802c2bc   0x00000016   Code   RO         5451    i.__support_ldexp   m_ws.l(ldexp.o)
    0x0802c2d2   0x0802c2d2   0x0000000e   Code   RO         4823    i._is_digit         c_w.l(__printf_wp.o)
    0x0802c2e0   0x0802c2e0   0x0000027c   Code   RO         4964    i.acos              m_ws.l(acos.o)
    0x0802c55c   0x0802c55c   0x00000270   Code   RO         4974    i.asin              m_ws.l(asin.o)
    0x0802c7cc   0x0802c7cc   0x00000220   Code   RO         4984    i.atan              m_ws.l(atan.o)
    0x0802c9ec   0x0802c9ec   0x0000002a   Code   RO         4994    i.atof              m_ws.l(atof.o)
    0x0802ca16   0x0802ca16   0x00000002   PAD
    0x0802ca18   0x0802ca18   0x000000dc   Code   RO         4998    i.ceil              m_ws.l(ceil.o)
    0x0802caf4   0x0802caf4   0x00000004   Code   RO         5075    i.ceill             m_ws.l(ceill.o)
    0x0802caf8   0x0802caf8   0x0000009c   Code   RO         5002    i.cos               m_ws.l(cos.o)
    0x0802cb94   0x0802cb94   0x00000284   Code   RO         5010    i.exp               m_ws.l(exp.o)
    0x0802ce18   0x0802ce18   0x000000dc   Code   RO         5020    i.floor             m_ws.l(floor.o)
    0x0802cef4   0x0802cef4   0x00000058   Code   RO         5430    i.frexp             m_ws.l(frexp.o)
    0x0802cf4c   0x0802cf4c   0x00000074   Code   RO         5452    i.ldexp             m_ws.l(ldexp.o)
    0x0802cfc0   0x0802cfc0   0x0000035c   Code   RO         5024    i.log               m_ws.l(log.o)
    0x0802d31c   0x0802d31c   0x000000e4   Code   RO         5034    i.log10             m_ws.l(log10.o)
    0x0802d400   0x0802d400   0x000009d8   Code   RO         5042    i.pow               m_ws.l(pow.o)
    0x0802ddd8   0x0802ddd8   0x000000a0   Code   RO         5052    i.sin               m_ws.l(sin.o)
    0x0802de78   0x0802de78   0x0000004c   Code   RO         5060    i.sqrt              m_ws.l(sqrt.o)
    0x0802dec4   0x0802dec4   0x00000064   Code   RO         5068    i.tan               m_ws.l(tan.o)
    0x0802df28   0x0802df28   0x0000002c   Code   RO         5187    locale$$code        c_w.l(lc_ctype_c.o)
    0x0802df54   0x0802df54   0x0000002c   Code   RO         5307    locale$$code        c_w.l(lc_numeric_c.o)
    0x0802df80   0x0802df80   0x00000062   Code   RO         4885    x$fpl$d2f           fz_ws.l(d2f.o)
    0x0802dfe2   0x0802dfe2   0x00000002   PAD
    0x0802dfe4   0x0802dfe4   0x00000150   Code   RO         4887    x$fpl$dadd          fz_ws.l(daddsub_clz.o)
    0x0802e134   0x0802e134   0x00000010   Code   RO         5354    x$fpl$dcheck1       fz_ws.l(dcheck1.o)
    0x0802e144   0x0802e144   0x00000018   Code   RO         5189    x$fpl$dcmpinf       fz_ws.l(dcmpi.o)
    0x0802e15c   0x0802e15c   0x000002b0   Code   RO         4894    x$fpl$ddiv          fz_ws.l(ddiv.o)
    0x0802e40c   0x0802e40c   0x00000078   Code   RO         4897    x$fpl$deqf          fz_ws.l(deqf.o)
    0x0802e484   0x0802e484   0x0000005e   Code   RO         4899    x$fpl$dfix          fz_ws.l(dfix.o)
    0x0802e4e2   0x0802e4e2   0x00000002   PAD
    0x0802e4e4   0x0802e4e4   0x0000005a   Code   RO         4907    x$fpl$dfixu         fz_ws.l(dfixu.o)
    0x0802e53e   0x0802e53e   0x0000002e   Code   RO         4912    x$fpl$dflt          fz_ws.l(dflt_clz.o)
    0x0802e56c   0x0802e56c   0x000000a2   Code   RO         4917    x$fpl$dfltll        fz_ws.l(dfltll_clz.o)
    0x0802e60e   0x0802e60e   0x00000026   Code   RO         4911    x$fpl$dfltu         fz_ws.l(dflt_clz.o)
    0x0802e634   0x0802e634   0x00000078   Code   RO         4921    x$fpl$dleqf         fz_ws.l(dleqf.o)
    0x0802e6ac   0x0802e6ac   0x00000154   Code   RO         4923    x$fpl$dmul          fz_ws.l(dmul.o)
    0x0802e800   0x0802e800   0x0000009c   Code   RO         5191    x$fpl$dnaninf       fz_ws.l(dnaninf.o)
    0x0802e89c   0x0802e89c   0x0000000c   Code   RO         5193    x$fpl$dretinf       fz_ws.l(dretinf.o)
    0x0802e8a8   0x0802e8a8   0x0000006c   Code   RO         4925    x$fpl$drleqf        fz_ws.l(drleqf.o)
    0x0802e914   0x0802e914   0x00000016   Code   RO         4888    x$fpl$drsb          fz_ws.l(daddsub_clz.o)
    0x0802e92a   0x0802e92a   0x00000002   PAD
    0x0802e92c   0x0802e92c   0x000001cc   Code   RO         5195    x$fpl$dsqrt         fz_ws.l(dsqrt_noumaal.o)
    0x0802eaf8   0x0802eaf8   0x000001d4   Code   RO         4889    x$fpl$dsub          fz_ws.l(daddsub_clz.o)
    0x0802eccc   0x0802eccc   0x00000056   Code   RO         4927    x$fpl$f2d           fz_ws.l(f2d.o)
    0x0802ed22   0x0802ed22   0x00000002   PAD
    0x0802ed24   0x0802ed24   0x000000c4   Code   RO         4929    x$fpl$fadd          fz_ws.l(faddsub_clz.o)
    0x0802ede8   0x0802ede8   0x00000018   Code   RO         5197    x$fpl$fcmpinf       fz_ws.l(fcmpi.o)
    0x0802ee00   0x0802ee00   0x00000184   Code   RO         4936    x$fpl$fdiv          fz_ws.l(fdiv.o)
    0x0802ef84   0x0802ef84   0x00000068   Code   RO         4939    x$fpl$feqf          fz_ws.l(feqf.o)
    0x0802efec   0x0802efec   0x00000036   Code   RO         4941    x$fpl$ffix          fz_ws.l(ffix.o)
    0x0802f022   0x0802f022   0x00000002   PAD
    0x0802f024   0x0802f024   0x0000003e   Code   RO         4945    x$fpl$ffixu         fz_ws.l(ffixu.o)
    0x0802f062   0x0802f062   0x00000002   PAD
    0x0802f064   0x0802f064   0x00000030   Code   RO         4950    x$fpl$fflt          fz_ws.l(fflt_clz.o)
    0x0802f094   0x0802f094   0x00000060   Code   RO         4955    x$fpl$ffltll        fz_ws.l(ffltll_clz.o)
    0x0802f0f4   0x0802f0f4   0x00000026   Code   RO         4949    x$fpl$ffltu         fz_ws.l(fflt_clz.o)
    0x0802f11a   0x0802f11a   0x00000002   PAD
    0x0802f11c   0x0802f11c   0x00000068   Code   RO         4957    x$fpl$fleqf         fz_ws.l(fleqf.o)
    0x0802f184   0x0802f184   0x00000102   Code   RO         4959    x$fpl$fmul          fz_ws.l(fmul.o)
    0x0802f286   0x0802f286   0x0000008c   Code   RO         5199    x$fpl$fnaninf       fz_ws.l(fnaninf.o)
    0x0802f312   0x0802f312   0x0000000a   Code   RO         5201    x$fpl$fretinf       fz_ws.l(fretinf.o)
    0x0802f31c   0x0802f31c   0x00000062   Code   RO         4961    x$fpl$frleqf        fz_ws.l(frleqf.o)
    0x0802f37e   0x0802f37e   0x00000014   Code   RO         4930    x$fpl$frsb          fz_ws.l(faddsub_clz.o)
    0x0802f392   0x0802f392   0x00000002   PAD
    0x0802f394   0x0802f394   0x000000ea   Code   RO         4931    x$fpl$fsub          fz_ws.l(faddsub_clz.o)
    0x0802f47e   0x0802f47e   0x00000006   Code   RO         5401    x$fpl$ieeestatus    fz_ws.l(istatus.o)
    0x0802f484   0x0802f484   0x000000c2   Code   RO         4903    x$fpl$llsfromd      fz_ws.l(dfixll.o)
    0x0802f546   0x0802f546   0x00000004   Code   RO         5203    x$fpl$printf1       fz_ws.l(printf1.o)
    0x0802f54a   0x0802f54a   0x00000004   Code   RO         5205    x$fpl$printf2       fz_ws.l(printf2.o)
    0x0802f54e   0x0802f54e   0x00000064   Code   RO         5403    x$fpl$retnan        fz_ws.l(retnan.o)
    0x0802f5b2   0x0802f5b2   0x0000005c   Code   RO         5211    x$fpl$scalbn        fz_ws.l(scalbn.o)
    0x0802f60e   0x0802f60e   0x00000004   Code   RO         5213    x$fpl$scanf1        fz_ws.l(scanf1.o)
    0x0802f612   0x0802f612   0x00000008   Code   RO         5405    x$fpl$scanf2        fz_ws.l(scanf2.o)
    0x0802f61a   0x0802f61a   0x00000030   Code   RO         5427    x$fpl$trapveneer    fz_ws.l(trapv.o)
    0x0802f64a   0x0802f64a   0x00000000   Code   RO         5215    x$fpl$usenofp       fz_ws.l(usenofp.o)
    0x0802f64a   0x0802f64a   0x00000018   Data   RO          513    .constdata          rtc.o
    0x0802f662   0x0802f662   0x00000948   Data   RO          570    .constdata          gui.o
    0x0802ffaa   0x0802ffaa   0x00000002   PAD
    0x0802ffac   0x0802ffac   0x00000044   Data   RO          605    .constdata          bitmap.o
    0x0802fff0   0x0802fff0   0x00000018   Data   RO          673    .constdata          buffer.o
    0x08030008   0x08030008   0x00000074   Data   RO          695    .constdata          button_1.o
    0x0803007c   0x0803007c   0x000000e8   Data   RO          924    .constdata          check_button.o
    0x08030164   0x08030164   0x0000000d   Data   RO          943    .constdata          color.o
    0x08030171   0x08030171   0x00000003   PAD
    0x08030174   0x08030174   0x00000074   Data   RO          956    .constdata          dialog.o
    0x080301e8   0x080301e8   0x0000001a   Data   RO         1014    .constdata          emitter.o
    0x08030202   0x08030202   0x00000002   PAD
    0x08030204   0x08030204   0x00000924   Data   RO         1033    .constdata          enums.o
    0x08030b28   0x08030b28   0x0000000d   Data   RO         1063    .constdata          font.o
    0x08030b35   0x08030b35   0x00000014   Data   RO         1079    .constdata          font_manager.o
    0x08030b49   0x08030b49   0x00000003   PAD
    0x08030b4c   0x08030b4c   0x00000074   Data   RO         1145    .constdata          group_box.o
    0x08030bc0   0x08030bc0   0x00000074   Data   RO         1163    .constdata          image.o
    0x08030c34   0x08030c34   0x00000027   Data   RO         1185    .constdata          image_manager.o
    0x08030c5b   0x08030c5b   0x00000001   PAD
    0x08030c5c   0x08030c5c   0x00000074   Data   RO         1239    .constdata          label.o
    0x08030cd0   0x08030cd0   0x00000074   Data   RO         1313    .constdata          progress_bar.o
    0x08030d44   0x08030d44   0x0000000c   Data   RO         1332    .constdata          rect.o
    0x08030d50   0x08030d50   0x0000000d   Data   RO         1348    .constdata          theme.o
    0x08030d5d   0x08030d5d   0x00000003   PAD
    0x08030d60   0x08030d60   0x00000104   Data   RO         1366    .constdata          utf8.o
    0x08030e64   0x08030e64   0x0000000d   Data   RO         1381    .constdata          value.o
    0x08030e71   0x08030e71   0x00000003   PAD
    0x08030e74   0x08030e74   0x00000074   Data   RO         1532    .constdata          widget_vtable.o
    0x08030ee8   0x08030ee8   0x00000074   Data   RO         1604    .constdata          window.o
    0x08030f5c   0x08030f5c   0x0000008a   Data   RO         1623    .constdata          window_manager.o
    0x08030fe6   0x08030fe6   0x00000014   Data   RO         1657    .constdata          wstr.o
    0x08030ffa   0x08030ffa   0x00000022   Data   RO         1679    .constdata          utils.o
    0x0803101c   0x0803101c   0x00000013   Data   RO         1809    .constdata          event_queue.o
    0x0803102f   0x0803102f   0x00000001   PAD
    0x08031030   0x08031030   0x00000074   Data   RO         1843    .constdata          slider.o
    0x080310a4   0x080310a4   0x00000017   Data   RO         1862    .constdata          window_animator.o
    0x080310bb   0x080310bb   0x00000001   PAD
    0x080310bc   0x080310bc   0x0000002c   Data   RO         1891    .constdata          system_info.o
    0x080310e8   0x080310e8   0x00000017   Data   RO         1969    .constdata          str.o
    0x080310ff   0x080310ff   0x00000001   PAD
    0x08031100   0x08031100   0x00000074   Data   RO         2004    .constdata          pages.o
    0x08031174   0x08031174   0x00000074   Data   RO         2023    .constdata          edit.o
    0x080311e8   0x080311e8   0x00000074   Data   RO         2043    .constdata          view.o
    0x0803125c   0x0803125c   0x000004d2   Data   RO         2076    .constdata          widget_factory.o
    0x0803172e   0x0803172e   0x00000002   PAD
    0x08031730   0x08031730   0x00000074   Data   RO         2337    .constdata          spin_box.o
    0x080317a4   0x080317a4   0x00000074   Data   RO         2356    .constdata          dragger.o
    0x08031818   0x08031818   0x00000074   Data   RO         2375    .constdata          dialog_client.o
    0x0803188c   0x0803188c   0x00000074   Data   RO         2390    .constdata          dialog_title.o
    0x08031900   0x08031900   0x00000019   Data   RO         2768    .constdata          input_method_creator.o
    0x08031919   0x08031919   0x00000003   PAD
    0x0803191c   0x0803191c   0x00000074   Data   RO         2784    .constdata          button_group.o
    0x08031990   0x08031990   0x0000008c   Data   RO         2820    .constdata          combo_box.o
    0x08031a1c   0x08031a1c   0x00000074   Data   RO         2846    .constdata          combo_box_item.o
    0x08031a90   0x08031a90   0x00000060   Data   RO         2861    .constdata          easing.o
    0x08031af0   0x08031af0   0x0000000a   Data   RO         2875    .constdata          fs.o
    0x08031afa   0x08031afa   0x00000002   PAD
    0x08031afc   0x08031afc   0x00000074   Data   RO         2934    .constdata          popup.o
    0x08031b70   0x08031b70   0x00000074   Data   RO         2979    .constdata          tab_button.o
    0x08031be4   0x08031be4   0x00000074   Data   RO         2998    .constdata          tab_button_group.o
    0x08031c58   0x08031c58   0x00000074   Data   RO         3019    .constdata          tab_control.o
    0x08031ccc   0x08031ccc   0x00000004   Data   RO         3210    .constdata          ui_loader_default.o
    0x08031cd0   0x08031cd0   0x00000074   Data   RO         3323    .constdata          color_tile.o
    0x08031d44   0x08031d44   0x00000016   Data   RO         3342    .constdata          assets_manager.o
    0x08031d5a   0x08031d5a   0x00000013   Data   RO         3357    .constdata          locale_info.o
    0x08031d6d   0x08031d6d   0x00000003   PAD
    0x08031d70   0x08031d70   0x00000074   Data   RO         3384    .constdata          app_bar.o
    0x08031de4   0x08031de4   0x00000074   Data   RO         3402    .constdata          column.o
    0x08031e58   0x08031e58   0x00000074   Data   RO         3420    .constdata          grid.o
    0x08031ecc   0x08031ecc   0x00000074   Data   RO         3438    .constdata          row.o
    0x08031f40   0x08031f40   0x00000074   Data   RO         3456    .constdata          calibration_win.o
    0x08031fb4   0x08031fb4   0x00000013   Data   RO         3474    .constdata          font_loader_bitmap.o
    0x08031fc7   0x08031fc7   0x00000001   PAD
    0x08031fc8   0x08031fc8   0x00000074   Data   RO         3518    .constdata          window_base.o
    0x0803203c   0x0803203c   0x00000033   Data   RO         3571    .constdata          style_const.o
    0x0803206f   0x0803206f   0x0000001f   Data   RO         3608    .constdata          widget_animator_manager.o
    0x0803208e   0x0803208e   0x00000002   PAD
    0x08032090   0x08032090   0x0000002a   Data   RO         3623    .constdata          clip_board_default.o
    0x080320ba   0x080320ba   0x00000002   PAD
    0x080320bc   0x080320bc   0x00000074   Data   RO         3657    .constdata          image_base.o
    0x08032130   0x08032130   0x00000074   Data   RO         3671    .constdata          grid_item.o
    0x080321a4   0x080321a4   0x00000026   Data   RO         3689    .constdata          input_device_status.o
    0x080321ca   0x080321ca   0x00000002   PAD
    0x080321cc   0x080321cc   0x00000074   Data   RO         3703    .constdata          system_bar.o
    0x08032240   0x08032240   0x0000003d   Data   RO         3722    .constdata          children_layouter_default.o
    0x0803227d   0x0803227d   0x00000003   PAD
    0x08032280   0x08032280   0x00000035   Data   RO         3743    .constdata          self_layouter_default.o
    0x080322b5   0x080322b5   0x0000000d   Data   RO         3833    .constdata          event.o
    0x080322c2   0x080322c2   0x00000013   Data   RO         3846    .constdata          named_value.o
    0x080322d5   0x080322d5   0x0000000e   Data   RO         3862    .constdata          object.o
    0x080322e3   0x080322e3   0x00000001   PAD
    0x080322e4   0x080322e4   0x00000058   Data   RO         3875    .constdata          object_default.o
    0x0803233c   0x0803233c   0x0000002c   Data   RO         3914    .constdata          timer_info.o
    0x08032368   0x08032368   0x00000015   Data   RO         3938    .constdata          timer_manager.o
    0x0803237d   0x0803237d   0x00000014   Data   RO         3953    .constdata          idle_manager.o
    0x08032391   0x08032391   0x00000003   PAD
    0x08032394   0x08032394   0x0000002c   Data   RO         3974    .constdata          idle_info.o
    0x080323c0   0x080323c0   0x0000001f   Data   RO         3989    .constdata          slist.o
    0x080323df   0x080323df   0x00000032   Data   RO         4005    .constdata          widget_pool.o
    0x08032411   0x08032411   0x00000028   Data   RO         4020    .constdata          darray.o
    0x08032439   0x08032439   0x00000007   PAD
    0x08032440   0x08032440   0x00000118   Data   RO         4033    .constdata          expr_eval.o
    0x08032558   0x08032558   0x00000040   Data   RO         4071    .constdata          window_animator_factory.o
    0x08032598   0x08032598   0x0000001a   Data   RO         4086    .constdata          dialog_highlighter.o
    0x080325b2   0x080325b2   0x00000046   Data   RO         4099    .constdata          dialog_highlighter_factory.o
    0x080325f8   0x080325f8   0x00000044   Data   RO         4198    .constdata          children_layouter_factory.o
    0x0803263c   0x0803263c   0x0000003c   Data   RO         4213    .constdata          self_layouter_factory.o
    0x08032678   0x08032678   0x00000074   Data   RO         4228    .constdata          overlay.o
    0x080326ec   0x080326ec   0x0000005f   Data   RO         4259    .constdata          style_mutable.o
    0x0803274b   0x0803274b   0x0000001d   Data   RO         4312    .constdata          text_edit.o
    0x08032768   0x08032768   0x00000032   Data   RO         4439    .constdata          self_layouter_menu.o
    0x0803279a   0x0803279a   0x00000013   Data   RO         4457    .constdata          hscrollable.o
    0x080327ad   0x080327ad   0x0000000f   Data   RO         4470    .constdata          lcd_stm32_raw.o
    0x080327bc   0x080327bc   0x00000004   PAD
    0x080327c0   0x080327c0   0x00027840   Data   RO         4744    .constdata          assets-mini.o
    0x0805a000   0x0805a000   0x00000011   Data   RO         4831    .constdata          c_w.l(__printf_flags_ss_wp.o)
    0x0805a011   0x0805a011   0x00000007   PAD
    0x0805a018   0x0805a018   0x00000050   Data   RO         4965    .constdata          m_ws.l(acos.o)
    0x0805a068   0x0805a068   0x00000050   Data   RO         4975    .constdata          m_ws.l(asin.o)
    0x0805a0b8   0x0805a0b8   0x00000098   Data   RO         4985    .constdata          m_ws.l(atan.o)
    0x0805a150   0x0805a150   0x00000058   Data   RO         5011    .constdata          m_ws.l(exp.o)
    0x0805a1a8   0x0805a1a8   0x00000038   Data   RO         5025    .constdata          m_ws.l(log.o)
    0x0805a1e0   0x0805a1e0   0x00000088   Data   RO         5043    .constdata          m_ws.l(pow.o)
    0x0805a268   0x0805a268   0x00000008   Data   RO         5113    .constdata          c_w.l(_printf_wctomb.o)
    0x0805a270   0x0805a270   0x00000028   Data   RO         5142    .constdata          c_w.l(_printf_hex_int_ll_ptr.o)
    0x0805a298   0x0805a298   0x00000030   Data   RO         5217    .constdata          m_ws.l(cos_i.o)
    0x0805a2c8   0x0805a2c8   0x00000008   Data   RO         5237    .constdata          m_ws.l(qnan.o)
    0x0805a2d0   0x0805a2d0   0x000000c8   Data   RO         5240    .constdata          m_ws.l(rred.o)
    0x0805a398   0x0805a398   0x00000028   Data   RO         5244    .constdata          m_ws.l(sin_i.o)
    0x0805a3c0   0x0805a3c0   0x00000060   Data   RO         5250    .constdata          m_ws.l(tan_i.o)
    0x0805a420   0x0805a420   0x00000026   Data   RO         5282    .constdata          c_w.l(_printf_fp_hex.o)
    0x0805a446   0x0805a446   0x00000002   PAD
    0x0805a448   0x0805a448   0x00000094   Data   RO         5361    .constdata          c_w.l(bigflt0.o)
    0x0805a4dc   0x0805a4dc   0x0000000f   Data   RO          696    .conststring        button_1.o
    0x0805a4eb   0x0805a4eb   0x00000001   PAD
    0x0805a4ec   0x0805a4ec   0x00000025   Data   RO          925    .conststring        check_button.o
    0x0805a511   0x0805a511   0x00000003   PAD
    0x0805a514   0x0805a514   0x00000064   Data   RO          957    .conststring        dialog.o
    0x0805a578   0x0805a578   0x0000053a   Data   RO         1034    .conststring        enums.o
    0x0805aab2   0x0805aab2   0x00000002   PAD
    0x0805aab4   0x0805aab4   0x0000000a   Data   RO         1146    .conststring        group_box.o
    0x0805aabe   0x0805aabe   0x00000002   PAD
    0x0805aac0   0x0805aac0   0x00000055   Data   RO         1164    .conststring        image.o
    0x0805ab15   0x0805ab15   0x00000003   PAD
    0x0805ab18   0x0805ab18   0x00000006   Data   RO         1240    .conststring        label.o
    0x0805ab1e   0x0805ab1e   0x00000002   PAD
    0x0805ab20   0x0805ab20   0x00000026   Data   RO         1314    .conststring        progress_bar.o
    0x0805ab46   0x0805ab46   0x00000002   PAD
    0x0805ab48   0x0805ab48   0x00000090   Data   RO         1394    .conststring        widget.o
    0x0805abd8   0x0805abd8   0x00000007   Data   RO         1533    .conststring        widget_vtable.o
    0x0805abdf   0x0805abdf   0x00000001   PAD
    0x0805abe0   0x0805abe0   0x00000013   Data   RO         1605    .conststring        window.o
    0x0805abf3   0x0805abf3   0x00000001   PAD
    0x0805abf4   0x0805abf4   0x0000000f   Data   RO         1624    .conststring        window_manager.o
    0x0805ac03   0x0805ac03   0x00000001   PAD
    0x0805ac04   0x0805ac04   0x00000018   Data   RO         1844    .conststring        slider.o
    0x0805ac1c   0x0805ac1c   0x0000000c   Data   RO         1892    .conststring        system_info.o
    0x0805ac28   0x0805ac28   0x00000006   Data   RO         2005    .conststring        pages.o
    0x0805ac2e   0x0805ac2e   0x00000002   PAD
    0x0805ac30   0x0805ac30   0x00000085   Data   RO         2024    .conststring        edit.o
    0x0805acb5   0x0805acb5   0x00000003   PAD
    0x0805acb8   0x0805acb8   0x00000005   Data   RO         2044    .conststring        view.o
    0x0805acbd   0x0805acbd   0x00000003   PAD
    0x0805acc0   0x0805acc0   0x00000009   Data   RO         2338    .conststring        spin_box.o
    0x0805acc9   0x0805acc9   0x00000003   PAD
    0x0805accc   0x0805accc   0x00000026   Data   RO         2357    .conststring        dragger.o
    0x0805acf2   0x0805acf2   0x00000002   PAD
    0x0805acf4   0x0805acf4   0x0000000e   Data   RO         2376    .conststring        dialog_client.o
    0x0805ad02   0x0805ad02   0x00000002   PAD
    0x0805ad04   0x0805ad04   0x0000000d   Data   RO         2391    .conststring        dialog_title.o
    0x0805ad11   0x0805ad11   0x00000003   PAD
    0x0805ad14   0x0805ad14   0x00000a61   Data   RO         2802    .conststring        color_parser.o
    0x0805b775   0x0805b775   0x00000003   PAD
    0x0805b778   0x0805b778   0x00000026   Data   RO         2821    .conststring        combo_box.o
    0x0805b79e   0x0805b79e   0x00000002   PAD
    0x0805b7a0   0x0805b7a0   0x0000000f   Data   RO         2847    .conststring        combo_box_item.o
    0x0805b7af   0x0805b7af   0x00000001   PAD
    0x0805b7b0   0x0805b7b0   0x00000036   Data   RO         2935    .conststring        popup.o
    0x0805b7e6   0x0805b7e6   0x00000002   PAD
    0x0805b7e8   0x0805b7e8   0x0000000b   Data   RO         2980    .conststring        tab_button.o
    0x0805b7f3   0x0805b7f3   0x00000001   PAD
    0x0805b7f4   0x0805b7f4   0x00000011   Data   RO         2999    .conststring        tab_button_group.o
    0x0805b805   0x0805b805   0x00000003   PAD
    0x0805b808   0x0805b808   0x0000000c   Data   RO         3020    .conststring        tab_control.o
    0x0805b814   0x0805b814   0x00000025   Data   RO         3324    .conststring        color_tile.o
    0x0805b839   0x0805b839   0x00000003   PAD
    0x0805b83c   0x0805b83c   0x00000008   Data   RO         3385    .conststring        app_bar.o
    0x0805b844   0x0805b844   0x00000007   Data   RO         3403    .conststring        column.o
    0x0805b84b   0x0805b84b   0x00000001   PAD
    0x0805b84c   0x0805b84c   0x00000004   Data   RO         3421    .conststring        grid.o
    0x0805b850   0x0805b850   0x00000010   Data   RO         3457    .conststring        calibration_win.o
    0x0805b860   0x0805b860   0x0000000b   Data   RO         3704    .conststring        system_bar.o
    0x0805b86b   0x0805b86b   0x00000001   PAD
    0x0805b86c   0x0805b86c   0x0000000f   Data   RO         3876    .conststring        object_default.o
    0x0805b87b   0x0805b87b   0x00000001   PAD
    0x0805b87c   0x0805b87c   0x0000000b   Data   RO         3915    .conststring        timer_info.o
    0x0805b887   0x0805b887   0x00000001   PAD
    0x0805b888   0x0805b888   0x0000000a   Data   RO         3975    .conststring        idle_info.o
    0x0805b892   0x0805b892   0x00000002   PAD
    0x0805b894   0x0805b894   0x0000016f   Data   RO         4034    .conststring        expr_eval.o
    0x0805ba03   0x0805ba03   0x00000001   PAD
    0x0805ba04   0x0805ba04   0x00000008   Data   RO         4229    .conststring        overlay.o
    0x0805ba0c   0x0805ba0c   0x00000005   Data   RO         4440    .conststring        self_layouter_menu.o
    0x0805ba11   0x0805ba11   0x00000003   PAD
    0x0805ba14   0x0805ba14   0x00000022   Data   RO         2907    .constwstring       line_break.o
    0x0805ba36   0x0805ba36   0x00000002   PAD
    0x0805ba38   0x0805ba38   0x00000020   Data   RO         5512    Region$$Table       anon$$obj.o
    0x0805ba58   0x0805ba58   0x00000008   Data   RO         5395    c$$dinf             fz_ws.l(fpconst.o)
    0x0805ba60   0x0805ba60   0x00000008   Data   RO         5398    c$$dmax             fz_ws.l(fpconst.o)
    0x0805ba68   0x0805ba68   0x00000110   Data   RO         5186    locale$$data        c_w.l(lc_ctype_c.o)
    0x0805bb78   0x0805bb78   0x0000001c   Data   RO         5306    locale$$data        c_w.l(lc_numeric_c.o)


    Execution Region RW_IRAM1 (Exec base: 0x20000000, Load base: 0x0805bb94, Size: 0x00003f00, Max: 0x00010000, ABSOLUTE, COMPRESSED[0x0000043c])

    Exec Addr    Load Addr    Size         Type   Attr      Idx    E Section Name        Object

    0x20000000   COMPRESSED   0x00000014   Data   RW          105    .data               system_stm32f10x.o
    0x20000014   COMPRESSED   0x00000006   Data   RW          218    .data               usart.o
    0x2000001a   COMPRESSED   0x00000014   Data   RW          282    .data               stm32f10x_rcc.o
    0x2000002e   COMPRESSED   0x00000001   Data   RW          452    .data               led.o
    0x2000002f   COMPRESSED   0x00000001   Data   RW          480    .data               button.o
    0x20000030   COMPRESSED   0x00000004   Data   RW          493    .data               tim.o
    0x20000034   COMPRESSED   0x0000000a   Data   RW          514    .data               rtc.o
    0x2000003e   COMPRESSED   0x00000008   Data   RW          537    .data               touch.o
    0x20000046   COMPRESSED   0x00000002   PAD
    0x20000048   COMPRESSED   0x00000008   Data   RW          697    .data               button_1.o
    0x20000050   COMPRESSED   0x00000008   Data   RW          926    .data               check_button.o
    0x20000058   COMPRESSED   0x0000001c   Data   RW          958    .data               dialog.o
    0x20000074   COMPRESSED   0x00000004   Data   RW         1080    .data               font_manager.o
    0x20000078   COMPRESSED   0x00000028   Data   RW         1165    .data               image.o
    0x200000a0   COMPRESSED   0x00000004   Data   RW         1186    .data               image_manager.o
    0x200000a4   COMPRESSED   0x00000004   Data   RW         1281    .data               main_loop.o
    0x200000a8   COMPRESSED   0x00000008   Data   RW         1299    .data               mem.o
    0x200000b0   COMPRESSED   0x00000010   Data   RW         1315    .data               progress_bar.o
    0x200000c0   COMPRESSED   0x00000004   Data   RW         1349    .data               theme.o
    0x200000c4   COMPRESSED   0x00000040   Data   RW         1395    .data               widget.o
    0x20000104   COMPRESSED   0x00000020   Data   RW         1606    .data               window.o
    0x20000124   COMPRESSED   0x00000004   Data   RW         1625    .data               window_manager.o
    0x20000128   COMPRESSED   0x00000018   Data   RW         1845    .data               slider.o
    0x20000140   COMPRESSED   0x00000004   Data   RW         1893    .data               system_info.o
    0x20000144   COMPRESSED   0x00000008   Data   RW         2006    .data               pages.o
    0x2000014c   COMPRESSED   0x0000003c   Data   RW         2025    .data               edit.o
    0x20000188   COMPRESSED   0x00000004   Data   RW         2077    .data               widget_factory.o
    0x2000018c   COMPRESSED   0x00000004   Data   RW         2295    .data               input_method.o
    0x20000190   COMPRESSED   0x00000014   Data   RW         2358    .data               dragger.o
    0x200001a4   COMPRESSED   0x00000460   Data   RW         2803    .data               color_parser.o
    0x20000604   COMPRESSED   0x0000003c   Data   RW         2822    .data               combo_box.o
    0x20000640   COMPRESSED   0x00000004   Data   RW         2908    .data               line_break.o
    0x20000644   COMPRESSED   0x00000024   Data   RW         2936    .data               popup.o
    0x20000668   COMPRESSED   0x00000008   Data   RW         2981    .data               tab_button.o
    0x20000670   COMPRESSED   0x0000000c   Data   RW         3325    .data               color_tile.o
    0x2000067c   COMPRESSED   0x00000004   Data   RW         3343    .data               assets_manager.o
    0x20000680   COMPRESSED   0x00000004   Data   RW         3358    .data               locale_info.o
    0x20000684   COMPRESSED   0x00000008   Data   RW         3475    .data               font_loader_bitmap.o
    0x2000068c   COMPRESSED   0x00000004   Data   RW         3588    .data               style_factory.o
    0x20000690   COMPRESSED   0x00000004   Data   RW         3609    .data               widget_animator_manager.o
    0x20000694   COMPRESSED   0x00000004   Data   RW         3640    .data               clip_board.o
    0x20000698   COMPRESSED   0x00000008   Data   RW         3705    .data               system_bar.o
    0x200006a0   COMPRESSED   0x00000004   Data   RW         3939    .data               timer_manager.o
    0x200006a4   COMPRESSED   0x00000004   Data   RW         3954    .data               idle_manager.o
    0x200006a8   COMPRESSED   0x00000004   Data   RW         4006    .data               widget_pool.o
    0x200006ac   COMPRESSED   0x00000004   Data   RW         4072    .data               window_animator_factory.o
    0x200006b0   COMPRESSED   0x00000004   Data   RW         4100    .data               dialog_highlighter_factory.o
    0x200006b4   COMPRESSED   0x00000004   Data   RW         4199    .data               children_layouter_factory.o
    0x200006b8   COMPRESSED   0x00000004   Data   RW         4214    .data               self_layouter_factory.o
    0x200006bc   COMPRESSED   0x00000010   Data   RW         4230    .data               overlay.o
    0x200006cc   COMPRESSED   0x00000004   Data   RW         4668    .data               mutex_null.o
    0x200006d0   COMPRESSED   0x00000004   Data   RW         4685    .data               sys_tick.o
    0x200006d4        -       0x000000c8   Zero   RW          217    .bss                usart.o
    0x2000079c        -       0x0000000a   Zero   RW          512    .bss                rtc.o
    0x200007a6   COMPRESSED   0x00000002   PAD
    0x200007a8        -       0x0000000c   Zero   RW          536    .bss                touch.o
    0x200007b4        -       0x00001000   Zero   RW          591    .bss                flash.o
    0x200017b4        -       0x00000014   Zero   RW         1298    .bss                mem.o
    0x200017c8        -       0x00000014   Zero   RW         1940    .bss                image_loader.o
    0x200017dc        -       0x0000009c   Zero   RW         1985    .bss                main_loop_simple.o
    0x20001878        -       0x00000024   Zero   RW         3175    .bss                ui_builder_default.o
    0x2000189c        -       0x00002000   Zero   RW         4654    .bss                platform.o
    0x2000389c        -       0x00000060   Zero   RW         5256    .bss                c_w.l(libspace.o)
    0x200038fc   COMPRESSED   0x00000004   PAD
    0x20003900        -       0x00000200   Zero   RW          251    HEAP                startup_stm32f10x_hd.o
    0x20003b00        -       0x00000400   Zero   RW          250    STACK               startup_stm32f10x_hd.o


==============================================================================

Image component sizes


      Code (inc. data)   RO Data    RW Data    ZI Data      Debug   Object Name

        64          6        124          0          0       1522   app_bar.o
       412        132     161856          0          0      12083   assets-mini.o
       864         44         22          4          0       7883   assets_manager.o
      1152         22          0          0          0      54451   awtk_global.o
      1664         36         68          0          0      26687   bitmap.o
      1068         10         24          0          0      12255   buffer.o
       256         12          0          1          0        850   button.o
      1048         64        131          8          0      56727   button_1.o
        84          6        116          0          0       1800   button_group.o
       808         24        132          0          0       5483   calibration_win.o
     11420         72          0          0          0      61576   canvas.o
       952         56        269          8          0       5585   check_button.o
       344          0          0          0          0       4782   children_layouter.o
        36         14          0          0          0       1974   children_layouter_builtins.o
      2500        202         61          0          0       6779   children_layouter_default.o
       264         22         68          4          0       3806   children_layouter_factory.o
       324         12          0          0          0       4489   children_layouter_parser.o
       260          8          0          4          0       3856   clip_board.o
       160         14         42          0          0       3584   clip_board_default.o
       376         68         13          0          0       3124   color.o
       676        100       2657       1120          0       3893   color_parser.o
       736         58        153         12          0       4593   color_tile.o
        64          6        123          0          0       1488   column.o
      2364        178        178         60          0      13402   combo_box.o
       844         60        131          0          0       4548   combo_box_item.o
         0          0          0          0          0         32   core_cm3.o
       900         20         40          0          0       6803   darray.o
      1440        258          0          0          0       3727   demo1_app.o
        38          0          0          0          0        604   demo_main.o
      2260        436        216         28          0      19262   dialog.o
       124         20        130          0          0       1906   dialog_client.o
       320          6         26          0          0       2842   dialog_highlighter.o
       368         24         70          4          0       4315   dialog_highlighter_factory.o
       108         12        129          0          0       1956   dialog_title.o
      1024         72        154         20          0       5084   dragger.o
      2404        128         96          0          0       6321   easing.o
      6568        318        249         60          0      21294   edit.o
       920          8         26          0          0       8876   emitter.o
       416         34       3678          0          0       9319   enums.o
       132          4         13          0          0       2074   event.o
       336          4         19          0          0       5696   event_queue.o
       470          0          0          0          0      30855   events.o
      5788        122        647          0          0      23486   expr_eval.o
       924         12          0          0       4096       3305   flash.o
       204          6         13          0          0       2934   font.o
        44          0          0          0          0       1587   font_loader.o
       416         28         19          8          0       9533   font_loader_bitmap.o
       448         16         20          4          0      28586   font_manager.o
       908         14         10          0          0       9967   fs.o
         4          0          0          0          0        464   fs_os.o
       320         18          0          0          0       3491   func_call_parser.o
        64          6        120          0          0       1468   grid.o
        64          6        116          0          0       1518   grid_item.o
        84          6        126          0          0       1758   group_box.o
      1072         12       2376          0          0       5635   gui.o
      1636         98         19          0          0       7471   hscrollable.o
       154          0          0          0          0       2301   idle.o
       128          6         54          0          0       2329   idle_info.o
       448         18         20          4          0       5959   idle_manager.o
       572         16        201         40          0       4818   image.o
      1632        128        116          0          0       6756   image_base.o
       184          6          0          0         20       8602   image_loader.o
      1036         54         39          4          0      24023   image_manager.o
       976          6         38          0          0       3842   input_device_status.o
       130          0          0          0          0       1046   input_engine.o
         0          0          0          0          0        640   input_engine_null.o
       668         10          0          4          0       5978   input_method.o
       104         12         25          0          0       1687   input_method_creator.o
      1144         46        122          0          0       6601   label.o
       588         58          0          0          0       5248   layout.o
      1210          0          0          0          0      23565   lcd.o
       696         18          0          0          0       2092   lcd_driver.o
         2          0          0          0          0      10661   lcd_profile.o
      1748         44         15          0          0      21725   lcd_stm32_raw.o
       164         10          0          1          0        739   led.o
        76          6         34          4          0       1536   line_break.o
       624         24         19          4          0       5346   locale_info.o
        68          0          0          0          0     205271   main.o
       316          6          0          4          0       3567   main_loop.o
       748         18          0          0        156       5169   main_loop_simple.o
       216         16          0          0          0      46509   main_loop_stm32_raw.o
       912         12          0          8         20       6643   mem.o
       220         22          0          0          0       1825   misc.o
        28          6          0          4          0       1985   mutex_null.o
       248          6         19          0          0       3267   named_value.o
      1728         12         14          0          0      11484   object.o
      1104         14        103          0          0      13650   object_default.o
        64          6        124         16          0       1594   overlay.o
       584         20        122          8          0       4500   pages.o
       836          6          0          0          0       4938   path.o
       100         12          0          0       8192       1236   platform.o
       568         54        170         36          0       3876   popup.o
       992         72        154         16          0       5080   progress_bar.o
      1100          4         12          0          0       5176   rect.o
        64          6        116          0          0       1450   row.o
      1120         66         24         10         10       4387   rtc.o
       316          0          0          0          0       4899   self_layouter.o
        56         24          0          0          0       1530   self_layouter_builtins.o
      1712        198         53          0          0       5464   self_layouter_default.o
       264         22         60          4          0       3718   self_layouter_factory.o
      1360          8         55          0          0       6877   self_layouter_menu.o
       160          8          0          0          0       3491   self_layouter_parser.o
      3080        136        140         24          0      10387   slider.o
       588         16         31          0          0       5642   slist.o
       476         16          0          0          0       1828   spi.o
       348         68        125          0          0       2321   spin_box.o
        64         26        304          0       1536        812   startup_stm32f10x_hd.o
       196          8          0          0          0       3520   stm32f10x_bkp.o
      1548         18          0          0          0       5399   stm32f10x_fsmc.o
       860         38          0          0          0       5757   stm32f10x_gpio.o
        24          0          0          0          0      64030   stm32f10x_it.o
       204         14          0          0          0       1967   stm32f10x_pwr.o
       932         36          0         20          0       8944   stm32f10x_rcc.o
       328          4          0          0          0       2734   stm32f10x_rtc.o
       780         14          0          0          0       6638   stm32f10x_spi.o
      3610         88          0          0          0      22864   stm32f10x_tim.o
      1032         22          0          0          0       8480   stm32f10x_usart.o
      2452         68         23          0          0      13394   str.o
       288          0          0          0          0       5160   style.o
       480         80         51          0          0       4560   style_const.o
        52          6          0          4          0       2113   style_factory.o
      1496         54         95          0          0      12720   style_mutable.o
        76          6          0          4          0       1757   sys_tick.o
       380         42        127          8          0       3292   system_bar.o
      1318        196         56          4          0      26995   system_info.o
       480         38          0         20          0       1775   system_stm32f10x.o
      1296         96        127          8          0       6908   tab_button.o
      1552         82        133          0          0       9669   tab_button_group.o
        84          6        128          0          0       1786   tab_control.o
      8844        188         29          0          0      76725   text_edit.o
       544         16         13          4          0       4325   theme.o
       572         24          0          4          0       1965   tim.o
        24          0          0          0          0        625   time_now.o
       286          0          0          0          0       3442   timer.o
       140          4         55          0          0       4033   timer_info.o
       652         18         21          4          0       6191   timer_manager.o
       616          4          0          0          0       4331   tokenizer.o
      1088         38          0          8         12       4326   touch.o
       162          0          0          0          0       2952   ui_builder.o
       272         26          0          0         36       3225   ui_builder_default.o
       122          0          0          0          0       1571   ui_loader.o
       284         10          4          0          0       2847   ui_loader_default.o
       296         16          0          6        200       3210   usart.o
       772          4        260          0          0       5509   utf8.o
      2120         60         34          0          0      18543   utils.o
      2172         60         13          0          0      11722   value.o
       504          8          0          0          0       2693   velocity.o
      2916          0          0          0          0      34156   vgcanvas.o
        64          6        121          0          0       1468   view.o
     17316       1058        144         64          0     113836   widget.o
      1032          6          0          0          0      36618   widget_animator.o
         6          0          0          0          0       1021   widget_animator_factory_null.o
       960         14         31          4          0       8581   widget_animator_manager.o
       384         26       1234          4          0      35710   widget_factory.o
       744         26         50          4          0       5392   widget_pool.o
       872         60        123          0          0      36643   widget_vtable.o
       280         16        135         32          0       3146   window.o
       832          8         23          0          0       5336   window_animator.o
       288         20         64          4          0       4467   window_animator_factory.o
      1768        208        116          0          0       5782   window_base.o
      5084        174        153          4          0      30159   window_manager.o
       220         10          0          0          0       2792   window_open.o
      1948         26         20          0          0      14523   wstr.o

    ----------------------------------------------------------------------
    163942       7306     180322       1748      14280    1781786   Object Totals
         0          0         32          0          0          0   (incl. Generated)
        22          0        118          2          2          0   (incl. Padding)

    ----------------------------------------------------------------------

      Code (inc. data)   RO Data    RW Data    ZI Data      Debug   Library Member Name

        24          4          0          0          0         84   __2printf.o
       100          0          0          0          0          0   __dclz77c.o
         8          0          0          0          0         68   __main.o
       392          4         17          0          0         92   __printf_flags_ss_wp.o
        14          0          0          0          0         68   __printf_wp.o
         0          0          0          0          0          0   __rtentry.o
        12          0          0          0          0          0   __rtentry2.o
         6          0          0          0          0          0   __rtentry4.o
        52          8          0          0          0          0   __scatter.o
        28          0          0          0          0          0   __scatter_zi.o
        28          0          0          0          0         68   _chval.o
        12          0          0          0          0         76   _iswspace.o
        60          0          0          0          0         92   _mbrtowc.o
         6          0          0          0          0          0   _printf_a.o
         6          0          0          0          0          0   _printf_c.o
        44          0          0          0          0        108   _printf_char.o
        48          6          0          0          0         96   _printf_char_common.o
        36          4          0          0          0         80   _printf_char_file.o
        40          0          0          0          0         68   _printf_charcount.o
         6          0          0          0          0          0   _printf_d.o
       120         16          0          0          0         92   _printf_dec.o
         6          0          0          0          0          0   _printf_e.o
         6          0          0          0          0          0   _printf_f.o
      1054          0          0          0          0        216   _printf_fp_dec.o
       764          8         38          0          0        100   _printf_fp_hex.o
       128         16          0          0          0         84   _printf_fp_infnan.o
         6          0          0          0          0          0   _printf_g.o
       148          4         40          0          0        160   _printf_hex_int_ll_ptr.o
         6          0          0          0          0          0   _printf_i.o
       178          0          0          0          0         88   _printf_intcommon.o
        10          0          0          0          0          0   _printf_l.o
         6          0          0          0          0          0   _printf_lc.o
        10          0          0          0          0          0   _printf_ll.o
         6          0          0          0          0          0   _printf_lld.o
         6          0          0          0          0          0   _printf_lli.o
         6          0          0          0          0          0   _printf_llo.o
         6          0          0          0          0          0   _printf_llu.o
         6          0          0          0          0          0   _printf_llx.o
       124         16          0          0          0         92   _printf_longlong_dec.o
         6          0          0          0          0          0   _printf_ls.o
         6          0          0          0          0          0   _printf_n.o
         6          0          0          0          0          0   _printf_o.o
       112         10          0          0          0        124   _printf_oct_int_ll.o
         6          0          0          0          0          0   _printf_p.o
        78          0          0          0          0        108   _printf_pad.o
         0          0          0          0          0          0   _printf_percent.o
         4          0          0          0          0          0   _printf_percent_end.o
         6          0          0          0          0          0   _printf_s.o
        82          0          0          0          0         80   _printf_str.o
        36          0          0          0          0         84   _printf_truncate.o
         6          0          0          0          0          0   _printf_u.o
        44          0          0          0          0        108   _printf_wchar.o
       188          6          8          0          0         92   _printf_wctomb.o
         6          0          0          0          0          0   _printf_x.o
        22          0          0          0          0        100   _rserrno.o
       884          6          0          0          0        100   _scanf.o
       332          0          0          0          0         96   _scanf_int.o
       342          0          0          0          0        100   _scanf_longlong.o
       276          0          0          0          0        100   _scanf_mbtowc.o
       224          0          0          0          0         96   _scanf_str.o
        30          0          0          0          0         76   _scanf_wcharmap.o
       232          0          0          0          0        100   _scanf_wctomb.o
       208          0          0          0          0         96   _scanf_wstr.o
        64          0          0          0          0         84   _sgetc.o
        16          0          0          0          0         68   _snputc.o
        10          0          0          0          0         68   _sputc.o
       158          0          0          0          0         92   _strtoul.o
        64          0          0          0          0         92   _wcrtomb.o
       228          4        148          0          0         96   bigflt0.o
        80          0          0          0          0         88   bsearchnoex.o
      2152        136          0          0          0        960   btod.o
        18          0          0          0          0         80   exit.o
         8          0          0          0          0         68   ferror.o
         6          0          0          0          0        152   heapauxi.o
        18          0          0          0          0         76   isspace.o
         4          0          0          0          0         68   iswspace.o
        44         10        272          0          0         76   lc_ctype_c.o
        44         10         28          0          0         76   lc_numeric_c.o
         2          0          0          0          0          0   libinit.o
        30          0          0          0          0          0   libinit2.o
         2          0          0          0          0          0   libshutdown.o
         2          0          0          0          0          0   libshutdown2.o
         8          4          0          0         96         68   libspace.o
        38          0          0          0          0         68   llshl.o
       138          0          0          0          0         80   lludiv10.o
        88          0          0          0          0         76   memcmp.o
        16          4          0          0          0         76   rt_ctype_table.o
         8          4          0          0          0         68   rt_errno_addr_intlibspace.o
         8          4          0          0          0         68   rt_locale_intlibspace.o
        68          0          0          0          0         68   rt_memclr.o
        78          0          0          0          0         80   rt_memclr_w.o
       138          0          0          0          0         68   rt_memcpy_v6.o
       100          0          0          0          0         80   rt_memcpy_w.o
       132          0          0          0          0         68   rt_memmove_v6.o
       122          0          0          0          0         80   rt_memmove_w.o
         2          0          0          0          0          0   rtexit.o
        10          0          0          0          0          0   rtexit2.o
        44          8          0          0          0         84   scanf_char.o
      1272         16          0          0          0        168   scanf_fp.o
       800         14          0          0          0        100   scanf_hexfp.o
       308         16          0          0          0        100   scanf_infnan.o
        20          0          0          0          0         68   strchr.o
       128          0          0          0          0         68   strcmpv7m.o
        72          0          0          0          0         80   strcpy.o
        62          0          0          0          0         76   strlen.o
       150          0          0          0          0         80   strncmp.o
        86          0          0          0          0         76   strncpy.o
        22          0          0          0          0         68   strrchr.o
        36          0          0          0          0         80   strstr.o
       164         14          0          0          0        120   strtod.o
       112          0          0          0          0         88   strtol.o
        74          0          0          0          0         80   sys_stackheap_outer.o
        26          0          0          0          0         76   tolower.o
        30          0          0          0          0         76   toupper.o
         2          0          0          0          0         68   use_no_semi.o
         2          0          0          0          0         68   use_no_semi_2.o
        52          4          0          0          0         80   vsnprintf.o
        52          8          0          0          0         80   vsscanf.o
       100          0          0          0          0         76   wclass_c.o
        22          0          0          0          0         68   wcschr.o
        24          0          0          0          0         68   wcscmp.o
        18          0          0          0          0         68   wcscpy.o
        18          0          0          0          0         68   wcslen.o
        98          4          0          0          0         92   d2f.o
       826         16          0          0          0        348   daddsub_clz.o
        16          4          0          0          0         68   dcheck1.o
        24          0          0          0          0         68   dcmpi.o
       688        140          0          0          0        208   ddiv.o
       120          4          0          0          0         92   deqf.o
        94          4          0          0          0         92   dfix.o
       194          4          0          0          0        116   dfixll.o
        90          4          0          0          0         92   dfixu.o
        84          0          0          0          0        136   dflt_clz.o
       162          0          0          0          0         84   dfltll_clz.o
       120          4          0          0          0         92   dleqf.o
       340         12          0          0          0        104   dmul.o
       156          4          0          0          0         92   dnaninf.o
        12          0          0          0          0         68   dretinf.o
       108          0          0          0          0         80   drleqf.o
       460         56          0          0          0        120   dsqrt_noumaal.o
        86          4          0          0          0         84   f2d.o
       450          8          0          0          0        236   faddsub_clz.o
        24          0          0          0          0         68   fcmpi.o
       388         76          0          0          0         96   fdiv.o
       104          4          0          0          0         84   feqf.o
        54          4          0          0          0         84   ffix.o
        62          4          0          0          0         84   ffixu.o
        86          0          0          0          0        136   fflt_clz.o
        96          0          0          0          0         84   ffltll_clz.o
       104          4          0          0          0         84   fleqf.o
       258          4          0          0          0         84   fmul.o
       140          4          0          0          0         84   fnaninf.o
         0          0         16          0          0          0   fpconst.o
        10          0          0          0          0         68   fretinf.o
        98          0          0          0          0         68   frleqf.o
         6          0          0          0          0         68   istatus.o
         4          0          0          0          0         68   printf1.o
         4          0          0          0          0         68   printf2.o
       100          0          0          0          0         68   retnan.o
        92          0          0          0          0         68   scalbn.o
         4          0          0          0          0         68   scanf1.o
         8          0          0          0          0         84   scanf2.o
        48          0          0          0          0         68   trapv.o
         0          0          0          0          0          0   usenofp.o
       636         62         80          0          0        188   acos.o
       624         52         80          0          0        168   asin.o
       544         70        152          0          0        124   atan.o
        42          0          0          0          0         84   atof.o
       220         16          0          0          0         84   ceil.o
         4          0          0          0          0         68   ceill.o
       156          8          0          0          0        104   cos.o
       252         22         48          0          0        124   cos_i.o
        68         10          0          0          0        408   dunder.o
       644         90         88          0          0        204   exp.o
       220         16          0          0          0         84   floor.o
        40          0          0          0          0         68   fpclassify.o
        88          8          0          0          0         76   frexp.o
       138          0          0          0          0        160   ldexp.o
       860         52         56          0          0        256   log.o
       228         30          0          0          0        120   log10.o
       204          4          0          0          0        168   narrow.o
       170          0          0          0          0         96   poly.o
      2520        190        136          0          0        324   pow.o
         0          0          8          0          0          0   qnan.o
       904         76        200          0          0        140   rred.o
       160         10          0          0          0        108   sin.o
       236         12         40          0          0        128   sin_i.o
        76          0          0          0          0         84   sqrt.o
       100         10          0          0          0         96   tan.o
       636         50         96          0          0        168   tan_i.o

    ----------------------------------------------------------------------
     29876       1522       1560          0        100      15904   Library Totals
        34          2          9          0          4          0   (incl. Padding)

    ----------------------------------------------------------------------

      Code (inc. data)   RO Data    RW Data    ZI Data      Debug   Library Name

     14254        364        551          0         96       8416   c_w.l
      5818        368         16          0          0       3856   fz_ws.l
      9770        788        984          0          0       3632   m_ws.l

    ----------------------------------------------------------------------
     29876       1522       1560          0        100      15904   Library Totals

    ----------------------------------------------------------------------

==============================================================================


      Code (inc. data)   RO Data    RW Data    ZI Data      Debug   

    193818       8828     181882       1748      14380    1773922   Grand Totals
    193818       8828     181882       1084      14380    1773922   ELF Image Totals (compressed)
    193818       8828     181882       1084          0          0   ROM Totals

==============================================================================

    Total RO  Size (Code + RO Data)               375700 ( 366.89kB)
    Total RW  Size (RW Data + ZI Data)             16128 (  15.75kB)
    Total ROM Size (Code + RO Data + RW Data)     376784 ( 367.95kB)

==============================================================================

