Component: ARM Compiler 5.06 update 5 (build 528) Tool: armlink [4d35e2]

==============================================================================

Section Cross References

    system_stm32f10x.o(.text) refers to system_stm32f10x.o(.data) for .data
    main.o(.text) refers to misc.o(.text) for NVIC_PriorityGroupConfig
    main.o(.text) refers to platform.o(.text) for systick_init
    main.o(.text) refers to led.o(.text) for led_init
    main.o(.text) refers to button.o(.text) for button_init
    main.o(.text) refers to lcd_driver.o(.text) for TFT_Init
    main.o(.text) refers to flash.o(.text) for FLASH_Init
    main.o(.text) refers to touch.o(.text) for TOUCH_Init
    main.o(.text) refers to tim.o(.text) for TIM3_Init
    main.o(.text) refers to rtc.o(.text) for rtc_init
    main.o(.text) refers to demo_main.o(.text) for gui_app_start
    sys.o(.text) refers to misc.o(.text) for NVIC_PriorityGroupConfig
    usart.o(.text) refers (Special) to use_no_semi_2.o(.text) for __use_no_semihosting
    usart.o(.text) refers to stm32f10x_rcc.o(.text) for RCC_APB2PeriphClockCmd
    usart.o(.text) refers to stm32f10x_gpio.o(.text) for GPIO_Init
    usart.o(.text) refers to misc.o(.text) for NVIC_Init
    usart.o(.text) refers to stm32f10x_usart.o(.text) for USART_Init
    usart.o(.text) refers to usart.o(.data) for .data
    usart.o(.text) refers to usart.o(.bss) for .bss
    usart.o(.bss) refers (Special) to use_no_semi_2.o(.text) for __use_no_semihosting
    usart.o(.data) refers (Special) to use_no_semi_2.o(.text) for __use_no_semihosting
    usart.o(.data) refers (Special) to use_no_semi_2.o(.text) for __use_no_semihosting
    startup_stm32f10x_hd.o(STACK) refers (Special) to heapauxi.o(.text) for __use_two_region_memory
    startup_stm32f10x_hd.o(HEAP) refers (Special) to heapauxi.o(.text) for __use_two_region_memory
    startup_stm32f10x_hd.o(RESET) refers (Special) to heapauxi.o(.text) for __use_two_region_memory
    startup_stm32f10x_hd.o(RESET) refers to startup_stm32f10x_hd.o(STACK) for __initial_sp
    startup_stm32f10x_hd.o(RESET) refers to startup_stm32f10x_hd.o(.text) for Reset_Handler
    startup_stm32f10x_hd.o(RESET) refers to stm32f10x_it.o(.text) for NMI_Handler
    startup_stm32f10x_hd.o(RESET) refers to sys_tick.o(.text) for SysTick_Handler
    startup_stm32f10x_hd.o(RESET) refers to rtc.o(.text) for RTC_IRQHandler
    startup_stm32f10x_hd.o(RESET) refers to main_loop_stm32_raw.o(.text) for TIM3_IRQHandler
    startup_stm32f10x_hd.o(RESET) refers to usart.o(.text) for USART1_IRQHandler
    startup_stm32f10x_hd.o(RESET) refers to tim.o(.text) for TIM5_IRQHandler
    startup_stm32f10x_hd.o(.text) refers (Special) to heapauxi.o(.text) for __use_two_region_memory
    startup_stm32f10x_hd.o(.text) refers to system_stm32f10x.o(.text) for SystemInit
    startup_stm32f10x_hd.o(.text) refers to __main.o(!!!main) for __main
    startup_stm32f10x_hd.o(.text) refers to startup_stm32f10x_hd.o(HEAP) for Heap_Mem
    startup_stm32f10x_hd.o(.text) refers to startup_stm32f10x_hd.o(STACK) for Stack_Mem
    stm32f10x_gpio.o(.text) refers to stm32f10x_rcc.o(.text) for RCC_APB2PeriphResetCmd
    stm32f10x_rcc.o(.text) refers to stm32f10x_rcc.o(.data) for .data
    stm32f10x_usart.o(.text) refers to stm32f10x_rcc.o(.text) for RCC_APB2PeriphResetCmd
    stm32f10x_wwdg.o(.text) refers to stm32f10x_rcc.o(.text) for RCC_APB1PeriphResetCmd
    stm32f10x_tim.o(.text) refers to stm32f10x_rcc.o(.text) for RCC_APB2PeriphResetCmd
    stm32f10x_bkp.o(.text) refers to stm32f10x_rcc.o(.text) for RCC_BackupResetCmd
    stm32f10x_pwr.o(.text) refers to stm32f10x_rcc.o(.text) for RCC_APB1PeriphResetCmd
    stm32f10x_spi.o(.text) refers to stm32f10x_rcc.o(.text) for RCC_APB2PeriphResetCmd
    led.o(.text) refers to stm32f10x_rcc.o(.text) for RCC_APB2PeriphClockCmd
    led.o(.text) refers to stm32f10x_gpio.o(.text) for GPIO_Init
    led.o(.text) refers to delay.o(.text) for delay_ms
    led.o(.text) refers to led.o(.data) for .data
    lcd_driver.o(.text) refers to stm32f10x_rcc.o(.text) for RCC_APB2PeriphClockCmd
    lcd_driver.o(.text) refers to stm32f10x_gpio.o(.text) for GPIO_Init
    lcd_driver.o(.text) refers to stm32f10x_fsmc.o(.text) for FSMC_NORSRAMInit
    button.o(.text) refers to stm32f10x_rcc.o(.text) for RCC_APB2PeriphClockCmd
    button.o(.text) refers to stm32f10x_gpio.o(.text) for GPIO_Init
    button.o(.text) refers to delay.o(.text) for delay_ms
    button.o(.text) refers to button.o(.data) for .data
    tim.o(.text) refers to stm32f10x_rcc.o(.text) for RCC_APB1PeriphClockCmd
    tim.o(.text) refers to stm32f10x_gpio.o(.text) for GPIO_Init
    tim.o(.text) refers to stm32f10x_tim.o(.text) for TIM_TimeBaseInit
    tim.o(.text) refers to misc.o(.text) for NVIC_Init
    tim.o(.text) refers to tim.o(.data) for .data
    rtc.o(.text) refers to _printf_percent.o(.ARM.Collect$$_printf_percent$$00000000) for _printf_percent
[...]
    0x0800f94c   0x0800f94c   0x00000110   Code   RO         1980    .text               event_queue.o
    0x0800fa5c   0x0800fa5c   0x00000d24   Code   RO         2014    .text               slider.o
    0x08010780   0x08010780   0x0000008a   Code   RO         2037    .text               idle.o
    0x0801080a   0x0801080a   0x00000002   PAD
    0x0801080c   0x0801080c   0x00000484   Code   RO         2049    .text               system_info.o
    0x08010c90   0x08010c90   0x00000098   Code   RO         2095    .text               image_loader.o
    0x08010d28   0x08010d28   0x0000089c   Code   RO         2127    .text               str.o
    0x080115c4   0x080115c4   0x000002c4   Code   RO         2143    .text               main_loop_simple.o
    0x08011888   0x08011888   0x000001f8   Code   RO         2162    .text               pages.o
    0x08011a80   0x08011a80   0x00001734   Code   RO         2182    .text               edit.o
    0x080131b4   0x080131b4   0x00000030   Code   RO         2209    .text               view.o
    0x080131e4   0x080131e4   0x000001ac   Code   RO         2227    .text               velocity.o
    0x08013390   0x08013390   0x00000138   Code   RO         2242    .text               widget_factory.o
    0x080134c8   0x080134c8   0x00000210   Code   RO         2260    .text               tokenizer.o
    0x080136d8   0x080136d8   0x00000238   Code   RO         2272    .text               input_method.o
    0x08013910   0x08013910   0x00000074   Code   RO         2302    .text               input_engine.o
    0x08013984   0x08013984   0x0000012c   Code   RO         2314    .text               spin_box.o
    0x08013ab0   0x08013ab0   0x00000368   Code   RO         2333    .text               dragger.o
    0x08013e18   0x08013e18   0x00000064   Code   RO         2353    .text               dialog_client.o
    0x08013e7c   0x08013e7c   0x00000054   Code   RO         2371    .text               dialog_title.o
    0x08013ed0   0x08013ed0   0x00000378   Code   RO         2389    .text               awtk_global.o
    0x08014248   0x08014248   0x0000005c   Code   RO         2740    .text               input_method_creator.o
    0x080142a4   0x080142a4   0x00000038   Code   RO         2756    .text               button_group.o
    0x080142dc   0x080142dc   0x00000284   Code   RO         2774    .text               color_parser.o
    0x08014560   0x08014560   0x00000af8   Code   RO         2792    .text               combo_box.o
    0x08015058   0x08015058   0x000002e4   Code   RO         2834    .text               combo_box_item.o
    0x0801533c   0x0801533c   0x0000028c   Code   RO         2866    .text               fs.o
    0x080155c8   0x080155c8   0x00000080   Code   RO         2901    .text               line_break.o
    0x08015648   0x08015648   0x00000224   Code   RO         2939    .text               popup.o
    0x0801586c   0x0801586c   0x0000045c   Code   RO         2994    .text               tab_button.o
    0x08015cc8   0x08015cc8   0x00000350   Code   RO         3014    .text               tab_button_group.o
    0x08016018   0x08016018   0x00000038   Code   RO         3035    .text               tab_control.o
    0x08016050   0x08016050   0x00000066   Code   RO         3053    .text               ui_builder.o
    0x080160b6   0x080160b6   0x00000002   PAD
    0x080160b8   0x080160b8   0x00000846   Code   RO         3068    .text               vgcanvas.o
    0x080168fe   0x080168fe   0x00000002   PAD
    0x08016900   0x08016900   0x000000f0   Code   RO         3188    .text               ui_builder_default.o
    0x080169f0   0x080169f0   0x00000060   Code   RO         3205    .text               ui_loader.o
    0x08016a50   0x08016a50   0x00000108   Code   RO         3220    .text               ui_loader_default.o
    0x08016b58   0x08016b58   0x000000ac   Code   RO         3290    .text               window_open.o
    0x08016c04   0x08016c04   0x0000028c   Code   RO         3333    .text               color_tile.o
    0x08016e90   0x08016e90   0x00000378   Code   RO         3353    .text               assets_manager.o
    0x08017208   0x08017208   0x00000228   Code   RO         3368    .text               locale_info.o
    0x08017430   0x08017430   0x000002e4   Code   RO         3383    .text               path.o
    0x08017714   0x08017714   0x00000030   Code   RO         3395    .text               app_bar.o
    0x08017744   0x08017744   0x00000030   Code   RO         3413    .text               column.o
    0x08017774   0x08017774   0x00000030   Code   RO         3431    .text               grid.o
    0x080177a4   0x080177a4   0x00000030   Code   RO         3449    .text               row.o
    0x080177d4   0x080177d4   0x000002c4   Code   RO         3467    .text               calibration_win.o
    0x08017a98   0x08017a98   0x00000160   Code   RO         3485    .text               font_loader_bitmap.o
    0x08017bf8   0x08017bf8   0x0000001a   Code   RO         3514    .text               font_loader.o
    0x08017c12   0x08017c12   0x00000002   PAD
    0x08017c14   0x08017c14   0x000006b2   Code   RO         3529    .text               window_base.o
    0x080182c6   0x080182c6   0x00000016   Code   RO         3549    .text               time_now.o
    0x080182dc   0x080182dc   0x000002bc   Code   RO         3561    .text               style.o
    0x08018598   0x08018598   0x000001a4   Code   RO         3576    .text               style_const.o
    0x0801873c   0x0801873c   0x00000024   Code   RO         3593    .text               style_factory.o
    0x08018760   0x08018760   0x0000007c   Code   RO         3631    .text               clip_board_default.o
    0x080187dc   0x080187dc   0x000000c4   Code   RO         3648    .text               clip_board.o
    0x080188a0   0x080188a0   0x000005a4   Code   RO         3665    .text               image_base.o
    0x08018e44   0x08018e44   0x00000030   Code   RO         3679    .text               grid_item.o
    0x08018e74   0x08018e74   0x00000358   Code   RO         3697    .text               input_device_status.o
    0x080191cc   0x080191cc   0x0000017c   Code   RO         3711    .text               system_bar.o
    0x08019348   0x08019348   0x00000864   Code   RO         3731    .text               children_layouter_default.o
    0x08019bac   0x08019bac   0x000005d4   Code   RO         3752    .text               self_layouter_default.o
    0x0801a180   0x0801a180   0x000000e8   Code   RO         3770    .text               children_layouter.o
    0x0801a268   0x0801a268   0x000000d4   Code   RO         3785    .text               self_layouter.o
    0x0801a33c   0x0801a33c   0x0000007c   Code   RO         3803    .text               date_time.o
    0x0801a3b8   0x0801a3b8   0x0000010c   Code   RO         3821    .text               func_call_parser.o
    0x0801a4c4   0x0801a4c4   0x00000078   Code   RO         3842    .text               event.o
    0x0801a53c   0x0801a53c   0x000000ec   Code   RO         3855    .text               named_value.o
    0x0801a628   0x0801a628   0x000006fc   Code   RO         3871    .text               object.o
    0x0801ad24   0x0801ad24   0x00000436   Code   RO         3884    .text               object_default.o
    0x0801b15a   0x0801b15a   0x00000002   PAD
    0x0801b15c   0x0801b15c   0x00000084   Code   RO         3923    .text               timer_info.o
    0x0801b1e0   0x0801b1e0   0x00000238   Code   RO         3947    .text               timer_manager.o
    0x0801b418   0x0801b418   0x00000178   Code   RO         3962    .text               idle_manager.o
    0x0801b590   0x0801b590   0x00000074   Code   RO         3983    .text               idle_info.o
    0x0801b604   0x0801b604   0x000001f8   Code   RO         3998    .text               slist.o
    0x0801b7fc   0x0801b7fc   0x00000394   Code   RO         4014    .text               darray.o
    0x0801bb90   0x0801bb90   0x00001278   Code   RO         4027    .text               expr_eval.o
    0x0801ce08   0x0801ce08   0x00000002   Code   RO         4041    .text               lcd_profile.o
    0x0801ce0a   0x0801ce0a   0x00000002   PAD
    0x0801ce0c   0x0801ce0c   0x000000fc   Code   RO         4068    .text               window_animator_factory.o
    0x0801cf08   0x0801cf08   0x0000014c   Code   RO         4083    .text               dialog_highlighter.o
    0x0801d054   0x0801d054   0x0000012c   Code   RO         4096    .text               dialog_highlighter_factory.o
    0x0801d180   0x0801d180   0x00000020   Code   RO         4114    .text               children_layouter_builtins.o
    0x0801d1a0   0x0801d1a0   0x00000120   Code   RO         4135    .text               children_layouter_parser.o
    0x0801d2c0   0x0801d2c0   0x00000038   Code   RO         4156    .text               self_layouter_builtins.o
    0x0801d2f8   0x0801d2f8   0x00000088   Code   RO         4177    .text               self_layouter_parser.o
    0x0801d380   0x0801d380   0x000000ec   Code   RO         4198    .text               children_layouter_factory.o
    0x0801d46c   0x0801d46c   0x000000ec   Code   RO         4213    .text               self_layouter_factory.o
    0x0801d558   0x0801d558   0x00000030   Code   RO         4228    .text               overlay.o
    0x0801d588   0x0801d588   0x00000544   Code   RO         4260    .text               style_mutable.o
    0x0801dacc   0x0801dacc   0x00001ec2   Code   RO         4313    .text               text_edit.o
    0x0801f98e   0x0801f98e   0x00000002   PAD
    0x0801f990   0x0801f990   0x00000428   Code   RO         4443    .text               self_layouter_menu.o
    0x0801fdb8   0x0801fdb8   0x00000570   Code   RO         4461    .text               hscrollable.o
    0x08020328   0x08020328   0x0000024a   Code   RO         4474    .text               native_window.o
    0x08020572   0x08020572   0x00000002   PAD
    0x08020574   0x08020574   0x000000f8   Code   RO         4486    .text               native_window_raw.o
    0x0802066c   0x0802066c   0x0000108c   Code   RO         4505    .text               window_manager_default.o
    0x080216f8   0x080216f8   0x00000518   Code   RO         4527    .text               dialog_helper.o
    0x08021c10   0x08021c10   0x00000388   Code   RO         4545    .text               widgets.o
    0x08021f98   0x08021f98   0x00000034   Code   RO         4626    .text               ui_feedback.o
    0x08021fcc   0x08021fcc   0x00000038   Code   RO         4643    .text               emojidef.o
    0x08022004   0x08022004   0x000003e0   Code   RO         4706    .text               linebreak.o
    0x080223e4   0x080223e4   0x00000104   Code   RO         4776    .text               unibreakdef.o
    0x080224e8   0x080224e8   0x00000448   Code   RO         4788    .text               wordbreak.o
    0x08022930   0x08022930   0x00000048   Code   RO         4811    .text               graphic_buffer.o
    0x08022978   0x08022978   0x00000120   Code   RO         4823    .text               graphic_buffer_default.o
    0x08022a98   0x08022a98   0x0000038c   Code   RO         4837    .text               digit_clock.o
    0x08022e24   0x08022e24   0x00000944   Code   RO         4861    .text               lcd_stm32_raw.o
    0x08023768   0x08023768   0x000000b8   Code   RO         4900    .text               main_loop_stm32_raw.o
    0x08023820   0x08023820   0x0000005c   Code   RO         5057    .text               platform.o
    0x0802387c   0x0802387c   0x00000014   Code   RO         5071    .text               mutex_null.o
    0x08023890   0x08023890   0x00000038   Code   RO         5088    .text               sys_tick.o
    0x080238c8   0x080238c8   0x00000004   Code   RO         5102    .text               fs_os.o
    0x080238cc   0x080238cc   0x0000001c   Code   RO         5114    .text               demo_main.o
    0x080238e8   0x080238e8   0x00000540   Code   RO         5129    .text               demo1_app.o
    0x08023e28   0x08023e28   0x00000220   Code   RO         5144    .text               assets-mini.o
    0x08024048   0x08024048   0x00000002   Code   RO         5203    .text               c_w.l(use_no_semi_2.o)
    0x0802404a   0x0802404a   0x00000002   PAD
    0x0802404c   0x0802404c   0x00000010   Code   RO         5205    .text               c_w.l(rt_ctype_table.o)
    0x0802405c   0x0802405c   0x000000ee   Code   RO         5207    .text               c_w.l(lludivv7m.o)
    0x0802414a   0x0802414a   0x0000001a   Code   RO         5209    .text               c_w.l(tolower.o)
    0x08024164   0x08024164   0x0000001e   Code   RO         5211    .text               c_w.l(toupper.o)
    0x08024182   0x08024182   0x00000004   Code   RO         5213    .text               c_w.l(iswspace.o)
    0x08024186   0x08024186   0x00000002   PAD
    0x08024188   0x08024188   0x00000034   Code   RO         5215    .text               c_w.l(vsnprintf.o)
    0x080241bc   0x080241bc   0x00000018   Code   RO         5217    .text               c_w.l(__2printf.o)
    0x080241d4   0x080241d4   0x00000078   Code   RO         5223    .text               c_w.l(_printf_dec.o)
    0x0802424c   0x0802424c   0x00000188   Code   RO         5242    .text               c_w.l(__printf_flags_ss_wp.o)
    0x080243d4   0x080243d4   0x00000034   Code   RO         5247    .text               c_w.l(vsscanf.o)
    0x08024408   0x08024408   0x00000070   Code   RO         5249    .text               c_w.l(strtol.o)
    0x08024478   0x08024478   0x00000072   Code   RO         5251    .text               c_w.l(strtoul.o)
    0x080244ea   0x080244ea   0x00000264   Code   RO         5253    .text               c_w.l(qsortnoex.o)
    0x0802474e   0x0802474e   0x00000050   Code   RO         5255    .text               c_w.l(bsearchnoex.o)
    0x0802479e   0x0802479e   0x00000014   Code   RO         5257    .text               c_w.l(strchr.o)
    0x080247b2   0x080247b2   0x00000024   Code   RO         5259    .text               c_w.l(strstr.o)
    0x080247d6   0x080247d6   0x00000058   Code   RO         5261    .text               c_w.l(memcmp.o)
    0x0802482e   0x0802482e   0x00000048   Code   RO         5263    .text               c_w.l(strcpy.o)
    0x08024876   0x08024876   0x0000002a   Code   RO         5265    .text               c_w.l(strcasecmp.o)
    0x080248a0   0x080248a0   0x00000016   Code   RO         5267    .text               c_w.l(strrchr.o)
    0x080248b6   0x080248b6   0x0000003e   Code   RO         5269    .text               c_w.l(strlen.o)
    0x080248f4   0x080248f4   0x00000012   Code   RO         5271    .text               c_w.l(wcscpy.o)
    0x08024906   0x08024906   0x00000018   Code   RO         5273    .text               c_w.l(wcscmp.o)
    0x0802491e   0x0802491e   0x00000016   Code   RO         5275    .text               c_w.l(wcschr.o)
    0x08024934   0x08024934   0x00000012   Code   RO         5277    .text               c_w.l(wcslen.o)
    0x08024946   0x08024946   0x00000096   Code   RO         5279    .text               c_w.l(strncmp.o)
    0x080249dc   0x080249dc   0x0000008a   Code   RO         5281    .text               c_w.l(rt_memcpy_v6.o)
    0x08024a66   0x08024a66   0x00000084   Code   RO         5283    .text               c_w.l(rt_memmove_v6.o)
    0x08024aea   0x08024aea   0x00000064   Code   RO         5285    .text               c_w.l(rt_memcpy_w.o)
    0x08024b4e   0x08024b4e   0x0000007a   Code   RO         5287    .text               c_w.l(rt_memmove_w.o)
    0x08024bc8   0x08024bc8   0x00000044   Code   RO         5291    .text               c_w.l(rt_memclr.o)
    0x08024c0c   0x08024c0c   0x0000004e   Code   RO         5293    .text               c_w.l(rt_memclr_w.o)
    0x08024c5a   0x08024c5a   0x00000056   Code   RO         5295    .text               c_w.l(strncpy.o)
    0x08024cb0   0x08024cb0   0x00000080   Code   RO         5297    .text               c_w.l(strcmpv7m.o)
    0x08024d30   0x08024d30   0x00000006   Code   RO         5299    .text               c_w.l(heapauxi.o)
    0x08024d36   0x08024d36   0x00000002   Code   RO         5497    .text               c_w.l(use_no_semi.o)
    0x08024d38   0x08024d38   0x00000008   Code   RO         5507    .text               c_w.l(rt_locale_intlibspace.o)
    0x08024d40   0x08024d40   0x00000008   Code   RO         5512    .text               c_w.l(rt_errno_addr_intlibspace.o)
    0x08024d48   0x08024d48   0x00000016   Code   RO         5514    .text               c_w.l(_rserrno.o)
    0x08024d5e   0x08024d5e   0x0000000c   Code   RO         5516    .text               c_w.l(_iswspace.o)
    0x08024d6a   0x08024d6a   0x0000004e   Code   RO         5518    .text               c_w.l(_printf_pad.o)
    0x08024db8   0x08024db8   0x00000024   Code   RO         5520    .text               c_w.l(_printf_truncate.o)
    0x08024ddc   0x08024ddc   0x00000052   Code   RO         5522    .text               c_w.l(_printf_str.o)
    0x08024e2e   0x08024e2e   0x000000b2   Code   RO         5524    .text               c_w.l(_printf_intcommon.o)
    0x08024ee0   0x08024ee0   0x00000028   Code   RO         5526    .text               c_w.l(_printf_charcount.o)
    0x08024f08   0x08024f08   0x00000030   Code   RO         5528    .text               c_w.l(_printf_char_common.o)
    0x08024f38   0x08024f38   0x0000000a   Code   RO         5530    .text               c_w.l(_sputc.o)
    0x08024f42   0x08024f42   0x00000010   Code   RO         5532    .text               c_w.l(_snputc.o)
    0x08024f52   0x08024f52   0x00000002   PAD
    0x08024f54   0x08024f54   0x00000024   Code   RO         5534    .text               c_w.l(_printf_char_file.o)
    0x08024f78   0x08024f78   0x000000bc   Code   RO         5536    .text               c_w.l(_printf_wctomb.o)
    0x08025034   0x08025034   0x0000007c   Code   RO         5539    .text               c_w.l(_printf_longlong_dec.o)
    0x080250b0   0x080250b0   0x00000070   Code   RO         5545    .text               c_w.l(_printf_oct_int_ll.o)
    0x08025120   0x08025120   0x00000094   Code   RO         5565    .text               c_w.l(_printf_hex_int_ll_ptr.o)
    0x080251b4   0x080251b4   0x00000156   Code   RO         5590    .text               c_w.l(_scanf_longlong.o)
    0x0802530a   0x0802530a   0x0000014c   Code   RO         5592    .text               c_w.l(_scanf_int.o)
    0x08025456   0x08025456   0x000000e0   Code   RO         5594    .text               c_w.l(_scanf_str.o)
    0x08025536   0x08025536   0x00000002   PAD
    0x08025538   0x08025538   0x0000002c   Code   RO         5596    .text               c_w.l(scanf_char.o)
    0x08025564   0x08025564   0x00000040   Code   RO         5598    .text               c_w.l(_sgetc.o)
    0x080255a4   0x080255a4   0x0000009e   Code   RO         5600    .text               c_w.l(_strtoul.o)
    0x08025642   0x08025642   0x00000002   PAD
    0x08025644   0x08025644   0x000000a4   Code   RO         5602    .text               c_w.l(strtod.o)
    0x080256e8   0x080256e8   0x00000114   Code   RO         5604    .text               c_w.l(_scanf_mbtowc.o)
    0x080257fc   0x080257fc   0x000000e8   Code   RO         5606    .text               c_w.l(_scanf_wctomb.o)
    0x080258e4   0x080258e4   0x000000d0   Code   RO         5608    .text               c_w.l(_scanf_wstr.o)
    0x080259b4   0x080259b4   0x00000008   Code   RO         5681    .text               c_w.l(libspace.o)
    0x080259bc   0x080259bc   0x0000008a   Code   RO         5701    .text               c_w.l(lludiv10.o)
    0x08025a46   0x08025a46   0x00000012   Code   RO         5703    .text               c_w.l(isspace.o)
    0x08025a58   0x08025a58   0x00000064   Code   RO         5705    .text               c_w.l(wclass_c.o)
    0x08025abc   0x08025abc   0x0000041e   Code   RO         5707    .text               c_w.l(_printf_fp_dec.o)
    0x08025eda   0x08025eda   0x00000002   PAD
    0x08025edc   0x08025edc   0x000002fc   Code   RO         5709    .text               c_w.l(_printf_fp_hex.o)
    0x080261d8   0x080261d8   0x0000002c   Code   RO         5714    .text               c_w.l(_printf_char.o)
    0x08026204   0x08026204   0x0000002c   Code   RO         5716    .text               c_w.l(_printf_wchar.o)
    0x08026230   0x08026230   0x0000001c   Code   RO         5718    .text               c_w.l(_chval.o)
    0x0802624c   0x0802624c   0x00000374   Code   RO         5720    .text               c_w.l(_scanf.o)
    0x080265c0   0x080265c0   0x000004f8   Code   RO         5722    .text               c_w.l(scanf_fp.o)
    0x08026ab8   0x08026ab8   0x0000001e   Code   RO         5724    .text               c_w.l(_scanf_wcharmap.o)
    0x08026ad6   0x08026ad6   0x00000008   Code   RO         5726    .text               c_w.l(ferror.o)
    0x08026ade   0x08026ade   0x0000003c   Code   RO         5730    .text               c_w.l(_mbrtowc.o)
    0x08026b1a   0x08026b1a   0x00000040   Code   RO         5732    .text               c_w.l(_wcrtomb.o)
    0x08026b5a   0x08026b5a   0x0000004a   Code   RO         5784    .text               c_w.l(sys_stackheap_outer.o)
    0x08026ba4   0x08026ba4   0x00000080   Code   RO         5786    .text               c_w.l(_printf_fp_infnan.o)
    0x08026c24   0x08026c24   0x000000e4   Code   RO         5788    .text               c_w.l(bigflt0.o)
    0x08026d08   0x08026d08   0x00000012   Code   RO         5813    .text               c_w.l(exit.o)
    0x08026d1a   0x08026d1a   0x00000002   PAD
    0x08026d1c   0x08026d1c   0x00000320   Code   RO         5853    .text               c_w.l(scanf_hexfp.o)
    0x0802703c   0x0802703c   0x00000134   Code   RO         5855    .text               c_w.l(scanf_infnan.o)
    0x08027170   0x08027170   0x00000026   Code   RO         5880    .text               c_w.l(llshl.o)
    0x08027196   0x08027196   0x0000003e   Code   RO         5791    CL$$btod_d2e        c_w.l(btod.o)
    0x080271d4   0x080271d4   0x00000046   Code   RO         5793    CL$$btod_d2e_denorm_low  c_w.l(btod.o)
    0x0802721a   0x0802721a   0x00000060   Code   RO         5792    CL$$btod_d2e_norm_op1  c_w.l(btod.o)
    0x0802727a   0x0802727a   0x00000338   Code   RO         5801    CL$$btod_div_common  c_w.l(btod.o)
    0x080275b2   0x080275b2   0x00000002   PAD
    0x080275b4   0x080275b4   0x00000084   Code   RO         5799    CL$$btod_e2d        c_w.l(btod.o)
    0x08027638   0x08027638   0x000000dc   Code   RO         5798    CL$$btod_e2e        c_w.l(btod.o)
    0x08027714   0x08027714   0x0000002a   Code   RO         5795    CL$$btod_ediv       c_w.l(btod.o)
    0x0802773e   0x0802773e   0x0000002a   Code   RO         5797    CL$$btod_edivd      c_w.l(btod.o)
    0x08027768   0x08027768   0x0000002a   Code   RO         5794    CL$$btod_emul       c_w.l(btod.o)
    0x08027792   0x08027792   0x0000002a   Code   RO         5796    CL$$btod_emuld      c_w.l(btod.o)
    0x080277bc   0x080277bc   0x00000244   Code   RO         5800    CL$$btod_mult_common  c_w.l(btod.o)
    0x08027a00   0x08027a00   0x00000028   Code   RO         5659    i.__ARM_fpclassify  m_ws.l(fpclassify.o)
    0x08027a28   0x08027a28   0x00000388   Code   RO         5664    i.__ieee754_rem_pio2  m_ws.l(rred.o)
    0x08027db0   0x08027db0   0x000000fc   Code   RO         5642    i.__kernel_cos      m_ws.l(cos_i.o)
    0x08027eac   0x08027eac   0x000000aa   Code   RO         5661    i.__kernel_poly     m_ws.l(poly.o)
    0x08027f56   0x08027f56   0x00000002   PAD
    0x08027f58   0x08027f58   0x000000ec   Code   RO         5669    i.__kernel_sin      m_ws.l(sin_i.o)
    0x08028044   0x08028044   0x0000027c   Code   RO         5675    i.__kernel_tan      m_ws.l(tan_i.o)
    0x080282c0   0x080282c0   0x00000010   Code   RO         5645    i.__mathlib_dbl_divzero  m_ws.l(dunder.o)
    0x080282d0   0x080282d0   0x00000006   Code   RO         5646    i.__mathlib_dbl_infnan  m_ws.l(dunder.o)
    0x080282d6   0x080282d6   0x0000000c   Code   RO         5648    i.__mathlib_dbl_invalid  m_ws.l(dunder.o)
    0x080282e2   0x080282e2   0x0000000e   Code   RO         5649    i.__mathlib_dbl_overflow  m_ws.l(dunder.o)
    0x080282f0   0x080282f0   0x00000010   Code   RO         5651    i.__mathlib_dbl_underflow  m_ws.l(dunder.o)
    0x08028300   0x08028300   0x00000010   Code   RO         5843    i.__mathlib_narrow  m_ws.l(narrow.o)
    0x08028310   0x08028310   0x000000bc   Code   RO         5844    i.__mathlib_tofloat  m_ws.l(narrow.o)
    0x080283cc   0x080283cc   0x00000016   Code   RO         5891    i.__support_ldexp   m_ws.l(ldexp.o)
    0x080283e2   0x080283e2   0x0000000e   Code   RO         5235    i._is_digit         c_w.l(__printf_wp.o)
    0x080283f0   0x080283f0   0x0000027c   Code   RO         5386    i.acos              m_ws.l(acos.o)
    0x0802866c   0x0802866c   0x00000270   Code   RO         5396    i.asin              m_ws.l(asin.o)
    0x080288dc   0x080288dc   0x00000220   Code   RO         5406    i.atan              m_ws.l(atan.o)
    0x08028afc   0x08028afc   0x0000002a   Code   RO         5416    i.atof              m_ws.l(atof.o)
    0x08028b26   0x08028b26   0x00000002   PAD
    0x08028b28   0x08028b28   0x000000dc   Code   RO         5420    i.ceil              m_ws.l(ceil.o)
    0x08028c04   0x08028c04   0x0000009c   Code   RO         5424    i.cos               m_ws.l(cos.o)
    0x08028ca0   0x08028ca0   0x00000284   Code   RO         5432    i.exp               m_ws.l(exp.o)
    0x08028f24   0x08028f24   0x000000dc   Code   RO         5442    i.floor             m_ws.l(floor.o)
    0x08029000   0x08029000   0x00000058   Code   RO         5866    i.frexp             m_ws.l(frexp.o)
    0x08029058   0x08029058   0x00000074   Code   RO         5892    i.ldexp             m_ws.l(ldexp.o)
    0x080290cc   0x080290cc   0x0000035c   Code   RO         5446    i.log               m_ws.l(log.o)
    0x08029428   0x08029428   0x000000e4   Code   RO         5456    i.log10             m_ws.l(log10.o)
    0x0802950c   0x0802950c   0x000000a0   Code   RO         5474    i.sin               m_ws.l(sin.o)
    0x080295ac   0x080295ac   0x0000004c   Code   RO         5482    i.sqrt              m_ws.l(sqrt.o)
    0x080295f8   0x080295f8   0x00000064   Code   RO         5490    i.tan               m_ws.l(tan.o)
    0x0802965c   0x0802965c   0x0000002c   Code   RO         5611    locale$$code        c_w.l(lc_ctype_c.o)
    0x08029688   0x08029688   0x0000002c   Code   RO         5735    locale$$code        c_w.l(lc_numeric_c.o)
    0x080296b4   0x080296b4   0x00000062   Code   RO         5303    x$fpl$d2f           fz_ws.l(d2f.o)
    0x08029716   0x08029716   0x00000002   PAD
    0x08029718   0x08029718   0x00000150   Code   RO         5305    x$fpl$dadd          fz_ws.l(daddsub_clz.o)
    0x08029868   0x08029868   0x00000010   Code   RO         5613    x$fpl$dcheck1       fz_ws.l(dcheck1.o)
    0x08029878   0x08029878   0x00000018   Code   RO         5615    x$fpl$dcmpinf       fz_ws.l(dcmpi.o)
    0x08029890   0x08029890   0x000002b0   Code   RO         5312    x$fpl$ddiv          fz_ws.l(ddiv.o)
    0x08029b40   0x08029b40   0x00000078   Code   RO         5315    x$fpl$deqf          fz_ws.l(deqf.o)
    0x08029bb8   0x08029bb8   0x0000005e   Code   RO         5317    x$fpl$dfix          fz_ws.l(dfix.o)
    0x08029c16   0x08029c16   0x00000002   PAD
    0x08029c18   0x08029c18   0x0000005a   Code   RO         5325    x$fpl$dfixu         fz_ws.l(dfixu.o)
    0x08029c72   0x08029c72   0x0000002e   Code   RO         5330    x$fpl$dflt          fz_ws.l(dflt_clz.o)
    0x08029ca0   0x08029ca0   0x000000a2   Code   RO         5335    x$fpl$dfltll        fz_ws.l(dfltll_clz.o)
    0x08029d42   0x08029d42   0x00000026   Code   RO         5329    x$fpl$dfltu         fz_ws.l(dflt_clz.o)
    0x08029d68   0x08029d68   0x00000078   Code   RO         5339    x$fpl$dleqf         fz_ws.l(dleqf.o)
    0x08029de0   0x08029de0   0x00000154   Code   RO         5341    x$fpl$dmul          fz_ws.l(dmul.o)
    0x08029f34   0x08029f34   0x0000009c   Code   RO         5617    x$fpl$dnaninf       fz_ws.l(dnaninf.o)
    0x08029fd0   0x08029fd0   0x0000000c   Code   RO         5619    x$fpl$dretinf       fz_ws.l(dretinf.o)
    0x08029fdc   0x08029fdc   0x0000006c   Code   RO         5343    x$fpl$drleqf        fz_ws.l(drleqf.o)
    0x0802a048   0x0802a048   0x00000016   Code   RO         5306    x$fpl$drsb          fz_ws.l(daddsub_clz.o)
    0x0802a05e   0x0802a05e   0x00000002   PAD
    0x0802a060   0x0802a060   0x000001cc   Code   RO         5621    x$fpl$dsqrt         fz_ws.l(dsqrt_noumaal.o)
    0x0802a22c   0x0802a22c   0x000001d4   Code   RO         5307    x$fpl$dsub          fz_ws.l(daddsub_clz.o)
    0x0802a400   0x0802a400   0x00000056   Code   RO         5345    x$fpl$f2d           fz_ws.l(f2d.o)
    0x0802a456   0x0802a456   0x00000002   PAD
    0x0802a458   0x0802a458   0x000000c4   Code   RO         5347    x$fpl$fadd          fz_ws.l(faddsub_clz.o)
    0x0802a51c   0x0802a51c   0x0000000c   Code   RO         5623    x$fpl$fcheck1       fz_ws.l(fcheck1.o)
    0x0802a528   0x0802a528   0x00000018   Code   RO         5625    x$fpl$fcmpinf       fz_ws.l(fcmpi.o)
    0x0802a540   0x0802a540   0x00000184   Code   RO         5354    x$fpl$fdiv          fz_ws.l(fdiv.o)
    0x0802a6c4   0x0802a6c4   0x00000068   Code   RO         5357    x$fpl$feqf          fz_ws.l(feqf.o)
    0x0802a72c   0x0802a72c   0x00000036   Code   RO         5359    x$fpl$ffix          fz_ws.l(ffix.o)
    0x0802a762   0x0802a762   0x00000002   PAD
    0x0802a764   0x0802a764   0x0000003e   Code   RO         5363    x$fpl$ffixu         fz_ws.l(ffixu.o)
    0x0802a7a2   0x0802a7a2   0x00000002   PAD
    0x0802a7a4   0x0802a7a4   0x00000030   Code   RO         5368    x$fpl$fflt          fz_ws.l(fflt_clz.o)
    0x0802a7d4   0x0802a7d4   0x00000060   Code   RO         5373    x$fpl$ffltll        fz_ws.l(ffltll_clz.o)
    0x0802a834   0x0802a834   0x00000026   Code   RO         5367    x$fpl$ffltu         fz_ws.l(fflt_clz.o)
    0x0802a85a   0x0802a85a   0x00000002   PAD
    0x0802a85c   0x0802a85c   0x00000068   Code   RO         5375    x$fpl$fleqf         fz_ws.l(fleqf.o)
    0x0802a8c4   0x0802a8c4   0x00000102   Code   RO         5377    x$fpl$fmul          fz_ws.l(fmul.o)
    0x0802a9c6   0x0802a9c6   0x0000008c   Code   RO         5627    x$fpl$fnaninf       fz_ws.l(fnaninf.o)
    0x0802aa52   0x0802aa52   0x0000000a   Code   RO         5629    x$fpl$fretinf       fz_ws.l(fretinf.o)
    0x0802aa5c   0x0802aa5c   0x00000062   Code   RO         5379    x$fpl$frleqf        fz_ws.l(frleqf.o)
    0x0802aabe   0x0802aabe   0x00000014   Code   RO         5348    x$fpl$frsb          fz_ws.l(faddsub_clz.o)
    0x0802aad2   0x0802aad2   0x00000002   PAD
    0x0802aad4   0x0802aad4   0x000000ea   Code   RO         5349    x$fpl$fsub          fz_ws.l(faddsub_clz.o)
    0x0802abbe   0x0802abbe   0x00000006   Code   RO         5833    x$fpl$ieeestatus    fz_ws.l(istatus.o)
    0x0802abc4   0x0802abc4   0x000000c2   Code   RO         5321    x$fpl$llsfromd      fz_ws.l(dfixll.o)
    0x0802ac86   0x0802ac86   0x00000004   Code   RO         5631    x$fpl$printf1       fz_ws.l(printf1.o)
    0x0802ac8a   0x0802ac8a   0x00000004   Code   RO         5633    x$fpl$printf2       fz_ws.l(printf2.o)
    0x0802ac8e   0x0802ac8e   0x00000064   Code   RO         5782    x$fpl$retnan        fz_ws.l(retnan.o)
    0x0802acf2   0x0802acf2   0x0000005c   Code   RO         5381    x$fpl$scalbn        fz_ws.l(scalbn.o)
    0x0802ad4e   0x0802ad4e   0x0000004c   Code   RO         5383    x$fpl$scalbnf       fz_ws.l(scalbnf.o)
    0x0802ad9a   0x0802ad9a   0x00000004   Code   RO         5639    x$fpl$scanf1        fz_ws.l(scanf1.o)
    0x0802ad9e   0x0802ad9e   0x00000008   Code   RO         5835    x$fpl$scanf2        fz_ws.l(scanf2.o)
    0x0802ada6   0x0802ada6   0x00000030   Code   RO         5841    x$fpl$trapveneer    fz_ws.l(trapv.o)
    0x0802add6   0x0802add6   0x00000000   Code   RO         5641    x$fpl$usenofp       fz_ws.l(usenofp.o)
    0x0802add6   0x0802add6   0x00000018   Data   RO          514    .constdata          rtc.o
    0x0802adee   0x0802adee   0x00000948   Data   RO          572    .constdata          gui.o
    0x0802b736   0x0802b736   0x00000002   PAD
    0x0802b738   0x0802b738   0x00000047   Data   RO          624    .constdata          bitmap.o
    0x0802b77f   0x0802b77f   0x00000018   Data   RO          701    .constdata          buffer.o
    0x0802b797   0x0802b797   0x00000001   PAD
    0x0802b798   0x0802b798   0x00000080   Data   RO          723    .constdata          button_1.o
    0x0802b818   0x0802b818   0x00000100   Data   RO          959    .constdata          check_button.o
    0x0802b918   0x0802b918   0x0000000d   Data   RO          979    .constdata          color.o
    0x0802b925   0x0802b925   0x00000003   PAD
    0x0802b928   0x0802b928   0x00000080   Data   RO          992    .constdata          dialog.o
    0x0802b9a8   0x0802b9a8   0x00000023   Data   RO         1144    .constdata          emitter.o
    0x0802b9cb   0x0802b9cb   0x00000001   PAD
    0x0802b9cc   0x0802b9cc   0x00000930   Data   RO         1163    .constdata          enums.o
    0x0802c2fc   0x0802c2fc   0x0000000d   Data   RO         1193    .constdata          font.o
    0x0802c309   0x0802c309   0x00000014   Data   RO         1212    .constdata          font_manager.o
    0x0802c31d   0x0802c31d   0x00000003   PAD
    0x0802c320   0x0802c320   0x00000080   Data   RO         1281    .constdata          group_box.o
    0x0802c3a0   0x0802c3a0   0x00000080   Data   RO         1299    .constdata          image.o
    0x0802c420   0x0802c420   0x00000027   Data   RO         1322    .constdata          image_manager.o
    0x0802c447   0x0802c447   0x00000001   PAD
    0x0802c448   0x0802c448   0x00000080   Data   RO         1373    .constdata          label.o
    0x0802c4c8   0x0802c4c8   0x00000080   Data   RO         1465    .constdata          progress_bar.o
    0x0802c548   0x0802c548   0x0000000c   Data   RO         1485    .constdata          rect.o
    0x0802c554   0x0802c554   0x0000000d   Data   RO         1501    .constdata          theme.o
    0x0802c561   0x0802c561   0x00000100   Data   RO         1519    .constdata          utf8.o
    0x0802c661   0x0802c661   0x00000003   PAD
    0x0802c664   0x0802c664   0x00000004   Data   RO         1520    .constdata          utf8.o
    0x0802c668   0x0802c668   0x0000001d   Data   RO         1535    .constdata          value.o
    0x0802c685   0x0802c685   0x00000003   PAD
    0x0802c688   0x0802c688   0x00000033   Data   RO         1548    .constdata          widget.o
    0x0802c6bb   0x0802c6bb   0x00000001   PAD
    0x0802c6bc   0x0802c6bc   0x00000080   Data   RO         1654    .constdata          widget_vtable.o
    0x0802c73c   0x0802c73c   0x00000080   Data   RO         1723    .constdata          window.o
    0x0802c7bc   0x0802c7bc   0x00000014   Data   RO         1826    .constdata          wstr.o
    0x0802c7d0   0x0802c7d0   0x00000022   Data   RO         1848    .constdata          utils.o
    0x0802c7f2   0x0802c7f2   0x00000013   Data   RO         1981    .constdata          event_queue.o
    0x0802c805   0x0802c805   0x00000003   PAD
    0x0802c808   0x0802c808   0x00000080   Data   RO         2015    .constdata          slider.o
    0x0802c888   0x0802c888   0x0000002c   Data   RO         2050    .constdata          system_info.o
    0x0802c8b4   0x0802c8b4   0x00000017   Data   RO         2128    .constdata          str.o
    0x0802c8cb   0x0802c8cb   0x00000001   PAD
    0x0802c8cc   0x0802c8cc   0x00000080   Data   RO         2163    .constdata          pages.o
    0x0802c94c   0x0802c94c   0x00000080   Data   RO         2183    .constdata          edit.o
    0x0802c9cc   0x0802c9cc   0x00000080   Data   RO         2210    .constdata          view.o
    0x0802ca4c   0x0802ca4c   0x0000002e   Data   RO         2243    .constdata          widget_factory.o
    0x0802ca7a   0x0802ca7a   0x00000002   PAD
    0x0802ca7c   0x0802ca7c   0x00000080   Data   RO         2315    .constdata          spin_box.o
    0x0802cafc   0x0802cafc   0x00000080   Data   RO         2334    .constdata          dragger.o
    0x0802cb7c   0x0802cb7c   0x00000080   Data   RO         2354    .constdata          dialog_client.o
    0x0802cbfc   0x0802cbfc   0x00000080   Data   RO         2372    .constdata          dialog_title.o
    0x0802cc7c   0x0802cc7c   0x00000019   Data   RO         2741    .constdata          input_method_creator.o
    0x0802cc95   0x0802cc95   0x00000003   PAD
    0x0802cc98   0x0802cc98   0x00000080   Data   RO         2757    .constdata          button_group.o
    0x0802cd18   0x0802cd18   0x00000460   Data   RO         2775    .constdata          color_parser.o
    0x0802d178   0x0802d178   0x00000098   Data   RO         2793    .constdata          combo_box.o
    0x0802d210   0x0802d210   0x00000080   Data   RO         2835    .constdata          combo_box_item.o
    0x0802d290   0x0802d290   0x0000000a   Data   RO         2867    .constdata          fs.o
    0x0802d29a   0x0802d29a   0x00000002   PAD
    0x0802d29c   0x0802d29c   0x00000080   Data   RO         2940    .constdata          popup.o
    0x0802d31c   0x0802d31c   0x00000080   Data   RO         2995    .constdata          tab_button.o
    0x0802d39c   0x0802d39c   0x00000080   Data   RO         3015    .constdata          tab_button_group.o
    0x0802d41c   0x0802d41c   0x00000080   Data   RO         3036    .constdata          tab_control.o
    0x0802d49c   0x0802d49c   0x00000004   Data   RO         3221    .constdata          ui_loader_default.o
    0x0802d4a0   0x0802d4a0   0x00000080   Data   RO         3334    .constdata          color_tile.o
    0x0802d520   0x0802d520   0x00000016   Data   RO         3354    .constdata          assets_manager.o
    0x0802d536   0x0802d536   0x00000013   Data   RO         3369    .constdata          locale_info.o
    0x0802d549   0x0802d549   0x00000003   PAD
    0x0802d54c   0x0802d54c   0x00000080   Data   RO         3396    .constdata          app_bar.o
    0x0802d5cc   0x0802d5cc   0x00000080   Data   RO         3414    .constdata          column.o
    0x0802d64c   0x0802d64c   0x00000080   Data   RO         3432    .constdata          grid.o
    0x0802d6cc   0x0802d6cc   0x00000080   Data   RO         3450    .constdata          row.o
    0x0802d74c   0x0802d74c   0x00000080   Data   RO         3468    .constdata          calibration_win.o
    0x0802d7cc   0x0802d7cc   0x00000013   Data   RO         3486    .constdata          font_loader_bitmap.o
    0x0802d7df   0x0802d7df   0x00000001   PAD
    0x0802d7e0   0x0802d7e0   0x00000080   Data   RO         3530    .constdata          window_base.o
    0x0802d860   0x0802d860   0x00000033   Data   RO         3577    .constdata          style_const.o
    0x0802d893   0x0802d893   0x00000001   PAD
    0x0802d894   0x0802d894   0x0000002a   Data   RO         3632    .constdata          clip_board_default.o
    0x0802d8be   0x0802d8be   0x00000002   PAD
    0x0802d8c0   0x0802d8c0   0x00000080   Data   RO         3666    .constdata          image_base.o
    0x0802d940   0x0802d940   0x00000080   Data   RO         3680    .constdata          grid_item.o
    0x0802d9c0   0x0802d9c0   0x00000026   Data   RO         3698    .constdata          input_device_status.o
    0x0802d9e6   0x0802d9e6   0x00000002   PAD
    0x0802d9e8   0x0802d9e8   0x00000100   Data   RO         3712    .constdata          system_bar.o
    0x0802dae8   0x0802dae8   0x0000003d   Data   RO         3732    .constdata          children_layouter_default.o
    0x0802db25   0x0802db25   0x00000003   PAD
    0x0802db28   0x0802db28   0x00000035   Data   RO         3753    .constdata          self_layouter_default.o
    0x0802db5d   0x0802db5d   0x00000011   Data   RO         3804    .constdata          date_time.o
    0x0802db6e   0x0802db6e   0x0000000d   Data   RO         3843    .constdata          event.o
    0x0802db7b   0x0802db7b   0x00000013   Data   RO         3856    .constdata          named_value.o
    0x0802db8e   0x0802db8e   0x0000000e   Data   RO         3872    .constdata          object.o
    0x0802db9c   0x0802db9c   0x00000058   Data   RO         3885    .constdata          object_default.o
    0x0802dbf4   0x0802dbf4   0x0000002c   Data   RO         3924    .constdata          timer_info.o
    0x0802dc20   0x0802dc20   0x00000015   Data   RO         3948    .constdata          timer_manager.o
    0x0802dc35   0x0802dc35   0x00000014   Data   RO         3963    .constdata          idle_manager.o
    0x0802dc49   0x0802dc49   0x00000003   PAD
    0x0802dc4c   0x0802dc4c   0x0000002c   Data   RO         3984    .constdata          idle_info.o
    0x0802dc78   0x0802dc78   0x0000001f   Data   RO         3999    .constdata          slist.o
    0x0802dc97   0x0802dc97   0x00000028   Data   RO         4015    .constdata          darray.o
    0x0802dcbf   0x0802dcbf   0x00000001   PAD
    0x0802dcc0   0x0802dcc0   0x00000118   Data   RO         4028    .constdata          expr_eval.o
    0x0802ddd8   0x0802ddd8   0x00000040   Data   RO         4069    .constdata          window_animator_factory.o
    0x0802de18   0x0802de18   0x0000001a   Data   RO         4084    .constdata          dialog_highlighter.o
    0x0802de32   0x0802de32   0x00000046   Data   RO         4097    .constdata          dialog_highlighter_factory.o
    0x0802de78   0x0802de78   0x00000044   Data   RO         4199    .constdata          children_layouter_factory.o
    0x0802debc   0x0802debc   0x0000003c   Data   RO         4214    .constdata          self_layouter_factory.o
    0x0802def8   0x0802def8   0x00000080   Data   RO         4229    .constdata          overlay.o
    0x0802df78   0x0802df78   0x0000005f   Data   RO         4261    .constdata          style_mutable.o
    0x0802dfd7   0x0802dfd7   0x0000001d   Data   RO         4314    .constdata          text_edit.o
    0x0802dff4   0x0802dff4   0x00000032   Data   RO         4444    .constdata          self_layouter_menu.o
    0x0802e026   0x0802e026   0x00000013   Data   RO         4462    .constdata          hscrollable.o
    0x0802e039   0x0802e039   0x00000003   PAD
    0x0802e03c   0x0802e03c   0x0000004c   Data   RO         4487    .constdata          native_window_raw.o
    0x0802e088   0x0802e088   0x00000096   Data   RO         4506    .constdata          window_manager_default.o
    0x0802e11e   0x0802e11e   0x00000002   PAD
    0x0802e120   0x0802e120   0x00000760   Data   RO         4644    .constdata          emojidef.o
    0x0802e880   0x0802e880   0x00000441   Data   RO         4707    .constdata          linebreak.o
    0x0802ecc1   0x0802ecc1   0x00000003   PAD
    0x0802ecc4   0x0802ecc4   0x00006ab0   Data   RO         4731    .constdata          linebreakdata.o
    0x08035774   0x08035774   0x00000030   Data   RO         4744    .constdata          linebreakdef.o
    0x080357a4   0x080357a4   0x00000060   Data   RO         4745    .constdata          linebreakdef.o
    0x08035804   0x08035804   0x00000060   Data   RO         4746    .constdata          linebreakdef.o
    0x08035864   0x08035864   0x00000060   Data   RO         4747    .constdata          linebreakdef.o
    0x080358c4   0x080358c4   0x00000030   Data   RO         4748    .constdata          linebreakdef.o
    0x080358f4   0x080358f4   0x0000003c   Data   RO         4749    .constdata          linebreakdef.o
    0x08035930   0x08035930   0x00000054   Data   RO         4750    .constdata          linebreakdef.o
    0x08035984   0x08035984   0x00003990   Data   RO         4789    .constdata          wordbreak.o
    0x08039314   0x08039314   0x0000004e   Data   RO         4824    .constdata          graphic_buffer_default.o
    0x08039362   0x08039362   0x00000002   PAD
    0x08039364   0x08039364   0x00000080   Data   RO         4838    .constdata          digit_clock.o
    0x080393e4   0x080393e4   0x00000004   PAD
    0x080393e8   0x080393e8   0x0002cd7c   Data   RO         5145    .constdata          assets-mini.o
    0x08066164   0x08066164   0x00000011   Data   RO         5243    .constdata          c_w.l(__printf_flags_ss_wp.o)
    0x08066175   0x08066175   0x00000003   PAD
    0x08066178   0x08066178   0x00000050   Data   RO         5387    .constdata          m_ws.l(acos.o)
    0x080661c8   0x080661c8   0x00000050   Data   RO         5397    .constdata          m_ws.l(asin.o)
    0x08066218   0x08066218   0x00000098   Data   RO         5407    .constdata          m_ws.l(atan.o)
    0x080662b0   0x080662b0   0x00000058   Data   RO         5433    .constdata          m_ws.l(exp.o)
    0x08066308   0x08066308   0x00000038   Data   RO         5447    .constdata          m_ws.l(log.o)
    0x08066340   0x08066340   0x00000008   Data   RO         5537    .constdata          c_w.l(_printf_wctomb.o)
    0x08066348   0x08066348   0x00000028   Data   RO         5566    .constdata          c_w.l(_printf_hex_int_ll_ptr.o)
    0x08066370   0x08066370   0x00000030   Data   RO         5643    .constdata          m_ws.l(cos_i.o)
    0x080663a0   0x080663a0   0x00000008   Data   RO         5663    .constdata          m_ws.l(qnan.o)
    0x080663a8   0x080663a8   0x000000c8   Data   RO         5666    .constdata          m_ws.l(rred.o)
    0x08066470   0x08066470   0x00000028   Data   RO         5670    .constdata          m_ws.l(sin_i.o)
    0x08066498   0x08066498   0x00000060   Data   RO         5676    .constdata          m_ws.l(tan_i.o)
    0x080664f8   0x080664f8   0x00000026   Data   RO         5710    .constdata          c_w.l(_printf_fp_hex.o)
    0x0806651e   0x0806651e   0x00000002   PAD
    0x08066520   0x08066520   0x00000094   Data   RO         5789    .constdata          c_w.l(bigflt0.o)
    0x080665b4   0x080665b4   0x00000007   Data   RO          724    .conststring        button_1.o
    0x080665bb   0x080665bb   0x00000001   PAD
    0x080665bc   0x080665bc   0x00000007   Data   RO          725    .conststring        button_1.o
    0x080665c3   0x080665c3   0x00000001   PAD
    0x080665c4   0x080665c4   0x00000006   Data   RO          960    .conststring        check_button.o
    0x080665ca   0x080665ca   0x00000002   PAD
    0x080665cc   0x080665cc   0x0000001d   Data   RO          961    .conststring        check_button.o
    0x080665e9   0x080665e9   0x00000003   PAD
    0x080665ec   0x080665ec   0x0000005c   Data   RO          993    .conststring        dialog.o
    0x08066648   0x08066648   0x00000007   Data   RO          994    .conststring        dialog.o
    0x0806664f   0x0806664f   0x00000001   PAD
    0x08066650   0x08066650   0x00000556   Data   RO         1164    .conststring        enums.o
    0x08066ba6   0x08066ba6   0x00000002   PAD
    0x08066ba8   0x08066ba8   0x0000000a   Data   RO         1282    .conststring        group_box.o
    0x08066bb2   0x08066bb2   0x00000002   PAD
    0x08066bb4   0x08066bb4   0x00000055   Data   RO         1300    .conststring        image.o
    0x08066c09   0x08066c09   0x00000003   PAD
    0x08066c0c   0x08066c0c   0x00000006   Data   RO         1374    .conststring        label.o
    0x08066c12   0x08066c12   0x00000002   PAD
    0x08066c14   0x08066c14   0x0000001c   Data   RO         1466    .conststring        progress_bar.o
    0x08066c30   0x08066c30   0x0000000d   Data   RO         1467    .conststring        progress_bar.o
    0x08066c3d   0x08066c3d   0x00000003   PAD
    0x08066c40   0x08066c40   0x000000d4   Data   RO         1549    .conststring        widget.o
    0x08066d14   0x08066d14   0x00000007   Data   RO         1655    .conststring        widget_vtable.o
    0x08066d1b   0x08066d1b   0x00000001   PAD
    0x08066d1c   0x08066d1c   0x0000000b   Data   RO         1724    .conststring        window.o
    0x08066d27   0x08066d27   0x00000001   PAD
    0x08066d28   0x08066d28   0x00000007   Data   RO         1725    .conststring        window.o
    0x08066d2f   0x08066d2f   0x00000001   PAD
    0x08066d30   0x08066d30   0x00000009   Data   RO         2016    .conststring        slider.o
    0x08066d39   0x08066d39   0x00000003   PAD
    0x08066d3c   0x08066d3c   0x00000007   Data   RO         2017    .conststring        slider.o
    0x08066d43   0x08066d43   0x00000001   PAD
    0x08066d44   0x08066d44   0x0000000c   Data   RO         2051    .conststring        system_info.o
    0x08066d50   0x08066d50   0x00000006   Data   RO         2165    .conststring        pages.o
    0x08066d56   0x08066d56   0x00000002   PAD
    0x08066d58   0x08066d58   0x0000007d   Data   RO         2184    .conststring        edit.o
    0x08066dd5   0x08066dd5   0x00000003   PAD
    0x08066dd8   0x08066dd8   0x00000005   Data   RO         2185    .conststring        edit.o
    0x08066ddd   0x08066ddd   0x00000003   PAD
    0x08066de0   0x08066de0   0x00000005   Data   RO         2211    .conststring        view.o
    0x08066de5   0x08066de5   0x00000003   PAD
    0x08066de8   0x08066de8   0x00000009   Data   RO         2316    .conststring        spin_box.o
    0x08066df1   0x08066df1   0x00000003   PAD
    0x08066df4   0x08066df4   0x0000001e   Data   RO         2335    .conststring        dragger.o
    0x08066e12   0x08066e12   0x00000002   PAD
    0x08066e14   0x08066e14   0x00000008   Data   RO         2336    .conststring        dragger.o
    0x08066e1c   0x08066e1c   0x0000000e   Data   RO         2355    .conststring        dialog_client.o
    0x08066e2a   0x08066e2a   0x00000002   PAD
    0x08066e2c   0x08066e2c   0x0000000d   Data   RO         2373    .conststring        dialog_title.o
    0x08066e39   0x08066e39   0x00000003   PAD
    0x08066e3c   0x08066e3c   0x00000a61   Data   RO         2776    .conststring        color_parser.o
    0x0806789d   0x0806789d   0x00000003   PAD
    0x080678a0   0x080678a0   0x00000043   Data   RO         2794    .conststring        combo_box.o
    0x080678e3   0x080678e3   0x00000001   PAD
    0x080678e4   0x080678e4   0x0000000a   Data   RO         2795    .conststring        combo_box.o
    0x080678ee   0x080678ee   0x00000002   PAD
    0x080678f0   0x080678f0   0x0000000f   Data   RO         2836    .conststring        combo_box_item.o
    0x080678ff   0x080678ff   0x00000001   PAD
    0x08067900   0x08067900   0x0000002d   Data   RO         2941    .conststring        popup.o
    0x0806792d   0x0806792d   0x00000003   PAD
    0x08067930   0x08067930   0x00000006   Data   RO         2942    .conststring        popup.o
    0x08067936   0x08067936   0x00000002   PAD
    0x08067938   0x08067938   0x0000000b   Data   RO         2997    .conststring        tab_button.o
    0x08067943   0x08067943   0x00000001   PAD
    0x08067944   0x08067944   0x00000011   Data   RO         3016    .conststring        tab_button_group.o
    0x08067955   0x08067955   0x00000003   PAD
    0x08067958   0x08067958   0x0000000c   Data   RO         3037    .conststring        tab_control.o
    0x08067964   0x08067964   0x00000019   Data   RO         3335    .conststring        color_tile.o
    0x0806797d   0x0806797d   0x00000003   PAD
    0x08067980   0x08067980   0x0000000b   Data   RO         3336    .conststring        color_tile.o
    0x0806798b   0x0806798b   0x00000001   PAD
    0x0806798c   0x0806798c   0x00000008   Data   RO         3397    .conststring        app_bar.o
    0x08067994   0x08067994   0x00000007   Data   RO         3415    .conststring        column.o
    0x0806799b   0x0806799b   0x00000001   PAD
    0x0806799c   0x0806799c   0x00000004   Data   RO         3433    .conststring        grid.o
    0x080679a0   0x080679a0   0x00000010   Data   RO         3469    .conststring        calibration_win.o
    0x080679b0   0x080679b0   0x0000001f   Data   RO         3714    .conststring        system_bar.o
    0x080679cf   0x080679cf   0x00000001   PAD
    0x080679d0   0x080679d0   0x0000000f   Data   RO         3886    .conststring        object_default.o
    0x080679df   0x080679df   0x00000001   PAD
    0x080679e0   0x080679e0   0x0000000b   Data   RO         3925    .conststring        timer_info.o
    0x080679eb   0x080679eb   0x00000001   PAD
    0x080679ec   0x080679ec   0x0000000a   Data   RO         3985    .conststring        idle_info.o
    0x080679f6   0x080679f6   0x00000002   PAD
    0x080679f8   0x080679f8   0x0000016f   Data   RO         4029    .conststring        expr_eval.o
    0x08067b67   0x08067b67   0x00000001   PAD
    0x08067b68   0x08067b68   0x00000008   Data   RO         4231    .conststring        overlay.o
    0x08067b70   0x08067b70   0x00000005   Data   RO         4445    .conststring        self_layouter_menu.o
    0x08067b75   0x08067b75   0x00000003   PAD
    0x08067b78   0x08067b78   0x00000012   Data   RO         4488    .conststring        native_window_raw.o
    0x08067b8a   0x08067b8a   0x00000002   PAD
    0x08067b8c   0x08067b8c   0x0000000f   Data   RO         4507    .conststring        window_manager_default.o
    0x08067b9b   0x08067b9b   0x00000001   PAD
    0x08067b9c   0x08067b9c   0x00000017   Data   RO         4751    .conststring        linebreakdef.o
    0x08067bb3   0x08067bb3   0x00000001   PAD
    0x08067bb4   0x08067bb4   0x00000007   Data   RO         4839    .conststring        digit_clock.o
    0x08067bbb   0x08067bbb   0x00000001   PAD
    0x08067bbc   0x08067bbc   0x00000064   Data   RO         4840    .conststring        digit_clock.o
    0x08067c20   0x08067c20   0x00000020   Data   RO         5942    Region$$Table       anon$$obj.o
    0x08067c40   0x08067c40   0x00000008   Data   RO         5827    c$$dinf             fz_ws.l(fpconst.o)
    0x08067c48   0x08067c48   0x00000008   Data   RO         5830    c$$dmax             fz_ws.l(fpconst.o)
    0x08067c50   0x08067c50   0x00000110   Data   RO         5610    locale$$data        c_w.l(lc_ctype_c.o)
    0x08067d60   0x08067d60   0x0000001c   Data   RO         5734    locale$$data        c_w.l(lc_numeric_c.o)


    Execution Region RW_IRAM1 (Exec base: 0x20000000, Load base: 0x08067d7c, Size: 0x00006558, Max: 0x00010000, ABSOLUTE, COMPRESSED[0x00000190])

    Exec Addr    Load Addr    Size         Type   Attr      Idx    E Section Name        Object

    0x20000000   COMPRESSED   0x00000014   Data   RW          105    .data               system_stm32f10x.o
    0x20000014   COMPRESSED   0x00000002   Data   RW          218    .data               usart.o
    0x20000016   COMPRESSED   0x00000002   PAD
    0x20000018   COMPRESSED   0x00000004   Data   RW          219    .data               usart.o
    0x2000001c   COMPRESSED   0x00000014   Data   RW          283    .data               stm32f10x_rcc.o
    0x20000030   COMPRESSED   0x00000001   Data   RW          453    .data               led.o
    0x20000031   COMPRESSED   0x00000001   Data   RW          481    .data               button.o
    0x20000032   COMPRESSED   0x00000004   Data   RW          494    .data               tim.o
    0x20000036   COMPRESSED   0x00000004   Data   RW          515    .data               rtc.o
    0x2000003a   COMPRESSED   0x00000008   Data   RW          539    .data               touch.o
    0x20000042   COMPRESSED   0x00000004   Data   RW          607    .data               delay.o
    0x20000046   COMPRESSED   0x00000002   PAD
    0x20000048   COMPRESSED   0x00000008   Data   RW          726    .data               button_1.o
    0x20000050   COMPRESSED   0x00000008   Data   RW          962    .data               check_button.o
    0x20000058   COMPRESSED   0x0000001c   Data   RW          995    .data               dialog.o
    0x20000074   COMPRESSED   0x00000004   Data   RW         1213    .data               font_manager.o
    0x20000078   COMPRESSED   0x00000028   Data   RW         1302    .data               image.o
    0x200000a0   COMPRESSED   0x00000004   Data   RW         1323    .data               image_manager.o
    0x200000a4   COMPRESSED   0x00000004   Data   RW         1427    .data               main_loop.o
    0x200000a8   COMPRESSED   0x00000008   Data   RW         1451    .data               mem.o
    0x200000b0   COMPRESSED   0x00000014   Data   RW         1468    .data               progress_bar.o
    0x200000c4   COMPRESSED   0x00000004   Data   RW         1502    .data               theme.o
    0x200000c8   COMPRESSED   0x00000040   Data   RW         1550    .data               widget.o
    0x20000108   COMPRESSED   0x00000020   Data   RW         1726    .data               window.o
    0x20000128   COMPRESSED   0x00000004   Data   RW         1743    .data               window_manager.o
    0x2000012c   COMPRESSED   0x00000018   Data   RW         2018    .data               slider.o
    0x20000144   COMPRESSED   0x00000004   Data   RW         2052    .data               system_info.o
    0x20000148   COMPRESSED   0x00000008   Data   RW         2166    .data               pages.o
    0x20000150   COMPRESSED   0x00000038   Data   RW         2186    .data               edit.o
    0x20000188   COMPRESSED   0x00000004   Data   RW         2244    .data               widget_factory.o
    0x2000018c   COMPRESSED   0x00000004   Data   RW         2273    .data               input_method.o
    0x20000190   COMPRESSED   0x00000014   Data   RW         2337    .data               dragger.o
    0x200001a4   COMPRESSED   0x00000048   Data   RW         2796    .data               combo_box.o
    0x200001ec   COMPRESSED   0x00000002   Data   RW         2902    .data               line_break.o
    0x200001ee   COMPRESSED   0x00000002   PAD
    0x200001f0   COMPRESSED   0x00000024   Data   RW         2943    .data               popup.o
    0x20000214   COMPRESSED   0x00000008   Data   RW         2998    .data               tab_button.o
    0x2000021c   COMPRESSED   0x0000000c   Data   RW         3337    .data               color_tile.o
    0x20000228   COMPRESSED   0x00000004   Data   RW         3355    .data               assets_manager.o
    0x2000022c   COMPRESSED   0x00000004   Data   RW         3370    .data               locale_info.o
    0x20000230   COMPRESSED   0x00000008   Data   RW         3487    .data               font_loader_bitmap.o
    0x20000238   COMPRESSED   0x00000004   Data   RW         3594    .data               style_factory.o
    0x2000023c   COMPRESSED   0x00000004   Data   RW         3649    .data               clip_board.o
    0x20000240   COMPRESSED   0x00000008   Data   RW         3715    .data               system_bar.o
    0x20000248   COMPRESSED   0x00000008   Data   RW         3805    .data               date_time.o
    0x20000250   COMPRESSED   0x00000004   Data   RW         3949    .data               timer_manager.o
    0x20000254   COMPRESSED   0x00000004   Data   RW         3964    .data               idle_manager.o
    0x20000258   COMPRESSED   0x00000004   Data   RW         4070    .data               window_animator_factory.o
    0x2000025c   COMPRESSED   0x00000004   Data   RW         4098    .data               dialog_highlighter_factory.o
    0x20000260   COMPRESSED   0x00000004   Data   RW         4200    .data               children_layouter_factory.o
    0x20000264   COMPRESSED   0x00000004   Data   RW         4215    .data               self_layouter_factory.o
    0x20000268   COMPRESSED   0x00000010   Data   RW         4232    .data               overlay.o
    0x20000278   COMPRESSED   0x00000004   Data   RW         4489    .data               native_window_raw.o
    0x2000027c   COMPRESSED   0x0000004c   Data   RW         4508    .data               window_manager_default.o
    0x200002c8   COMPRESSED   0x00000008   Data   RW         4627    .data               ui_feedback.o
    0x200002d0   COMPRESSED   0x00000140   Data   RW         4708    .data               linebreak.o
    0x20000410   COMPRESSED   0x00000008   Data   RW         4841    .data               digit_clock.o
    0x20000418   COMPRESSED   0x0000004c   Data   RW         4842    .data               digit_clock.o
    0x20000464   COMPRESSED   0x00000004   Data   RW         5072    .data               mutex_null.o
    0x20000468   COMPRESSED   0x00000008   Data   RW         5089    .data               sys_tick.o
    0x20000470        -       0x000000c8   Zero   RW          217    .bss                usart.o
    0x20000538        -       0x0000000a   Zero   RW          513    .bss                rtc.o
    0x20000542   COMPRESSED   0x00000002   PAD
    0x20000544        -       0x0000000c   Zero   RW          538    .bss                touch.o
    0x20000550        -       0x00001000   Zero   RW          593    .bss                flash.o
    0x20001550        -       0x00000014   Zero   RW         1450    .bss                mem.o
    0x20001564        -       0x00000014   Zero   RW         2096    .bss                image_loader.o
    0x20001578        -       0x0000005c   Zero   RW         2144    .bss                main_loop_simple.o
    0x200015d4        -       0x00000024   Zero   RW         3189    .bss                ui_builder_default.o
    0x200015f8        -       0x00000900   Zero   RW         4862    .bss                lcd_stm32_raw.o
    0x20001ef8        -       0x00004000   Zero   RW         5058    .bss                platform.o
    0x20005ef8        -       0x00000060   Zero   RW         5682    .bss                c_w.l(libspace.o)
    0x20005f58        -       0x00000200   Zero   RW          252    HEAP                startup_stm32f10x_hd.o
    0x20006158        -       0x00000400   Zero   RW          251    STACK               startup_stm32f10x_hd.o


==============================================================================

Image component sizes


      Code (inc. data)   RO Data    RW Data    ZI Data      Debug   Object Name

        48          4        136          0          0       1410   app_bar.o
       544        168     183676          0          0      14296   assets-mini.o
       888         46         22          4          0       8919   assets_manager.o
       888         20          0          0          0      51127   awtk_global.o
      2032         32         71          0          0      32935   bitmap.o
       996         10         24          0          0      13119   buffer.o
       264         12          0          1          0        906   button.o
       928         64        142          8          0      59991   button_1.o
        56          4        128          0          0       1620   button_group.o
       708         24        144          0          0       5515   calibration_win.o
      7864         38          0          0          0      61495   canvas.o
       820         54        291          8          0       5609   check_button.o
       232          0          0          0          0       4514   children_layouter.o
        32         14          0          0          0       1870   children_layouter_builtins.o
      2148        196         61          0          0       7435   children_layouter_default.o
       236         18         68          4          0       3790   children_layouter_factory.o
       288         14          0          0          0       4469   children_layouter_parser.o
       196          8          0          4          0       3676   clip_board.o
       124          8         42          0          0       3484   clip_board_default.o
       344         70         13          0          0       3152   color.o
       644        102       3777          0          0       3865   color_parser.o
       652         56        164         12          0       4693   color_tile.o
        48          4        135          0          0       1368   column.o
      2808        292        229         72          0      19951   combo_box.o
       740         62        143          0          0       5128   combo_box_item.o
         0          0          0          0          0         32   core_cm3.o
       916         12         40          0          0       8047   darray.o
       124         10         17          8          0       2487   date_time.o
       152         14          0          4          0       1007   delay.o
      1344        270          0          0          0       3803   demo1_app.o
        28          0          0          0          0        548   demo_main.o
       644         60        227         28          0      56254   dialog.o
       100         22        142          0          0       1746   dialog_client.o
      1304        386          0          0          0       5278   dialog_helper.o
       332          6         26          0          0       3005   dialog_highlighter.o
       300         20         70          4          0       4663   dialog_highlighter_factory.o
        84         14        141          0          0       1784   dialog_title.o
       908         44        235         84          0       6769   digit_clock.o
       872         62        166         20          0       5064   dragger.o
      5940        324        258         56          0      25518   edit.o
       932         20         35          0          0      10679   emitter.o
        56          4       1888          0          0       2973   emojidef.o
       256         14       3718          0          0       9311   enums.o
       120          4         13          0          0       2038   event.o
       272          6         19          0          0       5528   event_queue.o
       560          0          0          0          0      33165   events.o
      4728        106        647          0          0      23970   expr_eval.o
       904         14          0          0       4096       3641   flash.o
       160          6         13          0          0       5878   font.o
        26          0          0          0          0       1475   font_loader.o
       352         40         19          8          0       5913   font_loader_bitmap.o
       404         18         20          4          0      29798   font_manager.o
       652         12         10          0          0       8943   fs.o
         4          0          0          0          0        432   fs_os.o
       268         16          0          0          0       3403   func_call_parser.o
         0          0          0          0          0        960   glyph_cache.o
        72          0          0          0          0       1442   graphic_buffer.o
       288          4         78          0          0       3731   graphic_buffer_default.o
        48          4        132          0          0       1348   grid.o
        48          4        128          0          0       1402   grid_item.o
        56          4        138          0          0       1586   group_box.o
       908         12       2376          0          0       5547   gui.o
      1392         98         19          0          0       7863   hscrollable.o
       138          0          0          0          0       2269   idle.o
       116          6         54          0          0       2293   idle_info.o
       376         16         20          4          0       5791   idle_manager.o
       512         18        213         40          0       4926   image.o
      1444        126        128          0          0       7204   image_base.o
       152          6          0          0         20       8902   image_loader.o
      1000         48         39          4          0      23352   image_manager.o
       856          4         38          0          0       3762   input_device_status.o
       116          0          0          0          0       1086   input_engine.o
         0          0          0          0          0        612   input_engine_null.o
       568          8          0          4          0       5718   input_method.o
        92         14         25          0          0       1607   input_method_creator.o
       968         44        134          0          0       8449   label.o
       500         56          0          0          0       5144   layout.o
       832          0          0          0          0      23025   lcd.o
       688         18          0          0          0       2116   lcd_driver.o
         2          0          0          0          0      12697   lcd_profile.o
      2372         44          0          0       2304      28349   lcd_stm32_raw.o
       144         10          0          1          0        727   led.o
       128         10          0          2          0       1643   line_break.o
       992         72       1089        320          0       7898   linebreak.o
         0          0      27312          0          0       1729   linebreakdata.o
         0          0        551          0          0       1973   linebreakdef.o
       552         26         19          4          0       5357   locale_info.o
        70          0          0          0          0     205199   main.o
       196          6          0          4          0       4719   main_loop.o
       708         18          0          0         92       5325   main_loop_simple.o
       184         18          0          0          0      47921   main_loop_stm32_raw.o
       676         10          0          8         20       6247   mem.o
       184         12          0          0          0       1909   misc.o
        20          4          0          4          0       1773   mutex_null.o
       236          6         19          0          0       3291   named_value.o
       586          0          0          0          0       5723   native_window.o
       248         26         94          4          0       3843   native_window_raw.o
      1788         16         14          0          0      15144   object.o
      1078          4        103          0          0      15210   object_default.o
        48          4        136         16          0       1478   overlay.o
       504         20        134          8          0       4616   pages.o
       740          4          0          0          0       5062   path.o
        92         14          0          0      16384       1176   platform.o
       548         54        179         36          0       4032   popup.o
      1110         80        169         20          0       6458   progress_bar.o
       760          8         12          0          0       5176   rect.o
        48          4        128          0          0       1338   row.o
      1040         58         24          4         10       4551   rtc.o
       212          0          0          0          0       4603   self_layouter.o
        56         24          0          0          0       1438   self_layouter_builtins.o
      1492        194         53          0          0       5884   self_layouter_default.o
       236         18         60          4          0       3702   self_layouter_factory.o
      1064          6         55          0          0       7261   self_layouter_menu.o
       136         10          0          0          0       3415   self_layouter_parser.o
      3364        162        144         24          0      12023   slider.o
       504         12         31          0          0       5830   slist.o
       456         18          0          0          0       1824   spi.o
       300         68        137          0          0       2161   spin_box.o
        64         26        304          0       1536        784   startup_stm32f10x_hd.o
       156          8          0          0          0       3412   stm32f10x_bkp.o
      1206         10          0          0          0       5991   stm32f10x_fsmc.o
       664         36          0          0          0       6197   stm32f10x_gpio.o
        16          0          0          0          0      63798   stm32f10x_it.o
       172         12          0          0          0       1947   stm32f10x_pwr.o
       756         32          0         20          0       9312   stm32f10x_rcc.o
       276          6          0          0          0       2786   stm32f10x_rtc.o
       692         12          0          0          0       7126   stm32f10x_spi.o
      3114         84          0          0          0      25084   stm32f10x_tim.o
       924         20          0          0          0       9156   stm32f10x_usart.o
      2204         64         23          0          0      14270   str.o
       700        130          0          0          0       5830   style.o
       420         84         51          0          0       4584   style_const.o
        36          6          0          4          0       4001   style_factory.o
      1348         38         95          0          0      13204   style_mutable.o
        56          4          0          8          0       1329   sys_tick.o
       380         42        287          8          0       3701   system_bar.o
      1156        198         56          4          0      25639   system_info.o
       372         34          0         20          0       1735   system_stm32f10x.o
      1116         92        139          8          0       7140   tab_button.o
       848         32        145          0          0       7977   tab_button_group.o
        56          4        140          0          0       1610   tab_control.o
      7874        242         29          0          0      81273   text_edit.o
       484         16         13          4          0       4273   theme.o
       472         20          0          4          0       1929   tim.o
        22          0          0          0          0        581   time_now.o
       252          0          0          0          0       3307   timer.o
       132          6         55          0          0       3897   timer_info.o
       568         18         21          4          0       5803   timer_manager.o
       528          6          0          0          0       4531   tokenizer.o
       896         34          0          8         12       4294   touch.o
         0          0          0          0          0        956   ui_binary_writer.o
       102          0          0          0          0       2636   ui_builder.o
       240         24          0          0         36       2765   ui_builder_default.o
        52          4          0          8          0       1783   ui_feedback.o
        96          0          0          0          0       1955   ui_loader.o
       264         10          4          0          0       2859   ui_loader_default.o
       260          0          0          0          0       2146   unibreakdef.o
       264         16          0          6        200       3162   usart.o
       592          4        260          0          0       5537   utf8.o
      1880         58         34          0          0      20320   utils.o
      2044         74         29          0          0      15048   value.o
       428          8          0          0          0       2761   velocity.o
      2118          4          0          0          0      32692   vgcanvas.o
        48          4        133          0          0       1348   view.o
     16088       1134        263         64          0     110798   widget.o
       312         16         46          4          0       4274   widget_factory.o
       764         62        135          0          0      35399   widget_vtable.o
       904        542          0          0          0       1790   widgets.o
       244         18        146         32          0       3062   window.o
       252         16         64          4          0       4391   window_animator_factory.o
      1714        224        128          0          0       7209   window_base.o
      1656         38          0          4          0      48886   window_manager.o
      4236        176        165         76          0      26532   window_manager_default.o
       172         10          0          0          0       2664   window_open.o
      1096         36      14736          0          0       5583   wordbreak.o
      1708         22         20          0          0      15607   wstr.o

    ----------------------------------------------------------------------
    146834       8170     248650       1136      24712    1884993   Object Totals
         0          0         32          0          0          0   (incl. Generated)
        26          0        142          6          2          0   (incl. Padding)

    ----------------------------------------------------------------------

      Code (inc. data)   RO Data    RW Data    ZI Data      Debug   Library Member Name

        24          4          0          0          0         84   __2printf.o
        90          0          0          0          0          0   __dczerorl2.o
         8          0          0          0          0         68   __main.o
       392          4         17          0          0         92   __printf_flags_ss_wp.o
        14          0          0          0          0         68   __printf_wp.o
         0          0          0          0          0          0   __rtentry.o
        12          0          0          0          0          0   __rtentry2.o
         6          0          0          0          0          0   __rtentry4.o
        52          8          0          0          0          0   __scatter.o
        28          0          0          0          0          0   __scatter_zi.o
        28          0          0          0          0         68   _chval.o
        12          0          0          0          0         76   _iswspace.o
        60          0          0          0          0         92   _mbrtowc.o
         6          0          0          0          0          0   _printf_a.o
         6          0          0          0          0          0   _printf_c.o
        44          0          0          0          0        108   _printf_char.o
        48          6          0          0          0         96   _printf_char_common.o
        36          4          0          0          0         80   _printf_char_file.o
        40          0          0          0          0         68   _printf_charcount.o
         6          0          0          0          0          0   _printf_d.o
       120         16          0          0          0         92   _printf_dec.o
         6          0          0          0          0          0   _printf_e.o
         6          0          0          0          0          0   _printf_f.o
      1054          0          0          0          0        216   _printf_fp_dec.o
       764          8         38          0          0        100   _printf_fp_hex.o
       128         16          0          0          0         84   _printf_fp_infnan.o
         6          0          0          0          0          0   _printf_g.o
       148          4         40          0          0        160   _printf_hex_int_ll_ptr.o
         6          0          0          0          0          0   _printf_i.o
       178          0          0          0          0         88   _printf_intcommon.o
        10          0          0          0          0          0   _printf_l.o
         6          0          0          0          0          0   _printf_lc.o
        10          0          0          0          0          0   _printf_ll.o
         6          0          0          0          0          0   _printf_lld.o
         6          0          0          0          0          0   _printf_lli.o
         6          0          0          0          0          0   _printf_llo.o
         6          0          0          0          0          0   _printf_llu.o
         6          0          0          0          0          0   _printf_llx.o
       124         16          0          0          0         92   _printf_longlong_dec.o
         6          0          0          0          0          0   _printf_ls.o
         6          0          0          0          0          0   _printf_n.o
         6          0          0          0          0          0   _printf_o.o
       112         10          0          0          0        124   _printf_oct_int_ll.o
         6          0          0          0          0          0   _printf_p.o
        78          0          0          0          0        108   _printf_pad.o
         0          0          0          0          0          0   _printf_percent.o
         4          0          0          0          0          0   _printf_percent_end.o
         6          0          0          0          0          0   _printf_s.o
        82          0          0          0          0         80   _printf_str.o
        36          0          0          0          0         84   _printf_truncate.o
         6          0          0          0          0          0   _printf_u.o
        44          0          0          0          0        108   _printf_wchar.o
       188          6          8          0          0         92   _printf_wctomb.o
         6          0          0          0          0          0   _printf_x.o
        22          0          0          0          0        100   _rserrno.o
       884          6          0          0          0        100   _scanf.o
       332          0          0          0          0         96   _scanf_int.o
       342          0          0          0          0        100   _scanf_longlong.o
       276          0          0          0          0        100   _scanf_mbtowc.o
       224          0          0          0          0         96   _scanf_str.o
        30          0          0          0          0         76   _scanf_wcharmap.o
       232          0          0          0          0        100   _scanf_wctomb.o
       208          0          0          0          0         96   _scanf_wstr.o
        64          0          0          0          0         84   _sgetc.o
        16          0          0          0          0         68   _snputc.o
        10          0          0          0          0         68   _sputc.o
       158          0          0          0          0         92   _strtoul.o
        64          0          0          0          0         92   _wcrtomb.o
       228          4        148          0          0         96   bigflt0.o
        80          0          0          0          0         88   bsearchnoex.o
      2152        136          0          0          0        960   btod.o
        18          0          0          0          0         80   exit.o
         8          0          0          0          0         68   ferror.o
         6          0          0          0          0        152   heapauxi.o
        18          0          0          0          0         76   isspace.o
         4          0          0          0          0         68   iswspace.o
        44         10        272          0          0         76   lc_ctype_c.o
        44         10         28          0          0         76   lc_numeric_c.o
         2          0          0          0          0          0   libinit.o
        30          0          0          0          0          0   libinit2.o
         2          0          0          0          0          0   libshutdown.o
         2          0          0          0          0          0   libshutdown2.o
         8          4          0          0         96         68   libspace.o
        38          0          0          0          0         68   llshl.o
       138          0          0          0          0         80   lludiv10.o
       238          0          0          0          0        100   lludivv7m.o
        88          0          0          0          0         76   memcmp.o
       612          0          0          0          0        136   qsortnoex.o
        16          4          0          0          0         76   rt_ctype_table.o
         8          4          0          0          0         68   rt_errno_addr_intlibspace.o
         8          4          0          0          0         68   rt_locale_intlibspace.o
        68          0          0          0          0         68   rt_memclr.o
        78          0          0          0          0         80   rt_memclr_w.o
       138          0          0          0          0         68   rt_memcpy_v6.o
       100          0          0          0          0         80   rt_memcpy_w.o
       132          0          0          0          0         68   rt_memmove_v6.o
       122          0          0          0          0         80   rt_memmove_w.o
         2          0          0          0          0          0   rtexit.o
        10          0          0          0          0          0   rtexit2.o
        44          8          0          0          0         84   scanf_char.o
      1272         16          0          0          0        168   scanf_fp.o
       800         14          0          0          0        100   scanf_hexfp.o
       308         16          0          0          0        100   scanf_infnan.o
        42          0          0          0          0         84   strcasecmp.o
        20          0          0          0          0         68   strchr.o
       128          0          0          0          0         68   strcmpv7m.o
        72          0          0          0          0         80   strcpy.o
        62          0          0          0          0         76   strlen.o
       150          0          0          0          0         80   strncmp.o
        86          0          0          0          0         76   strncpy.o
        22          0          0          0          0         68   strrchr.o
        36          0          0          0          0         80   strstr.o
       164         14          0          0          0        120   strtod.o
       112          0          0          0          0         88   strtol.o
       114          0          0          0          0         92   strtoul.o
        74          0          0          0          0         80   sys_stackheap_outer.o
        26          0          0          0          0         76   tolower.o
        30          0          0          0          0         76   toupper.o
         2          0          0          0          0         68   use_no_semi.o
         2          0          0          0          0         68   use_no_semi_2.o
        52          4          0          0          0         80   vsnprintf.o
        52          8          0          0          0         80   vsscanf.o
       100          0          0          0          0         76   wclass_c.o
        22          0          0          0          0         68   wcschr.o
        24          0          0          0          0         68   wcscmp.o
        18          0          0          0          0         68   wcscpy.o
        18          0          0          0          0         68   wcslen.o
        98          4          0          0          0         92   d2f.o
       826         16          0          0          0        348   daddsub_clz.o
        16          4          0          0          0         68   dcheck1.o
        24          0          0          0          0         68   dcmpi.o
       688        140          0          0          0        208   ddiv.o
       120          4          0          0          0         92   deqf.o
        94          4          0          0          0         92   dfix.o
       194          4          0          0          0        116   dfixll.o
        90          4          0          0          0         92   dfixu.o
        84          0          0          0          0        136   dflt_clz.o
       162          0          0          0          0         84   dfltll_clz.o
       120          4          0          0          0         92   dleqf.o
       340         12          0          0          0        104   dmul.o
       156          4          0          0          0         92   dnaninf.o
        12          0          0          0          0         68   dretinf.o
       108          0          0          0          0         80   drleqf.o
       460         56          0          0          0        120   dsqrt_noumaal.o
        86          4          0          0          0         84   f2d.o
       450          8          0          0          0        236   faddsub_clz.o
        12          4          0          0          0         68   fcheck1.o
        24          0          0          0          0         68   fcmpi.o
       388         76          0          0          0         96   fdiv.o
       104          4          0          0          0         84   feqf.o
        54          4          0          0          0         84   ffix.o
        62          4          0          0          0         84   ffixu.o
        86          0          0          0          0        136   fflt_clz.o
        96          0          0          0          0         84   ffltll_clz.o
       104          4          0          0          0         84   fleqf.o
       258          4          0          0          0         84   fmul.o
       140          4          0          0          0         84   fnaninf.o
         0          0         16          0          0          0   fpconst.o
        10          0          0          0          0         68   fretinf.o
        98          0          0          0          0         68   frleqf.o
         6          0          0          0          0         68   istatus.o
         4          0          0          0          0         68   printf1.o
         4          0          0          0          0         68   printf2.o
       100          0          0          0          0         68   retnan.o
        92          0          0          0          0         68   scalbn.o
        76          0          0          0          0         68   scalbnf.o
         4          0          0          0          0         68   scanf1.o
         8          0          0          0          0         84   scanf2.o
        48          0          0          0          0         68   trapv.o
         0          0          0          0          0          0   usenofp.o
       636         62         80          0          0        188   acos.o
       624         52         80          0          0        168   asin.o
       544         70        152          0          0        124   atan.o
        42          0          0          0          0         84   atof.o
       220         16          0          0          0         84   ceil.o
       156          8          0          0          0        104   cos.o
       252         22         48          0          0        124   cos_i.o
        64         10          0          0          0        340   dunder.o
       644         90         88          0          0        204   exp.o
       220         16          0          0          0         84   floor.o
        40          0          0          0          0         68   fpclassify.o
        88          8          0          0          0         76   frexp.o
       138          0          0          0          0        160   ldexp.o
       860         52         56          0          0        256   log.o
       228         30          0          0          0        120   log10.o
       204          4          0          0          0        168   narrow.o
       170          0          0          0          0         96   poly.o
         0          0          8          0          0          0   qnan.o
       904         76        200          0          0        140   rred.o
       160         10          0          0          0        108   sin.o
       236         12         40          0          0        128   sin_i.o
        76          0          0          0          0         84   sqrt.o
       100         10          0          0          0         96   tan.o
       636         50         96          0          0        168   tan_i.o

    ----------------------------------------------------------------------
     28436       1336       1420          0         96      15992   Library Totals
        38          2          5          0          0          0   (incl. Padding)

    ----------------------------------------------------------------------

      Code (inc. data)   RO Data    RW Data    ZI Data      Debug   Library Name

     15250        364        551          0         96       8828   c_w.l
      5906        372         16          0          0       3992   fz_ws.l
      7242        598        848          0          0       3172   m_ws.l

    ----------------------------------------------------------------------
     28436       1336       1420          0         96      15992   Library Totals

    ----------------------------------------------------------------------

==============================================================================


      Code (inc. data)   RO Data    RW Data    ZI Data      Debug   

    175270       9506     250070       1136      24808    1876281   Grand Totals
    175270       9506     250070        400      24808    1876281   ELF Image Totals (compressed)
    175270       9506     250070        400          0          0   ROM Totals

==============================================================================

    Total RO  Size (Code + RO Data)               425340 ( 415.37kB)
    Total RW  Size (RW Data + ZI Data)             25944 (  25.34kB)
    Total ROM Size (Code + RO Data + RW Data)     425740 ( 415.76kB)

==============================================================================

