Component: ARM Compiler 5.06 update 5 (build 528) Tool: armlink [4d35e2]

==============================================================================

Section Cross References

    system_stm32f10x.o(.text) refers to system_stm32f10x.o(.data) for SystemCoreClock
    main.o(.text) refers to misc.o(.text) for NVIC_PriorityGroupConfig
    main.o(.text) refers to platform.o(.text) for systick_init
    main.o(.text) refers to led.o(.text) for led_init
    main.o(.text) refers to button.o(.text) for button_init
    main.o(.text) refers to lcd_driver.o(.text) for TFT_Init
    main.o(.text) refers to flash.o(.text) for FLASH_Init
    main.o(.text) refers to touch.o(.text) for TOUCH_Init
    main.o(.text) refers to tim.o(.text) for TIM3_Init
    main.o(.text) refers to rtc.o(.text) for rtc_init
    main.o(.text) refers to demo_main.o(.text) for gui_app_start
    sys.o(.text) refers to misc.o(.text) for NVIC_PriorityGroupConfig
    usart.o(.text) refers (Special) to use_no_semi_2.o(.text) for __use_no_semihosting
    usart.o(.text) refers to stm32f10x_rcc.o(.text) for RCC_APB2PeriphClockCmd
    usart.o(.text) refers to stm32f10x_gpio.o(.text) for GPIO_Init
    usart.o(.text) refers to misc.o(.text) for NVIC_Init
    usart.o(.text) refers to stm32f10x_usart.o(.text) for USART_Init
    usart.o(.text) refers to usart.o(.data) for USART_RX_STA
    usart.o(.text) refers to usart.o(.bss) for USART_RX_BUF
    usart.o(.bss) refers (Special) to use_no_semi_2.o(.text) for __use_no_semihosting
    usart.o(.data) refers (Special) to use_no_semi_2.o(.text) for __use_no_semihosting
    startup_stm32f10x_hd.o(STACK) refers (Special) to heapauxi.o(.text) for __use_two_region_memory
    startup_stm32f10x_hd.o(HEAP) refers (Special) to heapauxi.o(.text) for __use_two_region_memory
    startup_stm32f10x_hd.o(RESET) refers (Special) to heapauxi.o(.text) for __use_two_region_memory
    startup_stm32f10x_hd.o(RESET) refers to startup_stm32f10x_hd.o(STACK) for __initial_sp
    startup_stm32f10x_hd.o(RESET) refers to startup_stm32f10x_hd.o(.text) for Reset_Handler
    startup_stm32f10x_hd.o(RESET) refers to stm32f10x_it.o(.text) for NMI_Handler
    startup_stm32f10x_hd.o(RESET) refers to sys_tick.o(.text) for SysTick_Handler
    startup_stm32f10x_hd.o(RESET) refers to rtc.o(.text) for RTC_IRQHandler
    startup_stm32f10x_hd.o(RESET) refers to main_loop_stm32_raw.o(.text) for TIM3_IRQHandler
    startup_stm32f10x_hd.o(RESET) refers to usart.o(.text) for USART1_IRQHandler
    startup_stm32f10x_hd.o(RESET) refers to tim.o(.text) for TIM5_IRQHandler
    startup_stm32f10x_hd.o(.text) refers (Special) to heapauxi.o(.text) for __use_two_region_memory
    startup_stm32f10x_hd.o(.text) refers to system_stm32f10x.o(.text) for SystemInit
    startup_stm32f10x_hd.o(.text) refers to __main.o(!!!main) for __main
    startup_stm32f10x_hd.o(.text) refers to startup_stm32f10x_hd.o(HEAP) for Heap_Mem
    startup_stm32f10x_hd.o(.text) refers to startup_stm32f10x_hd.o(STACK) for Stack_Mem
    stm32f10x_gpio.o(.text) refers to stm32f10x_rcc.o(.text) for RCC_APB2PeriphResetCmd
    stm32f10x_rcc.o(.text) refers to stm32f10x_rcc.o(.data) for APBAHBPrescTable
    stm32f10x_usart.o(.text) refers to stm32f10x_rcc.o(.text) for RCC_APB2PeriphResetCmd
    stm32f10x_wwdg.o(.text) refers to stm32f10x_rcc.o(.text) for RCC_APB1PeriphResetCmd
    stm32f10x_tim.o(.text) refers to stm32f10x_rcc.o(.text) for RCC_APB2PeriphResetCmd
    stm32f10x_bkp.o(.text) refers to stm32f10x_rcc.o(.text) for RCC_BackupResetCmd
    stm32f10x_pwr.o(.text) refers to stm32f10x_rcc.o(.text) for RCC_APB1PeriphResetCmd
    stm32f10x_spi.o(.text) refers to stm32f10x_rcc.o(.text) for RCC_APB2PeriphResetCmd
    led.o(.text) refers to stm32f10x_rcc.o(.text) for RCC_APB2PeriphClockCmd
    led.o(.text) refers to stm32f10x_gpio.o(.text) for GPIO_Init
    led.o(.text) refers to sys_tick.o(.text) for delay_ms
    led.o(.text) refers to led.o(.data) for i
    lcd_driver.o(.text) refers to stm32f10x_rcc.o(.text) for RCC_APB2PeriphClockCmd
    lcd_driver.o(.text) refers to stm32f10x_gpio.o(.text) for GPIO_Init
    lcd_driver.o(.text) refers to stm32f10x_fsmc.o(.text) for FSMC_NORSRAMInit
    button.o(.text) refers to stm32f10x_rcc.o(.text) for RCC_APB2PeriphClockCmd
    button.o(.text) refers to stm32f10x_gpio.o(.text) for GPIO_Init
    button.o(.text) refers to sys_tick.o(.text) for delay_ms
    button.o(.text) refers to button.o(.data) for key_up
    tim.o(.text) refers to stm32f10x_rcc.o(.text) for RCC_APB1PeriphClockCmd
    tim.o(.text) refers to stm32f10x_gpio.o(.text) for GPIO_Init
    tim.o(.text) refers to stm32f10x_tim.o(.text) for TIM_TimeBaseInit
    tim.o(.text) refers to misc.o(.text) for NVIC_Init
    tim.o(.text) refers to tim.o(.data) for TIM5CH1_CAPTURE_STA
    rtc.o(.text) refers to _printf_percent.o(.ARM.Collect$$_printf_percent$$00000000) for _printf_percent
[...]
    window_manager_create                    0x0800c519   Thumb Code    26  window_manager.o(.text)
    window_manager_find_top_window_index     0x0800c54f   Thumb Code    64  window_manager.o(.text)
    window_manager_get_top_window            0x0800c58f   Thumb Code    30  window_manager.o(.text)
    window_manager_on_paint_children         0x0800c5ad   Thumb Code   138  window_manager.o(.text)
    window_manager_resize                    0x0800c6b3   Thumb Code    62  window_manager.o(.text)
    window_manager_dispatch_input_event      0x0800c7a9   Thumb Code   584  window_manager.o(.text)
    window_manager_set_animating             0x0800c9f1   Thumb Code    18  window_manager.o(.text)
    window_manager_set_show_fps              0x0800ca03   Thumb Code    18  window_manager.o(.text)
    wcs_chr                                  0x0800ca15   Thumb Code    38  wstr.o(.text)
    wcs_cpy                                  0x0800ca3b   Thumb Code    40  wstr.o(.text)
    wcs_cmp                                  0x0800ca63   Thumb Code    64  wstr.o(.text)
    wcs_dup                                  0x0800caa3   Thumb Code    32  wstr.o(.text)
    wcs_len                                  0x0800cac3   Thumb Code    30  wstr.o(.text)
    wstr_init                                0x0800cb17   Thumb Code    36  wstr.o(.text)
    wstr_set                                 0x0800cb3b   Thumb Code    54  wstr.o(.text)
    wstr_set_utf8                            0x0800cb71   Thumb Code    62  wstr.o(.text)
    wstr_get_utf8                            0x0800cbaf   Thumb Code    30  wstr.o(.text)
    wstr_remove                              0x0800cbcd   Thumb Code    88  wstr.o(.text)
    wstr_insert                              0x0800cc25   Thumb Code   180  wstr.o(.text)
    wstr_push                                0x0800ccd9   Thumb Code    56  wstr.o(.text)
    wstr_pop                                 0x0800cd11   Thumb Code    34  wstr.o(.text)
    wstr_equal                               0x0800cd33   Thumb Code    52  wstr.o(.text)
    wstr_from_int                            0x0800cd67   Thumb Code    38  wstr.o(.text)
    wstr_from_float                          0x0800cd8d   Thumb Code    42  wstr.o(.text)
    wstr_from_value                          0x0800cdb7   Thumb Code   116  wstr.o(.text)
    wstr_to_int                              0x0800ce2b   Thumb Code    52  wstr.o(.text)
    wstr_to_float                            0x0800ce5f   Thumb Code    56  wstr.o(.text)
    wstr_trim_float_zero                     0x0800cf5d   Thumb Code    94  wstr.o(.text)
    wstr_to_fix                              0x0800cfbb   Thumb Code    74  wstr.o(.text)
    wstr_add_float                           0x0800d005   Thumb Code   102  wstr.o(.text)
    wstr_reset                               0x0800d06b   Thumb Code    28  wstr.o(.text)
    font_bitmap_init                         0x0800d171   Thumb Code    34  font_bitmap.o(.text)
    font_bitmap_create                       0x0800d193   Thumb Code    54  font_bitmap.o(.text)
    tk_skip_to_num                           0x0800d1d5   Thumb Code    34  utils.o(.text)
    tk_str2bool                              0x0800d1f7   Thumb Code    40  utils.o(.text)
    tk_strtol                                0x0800d2e5   Thumb Code    92  utils.o(.text)
    tk_atoi                                  0x0800d341   Thumb Code    16  utils.o(.text)
    tk_atof                                  0x0800d351   Thumb Code   230  utils.o(.text)
    tk_itoa                                  0x0800d4c7   Thumb Code    22  utils.o(.text)
    tk_snprintf                              0x0800f921   Thumb Code    40  utils.o(.text)
    tk_ftoa                                  0x0800f949   Thumb Code    32  utils.o(.text)
    tk_strcpy                                0x0800f969   Thumb Code    16  utils.o(.text)
    tk_strncpy                               0x0800f979   Thumb Code    34  utils.o(.text)
    tk_strdup                                0x0800f99b   Thumb Code    50  utils.o(.text)
    tk_memset16                              0x0800f9cd   Thumb Code   112  utils.o(.text)
    tk_memset32                              0x0800fa3d   Thumb Code    30  utils.o(.text)
    tk_memcpy16                              0x0800fa5b   Thumb Code    40  utils.o(.text)
    tk_memcpy32                              0x0800fa83   Thumb Code    36  utils.o(.text)
    tk_pixel_copy                            0x0800faa7   Thumb Code    56  utils.o(.text)
    filename_to_name                         0x0800fb53   Thumb Code    92  utils.o(.text)
    wheel_event_cast                         0x0800fbc1   Thumb Code    22  events.o(.text)
    prop_change_event_cast                   0x0800fbd7   Thumb Code    28  events.o(.text)
    pointer_event_cast                       0x0800fbf3   Thumb Code    26  events.o(.text)
    key_event_cast                           0x0800fc0d   Thumb Code    28  events.o(.text)
    paint_event_cast                         0x0800fc29   Thumb Code    34  events.o(.text)
    event_init                               0x0800fc4b   Thumb Code    28  events.o(.text)
    pointer_event_rotate                     0x0800fc67   Thumb Code    42  events.o(.text)
    timer_manager                            0x0800fc91   Thumb Code     6  timer.o(.text)
    timer_manager_set                        0x0800fc97   Thumb Code    10  timer.o(.text)
    timer_manager_init                       0x0800fca1   Thumb Code    40  timer.o(.text)
    timer_manager_create                     0x0800fcc9   Thumb Code    38  timer.o(.text)
    timer_manager_deinit                     0x0800fcef   Thumb Code    76  timer.o(.text)
    timer_manager_destroy                    0x0800fd3b   Thumb Code    30  timer.o(.text)
    timer_manager_add                        0x0800fd59   Thumb Code    92  timer.o(.text)
    timer_manager_remove                     0x0800fde1   Thumb Code    76  timer.o(.text)
    timer_manager_find                       0x0800fe2d   Thumb Code    72  timer.o(.text)
    timer_manager_dispatch                   0x0800fe75   Thumb Code   142  timer.o(.text)
    timer_manager_count                      0x0800ff03   Thumb Code    36  timer.o(.text)
    timer_manager_next_time                  0x0800ff27   Thumb Code    72  timer.o(.text)
    timer_init                               0x0800ff6f   Thumb Code    34  timer.o(.text)
    timer_add                                0x0800ff91   Thumb Code    30  timer.o(.text)
    timer_remove                             0x0800ffaf   Thumb Code    18  timer.o(.text)
    timer_find                               0x0800ffc1   Thumb Code    18  timer.o(.text)
    timer_dispatch                           0x0800ffd3   Thumb Code    14  timer.o(.text)
    timer_count                              0x0800ffe1   Thumb Code    22  timer.o(.text)
    timer_next_time                          0x0800fff7   Thumb Code    14  timer.o(.text)
    timer_now                                0x08010005   Thumb Code    12  timer.o(.text)
    timer_queue                              0x08010011   Thumb Code    38  timer.o(.text)
    resource_manager_load                    0x08010045   Thumb Code     6  resource_manager.o(.text)
    resource_manager                         0x0801004b   Thumb Code     6  resource_manager.o(.text)
    resource_manager_set                     0x080100b1   Thumb Code    10  resource_manager.o(.text)
    resource_manager_init                    0x080100bb   Thumb Code    24  resource_manager.o(.text)
    resource_manager_create                  0x080100d3   Thumb Code    24  resource_manager.o(.text)
    resource_manager_add                     0x080100eb   Thumb Code    32  resource_manager.o(.text)
    resource_manager_find_in_cache           0x0801010b   Thumb Code    72  resource_manager.o(.text)
    resource_manager_ref                     0x08010153   Thumb Code    50  resource_manager.o(.text)
    resource_manager_unref                   0x08010185   Thumb Code    42  resource_manager.o(.text)
    resource_manager_clear_cache             0x080101c9   Thumb Code    28  resource_manager.o(.text)
    resource_manager_deinit                  0x080101e5   Thumb Code    54  resource_manager.o(.text)
    resource_manager_destroy                 0x0801021b   Thumb Code    44  resource_manager.o(.text)
    widget_layout_parse                      0x08010255   Thumb Code   340  layout.o(.text)
    widget_layout_calc                       0x080103a9   Thumb Code   220  layout.o(.text)
    widget_set_self_layout                   0x08010485   Thumb Code    56  layout.o(.text)
    widget_set_self_layout_params            0x080104bd   Thumb Code    66  layout.o(.text)
    children_layout_parser                   0x080104ff   Thumb Code   218  layout.o(.text)
    widget_set_children_layout               0x080105d9   Thumb Code    64  layout.o(.text)
    widget_set_children_layout_params        0x08010619   Thumb Code    34  layout.o(.text)
    widget_layout_self_with_wh               0x0801063b   Thumb Code    64  layout.o(.text)
    widget_layout_self                       0x0801067b   Thumb Code   104  layout.o(.text)
    widget_layout                            0x080106e3   Thumb Code    24  layout.o(.text)
    widget_layout_children_default           0x080106fb   Thumb Code  1210  layout.o(.text)
    event_queue_create                       0x08010bb5   Thumb Code    58  event_queue.o(.text)
    event_queue_recv                         0x08010bef   Thumb Code    80  event_queue.o(.text)
    event_queue_send                         0x08010c3f   Thumb Code    90  event_queue.o(.text)
    event_queue_replace_last                 0x08010c99   Thumb Code    78  event_queue.o(.text)
    event_queue_destroy                      0x08010ce7   Thumb Code    24  event_queue.o(.text)
    slider_set_value                         0x080112af   Thumb Code    18  slider.o(.text)
    slider_set_min                           0x080112c1   Thumb Code    18  slider.o(.text)
    slider_set_max                           0x080112d3   Thumb Code    18  slider.o(.text)
    slider_set_step                          0x080112e5   Thumb Code    22  slider.o(.text)
    slider_set_vertical                      0x080112fb   Thumb Code    18  slider.o(.text)
    slider_create                            0x080114e7   Thumb Code    92  slider.o(.text)
    window_animator_update                   0x0801156d   Thumb Code   164  window_animator.o(.text)
    window_animator_destroy                  0x08011611   Thumb Code    22  window_animator.o(.text)
    window_animator_begin_frame              0x08011627   Thumb Code    54  window_animator.o(.text)
    window_animator_begin_frame_overlap      0x0801165d   Thumb Code    72  window_animator.o(.text)
    window_animator_create_for_open          0x080116a5   Thumb Code     8  window_animator_null.o(.text)
    window_animator_create_for_close         0x080116ad   Thumb Code     8  window_animator_null.o(.text)
    idle_manager                             0x080116b5   Thumb Code     6  idle.o(.text)
    idle_manager_set                         0x080116bb   Thumb Code    10  idle.o(.text)
    idle_manager_init                        0x080116c5   Thumb Code    36  idle.o(.text)
    idle_manager_create                      0x080116e9   Thumb Code    20  idle.o(.text)
    idle_manager_remove_all                  0x080116fd   Thumb Code    72  idle.o(.text)
    idle_manager_deinit                      0x08011745   Thumb Code    30  idle.o(.text)
    idle_manager_destroy                     0x08011763   Thumb Code    30  idle.o(.text)
    idle_manager_add                         0x08011781   Thumb Code    78  idle.o(.text)
    idle_manager_remove                      0x080117fb   Thumb Code    72  idle.o(.text)
    idle_manager_find                        0x08011843   Thumb Code    68  idle.o(.text)
    idle_manager_dispatch                    0x08011887   Thumb Code   110  idle.o(.text)
    idle_add                                 0x080118f5   Thumb Code    22  idle.o(.text)
    idle_remove                              0x0801190b   Thumb Code    18  idle.o(.text)
    idle_find                                0x0801191d   Thumb Code    18  idle.o(.text)
    idle_dispatch                            0x0801192f   Thumb Code    14  idle.o(.text)
    idle_count                               0x0801193d   Thumb Code    50  idle.o(.text)
    idle_queue                               0x0801196f   Thumb Code    34  idle.o(.text)
    time_now_ms                              0x0801199d   Thumb Code     8  time.o(.text)
    time_now_s                               0x080119a5   Thumb Code    16  time.o(.text)
    system_info                              0x080119b5   Thumb Code     4  system_info.o(.text)
    image_loader_load                        0x080119bd   Thumb Code    44  image_loader.o(.text)
    tk_init_resources                        0x08011a17   Thumb Code    90  tk.o(.text)
    tk_init_internal                         0x08011a71   Thumb Code   166  tk.o(.text)
    tk_init                                  0x08011b17   Thumb Code    34  tk.o(.text)
    tk_deinit_internal                       0x08011b39   Thumb Code   134  tk.o(.text)
    tk_run                                   0x08011bd1   Thumb Code    18  tk.o(.text)
    tk_quit                                  0x08011bf3   Thumb Code    16  tk.o(.text)
    tk_set_lcd_orientation                   0x08011c03   Thumb Code   102  tk.o(.text)
    locale                                   0x08011c79   Thumb Code     6  locale.o(.text)
    locale_set                               0x08011c7f   Thumb Code    10  locale.o(.text)
    locale_change                            0x08011c89   Thumb Code   176  locale.o(.text)
    locale_init                              0x08011d39   Thumb Code    42  locale.o(.text)
    locale_create                            0x08011d63   Thumb Code    28  locale.o(.text)
    str_table_lookup                         0x08011d7f   Thumb Code   116  locale.o(.text)
    locale_tr                                0x08011df3   Thumb Code    56  locale.o(.text)
    locale_on                                0x08011e2b   Thumb Code    40  locale.o(.text)
    locale_off                               0x08011e53   Thumb Code    24  locale.o(.text)
    locale_deinit                            0x08011e6b   Thumb Code    46  locale.o(.text)
    locale_destroy                           0x08011e99   Thumb Code    30  locale.o(.text)
    str_init                                 0x08011eff   Thumb Code    36  str.o(.text)
    str_set_with_len                         0x08011f23   Thumb Code    68  str.o(.text)
    str_set                                  0x08011f67   Thumb Code    20  str.o(.text)
    str_append                               0x08011f7b   Thumb Code    66  str.o(.text)
    str_append_char                          0x08011fbd   Thumb Code    52  str.o(.text)
    str_decode_xml_entity                    0x08011ff1   Thumb Code   168  str.o(.text)
    str_eq                                   0x08012099   Thumb Code    66  str.o(.text)
    str_from_int                             0x080120db   Thumb Code    38  str.o(.text)
    str_from_float                           0x08012101   Thumb Code    52  str.o(.text)
    str_from_value                           0x08012135   Thumb Code   196  str.o(.text)
    str_to_int                               0x080121f9   Thumb Code    26  str.o(.text)
    str_to_float                             0x08012213   Thumb Code    36  str.o(.text)
    str_reset                                0x08012237   Thumb Code    34  str.o(.text)
    str_end_with                             0x08012259   Thumb Code    64  str.o(.text)
    str_start_with                           0x08012299   Thumb Code    46  str.o(.text)
    str_trim_left                            0x080122c7   Thumb Code   110  str.o(.text)
    str_trim_right                           0x08012335   Thumb Code    82  str.o(.text)
    str_trim                                 0x08012387   Thumb Code    32  str.o(.text)
    str_replace                              0x080123d7   Thumb Code   292  str.o(.text)
    str_to_lower                             0x080124fb   Thumb Code    46  str.o(.text)
    str_to_upper                             0x08012529   Thumb Code    46  str.o(.text)
    main_loop_post_pointer_event             0x080125a3   Thumb Code   172  main_loop_simple.o(.text)
    main_loop_post_key_event                 0x0801264f   Thumb Code    98  main_loop_simple.o(.text)
    main_loop_simple_init                    0x08012771   Thumb Code    92  main_loop_simple.o(.text)
    main_loop_simple_reset                   0x080127cd   Thumb Code    34  main_loop_simple.o(.text)
    pages_set_active                         0x080127fd   Thumb Code    34  pages.o(.text)
    pages_set_active_by_name                 0x0801281f   Thumb Code   100  pages.o(.text)
    pages_create                             0x08012983   Thumb Code    72  pages.o(.text)
    edit_on_paint_self                       0x08012b73   Thumb Code   184  edit.o(.text)
    edit_is_valid_value                      0x08012e51   Thumb Code   276  edit.o(.text)
    edit_inc                                 0x0801315d   Thumb Code   126  edit.o(.text)
    edit_dec                                 0x080131db   Thumb Code   136  edit.o(.text)
    edit_on_event                            0x08013263   Thumb Code   290  edit.o(.text)
    edit_set_text_limit                      0x08013385   Thumb Code    28  edit.o(.text)
    edit_set_int_limit                       0x080133a1   Thumb Code    32  edit.o(.text)
    edit_set_float_limit                     0x080133c1   Thumb Code    46  edit.o(.text)
    edit_set_readonly                        0x080133ef   Thumb Code    18  edit.o(.text)
    edit_set_auto_fix                        0x08013401   Thumb Code    18  edit.o(.text)
    edit_set_input_type                      0x08013413   Thumb Code    56  edit.o(.text)
    edit_set_input_tips                      0x0801344b   Thumb Code    28  edit.o(.text)
    edit_get_prop                            0x08013467   Thumb Code   748  edit.o(.text)
    edit_set_prop                            0x08013753   Thumb Code   784  edit.o(.text)
    edit_set_password_visible                0x08013a63   Thumb Code    18  edit.o(.text)
    edit_clear                               0x08013a75   Thumb Code    18  edit.o(.text)
    edit_create_ex                           0x08013b9d   Thumb Code   128  edit.o(.text)
    edit_create                              0x08013c1d   Thumb Code    38  edit.o(.text)
    view_create                              0x08013c65   Thumb Code    80  view.o(.text)
    widget_factory                           0x08013cf1   Thumb Code     6  widget_factory.o(.text)
    widget_factory_init                      0x08013cf7   Thumb Code    22  widget_factory.o(.text)
    widget_factory_create                    0x08013d0d   Thumb Code    26  widget_factory.o(.text)
    widget_factory_register                  0x08013d27   Thumb Code    64  widget_factory.o(.text)
    widget_factory_create_widget             0x08013d67   Thumb Code   146  widget_factory.o(.text)
    widget_factory_set                       0x08013df9   Thumb Code    10  widget_factory.o(.text)
    widget_factory_deinit                    0x08013e03   Thumb Code    68  widget_factory.o(.text)
    widget_factory_destroy                   0x08013e47   Thumb Code    30  widget_factory.o(.text)
    tokenizer_init                           0x08013e6d   Thumb Code    70  tokenizer.o(.text)
    tokenizer_has_more                       0x08013f1f   Thumb Code    24  tokenizer.o(.text)
    tokenizer_next                           0x08013f37   Thumb Code    72  tokenizer.o(.text)
    tokenizer_next_int                       0x08013f7f   Thumb Code    38  tokenizer.o(.text)
    tokenizer_next_float                     0x08013fa5   Thumb Code    48  tokenizer.o(.text)
    tokenizer_deinit                         0x08013fd5   Thumb Code    30  tokenizer.o(.text)
    input_method_dispatch                    0x08013ff5   Thumb Code    26  input_method.o(.text)
    input_method_dispatch_to_widget          0x0801400f   Thumb Code    32  input_method.o(.text)
    input_method_on                          0x0801402f   Thumb Code    38  input_method.o(.text)
    input_method_off                         0x08014055   Thumb Code    24  input_method.o(.text)
    input_method_request                     0x0801406d   Thumb Code    36  input_method.o(.text)
    input_method                             0x08014091   Thumb Code     6  input_method.o(.text)
    input_method_set                         0x08014097   Thumb Code    10  input_method.o(.text)
    input_method_update_action_button_info   0x080140a1   Thumb Code    74  input_method.o(.text)
    input_method_dispatch_candidates         0x080140eb   Thumb Code    44  input_method.o(.text)
    input_method_commit_text                 0x08014117   Thumb Code    72  input_method.o(.text)
    input_method_dispatch_action             0x0801415f   Thumb Code    72  input_method.o(.text)
    input_method_dispatch_key                0x080141a7   Thumb Code    88  input_method.o(.text)
    input_method_create                      0x0801420f   Thumb Code    34  input_method_null.o(.text)
    input_method_destroy                     0x08014231   Thumb Code    32  input_method_null.o(.text)
    input_engine_reset_input                 0x08014255   Thumb Code    44  input_engine.o(.text)
    input_engine_input                       0x08014281   Thumb Code    84  input_engine.o(.text)
    spin_box_create_self                     0x080142d5   Thumb Code    56  spin_box.o(.text)
    spin_box_create                          0x0801430d   Thumb Code   190  spin_box.o(.text)
    dragger_set_range                        0x0801458f   Thumb Code    36  dragger.o(.text)
    dragger_create                           0x0801471b   Thumb Code    80  dragger.o(.text)
    dialog_client_create                     0x080147a5   Thumb Code    88  dialog_client.o(.text)
    dialog_title_create                      0x0801481d   Thumb Code    80  dialog_title.o(.text)
    custom_props_create                      0x08014879   Thumb Code    42  custom_props.o(.text)
    custom_props_get                         0x080148a3   Thumb Code    96  custom_props.o(.text)
    custom_props_set                         0x080149bb   Thumb Code   140  custom_props.o(.text)
    custom_props_destroy                     0x08014a47   Thumb Code    72  custom_props.o(.text)
    lcd_reg_create                           0x08014f37   Thumb Code   110  lcd_stm32_raw.o(.text)
    platform_disaptch_input                  0x08014fc9   Thumb Code     6  main_loop_stm32_raw.o(.text)
    TIM3_IRQHandler                          0x08014fdf   Thumb Code    70  main_loop_stm32_raw.o(.text)
    main_loop_init                           0x0801506d   Thumb Code    36  main_loop_stm32_raw.o(.text)
    systick_init                             0x080150a1   Thumb Code    72  platform.o(.text)
    platform_prepare                         0x080150e9   Thumb Code    16  platform.o(.text)
    tk_mutex_create                          0x08015105   Thumb Code     4  mutex_null.o(.text)
    tk_mutex_lock                            0x08015109   Thumb Code     6  mutex_null.o(.text)
    tk_mutex_unlock                          0x0801510f   Thumb Code     6  mutex_null.o(.text)
    tk_mutex_destroy                         0x08015115   Thumb Code     6  mutex_null.o(.text)
    SysTick_Handler                          0x08015121   Thumb Code    12  sys_tick.o(.text)
    get_time_ms                              0x0801512d   Thumb Code     6  sys_tick.o(.text)
    sleep_ms                                 0x08015133   Thumb Code    28  sys_tick.o(.text)
    delay_ms                                 0x0801514f   Thumb Code    12  sys_tick.o(.text)
    delay_us                                 0x0801515b   Thumb Code    12  sys_tick.o(.text)
    gui_app_start                            0x0801516d   Thumb Code    30  demo_main.o(.text)
    application_init                         0x080152eb   Thumb Code   738  demo1_app.o(.text)
    resource_init                            0x080156c5   Thumb Code   280  resource-mini.o(.text)
    __use_no_semihosting                     0x08015861   Thumb Code     2  use_no_semi_2.o(.text)
    __rt_ctype_table                         0x08015865   Thumb Code    16  rt_ctype_table.o(.text)
    __aeabi_uldivmod                         0x08015875   Thumb Code     0  lludivv7m.o(.text)
    _ll_udiv                                 0x08015875   Thumb Code   238  lludivv7m.o(.text)
    __aeabi_llsr                             0x08015963   Thumb Code     0  llushr.o(.text)
    _ll_ushift_r                             0x08015963   Thumb Code    38  llushr.o(.text)
    __aeabi_ldivmod                          0x08015989   Thumb Code     0  llsdiv.o(.text)
    _ll_sdiv                                 0x08015989   Thumb Code    72  llsdiv.o(.text)
    tolower                                  0x080159d1   Thumb Code    26  tolower.o(.text)
    toupper                                  0x080159eb   Thumb Code    30  toupper.o(.text)
    __2printf                                0x08015a09   Thumb Code    20  noretval__2printf.o(.text)
    __printf                                 0x08015a21   Thumb Code   104  __printf.o(.text)
    _printf_int_dec                          0x08015a89   Thumb Code   104  _printf_dec.o(.text)
    strchr                                   0x08015b01   Thumb Code    20  strchr.o(.text)
    strstr                                   0x08015b15   Thumb Code    36  strstr.o(.text)
    memcmp                                   0x08015b39   Thumb Code    88  memcmp.o(.text)
    strcpy                                   0x08015b91   Thumb Code    72  strcpy.o(.text)
    strrchr                                  0x08015bd9   Thumb Code    22  strrchr.o(.text)
    strlen                                   0x08015bef   Thumb Code    62  strlen.o(.text)
    wcscpy                                   0x08015c2d   Thumb Code    18  wcscpy.o(.text)
    wcscmp                                   0x08015c3f   Thumb Code    24  wcscmp.o(.text)
    wcschr                                   0x08015c57   Thumb Code    22  wcschr.o(.text)
    wcslen                                   0x08015c6d   Thumb Code    18  wcslen.o(.text)
    strncmp                                  0x08015c7f   Thumb Code   150  strncmp.o(.text)
    __aeabi_memcpy                           0x08015d15   Thumb Code     0  rt_memcpy_v6.o(.text)
    __rt_memcpy                              0x08015d15   Thumb Code   138  rt_memcpy_v6.o(.text)
    _memcpy_lastbytes                        0x08015d7b   Thumb Code     0  rt_memcpy_v6.o(.text)
    __aeabi_memmove                          0x08015d9f   Thumb Code     0  rt_memmove_v6.o(.text)
    __rt_memmove                             0x08015d9f   Thumb Code   132  rt_memmove_v6.o(.text)
    __memmove_lastfew                        0x08015dff   Thumb Code     0  rt_memmove_v6.o(.text)
    __aeabi_memcpy4                          0x08015e23   Thumb Code     0  rt_memcpy_w.o(.text)
    __aeabi_memcpy8                          0x08015e23   Thumb Code     0  rt_memcpy_w.o(.text)
    __rt_memcpy_w                            0x08015e23   Thumb Code   100  rt_memcpy_w.o(.text)
    _memcpy_lastbytes_aligned                0x08015e6b   Thumb Code     0  rt_memcpy_w.o(.text)
    __aeabi_memclr                           0x08015e87   Thumb Code     0  rt_memclr.o(.text)
    __rt_memclr                              0x08015e87   Thumb Code    68  rt_memclr.o(.text)
    _memset                                  0x08015e8b   Thumb Code     0  rt_memclr.o(.text)
    __aeabi_memclr4                          0x08015ecb   Thumb Code     0  rt_memclr_w.o(.text)
    __aeabi_memclr8                          0x08015ecb   Thumb Code     0  rt_memclr_w.o(.text)
    __rt_memclr_w                            0x08015ecb   Thumb Code    78  rt_memclr_w.o(.text)
    _memset_w                                0x08015ecf   Thumb Code     0  rt_memclr_w.o(.text)
    strncpy                                  0x08015f19   Thumb Code    86  strncpy.o(.text)
    strcmp                                   0x08015f71   Thumb Code   128  strcmpv7m.o(.text)
    __use_two_region_memory                  0x08015ff1   Thumb Code     2  heapauxi.o(.text)
    __rt_heap_escrow$2region                 0x08015ff3   Thumb Code     2  heapauxi.o(.text)
    __rt_heap_expand$2region                 0x08015ff5   Thumb Code     2  heapauxi.o(.text)
    __I$use$semihosting                      0x08015ff7   Thumb Code     0  use_no_semi.o(.text)
    __use_no_semihosting_swi                 0x08015ff7   Thumb Code     2  use_no_semi.o(.text)
    __rt_locale                              0x08015ff9   Thumb Code     8  rt_locale_intlibspace.o(.text)
    _printf_int_common                       0x08016001   Thumb Code   178  _printf_intcommon.o(.text)
    _printf_char_file                        0x080160b5   Thumb Code    32  _printf_char_file.o(.text)
    __aeabi_memmove4                         0x080160d9   Thumb Code     0  rt_memmove_w.o(.text)
    __aeabi_memmove8                         0x080160d9   Thumb Code     0  rt_memmove_w.o(.text)
    __rt_memmove_w                           0x080160d9   Thumb Code   122  rt_memmove_w.o(.text)
    __memmove_aligned                        0x080160ff   Thumb Code     0  rt_memmove_w.o(.text)
    __memmove_lastfew_aligned                0x08016137   Thumb Code     0  rt_memmove_w.o(.text)
    __user_libspace                          0x08016155   Thumb Code     8  libspace.o(.text)
    __user_perproc_libspace                  0x08016155   Thumb Code     0  libspace.o(.text)
    __user_perthread_libspace                0x08016155   Thumb Code     0  libspace.o(.text)
    _printf_char_common                      0x08016167   Thumb Code    32  _printf_char_common.o(.text)
    ferror                                   0x0801618d   Thumb Code     8  ferror.o(.text)
    __user_setup_stackheap                   0x08016195   Thumb Code    74  sys_stackheap_outer.o(.text)
    exit                                     0x080161df   Thumb Code    18  exit.o(.text)
    floor                                    0x080161f1   Thumb Code   204  floor.o(i.floor)
    _get_lc_ctype                            0x080162cd   Thumb Code    44  lc_ctype_c.o(locale$$code)
    __aeabi_d2f                              0x080162f9   Thumb Code     0  d2f.o(x$fpl$d2f)
    _d2f                                     0x080162f9   Thumb Code    98  d2f.o(x$fpl$d2f)
    __aeabi_dadd                             0x0801635d   Thumb Code     0  daddsub_clz.o(x$fpl$dadd)
    _dadd                                    0x0801635d   Thumb Code   332  daddsub_clz.o(x$fpl$dadd)
    __fpl_dcmp_Inf                           0x080164ad   Thumb Code    24  dcmpi.o(x$fpl$dcmpinf)
    __aeabi_ddiv                             0x080164c5   Thumb Code     0  ddiv.o(x$fpl$ddiv)
    _ddiv                                    0x080164c5   Thumb Code   552  ddiv.o(x$fpl$ddiv)
    __aeabi_cdcmpeq                          0x08016775   Thumb Code     0  deqf.o(x$fpl$deqf)
    _dcmpeq                                  0x08016775   Thumb Code   120  deqf.o(x$fpl$deqf)
    __aeabi_d2iz                             0x080167ed   Thumb Code     0  dfix.o(x$fpl$dfix)
    _dfix                                    0x080167ed   Thumb Code    94  dfix.o(x$fpl$dfix)
    __aeabi_d2uiz                            0x0801684d   Thumb Code     0  dfixu.o(x$fpl$dfixu)
    _dfixu                                   0x0801684d   Thumb Code    90  dfixu.o(x$fpl$dfixu)
    __aeabi_i2d                              0x080168a7   Thumb Code     0  dflt_clz.o(x$fpl$dflt)
    _dflt                                    0x080168a7   Thumb Code    46  dflt_clz.o(x$fpl$dflt)
    __aeabi_l2d                              0x080168d5   Thumb Code     0  dfltll_clz.o(x$fpl$dfltll)
    _ll_sto_d                                0x080168d5   Thumb Code   162  dfltll_clz.o(x$fpl$dfltll)
    __aeabi_ui2d                             0x08016977   Thumb Code     0  dflt_clz.o(x$fpl$dfltu)
    _dfltu                                   0x08016977   Thumb Code    38  dflt_clz.o(x$fpl$dfltu)
    __aeabi_cdcmple                          0x0801699d   Thumb Code     0  dleqf.o(x$fpl$dleqf)
    _dcmple                                  0x0801699d   Thumb Code   120  dleqf.o(x$fpl$dleqf)
    __fpl_dcmple_InfNaN                      0x080169ff   Thumb Code     0  dleqf.o(x$fpl$dleqf)
    __aeabi_dmul                             0x08016a15   Thumb Code     0  dmul.o(x$fpl$dmul)
    _dmul                                    0x08016a15   Thumb Code   332  dmul.o(x$fpl$dmul)
    __fpl_dnaninf                            0x08016b69   Thumb Code   156  dnaninf.o(x$fpl$dnaninf)
    __fpl_dretinf                            0x08016c05   Thumb Code    12  dretinf.o(x$fpl$dretinf)
    __aeabi_cdrcmple                         0x08016c11   Thumb Code     0  drleqf.o(x$fpl$drleqf)
    _drcmple                                 0x08016c11   Thumb Code   108  drleqf.o(x$fpl$drleqf)
    __aeabi_drsub                            0x08016c7d   Thumb Code     0  daddsub_clz.o(x$fpl$drsb)
    _drsb                                    0x08016c7d   Thumb Code    22  daddsub_clz.o(x$fpl$drsb)
    __aeabi_dsub                             0x08016c95   Thumb Code     0  daddsub_clz.o(x$fpl$dsub)
    _dsub                                    0x08016c95   Thumb Code   464  daddsub_clz.o(x$fpl$dsub)
    __aeabi_f2d                              0x08016e69   Thumb Code     0  f2d.o(x$fpl$f2d)
    _f2d                                     0x08016e69   Thumb Code    86  f2d.o(x$fpl$f2d)
    __aeabi_fadd                             0x08016ec1   Thumb Code     0  faddsub_clz.o(x$fpl$fadd)
    _fadd                                    0x08016ec1   Thumb Code   196  faddsub_clz.o(x$fpl$fadd)
    __fpl_fcmp_Inf                           0x08016f85   Thumb Code    24  fcmpi.o(x$fpl$fcmpinf)
    __aeabi_fdiv                             0x08016f9d   Thumb Code     0  fdiv.o(x$fpl$fdiv)
    _fdiv                                    0x08016f9d   Thumb Code   384  fdiv.o(x$fpl$fdiv)
    __aeabi_cfcmpeq                          0x08017121   Thumb Code     0  feqf.o(x$fpl$feqf)
    _fcmpeq                                  0x08017121   Thumb Code   104  feqf.o(x$fpl$feqf)
    __aeabi_f2iz                             0x08017189   Thumb Code     0  ffix.o(x$fpl$ffix)
    _ffix                                    0x08017189   Thumb Code    54  ffix.o(x$fpl$ffix)
    __aeabi_f2uiz                            0x080171c1   Thumb Code     0  ffixu.o(x$fpl$ffixu)
    _ffixu                                   0x080171c1   Thumb Code    62  ffixu.o(x$fpl$ffixu)
    __aeabi_i2f                              0x08017201   Thumb Code     0  fflt_clz.o(x$fpl$fflt)
    _fflt                                    0x08017201   Thumb Code    48  fflt_clz.o(x$fpl$fflt)
    __aeabi_ul2f                             0x08017231   Thumb Code     0  ffltll_clz.o(x$fpl$ffltll)
    _ll_uto_f                                0x08017231   Thumb Code     6  ffltll_clz.o(x$fpl$ffltll)
    __aeabi_l2f                              0x08017237   Thumb Code     0  ffltll_clz.o(x$fpl$ffltll)
    _ll_sto_f                                0x08017237   Thumb Code    90  ffltll_clz.o(x$fpl$ffltll)
    __aeabi_ui2f                             0x08017291   Thumb Code     0  fflt_clz.o(x$fpl$ffltu)
    _ffltu                                   0x08017291   Thumb Code    38  fflt_clz.o(x$fpl$ffltu)
    __aeabi_cfcmple                          0x080172b9   Thumb Code     0  fleqf.o(x$fpl$fleqf)
    _fcmple                                  0x080172b9   Thumb Code   104  fleqf.o(x$fpl$fleqf)
    __fpl_fcmple_InfNaN                      0x0801730b   Thumb Code     0  fleqf.o(x$fpl$fleqf)
    __aeabi_fmul                             0x08017321   Thumb Code     0  fmul.o(x$fpl$fmul)
    _fmul                                    0x08017321   Thumb Code   258  fmul.o(x$fpl$fmul)
    __fpl_fnaninf                            0x08017423   Thumb Code   140  fnaninf.o(x$fpl$fnaninf)
    __fpl_fretinf                            0x080174af   Thumb Code    10  fretinf.o(x$fpl$fretinf)
    __aeabi_cfrcmple                         0x080174b9   Thumb Code     0  frleqf.o(x$fpl$frleqf)
    _frcmple                                 0x080174b9   Thumb Code    98  frleqf.o(x$fpl$frleqf)
    __aeabi_frsub                            0x0801751b   Thumb Code     0  faddsub_clz.o(x$fpl$frsb)
    _frsb                                    0x0801751b   Thumb Code    20  faddsub_clz.o(x$fpl$frsb)
    __aeabi_fsub                             0x08017531   Thumb Code     0  faddsub_clz.o(x$fpl$fsub)
    _fsub                                    0x08017531   Thumb Code   234  faddsub_clz.o(x$fpl$fsub)
    __aeabi_d2lz                             0x0801761d   Thumb Code     0  dfixll.o(x$fpl$llsfromd)
    _ll_sfrom_d                              0x0801761d   Thumb Code   194  dfixll.o(x$fpl$llsfromd)
    __I$use$fp                               0x080176de   Number         0  usenofp.o(x$fpl$usenofp)
    table_week                               0x080176de   Data          12  rtc.o(.constdata)
    mon_table                                0x080176ea   Data          12  rtc.o(.constdata)
    ASCII8x16                                0x080176f6   Data        1536  gui.o(.constdata)
    tfont16                                  0x08017cf6   Data         480  gui.o(.constdata)
    tfont24                                  0x08017ed6   Data         360  gui.o(.constdata)
    g_utf8_skip                              0x080188cc   Data           4  utf8.o(.constdata)
    font_default                             0x080192c4   Data       11032  resource-mini.o(.constdata)
    image_bricks                             0x0801bddc   Data        7244  resource-mini.o(.constdata)
    image_checked                            0x0801da28   Data        2348  resource-mini.o(.constdata)
    image_dialog_title                       0x0801e354   Data        7244  resource-mini.o(.constdata)
    image_earth                              0x0801ffa0   Data        2348  resource-mini.o(.constdata)
    image_green_btn_n                        0x080208cc   Data        3644  resource-mini.o(.constdata)
    image_green_btn_o                        0x08021708   Data        3644  resource-mini.o(.constdata)
    image_green_btn_p                        0x08022544   Data        3644  resource-mini.o(.constdata)
    image_info                               0x08023380   Data        2348  resource-mini.o(.constdata)
    image_left_off                           0x08023cac   Data        2348  resource-mini.o(.constdata)
    image_left_on                            0x080245d8   Data        2348  resource-mini.o(.constdata)
    image_middle_off                         0x08024f04   Data        2348  resource-mini.o(.constdata)
    image_middle_on                          0x08025830   Data        2348  resource-mini.o(.constdata)
    image_muted                              0x0802615c   Data        2348  resource-mini.o(.constdata)
    image_question                           0x08026a88   Data        2348  resource-mini.o(.constdata)
    image_radio_checked                      0x080273b4   Data        2348  resource-mini.o(.constdata)
    image_radio_unchecked                    0x08027ce0   Data        2348  resource-mini.o(.constdata)
    image_red_btn_n                          0x0802860c   Data        3644  resource-mini.o(.constdata)
    image_red_btn_o                          0x08029448   Data        3644  resource-mini.o(.constdata)
    image_red_btn_p                          0x0802a284   Data        3644  resource-mini.o(.constdata)
    image_right_off                          0x0802b0c0   Data        2348  resource-mini.o(.constdata)
    image_right_on                           0x0802b9ec   Data        2348  resource-mini.o(.constdata)
    image_slider_bg                          0x0802c318   Data        1004  resource-mini.o(.constdata)
    image_slider_drag                        0x0802c704   Data        3180  resource-mini.o(.constdata)
    image_slider_drag_o                      0x0802d370   Data        3180  resource-mini.o(.constdata)
    image_slider_drag_p                      0x0802dfdc   Data        3180  resource-mini.o(.constdata)
    image_slider_fg                          0x0802ec48   Data        1004  resource-mini.o(.constdata)
    image_slider_v_bg                        0x0802f034   Data        1004  resource-mini.o(.constdata)
    image_slider_v_fg                        0x0802f420   Data        1004  resource-mini.o(.constdata)
    image_unchecked                          0x0802f80c   Data        2348  resource-mini.o(.constdata)
    image_unmuted                            0x08030138   Data        2348  resource-mini.o(.constdata)
    image_warn                               0x08030a64   Data        2348  resource-mini.o(.constdata)
    theme_default                            0x08031390   Data        8657  resource-mini.o(.constdata)
    Region$$Table$$Base                      0x080339f4   Number         0  anon$$obj.o(Region$$Table)
    Region$$Table$$Limit                     0x08033a14   Number         0  anon$$obj.o(Region$$Table)
    __ctype                                  0x08033a21   Data           0  lc_ctype_c.o(locale$$data)
    SystemCoreClock                          0x20000000   Data           4  system_stm32f10x.o(.data)
    AHBPrescTable                            0x20000004   Data          16  system_stm32f10x.o(.data)
    __stdout                                 0x20000014   Data           4  usart.o(.data)
    USART_RX_STA                             0x20000018   Data           2  usart.o(.data)
    TIM5CH1_CAPTURE_STA                      0x20000030   Data           1  tim.o(.data)
    TIM5CH1_CAPTURE_VAL                      0x20000032   Data           2  tim.o(.data)
    rtc_data                                 0x20000034   Data           7  rtc.o(.data)
    rtc_bit                                  0x2000003b   Data           1  rtc.o(.data)
    TouchData                                0x2000003e   Data           8  touch.o(.data)
    s_edit_properties                        0x200001bc   Data          52  edit.o(.data)
    USART_RX_BUF                             0x20000214   Data         200  usart.o(.bss)
    calendar                                 0x200002dc   Data          10  rtc.o(.bss)
    __libspace_start                         0x200033a4   Data          96  libspace.o(.bss)
    __temporary_stack_top$libspace           0x20003404   Data           0  libspace.o(.bss)



==============================================================================

Memory Map of the image

  Image Entry point : 0x08000131

  Load Region LR_IROM1 (Base: 0x08000000, Size: 0x00033d38, Max: 0x00080000, ABSOLUTE, COMPRESSED[0x00033c88])

    Execution Region ER_IROM1 (Exec base: 0x08000000, Load base: 0x08000000, Size: 0x00033b24, Max: 0x00080000, ABSOLUTE)

    Exec Addr    Load Addr    Size         Type   Attr      Idx    E Section Name        Object

    0x08000000   0x08000000   0x00000130   Data   RO          252    RESET               startup_stm32f10x_hd.o
    0x08000130   0x08000130   0x00000008   Code   RO         2155  * !!!main             c_w.l(__main.o)
    0x08000138   0x08000138   0x00000034   Code   RO         2440    !!!scatter          c_w.l(__scatter.o)
    0x0800016c   0x0800016c   0x0000005a   Code   RO         2438    !!dczerorl2         c_w.l(__dczerorl2.o)
    0x080001c6   0x080001c6   0x00000002   PAD
    0x080001c8   0x080001c8   0x0000001c   Code   RO         2442    !!handler_zi        c_w.l(__scatter_zi.o)
    0x080001e4   0x080001e4   0x00000000   Code   RO         2116    .ARM.Collect$$_printf_percent$$00000000  c_w.l(_printf_percent.o)
    0x080001e4   0x080001e4   0x00000006   Code   RO         2115    .ARM.Collect$$_printf_percent$$00000009  c_w.l(_printf_d.o)
    0x080001ea   0x080001ea   0x00000004   Code   RO         2255    .ARM.Collect$$_printf_percent$$00000017  c_w.l(_printf_percent_end.o)
    0x080001ee   0x080001ee   0x00000002   Code   RO         2362    .ARM.Collect$$libinit$$00000000  c_w.l(libinit.o)
    0x080001f0   0x080001f0   0x00000000   Code   RO         2301    .ARM.Collect$$libinit$$00000002  c_w.l(libinit2.o)
    0x080001f0   0x080001f0   0x00000000   Code   RO         2303    .ARM.Collect$$libinit$$00000004  c_w.l(libinit2.o)
    0x080001f0   0x080001f0   0x00000000   Code   RO         2306    .ARM.Collect$$libinit$$0000000A  c_w.l(libinit2.o)
    0x080001f0   0x080001f0   0x00000000   Code   RO         2308    .ARM.Collect$$libinit$$0000000C  c_w.l(libinit2.o)
    0x080001f0   0x080001f0   0x00000000   Code   RO         2310    .ARM.Collect$$libinit$$0000000E  c_w.l(libinit2.o)
    0x080001f0   0x080001f0   0x00000006   Code   RO         2311    .ARM.Collect$$libinit$$0000000F  c_w.l(libinit2.o)
    0x080001f6   0x080001f6   0x00000000   Code   RO         2313    .ARM.Collect$$libinit$$00000011  c_w.l(libinit2.o)
    0x080001f6   0x080001f6   0x0000000c   Code   RO         2314    .ARM.Collect$$libinit$$00000012  c_w.l(libinit2.o)
    0x08000202   0x08000202   0x00000000   Code   RO         2315    .ARM.Collect$$libinit$$00000013  c_w.l(libinit2.o)
    0x08000202   0x08000202   0x00000000   Code   RO         2317    .ARM.Collect$$libinit$$00000015  c_w.l(libinit2.o)
    0x08000202   0x08000202   0x00000000   Code   RO         2319    .ARM.Collect$$libinit$$00000017  c_w.l(libinit2.o)
    0x08000202   0x08000202   0x00000000   Code   RO         2321    .ARM.Collect$$libinit$$00000019  c_w.l(libinit2.o)
    0x08000202   0x08000202   0x00000000   Code   RO         2323    .ARM.Collect$$libinit$$0000001B  c_w.l(libinit2.o)
    0x08000202   0x08000202   0x00000000   Code   RO         2325    .ARM.Collect$$libinit$$0000001D  c_w.l(libinit2.o)
    0x08000202   0x08000202   0x00000000   Code   RO         2327    .ARM.Collect$$libinit$$0000001F  c_w.l(libinit2.o)
    0x08000202   0x08000202   0x00000000   Code   RO         2329    .ARM.Collect$$libinit$$00000021  c_w.l(libinit2.o)
    0x08000202   0x08000202   0x00000000   Code   RO         2331    .ARM.Collect$$libinit$$00000023  c_w.l(libinit2.o)
    0x08000202   0x08000202   0x00000000   Code   RO         2333    .ARM.Collect$$libinit$$00000025  c_w.l(libinit2.o)
    0x08000202   0x08000202   0x00000000   Code   RO         2337    .ARM.Collect$$libinit$$0000002C  c_w.l(libinit2.o)
    0x08000202   0x08000202   0x00000000   Code   RO         2339    .ARM.Collect$$libinit$$0000002E  c_w.l(libinit2.o)
    0x08000202   0x08000202   0x00000000   Code   RO         2341    .ARM.Collect$$libinit$$00000030  c_w.l(libinit2.o)
    0x08000202   0x08000202   0x00000000   Code   RO         2343    .ARM.Collect$$libinit$$00000032  c_w.l(libinit2.o)
    0x08000202   0x08000202   0x00000002   Code   RO         2344    .ARM.Collect$$libinit$$00000033  c_w.l(libinit2.o)
    0x08000204   0x08000204   0x00000002   Code   RO         2405    .ARM.Collect$$libshutdown$$00000000  c_w.l(libshutdown.o)
    0x08000206   0x08000206   0x00000000   Code   RO         2421    .ARM.Collect$$libshutdown$$00000002  c_w.l(libshutdown2.o)
    0x08000206   0x08000206   0x00000000   Code   RO         2423    .ARM.Collect$$libshutdown$$00000004  c_w.l(libshutdown2.o)
    0x08000206   0x08000206   0x00000000   Code   RO         2426    .ARM.Collect$$libshutdown$$00000007  c_w.l(libshutdown2.o)
    0x08000206   0x08000206   0x00000000   Code   RO         2429    .ARM.Collect$$libshutdown$$0000000A  c_w.l(libshutdown2.o)
    0x08000206   0x08000206   0x00000000   Code   RO         2431    .ARM.Collect$$libshutdown$$0000000C  c_w.l(libshutdown2.o)
    0x08000206   0x08000206   0x00000000   Code   RO         2434    .ARM.Collect$$libshutdown$$0000000F  c_w.l(libshutdown2.o)
    0x08000206   0x08000206   0x00000002   Code   RO         2435    .ARM.Collect$$libshutdown$$00000010  c_w.l(libshutdown2.o)
    0x08000208   0x08000208   0x00000000   Code   RO         2241    .ARM.Collect$$rtentry$$00000000  c_w.l(__rtentry.o)
    0x08000208   0x08000208   0x00000000   Code   RO         2278    .ARM.Collect$$rtentry$$00000002  c_w.l(__rtentry2.o)
    0x08000208   0x08000208   0x00000006   Code   RO         2290    .ARM.Collect$$rtentry$$00000004  c_w.l(__rtentry4.o)
    0x0800020e   0x0800020e   0x00000000   Code   RO         2280    .ARM.Collect$$rtentry$$00000009  c_w.l(__rtentry2.o)
    0x0800020e   0x0800020e   0x00000004   Code   RO         2281    .ARM.Collect$$rtentry$$0000000A  c_w.l(__rtentry2.o)
    0x08000212   0x08000212   0x00000000   Code   RO         2283    .ARM.Collect$$rtentry$$0000000C  c_w.l(__rtentry2.o)
    0x08000212   0x08000212   0x00000008   Code   RO         2284    .ARM.Collect$$rtentry$$0000000D  c_w.l(__rtentry2.o)
    0x0800021a   0x0800021a   0x00000002   Code   RO         2365    .ARM.Collect$$rtexit$$00000000  c_w.l(rtexit.o)
    0x0800021c   0x0800021c   0x00000000   Code   RO         2380    .ARM.Collect$$rtexit$$00000002  c_w.l(rtexit2.o)
    0x0800021c   0x0800021c   0x00000004   Code   RO         2381    .ARM.Collect$$rtexit$$00000003  c_w.l(rtexit2.o)
    0x08000220   0x08000220   0x00000006   Code   RO         2382    .ARM.Collect$$rtexit$$00000004  c_w.l(rtexit2.o)
    0x08000226   0x08000226   0x00000018   Code   RO            1    .text               stm32f10x_it.o
    0x0800023e   0x0800023e   0x00000002   PAD
    0x08000240   0x08000240   0x000001e0   Code   RO          104    .text               system_stm32f10x.o
    0x08000420   0x08000420   0x00000044   Code   RO          122    .text               main.o
    0x08000464   0x08000464   0x00000128   Code   RO          216    .text               usart.o
    0x0800058c   0x0800058c   0x00000040   Code   RO          253    .text               startup_stm32f10x_hd.o
    0x080005cc   0x080005cc   0x000000dc   Code   RO          257    .text               misc.o
    0x080006a8   0x080006a8   0x0000035c   Code   RO          269    .text               stm32f10x_gpio.o
    0x08000a04   0x08000a04   0x000003a4   Code   RO          281    .text               stm32f10x_rcc.o
    0x08000da8   0x08000da8   0x00000408   Code   RO          295    .text               stm32f10x_usart.o
    0x080011b0   0x080011b0   0x00000e1a   Code   RO          343    .text               stm32f10x_tim.o
    0x08001fca   0x08001fca   0x00000002   PAD
    0x08001fcc   0x08001fcc   0x0000060c   Code   RO          355    .text               stm32f10x_fsmc.o
    0x080025d8   0x080025d8   0x000000c4   Code   RO          367    .text               stm32f10x_bkp.o
    0x0800269c   0x0800269c   0x00000148   Code   RO          379    .text               stm32f10x_rtc.o
    0x080027e4   0x080027e4   0x000000cc   Code   RO          391    .text               stm32f10x_pwr.o
    0x080028b0   0x080028b0   0x0000030c   Code   RO          415    .text               stm32f10x_spi.o
    0x08002bbc   0x08002bbc   0x000000a4   Code   RO          451    .text               led.o
    0x08002c60   0x08002c60   0x000002b8   Code   RO          464    .text               lcd_driver.o
    0x08002f18   0x08002f18   0x00000100   Code   RO          479    .text               button.o
    0x08003018   0x08003018   0x0000023c   Code   RO          492    .text               tim.o
    0x08003254   0x08003254   0x00000460   Code   RO          511    .text               rtc.o
    0x080036b4   0x080036b4   0x00000440   Code   RO          535    .text               touch.o
    0x08003af4   0x08003af4   0x000001dc   Code   RO          557    .text               spi.o
    0x08003cd0   0x08003cd0   0x00000430   Code   RO          569    .text               gui.o
    0x08004100   0x08004100   0x0000039c   Code   RO          590    .text               flash.o
    0x0800449c   0x0800449c   0x0000027a   Code   RO          604    .text               array.o
    0x08004716   0x08004716   0x000000a2   Code   RO          644    .text               bitmap.o
    0x080047b8   0x080047b8   0x0000023c   Code   RO          680    .text               button_1.o
    0x080049f4   0x080049f4   0x0000280e   Code   RO          756    .text               canvas.o
    0x08007202   0x08007202   0x00000002   PAD
    0x08007204   0x08007204   0x00000248   Code   RO          777    .text               check_button.o
    0x0800744c   0x0800744c   0x00000018   Code   RO          805    .text               color.o
    0x08007464   0x08007464   0x000003b4   Code   RO          817    .text               dialog.o
    0x08007818   0x08007818   0x0000027a   Code   RO          869    .text               emitter.o
    0x08007a92   0x08007a92   0x00000002   PAD
    0x08007a94   0x08007a94   0x00000148   Code   RO          890    .text               enums.o
    0x08007bdc   0x08007bdc   0x0000005e   Code   RO          920    .text               font.o
    0x08007c3a   0x08007c3a   0x00000002   PAD
    0x08007c3c   0x08007c3c   0x00000100   Code   RO          932    .text               font_manager.o
    0x08007d3c   0x08007d3c   0x00000068   Code   RO          946    .text               group_box.o
    0x08007da4   0x08007da4   0x000002e8   Code   RO          964    .text               image.o
    0x0800808c   0x0800808c   0x000002cc   Code   RO          983    .text               image_manager.o
    0x08008358   0x08008358   0x00000060   Code   RO          997    .text               label.o
    0x080083b8   0x080083b8   0x000003a2   Code   RO         1012    .text               lcd.o
    0x0800875a   0x0800875a   0x00000002   PAD
    0x0800875c   0x0800875c   0x00000114   Code   RO         1024    .text               main_loop.o
    0x08008870   0x08008870   0x00000364   Code   RO         1041    .text               mem.o
    0x08008bd4   0x08008bd4   0x000004cc   Code   RO         1055    .text               progress_bar.o
    0x080090a0   0x080090a0   0x00000240   Code   RO         1074    .text               rect.o
    0x080092e0   0x080092e0   0x000001e0   Code   RO         1086    .text               theme.o
    0x080094c0   0x080094c0   0x00000304   Code   RO         1100    .text               utf8.o
    0x080097c4   0x080097c4   0x00000618   Code   RO         1115    .text               value.o
    0x08009ddc   0x08009ddc   0x00001c8c   Code   RO         1127    .text               widget.o
    0x0800ba68   0x0800ba68   0x000002d0   Code   RO         1142    .text               widget_vtable.o
    0x0800bd38   0x0800bd38   0x00000210   Code   RO         1180    .text               window.o
    0x0800bf48   0x0800bf48   0x00000acc   Code   RO         1198    .text               window_manager.o
    0x0800ca14   0x0800ca14   0x00000684   Code   RO         1226    .text               wstr.o
    0x0800d098   0x0800d098   0x0000013c   Code   RO         1238    .text               font_bitmap.o
    0x0800d1d4   0x0800d1d4   0x000029ec   Code   RO         1253    .text               utils.o
    0x0800fbc0   0x0800fbc0   0x000000d0   Code   RO         1277    .text               events.o
    0x0800fc90   0x0800fc90   0x000003b4   Code   RO         1289    .text               timer.o
    0x08010044   0x08010044   0x00000210   Code   RO         1303    .text               resource_manager.o
    0x08010254   0x08010254   0x00000960   Code   RO         1317    .text               layout.o
    0x08010bb4   0x08010bb4   0x0000014a   Code   RO         1332    .text               event_queue.o
    0x08010cfe   0x08010cfe   0x00000002   PAD
    0x08010d00   0x08010d00   0x0000086c   Code   RO         1347    .text               slider.o
    0x0801156c   0x0801156c   0x00000138   Code   RO         1366    .text               window_animator.o
    0x080116a4   0x080116a4   0x00000010   Code   RO         1378    .text               window_animator_null.o
    0x080116b4   0x080116b4   0x000002e8   Code   RO         1390    .text               idle.o
    0x0801199c   0x0801199c   0x00000018   Code   RO         1404    .text               time.o
    0x080119b4   0x080119b4   0x00000008   Code   RO         1416    .text               system_info.o
    0x080119bc   0x080119bc   0x0000002c   Code   RO         1430    .text               image_loader.o
    0x080119e8   0x080119e8   0x00000290   Code   RO         1442    .text               tk.o
    0x08011c78   0x08011c78   0x00000254   Code   RO         1460    .text               locale.o
    0x08011ecc   0x08011ecc   0x0000068a   Code   RO         1477    .text               str.o
    0x08012556   0x08012556   0x00000002   PAD
    0x08012558   0x08012558   0x000002a4   Code   RO         1492    .text               main_loop_simple.o
    0x080127fc   0x080127fc   0x000001e4   Code   RO         1533    .text               pages.o
    0x080129e0   0x080129e0   0x00001284   Code   RO         1549    .text               edit.o
    0x08013c64   0x08013c64   0x00000054   Code   RO         1566    .text               view.o
    0x08013cb8   0x08013cb8   0x000001b4   Code   RO         1599    .text               widget_factory.o
    0x08013e6c   0x08013e6c   0x00000186   Code   RO         1710    .text               tokenizer.o
    0x08013ff2   0x08013ff2   0x00000002   PAD
    0x08013ff4   0x08013ff4   0x00000214   Code   RO         1722    .text               input_method.o
    0x08014208   0x08014208   0x0000004c   Code   RO         1736    .text               input_method_null.o
    0x08014254   0x08014254   0x00000080   Code   RO         1760    .text               input_engine.o
    0x080142d4   0x080142d4   0x0000013c   Code   RO         1772    .text               spin_box.o
    0x08014410   0x08014410   0x00000380   Code   RO         1791    .text               dragger.o
    0x08014790   0x08014790   0x00000078   Code   RO         1810    .text               dialog_client.o
    0x08014808   0x08014808   0x00000070   Code   RO         1825    .text               dialog_title.o
    0x08014878   0x08014878   0x00000216   Code   RO         1840    .text               custom_props.o
    0x08014a8e   0x08014a8e   0x00000002   PAD
    0x08014a90   0x08014a90   0x00000538   Code   RO         1855    .text               lcd_stm32_raw.o
    0x08014fc8   0x08014fc8   0x000000d8   Code   RO         1879    .text               main_loop_stm32_raw.o
    0x080150a0   0x080150a0   0x00000064   Code   RO         1945    .text               platform.o
    0x08015104   0x08015104   0x0000001c   Code   RO         1959    .text               mutex_null.o
    0x08015120   0x08015120   0x0000004c   Code   RO         1976    .text               sys_tick.o
    0x0801516c   0x0801516c   0x0000001e   Code   RO         1990    .text               demo_main.o
    0x0801518a   0x0801518a   0x00000002   PAD
    0x0801518c   0x0801518c   0x00000538   Code   RO         2005    .text               demo1_app.o
    0x080156c4   0x080156c4   0x0000019c   Code   RO         2023    .text               resource-mini.o
    0x08015860   0x08015860   0x00000002   Code   RO         2073    .text               c_w.l(use_no_semi_2.o)
    0x08015862   0x08015862   0x00000002   PAD
    0x08015864   0x08015864   0x00000010   Code   RO         2075    .text               c_w.l(rt_ctype_table.o)
    0x08015874   0x08015874   0x000000ee   Code   RO         2077    .text               c_w.l(lludivv7m.o)
    0x08015962   0x08015962   0x00000026   Code   RO         2079    .text               c_w.l(llushr.o)
    0x08015988   0x08015988   0x00000048   Code   RO         2081    .text               c_w.l(llsdiv.o)
    0x080159d0   0x080159d0   0x0000001a   Code   RO         2083    .text               c_w.l(tolower.o)
    0x080159ea   0x080159ea   0x0000001e   Code   RO         2085    .text               c_w.l(toupper.o)
    0x08015a08   0x08015a08   0x00000018   Code   RO         2089    .text               c_w.l(noretval__2printf.o)
    0x08015a20   0x08015a20   0x00000068   Code   RO         2091    .text               c_w.l(__printf.o)
    0x08015a88   0x08015a88   0x00000078   Code   RO         2093    .text               c_w.l(_printf_dec.o)
    0x08015b00   0x08015b00   0x00000014   Code   RO         2117    .text               c_w.l(strchr.o)
    0x08015b14   0x08015b14   0x00000024   Code   RO         2119    .text               c_w.l(strstr.o)
    0x08015b38   0x08015b38   0x00000058   Code   RO         2121    .text               c_w.l(memcmp.o)
    0x08015b90   0x08015b90   0x00000048   Code   RO         2123    .text               c_w.l(strcpy.o)
    0x08015bd8   0x08015bd8   0x00000016   Code   RO         2125    .text               c_w.l(strrchr.o)
    0x08015bee   0x08015bee   0x0000003e   Code   RO         2127    .text               c_w.l(strlen.o)
    0x08015c2c   0x08015c2c   0x00000012   Code   RO         2129    .text               c_w.l(wcscpy.o)
    0x08015c3e   0x08015c3e   0x00000018   Code   RO         2131    .text               c_w.l(wcscmp.o)
    0x08015c56   0x08015c56   0x00000016   Code   RO         2133    .text               c_w.l(wcschr.o)
    0x08015c6c   0x08015c6c   0x00000012   Code   RO         2135    .text               c_w.l(wcslen.o)
    0x08015c7e   0x08015c7e   0x00000096   Code   RO         2137    .text               c_w.l(strncmp.o)
    0x08015d14   0x08015d14   0x0000008a   Code   RO         2139    .text               c_w.l(rt_memcpy_v6.o)
    0x08015d9e   0x08015d9e   0x00000084   Code   RO         2141    .text               c_w.l(rt_memmove_v6.o)
    0x08015e22   0x08015e22   0x00000064   Code   RO         2143    .text               c_w.l(rt_memcpy_w.o)
    0x08015e86   0x08015e86   0x00000044   Code   RO         2145    .text               c_w.l(rt_memclr.o)
    0x08015eca   0x08015eca   0x0000004e   Code   RO         2147    .text               c_w.l(rt_memclr_w.o)
    0x08015f18   0x08015f18   0x00000056   Code   RO         2149    .text               c_w.l(strncpy.o)
    0x08015f6e   0x08015f6e   0x00000002   PAD
    0x08015f70   0x08015f70   0x00000080   Code   RO         2151    .text               c_w.l(strcmpv7m.o)
    0x08015ff0   0x08015ff0   0x00000006   Code   RO         2153    .text               c_w.l(heapauxi.o)
    0x08015ff6   0x08015ff6   0x00000002   Code   RO         2239    .text               c_w.l(use_no_semi.o)
    0x08015ff8   0x08015ff8   0x00000008   Code   RO         2249    .text               c_w.l(rt_locale_intlibspace.o)
    0x08016000   0x08016000   0x000000b2   Code   RO         2251    .text               c_w.l(_printf_intcommon.o)
    0x080160b2   0x080160b2   0x00000002   PAD
    0x080160b4   0x080160b4   0x00000024   Code   RO         2253    .text               c_w.l(_printf_char_file.o)
    0x080160d8   0x080160d8   0x0000007a   Code   RO         2259    .text               c_w.l(rt_memmove_w.o)
    0x08016152   0x08016152   0x00000002   PAD
    0x08016154   0x08016154   0x00000008   Code   RO         2274    .text               c_w.l(libspace.o)
    0x0801615c   0x0801615c   0x00000030   Code   RO         2294    .text               c_w.l(_printf_char_common.o)
    0x0801618c   0x0801618c   0x00000008   Code   RO         2296    .text               c_w.l(ferror.o)
    0x08016194   0x08016194   0x0000004a   Code   RO         2345    .text               c_w.l(sys_stackheap_outer.o)
    0x080161de   0x080161de   0x00000012   Code   RO         2349    .text               c_w.l(exit.o)
    0x080161f0   0x080161f0   0x000000dc   Code   RO         2236    i.floor             m_ws.l(floor.o)
    0x080162cc   0x080162cc   0x0000002c   Code   RO         2257    locale$$code        c_w.l(lc_ctype_c.o)
    0x080162f8   0x080162f8   0x00000062   Code   RO         2157    x$fpl$d2f           fz_ws.l(d2f.o)
    0x0801635a   0x0801635a   0x00000002   PAD
    0x0801635c   0x0801635c   0x00000150   Code   RO         2159    x$fpl$dadd          fz_ws.l(daddsub_clz.o)
    0x080164ac   0x080164ac   0x00000018   Code   RO         2261    x$fpl$dcmpinf       fz_ws.l(dcmpi.o)
    0x080164c4   0x080164c4   0x000002b0   Code   RO         2166    x$fpl$ddiv          fz_ws.l(ddiv.o)
    0x08016774   0x08016774   0x00000078   Code   RO         2169    x$fpl$deqf          fz_ws.l(deqf.o)
    0x080167ec   0x080167ec   0x0000005e   Code   RO         2171    x$fpl$dfix          fz_ws.l(dfix.o)
    0x0801684a   0x0801684a   0x00000002   PAD
    0x0801684c   0x0801684c   0x0000005a   Code   RO         2179    x$fpl$dfixu         fz_ws.l(dfixu.o)
    0x080168a6   0x080168a6   0x0000002e   Code   RO         2184    x$fpl$dflt          fz_ws.l(dflt_clz.o)
    0x080168d4   0x080168d4   0x000000a2   Code   RO         2189    x$fpl$dfltll        fz_ws.l(dfltll_clz.o)
    0x08016976   0x08016976   0x00000026   Code   RO         2183    x$fpl$dfltu         fz_ws.l(dflt_clz.o)
    0x0801699c   0x0801699c   0x00000078   Code   RO         2193    x$fpl$dleqf         fz_ws.l(dleqf.o)
    0x08016a14   0x08016a14   0x00000154   Code   RO         2195    x$fpl$dmul          fz_ws.l(dmul.o)
    0x08016b68   0x08016b68   0x0000009c   Code   RO         2263    x$fpl$dnaninf       fz_ws.l(dnaninf.o)
    0x08016c04   0x08016c04   0x0000000c   Code   RO         2265    x$fpl$dretinf       fz_ws.l(dretinf.o)
    0x08016c10   0x08016c10   0x0000006c   Code   RO         2197    x$fpl$drleqf        fz_ws.l(drleqf.o)
    0x08016c7c   0x08016c7c   0x00000016   Code   RO         2160    x$fpl$drsb          fz_ws.l(daddsub_clz.o)
    0x08016c92   0x08016c92   0x00000002   PAD
    0x08016c94   0x08016c94   0x000001d4   Code   RO         2161    x$fpl$dsub          fz_ws.l(daddsub_clz.o)
    0x08016e68   0x08016e68   0x00000056   Code   RO         2199    x$fpl$f2d           fz_ws.l(f2d.o)
    0x08016ebe   0x08016ebe   0x00000002   PAD
    0x08016ec0   0x08016ec0   0x000000c4   Code   RO         2201    x$fpl$fadd          fz_ws.l(faddsub_clz.o)
    0x08016f84   0x08016f84   0x00000018   Code   RO         2267    x$fpl$fcmpinf       fz_ws.l(fcmpi.o)
    0x08016f9c   0x08016f9c   0x00000184   Code   RO         2208    x$fpl$fdiv          fz_ws.l(fdiv.o)
    0x08017120   0x08017120   0x00000068   Code   RO         2211    x$fpl$feqf          fz_ws.l(feqf.o)
    0x08017188   0x08017188   0x00000036   Code   RO         2213    x$fpl$ffix          fz_ws.l(ffix.o)
    0x080171be   0x080171be   0x00000002   PAD
    0x080171c0   0x080171c0   0x0000003e   Code   RO         2217    x$fpl$ffixu         fz_ws.l(ffixu.o)
    0x080171fe   0x080171fe   0x00000002   PAD
    0x08017200   0x08017200   0x00000030   Code   RO         2222    x$fpl$fflt          fz_ws.l(fflt_clz.o)
    0x08017230   0x08017230   0x00000060   Code   RO         2227    x$fpl$ffltll        fz_ws.l(ffltll_clz.o)
    0x08017290   0x08017290   0x00000026   Code   RO         2221    x$fpl$ffltu         fz_ws.l(fflt_clz.o)
    0x080172b6   0x080172b6   0x00000002   PAD
    0x080172b8   0x080172b8   0x00000068   Code   RO         2229    x$fpl$fleqf         fz_ws.l(fleqf.o)
    0x08017320   0x08017320   0x00000102   Code   RO         2231    x$fpl$fmul          fz_ws.l(fmul.o)
    0x08017422   0x08017422   0x0000008c   Code   RO         2269    x$fpl$fnaninf       fz_ws.l(fnaninf.o)
    0x080174ae   0x080174ae   0x0000000a   Code   RO         2271    x$fpl$fretinf       fz_ws.l(fretinf.o)
    0x080174b8   0x080174b8   0x00000062   Code   RO         2233    x$fpl$frleqf        fz_ws.l(frleqf.o)
    0x0801751a   0x0801751a   0x00000014   Code   RO         2202    x$fpl$frsb          fz_ws.l(faddsub_clz.o)
    0x0801752e   0x0801752e   0x00000002   PAD
    0x08017530   0x08017530   0x000000ea   Code   RO         2203    x$fpl$fsub          fz_ws.l(faddsub_clz.o)
    0x0801761a   0x0801761a   0x00000002   PAD
    0x0801761c   0x0801761c   0x000000c2   Code   RO         2175    x$fpl$llsfromd      fz_ws.l(dfixll.o)
    0x080176de   0x080176de   0x00000000   Code   RO         2273    x$fpl$usenofp       fz_ws.l(usenofp.o)
    0x080176de   0x080176de   0x00000018   Data   RO          513    .constdata          rtc.o
    0x080176f6   0x080176f6   0x00000948   Data   RO          570    .constdata          gui.o
    0x0801803e   0x0801803e   0x00000002   PAD
    0x08018040   0x08018040   0x00000060   Data   RO          681    .constdata          button_1.o
    0x080180a0   0x080180a0   0x000000c0   Data   RO          778    .constdata          check_button.o
    0x08018160   0x08018160   0x00000060   Data   RO          818    .constdata          dialog.o
    0x080181c0   0x080181c0   0x0000048c   Data   RO          891    .constdata          enums.o
    0x0801864c   0x0801864c   0x00000060   Data   RO          947    .constdata          group_box.o
    0x080186ac   0x080186ac   0x00000060   Data   RO          965    .constdata          image.o
    0x0801870c   0x0801870c   0x00000060   Data   RO          998    .constdata          label.o
    0x0801876c   0x0801876c   0x00000060   Data   RO         1056    .constdata          progress_bar.o
    0x080187cc   0x080187cc   0x00000104   Data   RO         1101    .constdata          utf8.o
    0x080188d0   0x080188d0   0x00000060   Data   RO         1143    .constdata          widget_vtable.o
    0x08018930   0x08018930   0x00000060   Data   RO         1181    .constdata          window.o
    0x08018990   0x08018990   0x00000086   Data   RO         1199    .constdata          window_manager.o
    0x08018a16   0x08018a16   0x00000002   PAD
    0x08018a18   0x08018a18   0x00000458   Data   RO         1254    .constdata          utils.o
    0x08018e70   0x08018e70   0x00000060   Data   RO         1348    .constdata          slider.o
    0x08018ed0   0x08018ed0   0x00000060   Data   RO         1534    .constdata          pages.o
    0x08018f30   0x08018f30   0x00000060   Data   RO         1550    .constdata          edit.o
    0x08018f90   0x08018f90   0x00000060   Data   RO         1567    .constdata          view.o
    0x08018ff0   0x08018ff0   0x00000154   Data   RO         1600    .constdata          widget_factory.o
    0x08019144   0x08019144   0x00000060   Data   RO         1773    .constdata          spin_box.o
    0x080191a4   0x080191a4   0x00000060   Data   RO         1792    .constdata          dragger.o
    0x08019204   0x08019204   0x00000060   Data   RO         1811    .constdata          dialog_client.o
    0x08019264   0x08019264   0x00000060   Data   RO         1826    .constdata          dialog_title.o
    0x080192c4   0x080192c4   0x0001a29d   Data   RO         2024    .constdata          resource-mini.o
    0x08033561   0x08033561   0x00000003   PAD
    0x08033564   0x08033564   0x0000000f   Data   RO          682    .conststring        button_1.o
    0x08033573   0x08033573   0x00000001   PAD
    0x08033574   0x08033574   0x00000025   Data   RO          779    .conststring        check_button.o
    0x08033599   0x08033599   0x00000003   PAD
    0x0803359c   0x0803359c   0x00000023   Data   RO          819    .conststring        dialog.o
    0x080335bf   0x080335bf   0x00000001   PAD
    0x080335c0   0x080335c0   0x0000037a   Data   RO          892    .conststring        enums.o
    0x0803393a   0x0803393a   0x00000002   PAD
    0x0803393c   0x0803393c   0x0000000a   Data   RO          966    .conststring        image.o
    0x08033946   0x08033946   0x00000002   PAD
    0x08033948   0x08033948   0x00000016   Data   RO         1057    .conststring        progress_bar.o
    0x0803395e   0x0803395e   0x00000002   PAD
    0x08033960   0x08033960   0x00000010   Data   RO         1349    .conststring        slider.o
    0x08033970   0x08033970   0x00000061   Data   RO         1551    .conststring        edit.o
    0x080339d1   0x080339d1   0x00000003   PAD
    0x080339d4   0x080339d4   0x0000001e   Data   RO         1793    .conststring        dragger.o
    0x080339f2   0x080339f2   0x00000002   PAD
    0x080339f4   0x080339f4   0x00000020   Data   RO         2436    Region$$Table       anon$$obj.o
    0x08033a14   0x08033a14   0x00000110   Data   RO         2256    locale$$data        c_w.l(lc_ctype_c.o)


    Execution Region RW_IRAM1 (Exec base: 0x20000000, Load base: 0x08033b24, Size: 0x00003a08, Max: 0x00010000, ABSOLUTE, COMPRESSED[0x00000164])

    Exec Addr    Load Addr    Size         Type   Attr      Idx    E Section Name        Object

    0x20000000   COMPRESSED   0x00000014   Data   RW          105    .data               system_stm32f10x.o
    0x20000014   COMPRESSED   0x00000006   Data   RW          218    .data               usart.o
    0x2000001a   COMPRESSED   0x00000014   Data   RW          282    .data               stm32f10x_rcc.o
    0x2000002e   COMPRESSED   0x00000001   Data   RW          452    .data               led.o
    0x2000002f   COMPRESSED   0x00000001   Data   RW          480    .data               button.o
    0x20000030   COMPRESSED   0x00000004   Data   RW          493    .data               tim.o
    0x20000034   COMPRESSED   0x0000000a   Data   RW          514    .data               rtc.o
    0x2000003e   COMPRESSED   0x00000008   Data   RW          537    .data               touch.o
    0x20000046   COMPRESSED   0x00000002   PAD
    0x20000048   COMPRESSED   0x00000008   Data   RW          683    .data               button_1.o
    0x20000050   COMPRESSED   0x00000008   Data   RW          780    .data               check_button.o
    0x20000058   COMPRESSED   0x00000010   Data   RW          820    .data               dialog.o
    0x20000068   COMPRESSED   0x00000004   Data   RW          933    .data               font_manager.o
    0x2000006c   COMPRESSED   0x0000000c   Data   RW          967    .data               image.o
    0x20000078   COMPRESSED   0x00000004   Data   RW          984    .data               image_manager.o
    0x2000007c   COMPRESSED   0x00000004   Data   RW         1025    .data               main_loop.o
    0x20000080   COMPRESSED   0x00000010   Data   RW         1058    .data               progress_bar.o
    0x20000090   COMPRESSED   0x00000004   Data   RW         1087    .data               theme.o
    0x20000094   COMPRESSED   0x00000004   Data   RW         1201    .data               window_manager.o
    0x20000098   COMPRESSED   0x000000f1   Data   RW         1255    .data               utils.o
    0x20000189   COMPRESSED   0x00000003   PAD
    0x2000018c   COMPRESSED   0x00000004   Data   RW         1290    .data               timer.o
    0x20000190   COMPRESSED   0x00000004   Data   RW         1304    .data               resource_manager.o
    0x20000194   COMPRESSED   0x00000018   Data   RW         1350    .data               slider.o
    0x200001ac   COMPRESSED   0x00000004   Data   RW         1391    .data               idle.o
    0x200001b0   COMPRESSED   0x00000004   Data   RW         1461    .data               locale.o
    0x200001b4   COMPRESSED   0x00000008   Data   RW         1536    .data               pages.o
    0x200001bc   COMPRESSED   0x00000034   Data   RW         1552    .data               edit.o
    0x200001f0   COMPRESSED   0x00000004   Data   RW         1601    .data               widget_factory.o
    0x200001f4   COMPRESSED   0x00000004   Data   RW         1723    .data               input_method.o
    0x200001f8   COMPRESSED   0x00000014   Data   RW         1794    .data               dragger.o
    0x2000020c   COMPRESSED   0x00000004   Data   RW         1960    .data               mutex_null.o
    0x20000210   COMPRESSED   0x00000004   Data   RW         1977    .data               sys_tick.o
    0x20000214        -       0x000000c8   Zero   RW          217    .bss                usart.o
    0x200002dc        -       0x0000000a   Zero   RW          512    .bss                rtc.o
    0x200002e6   COMPRESSED   0x00000002   PAD
    0x200002e8        -       0x0000000c   Zero   RW          536    .bss                touch.o
    0x200002f4        -       0x00001000   Zero   RW          591    .bss                flash.o
    0x200012f4        -       0x00000010   Zero   RW         1042    .bss                mem.o
    0x20001304        -       0x00000014   Zero   RW         1417    .bss                system_info.o
    0x20001318        -       0x0000008c   Zero   RW         1493    .bss                main_loop_simple.o
    0x200013a4        -       0x00002000   Zero   RW         1946    .bss                platform.o
    0x200033a4        -       0x00000060   Zero   RW         2275    .bss                c_w.l(libspace.o)
    0x20003404   COMPRESSED   0x00000004   PAD
    0x20003408        -       0x00000200   Zero   RW          251    HEAP                startup_stm32f10x_hd.o
    0x20003608        -       0x00000400   Zero   RW          250    STACK               startup_stm32f10x_hd.o


==============================================================================

Image component sizes


      Code (inc. data)   RO Data    RW Data    ZI Data      Debug   Object Name

       634          0          0          0          0      13395   array.o
       162          0          0          0          0       3507   bitmap.o
       256         12          0          1          0        850   button.o
       572         18        111          8          0      24706   button_1.o
     10254         82          0          0          0      31122   canvas.o
       584         16        229          8          0       5807   check_button.o
        24          0          0          0          0        641   color.o
         0          0          0          0          0         32   core_cm3.o
       534          0          0          0          0       3861   custom_props.o
      1336        248          0          0          0       3491   demo1_app.o
        30          0          0          0          0        600   demo_main.o
       948         96        131         16          0      12735   dialog.o
       120         12         96          0          0       1719   dialog_client.o
       112         12         96          0          0       1758   dialog_title.o
       896         46        126         20          0       4647   dragger.o
      4740        190        193         52          0      16049   edit.o
       634          0          0          0          0       8406   emitter.o
       328         32       2054          0          0       9263   enums.o
       330          0          0          0          0       2992   event_queue.o
       208          0          0          0          0       2505   events.o
       924         12          0          0       4096       3305   flash.o
        94          0          0          0          0       1250   font.o
       316         12          0          0          0       3686   font_bitmap.o
       256         14          0          4          0       3238   font_manager.o
       104          4         96          0          0       2015   group_box.o
      1072         12       2376          0          0       5635   gui.o
       744         12          0          4          0       6267   idle.o
       744         32        106         12          0       4440   image.o
        44          0          0          0          0       1060   image_loader.o
       716         12          0          4          0       5665   image_manager.o
       128          0          0          0          0       1038   input_engine.o
       532         10          0          4          0       4472   input_method.o
        76          4          0          0          0       1047   input_method_null.o
         0          0          0          0          0        396   keyboard.o
        96          4         96          0          0       1603   label.o
      2400         40          0          0          0       7753   layout.o
       930          0          0          0          0       8160   lcd.o
       696         18          0          0          0       2092   lcd_driver.o
      1336         36          0          0          0       6505   lcd_stm32_raw.o
       164         10          0          1          0        739   led.o
       596         22          0          4          0       5141   locale.o
        68          0          0          0          0     205271   main.o
       276          6          0          4          0       3124   main_loop.o
       676         14          0          0        140       4961   main_loop_simple.o
       216         16          0          0          0      17501   main_loop_stm32_raw.o
       868          6          0          0         16       4959   mem.o
       220         22          0          0          0       1825   misc.o
        28          6          0          4          0       1993   mutex_null.o
       484         22         96          8          0       3769   pages.o
       100         12          0          0       8192       1236   platform.o
      1228         38        118         16          0       5154   progress_bar.o
       576          0          0          0          0       3005   rect.o
       412        132     107165          0          0      11873   resource-mini.o
       528         14          0          4          0       5686   resource_manager.o
      1120         66         24         10         10       4387   rtc.o
      2156         50        112         24          0       7199   slider.o
       476         16          0          0          0       1828   spi.o
       316         70         96          0          0       2055   spin_box.o
        64         26        304          0       1536        812   startup_stm32f10x_hd.o
       196          8          0          0          0       3520   stm32f10x_bkp.o
      1548         18          0          0          0       5399   stm32f10x_fsmc.o
       860         38          0          0          0       5757   stm32f10x_gpio.o
        24          0          0          0          0      64030   stm32f10x_it.o
       204         14          0          0          0       1967   stm32f10x_pwr.o
       932         36          0         20          0       8944   stm32f10x_rcc.o
       328          4          0          0          0       2734   stm32f10x_rtc.o
       780         14          0          0          0       6638   stm32f10x_spi.o
      3610         88          0          0          0      22864   stm32f10x_tim.o
      1032         22          0          0          0       8480   stm32f10x_usart.o
      1674         44          0          0          0       9941   str.o
        76          6          0          4          0       1761   sys_tick.o
         8          4          0          0         20       1006   system_info.o
       480         38          0         20          0       1775   system_stm32f10x.o
       480         14          0          4          0       3288   theme.o
       572         24          0          4          0       1965   tim.o
        24          0          0          0          0        617   time.o
       948         14          0          4          0       7756   timer.o
       656         16          0          0          0       3706   tk.o
       390          0          0          0          0       3276   tokenizer.o
      1088         38          0          8         12       4326   touch.o
       296         16          0          6        200       3210   usart.o
       772          4        260          0          0       5513   utf8.o
     10732        208       1112        241          0      26177   utils.o
      1560         68          0          0          0       8908   value.o
        84          4         96          0          0       1698   view.o
      7308        122          0          0          0      32302   widget.o
       436          8        340          4          0      12196   widget_factory.o
       720         22         96          0          0      20957   widget_vtable.o
       528         34         96          0          0       3493   window.o
       312          0          0          0          0       1961   window_animator.o
        16          0          0          0          0       1475   window_animator_null.o
      2764         68        134          4          0      15932   window_manager.o
      1668         18          0          0          0       9254   wstr.o

    ----------------------------------------------------------------------
     87610       2546     115814        532      14224     823057   Object Totals
         0          0         32          0          0          0   (incl. Generated)
        22          0         23          5          2          0   (incl. Padding)

    ----------------------------------------------------------------------

      Code (inc. data)   RO Data    RW Data    ZI Data      Debug   Library Member Name

        90          0          0          0          0          0   __dczerorl2.o
         8          0          0          0          0         68   __main.o
       104          0          0          0          0         84   __printf.o
         0          0          0          0          0          0   __rtentry.o
        12          0          0          0          0          0   __rtentry2.o
         6          0          0          0          0          0   __rtentry4.o
        52          8          0          0          0          0   __scatter.o
        28          0          0          0          0          0   __scatter_zi.o
        48          6          0          0          0         96   _printf_char_common.o
        36          4          0          0          0         80   _printf_char_file.o
         6          0          0          0          0          0   _printf_d.o
       120         16          0          0          0         92   _printf_dec.o
       178          0          0          0          0         88   _printf_intcommon.o
         0          0          0          0          0          0   _printf_percent.o
         4          0          0          0          0          0   _printf_percent_end.o
        18          0          0          0          0         80   exit.o
         8          0          0          0          0         68   ferror.o
         6          0          0          0          0        152   heapauxi.o
        44         10        272          0          0         76   lc_ctype_c.o
         2          0          0          0          0          0   libinit.o
        20          0          0          0          0          0   libinit2.o
         2          0          0          0          0          0   libshutdown.o
         2          0          0          0          0          0   libshutdown2.o
         8          4          0          0         96         68   libspace.o
        72          0          0          0          0         76   llsdiv.o
       238          0          0          0          0        100   lludivv7m.o
        38          0          0          0          0         68   llushr.o
        88          0          0          0          0         76   memcmp.o
        24          4          0          0          0         84   noretval__2printf.o
        16          4          0          0          0         76   rt_ctype_table.o
         8          4          0          0          0         68   rt_locale_intlibspace.o
        68          0          0          0          0         68   rt_memclr.o
        78          0          0          0          0         80   rt_memclr_w.o
       138          0          0          0          0         68   rt_memcpy_v6.o
       100          0          0          0          0         80   rt_memcpy_w.o
       132          0          0          0          0         68   rt_memmove_v6.o
       122          0          0          0          0         80   rt_memmove_w.o
         2          0          0          0          0          0   rtexit.o
        10          0          0          0          0          0   rtexit2.o
        20          0          0          0          0         68   strchr.o
       128          0          0          0          0         68   strcmpv7m.o
        72          0          0          0          0         80   strcpy.o
        62          0          0          0          0         76   strlen.o
       150          0          0          0          0         80   strncmp.o
        86          0          0          0          0         76   strncpy.o
        22          0          0          0          0         68   strrchr.o
        36          0          0          0          0         80   strstr.o
        74          0          0          0          0         80   sys_stackheap_outer.o
        26          0          0          0          0         76   tolower.o
        30          0          0          0          0         76   toupper.o
         2          0          0          0          0         68   use_no_semi.o
         2          0          0          0          0         68   use_no_semi_2.o
        22          0          0          0          0         68   wcschr.o
        24          0          0          0          0         68   wcscmp.o
        18          0          0          0          0         68   wcscpy.o
        18          0          0          0          0         68   wcslen.o
        98          4          0          0          0         92   d2f.o
       826         16          0          0          0        348   daddsub_clz.o
        24          0          0          0          0         68   dcmpi.o
       688        140          0          0          0        208   ddiv.o
       120          4          0          0          0         92   deqf.o
        94          4          0          0          0         92   dfix.o
       194          4          0          0          0        116   dfixll.o
        90          4          0          0          0         92   dfixu.o
        84          0          0          0          0        136   dflt_clz.o
       162          0          0          0          0         84   dfltll_clz.o
       120          4          0          0          0         92   dleqf.o
       340         12          0          0          0        104   dmul.o
       156          4          0          0          0         92   dnaninf.o
        12          0          0          0          0         68   dretinf.o
       108          0          0          0          0         80   drleqf.o
        86          4          0          0          0         84   f2d.o
       450          8          0          0          0        236   faddsub_clz.o
        24          0          0          0          0         68   fcmpi.o
       388         76          0          0          0         96   fdiv.o
       104          4          0          0          0         84   feqf.o
        54          4          0          0          0         84   ffix.o
        62          4          0          0          0         84   ffixu.o
        86          0          0          0          0        136   fflt_clz.o
        96          0          0          0          0         84   ffltll_clz.o
       104          4          0          0          0         84   fleqf.o
       258          4          0          0          0         84   fmul.o
       140          4          0          0          0         84   fnaninf.o
        10          0          0          0          0         68   fretinf.o
        98          0          0          0          0         68   frleqf.o
         0          0          0          0          0          0   usenofp.o
       220         16          0          0          0         84   floor.o

    ----------------------------------------------------------------------
      8052        384        272          0        100       6372   Library Totals
        28          0          0          0          4          0   (incl. Padding)

    ----------------------------------------------------------------------

      Code (inc. data)   RO Data    RW Data    ZI Data      Debug   Library Name

      2728         60        272          0         96       3180   c_w.l
      5076        308          0          0          0       3108   fz_ws.l
       220         16          0          0          0         84   m_ws.l

    ----------------------------------------------------------------------
      8052        384        272          0        100       6372   Library Totals

    ----------------------------------------------------------------------

==============================================================================


      Code (inc. data)   RO Data    RW Data    ZI Data      Debug   

     95662       2930     116086        532      14324     817725   Grand Totals
     95662       2930     116086        356      14324     817725   ELF Image Totals (compressed)
     95662       2930     116086        356          0          0   ROM Totals

==============================================================================

    Total RO  Size (Code + RO Data)               211748 ( 206.79kB)
    Total RW  Size (RW Data + ZI Data)             14856 (  14.51kB)
    Total ROM Size (Code + RO Data + RW Data)     212104 ( 207.13kB)

==============================================================================

