Component: ARM Compiler 5.06 update 5 (build 528) Tool: armlink [4d35e2]

==============================================================================

Section Cross References

    system_stm32f10x.o(.text) refers to system_stm32f10x.o(.data) for SystemCoreClock
    main.o(.text) refers to misc.o(.text) for NVIC_PriorityGroupConfig
    main.o(.text) refers to platform.o(.text) for systick_init
    main.o(.text) refers to led.o(.text) for led_init
    main.o(.text) refers to button.o(.text) for button_init
    main.o(.text) refers to lcd_driver.o(.text) for TFT_Init
    main.o(.text) refers to flash.o(.text) for FLASH_Init
    main.o(.text) refers to touch.o(.text) for TOUCH_Init
    main.o(.text) refers to tim.o(.text) for TIM3_Init
    main.o(.text) refers to rtc.o(.text) for rtc_init
    main.o(.text) refers to demo_main.o(.text) for gui_app_start
    sys.o(.text) refers to misc.o(.text) for NVIC_PriorityGroupConfig
    usart.o(.text) refers (Special) to use_no_semi_2.o(.text) for __use_no_semihosting
    usart.o(.text) refers to stm32f10x_rcc.o(.text) for RCC_APB2PeriphClockCmd
    usart.o(.text) refers to stm32f10x_gpio.o(.text) for GPIO_Init
    usart.o(.text) refers to misc.o(.text) for NVIC_Init
    usart.o(.text) refers to stm32f10x_usart.o(.text) for USART_Init
    usart.o(.text) refers to usart.o(.data) for USART_RX_STA
    usart.o(.text) refers to usart.o(.bss) for USART_RX_BUF
    usart.o(.bss) refers (Special) to use_no_semi_2.o(.text) for __use_no_semihosting
    usart.o(.data) refers (Special) to use_no_semi_2.o(.text) for __use_no_semihosting
    startup_stm32f10x_hd.o(STACK) refers (Special) to heapauxi.o(.text) for __use_two_region_memory
    startup_stm32f10x_hd.o(HEAP) refers (Special) to heapauxi.o(.text) for __use_two_region_memory
    startup_stm32f10x_hd.o(RESET) refers (Special) to heapauxi.o(.text) for __use_two_region_memory
    startup_stm32f10x_hd.o(RESET) refers to startup_stm32f10x_hd.o(STACK) for __initial_sp
    startup_stm32f10x_hd.o(RESET) refers to startup_stm32f10x_hd.o(.text) for Reset_Handler
    startup_stm32f10x_hd.o(RESET) refers to stm32f10x_it.o(.text) for NMI_Handler
    startup_stm32f10x_hd.o(RESET) refers to sys_tick.o(.text) for SysTick_Handler
    startup_stm32f10x_hd.o(RESET) refers to rtc.o(.text) for RTC_IRQHandler
    startup_stm32f10x_hd.o(RESET) refers to main_loop_stm32_raw.o(.text) for TIM3_IRQHandler
    startup_stm32f10x_hd.o(RESET) refers to usart.o(.text) for USART1_IRQHandler
    startup_stm32f10x_hd.o(RESET) refers to tim.o(.text) for TIM5_IRQHandler
    startup_stm32f10x_hd.o(.text) refers (Special) to heapauxi.o(.text) for __use_two_region_memory
    startup_stm32f10x_hd.o(.text) refers to system_stm32f10x.o(.text) for SystemInit
    startup_stm32f10x_hd.o(.text) refers to __main.o(!!!main) for __main
    startup_stm32f10x_hd.o(.text) refers to startup_stm32f10x_hd.o(HEAP) for Heap_Mem
    startup_stm32f10x_hd.o(.text) refers to startup_stm32f10x_hd.o(STACK) for Stack_Mem
    stm32f10x_gpio.o(.text) refers to stm32f10x_rcc.o(.text) for RCC_APB2PeriphResetCmd
    stm32f10x_rcc.o(.text) refers to stm32f10x_rcc.o(.data) for APBAHBPrescTable
    stm32f10x_usart.o(.text) refers to stm32f10x_rcc.o(.text) for RCC_APB2PeriphResetCmd
    stm32f10x_wwdg.o(.text) refers to stm32f10x_rcc.o(.text) for RCC_APB1PeriphResetCmd
    stm32f10x_tim.o(.text) refers to stm32f10x_rcc.o(.text) for RCC_APB2PeriphResetCmd
    stm32f10x_bkp.o(.text) refers to stm32f10x_rcc.o(.text) for RCC_BackupResetCmd
    stm32f10x_pwr.o(.text) refers to stm32f10x_rcc.o(.text) for RCC_APB1PeriphResetCmd
    stm32f10x_spi.o(.text) refers to stm32f10x_rcc.o(.text) for RCC_APB2PeriphResetCmd
    led.o(.text) refers to stm32f10x_rcc.o(.text) for RCC_APB2PeriphClockCmd
    led.o(.text) refers to stm32f10x_gpio.o(.text) for GPIO_Init
    led.o(.text) refers to sys_tick.o(.text) for delay_ms
    led.o(.text) refers to led.o(.data) for i
    lcd_driver.o(.text) refers to stm32f10x_rcc.o(.text) for RCC_APB2PeriphClockCmd
    lcd_driver.o(.text) refers to stm32f10x_gpio.o(.text) for GPIO_Init
    lcd_driver.o(.text) refers to stm32f10x_fsmc.o(.text) for FSMC_NORSRAMInit
    button.o(.text) refers to stm32f10x_rcc.o(.text) for RCC_APB2PeriphClockCmd
    button.o(.text) refers to stm32f10x_gpio.o(.text) for GPIO_Init
    button.o(.text) refers to sys_tick.o(.text) for delay_ms
    button.o(.text) refers to button.o(.data) for key_up
    tim.o(.text) refers to stm32f10x_rcc.o(.text) for RCC_APB1PeriphClockCmd
    tim.o(.text) refers to stm32f10x_gpio.o(.text) for GPIO_Init
    tim.o(.text) refers to stm32f10x_tim.o(.text) for TIM_TimeBaseInit
    tim.o(.text) refers to misc.o(.text) for NVIC_Init
    tim.o(.text) refers to tim.o(.data) for TIM5CH1_CAPTURE_STA
    rtc.o(.text) refers to _printf_percent.o(.ARM.Collect$$_printf_percent$$00000000) for _printf_percent
[...]
    path_extname                             0x0801808d   Thumb Code    78  path.o(.text)
    path_dirname                             0x080180db   Thumb Code    88  path.o(.text)
    path_exist                               0x08018133   Thumb Code    18  path.o(.text)
    path_cwd                                 0x08018145   Thumb Code    18  path.o(.text)
    path_exe                                 0x08018157   Thumb Code    18  path.o(.text)
    path_normalize                           0x08018169   Thumb Code   192  path.o(.text)
    path_app_root                            0x08018229   Thumb Code    86  path.o(.text)
    path_build                               0x0801827f   Thumb Code   112  path.o(.text)
    path_abs                                 0x080182ef   Thumb Code    42  path.o(.text)
    path_replace_basename                    0x08018319   Thumb Code    66  path.o(.text)
    path_create                              0x0801835b   Thumb Code     6  path.o(.text)
    path_remove                              0x08018361   Thumb Code     6  path.o(.text)
    lcd_reg_create                           0x08018813   Thumb Code   110  lcd_stm32_raw.o(.text)
    platform_disaptch_input                  0x080188a5   Thumb Code     6  main_loop_stm32_raw.o(.text)
    TIM3_IRQHandler                          0x080188bb   Thumb Code    70  main_loop_stm32_raw.o(.text)
    main_loop_init                           0x08018949   Thumb Code    36  main_loop_stm32_raw.o(.text)
    systick_init                             0x0801897d   Thumb Code    72  platform.o(.text)
    platform_prepare                         0x080189c5   Thumb Code    16  platform.o(.text)
    tk_mutex_create                          0x080189e1   Thumb Code     4  mutex_null.o(.text)
    tk_mutex_lock                            0x080189e5   Thumb Code     6  mutex_null.o(.text)
    tk_mutex_unlock                          0x080189eb   Thumb Code     6  mutex_null.o(.text)
    tk_mutex_destroy                         0x080189f1   Thumb Code     6  mutex_null.o(.text)
    SysTick_Handler                          0x080189fd   Thumb Code    12  sys_tick.o(.text)
    get_time_ms                              0x08018a09   Thumb Code     6  sys_tick.o(.text)
    sleep_ms                                 0x08018a0f   Thumb Code    28  sys_tick.o(.text)
    delay_ms                                 0x08018a2b   Thumb Code    12  sys_tick.o(.text)
    delay_us                                 0x08018a37   Thumb Code    12  sys_tick.o(.text)
    os_fs                                    0x08018a49   Thumb Code     4  fs_os.o(.text)
    gui_app_start                            0x08018a4d   Thumb Code    38  demo_main.o(.text)
    application_init                         0x08018bd3   Thumb Code   738  demo1_app.o(.text)
    assets_init                              0x08018fad   Thumb Code   280  assets-mini.o(.text)
    __use_no_semihosting                     0x08019149   Thumb Code     2  use_no_semi_2.o(.text)
    __rt_ctype_table                         0x0801914d   Thumb Code    16  rt_ctype_table.o(.text)
    __aeabi_uldivmod                         0x0801915d   Thumb Code     0  lludivv7m.o(.text)
    _ll_udiv                                 0x0801915d   Thumb Code   238  lludivv7m.o(.text)
    __aeabi_llsr                             0x0801924b   Thumb Code     0  llushr.o(.text)
    _ll_ushift_r                             0x0801924b   Thumb Code    38  llushr.o(.text)
    __aeabi_ldivmod                          0x08019271   Thumb Code     0  llsdiv.o(.text)
    _ll_sdiv                                 0x08019271   Thumb Code    72  llsdiv.o(.text)
    tolower                                  0x080192b9   Thumb Code    26  tolower.o(.text)
    toupper                                  0x080192d3   Thumb Code    30  toupper.o(.text)
    __2printf                                0x080192f1   Thumb Code    20  noretval__2printf.o(.text)
    __printf                                 0x08019309   Thumb Code   104  __printf.o(.text)
    _printf_int_dec                          0x08019371   Thumb Code   104  _printf_dec.o(.text)
    vsscanf                                  0x080193e9   Thumb Code    44  vsscanf.o(.text)
    bsearch                                  0x0801941d   Thumb Code    80  bsearchnoex.o(.text)
    strchr                                   0x0801946d   Thumb Code    20  strchr.o(.text)
    strstr                                   0x08019481   Thumb Code    36  strstr.o(.text)
    memcmp                                   0x080194a5   Thumb Code    88  memcmp.o(.text)
    strcpy                                   0x080194fd   Thumb Code    72  strcpy.o(.text)
    strrchr                                  0x08019545   Thumb Code    22  strrchr.o(.text)
    strlen                                   0x0801955b   Thumb Code    62  strlen.o(.text)
    wcscpy                                   0x08019599   Thumb Code    18  wcscpy.o(.text)
    wcscmp                                   0x080195ab   Thumb Code    24  wcscmp.o(.text)
    wcschr                                   0x080195c3   Thumb Code    22  wcschr.o(.text)
    wcslen                                   0x080195d9   Thumb Code    18  wcslen.o(.text)
    strncmp                                  0x080195eb   Thumb Code   150  strncmp.o(.text)
    __aeabi_memcpy                           0x08019681   Thumb Code     0  rt_memcpy_v6.o(.text)
    __rt_memcpy                              0x08019681   Thumb Code   138  rt_memcpy_v6.o(.text)
    _memcpy_lastbytes                        0x080196e7   Thumb Code     0  rt_memcpy_v6.o(.text)
    __aeabi_memmove                          0x0801970b   Thumb Code     0  rt_memmove_v6.o(.text)
    __rt_memmove                             0x0801970b   Thumb Code   132  rt_memmove_v6.o(.text)
    __memmove_lastfew                        0x0801976b   Thumb Code     0  rt_memmove_v6.o(.text)
    __aeabi_memcpy4                          0x0801978f   Thumb Code     0  rt_memcpy_w.o(.text)
    __aeabi_memcpy8                          0x0801978f   Thumb Code     0  rt_memcpy_w.o(.text)
    __rt_memcpy_w                            0x0801978f   Thumb Code   100  rt_memcpy_w.o(.text)
    _memcpy_lastbytes_aligned                0x080197d7   Thumb Code     0  rt_memcpy_w.o(.text)
    __aeabi_memclr                           0x080197f3   Thumb Code     0  rt_memclr.o(.text)
    __rt_memclr                              0x080197f3   Thumb Code    68  rt_memclr.o(.text)
    _memset                                  0x080197f7   Thumb Code     0  rt_memclr.o(.text)
    __aeabi_memclr4                          0x08019837   Thumb Code     0  rt_memclr_w.o(.text)
    __aeabi_memclr8                          0x08019837   Thumb Code     0  rt_memclr_w.o(.text)
    __rt_memclr_w                            0x08019837   Thumb Code    78  rt_memclr_w.o(.text)
    _memset_w                                0x0801983b   Thumb Code     0  rt_memclr_w.o(.text)
    strncpy                                  0x08019885   Thumb Code    86  strncpy.o(.text)
    strcmp                                   0x080198dd   Thumb Code   128  strcmpv7m.o(.text)
    __use_two_region_memory                  0x0801995d   Thumb Code     2  heapauxi.o(.text)
    __rt_heap_escrow$2region                 0x0801995f   Thumb Code     2  heapauxi.o(.text)
    __rt_heap_expand$2region                 0x08019961   Thumb Code     2  heapauxi.o(.text)
    __I$use$semihosting                      0x08019963   Thumb Code     0  use_no_semi.o(.text)
    __use_no_semihosting_swi                 0x08019963   Thumb Code     2  use_no_semi.o(.text)
    __rt_locale                              0x08019965   Thumb Code     8  rt_locale_intlibspace.o(.text)
    __read_errno                             0x0801996d   Thumb Code    10  _rserrno.o(.text)
    __set_errno                              0x08019977   Thumb Code    12  _rserrno.o(.text)
    _printf_int_common                       0x08019983   Thumb Code   178  _printf_intcommon.o(.text)
    _printf_char_file                        0x08019a35   Thumb Code    32  _printf_char_file.o(.text)
    _scanf_longlong                          0x08019a59   Thumb Code   342  _scanf_longlong.o(.text)
    _scanf_int                               0x08019baf   Thumb Code   332  _scanf_int.o(.text)
    _scanf_string                            0x08019cfb   Thumb Code   224  _scanf_str.o(.text)
    __vfscanf_char                           0x08019de9   Thumb Code    24  scanf_char.o(.text)
    _sgetc                                   0x08019e09   Thumb Code    30  _sgetc.o(.text)
    _sbackspace                              0x08019e27   Thumb Code    34  _sgetc.o(.text)
    _scanf_mbtowc                            0x08019e49   Thumb Code   276  _scanf_mbtowc.o(.text)
    _scanf_wctomb                            0x08019f5d   Thumb Code   232  _scanf_wctomb.o(.text)
    _scanf_wstring                           0x0801a045   Thumb Code   208  _scanf_wstr.o(.text)
    __aeabi_memmove4                         0x0801a115   Thumb Code     0  rt_memmove_w.o(.text)
    __aeabi_memmove8                         0x0801a115   Thumb Code     0  rt_memmove_w.o(.text)
    __rt_memmove_w                           0x0801a115   Thumb Code   122  rt_memmove_w.o(.text)
    __memmove_aligned                        0x0801a13b   Thumb Code     0  rt_memmove_w.o(.text)
    __memmove_lastfew_aligned                0x0801a173   Thumb Code     0  rt_memmove_w.o(.text)
    __user_libspace                          0x0801a191   Thumb Code     8  libspace.o(.text)
    __user_perproc_libspace                  0x0801a191   Thumb Code     0  libspace.o(.text)
    __user_perthread_libspace                0x0801a191   Thumb Code     0  libspace.o(.text)
    __aeabi_errno_addr                       0x0801a199   Thumb Code     8  rt_errno_addr_intlibspace.o(.text)
    __errno$intlibspace                      0x0801a199   Thumb Code     0  rt_errno_addr_intlibspace.o(.text)
    __rt_errno_addr$intlibspace              0x0801a199   Thumb Code     0  rt_errno_addr_intlibspace.o(.text)
    isspace                                  0x0801a1a1   Thumb Code    18  isspace.o(.text)
    _printf_char_common                      0x0801a1bf   Thumb Code    32  _printf_char_common.o(.text)
    _chval                                   0x0801a1e5   Thumb Code    28  _chval.o(.text)
    __vfscanf                                0x0801a201   Thumb Code   878  _scanf.o(.text)
    _scanf_really_real                       0x0801a7c1   Thumb Code   684  scanf_fp.o(.text)
    _scanf_wcharmap                          0x0801aa6d   Thumb Code    30  _scanf_wcharmap.o(.text)
    ferror                                   0x0801aa8b   Thumb Code     8  ferror.o(.text)
    _mbrtowc                                 0x0801aa93   Thumb Code    60  _mbrtowc.o(.text)
    _wcrtomb                                 0x0801aacf   Thumb Code    64  _wcrtomb.o(.text)
    __user_setup_stackheap                   0x0801ab0f   Thumb Code    74  sys_stackheap_outer.o(.text)
    _btod_etento                             0x0801ab59   Thumb Code   224  bigflt0.o(.text)
    exit                                     0x0801ac3d   Thumb Code    18  exit.o(.text)
    _scanf_really_hex_real                   0x0801ac51   Thumb Code   786  scanf_hexfp.o(.text)
    _scanf_really_infnan                     0x0801af71   Thumb Code   292  scanf_infnan.o(.text)
    __aeabi_llsl                             0x0801b0a5   Thumb Code     0  llshl.o(.text)
    _ll_shift_l                              0x0801b0a5   Thumb Code    38  llshl.o(.text)
    __btod_div_common                        0x0801b0cb   Thumb Code   696  btod.o(CL$$btod_div_common)
    _e2d                                     0x0801b405   Thumb Code   122  btod.o(CL$$btod_e2d)
    _e2e                                     0x0801b489   Thumb Code   220  btod.o(CL$$btod_e2e)
    _btod_ediv                               0x0801b565   Thumb Code    42  btod.o(CL$$btod_ediv)
    _btod_edivd                              0x0801b58f   Thumb Code    42  btod.o(CL$$btod_edivd)
    _btod_emul                               0x0801b5b9   Thumb Code    42  btod.o(CL$$btod_emul)
    _btod_emuld                              0x0801b5e3   Thumb Code    42  btod.o(CL$$btod_emuld)
    __btod_mult_common                       0x0801b60d   Thumb Code   580  btod.o(CL$$btod_mult_common)
    __mathlib_dbl_overflow                   0x0801b851   Thumb Code    14  dunder.o(i.__mathlib_dbl_overflow)
    __mathlib_dbl_underflow                  0x0801b861   Thumb Code    10  dunder.o(i.__mathlib_dbl_underflow)
    __mathlib_narrow                         0x0801b871   Thumb Code    16  narrow.o(i.__mathlib_narrow)
    __mathlib_tofloat                        0x0801b881   Thumb Code   184  narrow.o(i.__mathlib_tofloat)
    __support_ldexp                          0x0801b93d   Thumb Code    22  ldexp.o(i.__support_ldexp)
    _is_digit                                0x0801b953   Thumb Code    14  __printf_wp.o(i._is_digit)
    floor                                    0x0801b961   Thumb Code   204  floor.o(i.floor)
    frexp                                    0x0801ba3d   Thumb Code    80  frexp.o(i.frexp)
    ldexp                                    0x0801ba95   Thumb Code   116  ldexp.o(i.ldexp)
    _get_lc_ctype                            0x0801bb09   Thumb Code    44  lc_ctype_c.o(locale$$code)
    _get_lc_numeric                          0x0801bb35   Thumb Code    44  lc_numeric_c.o(locale$$code)
    __aeabi_d2f                              0x0801bb61   Thumb Code     0  d2f.o(x$fpl$d2f)
    _d2f                                     0x0801bb61   Thumb Code    98  d2f.o(x$fpl$d2f)
    __aeabi_dadd                             0x0801bbc5   Thumb Code     0  daddsub_clz.o(x$fpl$dadd)
    _dadd                                    0x0801bbc5   Thumb Code   332  daddsub_clz.o(x$fpl$dadd)
    __fpl_dcheck_NaN1                        0x0801bd15   Thumb Code    10  dcheck1.o(x$fpl$dcheck1)
    __fpl_dcmp_Inf                           0x0801bd25   Thumb Code    24  dcmpi.o(x$fpl$dcmpinf)
    __aeabi_ddiv                             0x0801bd3d   Thumb Code     0  ddiv.o(x$fpl$ddiv)
    _ddiv                                    0x0801bd3d   Thumb Code   552  ddiv.o(x$fpl$ddiv)
    __aeabi_cdcmpeq                          0x0801bfed   Thumb Code     0  deqf.o(x$fpl$deqf)
    _dcmpeq                                  0x0801bfed   Thumb Code   120  deqf.o(x$fpl$deqf)
    __aeabi_d2iz                             0x0801c065   Thumb Code     0  dfix.o(x$fpl$dfix)
    _dfix                                    0x0801c065   Thumb Code    94  dfix.o(x$fpl$dfix)
    __aeabi_d2uiz                            0x0801c0c5   Thumb Code     0  dfixu.o(x$fpl$dfixu)
    _dfixu                                   0x0801c0c5   Thumb Code    90  dfixu.o(x$fpl$dfixu)
    __aeabi_i2d                              0x0801c11f   Thumb Code     0  dflt_clz.o(x$fpl$dflt)
    _dflt                                    0x0801c11f   Thumb Code    46  dflt_clz.o(x$fpl$dflt)
    __aeabi_l2d                              0x0801c14d   Thumb Code     0  dfltll_clz.o(x$fpl$dfltll)
    _ll_sto_d                                0x0801c14d   Thumb Code   162  dfltll_clz.o(x$fpl$dfltll)
    __aeabi_ui2d                             0x0801c1ef   Thumb Code     0  dflt_clz.o(x$fpl$dfltu)
    _dfltu                                   0x0801c1ef   Thumb Code    38  dflt_clz.o(x$fpl$dfltu)
    __aeabi_cdcmple                          0x0801c215   Thumb Code     0  dleqf.o(x$fpl$dleqf)
    _dcmple                                  0x0801c215   Thumb Code   120  dleqf.o(x$fpl$dleqf)
    __fpl_dcmple_InfNaN                      0x0801c277   Thumb Code     0  dleqf.o(x$fpl$dleqf)
    __aeabi_dmul                             0x0801c28d   Thumb Code     0  dmul.o(x$fpl$dmul)
    _dmul                                    0x0801c28d   Thumb Code   332  dmul.o(x$fpl$dmul)
    __fpl_dnaninf                            0x0801c3e1   Thumb Code   156  dnaninf.o(x$fpl$dnaninf)
    __fpl_dretinf                            0x0801c47d   Thumb Code    12  dretinf.o(x$fpl$dretinf)
    __aeabi_cdrcmple                         0x0801c489   Thumb Code     0  drleqf.o(x$fpl$drleqf)
    _drcmple                                 0x0801c489   Thumb Code   108  drleqf.o(x$fpl$drleqf)
    __aeabi_drsub                            0x0801c4f5   Thumb Code     0  daddsub_clz.o(x$fpl$drsb)
    _drsb                                    0x0801c4f5   Thumb Code    22  daddsub_clz.o(x$fpl$drsb)
    __aeabi_dsub                             0x0801c50d   Thumb Code     0  daddsub_clz.o(x$fpl$dsub)
    _dsub                                    0x0801c50d   Thumb Code   464  daddsub_clz.o(x$fpl$dsub)
    __aeabi_f2d                              0x0801c6e1   Thumb Code     0  f2d.o(x$fpl$f2d)
    _f2d                                     0x0801c6e1   Thumb Code    86  f2d.o(x$fpl$f2d)
    __aeabi_fadd                             0x0801c739   Thumb Code     0  faddsub_clz.o(x$fpl$fadd)
    _fadd                                    0x0801c739   Thumb Code   196  faddsub_clz.o(x$fpl$fadd)
    __fpl_fcmp_Inf                           0x0801c7fd   Thumb Code    24  fcmpi.o(x$fpl$fcmpinf)
    __aeabi_fdiv                             0x0801c815   Thumb Code     0  fdiv.o(x$fpl$fdiv)
    _fdiv                                    0x0801c815   Thumb Code   384  fdiv.o(x$fpl$fdiv)
    __aeabi_cfcmpeq                          0x0801c999   Thumb Code     0  feqf.o(x$fpl$feqf)
    _fcmpeq                                  0x0801c999   Thumb Code   104  feqf.o(x$fpl$feqf)
    __aeabi_f2iz                             0x0801ca01   Thumb Code     0  ffix.o(x$fpl$ffix)
    _ffix                                    0x0801ca01   Thumb Code    54  ffix.o(x$fpl$ffix)
    __aeabi_f2uiz                            0x0801ca39   Thumb Code     0  ffixu.o(x$fpl$ffixu)
    _ffixu                                   0x0801ca39   Thumb Code    62  ffixu.o(x$fpl$ffixu)
    __aeabi_i2f                              0x0801ca79   Thumb Code     0  fflt_clz.o(x$fpl$fflt)
    _fflt                                    0x0801ca79   Thumb Code    48  fflt_clz.o(x$fpl$fflt)
    __aeabi_ul2f                             0x0801caa9   Thumb Code     0  ffltll_clz.o(x$fpl$ffltll)
    _ll_uto_f                                0x0801caa9   Thumb Code     6  ffltll_clz.o(x$fpl$ffltll)
    __aeabi_l2f                              0x0801caaf   Thumb Code     0  ffltll_clz.o(x$fpl$ffltll)
    _ll_sto_f                                0x0801caaf   Thumb Code    90  ffltll_clz.o(x$fpl$ffltll)
    __aeabi_ui2f                             0x0801cb09   Thumb Code     0  fflt_clz.o(x$fpl$ffltu)
    _ffltu                                   0x0801cb09   Thumb Code    38  fflt_clz.o(x$fpl$ffltu)
    __aeabi_cfcmple                          0x0801cb31   Thumb Code     0  fleqf.o(x$fpl$fleqf)
    _fcmple                                  0x0801cb31   Thumb Code   104  fleqf.o(x$fpl$fleqf)
    __fpl_fcmple_InfNaN                      0x0801cb83   Thumb Code     0  fleqf.o(x$fpl$fleqf)
    __aeabi_fmul                             0x0801cb99   Thumb Code     0  fmul.o(x$fpl$fmul)
    _fmul                                    0x0801cb99   Thumb Code   258  fmul.o(x$fpl$fmul)
    __fpl_fnaninf                            0x0801cc9b   Thumb Code   140  fnaninf.o(x$fpl$fnaninf)
    __fpl_fretinf                            0x0801cd27   Thumb Code    10  fretinf.o(x$fpl$fretinf)
    __aeabi_cfrcmple                         0x0801cd31   Thumb Code     0  frleqf.o(x$fpl$frleqf)
    _frcmple                                 0x0801cd31   Thumb Code    98  frleqf.o(x$fpl$frleqf)
    __aeabi_frsub                            0x0801cd93   Thumb Code     0  faddsub_clz.o(x$fpl$frsb)
    _frsb                                    0x0801cd93   Thumb Code    20  faddsub_clz.o(x$fpl$frsb)
    __aeabi_fsub                             0x0801cda9   Thumb Code     0  faddsub_clz.o(x$fpl$fsub)
    _fsub                                    0x0801cda9   Thumb Code   234  faddsub_clz.o(x$fpl$fsub)
    __ieee_status                            0x0801ce93   Thumb Code     6  istatus.o(x$fpl$ieeestatus)
    __aeabi_d2lz                             0x0801ce99   Thumb Code     0  dfixll.o(x$fpl$llsfromd)
    _ll_sfrom_d                              0x0801ce99   Thumb Code   194  dfixll.o(x$fpl$llsfromd)
    __fpl_return_NaN                         0x0801cf5b   Thumb Code   100  retnan.o(x$fpl$retnan)
    __ARM_scalbn                             0x0801cfbf   Thumb Code    92  scalbn.o(x$fpl$scalbn)
    _scanf_real                              0x0801d01b   Thumb Code     4  scanf1.o(x$fpl$scanf1)
    _scanf_hex_real                          0x0801d01f   Thumb Code     4  scanf2.o(x$fpl$scanf2)
    _scanf_infnan                            0x0801d023   Thumb Code     4  scanf2.o(x$fpl$scanf2)
    __fpl_cmpreturn                          0x0801d027   Thumb Code    48  trapv.o(x$fpl$trapveneer)
    __I$use$fp                               0x0801d056   Number         0  usenofp.o(x$fpl$usenofp)
    table_week                               0x0801d056   Data          12  rtc.o(.constdata)
    mon_table                                0x0801d062   Data          12  rtc.o(.constdata)
    ASCII8x16                                0x0801d06e   Data        1536  gui.o(.constdata)
    tfont16                                  0x0801d66e   Data         480  gui.o(.constdata)
    tfont24                                  0x0801d84e   Data         360  gui.o(.constdata)
    g_utf8_skip                              0x0801e0c4   Data           4  utf8.o(.constdata)
    font_default                             0x0801eff0   Data       12590  assets-mini.o(.constdata)
    image_bricks                             0x0802211e   Data        7260  assets-mini.o(.constdata)
    image_checked                            0x08023d7a   Data        2364  assets-mini.o(.constdata)
    image_dialog_title                       0x080246b6   Data        7260  assets-mini.o(.constdata)
    image_earth                              0x08026312   Data        2364  assets-mini.o(.constdata)
    image_green_btn_n                        0x08026c4e   Data        3660  assets-mini.o(.constdata)
    image_green_btn_o                        0x08027a9a   Data        3660  assets-mini.o(.constdata)
    image_green_btn_p                        0x080288e6   Data        3660  assets-mini.o(.constdata)
    image_info                               0x08029732   Data        2364  assets-mini.o(.constdata)
    image_left_off                           0x0802a06e   Data        2364  assets-mini.o(.constdata)
    image_left_on                            0x0802a9aa   Data        2364  assets-mini.o(.constdata)
    image_middle_off                         0x0802b2e6   Data        2364  assets-mini.o(.constdata)
    image_middle_on                          0x0802bc22   Data        2364  assets-mini.o(.constdata)
    image_muted                              0x0802c55e   Data        2364  assets-mini.o(.constdata)
    image_question                           0x0802ce9a   Data        2364  assets-mini.o(.constdata)
    image_radio_checked                      0x0802d7d6   Data        2364  assets-mini.o(.constdata)
    image_radio_unchecked                    0x0802e112   Data        2364  assets-mini.o(.constdata)
    image_red_btn_n                          0x0802ea4e   Data        3660  assets-mini.o(.constdata)
    image_red_btn_o                          0x0802f89a   Data        3660  assets-mini.o(.constdata)
    image_red_btn_p                          0x080306e6   Data        3660  assets-mini.o(.constdata)
    image_right_off                          0x08031532   Data        2364  assets-mini.o(.constdata)
    image_right_on                           0x08031e6e   Data        2364  assets-mini.o(.constdata)
    image_slider_bg                          0x080327aa   Data        1020  assets-mini.o(.constdata)
    image_slider_drag                        0x08032ba6   Data        3196  assets-mini.o(.constdata)
    image_slider_drag_o                      0x08033822   Data        3196  assets-mini.o(.constdata)
    image_slider_drag_p                      0x0803449e   Data        3196  assets-mini.o(.constdata)
    image_slider_fg                          0x0803511a   Data        1020  assets-mini.o(.constdata)
    image_slider_v_bg                        0x08035516   Data        1020  assets-mini.o(.constdata)
    image_slider_v_fg                        0x08035912   Data        1020  assets-mini.o(.constdata)
    image_unchecked                          0x08035d0e   Data        2364  assets-mini.o(.constdata)
    image_unmuted                            0x0803664a   Data        2364  assets-mini.o(.constdata)
    image_warn                               0x08036f86   Data        2364  assets-mini.o(.constdata)
    style_default                            0x080378c2   Data       16114  assets-mini.o(.constdata)
    Region$$Table$$Base                      0x0803c7c4   Number         0  anon$$obj.o(Region$$Table)
    Region$$Table$$Limit                     0x0803c7e4   Number         0  anon$$obj.o(Region$$Table)
    __aeabi_HUGE_VAL                         0x0803c7e4   Data           0  fpconst.o(c$$dinf)
    __aeabi_HUGE_VALL                        0x0803c7e4   Data           0  fpconst.o(c$$dinf)
    __aeabi_INFINITY                         0x0803c7e4   Data           0  fpconst.o(c$$dinf)
    __dInf                                   0x0803c7e4   Data           0  fpconst.o(c$$dinf)
    __huge_val                               0x0803c7e4   Data           0  fpconst.o(c$$dinf)
    __dbl_max                                0x0803c7ec   Data           0  fpconst.o(c$$dmax)
    __ctype                                  0x0803c801   Data           0  lc_ctype_c.o(locale$$data)
    SystemCoreClock                          0x20000000   Data           4  system_stm32f10x.o(.data)
    AHBPrescTable                            0x20000004   Data          16  system_stm32f10x.o(.data)
    __stdout                                 0x20000014   Data           4  usart.o(.data)
    USART_RX_STA                             0x20000018   Data           2  usart.o(.data)
    TIM5CH1_CAPTURE_STA                      0x20000030   Data           1  tim.o(.data)
    TIM5CH1_CAPTURE_VAL                      0x20000032   Data           2  tim.o(.data)
    rtc_data                                 0x20000034   Data           7  rtc.o(.data)
    rtc_bit                                  0x2000003b   Data           1  rtc.o(.data)
    TouchData                                0x2000003e   Data           8  touch.o(.data)
    s_edit_properties                        0x200001d0   Data          56  edit.o(.data)
    s_combo_box_properties                   0x20000684   Data          60  combo_box.o(.data)
    USART_RX_BUF                             0x200006fc   Data         200  usart.o(.bss)
    calendar                                 0x200007c4   Data          10  rtc.o(.bss)
    __libspace_start                         0x200038b8   Data          96  libspace.o(.bss)
    __temporary_stack_top$libspace           0x20003918   Data           0  libspace.o(.bss)



==============================================================================

Memory Map of the image

  Image Entry point : 0x08000131

  Load Region LR_IROM1 (Base: 0x08000000, Size: 0x0003d01c, Max: 0x00080000, ABSOLUTE, COMPRESSED[0x0003cdec])

    Execution Region ER_IROM1 (Exec base: 0x08000000, Load base: 0x08000000, Size: 0x0003c920, Max: 0x00080000, ABSOLUTE)

    Exec Addr    Load Addr    Size         Type   Attr      Idx    E Section Name        Object

    0x08000000   0x08000000   0x00000130   Data   RO          252    RESET               startup_stm32f10x_hd.o
    0x08000130   0x08000130   0x00000008   Code   RO         2750  * !!!main             c_w.l(__main.o)
    0x08000138   0x08000138   0x00000034   Code   RO         3219    !!!scatter          c_w.l(__scatter.o)
    0x0800016c   0x0800016c   0x00000064   Code   RO         3217    !!dclz77c           c_w.l(__dclz77c.o)
    0x080001d0   0x080001d0   0x0000001c   Code   RO         3221    !!handler_zi        c_w.l(__scatter_zi.o)
    0x080001ec   0x080001ec   0x00000000   Code   RO         2707    .ARM.Collect$$_printf_percent$$00000000  c_w.l(_printf_percent.o)
    0x080001ec   0x080001ec   0x00000006   Code   RO         2706    .ARM.Collect$$_printf_percent$$00000009  c_w.l(_printf_d.o)
    0x080001f2   0x080001f2   0x00000004   Code   RO         2886    .ARM.Collect$$_printf_percent$$00000017  c_w.l(_printf_percent_end.o)
    0x080001f6   0x080001f6   0x00000002   Code   RO         3097    .ARM.Collect$$libinit$$00000000  c_w.l(libinit.o)
    0x080001f8   0x080001f8   0x00000000   Code   RO         3006    .ARM.Collect$$libinit$$00000002  c_w.l(libinit2.o)
    0x080001f8   0x080001f8   0x00000000   Code   RO         3008    .ARM.Collect$$libinit$$00000004  c_w.l(libinit2.o)
    0x080001f8   0x080001f8   0x00000000   Code   RO         3011    .ARM.Collect$$libinit$$0000000A  c_w.l(libinit2.o)
    0x080001f8   0x080001f8   0x00000000   Code   RO         3013    .ARM.Collect$$libinit$$0000000C  c_w.l(libinit2.o)
    0x080001f8   0x080001f8   0x00000000   Code   RO         3015    .ARM.Collect$$libinit$$0000000E  c_w.l(libinit2.o)
    0x080001f8   0x080001f8   0x00000006   Code   RO         3016    .ARM.Collect$$libinit$$0000000F  c_w.l(libinit2.o)
    0x080001fe   0x080001fe   0x00000000   Code   RO         3018    .ARM.Collect$$libinit$$00000011  c_w.l(libinit2.o)
    0x080001fe   0x080001fe   0x0000000c   Code   RO         3019    .ARM.Collect$$libinit$$00000012  c_w.l(libinit2.o)
    0x0800020a   0x0800020a   0x00000000   Code   RO         3020    .ARM.Collect$$libinit$$00000013  c_w.l(libinit2.o)
    0x0800020a   0x0800020a   0x00000000   Code   RO         3022    .ARM.Collect$$libinit$$00000015  c_w.l(libinit2.o)
    0x0800020a   0x0800020a   0x0000000a   Code   RO         3023    .ARM.Collect$$libinit$$00000016  c_w.l(libinit2.o)
    0x08000214   0x08000214   0x00000000   Code   RO         3024    .ARM.Collect$$libinit$$00000017  c_w.l(libinit2.o)
    0x08000214   0x08000214   0x00000000   Code   RO         3026    .ARM.Collect$$libinit$$00000019  c_w.l(libinit2.o)
    0x08000214   0x08000214   0x00000000   Code   RO         3028    .ARM.Collect$$libinit$$0000001B  c_w.l(libinit2.o)
    0x08000214   0x08000214   0x00000000   Code   RO         3030    .ARM.Collect$$libinit$$0000001D  c_w.l(libinit2.o)
    0x08000214   0x08000214   0x00000000   Code   RO         3032    .ARM.Collect$$libinit$$0000001F  c_w.l(libinit2.o)
    0x08000214   0x08000214   0x00000000   Code   RO         3034    .ARM.Collect$$libinit$$00000021  c_w.l(libinit2.o)
    0x08000214   0x08000214   0x00000000   Code   RO         3036    .ARM.Collect$$libinit$$00000023  c_w.l(libinit2.o)
    0x08000214   0x08000214   0x00000000   Code   RO         3038    .ARM.Collect$$libinit$$00000025  c_w.l(libinit2.o)
    0x08000214   0x08000214   0x00000000   Code   RO         3042    .ARM.Collect$$libinit$$0000002C  c_w.l(libinit2.o)
    0x08000214   0x08000214   0x00000000   Code   RO         3044    .ARM.Collect$$libinit$$0000002E  c_w.l(libinit2.o)
    0x08000214   0x08000214   0x00000000   Code   RO         3046    .ARM.Collect$$libinit$$00000030  c_w.l(libinit2.o)
    0x08000214   0x08000214   0x00000000   Code   RO         3048    .ARM.Collect$$libinit$$00000032  c_w.l(libinit2.o)
    0x08000214   0x08000214   0x00000002   Code   RO         3049    .ARM.Collect$$libinit$$00000033  c_w.l(libinit2.o)
    0x08000216   0x08000216   0x00000002   Code   RO         3184    .ARM.Collect$$libshutdown$$00000000  c_w.l(libshutdown.o)
    0x08000218   0x08000218   0x00000000   Code   RO         3200    .ARM.Collect$$libshutdown$$00000002  c_w.l(libshutdown2.o)
    0x08000218   0x08000218   0x00000000   Code   RO         3202    .ARM.Collect$$libshutdown$$00000004  c_w.l(libshutdown2.o)
    0x08000218   0x08000218   0x00000000   Code   RO         3205    .ARM.Collect$$libshutdown$$00000007  c_w.l(libshutdown2.o)
    0x08000218   0x08000218   0x00000000   Code   RO         3208    .ARM.Collect$$libshutdown$$0000000A  c_w.l(libshutdown2.o)
    0x08000218   0x08000218   0x00000000   Code   RO         3210    .ARM.Collect$$libshutdown$$0000000C  c_w.l(libshutdown2.o)
    0x08000218   0x08000218   0x00000000   Code   RO         3213    .ARM.Collect$$libshutdown$$0000000F  c_w.l(libshutdown2.o)
    0x08000218   0x08000218   0x00000002   Code   RO         3214    .ARM.Collect$$libshutdown$$00000010  c_w.l(libshutdown2.o)
    0x0800021a   0x0800021a   0x00000000   Code   RO         2870    .ARM.Collect$$rtentry$$00000000  c_w.l(__rtentry.o)
    0x0800021a   0x0800021a   0x00000000   Code   RO         2964    .ARM.Collect$$rtentry$$00000002  c_w.l(__rtentry2.o)
    0x0800021a   0x0800021a   0x00000006   Code   RO         2976    .ARM.Collect$$rtentry$$00000004  c_w.l(__rtentry4.o)
    0x08000220   0x08000220   0x00000000   Code   RO         2966    .ARM.Collect$$rtentry$$00000009  c_w.l(__rtentry2.o)
    0x08000220   0x08000220   0x00000004   Code   RO         2967    .ARM.Collect$$rtentry$$0000000A  c_w.l(__rtentry2.o)
    0x08000224   0x08000224   0x00000000   Code   RO         2969    .ARM.Collect$$rtentry$$0000000C  c_w.l(__rtentry2.o)
    0x08000224   0x08000224   0x00000008   Code   RO         2970    .ARM.Collect$$rtentry$$0000000D  c_w.l(__rtentry2.o)
    0x0800022c   0x0800022c   0x00000002   Code   RO         3120    .ARM.Collect$$rtexit$$00000000  c_w.l(rtexit.o)
    0x0800022e   0x0800022e   0x00000000   Code   RO         3145    .ARM.Collect$$rtexit$$00000002  c_w.l(rtexit2.o)
    0x0800022e   0x0800022e   0x00000004   Code   RO         3146    .ARM.Collect$$rtexit$$00000003  c_w.l(rtexit2.o)
    0x08000232   0x08000232   0x00000006   Code   RO         3147    .ARM.Collect$$rtexit$$00000004  c_w.l(rtexit2.o)
    0x08000238   0x08000238   0x00000018   Code   RO            1    .text               stm32f10x_it.o
    0x08000250   0x08000250   0x000001e0   Code   RO          104    .text               system_stm32f10x.o
    0x08000430   0x08000430   0x00000044   Code   RO          122    .text               main.o
    0x08000474   0x08000474   0x00000128   Code   RO          216    .text               usart.o
    0x0800059c   0x0800059c   0x00000040   Code   RO          253    .text               startup_stm32f10x_hd.o
    0x080005dc   0x080005dc   0x000000dc   Code   RO          257    .text               misc.o
    0x080006b8   0x080006b8   0x0000035c   Code   RO          269    .text               stm32f10x_gpio.o
    0x08000a14   0x08000a14   0x000003a4   Code   RO          281    .text               stm32f10x_rcc.o
    0x08000db8   0x08000db8   0x00000408   Code   RO          295    .text               stm32f10x_usart.o
    0x080011c0   0x080011c0   0x00000e1a   Code   RO          343    .text               stm32f10x_tim.o
    0x08001fda   0x08001fda   0x00000002   PAD
    0x08001fdc   0x08001fdc   0x0000060c   Code   RO          355    .text               stm32f10x_fsmc.o
    0x080025e8   0x080025e8   0x000000c4   Code   RO          367    .text               stm32f10x_bkp.o
    0x080026ac   0x080026ac   0x00000148   Code   RO          379    .text               stm32f10x_rtc.o
    0x080027f4   0x080027f4   0x000000cc   Code   RO          391    .text               stm32f10x_pwr.o
    0x080028c0   0x080028c0   0x0000030c   Code   RO          415    .text               stm32f10x_spi.o
    0x08002bcc   0x08002bcc   0x000000a4   Code   RO          451    .text               led.o
    0x08002c70   0x08002c70   0x000002b8   Code   RO          464    .text               lcd_driver.o
    0x08002f28   0x08002f28   0x00000100   Code   RO          479    .text               button.o
    0x08003028   0x08003028   0x0000023c   Code   RO          492    .text               tim.o
    0x08003264   0x08003264   0x00000460   Code   RO          511    .text               rtc.o
    0x080036c4   0x080036c4   0x00000440   Code   RO          535    .text               touch.o
    0x08003b04   0x08003b04   0x000001dc   Code   RO          557    .text               spi.o
    0x08003ce0   0x08003ce0   0x00000430   Code   RO          569    .text               gui.o
    0x08004110   0x08004110   0x0000039c   Code   RO          590    .text               flash.o
    0x080044ac   0x080044ac   0x0000027e   Code   RO          604    .text               array.o
    0x0800472a   0x0800472a   0x000000d4   Code   RO          644    .text               bitmap.o
    0x080047fe   0x080047fe   0x000002f4   Code   RO          665    .text               buffer.o
    0x08004af2   0x08004af2   0x00000002   PAD
    0x08004af4   0x08004af4   0x0000025c   Code   RO          680    .text               button_1.o
    0x08004d50   0x08004d50   0x0000281c   Code   RO          756    .text               canvas.o
    0x0800756c   0x0800756c   0x0000027c   Code   RO          780    .text               check_button.o
    0x080077e8   0x080077e8   0x00000054   Code   RO          808    .text               color.o
    0x0800783c   0x0800783c   0x000003d8   Code   RO          820    .text               dialog.o
    0x08007c14   0x08007c14   0x000002b4   Code   RO          872    .text               emitter.o
    0x08007ec8   0x08007ec8   0x00000124   Code   RO          890    .text               enums.o
    0x08007fec   0x08007fec   0x00000098   Code   RO          920    .text               font.o
    0x08008084   0x08008084   0x00000100   Code   RO          932    .text               font_manager.o
    0x08008184   0x08008184   0x00000068   Code   RO          946    .text               group_box.o
    0x080081ec   0x080081ec   0x000006b8   Code   RO          964    .text               image.o
    0x080088a4   0x080088a4   0x000002d8   Code   RO          983    .text               image_manager.o
    0x08008b7c   0x08008b7c   0x00000054   Code   RO          997    .text               label.o
    0x08008bd0   0x08008bd0   0x000003c8   Code   RO         1012    .text               lcd.o
    0x08008f98   0x08008f98   0x00000114   Code   RO         1024    .text               main_loop.o
    0x080090ac   0x080090ac   0x00000364   Code   RO         1041    .text               mem.o
    0x08009410   0x08009410   0x000004d0   Code   RO         1055    .text               progress_bar.o
    0x080098e0   0x080098e0   0x00000240   Code   RO         1074    .text               rect.o
    0x08009b20   0x08009b20   0x000001e0   Code   RO         1086    .text               theme.o
    0x08009d00   0x08009d00   0x00000304   Code   RO         1100    .text               utf8.o
    0x0800a004   0x0800a004   0x00000620   Code   RO         1115    .text               value.o
    0x0800a624   0x0800a624   0x0000201e   Code   RO         1130    .text               widget.o
    0x0800c642   0x0800c642   0x00000002   PAD
    0x0800c644   0x0800c644   0x000002c8   Code   RO         1145    .text               widget_vtable.o
    0x0800c90c   0x0800c90c   0x000001cc   Code   RO         1183    .text               window.o
    0x0800cad8   0x0800cad8   0x00000c8c   Code   RO         1201    .text               window_manager.o
    0x0800d764   0x0800d764   0x00000684   Code   RO         1229    .text               wstr.o
    0x0800dde8   0x0800dde8   0x00000154   Code   RO         1241    .text               font_bitmap.o
    0x0800df3c   0x0800df3c   0x00002b60   Code   RO         1256    .text               utils.o
    0x08010a9c   0x08010a9c   0x000000d2   Code   RO         1289    .text               events.o
    0x08010b6e   0x08010b6e   0x00000002   PAD
    0x08010b70   0x08010b70   0x000003c8   Code   RO         1301    .text               timer.o
    0x08010f38   0x08010f38   0x00000960   Code   RO         1315    .text               layout.o
    0x08011898   0x08011898   0x0000014a   Code   RO         1330    .text               event_queue.o
    0x080119e2   0x080119e2   0x00000002   PAD
    0x080119e4   0x080119e4   0x0000087c   Code   RO         1345    .text               slider.o
    0x08012260   0x08012260   0x00000138   Code   RO         1364    .text               window_animator.o
    0x08012398   0x08012398   0x00000010   Code   RO         1376    .text               window_animator_null.o
    0x080123a8   0x080123a8   0x00000304   Code   RO         1388    .text               idle.o
    0x080126ac   0x080126ac   0x00000018   Code   RO         1402    .text               time.o
    0x080126c4   0x080126c4   0x0000004c   Code   RO         1414    .text               system_info.o
    0x08012710   0x08012710   0x0000002c   Code   RO         1428    .text               image_loader.o
    0x0801273c   0x0801273c   0x000007d4   Code   RO         1440    .text               str.o
    0x08012f10   0x08012f10   0x000002a8   Code   RO         1452    .text               main_loop_simple.o
    0x080131b8   0x080131b8   0x000001e8   Code   RO         1471    .text               pages.o
    0x080133a0   0x080133a0   0x00001460   Code   RO         1490    .text               edit.o
    0x08014800   0x08014800   0x00000054   Code   RO         1507    .text               view.o
    0x08014854   0x08014854   0x000001b4   Code   RO         1540    .text               widget_factory.o
    0x08014a08   0x08014a08   0x00000186   Code   RO         1654    .text               tokenizer.o
    0x08014b8e   0x08014b8e   0x00000002   PAD
    0x08014b90   0x08014b90   0x0000022c   Code   RO         1666    .text               input_method.o
    0x08014dbc   0x08014dbc   0x0000007e   Code   RO         1692    .text               input_engine.o
    0x08014e3a   0x08014e3a   0x00000002   PAD
    0x08014e3c   0x08014e3c   0x00000158   Code   RO         1704    .text               spin_box.o
    0x08014f94   0x08014f94   0x00000380   Code   RO         1723    .text               dragger.o
    0x08015314   0x08015314   0x00000080   Code   RO         1742    .text               dialog_client.o
    0x08015394   0x08015394   0x00000078   Code   RO         1757    .text               dialog_title.o
    0x0801540c   0x0801540c   0x00000230   Code   RO         1772    .text               custom_props.o
    0x0801563c   0x0801563c   0x000002a8   Code   RO         1790    .text               awtk.o
    0x080158e4   0x080158e4   0x00000064   Code   RO         1805    .text               input_method_creator.o
    0x08015948   0x08015948   0x00000068   Code   RO         1820    .text               button_group.o
    0x080159b0   0x080159b0   0x0000028c   Code   RO         1838    .text               color_parser.o
    0x08015c3c   0x08015c3c   0x0000077c   Code   RO         1856    .text               combo_box.o
    0x080163b8   0x080163b8   0x000002f0   Code   RO         1882    .text               combo_box_item.o
    0x080166a8   0x080166a8   0x0000037c   Code   RO         1911    .text               fs.o
    0x08016a24   0x08016a24   0x00000310   Code   RO         1971    .text               popup.o
    0x08016d34   0x08016d34   0x00000438   Code   RO         2014    .text               tab_button.o
    0x0801716c   0x0801716c   0x000003d0   Code   RO         2033    .text               tab_button_group.o
    0x0801753c   0x0801753c   0x00000068   Code   RO         2051    .text               tab_control.o
    0x080175a4   0x080175a4   0x000000a2   Code   RO         2069    .text               ui_builder.o
    0x08017646   0x08017646   0x00000002   PAD
    0x08017648   0x08017648   0x00000168   Code   RO         2225    .text               ui_builder_default.o
    0x080177b0   0x080177b0   0x00000030   Code   RO         2245    .text               ui_loader.o
    0x080177e0   0x080177e0   0x00000114   Code   RO         2257    .text               ui_loader_default.o
    0x080178f4   0x080178f4   0x0000009c   Code   RO         2324    .text               window_open.o
    0x08017990   0x08017990   0x0000022c   Code   RO         2363    .text               color_tile.o
    0x08017bbc   0x08017bbc   0x00000230   Code   RO         2385    .text               assets_manager.o
    0x08017dec   0x08017dec   0x00000244   Code   RO         2399    .text               locale_info.o
    0x08018030   0x08018030   0x0000033c   Code   RO         2422    .text               path.o
    0x0801836c   0x0801836c   0x00000538   Code   RO         2434    .text               lcd_stm32_raw.o
    0x080188a4   0x080188a4   0x000000d8   Code   RO         2458    .text               main_loop_stm32_raw.o
    0x0801897c   0x0801897c   0x00000064   Code   RO         2524    .text               platform.o
    0x080189e0   0x080189e0   0x0000001c   Code   RO         2538    .text               mutex_null.o
    0x080189fc   0x080189fc   0x0000004c   Code   RO         2555    .text               sys_tick.o
    0x08018a48   0x08018a48   0x00000004   Code   RO         2569    .text               fs_os.o
    0x08018a4c   0x08018a4c   0x00000026   Code   RO         2581    .text               demo_main.o
    0x08018a72   0x08018a72   0x00000002   PAD
    0x08018a74   0x08018a74   0x00000538   Code   RO         2596    .text               demo1_app.o
    0x08018fac   0x08018fac   0x0000019c   Code   RO         2614    .text               assets-mini.o
    0x08019148   0x08019148   0x00000002   Code   RO         2664    .text               c_w.l(use_no_semi_2.o)
    0x0801914a   0x0801914a   0x00000002   PAD
    0x0801914c   0x0801914c   0x00000010   Code   RO         2666    .text               c_w.l(rt_ctype_table.o)
    0x0801915c   0x0801915c   0x000000ee   Code   RO         2668    .text               c_w.l(lludivv7m.o)
    0x0801924a   0x0801924a   0x00000026   Code   RO         2670    .text               c_w.l(llushr.o)
    0x08019270   0x08019270   0x00000048   Code   RO         2672    .text               c_w.l(llsdiv.o)
    0x080192b8   0x080192b8   0x0000001a   Code   RO         2674    .text               c_w.l(tolower.o)
    0x080192d2   0x080192d2   0x0000001e   Code   RO         2676    .text               c_w.l(toupper.o)
    0x080192f0   0x080192f0   0x00000018   Code   RO         2680    .text               c_w.l(noretval__2printf.o)
    0x08019308   0x08019308   0x00000068   Code   RO         2682    .text               c_w.l(__printf.o)
    0x08019370   0x08019370   0x00000078   Code   RO         2684    .text               c_w.l(_printf_dec.o)
    0x080193e8   0x080193e8   0x00000034   Code   RO         2708    .text               c_w.l(vsscanf.o)
    0x0801941c   0x0801941c   0x00000050   Code   RO         2710    .text               c_w.l(bsearchnoex.o)
    0x0801946c   0x0801946c   0x00000014   Code   RO         2712    .text               c_w.l(strchr.o)
    0x08019480   0x08019480   0x00000024   Code   RO         2714    .text               c_w.l(strstr.o)
    0x080194a4   0x080194a4   0x00000058   Code   RO         2716    .text               c_w.l(memcmp.o)
    0x080194fc   0x080194fc   0x00000048   Code   RO         2718    .text               c_w.l(strcpy.o)
    0x08019544   0x08019544   0x00000016   Code   RO         2720    .text               c_w.l(strrchr.o)
    0x0801955a   0x0801955a   0x0000003e   Code   RO         2722    .text               c_w.l(strlen.o)
    0x08019598   0x08019598   0x00000012   Code   RO         2724    .text               c_w.l(wcscpy.o)
    0x080195aa   0x080195aa   0x00000018   Code   RO         2726    .text               c_w.l(wcscmp.o)
    0x080195c2   0x080195c2   0x00000016   Code   RO         2728    .text               c_w.l(wcschr.o)
    0x080195d8   0x080195d8   0x00000012   Code   RO         2730    .text               c_w.l(wcslen.o)
    0x080195ea   0x080195ea   0x00000096   Code   RO         2732    .text               c_w.l(strncmp.o)
    0x08019680   0x08019680   0x0000008a   Code   RO         2734    .text               c_w.l(rt_memcpy_v6.o)
    0x0801970a   0x0801970a   0x00000084   Code   RO         2736    .text               c_w.l(rt_memmove_v6.o)
    0x0801978e   0x0801978e   0x00000064   Code   RO         2738    .text               c_w.l(rt_memcpy_w.o)
    0x080197f2   0x080197f2   0x00000044   Code   RO         2740    .text               c_w.l(rt_memclr.o)
    0x08019836   0x08019836   0x0000004e   Code   RO         2742    .text               c_w.l(rt_memclr_w.o)
    0x08019884   0x08019884   0x00000056   Code   RO         2744    .text               c_w.l(strncpy.o)
    0x080198da   0x080198da   0x00000002   PAD
    0x080198dc   0x080198dc   0x00000080   Code   RO         2746    .text               c_w.l(strcmpv7m.o)
    0x0801995c   0x0801995c   0x00000006   Code   RO         2748    .text               c_w.l(heapauxi.o)
    0x08019962   0x08019962   0x00000002   Code   RO         2868    .text               c_w.l(use_no_semi.o)
    0x08019964   0x08019964   0x00000008   Code   RO         2878    .text               c_w.l(rt_locale_intlibspace.o)
    0x0801996c   0x0801996c   0x00000016   Code   RO         2880    .text               c_w.l(_rserrno.o)
    0x08019982   0x08019982   0x000000b2   Code   RO         2882    .text               c_w.l(_printf_intcommon.o)
    0x08019a34   0x08019a34   0x00000024   Code   RO         2884    .text               c_w.l(_printf_char_file.o)
    0x08019a58   0x08019a58   0x00000156   Code   RO         2887    .text               c_w.l(_scanf_longlong.o)
    0x08019bae   0x08019bae   0x0000014c   Code   RO         2889    .text               c_w.l(_scanf_int.o)
    0x08019cfa   0x08019cfa   0x000000e0   Code   RO         2891    .text               c_w.l(_scanf_str.o)
    0x08019dda   0x08019dda   0x00000002   PAD
    0x08019ddc   0x08019ddc   0x0000002c   Code   RO         2893    .text               c_w.l(scanf_char.o)
    0x08019e08   0x08019e08   0x00000040   Code   RO         2895    .text               c_w.l(_sgetc.o)
    0x08019e48   0x08019e48   0x00000114   Code   RO         2897    .text               c_w.l(_scanf_mbtowc.o)
    0x08019f5c   0x08019f5c   0x000000e8   Code   RO         2899    .text               c_w.l(_scanf_wctomb.o)
    0x0801a044   0x0801a044   0x000000d0   Code   RO         2901    .text               c_w.l(_scanf_wstr.o)
    0x0801a114   0x0801a114   0x0000007a   Code   RO         2906    .text               c_w.l(rt_memmove_w.o)
    0x0801a18e   0x0801a18e   0x00000002   PAD
    0x0801a190   0x0801a190   0x00000008   Code   RO         2960    .text               c_w.l(libspace.o)
    0x0801a198   0x0801a198   0x00000008   Code   RO         2983    .text               c_w.l(rt_errno_addr_intlibspace.o)
    0x0801a1a0   0x0801a1a0   0x00000012   Code   RO         2985    .text               c_w.l(isspace.o)
    0x0801a1b2   0x0801a1b2   0x00000002   PAD
    0x0801a1b4   0x0801a1b4   0x00000030   Code   RO         2987    .text               c_w.l(_printf_char_common.o)
    0x0801a1e4   0x0801a1e4   0x0000001c   Code   RO         2989    .text               c_w.l(_chval.o)
    0x0801a200   0x0801a200   0x00000374   Code   RO         2991    .text               c_w.l(_scanf.o)
    0x0801a574   0x0801a574   0x000004f8   Code   RO         2993    .text               c_w.l(scanf_fp.o)
    0x0801aa6c   0x0801aa6c   0x0000001e   Code   RO         2995    .text               c_w.l(_scanf_wcharmap.o)
    0x0801aa8a   0x0801aa8a   0x00000008   Code   RO         2997    .text               c_w.l(ferror.o)
    0x0801aa92   0x0801aa92   0x0000003c   Code   RO         3001    .text               c_w.l(_mbrtowc.o)
    0x0801aace   0x0801aace   0x00000040   Code   RO         3003    .text               c_w.l(_wcrtomb.o)
    0x0801ab0e   0x0801ab0e   0x0000004a   Code   RO         3052    .text               c_w.l(sys_stackheap_outer.o)
    0x0801ab58   0x0801ab58   0x000000e4   Code   RO         3056    .text               c_w.l(bigflt0.o)
    0x0801ac3c   0x0801ac3c   0x00000012   Code   RO         3084    .text               c_w.l(exit.o)
    0x0801ac4e   0x0801ac4e   0x00000002   PAD
    0x0801ac50   0x0801ac50   0x00000320   Code   RO         3124    .text               c_w.l(scanf_hexfp.o)
    0x0801af70   0x0801af70   0x00000134   Code   RO         3126    .text               c_w.l(scanf_infnan.o)
    0x0801b0a4   0x0801b0a4   0x00000026   Code   RO         3153    .text               c_w.l(llshl.o)
    0x0801b0ca   0x0801b0ca   0x00000338   Code   RO         3069    CL$$btod_div_common  c_w.l(btod.o)
    0x0801b402   0x0801b402   0x00000002   PAD
    0x0801b404   0x0801b404   0x00000084   Code   RO         3067    CL$$btod_e2d        c_w.l(btod.o)
    0x0801b488   0x0801b488   0x000000dc   Code   RO         3066    CL$$btod_e2e        c_w.l(btod.o)
    0x0801b564   0x0801b564   0x0000002a   Code   RO         3063    CL$$btod_ediv       c_w.l(btod.o)
    0x0801b58e   0x0801b58e   0x0000002a   Code   RO         3065    CL$$btod_edivd      c_w.l(btod.o)
    0x0801b5b8   0x0801b5b8   0x0000002a   Code   RO         3062    CL$$btod_emul       c_w.l(btod.o)
    0x0801b5e2   0x0801b5e2   0x0000002a   Code   RO         3064    CL$$btod_emuld      c_w.l(btod.o)
    0x0801b60c   0x0801b60c   0x00000244   Code   RO         3068    CL$$btod_mult_common  c_w.l(btod.o)
    0x0801b850   0x0801b850   0x0000000e   Code   RO         2934    i.__mathlib_dbl_overflow  m_ws.l(dunder.o)
    0x0801b85e   0x0801b85e   0x00000002   PAD
    0x0801b860   0x0801b860   0x00000010   Code   RO         2936    i.__mathlib_dbl_underflow  m_ws.l(dunder.o)
    0x0801b870   0x0801b870   0x00000010   Code   RO         3114    i.__mathlib_narrow  m_ws.l(narrow.o)
    0x0801b880   0x0801b880   0x000000bc   Code   RO         3115    i.__mathlib_tofloat  m_ws.l(narrow.o)
    0x0801b93c   0x0801b93c   0x00000016   Code   RO         3164    i.__support_ldexp   m_ws.l(ldexp.o)
    0x0801b952   0x0801b952   0x0000000e   Code   RO         2696    i._is_digit         c_w.l(__printf_wp.o)
    0x0801b960   0x0801b960   0x000000dc   Code   RO         2839    i.floor             m_ws.l(floor.o)
    0x0801ba3c   0x0801ba3c   0x00000058   Code   RO         3139    i.frexp             m_ws.l(frexp.o)
    0x0801ba94   0x0801ba94   0x00000074   Code   RO         3165    i.ldexp             m_ws.l(ldexp.o)
    0x0801bb08   0x0801bb08   0x0000002c   Code   RO         2904    locale$$code        c_w.l(lc_ctype_c.o)
    0x0801bb34   0x0801bb34   0x0000002c   Code   RO         3082    locale$$code        c_w.l(lc_numeric_c.o)
    0x0801bb60   0x0801bb60   0x00000062   Code   RO         2752    x$fpl$d2f           fz_ws.l(d2f.o)
    0x0801bbc2   0x0801bbc2   0x00000002   PAD
    0x0801bbc4   0x0801bbc4   0x00000150   Code   RO         2754    x$fpl$dadd          fz_ws.l(daddsub_clz.o)
    0x0801bd14   0x0801bd14   0x00000010   Code   RO         3050    x$fpl$dcheck1       fz_ws.l(dcheck1.o)
    0x0801bd24   0x0801bd24   0x00000018   Code   RO         2908    x$fpl$dcmpinf       fz_ws.l(dcmpi.o)
    0x0801bd3c   0x0801bd3c   0x000002b0   Code   RO         2761    x$fpl$ddiv          fz_ws.l(ddiv.o)
    0x0801bfec   0x0801bfec   0x00000078   Code   RO         2764    x$fpl$deqf          fz_ws.l(deqf.o)
    0x0801c064   0x0801c064   0x0000005e   Code   RO         2766    x$fpl$dfix          fz_ws.l(dfix.o)
    0x0801c0c2   0x0801c0c2   0x00000002   PAD
    0x0801c0c4   0x0801c0c4   0x0000005a   Code   RO         2774    x$fpl$dfixu         fz_ws.l(dfixu.o)
    0x0801c11e   0x0801c11e   0x0000002e   Code   RO         2779    x$fpl$dflt          fz_ws.l(dflt_clz.o)
    0x0801c14c   0x0801c14c   0x000000a2   Code   RO         2784    x$fpl$dfltll        fz_ws.l(dfltll_clz.o)
    0x0801c1ee   0x0801c1ee   0x00000026   Code   RO         2778    x$fpl$dfltu         fz_ws.l(dflt_clz.o)
    0x0801c214   0x0801c214   0x00000078   Code   RO         2788    x$fpl$dleqf         fz_ws.l(dleqf.o)
    0x0801c28c   0x0801c28c   0x00000154   Code   RO         2790    x$fpl$dmul          fz_ws.l(dmul.o)
    0x0801c3e0   0x0801c3e0   0x0000009c   Code   RO         2910    x$fpl$dnaninf       fz_ws.l(dnaninf.o)
    0x0801c47c   0x0801c47c   0x0000000c   Code   RO         2912    x$fpl$dretinf       fz_ws.l(dretinf.o)
    0x0801c488   0x0801c488   0x0000006c   Code   RO         2792    x$fpl$drleqf        fz_ws.l(drleqf.o)
    0x0801c4f4   0x0801c4f4   0x00000016   Code   RO         2755    x$fpl$drsb          fz_ws.l(daddsub_clz.o)
    0x0801c50a   0x0801c50a   0x00000002   PAD
    0x0801c50c   0x0801c50c   0x000001d4   Code   RO         2756    x$fpl$dsub          fz_ws.l(daddsub_clz.o)
    0x0801c6e0   0x0801c6e0   0x00000056   Code   RO         2794    x$fpl$f2d           fz_ws.l(f2d.o)
    0x0801c736   0x0801c736   0x00000002   PAD
    0x0801c738   0x0801c738   0x000000c4   Code   RO         2796    x$fpl$fadd          fz_ws.l(faddsub_clz.o)
    0x0801c7fc   0x0801c7fc   0x00000018   Code   RO         2916    x$fpl$fcmpinf       fz_ws.l(fcmpi.o)
    0x0801c814   0x0801c814   0x00000184   Code   RO         2803    x$fpl$fdiv          fz_ws.l(fdiv.o)
    0x0801c998   0x0801c998   0x00000068   Code   RO         2806    x$fpl$feqf          fz_ws.l(feqf.o)
    0x0801ca00   0x0801ca00   0x00000036   Code   RO         2808    x$fpl$ffix          fz_ws.l(ffix.o)
    0x0801ca36   0x0801ca36   0x00000002   PAD
    0x0801ca38   0x0801ca38   0x0000003e   Code   RO         2812    x$fpl$ffixu         fz_ws.l(ffixu.o)
    0x0801ca76   0x0801ca76   0x00000002   PAD
    0x0801ca78   0x0801ca78   0x00000030   Code   RO         2817    x$fpl$fflt          fz_ws.l(fflt_clz.o)
    0x0801caa8   0x0801caa8   0x00000060   Code   RO         2822    x$fpl$ffltll        fz_ws.l(ffltll_clz.o)
    0x0801cb08   0x0801cb08   0x00000026   Code   RO         2816    x$fpl$ffltu         fz_ws.l(fflt_clz.o)
    0x0801cb2e   0x0801cb2e   0x00000002   PAD
    0x0801cb30   0x0801cb30   0x00000068   Code   RO         2824    x$fpl$fleqf         fz_ws.l(fleqf.o)
    0x0801cb98   0x0801cb98   0x00000102   Code   RO         2826    x$fpl$fmul          fz_ws.l(fmul.o)
    0x0801cc9a   0x0801cc9a   0x0000008c   Code   RO         2918    x$fpl$fnaninf       fz_ws.l(fnaninf.o)
    0x0801cd26   0x0801cd26   0x0000000a   Code   RO         2920    x$fpl$fretinf       fz_ws.l(fretinf.o)
    0x0801cd30   0x0801cd30   0x00000062   Code   RO         2828    x$fpl$frleqf        fz_ws.l(frleqf.o)
    0x0801cd92   0x0801cd92   0x00000014   Code   RO         2797    x$fpl$frsb          fz_ws.l(faddsub_clz.o)
    0x0801cda6   0x0801cda6   0x00000002   PAD
    0x0801cda8   0x0801cda8   0x000000ea   Code   RO         2798    x$fpl$fsub          fz_ws.l(faddsub_clz.o)
    0x0801ce92   0x0801ce92   0x00000006   Code   RO         3104    x$fpl$ieeestatus    fz_ws.l(istatus.o)
    0x0801ce98   0x0801ce98   0x000000c2   Code   RO         2770    x$fpl$llsfromd      fz_ws.l(dfixll.o)
    0x0801cf5a   0x0801cf5a   0x00000064   Code   RO         3106    x$fpl$retnan        fz_ws.l(retnan.o)
    0x0801cfbe   0x0801cfbe   0x0000005c   Code   RO         2922    x$fpl$scalbn        fz_ws.l(scalbn.o)
    0x0801d01a   0x0801d01a   0x00000004   Code   RO         2924    x$fpl$scanf1        fz_ws.l(scanf1.o)
    0x0801d01e   0x0801d01e   0x00000008   Code   RO         3108    x$fpl$scanf2        fz_ws.l(scanf2.o)
    0x0801d026   0x0801d026   0x00000030   Code   RO         3136    x$fpl$trapveneer    fz_ws.l(trapv.o)
    0x0801d056   0x0801d056   0x00000000   Code   RO         2926    x$fpl$usenofp       fz_ws.l(usenofp.o)
    0x0801d056   0x0801d056   0x00000018   Data   RO          513    .constdata          rtc.o
    0x0801d06e   0x0801d06e   0x00000948   Data   RO          570    .constdata          gui.o
    0x0801d9b6   0x0801d9b6   0x00000002   PAD
    0x0801d9b8   0x0801d9b8   0x00000060   Data   RO          681    .constdata          button_1.o
    0x0801da18   0x0801da18   0x000000c0   Data   RO          781    .constdata          check_button.o
    0x0801dad8   0x0801dad8   0x00000060   Data   RO          821    .constdata          dialog.o
    0x0801db38   0x0801db38   0x0000030c   Data   RO          891    .constdata          enums.o
    0x0801de44   0x0801de44   0x00000060   Data   RO          947    .constdata          group_box.o
    0x0801dea4   0x0801dea4   0x00000060   Data   RO          965    .constdata          image.o
    0x0801df04   0x0801df04   0x00000060   Data   RO          998    .constdata          label.o
    0x0801df64   0x0801df64   0x00000060   Data   RO         1056    .constdata          progress_bar.o
    0x0801dfc4   0x0801dfc4   0x00000104   Data   RO         1101    .constdata          utf8.o
    0x0801e0c8   0x0801e0c8   0x00000060   Data   RO         1146    .constdata          widget_vtable.o
    0x0801e128   0x0801e128   0x00000060   Data   RO         1184    .constdata          window.o
    0x0801e188   0x0801e188   0x00000086   Data   RO         1202    .constdata          window_manager.o
    0x0801e20e   0x0801e20e   0x00000002   PAD
    0x0801e210   0x0801e210   0x00000458   Data   RO         1257    .constdata          utils.o
    0x0801e668   0x0801e668   0x00000060   Data   RO         1346    .constdata          slider.o
    0x0801e6c8   0x0801e6c8   0x00000060   Data   RO         1472    .constdata          pages.o
    0x0801e728   0x0801e728   0x00000060   Data   RO         1491    .constdata          edit.o
    0x0801e788   0x0801e788   0x00000060   Data   RO         1508    .constdata          view.o
    0x0801e7e8   0x0801e7e8   0x00000384   Data   RO         1541    .constdata          widget_factory.o
    0x0801eb6c   0x0801eb6c   0x00000060   Data   RO         1705    .constdata          spin_box.o
    0x0801ebcc   0x0801ebcc   0x00000060   Data   RO         1724    .constdata          dragger.o
    0x0801ec2c   0x0801ec2c   0x00000060   Data   RO         1743    .constdata          dialog_client.o
    0x0801ec8c   0x0801ec8c   0x00000060   Data   RO         1758    .constdata          dialog_title.o
    0x0801ecec   0x0801ecec   0x00000060   Data   RO         1821    .constdata          button_group.o
    0x0801ed4c   0x0801ed4c   0x00000060   Data   RO         1857    .constdata          combo_box.o
    0x0801edac   0x0801edac   0x00000060   Data   RO         1883    .constdata          combo_box_item.o
    0x0801ee0c   0x0801ee0c   0x00000060   Data   RO         1972    .constdata          popup.o
    0x0801ee6c   0x0801ee6c   0x00000060   Data   RO         2015    .constdata          tab_button.o
    0x0801eecc   0x0801eecc   0x00000060   Data   RO         2034    .constdata          tab_button_group.o
    0x0801ef2c   0x0801ef2c   0x00000060   Data   RO         2052    .constdata          tab_control.o
    0x0801ef8c   0x0801ef8c   0x00000004   Data   RO         2258    .constdata          ui_loader_default.o
    0x0801ef90   0x0801ef90   0x00000060   Data   RO         2364    .constdata          color_tile.o
    0x0801eff0   0x0801eff0   0x0001c7c4   Data   RO         2615    .constdata          assets-mini.o
    0x0803b7b4   0x0803b7b4   0x00000094   Data   RO         3057    .constdata          c_w.l(bigflt0.o)
    0x0803b848   0x0803b848   0x0000000f   Data   RO          682    .conststring        button_1.o
    0x0803b857   0x0803b857   0x00000001   PAD
    0x0803b858   0x0803b858   0x00000025   Data   RO          782    .conststring        check_button.o
    0x0803b87d   0x0803b87d   0x00000003   PAD
    0x0803b880   0x0803b880   0x00000023   Data   RO          822    .conststring        dialog.o
    0x0803b8a3   0x0803b8a3   0x00000001   PAD
    0x0803b8a4   0x0803b8a4   0x0000026a   Data   RO          892    .conststring        enums.o
    0x0803bb0e   0x0803bb0e   0x00000002   PAD
    0x0803bb10   0x0803bb10   0x0000000a   Data   RO          948    .conststring        group_box.o
    0x0803bb1a   0x0803bb1a   0x00000002   PAD
    0x0803bb1c   0x0803bb1c   0x00000055   Data   RO          966    .conststring        image.o
    0x0803bb71   0x0803bb71   0x00000003   PAD
    0x0803bb74   0x0803bb74   0x00000006   Data   RO          999    .conststring        label.o
    0x0803bb7a   0x0803bb7a   0x00000002   PAD
    0x0803bb7c   0x0803bb7c   0x00000026   Data   RO         1057    .conststring        progress_bar.o
    0x0803bba2   0x0803bba2   0x00000002   PAD
    0x0803bba4   0x0803bba4   0x00000007   Data   RO         1185    .conststring        window.o
    0x0803bbab   0x0803bbab   0x00000001   PAD
    0x0803bbac   0x0803bbac   0x0000000f   Data   RO         1203    .conststring        window_manager.o
    0x0803bbbb   0x0803bbbb   0x00000001   PAD
    0x0803bbbc   0x0803bbbc   0x00000018   Data   RO         1347    .conststring        slider.o
    0x0803bbd4   0x0803bbd4   0x00000006   Data   RO         1473    .conststring        pages.o
    0x0803bbda   0x0803bbda   0x00000002   PAD
    0x0803bbdc   0x0803bbdc   0x0000007d   Data   RO         1492    .conststring        edit.o
    0x0803bc59   0x0803bc59   0x00000003   PAD
    0x0803bc5c   0x0803bc5c   0x00000005   Data   RO         1509    .conststring        view.o
    0x0803bc61   0x0803bc61   0x00000003   PAD
    0x0803bc64   0x0803bc64   0x00000009   Data   RO         1706    .conststring        spin_box.o
    0x0803bc6d   0x0803bc6d   0x00000003   PAD
    0x0803bc70   0x0803bc70   0x00000026   Data   RO         1725    .conststring        dragger.o
    0x0803bc96   0x0803bc96   0x00000002   PAD
    0x0803bc98   0x0803bc98   0x0000000e   Data   RO         1744    .conststring        dialog_client.o
    0x0803bca6   0x0803bca6   0x00000002   PAD
    0x0803bca8   0x0803bca8   0x0000000d   Data   RO         1759    .conststring        dialog_title.o
    0x0803bcb5   0x0803bcb5   0x00000003   PAD
    0x0803bcb8   0x0803bcb8   0x00000a61   Data   RO         1839    .conststring        color_parser.o
    0x0803c719   0x0803c719   0x00000003   PAD
    0x0803c71c   0x0803c71c   0x00000026   Data   RO         1858    .conststring        combo_box.o
    0x0803c742   0x0803c742   0x00000002   PAD
    0x0803c744   0x0803c744   0x0000000f   Data   RO         1884    .conststring        combo_box_item.o
    0x0803c753   0x0803c753   0x00000001   PAD
    0x0803c754   0x0803c754   0x00000036   Data   RO         1973    .conststring        popup.o
    0x0803c78a   0x0803c78a   0x00000002   PAD
    0x0803c78c   0x0803c78c   0x0000000b   Data   RO         2016    .conststring        tab_button.o
    0x0803c797   0x0803c797   0x00000001   PAD
    0x0803c798   0x0803c798   0x00000011   Data   RO         2035    .conststring        tab_button_group.o
    0x0803c7a9   0x0803c7a9   0x00000003   PAD
    0x0803c7ac   0x0803c7ac   0x0000000c   Data   RO         2053    .conststring        tab_control.o
    0x0803c7b8   0x0803c7b8   0x0000000b   Data   RO         2365    .conststring        color_tile.o
    0x0803c7c3   0x0803c7c3   0x00000001   PAD
    0x0803c7c4   0x0803c7c4   0x00000020   Data   RO         3215    Region$$Table       anon$$obj.o
    0x0803c7e4   0x0803c7e4   0x00000008   Data   RO         3098    c$$dinf             fz_ws.l(fpconst.o)
    0x0803c7ec   0x0803c7ec   0x00000008   Data   RO         3101    c$$dmax             fz_ws.l(fpconst.o)
    0x0803c7f4   0x0803c7f4   0x00000110   Data   RO         2903    locale$$data        c_w.l(lc_ctype_c.o)
    0x0803c904   0x0803c904   0x0000001c   Data   RO         3081    locale$$data        c_w.l(lc_numeric_c.o)


    Execution Region RW_IRAM1 (Exec base: 0x20000000, Load base: 0x0803c920, Size: 0x00003f18, Max: 0x00010000, ABSOLUTE, COMPRESSED[0x000004cc])

    Exec Addr    Load Addr    Size         Type   Attr      Idx    E Section Name        Object

    0x20000000   COMPRESSED   0x00000014   Data   RW          105    .data               system_stm32f10x.o
    0x20000014   COMPRESSED   0x00000006   Data   RW          218    .data               usart.o
    0x2000001a   COMPRESSED   0x00000014   Data   RW          282    .data               stm32f10x_rcc.o
    0x2000002e   COMPRESSED   0x00000001   Data   RW          452    .data               led.o
    0x2000002f   COMPRESSED   0x00000001   Data   RW          480    .data               button.o
    0x20000030   COMPRESSED   0x00000004   Data   RW          493    .data               tim.o
    0x20000034   COMPRESSED   0x0000000a   Data   RW          514    .data               rtc.o
    0x2000003e   COMPRESSED   0x00000008   Data   RW          537    .data               touch.o
    0x20000046   COMPRESSED   0x00000002   PAD
    0x20000048   COMPRESSED   0x00000008   Data   RW          683    .data               button_1.o
    0x20000050   COMPRESSED   0x00000008   Data   RW          783    .data               check_button.o
    0x20000058   COMPRESSED   0x00000010   Data   RW          823    .data               dialog.o
    0x20000068   COMPRESSED   0x00000004   Data   RW          933    .data               font_manager.o
    0x2000006c   COMPRESSED   0x00000028   Data   RW          967    .data               image.o
    0x20000094   COMPRESSED   0x00000004   Data   RW          984    .data               image_manager.o
    0x20000098   COMPRESSED   0x00000004   Data   RW         1025    .data               main_loop.o
    0x2000009c   COMPRESSED   0x00000010   Data   RW         1058    .data               progress_bar.o
    0x200000ac   COMPRESSED   0x00000004   Data   RW         1087    .data               theme.o
    0x200000b0   COMPRESSED   0x00000004   Data   RW         1204    .data               window_manager.o
    0x200000b4   COMPRESSED   0x000000f1   Data   RW         1258    .data               utils.o
    0x200001a5   COMPRESSED   0x00000003   PAD
    0x200001a8   COMPRESSED   0x00000004   Data   RW         1302    .data               timer.o
    0x200001ac   COMPRESSED   0x00000018   Data   RW         1348    .data               slider.o
    0x200001c4   COMPRESSED   0x00000004   Data   RW         1389    .data               idle.o
    0x200001c8   COMPRESSED   0x00000008   Data   RW         1474    .data               pages.o
    0x200001d0   COMPRESSED   0x00000038   Data   RW         1493    .data               edit.o
    0x20000208   COMPRESSED   0x00000004   Data   RW         1542    .data               widget_factory.o
    0x2000020c   COMPRESSED   0x00000004   Data   RW         1667    .data               input_method.o
    0x20000210   COMPRESSED   0x00000014   Data   RW         1726    .data               dragger.o
    0x20000224   COMPRESSED   0x00000460   Data   RW         1840    .data               color_parser.o
    0x20000684   COMPRESSED   0x0000003c   Data   RW         1859    .data               combo_box.o
    0x200006c0   COMPRESSED   0x00000018   Data   RW         1974    .data               popup.o
    0x200006d8   COMPRESSED   0x00000008   Data   RW         2017    .data               tab_button.o
    0x200006e0   COMPRESSED   0x0000000c   Data   RW         2366    .data               color_tile.o
    0x200006ec   COMPRESSED   0x00000004   Data   RW         2386    .data               assets_manager.o
    0x200006f0   COMPRESSED   0x00000004   Data   RW         2400    .data               locale_info.o
    0x200006f4   COMPRESSED   0x00000004   Data   RW         2539    .data               mutex_null.o
    0x200006f8   COMPRESSED   0x00000004   Data   RW         2556    .data               sys_tick.o
    0x200006fc        -       0x000000c8   Zero   RW          217    .bss                usart.o
    0x200007c4        -       0x0000000a   Zero   RW          512    .bss                rtc.o
    0x200007ce   COMPRESSED   0x00000002   PAD
    0x200007d0        -       0x0000000c   Zero   RW          536    .bss                touch.o
    0x200007dc        -       0x00001000   Zero   RW          591    .bss                flash.o
    0x200017dc        -       0x00000010   Zero   RW         1042    .bss                mem.o
    0x200017ec        -       0x0000001c   Zero   RW         1415    .bss                system_info.o
    0x20001808        -       0x0000008c   Zero   RW         1453    .bss                main_loop_simple.o
    0x20001894        -       0x00000024   Zero   RW         2226    .bss                ui_builder_default.o
    0x200018b8        -       0x00002000   Zero   RW         2525    .bss                platform.o
    0x200038b8        -       0x00000060   Zero   RW         2961    .bss                c_w.l(libspace.o)
    0x20003918        -       0x00000200   Zero   RW          251    HEAP                startup_stm32f10x_hd.o
    0x20003b18        -       0x00000400   Zero   RW          250    STACK               startup_stm32f10x_hd.o


==============================================================================

Image component sizes


      Code (inc. data)   RO Data    RW Data    ZI Data      Debug   Object Name

       638          0          0          0          0      13667   array.o
       412        132     116676          0          0      12083   assets-mini.o
       560         12          0          4          0       5718   assets_manager.o
       680         18          0          0          0       3479   awtk.o
       212          0          0          0          0       3821   bitmap.o
       756          0          0          0          0       6633   buffer.o
       256         12          0          1          0        850   button.o
       604         26        111          8          0      30018   button_1.o
       104          6         96          0          0       2364   button_group.o
     10268         82          0          0          0      32054   canvas.o
       636         16        229          8          0       6185   check_button.o
        84         18          0          0          0        899   color.o
       652        102       2657       1120          0       3637   color_parser.o
       556         48        107         12          0       4373   color_tile.o
      1916        156        134         60          0      11434   combo_box.o
       752         60        111          0          0       4501   combo_box_item.o
         0          0          0          0          0         32   core_cm3.o
       560          0          0          0          0       4757   custom_props.o
      1336        248          0          0          0       3491   demo1_app.o
        38          0          0          0          0        600   demo_main.o
       984         98        131         16          0      13466   dialog.o
       128         12        110          0          0       1978   dialog_client.o
       120         12        109          0          0       2016   dialog_title.o
       896         48        134         20          0       4888   dragger.o
      5216        208        221         56          0      18183   edit.o
       692          0          0          0          0       8241   emitter.o
       292         28       1398          0          0       8770   enums.o
       330          0          0          0          0       2992   event_queue.o
       210          0          0          0          0       2700   events.o
       924         12          0          0       4096       3305   flash.o
       152          8          0          0          0       1544   font.o
       340         18          0          0          0       3974   font_bitmap.o
       256         14          0          4          0       3238   font_manager.o
       892         10          0          0          0       8123   fs.o
         4          0          0          0          0        464   fs_os.o
       104          6        106          0          0       2254   group_box.o
      1072         12       2376          0          0       5635   gui.o
       772         12          0          4          0       6739   idle.o
      1720        108        181         40          0       7532   image.o
        44          0          0          0          0       1060   image_loader.o
       728         14          0          4          0       5669   image_manager.o
       126          0          0          0          0       1038   input_engine.o
       556         10          0          4          0       4717   input_method.o
       100         10          0          0          0       1255   input_method_creator.o
        84          6        102          0          0       1591   label.o
      2400         42          0          0          0       7749   layout.o
       968          0          0          0          0       8479   lcd.o
       696         18          0          0          0       2092   lcd_driver.o
      1336         36          0          0          0       6505   lcd_stm32_raw.o
       164         10          0          1          0        739   led.o
       580         20          0          4          0       7935   locale_info.o
        68          0          0          0          0     205271   main.o
       276          4          0          4          0       3124   main_loop.o
       680         12          0          0        140       4965   main_loop_simple.o
       216         16          0          0          0      17445   main_loop_stm32_raw.o
       868          6          0          0         16       4959   mem.o
       220         22          0          0          0       1825   misc.o
        28          6          0          4          0       1993   mutex_null.o
       488         20        102          8          0       4408   pages.o
       828          6          0          0          0       4906   path.o
       100         12          0          0       8192       1236   platform.o
       784         72        150         24          0       3766   popup.o
      1232         36        134         16          0       5412   progress_bar.o
       576          0          0          0          0       3005   rect.o
      1120         66         24         10         10       4387   rtc.o
      2172         52        120         24          0       7495   slider.o
       476         16          0          0          0       1828   spi.o
       344         70        105          0          0       2313   spin_box.o
        64         26        304          0       1536        812   startup_stm32f10x_hd.o
       196          8          0          0          0       3520   stm32f10x_bkp.o
      1548         18          0          0          0       5399   stm32f10x_fsmc.o
       860         38          0          0          0       5757   stm32f10x_gpio.o
        24          0          0          0          0      64030   stm32f10x_it.o
       204         14          0          0          0       1967   stm32f10x_pwr.o
       932         36          0         20          0       8944   stm32f10x_rcc.o
       328          4          0          0          0       2734   stm32f10x_rtc.o
       780         14          0          0          0       6638   stm32f10x_spi.o
      3610         88          0          0          0      22864   stm32f10x_tim.o
      1032         22          0          0          0       8480   stm32f10x_usart.o
      2004         54          0          0          0      11004   str.o
        76          6          0          4          0       1761   sys_tick.o
        76         24          0          0         28       1427   system_info.o
       480         38          0         20          0       1775   system_stm32f10x.o
      1080         74        107          8          0       6036   tab_button.o
       976         36        113          0          0       6280   tab_button_group.o
       104          6        108          0          0       2294   tab_control.o
       480         12          0          4          0       3288   theme.o
       572         24          0          4          0       1965   tim.o
        24          0          0          0          0        617   time.o
       968         14          0          4          0       8145   timer.o
       390          0          0          0          0       3276   tokenizer.o
      1088         38          0          8         12       4326   touch.o
       162          0          0          0          0       2952   ui_builder.o
       360         32          0          0         36       3293   ui_builder_default.o
        48          0          0          0          0       1177   ui_loader.o
       276         10          4          0          0       1939   ui_loader_default.o
       296         16          0          6        200       3210   usart.o
       772          4        260          0          0       5513   utf8.o
     11104        222       1112        241          0      29507   utils.o
      1568         72          0          0          0       9804   value.o
        84          6        101          0          0       1932   view.o
      8222        176          0          0          0      34874   widget.o
       436          8        900          4          0      12452   widget_factory.o
       712         20         96          0          0      20581   widget_vtable.o
       460         26        103          0          0       3685   window.o
       312          0          0          0          0       1961   window_animator.o
        16          0          0          0          0       1475   window_animator_null.o
      3212        100        149          4          0      17056   window_manager.o
       156          4          0          0          0       2156   window_open.o
      1668         18          0          0          0       9254   wstr.o

    ----------------------------------------------------------------------
    102160       3432     129066       1788      14268     929965   Object Totals
         0          0         32          0          0          0   (incl. Generated)
        18          0         53          5          2          0   (incl. Padding)

    ----------------------------------------------------------------------

      Code (inc. data)   RO Data    RW Data    ZI Data      Debug   Library Member Name

       100          0          0          0          0          0   __dclz77c.o
         8          0          0          0          0         68   __main.o
       104          0          0          0          0         84   __printf.o
        14          0          0          0          0         68   __printf_wp.o
         0          0          0          0          0          0   __rtentry.o
        12          0          0          0          0          0   __rtentry2.o
         6          0          0          0          0          0   __rtentry4.o
        52          8          0          0          0          0   __scatter.o
        28          0          0          0          0          0   __scatter_zi.o
        28          0          0          0          0         68   _chval.o
        60          0          0          0          0         92   _mbrtowc.o
        48          6          0          0          0         96   _printf_char_common.o
        36          4          0          0          0         80   _printf_char_file.o
         6          0          0          0          0          0   _printf_d.o
       120         16          0          0          0         92   _printf_dec.o
       178          0          0          0          0         88   _printf_intcommon.o
         0          0          0          0          0          0   _printf_percent.o
         4          0          0          0          0          0   _printf_percent_end.o
        22          0          0          0          0        100   _rserrno.o
       884          6          0          0          0        100   _scanf.o
       332          0          0          0          0         96   _scanf_int.o
       342          0          0          0          0        100   _scanf_longlong.o
       276          0          0          0          0        100   _scanf_mbtowc.o
       224          0          0          0          0         96   _scanf_str.o
        30          0          0          0          0         76   _scanf_wcharmap.o
       232          0          0          0          0        100   _scanf_wctomb.o
       208          0          0          0          0         96   _scanf_wstr.o
        64          0          0          0          0         84   _sgetc.o
        64          0          0          0          0         92   _wcrtomb.o
       228          4        148          0          0         96   bigflt0.o
        80          0          0          0          0         88   bsearchnoex.o
      1924        136          0          0          0        756   btod.o
        18          0          0          0          0         80   exit.o
         8          0          0          0          0         68   ferror.o
         6          0          0          0          0        152   heapauxi.o
        18          0          0          0          0         76   isspace.o
        44         10        272          0          0         76   lc_ctype_c.o
        44         10         28          0          0         76   lc_numeric_c.o
         2          0          0          0          0          0   libinit.o
        30          0          0          0          0          0   libinit2.o
         2          0          0          0          0          0   libshutdown.o
         2          0          0          0          0          0   libshutdown2.o
         8          4          0          0         96         68   libspace.o
        72          0          0          0          0         76   llsdiv.o
        38          0          0          0          0         68   llshl.o
       238          0          0          0          0        100   lludivv7m.o
        38          0          0          0          0         68   llushr.o
        88          0          0          0          0         76   memcmp.o
        24          4          0          0          0         84   noretval__2printf.o
        16          4          0          0          0         76   rt_ctype_table.o
         8          4          0          0          0         68   rt_errno_addr_intlibspace.o
         8          4          0          0          0         68   rt_locale_intlibspace.o
        68          0          0          0          0         68   rt_memclr.o
        78          0          0          0          0         80   rt_memclr_w.o
       138          0          0          0          0         68   rt_memcpy_v6.o
       100          0          0          0          0         80   rt_memcpy_w.o
       132          0          0          0          0         68   rt_memmove_v6.o
       122          0          0          0          0         80   rt_memmove_w.o
         2          0          0          0          0          0   rtexit.o
        10          0          0          0          0          0   rtexit2.o
        44          8          0          0          0         84   scanf_char.o
      1272         16          0          0          0        168   scanf_fp.o
       800         14          0          0          0        100   scanf_hexfp.o
       308         16          0          0          0        100   scanf_infnan.o
        20          0          0          0          0         68   strchr.o
       128          0          0          0          0         68   strcmpv7m.o
        72          0          0          0          0         80   strcpy.o
        62          0          0          0          0         76   strlen.o
       150          0          0          0          0         80   strncmp.o
        86          0          0          0          0         76   strncpy.o
        22          0          0          0          0         68   strrchr.o
        36          0          0          0          0         80   strstr.o
        74          0          0          0          0         80   sys_stackheap_outer.o
        26          0          0          0          0         76   tolower.o
        30          0          0          0          0         76   toupper.o
         2          0          0          0          0         68   use_no_semi.o
         2          0          0          0          0         68   use_no_semi_2.o
        52          8          0          0          0         80   vsscanf.o
        22          0          0          0          0         68   wcschr.o
        24          0          0          0          0         68   wcscmp.o
        18          0          0          0          0         68   wcscpy.o
        18          0          0          0          0         68   wcslen.o
        98          4          0          0          0         92   d2f.o
       826         16          0          0          0        348   daddsub_clz.o
        16          4          0          0          0         68   dcheck1.o
        24          0          0          0          0         68   dcmpi.o
       688        140          0          0          0        208   ddiv.o
       120          4          0          0          0         92   deqf.o
        94          4          0          0          0         92   dfix.o
       194          4          0          0          0        116   dfixll.o
        90          4          0          0          0         92   dfixu.o
        84          0          0          0          0        136   dflt_clz.o
       162          0          0          0          0         84   dfltll_clz.o
       120          4          0          0          0         92   dleqf.o
       340         12          0          0          0        104   dmul.o
       156          4          0          0          0         92   dnaninf.o
        12          0          0          0          0         68   dretinf.o
       108          0          0          0          0         80   drleqf.o
        86          4          0          0          0         84   f2d.o
       450          8          0          0          0        236   faddsub_clz.o
        24          0          0          0          0         68   fcmpi.o
       388         76          0          0          0         96   fdiv.o
       104          4          0          0          0         84   feqf.o
        54          4          0          0          0         84   ffix.o
        62          4          0          0          0         84   ffixu.o
        86          0          0          0          0        136   fflt_clz.o
        96          0          0          0          0         84   ffltll_clz.o
       104          4          0          0          0         84   fleqf.o
       258          4          0          0          0         84   fmul.o
       140          4          0          0          0         84   fnaninf.o
         0          0         16          0          0          0   fpconst.o
        10          0          0          0          0         68   fretinf.o
        98          0          0          0          0         68   frleqf.o
         6          0          0          0          0         68   istatus.o
       100          0          0          0          0         68   retnan.o
        92          0          0          0          0         68   scalbn.o
         4          0          0          0          0         68   scanf1.o
         8          0          0          0          0         84   scanf2.o
        48          0          0          0          0         68   trapv.o
         0          0          0          0          0          0   usenofp.o
        30          6          0          0          0        136   dunder.o
       220         16          0          0          0         84   floor.o
        88          8          0          0          0         76   frexp.o
       138          0          0          0          0        160   ldexp.o
       204          4          0          0          0        168   narrow.o

    ----------------------------------------------------------------------
     16406        630        464          0         96      10432   Library Totals
        32          2          0          0          0          0   (incl. Padding)

    ----------------------------------------------------------------------

      Code (inc. data)   RO Data    RW Data    ZI Data      Debug   Library Name

     10344        282        448          0         96       6208   c_w.l
      5350        312         16          0          0       3600   fz_ws.l
       680         34          0          0          0        624   m_ws.l

    ----------------------------------------------------------------------
     16406        630        464          0         96      10432   Library Totals

    ----------------------------------------------------------------------

==============================================================================


      Code (inc. data)   RO Data    RW Data    ZI Data      Debug   

    118566       4062     129530       1788      14364     923805   Grand Totals
    118566       4062     129530       1228      14364     923805   ELF Image Totals (compressed)
    118566       4062     129530       1228          0          0   ROM Totals

==============================================================================

    Total RO  Size (Code + RO Data)               248096 ( 242.28kB)
    Total RW  Size (RW Data + ZI Data)             16152 (  15.77kB)
    Total ROM Size (Code + RO Data + RW Data)     249324 ( 243.48kB)

==============================================================================

