Component: ARM Compiler 5.06 update 5 (build 528) Tool: armlink [4d35e2]

==============================================================================

Section Cross References

    system_stm32f10x.o(.text) refers to system_stm32f10x.o(.data) for .data
    main.o(.text) refers to misc.o(.text) for NVIC_PriorityGroupConfig
    main.o(.text) refers to platform.o(.text) for systick_init
    main.o(.text) refers to led.o(.text) for led_init
    main.o(.text) refers to button.o(.text) for button_init
    main.o(.text) refers to lcd_driver.o(.text) for TFT_Init
    main.o(.text) refers to flash.o(.text) for FLASH_Init
    main.o(.text) refers to touch.o(.text) for TOUCH_Init
    main.o(.text) refers to tim.o(.text) for TIM3_Init
    main.o(.text) refers to rtc.o(.text) for rtc_init
    main.o(.text) refers to demo_main.o(.text) for gui_app_start
    sys.o(.text) refers to misc.o(.text) for NVIC_PriorityGroupConfig
    usart.o(.text) refers (Special) to use_no_semi_2.o(.text) for __use_no_semihosting
    usart.o(.text) refers to stm32f10x_rcc.o(.text) for RCC_APB2PeriphClockCmd
    usart.o(.text) refers to stm32f10x_gpio.o(.text) for GPIO_Init
    usart.o(.text) refers to misc.o(.text) for NVIC_Init
    usart.o(.text) refers to stm32f10x_usart.o(.text) for USART_Init
    usart.o(.text) refers to usart.o(.data) for .data
    usart.o(.text) refers to usart.o(.bss) for .bss
    usart.o(.bss) refers (Special) to use_no_semi_2.o(.text) for __use_no_semihosting
    usart.o(.data) refers (Special) to use_no_semi_2.o(.text) for __use_no_semihosting
    usart.o(.data) refers (Special) to use_no_semi_2.o(.text) for __use_no_semihosting
    startup_stm32f10x_hd.o(STACK) refers (Special) to heapauxi.o(.text) for __use_two_region_memory
    startup_stm32f10x_hd.o(HEAP) refers (Special) to heapauxi.o(.text) for __use_two_region_memory
    startup_stm32f10x_hd.o(RESET) refers (Special) to heapauxi.o(.text) for __use_two_region_memory
    startup_stm32f10x_hd.o(RESET) refers to startup_stm32f10x_hd.o(STACK) for __initial_sp
    startup_stm32f10x_hd.o(RESET) refers to startup_stm32f10x_hd.o(.text) for Reset_Handler
    startup_stm32f10x_hd.o(RESET) refers to stm32f10x_it.o(.text) for NMI_Handler
    startup_stm32f10x_hd.o(RESET) refers to sys_tick.o(.text) for SysTick_Handler
    startup_stm32f10x_hd.o(RESET) refers to rtc.o(.text) for RTC_IRQHandler
    startup_stm32f10x_hd.o(RESET) refers to main_loop_stm32_raw.o(.text) for TIM3_IRQHandler
    startup_stm32f10x_hd.o(RESET) refers to usart.o(.text) for USART1_IRQHandler
    startup_stm32f10x_hd.o(RESET) refers to tim.o(.text) for TIM5_IRQHandler
    startup_stm32f10x_hd.o(.text) refers (Special) to heapauxi.o(.text) for __use_two_region_memory
    startup_stm32f10x_hd.o(.text) refers to system_stm32f10x.o(.text) for SystemInit
    startup_stm32f10x_hd.o(.text) refers to __main.o(!!!main) for __main
    startup_stm32f10x_hd.o(.text) refers to startup_stm32f10x_hd.o(HEAP) for Heap_Mem
    startup_stm32f10x_hd.o(.text) refers to startup_stm32f10x_hd.o(STACK) for Stack_Mem
    stm32f10x_gpio.o(.text) refers to stm32f10x_rcc.o(.text) for RCC_APB2PeriphResetCmd
    stm32f10x_rcc.o(.text) refers to stm32f10x_rcc.o(.data) for .data
    stm32f10x_usart.o(.text) refers to stm32f10x_rcc.o(.text) for RCC_APB2PeriphResetCmd
    stm32f10x_wwdg.o(.text) refers to stm32f10x_rcc.o(.text) for RCC_APB1PeriphResetCmd
    stm32f10x_tim.o(.text) refers to stm32f10x_rcc.o(.text) for RCC_APB2PeriphResetCmd
    stm32f10x_bkp.o(.text) refers to stm32f10x_rcc.o(.text) for RCC_BackupResetCmd
    stm32f10x_pwr.o(.text) refers to stm32f10x_rcc.o(.text) for RCC_APB1PeriphResetCmd
    stm32f10x_spi.o(.text) refers to stm32f10x_rcc.o(.text) for RCC_APB2PeriphResetCmd
    led.o(.text) refers to stm32f10x_rcc.o(.text) for RCC_APB2PeriphClockCmd
    led.o(.text) refers to stm32f10x_gpio.o(.text) for GPIO_Init
    led.o(.text) refers to sys_tick.o(.text) for delay_ms
    led.o(.text) refers to led.o(.data) for .data
    lcd_driver.o(.text) refers to stm32f10x_rcc.o(.text) for RCC_APB2PeriphClockCmd
    lcd_driver.o(.text) refers to stm32f10x_gpio.o(.text) for GPIO_Init
    lcd_driver.o(.text) refers to stm32f10x_fsmc.o(.text) for FSMC_NORSRAMInit
    button.o(.text) refers to stm32f10x_rcc.o(.text) for RCC_APB2PeriphClockCmd
    button.o(.text) refers to stm32f10x_gpio.o(.text) for GPIO_Init
    button.o(.text) refers to sys_tick.o(.text) for delay_ms
    button.o(.text) refers to button.o(.data) for .data
    tim.o(.text) refers to stm32f10x_rcc.o(.text) for RCC_APB1PeriphClockCmd
    tim.o(.text) refers to stm32f10x_gpio.o(.text) for GPIO_Init
    tim.o(.text) refers to stm32f10x_tim.o(.text) for TIM_TimeBaseInit
    tim.o(.text) refers to misc.o(.text) for NVIC_Init
    tim.o(.text) refers to tim.o(.data) for .data
    rtc.o(.text) refers to _printf_percent.o(.ARM.Collect$$_printf_percent$$00000000) for _printf_percent
[...]
    0x0800781c   0x0800781c   0x00000038   Code   RO         1263    .text               group_box.o
    0x08007854   0x08007854   0x00000200   Code   RO         1281    .text               image.o
    0x08007a54   0x08007a54   0x000003d4   Code   RO         1304    .text               image_manager.o
    0x08007e28   0x08007e28   0x000003c8   Code   RO         1355    .text               label.o
    0x080081f0   0x080081f0   0x00000340   Code   RO         1382    .text               lcd.o
    0x08008530   0x08008530   0x000000c4   Code   RO         1409    .text               main_loop.o
    0x080085f4   0x080085f4   0x000002a4   Code   RO         1432    .text               mem.o
    0x08008898   0x08008898   0x00000456   Code   RO         1447    .text               progress_bar.o
    0x08008cee   0x08008cee   0x00000002   PAD
    0x08008cf0   0x08008cf0   0x000002f8   Code   RO         1467    .text               rect.o
    0x08008fe8   0x08008fe8   0x000001e4   Code   RO         1483    .text               theme.o
    0x080091cc   0x080091cc   0x00000250   Code   RO         1501    .text               utf8.o
    0x0800941c   0x0800941c   0x000007fc   Code   RO         1517    .text               value.o
    0x08009c18   0x08009c18   0x00003d58   Code   RO         1530    .text               widget.o
    0x0800d970   0x0800d970   0x000002fc   Code   RO         1636    .text               widget_vtable.o
    0x0800dc6c   0x0800dc6c   0x000000f4   Code   RO         1705    .text               window.o
    0x0800dd60   0x0800dd60   0x00000620   Code   RO         1725    .text               window_manager.o
    0x0800e380   0x0800e380   0x000006ac   Code   RO         1808    .text               wstr.o
    0x0800ea2c   0x0800ea2c   0x000006c4   Code   RO         1830    .text               utils.o
    0x0800f0f0   0x0800f0f0   0x00000230   Code   RO         1864    .text               events.o
    0x0800f320   0x0800f320   0x000000fc   Code   RO         1933    .text               timer.o
    0x0800f41c   0x0800f41c   0x000001f4   Code   RO         1945    .text               layout.o
    0x0800f610   0x0800f610   0x00000110   Code   RO         1963    .text               event_queue.o
    0x0800f720   0x0800f720   0x00000cd8   Code   RO         1997    .text               slider.o
    0x080103f8   0x080103f8   0x0000008a   Code   RO         2020    .text               idle.o
    0x08010482   0x08010482   0x00000002   PAD
    0x08010484   0x08010484   0x00000484   Code   RO         2032    .text               system_info.o
    0x08010908   0x08010908   0x00000098   Code   RO         2078    .text               image_loader.o
    0x080109a0   0x080109a0   0x0000089c   Code   RO         2110    .text               str.o
    0x0801123c   0x0801123c   0x000002c4   Code   RO         2126    .text               main_loop_simple.o
    0x08011500   0x08011500   0x000001f8   Code   RO         2145    .text               pages.o
    0x080116f8   0x080116f8   0x00001730   Code   RO         2165    .text               edit.o
    0x08012e28   0x08012e28   0x00000030   Code   RO         2192    .text               view.o
    0x08012e58   0x08012e58   0x000001ac   Code   RO         2210    .text               velocity.o
    0x08013004   0x08013004   0x00000138   Code   RO         2225    .text               widget_factory.o
    0x0801313c   0x0801313c   0x00000210   Code   RO         2243    .text               tokenizer.o
    0x0801334c   0x0801334c   0x00000238   Code   RO         2255    .text               input_method.o
    0x08013584   0x08013584   0x00000074   Code   RO         2285    .text               input_engine.o
    0x080135f8   0x080135f8   0x0000012c   Code   RO         2297    .text               spin_box.o
    0x08013724   0x08013724   0x00000368   Code   RO         2316    .text               dragger.o
    0x08013a8c   0x08013a8c   0x00000064   Code   RO         2336    .text               dialog_client.o
    0x08013af0   0x08013af0   0x00000054   Code   RO         2354    .text               dialog_title.o
    0x08013b44   0x08013b44   0x0000037c   Code   RO         2372    .text               awtk_global.o
    0x08013ec0   0x08013ec0   0x0000005c   Code   RO         2720    .text               input_method_creator.o
    0x08013f1c   0x08013f1c   0x00000038   Code   RO         2736    .text               button_group.o
    0x08013f54   0x08013f54   0x00000284   Code   RO         2754    .text               color_parser.o
    0x080141d8   0x080141d8   0x000009d4   Code   RO         2772    .text               combo_box.o
    0x08014bac   0x08014bac   0x000002e4   Code   RO         2814    .text               combo_box_item.o
    0x08014e90   0x08014e90   0x0000028c   Code   RO         2846    .text               fs.o
    0x0801511c   0x0801511c   0x00000080   Code   RO         2878    .text               line_break.o
    0x0801519c   0x0801519c   0x00000224   Code   RO         2916    .text               popup.o
    0x080153c0   0x080153c0   0x0000045c   Code   RO         2971    .text               tab_button.o
    0x0801581c   0x0801581c   0x00000550   Code   RO         2991    .text               tab_button_group.o
    0x08015d6c   0x08015d6c   0x00000038   Code   RO         3012    .text               tab_control.o
    0x08015da4   0x08015da4   0x00000066   Code   RO         3030    .text               ui_builder.o
    0x08015e0a   0x08015e0a   0x00000002   PAD
    0x08015e0c   0x08015e0c   0x00000846   Code   RO         3045    .text               vgcanvas.o
    0x08016652   0x08016652   0x00000002   PAD
    0x08016654   0x08016654   0x000000f0   Code   RO         3165    .text               ui_builder_default.o
    0x08016744   0x08016744   0x00000060   Code   RO         3182    .text               ui_loader.o
    0x080167a4   0x080167a4   0x00000108   Code   RO         3197    .text               ui_loader_default.o
    0x080168ac   0x080168ac   0x000000ac   Code   RO         3267    .text               window_open.o
    0x08016958   0x08016958   0x0000028c   Code   RO         3310    .text               color_tile.o
    0x08016be4   0x08016be4   0x0000036c   Code   RO         3330    .text               assets_manager.o
    0x08016f50   0x08016f50   0x00000228   Code   RO         3345    .text               locale_info.o
    0x08017178   0x08017178   0x000002e4   Code   RO         3360    .text               path.o
    0x0801745c   0x0801745c   0x00000030   Code   RO         3372    .text               app_bar.o
    0x0801748c   0x0801748c   0x00000030   Code   RO         3390    .text               column.o
    0x080174bc   0x080174bc   0x00000030   Code   RO         3408    .text               grid.o
    0x080174ec   0x080174ec   0x00000030   Code   RO         3426    .text               row.o
    0x0801751c   0x0801751c   0x000002c4   Code   RO         3444    .text               calibration_win.o
    0x080177e0   0x080177e0   0x00000148   Code   RO         3462    .text               font_loader_bitmap.o
    0x08017928   0x08017928   0x0000001a   Code   RO         3491    .text               font_loader.o
    0x08017942   0x08017942   0x00000002   PAD
    0x08017944   0x08017944   0x000006b2   Code   RO         3506    .text               window_base.o
    0x08017ff6   0x08017ff6   0x00000016   Code   RO         3526    .text               time_now.o
    0x0801800c   0x0801800c   0x000002bc   Code   RO         3538    .text               style.o
    0x080182c8   0x080182c8   0x00000180   Code   RO         3553    .text               style_const.o
    0x08018448   0x08018448   0x00000024   Code   RO         3570    .text               style_factory.o
    0x0801846c   0x0801846c   0x0000007c   Code   RO         3608    .text               clip_board_default.o
    0x080184e8   0x080184e8   0x000000c4   Code   RO         3625    .text               clip_board.o
    0x080185ac   0x080185ac   0x000005a4   Code   RO         3642    .text               image_base.o
    0x08018b50   0x08018b50   0x00000030   Code   RO         3656    .text               grid_item.o
    0x08018b80   0x08018b80   0x00000358   Code   RO         3674    .text               input_device_status.o
    0x08018ed8   0x08018ed8   0x0000017c   Code   RO         3688    .text               system_bar.o
    0x08019054   0x08019054   0x00000864   Code   RO         3708    .text               children_layouter_default.o
    0x080198b8   0x080198b8   0x000005d4   Code   RO         3729    .text               self_layouter_default.o
    0x08019e8c   0x08019e8c   0x000000e8   Code   RO         3747    .text               children_layouter.o
    0x08019f74   0x08019f74   0x000000d4   Code   RO         3762    .text               self_layouter.o
    0x0801a048   0x0801a048   0x0000010c   Code   RO         3798    .text               func_call_parser.o
    0x0801a154   0x0801a154   0x00000078   Code   RO         3819    .text               event.o
    0x0801a1cc   0x0801a1cc   0x000000ec   Code   RO         3832    .text               named_value.o
    0x0801a2b8   0x0801a2b8   0x000006fc   Code   RO         3848    .text               object.o
    0x0801a9b4   0x0801a9b4   0x00000436   Code   RO         3861    .text               object_default.o
    0x0801adea   0x0801adea   0x00000002   PAD
    0x0801adec   0x0801adec   0x00000084   Code   RO         3900    .text               timer_info.o
    0x0801ae70   0x0801ae70   0x00000238   Code   RO         3924    .text               timer_manager.o
    0x0801b0a8   0x0801b0a8   0x00000178   Code   RO         3939    .text               idle_manager.o
    0x0801b220   0x0801b220   0x00000074   Code   RO         3960    .text               idle_info.o
    0x0801b294   0x0801b294   0x000001f8   Code   RO         3975    .text               slist.o
    0x0801b48c   0x0801b48c   0x00000320   Code   RO         3991    .text               darray.o
    0x0801b7ac   0x0801b7ac   0x00001278   Code   RO         4004    .text               expr_eval.o
    0x0801ca24   0x0801ca24   0x00000002   Code   RO         4018    .text               lcd_profile.o
    0x0801ca26   0x0801ca26   0x00000002   PAD
    0x0801ca28   0x0801ca28   0x000000fc   Code   RO         4045    .text               window_animator_factory.o
    0x0801cb24   0x0801cb24   0x0000014c   Code   RO         4060    .text               dialog_highlighter.o
    0x0801cc70   0x0801cc70   0x0000012c   Code   RO         4073    .text               dialog_highlighter_factory.o
    0x0801cd9c   0x0801cd9c   0x00000020   Code   RO         4091    .text               children_layouter_builtins.o
    0x0801cdbc   0x0801cdbc   0x00000120   Code   RO         4112    .text               children_layouter_parser.o
    0x0801cedc   0x0801cedc   0x00000038   Code   RO         4133    .text               self_layouter_builtins.o
    0x0801cf14   0x0801cf14   0x00000088   Code   RO         4154    .text               self_layouter_parser.o
    0x0801cf9c   0x0801cf9c   0x000000ec   Code   RO         4175    .text               children_layouter_factory.o
    0x0801d088   0x0801d088   0x000000ec   Code   RO         4190    .text               self_layouter_factory.o
    0x0801d174   0x0801d174   0x00000030   Code   RO         4205    .text               overlay.o
    0x0801d1a4   0x0801d1a4   0x00000544   Code   RO         4237    .text               style_mutable.o
    0x0801d6e8   0x0801d6e8   0x00001ea8   Code   RO         4290    .text               text_edit.o
    0x0801f590   0x0801f590   0x00000428   Code   RO         4420    .text               self_layouter_menu.o
    0x0801f9b8   0x0801f9b8   0x00000570   Code   RO         4438    .text               hscrollable.o
    0x0801ff28   0x0801ff28   0x0000024a   Code   RO         4451    .text               native_window.o
    0x08020172   0x08020172   0x00000002   PAD
    0x08020174   0x08020174   0x000000f8   Code   RO         4463    .text               native_window_raw.o
    0x0802026c   0x0802026c   0x00001064   Code   RO         4482    .text               window_manager_default.o
    0x080212d0   0x080212d0   0x00000518   Code   RO         4504    .text               dialog_helper.o
    0x080217e8   0x080217e8   0x0000036c   Code   RO         4522    .text               widgets.o
    0x08021b54   0x08021b54   0x00000034   Code   RO         4597    .text               ui_feedback.o
    0x08021b88   0x08021b88   0x00000038   Code   RO         4614    .text               emojidef.o
    0x08021bc0   0x08021bc0   0x000003e0   Code   RO         4677    .text               linebreak.o
    0x08021fa0   0x08021fa0   0x00000104   Code   RO         4747    .text               unibreakdef.o
    0x080220a4   0x080220a4   0x00000448   Code   RO         4759    .text               wordbreak.o
    0x080224ec   0x080224ec   0x00000168   Code   RO         4782    .text               graphic_buffer.o
    0x08022654   0x08022654   0x00000934   Code   RO         4796    .text               lcd_stm32_raw.o
    0x08022f88   0x08022f88   0x000000b8   Code   RO         4835    .text               main_loop_stm32_raw.o
    0x08023040   0x08023040   0x0000005c   Code   RO         4992    .text               platform.o
    0x0802309c   0x0802309c   0x00000014   Code   RO         5006    .text               mutex_null.o
    0x080230b0   0x080230b0   0x00000040   Code   RO         5023    .text               sys_tick.o
    0x080230f0   0x080230f0   0x00000004   Code   RO         5037    .text               fs_os.o
    0x080230f4   0x080230f4   0x0000001c   Code   RO         5049    .text               demo_main.o
    0x08023110   0x08023110   0x00000534   Code   RO         5064    .text               demo1_app.o
    0x08023644   0x08023644   0x0000019c   Code   RO         5079    .text               assets-mini.o
    0x080237e0   0x080237e0   0x00000002   Code   RO         5129    .text               c_w.l(use_no_semi_2.o)
    0x080237e2   0x080237e2   0x00000002   PAD
    0x080237e4   0x080237e4   0x00000010   Code   RO         5131    .text               c_w.l(rt_ctype_table.o)
    0x080237f4   0x080237f4   0x000000ee   Code   RO         5133    .text               c_w.l(lludivv7m.o)
    0x080238e2   0x080238e2   0x0000001a   Code   RO         5135    .text               c_w.l(tolower.o)
    0x080238fc   0x080238fc   0x0000001e   Code   RO         5137    .text               c_w.l(toupper.o)
    0x0802391a   0x0802391a   0x00000004   Code   RO         5139    .text               c_w.l(iswspace.o)
    0x0802391e   0x0802391e   0x00000002   PAD
    0x08023920   0x08023920   0x00000034   Code   RO         5141    .text               c_w.l(vsnprintf.o)
    0x08023954   0x08023954   0x00000018   Code   RO         5143    .text               c_w.l(__2printf.o)
    0x0802396c   0x0802396c   0x00000078   Code   RO         5149    .text               c_w.l(_printf_dec.o)
    0x080239e4   0x080239e4   0x00000188   Code   RO         5168    .text               c_w.l(__printf_flags_ss_wp.o)
    0x08023b6c   0x08023b6c   0x00000034   Code   RO         5173    .text               c_w.l(vsscanf.o)
    0x08023ba0   0x08023ba0   0x00000070   Code   RO         5175    .text               c_w.l(strtol.o)
    0x08023c10   0x08023c10   0x00000072   Code   RO         5177    .text               c_w.l(strtoul.o)
    0x08023c82   0x08023c82   0x00000050   Code   RO         5179    .text               c_w.l(bsearchnoex.o)
    0x08023cd2   0x08023cd2   0x00000014   Code   RO         5181    .text               c_w.l(strchr.o)
    0x08023ce6   0x08023ce6   0x00000024   Code   RO         5183    .text               c_w.l(strstr.o)
    0x08023d0a   0x08023d0a   0x00000058   Code   RO         5185    .text               c_w.l(memcmp.o)
    0x08023d62   0x08023d62   0x00000048   Code   RO         5187    .text               c_w.l(strcpy.o)
    0x08023daa   0x08023daa   0x00000016   Code   RO         5191    .text               c_w.l(strrchr.o)
    0x08023dc0   0x08023dc0   0x0000003e   Code   RO         5193    .text               c_w.l(strlen.o)
    0x08023dfe   0x08023dfe   0x00000012   Code   RO         5195    .text               c_w.l(wcscpy.o)
    0x08023e10   0x08023e10   0x00000018   Code   RO         5197    .text               c_w.l(wcscmp.o)
    0x08023e28   0x08023e28   0x00000016   Code   RO         5199    .text               c_w.l(wcschr.o)
    0x08023e3e   0x08023e3e   0x00000012   Code   RO         5201    .text               c_w.l(wcslen.o)
    0x08023e50   0x08023e50   0x00000096   Code   RO         5203    .text               c_w.l(strncmp.o)
    0x08023ee6   0x08023ee6   0x0000008a   Code   RO         5205    .text               c_w.l(rt_memcpy_v6.o)
    0x08023f70   0x08023f70   0x00000084   Code   RO         5207    .text               c_w.l(rt_memmove_v6.o)
    0x08023ff4   0x08023ff4   0x00000064   Code   RO         5209    .text               c_w.l(rt_memcpy_w.o)
    0x08024058   0x08024058   0x0000007a   Code   RO         5211    .text               c_w.l(rt_memmove_w.o)
    0x080240d2   0x080240d2   0x00000044   Code   RO         5215    .text               c_w.l(rt_memclr.o)
    0x08024116   0x08024116   0x0000004e   Code   RO         5217    .text               c_w.l(rt_memclr_w.o)
    0x08024164   0x08024164   0x00000056   Code   RO         5219    .text               c_w.l(strncpy.o)
    0x080241ba   0x080241ba   0x00000002   PAD
    0x080241bc   0x080241bc   0x00000080   Code   RO         5221    .text               c_w.l(strcmpv7m.o)
    0x0802423c   0x0802423c   0x00000006   Code   RO         5223    .text               c_w.l(heapauxi.o)
    0x08024242   0x08024242   0x00000002   Code   RO         5421    .text               c_w.l(use_no_semi.o)
    0x08024244   0x08024244   0x00000008   Code   RO         5431    .text               c_w.l(rt_locale_intlibspace.o)
    0x0802424c   0x0802424c   0x00000008   Code   RO         5436    .text               c_w.l(rt_errno_addr_intlibspace.o)
    0x08024254   0x08024254   0x00000016   Code   RO         5438    .text               c_w.l(_rserrno.o)
    0x0802426a   0x0802426a   0x0000000c   Code   RO         5440    .text               c_w.l(_iswspace.o)
    0x08024276   0x08024276   0x0000004e   Code   RO         5442    .text               c_w.l(_printf_pad.o)
    0x080242c4   0x080242c4   0x00000024   Code   RO         5444    .text               c_w.l(_printf_truncate.o)
    0x080242e8   0x080242e8   0x00000052   Code   RO         5446    .text               c_w.l(_printf_str.o)
    0x0802433a   0x0802433a   0x000000b2   Code   RO         5448    .text               c_w.l(_printf_intcommon.o)
    0x080243ec   0x080243ec   0x00000028   Code   RO         5450    .text               c_w.l(_printf_charcount.o)
    0x08024414   0x08024414   0x00000030   Code   RO         5452    .text               c_w.l(_printf_char_common.o)
    0x08024444   0x08024444   0x0000000a   Code   RO         5454    .text               c_w.l(_sputc.o)
    0x0802444e   0x0802444e   0x00000010   Code   RO         5456    .text               c_w.l(_snputc.o)
    0x0802445e   0x0802445e   0x00000002   PAD
    0x08024460   0x08024460   0x00000024   Code   RO         5458    .text               c_w.l(_printf_char_file.o)
    0x08024484   0x08024484   0x000000bc   Code   RO         5460    .text               c_w.l(_printf_wctomb.o)
    0x08024540   0x08024540   0x0000007c   Code   RO         5463    .text               c_w.l(_printf_longlong_dec.o)
    0x080245bc   0x080245bc   0x00000070   Code   RO         5469    .text               c_w.l(_printf_oct_int_ll.o)
    0x0802462c   0x0802462c   0x00000094   Code   RO         5489    .text               c_w.l(_printf_hex_int_ll_ptr.o)
    0x080246c0   0x080246c0   0x00000156   Code   RO         5514    .text               c_w.l(_scanf_longlong.o)
    0x08024816   0x08024816   0x0000014c   Code   RO         5516    .text               c_w.l(_scanf_int.o)
    0x08024962   0x08024962   0x000000e0   Code   RO         5518    .text               c_w.l(_scanf_str.o)
    0x08024a42   0x08024a42   0x00000002   PAD
    0x08024a44   0x08024a44   0x0000002c   Code   RO         5520    .text               c_w.l(scanf_char.o)
    0x08024a70   0x08024a70   0x00000040   Code   RO         5522    .text               c_w.l(_sgetc.o)
    0x08024ab0   0x08024ab0   0x0000009e   Code   RO         5524    .text               c_w.l(_strtoul.o)
    0x08024b4e   0x08024b4e   0x00000002   PAD
    0x08024b50   0x08024b50   0x000000a4   Code   RO         5526    .text               c_w.l(strtod.o)
    0x08024bf4   0x08024bf4   0x00000114   Code   RO         5528    .text               c_w.l(_scanf_mbtowc.o)
    0x08024d08   0x08024d08   0x000000e8   Code   RO         5530    .text               c_w.l(_scanf_wctomb.o)
    0x08024df0   0x08024df0   0x000000d0   Code   RO         5532    .text               c_w.l(_scanf_wstr.o)
    0x08024ec0   0x08024ec0   0x00000008   Code   RO         5605    .text               c_w.l(libspace.o)
    0x08024ec8   0x08024ec8   0x0000008a   Code   RO         5625    .text               c_w.l(lludiv10.o)
    0x08024f52   0x08024f52   0x00000012   Code   RO         5627    .text               c_w.l(isspace.o)
    0x08024f64   0x08024f64   0x00000064   Code   RO         5629    .text               c_w.l(wclass_c.o)
    0x08024fc8   0x08024fc8   0x0000041e   Code   RO         5631    .text               c_w.l(_printf_fp_dec.o)
    0x080253e6   0x080253e6   0x00000002   PAD
    0x080253e8   0x080253e8   0x000002fc   Code   RO         5633    .text               c_w.l(_printf_fp_hex.o)
    0x080256e4   0x080256e4   0x0000002c   Code   RO         5638    .text               c_w.l(_printf_char.o)
    0x08025710   0x08025710   0x0000002c   Code   RO         5640    .text               c_w.l(_printf_wchar.o)
    0x0802573c   0x0802573c   0x0000001c   Code   RO         5642    .text               c_w.l(_chval.o)
    0x08025758   0x08025758   0x00000374   Code   RO         5644    .text               c_w.l(_scanf.o)
    0x08025acc   0x08025acc   0x000004f8   Code   RO         5646    .text               c_w.l(scanf_fp.o)
    0x08025fc4   0x08025fc4   0x0000001e   Code   RO         5648    .text               c_w.l(_scanf_wcharmap.o)
    0x08025fe2   0x08025fe2   0x00000008   Code   RO         5650    .text               c_w.l(ferror.o)
    0x08025fea   0x08025fea   0x0000003c   Code   RO         5654    .text               c_w.l(_mbrtowc.o)
    0x08026026   0x08026026   0x00000040   Code   RO         5656    .text               c_w.l(_wcrtomb.o)
    0x08026066   0x08026066   0x0000004a   Code   RO         5708    .text               c_w.l(sys_stackheap_outer.o)
    0x080260b0   0x080260b0   0x00000080   Code   RO         5710    .text               c_w.l(_printf_fp_infnan.o)
    0x08026130   0x08026130   0x000000e4   Code   RO         5712    .text               c_w.l(bigflt0.o)
    0x08026214   0x08026214   0x00000012   Code   RO         5737    .text               c_w.l(exit.o)
    0x08026226   0x08026226   0x00000002   PAD
    0x08026228   0x08026228   0x00000320   Code   RO         5777    .text               c_w.l(scanf_hexfp.o)
    0x08026548   0x08026548   0x00000134   Code   RO         5779    .text               c_w.l(scanf_infnan.o)
    0x0802667c   0x0802667c   0x00000026   Code   RO         5804    .text               c_w.l(llshl.o)
    0x080266a2   0x080266a2   0x0000003e   Code   RO         5715    CL$$btod_d2e        c_w.l(btod.o)
    0x080266e0   0x080266e0   0x00000046   Code   RO         5717    CL$$btod_d2e_denorm_low  c_w.l(btod.o)
    0x08026726   0x08026726   0x00000060   Code   RO         5716    CL$$btod_d2e_norm_op1  c_w.l(btod.o)
    0x08026786   0x08026786   0x00000338   Code   RO         5725    CL$$btod_div_common  c_w.l(btod.o)
    0x08026abe   0x08026abe   0x00000002   PAD
    0x08026ac0   0x08026ac0   0x00000084   Code   RO         5723    CL$$btod_e2d        c_w.l(btod.o)
    0x08026b44   0x08026b44   0x000000dc   Code   RO         5722    CL$$btod_e2e        c_w.l(btod.o)
    0x08026c20   0x08026c20   0x0000002a   Code   RO         5719    CL$$btod_ediv       c_w.l(btod.o)
    0x08026c4a   0x08026c4a   0x0000002a   Code   RO         5721    CL$$btod_edivd      c_w.l(btod.o)
    0x08026c74   0x08026c74   0x0000002a   Code   RO         5718    CL$$btod_emul       c_w.l(btod.o)
    0x08026c9e   0x08026c9e   0x0000002a   Code   RO         5720    CL$$btod_emuld      c_w.l(btod.o)
    0x08026cc8   0x08026cc8   0x00000244   Code   RO         5724    CL$$btod_mult_common  c_w.l(btod.o)
    0x08026f0c   0x08026f0c   0x00000028   Code   RO         5583    i.__ARM_fpclassify  m_ws.l(fpclassify.o)
    0x08026f34   0x08026f34   0x00000388   Code   RO         5588    i.__ieee754_rem_pio2  m_ws.l(rred.o)
    0x080272bc   0x080272bc   0x000000fc   Code   RO         5566    i.__kernel_cos      m_ws.l(cos_i.o)
    0x080273b8   0x080273b8   0x000000aa   Code   RO         5585    i.__kernel_poly     m_ws.l(poly.o)
    0x08027462   0x08027462   0x00000002   PAD
    0x08027464   0x08027464   0x000000ec   Code   RO         5593    i.__kernel_sin      m_ws.l(sin_i.o)
    0x08027550   0x08027550   0x0000027c   Code   RO         5599    i.__kernel_tan      m_ws.l(tan_i.o)
    0x080277cc   0x080277cc   0x00000010   Code   RO         5569    i.__mathlib_dbl_divzero  m_ws.l(dunder.o)
    0x080277dc   0x080277dc   0x00000006   Code   RO         5570    i.__mathlib_dbl_infnan  m_ws.l(dunder.o)
    0x080277e2   0x080277e2   0x0000000c   Code   RO         5572    i.__mathlib_dbl_invalid  m_ws.l(dunder.o)
    0x080277ee   0x080277ee   0x0000000e   Code   RO         5573    i.__mathlib_dbl_overflow  m_ws.l(dunder.o)
    0x080277fc   0x080277fc   0x00000010   Code   RO         5575    i.__mathlib_dbl_underflow  m_ws.l(dunder.o)
    0x0802780c   0x0802780c   0x00000010   Code   RO         5767    i.__mathlib_narrow  m_ws.l(narrow.o)
    0x0802781c   0x0802781c   0x000000bc   Code   RO         5768    i.__mathlib_tofloat  m_ws.l(narrow.o)
    0x080278d8   0x080278d8   0x00000016   Code   RO         5815    i.__support_ldexp   m_ws.l(ldexp.o)
    0x080278ee   0x080278ee   0x0000000e   Code   RO         5161    i._is_digit         c_w.l(__printf_wp.o)
    0x080278fc   0x080278fc   0x0000027c   Code   RO         5310    i.acos              m_ws.l(acos.o)
    0x08027b78   0x08027b78   0x00000270   Code   RO         5320    i.asin              m_ws.l(asin.o)
    0x08027de8   0x08027de8   0x00000220   Code   RO         5330    i.atan              m_ws.l(atan.o)
    0x08028008   0x08028008   0x0000002a   Code   RO         5340    i.atof              m_ws.l(atof.o)
    0x08028032   0x08028032   0x00000002   PAD
    0x08028034   0x08028034   0x000000dc   Code   RO         5344    i.ceil              m_ws.l(ceil.o)
    0x08028110   0x08028110   0x0000009c   Code   RO         5348    i.cos               m_ws.l(cos.o)
    0x080281ac   0x080281ac   0x00000284   Code   RO         5356    i.exp               m_ws.l(exp.o)
    0x08028430   0x08028430   0x000000dc   Code   RO         5366    i.floor             m_ws.l(floor.o)
    0x0802850c   0x0802850c   0x00000058   Code   RO         5790    i.frexp             m_ws.l(frexp.o)
    0x08028564   0x08028564   0x00000074   Code   RO         5816    i.ldexp             m_ws.l(ldexp.o)
    0x080285d8   0x080285d8   0x0000035c   Code   RO         5370    i.log               m_ws.l(log.o)
    0x08028934   0x08028934   0x000000e4   Code   RO         5380    i.log10             m_ws.l(log10.o)
    0x08028a18   0x08028a18   0x000000a0   Code   RO         5398    i.sin               m_ws.l(sin.o)
    0x08028ab8   0x08028ab8   0x0000004c   Code   RO         5406    i.sqrt              m_ws.l(sqrt.o)
    0x08028b04   0x08028b04   0x00000064   Code   RO         5414    i.tan               m_ws.l(tan.o)
    0x08028b68   0x08028b68   0x0000002c   Code   RO         5535    locale$$code        c_w.l(lc_ctype_c.o)
    0x08028b94   0x08028b94   0x0000002c   Code   RO         5659    locale$$code        c_w.l(lc_numeric_c.o)
    0x08028bc0   0x08028bc0   0x00000062   Code   RO         5227    x$fpl$d2f           fz_ws.l(d2f.o)
    0x08028c22   0x08028c22   0x00000002   PAD
    0x08028c24   0x08028c24   0x00000150   Code   RO         5229    x$fpl$dadd          fz_ws.l(daddsub_clz.o)
    0x08028d74   0x08028d74   0x00000010   Code   RO         5537    x$fpl$dcheck1       fz_ws.l(dcheck1.o)
    0x08028d84   0x08028d84   0x00000018   Code   RO         5539    x$fpl$dcmpinf       fz_ws.l(dcmpi.o)
    0x08028d9c   0x08028d9c   0x000002b0   Code   RO         5236    x$fpl$ddiv          fz_ws.l(ddiv.o)
    0x0802904c   0x0802904c   0x00000078   Code   RO         5239    x$fpl$deqf          fz_ws.l(deqf.o)
    0x080290c4   0x080290c4   0x0000005e   Code   RO         5241    x$fpl$dfix          fz_ws.l(dfix.o)
    0x08029122   0x08029122   0x00000002   PAD
    0x08029124   0x08029124   0x0000005a   Code   RO         5249    x$fpl$dfixu         fz_ws.l(dfixu.o)
    0x0802917e   0x0802917e   0x0000002e   Code   RO         5254    x$fpl$dflt          fz_ws.l(dflt_clz.o)
    0x080291ac   0x080291ac   0x000000a2   Code   RO         5259    x$fpl$dfltll        fz_ws.l(dfltll_clz.o)
    0x0802924e   0x0802924e   0x00000026   Code   RO         5253    x$fpl$dfltu         fz_ws.l(dflt_clz.o)
    0x08029274   0x08029274   0x00000078   Code   RO         5263    x$fpl$dleqf         fz_ws.l(dleqf.o)
    0x080292ec   0x080292ec   0x00000154   Code   RO         5265    x$fpl$dmul          fz_ws.l(dmul.o)
    0x08029440   0x08029440   0x0000009c   Code   RO         5541    x$fpl$dnaninf       fz_ws.l(dnaninf.o)
    0x080294dc   0x080294dc   0x0000000c   Code   RO         5543    x$fpl$dretinf       fz_ws.l(dretinf.o)
    0x080294e8   0x080294e8   0x0000006c   Code   RO         5267    x$fpl$drleqf        fz_ws.l(drleqf.o)
    0x08029554   0x08029554   0x00000016   Code   RO         5230    x$fpl$drsb          fz_ws.l(daddsub_clz.o)
    0x0802956a   0x0802956a   0x00000002   PAD
    0x0802956c   0x0802956c   0x000001cc   Code   RO         5545    x$fpl$dsqrt         fz_ws.l(dsqrt_noumaal.o)
    0x08029738   0x08029738   0x000001d4   Code   RO         5231    x$fpl$dsub          fz_ws.l(daddsub_clz.o)
    0x0802990c   0x0802990c   0x00000056   Code   RO         5269    x$fpl$f2d           fz_ws.l(f2d.o)
    0x08029962   0x08029962   0x00000002   PAD
    0x08029964   0x08029964   0x000000c4   Code   RO         5271    x$fpl$fadd          fz_ws.l(faddsub_clz.o)
    0x08029a28   0x08029a28   0x0000000c   Code   RO         5547    x$fpl$fcheck1       fz_ws.l(fcheck1.o)
    0x08029a34   0x08029a34   0x00000018   Code   RO         5549    x$fpl$fcmpinf       fz_ws.l(fcmpi.o)
    0x08029a4c   0x08029a4c   0x00000184   Code   RO         5278    x$fpl$fdiv          fz_ws.l(fdiv.o)
    0x08029bd0   0x08029bd0   0x00000068   Code   RO         5281    x$fpl$feqf          fz_ws.l(feqf.o)
    0x08029c38   0x08029c38   0x00000036   Code   RO         5283    x$fpl$ffix          fz_ws.l(ffix.o)
    0x08029c6e   0x08029c6e   0x00000002   PAD
    0x08029c70   0x08029c70   0x0000003e   Code   RO         5287    x$fpl$ffixu         fz_ws.l(ffixu.o)
    0x08029cae   0x08029cae   0x00000002   PAD
    0x08029cb0   0x08029cb0   0x00000030   Code   RO         5292    x$fpl$fflt          fz_ws.l(fflt_clz.o)
    0x08029ce0   0x08029ce0   0x00000060   Code   RO         5297    x$fpl$ffltll        fz_ws.l(ffltll_clz.o)
    0x08029d40   0x08029d40   0x00000026   Code   RO         5291    x$fpl$ffltu         fz_ws.l(fflt_clz.o)
    0x08029d66   0x08029d66   0x00000002   PAD
    0x08029d68   0x08029d68   0x00000068   Code   RO         5299    x$fpl$fleqf         fz_ws.l(fleqf.o)
    0x08029dd0   0x08029dd0   0x00000102   Code   RO         5301    x$fpl$fmul          fz_ws.l(fmul.o)
    0x08029ed2   0x08029ed2   0x0000008c   Code   RO         5551    x$fpl$fnaninf       fz_ws.l(fnaninf.o)
    0x08029f5e   0x08029f5e   0x0000000a   Code   RO         5553    x$fpl$fretinf       fz_ws.l(fretinf.o)
    0x08029f68   0x08029f68   0x00000062   Code   RO         5303    x$fpl$frleqf        fz_ws.l(frleqf.o)
    0x08029fca   0x08029fca   0x00000014   Code   RO         5272    x$fpl$frsb          fz_ws.l(faddsub_clz.o)
    0x08029fde   0x08029fde   0x00000002   PAD
    0x08029fe0   0x08029fe0   0x000000ea   Code   RO         5273    x$fpl$fsub          fz_ws.l(faddsub_clz.o)
    0x0802a0ca   0x0802a0ca   0x00000006   Code   RO         5757    x$fpl$ieeestatus    fz_ws.l(istatus.o)
    0x0802a0d0   0x0802a0d0   0x000000c2   Code   RO         5245    x$fpl$llsfromd      fz_ws.l(dfixll.o)
    0x0802a192   0x0802a192   0x00000004   Code   RO         5555    x$fpl$printf1       fz_ws.l(printf1.o)
    0x0802a196   0x0802a196   0x00000004   Code   RO         5557    x$fpl$printf2       fz_ws.l(printf2.o)
    0x0802a19a   0x0802a19a   0x00000064   Code   RO         5706    x$fpl$retnan        fz_ws.l(retnan.o)
    0x0802a1fe   0x0802a1fe   0x0000005c   Code   RO         5305    x$fpl$scalbn        fz_ws.l(scalbn.o)
    0x0802a25a   0x0802a25a   0x0000004c   Code   RO         5307    x$fpl$scalbnf       fz_ws.l(scalbnf.o)
    0x0802a2a6   0x0802a2a6   0x00000004   Code   RO         5563    x$fpl$scanf1        fz_ws.l(scanf1.o)
    0x0802a2aa   0x0802a2aa   0x00000008   Code   RO         5759    x$fpl$scanf2        fz_ws.l(scanf2.o)
    0x0802a2b2   0x0802a2b2   0x00000030   Code   RO         5765    x$fpl$trapveneer    fz_ws.l(trapv.o)
    0x0802a2e2   0x0802a2e2   0x00000000   Code   RO         5565    x$fpl$usenofp       fz_ws.l(usenofp.o)
    0x0802a2e2   0x0802a2e2   0x00000018   Data   RO          514    .constdata          rtc.o
    0x0802a2fa   0x0802a2fa   0x00000948   Data   RO          572    .constdata          gui.o
    0x0802ac42   0x0802ac42   0x00000002   PAD
    0x0802ac44   0x0802ac44   0x00000047   Data   RO          607    .constdata          bitmap.o
    0x0802ac8b   0x0802ac8b   0x00000018   Data   RO          684    .constdata          buffer.o
    0x0802aca3   0x0802aca3   0x00000001   PAD
    0x0802aca4   0x0802aca4   0x00000080   Data   RO          706    .constdata          button_1.o
    0x0802ad24   0x0802ad24   0x00000100   Data   RO          942    .constdata          check_button.o
    0x0802ae24   0x0802ae24   0x0000000d   Data   RO          962    .constdata          color.o
    0x0802ae31   0x0802ae31   0x00000003   PAD
    0x0802ae34   0x0802ae34   0x00000080   Data   RO          975    .constdata          dialog.o
    0x0802aeb4   0x0802aeb4   0x00000023   Data   RO         1127    .constdata          emitter.o
    0x0802aed7   0x0802aed7   0x00000001   PAD
    0x0802aed8   0x0802aed8   0x00000930   Data   RO         1146    .constdata          enums.o
    0x0802b808   0x0802b808   0x0000000d   Data   RO         1176    .constdata          font.o
    0x0802b815   0x0802b815   0x00000014   Data   RO         1195    .constdata          font_manager.o
    0x0802b829   0x0802b829   0x00000003   PAD
    0x0802b82c   0x0802b82c   0x00000080   Data   RO         1264    .constdata          group_box.o
    0x0802b8ac   0x0802b8ac   0x00000080   Data   RO         1282    .constdata          image.o
    0x0802b92c   0x0802b92c   0x00000027   Data   RO         1305    .constdata          image_manager.o
    0x0802b953   0x0802b953   0x00000001   PAD
    0x0802b954   0x0802b954   0x00000080   Data   RO         1356    .constdata          label.o
    0x0802b9d4   0x0802b9d4   0x00000080   Data   RO         1448    .constdata          progress_bar.o
    0x0802ba54   0x0802ba54   0x0000000c   Data   RO         1468    .constdata          rect.o
    0x0802ba60   0x0802ba60   0x0000000d   Data   RO         1484    .constdata          theme.o
    0x0802ba6d   0x0802ba6d   0x00000100   Data   RO         1502    .constdata          utf8.o
    0x0802bb6d   0x0802bb6d   0x00000003   PAD
    0x0802bb70   0x0802bb70   0x00000004   Data   RO         1503    .constdata          utf8.o
    0x0802bb74   0x0802bb74   0x0000001d   Data   RO         1518    .constdata          value.o
    0x0802bb91   0x0802bb91   0x00000013   Data   RO         1531    .constdata          widget.o
    0x0802bba4   0x0802bba4   0x00000080   Data   RO         1637    .constdata          widget_vtable.o
    0x0802bc24   0x0802bc24   0x00000080   Data   RO         1706    .constdata          window.o
    0x0802bca4   0x0802bca4   0x00000014   Data   RO         1809    .constdata          wstr.o
    0x0802bcb8   0x0802bcb8   0x00000022   Data   RO         1831    .constdata          utils.o
    0x0802bcda   0x0802bcda   0x00000013   Data   RO         1964    .constdata          event_queue.o
    0x0802bced   0x0802bced   0x00000003   PAD
    0x0802bcf0   0x0802bcf0   0x00000080   Data   RO         1998    .constdata          slider.o
    0x0802bd70   0x0802bd70   0x0000002c   Data   RO         2033    .constdata          system_info.o
    0x0802bd9c   0x0802bd9c   0x00000017   Data   RO         2111    .constdata          str.o
    0x0802bdb3   0x0802bdb3   0x00000001   PAD
    0x0802bdb4   0x0802bdb4   0x00000080   Data   RO         2146    .constdata          pages.o
    0x0802be34   0x0802be34   0x00000080   Data   RO         2166    .constdata          edit.o
    0x0802beb4   0x0802beb4   0x00000080   Data   RO         2193    .constdata          view.o
    0x0802bf34   0x0802bf34   0x0000002e   Data   RO         2226    .constdata          widget_factory.o
    0x0802bf62   0x0802bf62   0x00000002   PAD
    0x0802bf64   0x0802bf64   0x00000080   Data   RO         2298    .constdata          spin_box.o
    0x0802bfe4   0x0802bfe4   0x00000080   Data   RO         2317    .constdata          dragger.o
    0x0802c064   0x0802c064   0x00000080   Data   RO         2337    .constdata          dialog_client.o
    0x0802c0e4   0x0802c0e4   0x00000080   Data   RO         2355    .constdata          dialog_title.o
    0x0802c164   0x0802c164   0x00000019   Data   RO         2721    .constdata          input_method_creator.o
    0x0802c17d   0x0802c17d   0x00000003   PAD
    0x0802c180   0x0802c180   0x00000080   Data   RO         2737    .constdata          button_group.o
    0x0802c200   0x0802c200   0x00000460   Data   RO         2755    .constdata          color_parser.o
    0x0802c660   0x0802c660   0x00000098   Data   RO         2773    .constdata          combo_box.o
    0x0802c6f8   0x0802c6f8   0x00000080   Data   RO         2815    .constdata          combo_box_item.o
    0x0802c778   0x0802c778   0x0000000a   Data   RO         2847    .constdata          fs.o
    0x0802c782   0x0802c782   0x00000002   PAD
    0x0802c784   0x0802c784   0x00000080   Data   RO         2917    .constdata          popup.o
    0x0802c804   0x0802c804   0x00000080   Data   RO         2972    .constdata          tab_button.o
    0x0802c884   0x0802c884   0x00000080   Data   RO         2992    .constdata          tab_button_group.o
    0x0802c904   0x0802c904   0x00000080   Data   RO         3013    .constdata          tab_control.o
    0x0802c984   0x0802c984   0x00000004   Data   RO         3198    .constdata          ui_loader_default.o
    0x0802c988   0x0802c988   0x00000080   Data   RO         3311    .constdata          color_tile.o
    0x0802ca08   0x0802ca08   0x00000016   Data   RO         3331    .constdata          assets_manager.o
    0x0802ca1e   0x0802ca1e   0x00000013   Data   RO         3346    .constdata          locale_info.o
    0x0802ca31   0x0802ca31   0x00000003   PAD
    0x0802ca34   0x0802ca34   0x00000080   Data   RO         3373    .constdata          app_bar.o
    0x0802cab4   0x0802cab4   0x00000080   Data   RO         3391    .constdata          column.o
    0x0802cb34   0x0802cb34   0x00000080   Data   RO         3409    .constdata          grid.o
    0x0802cbb4   0x0802cbb4   0x00000080   Data   RO         3427    .constdata          row.o
    0x0802cc34   0x0802cc34   0x00000080   Data   RO         3445    .constdata          calibration_win.o
    0x0802ccb4   0x0802ccb4   0x00000013   Data   RO         3463    .constdata          font_loader_bitmap.o
    0x0802ccc7   0x0802ccc7   0x00000001   PAD
    0x0802ccc8   0x0802ccc8   0x00000080   Data   RO         3507    .constdata          window_base.o
    0x0802cd48   0x0802cd48   0x00000033   Data   RO         3554    .constdata          style_const.o
    0x0802cd7b   0x0802cd7b   0x00000001   PAD
    0x0802cd7c   0x0802cd7c   0x0000002a   Data   RO         3609    .constdata          clip_board_default.o
    0x0802cda6   0x0802cda6   0x00000002   PAD
    0x0802cda8   0x0802cda8   0x00000080   Data   RO         3643    .constdata          image_base.o
    0x0802ce28   0x0802ce28   0x00000080   Data   RO         3657    .constdata          grid_item.o
    0x0802cea8   0x0802cea8   0x00000026   Data   RO         3675    .constdata          input_device_status.o
    0x0802cece   0x0802cece   0x00000002   PAD
    0x0802ced0   0x0802ced0   0x00000100   Data   RO         3689    .constdata          system_bar.o
    0x0802cfd0   0x0802cfd0   0x0000003d   Data   RO         3709    .constdata          children_layouter_default.o
    0x0802d00d   0x0802d00d   0x00000003   PAD
    0x0802d010   0x0802d010   0x00000035   Data   RO         3730    .constdata          self_layouter_default.o
    0x0802d045   0x0802d045   0x0000000d   Data   RO         3820    .constdata          event.o
    0x0802d052   0x0802d052   0x00000013   Data   RO         3833    .constdata          named_value.o
    0x0802d065   0x0802d065   0x0000000e   Data   RO         3849    .constdata          object.o
    0x0802d073   0x0802d073   0x00000001   PAD
    0x0802d074   0x0802d074   0x00000058   Data   RO         3862    .constdata          object_default.o
    0x0802d0cc   0x0802d0cc   0x0000002c   Data   RO         3901    .constdata          timer_info.o
    0x0802d0f8   0x0802d0f8   0x00000015   Data   RO         3925    .constdata          timer_manager.o
    0x0802d10d   0x0802d10d   0x00000014   Data   RO         3940    .constdata          idle_manager.o
    0x0802d121   0x0802d121   0x00000003   PAD
    0x0802d124   0x0802d124   0x0000002c   Data   RO         3961    .constdata          idle_info.o
    0x0802d150   0x0802d150   0x0000001f   Data   RO         3976    .constdata          slist.o
    0x0802d16f   0x0802d16f   0x00000028   Data   RO         3992    .constdata          darray.o
    0x0802d197   0x0802d197   0x00000001   PAD
    0x0802d198   0x0802d198   0x00000118   Data   RO         4005    .constdata          expr_eval.o
    0x0802d2b0   0x0802d2b0   0x00000040   Data   RO         4046    .constdata          window_animator_factory.o
    0x0802d2f0   0x0802d2f0   0x0000001a   Data   RO         4061    .constdata          dialog_highlighter.o
    0x0802d30a   0x0802d30a   0x00000046   Data   RO         4074    .constdata          dialog_highlighter_factory.o
    0x0802d350   0x0802d350   0x00000044   Data   RO         4176    .constdata          children_layouter_factory.o
    0x0802d394   0x0802d394   0x0000003c   Data   RO         4191    .constdata          self_layouter_factory.o
    0x0802d3d0   0x0802d3d0   0x00000080   Data   RO         4206    .constdata          overlay.o
    0x0802d450   0x0802d450   0x0000005f   Data   RO         4238    .constdata          style_mutable.o
    0x0802d4af   0x0802d4af   0x0000001d   Data   RO         4291    .constdata          text_edit.o
    0x0802d4cc   0x0802d4cc   0x00000032   Data   RO         4421    .constdata          self_layouter_menu.o
    0x0802d4fe   0x0802d4fe   0x00000013   Data   RO         4439    .constdata          hscrollable.o
    0x0802d511   0x0802d511   0x00000003   PAD
    0x0802d514   0x0802d514   0x0000004c   Data   RO         4464    .constdata          native_window_raw.o
    0x0802d560   0x0802d560   0x00000096   Data   RO         4483    .constdata          window_manager_default.o
    0x0802d5f6   0x0802d5f6   0x00000002   PAD
    0x0802d5f8   0x0802d5f8   0x00000760   Data   RO         4615    .constdata          emojidef.o
    0x0802dd58   0x0802dd58   0x00000441   Data   RO         4678    .constdata          linebreak.o
    0x0802e199   0x0802e199   0x00000003   PAD
    0x0802e19c   0x0802e19c   0x00006ab0   Data   RO         4702    .constdata          linebreakdata.o
    0x08034c4c   0x08034c4c   0x00000030   Data   RO         4715    .constdata          linebreakdef.o
    0x08034c7c   0x08034c7c   0x00000060   Data   RO         4716    .constdata          linebreakdef.o
    0x08034cdc   0x08034cdc   0x00000060   Data   RO         4717    .constdata          linebreakdef.o
    0x08034d3c   0x08034d3c   0x00000060   Data   RO         4718    .constdata          linebreakdef.o
    0x08034d9c   0x08034d9c   0x00000030   Data   RO         4719    .constdata          linebreakdef.o
    0x08034dcc   0x08034dcc   0x0000003c   Data   RO         4720    .constdata          linebreakdef.o
    0x08034e08   0x08034e08   0x00000054   Data   RO         4721    .constdata          linebreakdef.o
    0x08034e5c   0x08034e5c   0x00003990   Data   RO         4760    .constdata          wordbreak.o
    0x080387ec   0x080387ec   0x0000005c   Data   RO         4783    .constdata          graphic_buffer.o
    0x08038848   0x08038848   0x00027c40   Data   RO         5080    .constdata          assets-mini.o
    0x08060488   0x08060488   0x00000011   Data   RO         5169    .constdata          c_w.l(__printf_flags_ss_wp.o)
    0x08060499   0x08060499   0x00000007   PAD
    0x080604a0   0x080604a0   0x00000050   Data   RO         5311    .constdata          m_ws.l(acos.o)
    0x080604f0   0x080604f0   0x00000050   Data   RO         5321    .constdata          m_ws.l(asin.o)
    0x08060540   0x08060540   0x00000098   Data   RO         5331    .constdata          m_ws.l(atan.o)
    0x080605d8   0x080605d8   0x00000058   Data   RO         5357    .constdata          m_ws.l(exp.o)
    0x08060630   0x08060630   0x00000038   Data   RO         5371    .constdata          m_ws.l(log.o)
    0x08060668   0x08060668   0x00000008   Data   RO         5461    .constdata          c_w.l(_printf_wctomb.o)
    0x08060670   0x08060670   0x00000028   Data   RO         5490    .constdata          c_w.l(_printf_hex_int_ll_ptr.o)
    0x08060698   0x08060698   0x00000030   Data   RO         5567    .constdata          m_ws.l(cos_i.o)
    0x080606c8   0x080606c8   0x00000008   Data   RO         5587    .constdata          m_ws.l(qnan.o)
    0x080606d0   0x080606d0   0x000000c8   Data   RO         5590    .constdata          m_ws.l(rred.o)
    0x08060798   0x08060798   0x00000028   Data   RO         5594    .constdata          m_ws.l(sin_i.o)
    0x080607c0   0x080607c0   0x00000060   Data   RO         5600    .constdata          m_ws.l(tan_i.o)
    0x08060820   0x08060820   0x00000026   Data   RO         5634    .constdata          c_w.l(_printf_fp_hex.o)
    0x08060846   0x08060846   0x00000002   PAD
    0x08060848   0x08060848   0x00000094   Data   RO         5713    .constdata          c_w.l(bigflt0.o)
    0x080608dc   0x080608dc   0x00000007   Data   RO          707    .conststring        button_1.o
    0x080608e3   0x080608e3   0x00000001   PAD
    0x080608e4   0x080608e4   0x00000007   Data   RO          708    .conststring        button_1.o
    0x080608eb   0x080608eb   0x00000001   PAD
    0x080608ec   0x080608ec   0x00000006   Data   RO          943    .conststring        check_button.o
    0x080608f2   0x080608f2   0x00000002   PAD
    0x080608f4   0x080608f4   0x0000001d   Data   RO          944    .conststring        check_button.o
    0x08060911   0x08060911   0x00000003   PAD
    0x08060914   0x08060914   0x0000005c   Data   RO          976    .conststring        dialog.o
    0x08060970   0x08060970   0x00000007   Data   RO          977    .conststring        dialog.o
    0x08060977   0x08060977   0x00000001   PAD
    0x08060978   0x08060978   0x00000552   Data   RO         1147    .conststring        enums.o
    0x08060eca   0x08060eca   0x00000002   PAD
    0x08060ecc   0x08060ecc   0x0000000a   Data   RO         1265    .conststring        group_box.o
    0x08060ed6   0x08060ed6   0x00000002   PAD
    0x08060ed8   0x08060ed8   0x00000055   Data   RO         1283    .conststring        image.o
    0x08060f2d   0x08060f2d   0x00000003   PAD
    0x08060f30   0x08060f30   0x00000006   Data   RO         1357    .conststring        label.o
    0x08060f36   0x08060f36   0x00000002   PAD
    0x08060f38   0x08060f38   0x0000001c   Data   RO         1449    .conststring        progress_bar.o
    0x08060f54   0x08060f54   0x0000000d   Data   RO         1450    .conststring        progress_bar.o
    0x08060f61   0x08060f61   0x00000003   PAD
    0x08060f64   0x08060f64   0x00000090   Data   RO         1532    .conststring        widget.o
    0x08060ff4   0x08060ff4   0x00000007   Data   RO         1638    .conststring        widget_vtable.o
    0x08060ffb   0x08060ffb   0x00000001   PAD
    0x08060ffc   0x08060ffc   0x0000000b   Data   RO         1707    .conststring        window.o
    0x08061007   0x08061007   0x00000001   PAD
    0x08061008   0x08061008   0x00000007   Data   RO         1708    .conststring        window.o
    0x0806100f   0x0806100f   0x00000001   PAD
    0x08061010   0x08061010   0x00000009   Data   RO         1999    .conststring        slider.o
    0x08061019   0x08061019   0x00000003   PAD
    0x0806101c   0x0806101c   0x00000007   Data   RO         2000    .conststring        slider.o
    0x08061023   0x08061023   0x00000001   PAD
    0x08061024   0x08061024   0x0000000c   Data   RO         2034    .conststring        system_info.o
    0x08061030   0x08061030   0x00000006   Data   RO         2148    .conststring        pages.o
    0x08061036   0x08061036   0x00000002   PAD
    0x08061038   0x08061038   0x0000007d   Data   RO         2167    .conststring        edit.o
    0x080610b5   0x080610b5   0x00000003   PAD
    0x080610b8   0x080610b8   0x00000005   Data   RO         2168    .conststring        edit.o
    0x080610bd   0x080610bd   0x00000003   PAD
    0x080610c0   0x080610c0   0x00000005   Data   RO         2194    .conststring        view.o
    0x080610c5   0x080610c5   0x00000003   PAD
    0x080610c8   0x080610c8   0x00000009   Data   RO         2299    .conststring        spin_box.o
    0x080610d1   0x080610d1   0x00000003   PAD
    0x080610d4   0x080610d4   0x0000001e   Data   RO         2318    .conststring        dragger.o
    0x080610f2   0x080610f2   0x00000002   PAD
    0x080610f4   0x080610f4   0x00000008   Data   RO         2319    .conststring        dragger.o
    0x080610fc   0x080610fc   0x0000000e   Data   RO         2338    .conststring        dialog_client.o
    0x0806110a   0x0806110a   0x00000002   PAD
    0x0806110c   0x0806110c   0x0000000d   Data   RO         2356    .conststring        dialog_title.o
    0x08061119   0x08061119   0x00000003   PAD
    0x0806111c   0x0806111c   0x00000a61   Data   RO         2756    .conststring        color_parser.o
    0x08061b7d   0x08061b7d   0x00000003   PAD
    0x08061b80   0x08061b80   0x00000043   Data   RO         2774    .conststring        combo_box.o
    0x08061bc3   0x08061bc3   0x00000001   PAD
    0x08061bc4   0x08061bc4   0x0000000a   Data   RO         2775    .conststring        combo_box.o
    0x08061bce   0x08061bce   0x00000002   PAD
    0x08061bd0   0x08061bd0   0x0000000f   Data   RO         2816    .conststring        combo_box_item.o
    0x08061bdf   0x08061bdf   0x00000001   PAD
    0x08061be0   0x08061be0   0x0000002d   Data   RO         2918    .conststring        popup.o
    0x08061c0d   0x08061c0d   0x00000003   PAD
    0x08061c10   0x08061c10   0x00000006   Data   RO         2919    .conststring        popup.o
    0x08061c16   0x08061c16   0x00000002   PAD
    0x08061c18   0x08061c18   0x0000000b   Data   RO         2974    .conststring        tab_button.o
    0x08061c23   0x08061c23   0x00000001   PAD
    0x08061c24   0x08061c24   0x00000011   Data   RO         2993    .conststring        tab_button_group.o
    0x08061c35   0x08061c35   0x00000003   PAD
    0x08061c38   0x08061c38   0x0000000c   Data   RO         3014    .conststring        tab_control.o
    0x08061c44   0x08061c44   0x00000019   Data   RO         3312    .conststring        color_tile.o
    0x08061c5d   0x08061c5d   0x00000003   PAD
    0x08061c60   0x08061c60   0x0000000b   Data   RO         3313    .conststring        color_tile.o
    0x08061c6b   0x08061c6b   0x00000001   PAD
    0x08061c6c   0x08061c6c   0x00000008   Data   RO         3374    .conststring        app_bar.o
    0x08061c74   0x08061c74   0x00000007   Data   RO         3392    .conststring        column.o
    0x08061c7b   0x08061c7b   0x00000001   PAD
    0x08061c7c   0x08061c7c   0x00000004   Data   RO         3410    .conststring        grid.o
    0x08061c80   0x08061c80   0x00000010   Data   RO         3446    .conststring        calibration_win.o
    0x08061c90   0x08061c90   0x0000001f   Data   RO         3691    .conststring        system_bar.o
    0x08061caf   0x08061caf   0x00000001   PAD
    0x08061cb0   0x08061cb0   0x0000000f   Data   RO         3863    .conststring        object_default.o
    0x08061cbf   0x08061cbf   0x00000001   PAD
    0x08061cc0   0x08061cc0   0x0000000b   Data   RO         3902    .conststring        timer_info.o
    0x08061ccb   0x08061ccb   0x00000001   PAD
    0x08061ccc   0x08061ccc   0x0000000a   Data   RO         3962    .conststring        idle_info.o
    0x08061cd6   0x08061cd6   0x00000002   PAD
    0x08061cd8   0x08061cd8   0x0000016f   Data   RO         4006    .conststring        expr_eval.o
    0x08061e47   0x08061e47   0x00000001   PAD
    0x08061e48   0x08061e48   0x00000008   Data   RO         4208    .conststring        overlay.o
    0x08061e50   0x08061e50   0x00000005   Data   RO         4422    .conststring        self_layouter_menu.o
    0x08061e55   0x08061e55   0x00000003   PAD
    0x08061e58   0x08061e58   0x00000012   Data   RO         4465    .conststring        native_window_raw.o
    0x08061e6a   0x08061e6a   0x00000002   PAD
    0x08061e6c   0x08061e6c   0x0000000f   Data   RO         4484    .conststring        window_manager_default.o
    0x08061e7b   0x08061e7b   0x00000001   PAD
    0x08061e7c   0x08061e7c   0x00000017   Data   RO         4722    .conststring        linebreakdef.o
    0x08061e93   0x08061e93   0x00000001   PAD
    0x08061e94   0x08061e94   0x00000020   Data   RO         5866    Region$$Table       anon$$obj.o
    0x08061eb4   0x08061eb4   0x00000008   Data   RO         5751    c$$dinf             fz_ws.l(fpconst.o)
    0x08061ebc   0x08061ebc   0x00000008   Data   RO         5754    c$$dmax             fz_ws.l(fpconst.o)
    0x08061ec4   0x08061ec4   0x00000110   Data   RO         5534    locale$$data        c_w.l(lc_ctype_c.o)
    0x08061fd4   0x08061fd4   0x0000001c   Data   RO         5658    locale$$data        c_w.l(lc_numeric_c.o)


    Execution Region RW_IRAM1 (Exec base: 0x20000000, Load base: 0x08061ff0, Size: 0x000064f8, Max: 0x00010000, ABSOLUTE, COMPRESSED[0x0000014c])

    Exec Addr    Load Addr    Size         Type   Attr      Idx    E Section Name        Object

    0x20000000   COMPRESSED   0x00000014   Data   RW          105    .data               system_stm32f10x.o
    0x20000014   COMPRESSED   0x00000002   Data   RW          218    .data               usart.o
    0x20000016   COMPRESSED   0x00000002   PAD
    0x20000018   COMPRESSED   0x00000004   Data   RW          219    .data               usart.o
    0x2000001c   COMPRESSED   0x00000014   Data   RW          283    .data               stm32f10x_rcc.o
    0x20000030   COMPRESSED   0x00000001   Data   RW          453    .data               led.o
    0x20000031   COMPRESSED   0x00000001   Data   RW          481    .data               button.o
    0x20000032   COMPRESSED   0x00000004   Data   RW          494    .data               tim.o
    0x20000036   COMPRESSED   0x00000004   Data   RW          515    .data               rtc.o
    0x2000003a   COMPRESSED   0x00000008   Data   RW          539    .data               touch.o
    0x20000042   COMPRESSED   0x00000002   PAD
    0x20000044   COMPRESSED   0x00000008   Data   RW          709    .data               button_1.o
    0x2000004c   COMPRESSED   0x00000008   Data   RW          945    .data               check_button.o
    0x20000054   COMPRESSED   0x0000001c   Data   RW          978    .data               dialog.o
    0x20000070   COMPRESSED   0x00000004   Data   RW         1196    .data               font_manager.o
    0x20000074   COMPRESSED   0x00000028   Data   RW         1285    .data               image.o
    0x2000009c   COMPRESSED   0x00000004   Data   RW         1306    .data               image_manager.o
    0x200000a0   COMPRESSED   0x00000004   Data   RW         1410    .data               main_loop.o
    0x200000a4   COMPRESSED   0x00000008   Data   RW         1434    .data               mem.o
    0x200000ac   COMPRESSED   0x00000014   Data   RW         1451    .data               progress_bar.o
    0x200000c0   COMPRESSED   0x00000004   Data   RW         1485    .data               theme.o
    0x200000c4   COMPRESSED   0x00000040   Data   RW         1533    .data               widget.o
    0x20000104   COMPRESSED   0x00000020   Data   RW         1709    .data               window.o
    0x20000124   COMPRESSED   0x00000004   Data   RW         1726    .data               window_manager.o
    0x20000128   COMPRESSED   0x00000018   Data   RW         2001    .data               slider.o
    0x20000140   COMPRESSED   0x00000004   Data   RW         2035    .data               system_info.o
    0x20000144   COMPRESSED   0x00000008   Data   RW         2149    .data               pages.o
    0x2000014c   COMPRESSED   0x00000038   Data   RW         2169    .data               edit.o
    0x20000184   COMPRESSED   0x00000004   Data   RW         2227    .data               widget_factory.o
    0x20000188   COMPRESSED   0x00000004   Data   RW         2256    .data               input_method.o
    0x2000018c   COMPRESSED   0x00000014   Data   RW         2320    .data               dragger.o
    0x200001a0   COMPRESSED   0x00000048   Data   RW         2776    .data               combo_box.o
    0x200001e8   COMPRESSED   0x00000002   Data   RW         2879    .data               line_break.o
    0x200001ea   COMPRESSED   0x00000002   PAD
    0x200001ec   COMPRESSED   0x00000024   Data   RW         2920    .data               popup.o
    0x20000210   COMPRESSED   0x00000008   Data   RW         2975    .data               tab_button.o
    0x20000218   COMPRESSED   0x0000000c   Data   RW         3314    .data               color_tile.o
    0x20000224   COMPRESSED   0x00000004   Data   RW         3332    .data               assets_manager.o
    0x20000228   COMPRESSED   0x00000004   Data   RW         3347    .data               locale_info.o
    0x2000022c   COMPRESSED   0x00000008   Data   RW         3464    .data               font_loader_bitmap.o
    0x20000234   COMPRESSED   0x00000004   Data   RW         3571    .data               style_factory.o
    0x20000238   COMPRESSED   0x00000004   Data   RW         3626    .data               clip_board.o
    0x2000023c   COMPRESSED   0x00000008   Data   RW         3692    .data               system_bar.o
    0x20000244   COMPRESSED   0x00000004   Data   RW         3926    .data               timer_manager.o
    0x20000248   COMPRESSED   0x00000004   Data   RW         3941    .data               idle_manager.o
    0x2000024c   COMPRESSED   0x00000004   Data   RW         4047    .data               window_animator_factory.o
    0x20000250   COMPRESSED   0x00000004   Data   RW         4075    .data               dialog_highlighter_factory.o
    0x20000254   COMPRESSED   0x00000004   Data   RW         4177    .data               children_layouter_factory.o
    0x20000258   COMPRESSED   0x00000004   Data   RW         4192    .data               self_layouter_factory.o
    0x2000025c   COMPRESSED   0x00000010   Data   RW         4209    .data               overlay.o
    0x2000026c   COMPRESSED   0x00000004   Data   RW         4466    .data               native_window_raw.o
    0x20000270   COMPRESSED   0x0000004c   Data   RW         4485    .data               window_manager_default.o
    0x200002bc   COMPRESSED   0x00000008   Data   RW         4598    .data               ui_feedback.o
    0x200002c4   COMPRESSED   0x00000140   Data   RW         4679    .data               linebreak.o
    0x20000404   COMPRESSED   0x00000004   Data   RW         5007    .data               mutex_null.o
    0x20000408   COMPRESSED   0x00000008   Data   RW         5024    .data               sys_tick.o
    0x20000410        -       0x000000c8   Zero   RW          217    .bss                usart.o
    0x200004d8        -       0x0000000a   Zero   RW          513    .bss                rtc.o
    0x200004e2   COMPRESSED   0x00000002   PAD
    0x200004e4        -       0x0000000c   Zero   RW          538    .bss                touch.o
    0x200004f0        -       0x00001000   Zero   RW          593    .bss                flash.o
    0x200014f0        -       0x00000014   Zero   RW         1433    .bss                mem.o
    0x20001504        -       0x00000014   Zero   RW         2079    .bss                image_loader.o
    0x20001518        -       0x0000005c   Zero   RW         2127    .bss                main_loop_simple.o
    0x20001574        -       0x00000024   Zero   RW         3166    .bss                ui_builder_default.o
    0x20001598        -       0x00000900   Zero   RW         4797    .bss                lcd_stm32_raw.o
    0x20001e98        -       0x00004000   Zero   RW         4993    .bss                platform.o
    0x20005e98        -       0x00000060   Zero   RW         5606    .bss                c_w.l(libspace.o)
    0x20005ef8        -       0x00000200   Zero   RW          252    HEAP                startup_stm32f10x_hd.o
    0x200060f8        -       0x00000400   Zero   RW          251    STACK               startup_stm32f10x_hd.o


==============================================================================

Image component sizes


      Code (inc. data)   RO Data    RW Data    ZI Data      Debug   Object Name

        48          4        136          0          0       1410   app_bar.o
       412        132     162880          0          0      11527   assets-mini.o
       876         44         22          4          0       8915   assets_manager.o
       892         20          0          0          0      50823   awtk_global.o
      2024         30         71          0          0      32935   bitmap.o
       996         10         24          0          0      13119   buffer.o
       264         12          0          1          0        906   button.o
       928         64        142          8          0      59711   button_1.o
        56          4        128          0          0       1620   button_group.o
       708         24        144          0          0       5515   calibration_win.o
      7836         38          0          0          0      61371   canvas.o
       820         54        291          8          0       5609   check_button.o
       232          0          0          0          0       4514   children_layouter.o
        32         14          0          0          0       1870   children_layouter_builtins.o
      2148        196         61          0          0       7435   children_layouter_default.o
       236         18         68          4          0       3790   children_layouter_factory.o
       288         14          0          0          0       4469   children_layouter_parser.o
       196          8          0          4          0       3676   clip_board.o
       124          8         42          0          0       3484   clip_board_default.o
       344         70         13          0          0       3152   color.o
       644        102       3777          0          0       3865   color_parser.o
       652         56        164         12          0       4693   color_tile.o
        48          4        135          0          0       1368   column.o
      2516        246        229         72          0      18887   combo_box.o
       740         62        143          0          0       5128   combo_box_item.o
         0          0          0          0          0         32   core_cm3.o
       800         12         40          0          0       7035   darray.o
      1332        270          0          0          0       3799   demo1_app.o
        28          0          0          0          0        548   demo_main.o
       644         60        227         28          0      56002   dialog.o
       100         22        142          0          0       1746   dialog_client.o
      1304        386          0          0          0       5278   dialog_helper.o
       332          6         26          0          0       3005   dialog_highlighter.o
       300         20         70          4          0       4663   dialog_highlighter_factory.o
        84         14        141          0          0       1784   dialog_title.o
       872         62        166         20          0       5064   dragger.o
      5936        326        258         56          0      25530   edit.o
       904         22         35          0          0      10571   emitter.o
        56          4       1888          0          0       2973   emojidef.o
       304         12       3714          0          0       9651   enums.o
       120          4         13          0          0       2038   event.o
       272          6         19          0          0       5528   event_queue.o
       560          0          0          0          0      33065   events.o
      4728        106        647          0          0      23970   expr_eval.o
       904         14          0          0       4096       3641   flash.o
       140          6         13          0          0       5270   font.o
        26          0          0          0          0       1475   font_loader.o
       328         42         19          8          0       5729   font_loader_bitmap.o
       404         18         20          4          0      29702   font_manager.o
       652         12         10          0          0       8943   fs.o
         4          0          0          0          0        432   fs_os.o
       268         16          0          0          0       3403   func_call_parser.o
       360          4         92          0          0       4391   graphic_buffer.o
        48          4        132          0          0       1348   grid.o
        48          4        128          0          0       1402   grid_item.o
        56          4        138          0          0       1586   group_box.o
       908         12       2376          0          0       5547   gui.o
      1392         98         19          0          0       7863   hscrollable.o
       138          0          0          0          0       2269   idle.o
       116          6         54          0          0       2293   idle_info.o
       376         16         20          4          0       5791   idle_manager.o
       512         18        213         40          0       4926   image.o
      1444        126        128          0          0       7204   image_base.o
       152          6          0          0         20       8902   image_loader.o
       980         48         39          4          0      23324   image_manager.o
       856          4         38          0          0       3762   input_device_status.o
       116          0          0          0          0       1086   input_engine.o
         0          0          0          0          0        612   input_engine_null.o
       568          8          0          4          0       5718   input_method.o
        92         14         25          0          0       1607   input_method_creator.o
       968         46        134          0          0       8445   label.o
       500         56          0          0          0       5144   layout.o
       832          0          0          0          0      22997   lcd.o
       688         18          0          0          0       2116   lcd_driver.o
         2          0          0          0          0      12669   lcd_profile.o
      2356         44          0          0       2304      28017   lcd_stm32_raw.o
       144         10          0          1          0        727   led.o
       128         10          0          2          0       1643   line_break.o
       992         72       1089        320          0       7898   linebreak.o
         0          0      27312          0          0       1729   linebreakdata.o
         0          0        551          0          0       1973   linebreakdef.o
       552         26         19          4          0       5357   locale_info.o
        70          0          0          0          0     205199   main.o
       196          6          0          4          0       4719   main_loop.o
       708         18          0          0         92       5325   main_loop_simple.o
       184         18          0          0          0      47669   main_loop_stm32_raw.o
       676         10          0          8         20       6247   mem.o
       184         12          0          0          0       1909   misc.o
        20          4          0          4          0       1773   mutex_null.o
       236          6         19          0          0       3291   named_value.o
       586          0          0          0          0       5723   native_window.o
       248         26         94          4          0       3843   native_window_raw.o
      1788         16         14          0          0      15144   object.o
      1078          4        103          0          0      15210   object_default.o
        48          4        136         16          0       1478   overlay.o
       504         20        134          8          0       4616   pages.o
       740          4          0          0          0       5062   path.o
        92         14          0          0      16384       1176   platform.o
       548         54        179         36          0       4032   popup.o
      1110         80        169         20          0       6458   progress_bar.o
       760          8         12          0          0       5176   rect.o
        48          4        128          0          0       1338   row.o
      1040         58         24          4         10       4551   rtc.o
       212          0          0          0          0       4603   self_layouter.o
        56         24          0          0          0       1438   self_layouter_builtins.o
      1492        194         53          0          0       5884   self_layouter_default.o
       236         18         60          4          0       3702   self_layouter_factory.o
      1064          6         55          0          0       7261   self_layouter_menu.o
       136         10          0          0          0       3415   self_layouter_parser.o
      3288        160        144         24          0      11871   slider.o
       504         12         31          0          0       5830   slist.o
       456         18          0          0          0       1824   spi.o
       300         68        137          0          0       2161   spin_box.o
        64         26        304          0       1536        784   startup_stm32f10x_hd.o
       156          8          0          0          0       3412   stm32f10x_bkp.o
      1206         10          0          0          0       5991   stm32f10x_fsmc.o
       664         36          0          0          0       6197   stm32f10x_gpio.o
        16          0          0          0          0      63798   stm32f10x_it.o
       172         12          0          0          0       1947   stm32f10x_pwr.o
       756         32          0         20          0       9312   stm32f10x_rcc.o
       276          6          0          0          0       2786   stm32f10x_rtc.o
       692         12          0          0          0       7126   stm32f10x_spi.o
      3114         84          0          0          0      25084   stm32f10x_tim.o
       924         20          0          0          0       9156   stm32f10x_usart.o
      2204         64         23          0          0      14270   str.o
       700        130          0          0          0       5830   style.o
       384         76         51          0          0       4264   style_const.o
        36          6          0          4          0       4001   style_factory.o
      1348         38         95          0          0      13204   style_mutable.o
        64          6          0          8          0       1551   sys_tick.o
       380         42        287          8          0       3701   system_bar.o
      1156        198         56          4          0      25611   system_info.o
       372         34          0         20          0       1735   system_stm32f10x.o
      1116         92        139          8          0       7140   tab_button.o
      1360         80        145          0          0      10285   tab_button_group.o
        56          4        140          0          0       1610   tab_control.o
      7848        242         29          0          0      81001   text_edit.o
       484         16         13          4          0       4273   theme.o
       472         20          0          4          0       1929   tim.o
        22          0          0          0          0        581   time_now.o
       252          0          0          0          0       3307   timer.o
       132          6         55          0          0       3897   timer_info.o
       568         18         21          4          0       5803   timer_manager.o
       528          6          0          0          0       4531   tokenizer.o
       896         34          0          8         12       4294   touch.o
         0          0          0          0          0        956   ui_binary_writer.o
       102          0          0          0          0       2636   ui_builder.o
       240         24          0          0         36       2765   ui_builder_default.o
        52          4          0          8          0       1783   ui_feedback.o
        96          0          0          0          0       1955   ui_loader.o
       264         10          4          0          0       2859   ui_loader_default.o
       260          0          0          0          0       2146   unibreakdef.o
       264         16          0          6        200       3162   usart.o
       592          4        260          0          0       5537   utf8.o
      1732         58         34          0          0      18939   utils.o
      2044         74         29          0          0      15048   value.o
       428          8          0          0          0       2761   velocity.o
      2118          4          0          0          0      32664   vgcanvas.o
        48          4        133          0          0       1348   view.o
     15704       1108        163         64          0     109115   widget.o
       312         16         46          4          0       4274   widget_factory.o
       764         62        135          0          0      35215   widget_vtable.o
       876        524          0          0          0       1758   widgets.o
       244         18        146         32          0       3062   window.o
       252         16         64          4          0       4391   window_animator_factory.o
      1714        224        128          0          0       7209   window_base.o
      1568         38          0          4          0      48190   window_manager.o
      4196        176        165         76          0      26164   window_manager_default.o
       172         10          0          0          0       2664   window_open.o
      1096         36      14736          0          0       5583   wordbreak.o
      1708         22         20          0          0      15607   wstr.o

    ----------------------------------------------------------------------
    144682       8018     227502       1040      24712    1863145   Object Totals
         0          0         32          0          0          0   (incl. Generated)
        24          0        132          6          2          0   (incl. Padding)

    ----------------------------------------------------------------------

      Code (inc. data)   RO Data    RW Data    ZI Data      Debug   Library Member Name

        24          4          0          0          0         84   __2printf.o
        90          0          0          0          0          0   __dczerorl2.o
         8          0          0          0          0         68   __main.o
       392          4         17          0          0         92   __printf_flags_ss_wp.o
        14          0          0          0          0         68   __printf_wp.o
         0          0          0          0          0          0   __rtentry.o
        12          0          0          0          0          0   __rtentry2.o
         6          0          0          0          0          0   __rtentry4.o
        52          8          0          0          0          0   __scatter.o
        28          0          0          0          0          0   __scatter_zi.o
        28          0          0          0          0         68   _chval.o
        12          0          0          0          0         76   _iswspace.o
        60          0          0          0          0         92   _mbrtowc.o
         6          0          0          0          0          0   _printf_a.o
         6          0          0          0          0          0   _printf_c.o
        44          0          0          0          0        108   _printf_char.o
        48          6          0          0          0         96   _printf_char_common.o
        36          4          0          0          0         80   _printf_char_file.o
        40          0          0          0          0         68   _printf_charcount.o
         6          0          0          0          0          0   _printf_d.o
       120         16          0          0          0         92   _printf_dec.o
         6          0          0          0          0          0   _printf_e.o
         6          0          0          0          0          0   _printf_f.o
      1054          0          0          0          0        216   _printf_fp_dec.o
       764          8         38          0          0        100   _printf_fp_hex.o
       128         16          0          0          0         84   _printf_fp_infnan.o
         6          0          0          0          0          0   _printf_g.o
       148          4         40          0          0        160   _printf_hex_int_ll_ptr.o
         6          0          0          0          0          0   _printf_i.o
       178          0          0          0          0         88   _printf_intcommon.o
        10          0          0          0          0          0   _printf_l.o
         6          0          0          0          0          0   _printf_lc.o
        10          0          0          0          0          0   _printf_ll.o
         6          0          0          0          0          0   _printf_lld.o
         6          0          0          0          0          0   _printf_lli.o
         6          0          0          0          0          0   _printf_llo.o
         6          0          0          0          0          0   _printf_llu.o
         6          0          0          0          0          0   _printf_llx.o
       124         16          0          0          0         92   _printf_longlong_dec.o
         6          0          0          0          0          0   _printf_ls.o
         6          0          0          0          0          0   _printf_n.o
         6          0          0          0          0          0   _printf_o.o
       112         10          0          0          0        124   _printf_oct_int_ll.o
         6          0          0          0          0          0   _printf_p.o
        78          0          0          0          0        108   _printf_pad.o
         0          0          0          0          0          0   _printf_percent.o
         4          0          0          0          0          0   _printf_percent_end.o
         6          0          0          0          0          0   _printf_s.o
        82          0          0          0          0         80   _printf_str.o
        36          0          0          0          0         84   _printf_truncate.o
         6          0          0          0          0          0   _printf_u.o
        44          0          0          0          0        108   _printf_wchar.o
       188          6          8          0          0         92   _printf_wctomb.o
         6          0          0          0          0          0   _printf_x.o
        22          0          0          0          0        100   _rserrno.o
       884          6          0          0          0        100   _scanf.o
       332          0          0          0          0         96   _scanf_int.o
       342          0          0          0          0        100   _scanf_longlong.o
       276          0          0          0          0        100   _scanf_mbtowc.o
       224          0          0          0          0         96   _scanf_str.o
        30          0          0          0          0         76   _scanf_wcharmap.o
       232          0          0          0          0        100   _scanf_wctomb.o
       208          0          0          0          0         96   _scanf_wstr.o
        64          0          0          0          0         84   _sgetc.o
        16          0          0          0          0         68   _snputc.o
        10          0          0          0          0         68   _sputc.o
       158          0          0          0          0         92   _strtoul.o
        64          0          0          0          0         92   _wcrtomb.o
       228          4        148          0          0         96   bigflt0.o
        80          0          0          0          0         88   bsearchnoex.o
      2152        136          0          0          0        960   btod.o
        18          0          0          0          0         80   exit.o
         8          0          0          0          0         68   ferror.o
         6          0          0          0          0        152   heapauxi.o
        18          0          0          0          0         76   isspace.o
         4          0          0          0          0         68   iswspace.o
        44         10        272          0          0         76   lc_ctype_c.o
        44         10         28          0          0         76   lc_numeric_c.o
         2          0          0          0          0          0   libinit.o
        30          0          0          0          0          0   libinit2.o
         2          0          0          0          0          0   libshutdown.o
         2          0          0          0          0          0   libshutdown2.o
         8          4          0          0         96         68   libspace.o
        38          0          0          0          0         68   llshl.o
       138          0          0          0          0         80   lludiv10.o
       238          0          0          0          0        100   lludivv7m.o
        88          0          0          0          0         76   memcmp.o
        16          4          0          0          0         76   rt_ctype_table.o
         8          4          0          0          0         68   rt_errno_addr_intlibspace.o
         8          4          0          0          0         68   rt_locale_intlibspace.o
        68          0          0          0          0         68   rt_memclr.o
        78          0          0          0          0         80   rt_memclr_w.o
       138          0          0          0          0         68   rt_memcpy_v6.o
       100          0          0          0          0         80   rt_memcpy_w.o
       132          0          0          0          0         68   rt_memmove_v6.o
       122          0          0          0          0         80   rt_memmove_w.o
         2          0          0          0          0          0   rtexit.o
        10          0          0          0          0          0   rtexit2.o
        44          8          0          0          0         84   scanf_char.o
      1272         16          0          0          0        168   scanf_fp.o
       800         14          0          0          0        100   scanf_hexfp.o
       308         16          0          0          0        100   scanf_infnan.o
        20          0          0          0          0         68   strchr.o
       128          0          0          0          0         68   strcmpv7m.o
        72          0          0          0          0         80   strcpy.o
        62          0          0          0          0         76   strlen.o
       150          0          0          0          0         80   strncmp.o
        86          0          0          0          0         76   strncpy.o
        22          0          0          0          0         68   strrchr.o
        36          0          0          0          0         80   strstr.o
       164         14          0          0          0        120   strtod.o
       112          0          0          0          0         88   strtol.o
       114          0          0          0          0         92   strtoul.o
        74          0          0          0          0         80   sys_stackheap_outer.o
        26          0          0          0          0         76   tolower.o
        30          0          0          0          0         76   toupper.o
         2          0          0          0          0         68   use_no_semi.o
         2          0          0          0          0         68   use_no_semi_2.o
        52          4          0          0          0         80   vsnprintf.o
        52          8          0          0          0         80   vsscanf.o
       100          0          0          0          0         76   wclass_c.o
        22          0          0          0          0         68   wcschr.o
        24          0          0          0          0         68   wcscmp.o
        18          0          0          0          0         68   wcscpy.o
        18          0          0          0          0         68   wcslen.o
        98          4          0          0          0         92   d2f.o
       826         16          0          0          0        348   daddsub_clz.o
        16          4          0          0          0         68   dcheck1.o
        24          0          0          0          0         68   dcmpi.o
       688        140          0          0          0        208   ddiv.o
       120          4          0          0          0         92   deqf.o
        94          4          0          0          0         92   dfix.o
       194          4          0          0          0        116   dfixll.o
        90          4          0          0          0         92   dfixu.o
        84          0          0          0          0        136   dflt_clz.o
       162          0          0          0          0         84   dfltll_clz.o
       120          4          0          0          0         92   dleqf.o
       340         12          0          0          0        104   dmul.o
       156          4          0          0          0         92   dnaninf.o
        12          0          0          0          0         68   dretinf.o
       108          0          0          0          0         80   drleqf.o
       460         56          0          0          0        120   dsqrt_noumaal.o
        86          4          0          0          0         84   f2d.o
       450          8          0          0          0        236   faddsub_clz.o
        12          4          0          0          0         68   fcheck1.o
        24          0          0          0          0         68   fcmpi.o
       388         76          0          0          0         96   fdiv.o
       104          4          0          0          0         84   feqf.o
        54          4          0          0          0         84   ffix.o
        62          4          0          0          0         84   ffixu.o
        86          0          0          0          0        136   fflt_clz.o
        96          0          0          0          0         84   ffltll_clz.o
       104          4          0          0          0         84   fleqf.o
       258          4          0          0          0         84   fmul.o
       140          4          0          0          0         84   fnaninf.o
         0          0         16          0          0          0   fpconst.o
        10          0          0          0          0         68   fretinf.o
        98          0          0          0          0         68   frleqf.o
         6          0          0          0          0         68   istatus.o
         4          0          0          0          0         68   printf1.o
         4          0          0          0          0         68   printf2.o
       100          0          0          0          0         68   retnan.o
        92          0          0          0          0         68   scalbn.o
        76          0          0          0          0         68   scalbnf.o
         4          0          0          0          0         68   scanf1.o
         8          0          0          0          0         84   scanf2.o
        48          0          0          0          0         68   trapv.o
         0          0          0          0          0          0   usenofp.o
       636         62         80          0          0        188   acos.o
       624         52         80          0          0        168   asin.o
       544         70        152          0          0        124   atan.o
        42          0          0          0          0         84   atof.o
       220         16          0          0          0         84   ceil.o
       156          8          0          0          0        104   cos.o
       252         22         48          0          0        124   cos_i.o
        64         10          0          0          0        340   dunder.o
       644         90         88          0          0        204   exp.o
       220         16          0          0          0         84   floor.o
        40          0          0          0          0         68   fpclassify.o
        88          8          0          0          0         76   frexp.o
       138          0          0          0          0        160   ldexp.o
       860         52         56          0          0        256   log.o
       228         30          0          0          0        120   log10.o
       204          4          0          0          0        168   narrow.o
       170          0          0          0          0         96   poly.o
         0          0          8          0          0          0   qnan.o
       904         76        200          0          0        140   rred.o
       160         10          0          0          0        108   sin.o
       236         12         40          0          0        128   sin_i.o
        76          0          0          0          0         84   sqrt.o
       100         10          0          0          0         96   tan.o
       636         50         96          0          0        168   tan_i.o

    ----------------------------------------------------------------------
     27784       1336       1424          0         96      15772   Library Totals
        40          2          9          0          0          0   (incl. Padding)

    ----------------------------------------------------------------------

      Code (inc. data)   RO Data    RW Data    ZI Data      Debug   Library Name

     14596        364        551          0         96       8608   c_w.l
      5906        372         16          0          0       3992   fz_ws.l
      7242        598        848          0          0       3172   m_ws.l

    ----------------------------------------------------------------------
     27784       1336       1424          0         96      15772   Library Totals

    ----------------------------------------------------------------------

==============================================================================


      Code (inc. data)   RO Data    RW Data    ZI Data      Debug   

    172466       9354     228926       1040      24808    1854629   Grand Totals
    172466       9354     228926        332      24808    1854629   ELF Image Totals (compressed)
    172466       9354     228926        332          0          0   ROM Totals

==============================================================================

    Total RO  Size (Code + RO Data)               401392 ( 391.98kB)
    Total RW  Size (RW Data + ZI Data)             25848 (  25.24kB)
    Total ROM Size (Code + RO Data + RW Data)     401724 ( 392.31kB)

==============================================================================

