Component: ARM Compiler 5.06 update 5 (build 528) Tool: armlink [4d35e2]

==============================================================================

Section Cross References

    system_stm32f10x.o(.text) refers to system_stm32f10x.o(.data) for SystemCoreClock
    main.o(.text) refers to delay.o(.text) for delay_init
    main.o(.text) refers to misc.o(.text) for NVIC_PriorityGroupConfig
    main.o(.text) refers to led.o(.text) for led_init
    main.o(.text) refers to button.o(.text) for button_init
    main.o(.text) refers to lcd_driver.o(.text) for TFT_Init
    main.o(.text) refers to flash.o(.text) for FLASH_Init
    main.o(.text) refers to touch.o(.text) for TOUCH_Init
    main.o(.text) refers to tim.o(.text) for TIM3_Init
    main.o(.text) refers to rtc.o(.text) for rtc_init
    main.o(.text) refers to demo_main.o(.text) for gui_app_start
    delay.o(.text) refers to misc.o(.text) for SysTick_CLKSourceConfig
    delay.o(.text) refers to system_stm32f10x.o(.data) for SystemCoreClock
    delay.o(.text) refers to delay.o(.data) for fac_us
    sys.o(.text) refers to misc.o(.text) for NVIC_PriorityGroupConfig
    usart.o(.text) refers (Special) to use_no_semi_2.o(.text) for __use_no_semihosting
    usart.o(.text) refers to stm32f10x_rcc.o(.text) for RCC_APB2PeriphClockCmd
    usart.o(.text) refers to stm32f10x_gpio.o(.text) for GPIO_Init
    usart.o(.text) refers to misc.o(.text) for NVIC_Init
    usart.o(.text) refers to stm32f10x_usart.o(.text) for USART_Init
    usart.o(.text) refers to usart.o(.data) for USART_RX_STA
    usart.o(.text) refers to usart.o(.bss) for USART_RX_BUF
    usart.o(.bss) refers (Special) to use_no_semi_2.o(.text) for __use_no_semihosting
    usart.o(.data) refers (Special) to use_no_semi_2.o(.text) for __use_no_semihosting
    startup_stm32f10x_hd.o(STACK) refers (Special) to heapauxi.o(.text) for __use_two_region_memory
    startup_stm32f10x_hd.o(HEAP) refers (Special) to heapauxi.o(.text) for __use_two_region_memory
    startup_stm32f10x_hd.o(RESET) refers (Special) to heapauxi.o(.text) for __use_two_region_memory
    startup_stm32f10x_hd.o(RESET) refers to startup_stm32f10x_hd.o(STACK) for __initial_sp
    startup_stm32f10x_hd.o(RESET) refers to startup_stm32f10x_hd.o(.text) for Reset_Handler
    startup_stm32f10x_hd.o(RESET) refers to stm32f10x_it.o(.text) for NMI_Handler
    startup_stm32f10x_hd.o(RESET) refers to rtc.o(.text) for RTC_IRQHandler
    startup_stm32f10x_hd.o(RESET) refers to main_loop_stm32_raw.o(.text) for TIM3_IRQHandler
    startup_stm32f10x_hd.o(RESET) refers to usart.o(.text) for USART1_IRQHandler
    startup_stm32f10x_hd.o(RESET) refers to tim.o(.text) for TIM5_IRQHandler
    startup_stm32f10x_hd.o(.text) refers (Special) to heapauxi.o(.text) for __use_two_region_memory
    startup_stm32f10x_hd.o(.text) refers to system_stm32f10x.o(.text) for SystemInit
    startup_stm32f10x_hd.o(.text) refers to __main.o(!!!main) for __main
    startup_stm32f10x_hd.o(.text) refers to startup_stm32f10x_hd.o(HEAP) for Heap_Mem
    startup_stm32f10x_hd.o(.text) refers to startup_stm32f10x_hd.o(STACK) for Stack_Mem
    stm32f10x_gpio.o(.text) refers to stm32f10x_rcc.o(.text) for RCC_APB2PeriphResetCmd
    stm32f10x_rcc.o(.text) refers to stm32f10x_rcc.o(.data) for APBAHBPrescTable
    stm32f10x_usart.o(.text) refers to stm32f10x_rcc.o(.text) for RCC_APB2PeriphResetCmd
    stm32f10x_wwdg.o(.text) refers to stm32f10x_rcc.o(.text) for RCC_APB1PeriphResetCmd
    stm32f10x_tim.o(.text) refers to stm32f10x_rcc.o(.text) for RCC_APB2PeriphResetCmd
    stm32f10x_bkp.o(.text) refers to stm32f10x_rcc.o(.text) for RCC_BackupResetCmd
    stm32f10x_pwr.o(.text) refers to stm32f10x_rcc.o(.text) for RCC_APB1PeriphResetCmd
    stm32f10x_spi.o(.text) refers to stm32f10x_rcc.o(.text) for RCC_APB2PeriphResetCmd
    led.o(.text) refers to stm32f10x_rcc.o(.text) for RCC_APB2PeriphClockCmd
    led.o(.text) refers to stm32f10x_gpio.o(.text) for GPIO_Init
    led.o(.text) refers to delay.o(.text) for delay_ms
    led.o(.text) refers to led.o(.data) for i
    lcd_driver.o(.text) refers to stm32f10x_rcc.o(.text) for RCC_APB2PeriphClockCmd
    lcd_driver.o(.text) refers to stm32f10x_gpio.o(.text) for GPIO_Init
    lcd_driver.o(.text) refers to stm32f10x_fsmc.o(.text) for FSMC_NORSRAMInit
    button.o(.text) refers to stm32f10x_rcc.o(.text) for RCC_APB2PeriphClockCmd
    button.o(.text) refers to stm32f10x_gpio.o(.text) for GPIO_Init
    button.o(.text) refers to delay.o(.text) for delay_ms
    button.o(.text) refers to button.o(.data) for key_up
    tim.o(.text) refers to stm32f10x_rcc.o(.text) for RCC_APB1PeriphClockCmd
    tim.o(.text) refers to stm32f10x_gpio.o(.text) for GPIO_Init
    tim.o(.text) refers to stm32f10x_tim.o(.text) for TIM_TimeBaseInit
    tim.o(.text) refers to misc.o(.text) for NVIC_Init
    tim.o(.text) refers to tim.o(.data) for TIM5CH1_CAPTURE_STA
[...]
    main_loop_destroy                        0x08007eb7   Thumb Code    26  main_loop.o(.text)
    main_loop                                0x08007ed1   Thumb Code     6  main_loop.o(.text)
    main_loop_set                            0x08007ed7   Thumb Code    16  main_loop.o(.text)
    main_loop_queue_event                    0x08007ee7   Thumb Code    28  main_loop.o(.text)
    main_loop_sleep                          0x08007f03   Thumb Code    66  main_loop.o(.text)
    tk_mem_stat                              0x08007f49   Thumb Code    76  mem.o(.text)
    tk_mem_info_dump                         0x08007f95   Thumb Code    32  mem.o(.text)
    tk_alloc                                 0x08007fb5   Thumb Code   166  mem.o(.text)
    tk_calloc                                0x0800805b   Thumb Code    36  mem.o(.text)
    tk_free                                  0x080080eb   Thumb Code   110  mem.o(.text)
    tk_realloc                               0x08008159   Thumb Code    86  mem.o(.text)
    tk_mem_init                              0x080081af   Thumb Code    62  mem.o(.text)
    progress_bar_set_value                   0x08008499   Thumb Code    42  progress_bar.o(.text)
    progress_bar_set_vertical                0x080084c3   Thumb Code    18  progress_bar.o(.text)
    progress_bar_set_show_text               0x080084d5   Thumb Code    18  progress_bar.o(.text)
    progress_bar_create                      0x080085b9   Thumb Code    72  progress_bar.o(.text)
    rect_merge                               0x08008625   Thumb Code   162  rect.o(.text)
    rect_contains                            0x080086c7   Thumb Code    50  rect.o(.text)
    style_get_int                            0x080086f9   Thumb Code   144  theme.o(.text)
    style_get_color                          0x08008789   Thumb Code    22  theme.o(.text)
    style_get_str                            0x0800879f   Thumb Code   142  theme.o(.text)
    theme_find_style                         0x0800882d   Thumb Code   232  theme.o(.text)
    theme                                    0x08008915   Thumb Code     4  theme.o(.text)
    theme_init                               0x08008919   Thumb Code    20  theme.o(.text)
    utf8_get_char                            0x08008935   Thumb Code   184  utf8.o(.text)
    utf8_get_prev_char                       0x080089ed   Thumb Code    60  utf8.o(.text)
    utf8_count_char                          0x08008a29   Thumb Code    42  utf8.o(.text)
    unichar_to_utf8                          0x08008a53   Thumb Code   102  utf8.o(.text)
    utf16_to_utf8                            0x08008ab9   Thumb Code   268  utf8.o(.text)
    utf8_from_utf16                          0x08008bc5   Thumb Code    42  utf8.o(.text)
    utf8_to_utf16                            0x08008bef   Thumb Code    68  utf8.o(.text)
    value_bool                               0x08008c39   Thumb Code   230  value.o(.text)
    value_set_bool                           0x08008d1f   Thumb Code    18  value.o(.text)
    value_set_int8                           0x08008d31   Thumb Code    18  value.o(.text)
    value_int8                               0x08008d43   Thumb Code    18  value.o(.text)
    value_set_uint8                          0x08008d55   Thumb Code    18  value.o(.text)
    value_uint8                              0x08008d67   Thumb Code    16  value.o(.text)
    value_set_int16                          0x08008d77   Thumb Code    18  value.o(.text)
    value_int16                              0x08008d89   Thumb Code    18  value.o(.text)
    value_set_uint16                         0x08008d9b   Thumb Code    18  value.o(.text)
    value_uint16                             0x08008dad   Thumb Code    16  value.o(.text)
    value_set_int32                          0x08008dbd   Thumb Code    18  value.o(.text)
    value_int                                0x08008dcf   Thumb Code   108  value.o(.text)
    value_int32                              0x08008e3b   Thumb Code    22  value.o(.text)
    value_set_uint32                         0x08008e51   Thumb Code    18  value.o(.text)
    value_uint32                             0x08008e63   Thumb Code    22  value.o(.text)
    value_set_int64                          0x08008e79   Thumb Code    20  value.o(.text)
    value_int64                              0x08008e8d   Thumb Code    20  value.o(.text)
    value_set_uint64                         0x08008ea1   Thumb Code    20  value.o(.text)
    value_uint64                             0x08008eb5   Thumb Code    20  value.o(.text)
    value_set_pointer                        0x08008ec9   Thumb Code    18  value.o(.text)
    value_pointer                            0x08008edb   Thumb Code    16  value.o(.text)
    value_set_float                          0x08008eeb   Thumb Code    18  value.o(.text)
    value_float                              0x08008efd   Thumb Code   144  value.o(.text)
    value_set_double                         0x08008f8d   Thumb Code    20  value.o(.text)
    value_double                             0x08008fa1   Thumb Code    20  value.o(.text)
    value_set_str                            0x08008fb5   Thumb Code    18  value.o(.text)
    value_set_wstr                           0x08008fc7   Thumb Code    18  value.o(.text)
    value_str                                0x08008fd9   Thumb Code    16  value.o(.text)
    value_wstr                               0x08008fe9   Thumb Code    16  value.o(.text)
    value_copy                               0x08008ff9   Thumb Code    26  value.o(.text)
    value_is_null                            0x08009013   Thumb Code    14  value.o(.text)
    value_set_int                            0x08009021   Thumb Code    16  value.o(.text)
    value_create                             0x08009031   Thumb Code    12  value.o(.text)
    value_destroy                            0x0800903d   Thumb Code    12  value.o(.text)
    widget_dispatch                          0x08009051   Thumb Code    68  widget.o(.text)
    widget_invalidate                        0x080090d1   Thumb Code   116  widget.o(.text)
    widget_move                              0x08009145   Thumb Code    48  widget.o(.text)
    widget_resize                            0x08009175   Thumb Code    50  widget.o(.text)
    widget_move_resize                       0x080091a7   Thumb Code    66  widget.o(.text)
    widget_set_name                          0x080091e9   Thumb Code    28  widget.o(.text)
    widget_update_style                      0x08009205   Thumb Code    46  widget.o(.text)
    widget_set_prop                          0x08009233   Thumb Code   404  widget.o(.text)
    widget_set_value                         0x080093c7   Thumb Code    36  widget.o(.text)
    widget_use_style                         0x080093eb   Thumb Code    32  widget.o(.text)
    widget_set_text                          0x0800940b   Thumb Code    36  widget.o(.text)
    widget_set_tr_text                       0x0800942f   Thumb Code    58  widget.o(.text)
    widget_re_translate_text                 0x08009469   Thumb Code     6  widget.o(.text)
    widget_get_prop                          0x0800946f   Thumb Code   420  widget.o(.text)
    widget_get_value                         0x08009613   Thumb Code    38  widget.o(.text)
    widget_get_text                          0x08009639   Thumb Code    38  widget.o(.text)
    widget_set_enable                        0x0800965f   Thumb Code    48  widget.o(.text)
    widget_set_focused                       0x0800968f   Thumb Code    48  widget.o(.text)
    widget_set_state                         0x080096bf   Thumb Code    38  widget.o(.text)
    widget_set_opacity                       0x080096e5   Thumb Code    26  widget.o(.text)
    widget_set_rotation                      0x080096ff   Thumb Code    12  widget.o(.text)
    widget_set_scale                         0x0800970b   Thumb Code    12  widget.o(.text)
    widget_set_anchor                        0x08009717   Thumb Code    12  widget.o(.text)
    widget_destroy                           0x08009723   Thumb Code   116  widget.o(.text)
    widget_destroy_children                  0x08009797   Thumb Code    60  widget.o(.text)
    widget_add_child                         0x080097d3   Thumb Code    38  widget.o(.text)
    widget_remove_child                      0x080097f9   Thumb Code    48  widget.o(.text)
    widget_lookup                            0x080098c5   Thumb Code    30  widget.o(.text)
    widget_set_visible                       0x08009955   Thumb Code    30  widget.o(.text)
    widget_find_target                       0x08009973   Thumb Code    62  widget.o(.text)
    widget_on                                0x080099b1   Thumb Code    46  widget.o(.text)
    widget_child_on                          0x080099df   Thumb Code    42  widget.o(.text)
    widget_off                               0x08009a09   Thumb Code    30  widget.o(.text)
    widget_off_by_func                       0x08009a27   Thumb Code    44  widget.o(.text)
    widget_draw_icon_text                    0x08009a53   Thumb Code   546  widget.o(.text)
    widget_draw_background                   0x08009c75   Thumb Code   150  widget.o(.text)
    widget_draw_border                       0x08009d0b   Thumb Code    70  widget.o(.text)
    widget_paint_helper                      0x08009d51   Thumb Code    30  widget.o(.text)
    widget_on_paint_done                     0x08009d6f   Thumb Code    62  widget.o(.text)
    widget_on_paint_children                 0x08009dad   Thumb Code    58  widget.o(.text)
    widget_on_paint_self                     0x08009de7   Thumb Code    66  widget.o(.text)
    widget_on_paint_background               0x08009e29   Thumb Code    60  widget.o(.text)
    widget_paint                             0x08009e65   Thumb Code   220  widget.o(.text)
    widget_on_keydown                        0x08009f41   Thumb Code    68  widget.o(.text)
    widget_on_keyup                          0x08009f85   Thumb Code    68  widget.o(.text)
    widget_on_click                          0x08009fc9   Thumb Code    68  widget.o(.text)
    widget_on_pointer_down                   0x0800a00d   Thumb Code   176  widget.o(.text)
    widget_on_pointer_move                   0x0800a0bd   Thumb Code   148  widget.o(.text)
    widget_on_pointer_up                     0x0800a151   Thumb Code    66  widget.o(.text)
    widget_grab                              0x0800a193   Thumb Code    54  widget.o(.text)
    widget_ungrab                            0x0800a1c9   Thumb Code    52  widget.o(.text)
    widget_init                              0x0800a1fd   Thumb Code   118  widget.o(.text)
    widget_to_local                          0x0800a273   Thumb Code    42  widget.o(.text)
    widget_to_global                         0x0800a29d   Thumb Code    42  widget.o(.text)
    widget_count_children                    0x0800a2c7   Thumb Code    22  widget.o(.text)
    widget_get_child                         0x0800a2dd   Thumb Code    34  widget.o(.text)
    widget_to_xml                            0x0800a2ff   Thumb Code    88  widget.o(.text)
    widget_invalidate_default                0x0800a35d   Thumb Code    64  widget_vtable.o(.text)
    widget_on_event_default                  0x0800a39d   Thumb Code    14  widget_vtable.o(.text)
    widget_on_paint_self_default             0x0800a3ab   Thumb Code    14  widget_vtable.o(.text)
    widget_on_paint_children_default         0x0800a3b9   Thumb Code    70  widget_vtable.o(.text)
    widget_on_keydown_default                0x0800a3ff   Thumb Code    14  widget_vtable.o(.text)
    widget_on_keyup_default                  0x0800a40d   Thumb Code    14  widget_vtable.o(.text)
    widget_on_click_default                  0x0800a41b   Thumb Code    14  widget_vtable.o(.text)
    widget_on_pointer_down_default           0x0800a429   Thumb Code    14  widget_vtable.o(.text)
    widget_on_pointer_move_default           0x0800a437   Thumb Code    14  widget_vtable.o(.text)
    widget_on_pointer_up_default             0x0800a445   Thumb Code    14  widget_vtable.o(.text)
    widget_get_prop_default                  0x0800a453   Thumb Code    16  widget_vtable.o(.text)
    widget_set_prop_default                  0x0800a463   Thumb Code    16  widget_vtable.o(.text)
    widget_grab_default                      0x0800a473   Thumb Code    34  widget_vtable.o(.text)
    widget_ungrab_default                    0x0800a495   Thumb Code    34  widget_vtable.o(.text)
    widget_find_target_default               0x0800a4b7   Thumb Code   138  widget_vtable.o(.text)
    widget_destroy_default                   0x0800a541   Thumb Code     6  widget_vtable.o(.text)
    widget_on_paint_background_null          0x0800a547   Thumb Code     6  widget_vtable.o(.text)
    widget_on_paint_done_null                0x0800a54d   Thumb Code     6  widget_vtable.o(.text)
    widget_vtable_default                    0x0800a553   Thumb Code     4  widget_vtable.o(.text)
    window_create                            0x0800a5fd   Thumb Code   104  window.o(.text)
    window_close                             0x0800a665   Thumb Code    20  window.o(.text)
    window_manager_find_top_window_index     0x0800a7bf   Thumb Code    64  window_manager.o(.text)
    window_manager_get_top_window            0x0800a7ff   Thumb Code    30  window_manager.o(.text)
    window_manager_add_child                 0x0800a889   Thumb Code   144  window_manager.o(.text)
    window_manager_remove_child              0x0800a929   Thumb Code    46  window_manager.o(.text)
    window_manager_find_target               0x0800a957   Thumb Code   188  window_manager.o(.text)
    window_manager_paint                     0x0800aaf9   Thumb Code    54  window_manager.o(.text)
    window_manager                           0x0800ab2f   Thumb Code     6  window_manager.o(.text)
    window_manager_set                       0x0800ab35   Thumb Code    10  window_manager.o(.text)
    window_manager_init                      0x0800ab3f   Thumb Code    40  window_manager.o(.text)
    window_manager_create                    0x0800ab67   Thumb Code    26  window_manager.o(.text)
    window_manager_on_paint_children         0x0800abd9   Thumb Code   110  window_manager.o(.text)
    window_manager_resize                    0x0800ac47   Thumb Code    58  window_manager.o(.text)
    window_manager_dispatch_input_event      0x0800ad39   Thumb Code   374  window_manager.o(.text)
    window_manager_set_animating             0x0800aeaf   Thumb Code    18  window_manager.o(.text)
    wcs_chr                                  0x0800aecd   Thumb Code    38  wstr.o(.text)
    wcs_cpy                                  0x0800aef3   Thumb Code    40  wstr.o(.text)
    wcs_len                                  0x0800af1b   Thumb Code    30  wstr.o(.text)
    wstr_init                                0x0800af6f   Thumb Code    36  wstr.o(.text)
    wstr_set                                 0x0800af93   Thumb Code    54  wstr.o(.text)
    wstr_set_utf8                            0x0800afc9   Thumb Code    62  wstr.o(.text)
    wstr_get_utf8                            0x0800b007   Thumb Code    30  wstr.o(.text)
    wstr_remove                              0x0800b025   Thumb Code    88  wstr.o(.text)
    wstr_insert                              0x0800b07d   Thumb Code   180  wstr.o(.text)
    wstr_push                                0x0800b131   Thumb Code    56  wstr.o(.text)
    wstr_pop                                 0x0800b169   Thumb Code    34  wstr.o(.text)
    wstr_from_int                            0x0800b18b   Thumb Code    38  wstr.o(.text)
    wstr_from_float                          0x0800b1b1   Thumb Code    38  wstr.o(.text)
    wstr_from_value                          0x0800b1d7   Thumb Code   104  wstr.o(.text)
    wstr_to_int                              0x0800b23f   Thumb Code    40  wstr.o(.text)
    wstr_to_float                            0x0800b267   Thumb Code    40  wstr.o(.text)
    wstr_reset                               0x0800b28f   Thumb Code    20  wstr.o(.text)
    font_bitmap_init                         0x0800b379   Thumb Code    34  font_bitmap.o(.text)
    font_bitmap_create                       0x0800b39b   Thumb Code    54  font_bitmap.o(.text)
    tk_str2bool                              0x0800b3dd   Thumb Code    40  utils.o(.text)
    tk_strtol                                0x0800b4cb   Thumb Code    92  utils.o(.text)
    tk_atoi                                  0x0800b527   Thumb Code    16  utils.o(.text)
    tk_atof                                  0x0800b537   Thumb Code   154  utils.o(.text)
    tk_itoa                                  0x0800b661   Thumb Code    22  utils.o(.text)
    tk_ftoa                                  0x0800b677   Thumb Code   262  utils.o(.text)
    tk_strcpy                                0x0800b77d   Thumb Code    16  utils.o(.text)
    tk_memset16                              0x0800b78d   Thumb Code   138  utils.o(.text)
    tk_memset32                              0x0800b817   Thumb Code    30  utils.o(.text)
    tk_memcpy16                              0x0800b835   Thumb Code    40  utils.o(.text)
    tk_memcpy32                              0x0800b85d   Thumb Code    36  utils.o(.text)
    tk_pixel_copy                            0x0800b881   Thumb Code    56  utils.o(.text)
    timer_manager                            0x0800b8b9   Thumb Code     6  timer.o(.text)
    timer_manager_set                        0x0800b8bf   Thumb Code    10  timer.o(.text)
    timer_manager_init                       0x0800b8c9   Thumb Code    40  timer.o(.text)
    timer_manager_create                     0x0800b8f1   Thumb Code    38  timer.o(.text)
    timer_manager_deinit                     0x0800b917   Thumb Code    72  timer.o(.text)
    timer_manager_destroy                    0x0800b95f   Thumb Code    26  timer.o(.text)
    timer_manager_add                        0x0800b979   Thumb Code    92  timer.o(.text)
    timer_manager_remove                     0x0800b9fd   Thumb Code    76  timer.o(.text)
    timer_manager_find                       0x0800ba49   Thumb Code    72  timer.o(.text)
    timer_manager_dispatch                   0x0800ba91   Thumb Code   138  timer.o(.text)
    timer_manager_count                      0x0800bb1b   Thumb Code    36  timer.o(.text)
    timer_manager_next_time                  0x0800bb3f   Thumb Code    60  timer.o(.text)
    timer_init                               0x0800bb7b   Thumb Code    34  timer.o(.text)
    timer_add                                0x0800bb9d   Thumb Code    30  timer.o(.text)
    timer_remove                             0x0800bbbb   Thumb Code    18  timer.o(.text)
    timer_find                               0x0800bbcd   Thumb Code    18  timer.o(.text)
    timer_dispatch                           0x0800bbdf   Thumb Code    14  timer.o(.text)
    timer_count                              0x0800bbed   Thumb Code    22  timer.o(.text)
    timer_next_time                          0x0800bc03   Thumb Code    14  timer.o(.text)
    timer_now                                0x0800bc11   Thumb Code    12  timer.o(.text)
    timer_queue                              0x0800bc1d   Thumb Code    36  timer.o(.text)
    resource_manager_load                    0x0800bc4d   Thumb Code     6  resource_manager.o(.text)
    resource_manager                         0x0800bc53   Thumb Code     6  resource_manager.o(.text)
    resource_manager_set                     0x0800bcb5   Thumb Code    10  resource_manager.o(.text)
    resource_manager_init                    0x0800bcbf   Thumb Code    24  resource_manager.o(.text)
    resource_manager_create                  0x0800bcd7   Thumb Code    24  resource_manager.o(.text)
    resource_manager_add                     0x0800bcef   Thumb Code    32  resource_manager.o(.text)
    resource_manager_find_in_cache           0x0800bd0f   Thumb Code    72  resource_manager.o(.text)
    resource_manager_ref                     0x0800bd57   Thumb Code    50  resource_manager.o(.text)
    resource_manager_unref                   0x0800bd89   Thumb Code    42  resource_manager.o(.text)
    resource_manager_clear_cache             0x0800bdc3   Thumb Code    28  resource_manager.o(.text)
    resource_manager_deinit                  0x0800bddf   Thumb Code    54  resource_manager.o(.text)
    resource_manager_destroy                 0x0800be15   Thumb Code    40  resource_manager.o(.text)
    widget_layout_parse                      0x0800be49   Thumb Code   340  layout.o(.text)
    widget_layout_calc                       0x0800bf9d   Thumb Code   208  layout.o(.text)
    widget_set_parsed_self_layout_params     0x0800c06d   Thumb Code    50  layout.o(.text)
    widget_set_self_layout_params            0x0800c09f   Thumb Code    66  layout.o(.text)
    widget_set_children_layout_params        0x0800c0e1   Thumb Code    70  layout.o(.text)
    widget_layout_self                       0x0800c127   Thumb Code    58  layout.o(.text)
    widget_layout_children                   0x0800c161   Thumb Code   928  layout.o(.text)
    widget_layout                            0x0800c501   Thumb Code    24  layout.o(.text)
    children_layout_parser                   0x0800c519   Thumb Code   136  layout.o(.text)
    event_queue_create                       0x0800c5a1   Thumb Code    58  event_queue.o(.text)
    event_queue_recv                         0x0800c5db   Thumb Code    80  event_queue.o(.text)
    event_queue_send                         0x0800c62b   Thumb Code    90  event_queue.o(.text)
    event_queue_replace_last                 0x0800c685   Thumb Code    78  event_queue.o(.text)
    event_queue_destroy                      0x0800c6d3   Thumb Code    20  event_queue.o(.text)
    slider_set_value                         0x0800cc79   Thumb Code    18  slider.o(.text)
    slider_set_min                           0x0800cc8b   Thumb Code    18  slider.o(.text)
    slider_set_max                           0x0800cc9d   Thumb Code    18  slider.o(.text)
    slider_set_step                          0x0800ccaf   Thumb Code    22  slider.o(.text)
    slider_set_vertical                      0x0800ccc5   Thumb Code    18  slider.o(.text)
    slider_create                            0x0800ce11   Thumb Code    92  slider.o(.text)
    window_animator_update                   0x0800ce95   Thumb Code   206  window_animator.o(.text)
    window_animator_destroy                  0x0800cf63   Thumb Code    22  window_animator.o(.text)
    window_animator_begin_frame_overlap      0x0800cf79   Thumb Code    60  window_animator.o(.text)
    window_animator_create_for_open          0x0800cfb5   Thumb Code     8  window_animator_null.o(.text)
    window_animator_create_for_close         0x0800cfbd   Thumb Code     8  window_animator_null.o(.text)
    idle_manager                             0x0800cfc5   Thumb Code     6  idle.o(.text)
    idle_manager_set                         0x0800cfcb   Thumb Code    10  idle.o(.text)
    idle_manager_init                        0x0800cfd5   Thumb Code    36  idle.o(.text)
    idle_manager_create                      0x0800cff9   Thumb Code    20  idle.o(.text)
    idle_manager_deinit                      0x0800d00d   Thumb Code    72  idle.o(.text)
    idle_manager_destroy                     0x0800d055   Thumb Code    26  idle.o(.text)
    idle_manager_add                         0x0800d06f   Thumb Code    78  idle.o(.text)
    idle_manager_remove                      0x0800d0e5   Thumb Code    72  idle.o(.text)
    idle_manager_find                        0x0800d12d   Thumb Code    68  idle.o(.text)
    idle_manager_dispatch                    0x0800d171   Thumb Code   106  idle.o(.text)
    idle_add                                 0x0800d1db   Thumb Code    22  idle.o(.text)
    idle_remove                              0x0800d1f1   Thumb Code    18  idle.o(.text)
    idle_find                                0x0800d203   Thumb Code    18  idle.o(.text)
    idle_dispatch                            0x0800d215   Thumb Code    14  idle.o(.text)
    idle_count                               0x0800d223   Thumb Code    50  idle.o(.text)
    idle_queue                               0x0800d255   Thumb Code    32  idle.o(.text)
    time_now_ms                              0x0800d281   Thumb Code     8  time.o(.text)
    time_now_s                               0x0800d289   Thumb Code    16  time.o(.text)
    system_info                              0x0800d299   Thumb Code     4  system_info.o(.text)
    image_loader_load                        0x0800d2a1   Thumb Code    44  image_loader.o(.text)
    tk_init_resources                        0x0800d2fb   Thumb Code    70  tk.o(.text)
    tk_init_internal                         0x0800d341   Thumb Code   134  tk.o(.text)
    tk_init                                  0x0800d3c7   Thumb Code    34  tk.o(.text)
    tk_deinit_internal                       0x0800d3e9   Thumb Code   118  tk.o(.text)
    tk_run                                   0x0800d471   Thumb Code    18  tk.o(.text)
    tk_quit                                  0x0800d493   Thumb Code    16  tk.o(.text)
    locale                                   0x0800d4ad   Thumb Code     6  locale.o(.text)
    locale_set                               0x0800d4b3   Thumb Code    10  locale.o(.text)
    locale_change                            0x0800d4bd   Thumb Code   176  locale.o(.text)
    locale_init                              0x0800d56d   Thumb Code    42  locale.o(.text)
    locale_create                            0x0800d597   Thumb Code    28  locale.o(.text)
    str_table_lookup                         0x0800d5b3   Thumb Code   116  locale.o(.text)
    locale_tr                                0x0800d627   Thumb Code    56  locale.o(.text)
    locale_on                                0x0800d65f   Thumb Code    40  locale.o(.text)
    locale_off                               0x0800d687   Thumb Code    24  locale.o(.text)
    locale_deinit                            0x0800d69f   Thumb Code    46  locale.o(.text)
    locale_destroy                           0x0800d6cd   Thumb Code    26  locale.o(.text)
    str_init                                 0x0800d733   Thumb Code    36  str.o(.text)
    str_set_with_len                         0x0800d757   Thumb Code    74  str.o(.text)
    str_set                                  0x0800d7a1   Thumb Code    20  str.o(.text)
    str_append                               0x0800d7b5   Thumb Code    66  str.o(.text)
    str_eq                                   0x0800d7f7   Thumb Code    62  str.o(.text)
    str_from_int                             0x0800d835   Thumb Code    38  str.o(.text)
    str_from_float                           0x0800d85b   Thumb Code    38  str.o(.text)
    str_from_value                           0x0800d881   Thumb Code    90  str.o(.text)
    str_to_int                               0x0800d8db   Thumb Code    26  str.o(.text)
    str_to_float                             0x0800d8f5   Thumb Code    26  str.o(.text)
    str_reset                                0x0800d90f   Thumb Code    20  str.o(.text)
    str_end_with                             0x0800d923   Thumb Code    64  str.o(.text)
    str_start_with                           0x0800d963   Thumb Code    46  str.o(.text)
    str_trim_left                            0x0800d991   Thumb Code   110  str.o(.text)
    str_trim_right                           0x0800d9ff   Thumb Code    82  str.o(.text)
    str_trim                                 0x0800da51   Thumb Code    32  str.o(.text)
    str_replace                              0x0800daa1   Thumb Code   238  str.o(.text)
    str_to_lower                             0x0800db8f   Thumb Code    46  str.o(.text)
    str_to_upper                             0x0800dbbd   Thumb Code    46  str.o(.text)
    main_loop_post_pointer_event             0x0800dc3b   Thumb Code   158  main_loop_simple.o(.text)
    main_loop_post_key_event                 0x0800dcd9   Thumb Code   102  main_loop_simple.o(.text)
    main_loop_simple_init                    0x0800ddf5   Thumb Code    92  main_loop_simple.o(.text)
    main_loop_simple_reset                   0x0800de51   Thumb Code    34  main_loop_simple.o(.text)
    tk_mutex_create                          0x0800de81   Thumb Code     4  mutex.o(.text)
    tk_mutex_lock                            0x0800de85   Thumb Code     6  mutex.o(.text)
    tk_mutex_unlock                          0x0800de8b   Thumb Code     6  mutex.o(.text)
    tk_mutex_destroy                         0x0800de91   Thumb Code     6  mutex.o(.text)
    lcd_reg_create                           0x0800e343   Thumb Code   110  lcd_stm32_raw.o(.text)
    platform_disaptch_input                  0x0800e3d5   Thumb Code     6  main_loop_stm32_raw.o(.text)
    TIM3_IRQHandler                          0x0800e3eb   Thumb Code    70  main_loop_stm32_raw.o(.text)
    main_loop_init                           0x0800e479   Thumb Code    34  main_loop_stm32_raw.o(.text)
    get_time_ms                              0x0800e4ad   Thumb Code     8  platform.o(.text)
    sleep_ms                                 0x0800e4b5   Thumb Code    12  platform.o(.text)
    platform_prepare                         0x0800e4c1   Thumb Code    24  platform.o(.text)
    gui_app_start                            0x0800e4dd   Thumb Code    30  demo_main.o(.text)
    application_init                         0x0800e661   Thumb Code   736  demo1_app.o(.text)
    resource_init                            0x0800ea41   Thumb Code   344  resource-mini.o(.text)
    __use_no_semihosting                     0x0800ec3d   Thumb Code     2  use_no_semi_2.o(.text)
    tolower                                  0x0800ec3f   Thumb Code    26  tolower.o(.text)
    toupper                                  0x0800ec59   Thumb Code    30  toupper.o(.text)
    __2printf                                0x0800ec79   Thumb Code    20  noretval__2printf.o(.text)
    __2snprintf                              0x0800ec91   Thumb Code    48  noretval__2snprintf.o(.text)
    __printf                                 0x0800ecc5   Thumb Code   104  __printf.o(.text)
    _printf_str                              0x0800ed2d   Thumb Code    82  _printf_str.o(.text)
    _printf_int_dec                          0x0800ed81   Thumb Code   104  _printf_dec.o(.text)
    atoi                                     0x0800edf9   Thumb Code    26  atoi.o(.text)
    strchr                                   0x0800ee13   Thumb Code    20  strchr.o(.text)
    strstr                                   0x0800ee27   Thumb Code    36  strstr.o(.text)
    strcpy                                   0x0800ee4b   Thumb Code    72  strcpy.o(.text)
    strlen                                   0x0800ee93   Thumb Code    62  strlen.o(.text)
    wcscpy                                   0x0800eed1   Thumb Code    18  wcscpy.o(.text)
    wcslen                                   0x0800eee3   Thumb Code    18  wcslen.o(.text)
    strncmp                                  0x0800eef5   Thumb Code   150  strncmp.o(.text)
    __aeabi_memcpy                           0x0800ef8b   Thumb Code     0  rt_memcpy_v6.o(.text)
    __rt_memcpy                              0x0800ef8b   Thumb Code   138  rt_memcpy_v6.o(.text)
    _memcpy_lastbytes                        0x0800eff1   Thumb Code     0  rt_memcpy_v6.o(.text)
    __aeabi_memmove                          0x0800f015   Thumb Code     0  rt_memmove_v6.o(.text)
    __rt_memmove                             0x0800f015   Thumb Code   132  rt_memmove_v6.o(.text)
    __memmove_lastfew                        0x0800f075   Thumb Code     0  rt_memmove_v6.o(.text)
    __aeabi_memcpy4                          0x0800f099   Thumb Code     0  rt_memcpy_w.o(.text)
    __aeabi_memcpy8                          0x0800f099   Thumb Code     0  rt_memcpy_w.o(.text)
    __rt_memcpy_w                            0x0800f099   Thumb Code   100  rt_memcpy_w.o(.text)
    _memcpy_lastbytes_aligned                0x0800f0e1   Thumb Code     0  rt_memcpy_w.o(.text)
    __aeabi_memclr                           0x0800f0fd   Thumb Code     0  rt_memclr.o(.text)
    __rt_memclr                              0x0800f0fd   Thumb Code    68  rt_memclr.o(.text)
    _memset                                  0x0800f101   Thumb Code     0  rt_memclr.o(.text)
    __aeabi_memclr4                          0x0800f141   Thumb Code     0  rt_memclr_w.o(.text)
    __aeabi_memclr8                          0x0800f141   Thumb Code     0  rt_memclr_w.o(.text)
    __rt_memclr_w                            0x0800f141   Thumb Code    78  rt_memclr_w.o(.text)
    _memset_w                                0x0800f145   Thumb Code     0  rt_memclr_w.o(.text)
    strncpy                                  0x0800f18f   Thumb Code    86  strncpy.o(.text)
    strcmp                                   0x0800f1e5   Thumb Code   128  strcmpv7m.o(.text)
    __use_two_region_memory                  0x0800f265   Thumb Code     2  heapauxi.o(.text)
    __rt_heap_escrow$2region                 0x0800f267   Thumb Code     2  heapauxi.o(.text)
    __rt_heap_expand$2region                 0x0800f269   Thumb Code     2  heapauxi.o(.text)
    __I$use$semihosting                      0x0800f26b   Thumb Code     0  use_no_semi.o(.text)
    __use_no_semihosting_swi                 0x0800f26b   Thumb Code     2  use_no_semi.o(.text)
    __rt_ctype_table                         0x0800f26d   Thumb Code    16  rt_ctype_table.o(.text)
    __aeabi_errno_addr                       0x0800f27d   Thumb Code     8  rt_errno_addr_intlibspace.o(.text)
    __errno$intlibspace                      0x0800f27d   Thumb Code     0  rt_errno_addr_intlibspace.o(.text)
    __rt_errno_addr$intlibspace              0x0800f27d   Thumb Code     0  rt_errno_addr_intlibspace.o(.text)
    _printf_int_common                       0x0800f285   Thumb Code   178  _printf_intcommon.o(.text)
    _printf_char_common                      0x0800f343   Thumb Code    32  _printf_char_common.o(.text)
    _sputc                                   0x0800f369   Thumb Code    10  _sputc.o(.text)
    _snputc                                  0x0800f373   Thumb Code    16  _snputc.o(.text)
    _printf_cs_common                        0x0800f383   Thumb Code    20  _printf_char.o(.text)
    _printf_char                             0x0800f397   Thumb Code    16  _printf_char.o(.text)
    _printf_string                           0x0800f3a7   Thumb Code     8  _printf_char.o(.text)
    _printf_char_file                        0x0800f3b1   Thumb Code    32  _printf_char_file.o(.text)
    strtol                                   0x0800f3d5   Thumb Code   112  strtol.o(.text)
    __aeabi_memmove4                         0x0800f445   Thumb Code     0  rt_memmove_w.o(.text)
    __aeabi_memmove8                         0x0800f445   Thumb Code     0  rt_memmove_w.o(.text)
    __rt_memmove_w                           0x0800f445   Thumb Code   122  rt_memmove_w.o(.text)
    __memmove_aligned                        0x0800f46b   Thumb Code     0  rt_memmove_w.o(.text)
    __memmove_lastfew_aligned                0x0800f4a3   Thumb Code     0  rt_memmove_w.o(.text)
    __user_libspace                          0x0800f4c1   Thumb Code     8  libspace.o(.text)
    __user_perproc_libspace                  0x0800f4c1   Thumb Code     0  libspace.o(.text)
    __user_perthread_libspace                0x0800f4c1   Thumb Code     0  libspace.o(.text)
    __rt_locale                              0x0800f4c9   Thumb Code     8  rt_locale_intlibspace.o(.text)
    _strtoul                                 0x0800f4d1   Thumb Code   158  _strtoul.o(.text)
    ferror                                   0x0800f56f   Thumb Code     8  ferror.o(.text)
    __user_setup_stackheap                   0x0800f577   Thumb Code    74  sys_stackheap_outer.o(.text)
    _chval                                   0x0800f5c1   Thumb Code    28  _chval.o(.text)
    exit                                     0x0800f5dd   Thumb Code    18  exit.o(.text)
    _get_lc_ctype                            0x0800f5f1   Thumb Code    44  lc_ctype_c.o(locale$$code)
    __aeabi_d2f                              0x0800f61d   Thumb Code     0  d2f.o(x$fpl$d2f)
    _d2f                                     0x0800f61d   Thumb Code    98  d2f.o(x$fpl$d2f)
    __aeabi_dadd                             0x0800f681   Thumb Code     0  daddsub_clz.o(x$fpl$dadd)
    _dadd                                    0x0800f681   Thumb Code   332  daddsub_clz.o(x$fpl$dadd)
    __fpl_dcmp_Inf                           0x0800f7d1   Thumb Code    24  dcmpi.o(x$fpl$dcmpinf)
    __aeabi_ddiv                             0x0800f7e9   Thumb Code     0  ddiv.o(x$fpl$ddiv)
    _ddiv                                    0x0800f7e9   Thumb Code   552  ddiv.o(x$fpl$ddiv)
    __aeabi_cdcmpeq                          0x0800fa99   Thumb Code     0  deqf.o(x$fpl$deqf)
    _dcmpeq                                  0x0800fa99   Thumb Code   120  deqf.o(x$fpl$deqf)
    __aeabi_d2iz                             0x0800fb11   Thumb Code     0  dfix.o(x$fpl$dfix)
    _dfix                                    0x0800fb11   Thumb Code    94  dfix.o(x$fpl$dfix)
    __aeabi_d2uiz                            0x0800fb71   Thumb Code     0  dfixu.o(x$fpl$dfixu)
    _dfixu                                   0x0800fb71   Thumb Code    90  dfixu.o(x$fpl$dfixu)
    __aeabi_i2d                              0x0800fbcb   Thumb Code     0  dflt_clz.o(x$fpl$dflt)
    _dflt                                    0x0800fbcb   Thumb Code    46  dflt_clz.o(x$fpl$dflt)
    __aeabi_ui2d                             0x0800fbf9   Thumb Code     0  dflt_clz.o(x$fpl$dfltu)
    _dfltu                                   0x0800fbf9   Thumb Code    38  dflt_clz.o(x$fpl$dfltu)
    __aeabi_cdcmple                          0x0800fc21   Thumb Code     0  dleqf.o(x$fpl$dleqf)
    _dcmple                                  0x0800fc21   Thumb Code   120  dleqf.o(x$fpl$dleqf)
    __fpl_dcmple_InfNaN                      0x0800fc83   Thumb Code     0  dleqf.o(x$fpl$dleqf)
    __aeabi_dmul                             0x0800fc99   Thumb Code     0  dmul.o(x$fpl$dmul)
    _dmul                                    0x0800fc99   Thumb Code   332  dmul.o(x$fpl$dmul)
    __fpl_dnaninf                            0x0800fded   Thumb Code   156  dnaninf.o(x$fpl$dnaninf)
    __fpl_dretinf                            0x0800fe89   Thumb Code    12  dretinf.o(x$fpl$dretinf)
    __aeabi_cdrcmple                         0x0800fe95   Thumb Code     0  drleqf.o(x$fpl$drleqf)
    _drcmple                                 0x0800fe95   Thumb Code   108  drleqf.o(x$fpl$drleqf)
    __aeabi_drsub                            0x0800ff01   Thumb Code     0  daddsub_clz.o(x$fpl$drsb)
    _drsb                                    0x0800ff01   Thumb Code    22  daddsub_clz.o(x$fpl$drsb)
    __aeabi_dsub                             0x0800ff19   Thumb Code     0  daddsub_clz.o(x$fpl$dsub)
    _dsub                                    0x0800ff19   Thumb Code   464  daddsub_clz.o(x$fpl$dsub)
    __aeabi_fadd                             0x080100ed   Thumb Code     0  faddsub_clz.o(x$fpl$fadd)
    _fadd                                    0x080100ed   Thumb Code   196  faddsub_clz.o(x$fpl$fadd)
    __fpl_fcmp_Inf                           0x080101b1   Thumb Code    24  fcmpi.o(x$fpl$fcmpinf)
    __aeabi_fdiv                             0x080101c9   Thumb Code     0  fdiv.o(x$fpl$fdiv)
    _fdiv                                    0x080101c9   Thumb Code   384  fdiv.o(x$fpl$fdiv)
    __aeabi_cfcmpeq                          0x0801034d   Thumb Code     0  feqf.o(x$fpl$feqf)
    _fcmpeq                                  0x0801034d   Thumb Code   104  feqf.o(x$fpl$feqf)
    __aeabi_f2iz                             0x080103b5   Thumb Code     0  ffix.o(x$fpl$ffix)
    _ffix                                    0x080103b5   Thumb Code    54  ffix.o(x$fpl$ffix)
    __aeabi_f2uiz                            0x080103ed   Thumb Code     0  ffixu.o(x$fpl$ffixu)
    _ffixu                                   0x080103ed   Thumb Code    62  ffixu.o(x$fpl$ffixu)
    __aeabi_i2f                              0x0801042d   Thumb Code     0  fflt_clz.o(x$fpl$fflt)
    _fflt                                    0x0801042d   Thumb Code    48  fflt_clz.o(x$fpl$fflt)
    __aeabi_ul2f                             0x0801045d   Thumb Code     0  ffltll_clz.o(x$fpl$ffltll)
    _ll_uto_f                                0x0801045d   Thumb Code     6  ffltll_clz.o(x$fpl$ffltll)
    __aeabi_l2f                              0x08010463   Thumb Code     0  ffltll_clz.o(x$fpl$ffltll)
    _ll_sto_f                                0x08010463   Thumb Code    90  ffltll_clz.o(x$fpl$ffltll)
    __aeabi_ui2f                             0x080104bd   Thumb Code     0  fflt_clz.o(x$fpl$ffltu)
    _ffltu                                   0x080104bd   Thumb Code    38  fflt_clz.o(x$fpl$ffltu)
    __aeabi_cfcmple                          0x080104e5   Thumb Code     0  fleqf.o(x$fpl$fleqf)
    _fcmple                                  0x080104e5   Thumb Code   104  fleqf.o(x$fpl$fleqf)
    __fpl_fcmple_InfNaN                      0x08010537   Thumb Code     0  fleqf.o(x$fpl$fleqf)
    __aeabi_fmul                             0x0801054d   Thumb Code     0  fmul.o(x$fpl$fmul)
    _fmul                                    0x0801054d   Thumb Code   258  fmul.o(x$fpl$fmul)
    __fpl_fnaninf                            0x0801064f   Thumb Code   140  fnaninf.o(x$fpl$fnaninf)
    __fpl_fretinf                            0x080106db   Thumb Code    10  fretinf.o(x$fpl$fretinf)
    __aeabi_cfrcmple                         0x080106e5   Thumb Code     0  frleqf.o(x$fpl$frleqf)
    _frcmple                                 0x080106e5   Thumb Code    98  frleqf.o(x$fpl$frleqf)
    __aeabi_frsub                            0x08010747   Thumb Code     0  faddsub_clz.o(x$fpl$frsb)
    _frsb                                    0x08010747   Thumb Code    20  faddsub_clz.o(x$fpl$frsb)
    __aeabi_fsub                             0x0801075d   Thumb Code     0  faddsub_clz.o(x$fpl$fsub)
    _fsub                                    0x0801075d   Thumb Code   234  faddsub_clz.o(x$fpl$fsub)
    __I$use$fp                               0x08010846   Number         0  usenofp.o(x$fpl$usenofp)
    table_week                               0x08010846   Data          12  rtc.o(.constdata)
    mon_table                                0x08010852   Data          12  rtc.o(.constdata)
    ASCII8x16                                0x0801085e   Data        1536  gui.o(.constdata)
    tfont16                                  0x08010e5e   Data         480  gui.o(.constdata)
    tfont24                                  0x0801103e   Data         360  gui.o(.constdata)
    g_utf8_skip                              0x08011860   Data           4  utf8.o(.constdata)
    font_default                             0x08011a0c   Data       10195  resource-mini.o(.constdata)
    image_bricks                             0x080141df   Data       14444  resource-mini.o(.constdata)
    image_checked                            0x08017a4b   Data        2348  resource-mini.o(.constdata)
    image_dialog_title                       0x08018377   Data        7244  resource-mini.o(.constdata)
    image_earth                              0x08019fc3   Data        2348  resource-mini.o(.constdata)
    image_green_btn_n                        0x0801a8ef   Data        3644  resource-mini.o(.constdata)
    image_green_btn_o                        0x0801b72b   Data        3644  resource-mini.o(.constdata)
    image_green_btn_p                        0x0801c567   Data        3644  resource-mini.o(.constdata)
    image_info                               0x0801d3a3   Data        2348  resource-mini.o(.constdata)
    image_left_off                           0x0801dccf   Data        2348  resource-mini.o(.constdata)
    image_left_on                            0x0801e5fb   Data        2348  resource-mini.o(.constdata)
    image_middle_off                         0x0801ef27   Data        2348  resource-mini.o(.constdata)
    image_middle_on                          0x0801f853   Data        2348  resource-mini.o(.constdata)
    image_muted                              0x0802017f   Data        2348  resource-mini.o(.constdata)
    image_question                           0x08020aab   Data        2348  resource-mini.o(.constdata)
    image_radio_checked                      0x080213d7   Data        2348  resource-mini.o(.constdata)
    image_radio_unchecked                    0x08021d03   Data        2348  resource-mini.o(.constdata)
    image_red_btn_n                          0x0802262f   Data        3644  resource-mini.o(.constdata)
    image_red_btn_o                          0x0802346b   Data        3644  resource-mini.o(.constdata)
    image_red_btn_p                          0x080242a7   Data        3644  resource-mini.o(.constdata)
    image_right_off                          0x080250e3   Data        2348  resource-mini.o(.constdata)
    image_right_on                           0x08025a0f   Data        2348  resource-mini.o(.constdata)
    image_slider_bg                          0x0802633b   Data        1004  resource-mini.o(.constdata)
    image_slider_drag                        0x08026727   Data        3180  resource-mini.o(.constdata)
    image_slider_drag_o                      0x08027393   Data        3180  resource-mini.o(.constdata)
    image_slider_drag_p                      0x08027fff   Data        3180  resource-mini.o(.constdata)
    image_slider_fg                          0x08028c6b   Data        1004  resource-mini.o(.constdata)
    image_slider_v_bg                        0x08029057   Data        1004  resource-mini.o(.constdata)
    image_slider_v_fg                        0x08029443   Data        1004  resource-mini.o(.constdata)
    image_unchecked                          0x0802982f   Data        2348  resource-mini.o(.constdata)
    image_unmuted                            0x0802a15b   Data        2348  resource-mini.o(.constdata)
    image_warn                               0x0802aa87   Data        2348  resource-mini.o(.constdata)
    theme_default                            0x0802b3b3   Data        2514  resource-mini.o(.constdata)
    ui_bottom                                0x0802bd85   Data         261  resource-mini.o(.constdata)
    ui_dialog1                               0x0802be8a   Data         305  resource-mini.o(.constdata)
    ui_dialog2                               0x0802bfbb   Data         237  resource-mini.o(.constdata)
    ui_fade                                  0x0802c0a8   Data         297  resource-mini.o(.constdata)
    ui_top                                   0x0802c1d1   Data         261  resource-mini.o(.constdata)
    ui_window                                0x0802c2d6   Data         926  resource-mini.o(.constdata)
    ui_window1                               0x0802c674   Data         384  resource-mini.o(.constdata)
    ui_window2                               0x0802c7f4   Data         231  resource-mini.o(.constdata)
    Region$$Table$$Base                      0x0802cbec   Number         0  anon$$obj.o(Region$$Table)
    Region$$Table$$Limit                     0x0802cc0c   Number         0  anon$$obj.o(Region$$Table)
    __ctype                                  0x0802cc19   Data           0  lc_ctype_c.o(locale$$data)
    SystemCoreClock                          0x20000000   Data           4  system_stm32f10x.o(.data)
    AHBPrescTable                            0x20000004   Data          16  system_stm32f10x.o(.data)
    __stdout                                 0x20000018   Data           4  usart.o(.data)
    USART_RX_STA                             0x2000001c   Data           2  usart.o(.data)
    TIM5CH1_CAPTURE_STA                      0x20000034   Data           1  tim.o(.data)
    TIM5CH1_CAPTURE_VAL                      0x20000036   Data           2  tim.o(.data)
    rtc_data                                 0x20000038   Data           7  rtc.o(.data)
    rtc_bit                                  0x2000003f   Data           1  rtc.o(.data)
    TouchData                                0x20000042   Data           8  touch.o(.data)
    USART_RX_BUF                             0x20000074   Data         200  usart.o(.bss)
    calendar                                 0x2000013c   Data          10  rtc.o(.bss)
    __libspace_start                         0x200031f0   Data          96  libspace.o(.bss)
    __temporary_stack_top$libspace           0x20003250   Data           0  libspace.o(.bss)



==============================================================================

Memory Map of the image

  Image Entry point : 0x08000131

  Load Region LR_IROM1 (Base: 0x08000000, Size: 0x0002cd90, Max: 0x00080000, ABSOLUTE)

    Execution Region ER_IROM1 (Exec base: 0x08000000, Load base: 0x08000000, Size: 0x0002cd1c, Max: 0x00080000, ABSOLUTE)

    Exec Addr    Load Addr    Size         Type   Attr      Idx    E Section Name        Object

    0x08000000   0x08000000   0x00000130   Data   RO          266    RESET               startup_stm32f10x_hd.o
    0x08000130   0x08000130   0x00000008   Code   RO         2951  * !!!main             c_w.l(__main.o)
    0x08000138   0x08000138   0x00000034   Code   RO         3229    !!!scatter          c_w.l(__scatter.o)
    0x0800016c   0x0800016c   0x0000001a   Code   RO         3231    !!handler_copy      c_w.l(__scatter_copy.o)
    0x08000186   0x08000186   0x00000002   PAD
    0x08000188   0x08000188   0x0000001c   Code   RO         3233    !!handler_zi        c_w.l(__scatter_zi.o)
    0x080001a4   0x080001a4   0x00000000   Code   RO         2918    .ARM.Collect$$_printf_percent$$00000000  c_w.l(_printf_percent.o)
    0x080001a4   0x080001a4   0x00000006   Code   RO         2917    .ARM.Collect$$_printf_percent$$00000009  c_w.l(_printf_d.o)
    0x080001aa   0x080001aa   0x00000006   Code   RO         2916    .ARM.Collect$$_printf_percent$$00000014  c_w.l(_printf_s.o)
    0x080001b0   0x080001b0   0x00000004   Code   RO         3043    .ARM.Collect$$_printf_percent$$00000017  c_w.l(_printf_percent_end.o)
    0x080001b4   0x080001b4   0x00000002   Code   RO         3106    .ARM.Collect$$libinit$$00000000  c_w.l(libinit.o)
    0x080001b6   0x080001b6   0x00000000   Code   RO         3108    .ARM.Collect$$libinit$$00000002  c_w.l(libinit2.o)
    0x080001b6   0x080001b6   0x00000000   Code   RO         3110    .ARM.Collect$$libinit$$00000004  c_w.l(libinit2.o)
    0x080001b6   0x080001b6   0x00000000   Code   RO         3113    .ARM.Collect$$libinit$$0000000A  c_w.l(libinit2.o)
    0x080001b6   0x080001b6   0x00000000   Code   RO         3115    .ARM.Collect$$libinit$$0000000C  c_w.l(libinit2.o)
    0x080001b6   0x080001b6   0x00000000   Code   RO         3117    .ARM.Collect$$libinit$$0000000E  c_w.l(libinit2.o)
    0x080001b6   0x080001b6   0x00000006   Code   RO         3118    .ARM.Collect$$libinit$$0000000F  c_w.l(libinit2.o)
    0x080001bc   0x080001bc   0x00000000   Code   RO         3120    .ARM.Collect$$libinit$$00000011  c_w.l(libinit2.o)
    0x080001bc   0x080001bc   0x0000000c   Code   RO         3121    .ARM.Collect$$libinit$$00000012  c_w.l(libinit2.o)
    0x080001c8   0x080001c8   0x00000000   Code   RO         3122    .ARM.Collect$$libinit$$00000013  c_w.l(libinit2.o)
    0x080001c8   0x080001c8   0x00000000   Code   RO         3124    .ARM.Collect$$libinit$$00000015  c_w.l(libinit2.o)
    0x080001c8   0x080001c8   0x00000000   Code   RO         3126    .ARM.Collect$$libinit$$00000017  c_w.l(libinit2.o)
    0x080001c8   0x080001c8   0x00000000   Code   RO         3128    .ARM.Collect$$libinit$$00000019  c_w.l(libinit2.o)
    0x080001c8   0x080001c8   0x00000000   Code   RO         3130    .ARM.Collect$$libinit$$0000001B  c_w.l(libinit2.o)
    0x080001c8   0x080001c8   0x00000000   Code   RO         3132    .ARM.Collect$$libinit$$0000001D  c_w.l(libinit2.o)
    0x080001c8   0x080001c8   0x00000000   Code   RO         3134    .ARM.Collect$$libinit$$0000001F  c_w.l(libinit2.o)
    0x080001c8   0x080001c8   0x00000000   Code   RO         3136    .ARM.Collect$$libinit$$00000021  c_w.l(libinit2.o)
    0x080001c8   0x080001c8   0x00000000   Code   RO         3138    .ARM.Collect$$libinit$$00000023  c_w.l(libinit2.o)
    0x080001c8   0x080001c8   0x00000000   Code   RO         3140    .ARM.Collect$$libinit$$00000025  c_w.l(libinit2.o)
    0x080001c8   0x080001c8   0x00000000   Code   RO         3144    .ARM.Collect$$libinit$$0000002C  c_w.l(libinit2.o)
    0x080001c8   0x080001c8   0x00000000   Code   RO         3146    .ARM.Collect$$libinit$$0000002E  c_w.l(libinit2.o)
    0x080001c8   0x080001c8   0x00000000   Code   RO         3148    .ARM.Collect$$libinit$$00000030  c_w.l(libinit2.o)
    0x080001c8   0x080001c8   0x00000000   Code   RO         3150    .ARM.Collect$$libinit$$00000032  c_w.l(libinit2.o)
    0x080001c8   0x080001c8   0x00000002   Code   RO         3151    .ARM.Collect$$libinit$$00000033  c_w.l(libinit2.o)
    0x080001ca   0x080001ca   0x00000002   Code   RO         3179    .ARM.Collect$$libshutdown$$00000000  c_w.l(libshutdown.o)
    0x080001cc   0x080001cc   0x00000000   Code   RO         3188    .ARM.Collect$$libshutdown$$00000002  c_w.l(libshutdown2.o)
    0x080001cc   0x080001cc   0x00000000   Code   RO         3190    .ARM.Collect$$libshutdown$$00000004  c_w.l(libshutdown2.o)
    0x080001cc   0x080001cc   0x00000000   Code   RO         3193    .ARM.Collect$$libshutdown$$00000007  c_w.l(libshutdown2.o)
    0x080001cc   0x080001cc   0x00000000   Code   RO         3196    .ARM.Collect$$libshutdown$$0000000A  c_w.l(libshutdown2.o)
    0x080001cc   0x080001cc   0x00000000   Code   RO         3198    .ARM.Collect$$libshutdown$$0000000C  c_w.l(libshutdown2.o)
    0x080001cc   0x080001cc   0x00000000   Code   RO         3201    .ARM.Collect$$libshutdown$$0000000F  c_w.l(libshutdown2.o)
    0x080001cc   0x080001cc   0x00000002   Code   RO         3202    .ARM.Collect$$libshutdown$$00000010  c_w.l(libshutdown2.o)
    0x080001ce   0x080001ce   0x00000000   Code   RO         3023    .ARM.Collect$$rtentry$$00000000  c_w.l(__rtentry.o)
    0x080001ce   0x080001ce   0x00000000   Code   RO         3065    .ARM.Collect$$rtentry$$00000002  c_w.l(__rtentry2.o)
    0x080001ce   0x080001ce   0x00000006   Code   RO         3077    .ARM.Collect$$rtentry$$00000004  c_w.l(__rtentry4.o)
    0x080001d4   0x080001d4   0x00000000   Code   RO         3067    .ARM.Collect$$rtentry$$00000009  c_w.l(__rtentry2.o)
    0x080001d4   0x080001d4   0x00000004   Code   RO         3068    .ARM.Collect$$rtentry$$0000000A  c_w.l(__rtentry2.o)
    0x080001d8   0x080001d8   0x00000000   Code   RO         3070    .ARM.Collect$$rtentry$$0000000C  c_w.l(__rtentry2.o)
    0x080001d8   0x080001d8   0x00000008   Code   RO         3071    .ARM.Collect$$rtentry$$0000000D  c_w.l(__rtentry2.o)
    0x080001e0   0x080001e0   0x00000002   Code   RO         3152    .ARM.Collect$$rtexit$$00000000  c_w.l(rtexit.o)
    0x080001e2   0x080001e2   0x00000000   Code   RO         3159    .ARM.Collect$$rtexit$$00000002  c_w.l(rtexit2.o)
    0x080001e2   0x080001e2   0x00000004   Code   RO         3160    .ARM.Collect$$rtexit$$00000003  c_w.l(rtexit2.o)
    0x080001e6   0x080001e6   0x00000006   Code   RO         3161    .ARM.Collect$$rtexit$$00000004  c_w.l(rtexit2.o)
    0x080001ec   0x080001ec   0x0000001a   Code   RO            1    .text               stm32f10x_it.o
    0x08000206   0x08000206   0x00000002   PAD
    0x08000208   0x08000208   0x000001e0   Code   RO          104    .text               system_stm32f10x.o
    0x080003e8   0x080003e8   0x00000044   Code   RO          122    .text               main.o
    0x0800042c   0x0800042c   0x000000d4   Code   RO          204    .text               delay.o
    0x08000500   0x08000500   0x0000012c   Code   RO          230    .text               usart.o
    0x0800062c   0x0800062c   0x00000040   Code   RO          267    .text               startup_stm32f10x_hd.o
    0x0800066c   0x0800066c   0x000000dc   Code   RO          271    .text               misc.o
    0x08000748   0x08000748   0x0000035c   Code   RO          283    .text               stm32f10x_gpio.o
    0x08000aa4   0x08000aa4   0x000003a4   Code   RO          295    .text               stm32f10x_rcc.o
    0x08000e48   0x08000e48   0x00000408   Code   RO          309    .text               stm32f10x_usart.o
    0x08001250   0x08001250   0x00000e1a   Code   RO          357    .text               stm32f10x_tim.o
    0x0800206a   0x0800206a   0x00000002   PAD
    0x0800206c   0x0800206c   0x0000060c   Code   RO          369    .text               stm32f10x_fsmc.o
    0x08002678   0x08002678   0x000000c4   Code   RO          381    .text               stm32f10x_bkp.o
    0x0800273c   0x0800273c   0x00000148   Code   RO          393    .text               stm32f10x_rtc.o
    0x08002884   0x08002884   0x000000cc   Code   RO          405    .text               stm32f10x_pwr.o
    0x08002950   0x08002950   0x0000030c   Code   RO          429    .text               stm32f10x_spi.o
    0x08002c5c   0x08002c5c   0x000000a4   Code   RO          465    .text               led.o
    0x08002d00   0x08002d00   0x000002b8   Code   RO          478    .text               lcd_driver.o
    0x08002fb8   0x08002fb8   0x00000100   Code   RO          493    .text               button.o
    0x080030b8   0x080030b8   0x0000023c   Code   RO          506    .text               tim.o
    0x080032f4   0x080032f4   0x00000460   Code   RO          525    .text               rtc.o
    0x08003754   0x08003754   0x00000440   Code   RO          549    .text               touch.o
    0x08003b94   0x08003b94   0x000001dc   Code   RO          571    .text               spi.o
    0x08003d70   0x08003d70   0x00000430   Code   RO          583    .text               gui.o
    0x080041a0   0x080041a0   0x0000039c   Code   RO          604    .text               flash.o
    0x0800453c   0x0800453c   0x0000026a   Code   RO          618    .text               array.o
    0x080047a6   0x080047a6   0x00000020   Code   RO          662    .text               bitmap.o
    0x080047c6   0x080047c6   0x00000002   PAD
    0x080047c8   0x080047c8   0x000000d0   Code   RO          709    .text               button_1.o
    0x08004898   0x08004898   0x0000218a   Code   RO          793    .text               canvas.o
    0x08006a22   0x08006a22   0x00000002   PAD
    0x08006a24   0x08006a24   0x00000214   Code   RO          833    .text               check_button.o
    0x08006c38   0x08006c38   0x00000018   Code   RO          890    .text               color.o
    0x08006c50   0x08006c50   0x00000390   Code   RO          909    .text               dialog.o
    0x08006fe0   0x08006fe0   0x00000292   Code   RO         1002    .text               emitter.o
    0x08007272   0x08007272   0x00000002   PAD
    0x08007274   0x08007274   0x00000148   Code   RO         1051    .text               enums.o
    0x080073bc   0x080073bc   0x0000005e   Code   RO         1106    .text               font.o
    0x0800741a   0x0800741a   0x00000002   PAD
    0x0800741c   0x0800741c   0x000000fc   Code   RO         1128    .text               font_manager.o
    0x08007518   0x08007518   0x00000068   Code   RO         1152    .text               group_box.o
    0x08007580   0x08007580   0x0000027c   Code   RO         1200    .text               image.o
    0x080077fc   0x080077fc   0x000002b8   Code   RO         1251    .text               image_manager.o
    0x08007ab4   0x08007ab4   0x00000060   Code   RO         1284    .text               label.o
    0x08007b14   0x08007b14   0x00000352   Code   RO         1332    .text               lcd.o
    0x08007e66   0x08007e66   0x00000002   PAD
    0x08007e68   0x08007e68   0x000000e0   Code   RO         1357    .text               main_loop.o
    0x08007f48   0x08007f48   0x000002a8   Code   RO         1423    .text               mem.o
    0x080081f0   0x080081f0   0x00000434   Code   RO         1444    .text               progress_bar.o
    0x08008624   0x08008624   0x000000d4   Code   RO         1495    .text               rect.o
    0x080086f8   0x080086f8   0x0000023c   Code   RO         1514    .text               theme.o
    0x08008934   0x08008934   0x00000304   Code   RO         1538    .text               utf8.o
    0x08008c38   0x08008c38   0x00000418   Code   RO         1563    .text               value.o
    0x08009050   0x08009050   0x0000130c   Code   RO         1585    .text               widget.o
    0x0800a35c   0x0800a35c   0x00000200   Code   RO         1641    .text               widget_vtable.o
    0x0800a55c   0x0800a55c   0x0000012c   Code   RO         1695    .text               window.o
    0x0800a688   0x0800a688   0x00000844   Code   RO         1749    .text               window_manager.o
    0x0800aecc   0x0800aecc   0x000003d6   Code   RO         1819    .text               wstr.o
    0x0800b2a2   0x0800b2a2   0x00000002   PAD
    0x0800b2a4   0x0800b2a4   0x00000138   Code   RO         1844    .text               font_bitmap.o
    0x0800b3dc   0x0800b3dc   0x000004dc   Code   RO         1869    .text               utils.o
    0x0800b8b8   0x0800b8b8   0x00000394   Code   RO         1919    .text               timer.o
    0x0800bc4c   0x0800bc4c   0x000001fc   Code   RO         1973    .text               resource_manager.o
    0x0800be48   0x0800be48   0x00000758   Code   RO         2003    .text               layout.o
    0x0800c5a0   0x0800c5a0   0x00000146   Code   RO         2049    .text               event_queue.o
    0x0800c6e6   0x0800c6e6   0x00000002   PAD
    0x0800c6e8   0x0800c6e8   0x000007ac   Code   RO         2083    .text               slider.o
    0x0800ce94   0x0800ce94   0x00000120   Code   RO         2131    .text               window_animator.o
    0x0800cfb4   0x0800cfb4   0x00000010   Code   RO         2177    .text               window_animator_null.o
    0x0800cfc4   0x0800cfc4   0x000002bc   Code   RO         2223    .text               idle.o
    0x0800d280   0x0800d280   0x00000018   Code   RO         2274    .text               time.o
    0x0800d298   0x0800d298   0x00000008   Code   RO         2293    .text               system_info.o
    0x0800d2a0   0x0800d2a0   0x0000002c   Code   RO         2323    .text               image_loader.o
    0x0800d2cc   0x0800d2cc   0x000001e0   Code   RO         2342    .text               tk.o
    0x0800d4ac   0x0800d4ac   0x00000254   Code   RO         2406    .text               locale.o
    0x0800d700   0x0800d700   0x000004f0   Code   RO         2446    .text               str.o
    0x0800dbf0   0x0800dbf0   0x00000290   Code   RO         2471    .text               main_loop_simple.o
    0x0800de80   0x0800de80   0x0000001c   Code   RO         2533    .text               mutex.o
    0x0800de9c   0x0800de9c   0x00000538   Code   RO         2557    .text               lcd_stm32_raw.o
    0x0800e3d4   0x0800e3d4   0x000000d8   Code   RO         2600    .text               main_loop_stm32_raw.o
    0x0800e4ac   0x0800e4ac   0x00000030   Code   RO         2679    .text               platform.o
    0x0800e4dc   0x0800e4dc   0x0000001e   Code   RO         2703    .text               demo_main.o
    0x0800e4fa   0x0800e4fa   0x00000002   PAD
    0x0800e4fc   0x0800e4fc   0x00000544   Code   RO         2734    .text               demo1_app.o
    0x0800ea40   0x0800ea40   0x000001fc   Code   RO         2811    .text               resource-mini.o
    0x0800ec3c   0x0800ec3c   0x00000002   Code   RO         2876    .text               c_w.l(use_no_semi_2.o)
    0x0800ec3e   0x0800ec3e   0x0000001a   Code   RO         2878    .text               c_w.l(tolower.o)
    0x0800ec58   0x0800ec58   0x0000001e   Code   RO         2880    .text               c_w.l(toupper.o)
    0x0800ec76   0x0800ec76   0x00000002   PAD
    0x0800ec78   0x0800ec78   0x00000018   Code   RO         2886    .text               c_w.l(noretval__2printf.o)
    0x0800ec90   0x0800ec90   0x00000034   Code   RO         2888    .text               c_w.l(noretval__2snprintf.o)
    0x0800ecc4   0x0800ecc4   0x00000068   Code   RO         2890    .text               c_w.l(__printf.o)
    0x0800ed2c   0x0800ed2c   0x00000052   Code   RO         2892    .text               c_w.l(_printf_str.o)
    0x0800ed7e   0x0800ed7e   0x00000002   PAD
    0x0800ed80   0x0800ed80   0x00000078   Code   RO         2894    .text               c_w.l(_printf_dec.o)
    0x0800edf8   0x0800edf8   0x0000001a   Code   RO         2919    .text               c_w.l(atoi.o)
    0x0800ee12   0x0800ee12   0x00000014   Code   RO         2921    .text               c_w.l(strchr.o)
    0x0800ee26   0x0800ee26   0x00000024   Code   RO         2923    .text               c_w.l(strstr.o)
    0x0800ee4a   0x0800ee4a   0x00000048   Code   RO         2925    .text               c_w.l(strcpy.o)
    0x0800ee92   0x0800ee92   0x0000003e   Code   RO         2927    .text               c_w.l(strlen.o)
    0x0800eed0   0x0800eed0   0x00000012   Code   RO         2929    .text               c_w.l(wcscpy.o)
    0x0800eee2   0x0800eee2   0x00000012   Code   RO         2931    .text               c_w.l(wcslen.o)
    0x0800eef4   0x0800eef4   0x00000096   Code   RO         2933    .text               c_w.l(strncmp.o)
    0x0800ef8a   0x0800ef8a   0x0000008a   Code   RO         2935    .text               c_w.l(rt_memcpy_v6.o)
    0x0800f014   0x0800f014   0x00000084   Code   RO         2937    .text               c_w.l(rt_memmove_v6.o)
    0x0800f098   0x0800f098   0x00000064   Code   RO         2939    .text               c_w.l(rt_memcpy_w.o)
    0x0800f0fc   0x0800f0fc   0x00000044   Code   RO         2941    .text               c_w.l(rt_memclr.o)
    0x0800f140   0x0800f140   0x0000004e   Code   RO         2943    .text               c_w.l(rt_memclr_w.o)
    0x0800f18e   0x0800f18e   0x00000056   Code   RO         2945    .text               c_w.l(strncpy.o)
    0x0800f1e4   0x0800f1e4   0x00000080   Code   RO         2947    .text               c_w.l(strcmpv7m.o)
    0x0800f264   0x0800f264   0x00000006   Code   RO         2949    .text               c_w.l(heapauxi.o)
    0x0800f26a   0x0800f26a   0x00000002   Code   RO         3021    .text               c_w.l(use_no_semi.o)
    0x0800f26c   0x0800f26c   0x00000010   Code   RO         3024    .text               c_w.l(rt_ctype_table.o)
    0x0800f27c   0x0800f27c   0x00000008   Code   RO         3029    .text               c_w.l(rt_errno_addr_intlibspace.o)
    0x0800f284   0x0800f284   0x000000b2   Code   RO         3031    .text               c_w.l(_printf_intcommon.o)
    0x0800f336   0x0800f336   0x00000002   PAD
    0x0800f338   0x0800f338   0x00000030   Code   RO         3033    .text               c_w.l(_printf_char_common.o)
    0x0800f368   0x0800f368   0x0000000a   Code   RO         3035    .text               c_w.l(_sputc.o)
    0x0800f372   0x0800f372   0x00000010   Code   RO         3037    .text               c_w.l(_snputc.o)
    0x0800f382   0x0800f382   0x0000002c   Code   RO         3039    .text               c_w.l(_printf_char.o)
    0x0800f3ae   0x0800f3ae   0x00000002   PAD
    0x0800f3b0   0x0800f3b0   0x00000024   Code   RO         3041    .text               c_w.l(_printf_char_file.o)
    0x0800f3d4   0x0800f3d4   0x00000070   Code   RO         3044    .text               c_w.l(strtol.o)
    0x0800f444   0x0800f444   0x0000007a   Code   RO         3046    .text               c_w.l(rt_memmove_w.o)
    0x0800f4be   0x0800f4be   0x00000002   PAD
    0x0800f4c0   0x0800f4c0   0x00000008   Code   RO         3061    .text               c_w.l(libspace.o)
    0x0800f4c8   0x0800f4c8   0x00000008   Code   RO         3082    .text               c_w.l(rt_locale_intlibspace.o)
    0x0800f4d0   0x0800f4d0   0x0000009e   Code   RO         3086    .text               c_w.l(_strtoul.o)
    0x0800f56e   0x0800f56e   0x00000008   Code   RO         3088    .text               c_w.l(ferror.o)
    0x0800f576   0x0800f576   0x0000004a   Code   RO         3095    .text               c_w.l(sys_stackheap_outer.o)
    0x0800f5c0   0x0800f5c0   0x0000001c   Code   RO         3097    .text               c_w.l(_chval.o)
    0x0800f5dc   0x0800f5dc   0x00000012   Code   RO         3099    .text               c_w.l(exit.o)
    0x0800f5ee   0x0800f5ee   0x00000002   PAD
    0x0800f5f0   0x0800f5f0   0x0000002c   Code   RO         3093    locale$$code        c_w.l(lc_ctype_c.o)
    0x0800f61c   0x0800f61c   0x00000062   Code   RO         2953    x$fpl$d2f           fz_ws.l(d2f.o)
    0x0800f67e   0x0800f67e   0x00000002   PAD
    0x0800f680   0x0800f680   0x00000150   Code   RO         2955    x$fpl$dadd          fz_ws.l(daddsub_clz.o)
    0x0800f7d0   0x0800f7d0   0x00000018   Code   RO         3048    x$fpl$dcmpinf       fz_ws.l(dcmpi.o)
    0x0800f7e8   0x0800f7e8   0x000002b0   Code   RO         2962    x$fpl$ddiv          fz_ws.l(ddiv.o)
    0x0800fa98   0x0800fa98   0x00000078   Code   RO         2965    x$fpl$deqf          fz_ws.l(deqf.o)
    0x0800fb10   0x0800fb10   0x0000005e   Code   RO         2967    x$fpl$dfix          fz_ws.l(dfix.o)
    0x0800fb6e   0x0800fb6e   0x00000002   PAD
    0x0800fb70   0x0800fb70   0x0000005a   Code   RO         2971    x$fpl$dfixu         fz_ws.l(dfixu.o)
    0x0800fbca   0x0800fbca   0x0000002e   Code   RO         2976    x$fpl$dflt          fz_ws.l(dflt_clz.o)
    0x0800fbf8   0x0800fbf8   0x00000026   Code   RO         2975    x$fpl$dfltu         fz_ws.l(dflt_clz.o)
    0x0800fc1e   0x0800fc1e   0x00000002   PAD
    0x0800fc20   0x0800fc20   0x00000078   Code   RO         2981    x$fpl$dleqf         fz_ws.l(dleqf.o)
    0x0800fc98   0x0800fc98   0x00000154   Code   RO         2983    x$fpl$dmul          fz_ws.l(dmul.o)
    0x0800fdec   0x0800fdec   0x0000009c   Code   RO         3050    x$fpl$dnaninf       fz_ws.l(dnaninf.o)
    0x0800fe88   0x0800fe88   0x0000000c   Code   RO         3052    x$fpl$dretinf       fz_ws.l(dretinf.o)
    0x0800fe94   0x0800fe94   0x0000006c   Code   RO         2985    x$fpl$drleqf        fz_ws.l(drleqf.o)
    0x0800ff00   0x0800ff00   0x00000016   Code   RO         2956    x$fpl$drsb          fz_ws.l(daddsub_clz.o)
    0x0800ff16   0x0800ff16   0x00000002   PAD
    0x0800ff18   0x0800ff18   0x000001d4   Code   RO         2957    x$fpl$dsub          fz_ws.l(daddsub_clz.o)
    0x080100ec   0x080100ec   0x000000c4   Code   RO         2987    x$fpl$fadd          fz_ws.l(faddsub_clz.o)
    0x080101b0   0x080101b0   0x00000018   Code   RO         3054    x$fpl$fcmpinf       fz_ws.l(fcmpi.o)
    0x080101c8   0x080101c8   0x00000184   Code   RO         2994    x$fpl$fdiv          fz_ws.l(fdiv.o)
    0x0801034c   0x0801034c   0x00000068   Code   RO         2997    x$fpl$feqf          fz_ws.l(feqf.o)
    0x080103b4   0x080103b4   0x00000036   Code   RO         2999    x$fpl$ffix          fz_ws.l(ffix.o)
    0x080103ea   0x080103ea   0x00000002   PAD
    0x080103ec   0x080103ec   0x0000003e   Code   RO         3003    x$fpl$ffixu         fz_ws.l(ffixu.o)
    0x0801042a   0x0801042a   0x00000002   PAD
    0x0801042c   0x0801042c   0x00000030   Code   RO         3008    x$fpl$fflt          fz_ws.l(fflt_clz.o)
    0x0801045c   0x0801045c   0x00000060   Code   RO         3013    x$fpl$ffltll        fz_ws.l(ffltll_clz.o)
    0x080104bc   0x080104bc   0x00000026   Code   RO         3007    x$fpl$ffltu         fz_ws.l(fflt_clz.o)
    0x080104e2   0x080104e2   0x00000002   PAD
    0x080104e4   0x080104e4   0x00000068   Code   RO         3015    x$fpl$fleqf         fz_ws.l(fleqf.o)
    0x0801054c   0x0801054c   0x00000102   Code   RO         3017    x$fpl$fmul          fz_ws.l(fmul.o)
    0x0801064e   0x0801064e   0x0000008c   Code   RO         3056    x$fpl$fnaninf       fz_ws.l(fnaninf.o)
    0x080106da   0x080106da   0x0000000a   Code   RO         3058    x$fpl$fretinf       fz_ws.l(fretinf.o)
    0x080106e4   0x080106e4   0x00000062   Code   RO         3019    x$fpl$frleqf        fz_ws.l(frleqf.o)
    0x08010746   0x08010746   0x00000014   Code   RO         2988    x$fpl$frsb          fz_ws.l(faddsub_clz.o)
    0x0801075a   0x0801075a   0x00000002   PAD
    0x0801075c   0x0801075c   0x000000ea   Code   RO         2989    x$fpl$fsub          fz_ws.l(faddsub_clz.o)
    0x08010846   0x08010846   0x00000000   Code   RO         3060    x$fpl$usenofp       fz_ws.l(usenofp.o)
    0x08010846   0x08010846   0x00000018   Data   RO          527    .constdata          rtc.o
    0x0801085e   0x0801085e   0x00000948   Data   RO          584    .constdata          gui.o
    0x080111a6   0x080111a6   0x00000002   PAD
    0x080111a8   0x080111a8   0x0000004c   Data   RO          710    .constdata          button_1.o
    0x080111f4   0x080111f4   0x00000054   Data   RO          834    .constdata          check_button.o
    0x08011248   0x08011248   0x0000004c   Data   RO          910    .constdata          dialog.o
    0x08011294   0x08011294   0x0000039c   Data   RO         1052    .constdata          enums.o
    0x08011630   0x08011630   0x0000004c   Data   RO         1153    .constdata          group_box.o
    0x0801167c   0x0801167c   0x0000004c   Data   RO         1201    .constdata          image.o
    0x080116c8   0x080116c8   0x0000004c   Data   RO         1285    .constdata          label.o
    0x08011714   0x08011714   0x0000004c   Data   RO         1445    .constdata          progress_bar.o
    0x08011760   0x08011760   0x00000104   Data   RO         1539    .constdata          utf8.o
    0x08011864   0x08011864   0x00000048   Data   RO         1586    .constdata          widget.o
    0x080118ac   0x080118ac   0x0000004c   Data   RO         1642    .constdata          widget_vtable.o
    0x080118f8   0x080118f8   0x0000004c   Data   RO         1696    .constdata          window.o
    0x08011944   0x08011944   0x00000072   Data   RO         1750    .constdata          window_manager.o
    0x080119b6   0x080119b6   0x00000002   PAD
    0x080119b8   0x080119b8   0x0000004c   Data   RO         2084    .constdata          slider.o
    0x08011a04   0x08011a04   0x00000008   Data   RO         2407    .constdata          locale.o
    0x08011a0c   0x08011a0c   0x0001aecf   Data   RO         2812    .constdata          resource-mini.o
    0x0802c8db   0x0802c8db   0x00000001   PAD
    0x0802c8dc   0x0802c8dc   0x0000030e   Data   RO         1053    .conststring        enums.o
    0x0802cbea   0x0802cbea   0x00000002   PAD
    0x0802cbec   0x0802cbec   0x00000020   Data   RO         3227    Region$$Table       anon$$obj.o
    0x0802cc0c   0x0802cc0c   0x00000110   Data   RO         3092    locale$$data        c_w.l(lc_ctype_c.o)


    Execution Region RW_IRAM1 (Exec base: 0x20000000, Load base: 0x0802cd1c, Size: 0x00003850, Max: 0x00010000, ABSOLUTE)

    Exec Addr    Load Addr    Size         Type   Attr      Idx    E Section Name        Object

    0x20000000   0x0802cd1c   0x00000014   Data   RW          105    .data               system_stm32f10x.o
    0x20000014   0x0802cd30   0x00000004   Data   RW          205    .data               delay.o
    0x20000018   0x0802cd34   0x00000006   Data   RW          232    .data               usart.o
    0x2000001e   0x0802cd3a   0x00000014   Data   RW          296    .data               stm32f10x_rcc.o
    0x20000032   0x0802cd4e   0x00000001   Data   RW          466    .data               led.o
    0x20000033   0x0802cd4f   0x00000001   Data   RW          494    .data               button.o
    0x20000034   0x0802cd50   0x00000004   Data   RW          507    .data               tim.o
    0x20000038   0x0802cd54   0x0000000a   Data   RW          528    .data               rtc.o
    0x20000042   0x0802cd5e   0x00000008   Data   RW          551    .data               touch.o
    0x2000004a   0x0802cd66   0x00000002   PAD
    0x2000004c   0x0802cd68   0x00000004   Data   RW         1129    .data               font_manager.o
    0x20000050   0x0802cd6c   0x00000004   Data   RW         1252    .data               image_manager.o
    0x20000054   0x0802cd70   0x00000004   Data   RW         1358    .data               main_loop.o
    0x20000058   0x0802cd74   0x00000004   Data   RW         1515    .data               theme.o
    0x2000005c   0x0802cd78   0x00000004   Data   RW         1751    .data               window_manager.o
    0x20000060   0x0802cd7c   0x00000004   Data   RW         1920    .data               timer.o
    0x20000064   0x0802cd80   0x00000004   Data   RW         1974    .data               resource_manager.o
    0x20000068   0x0802cd84   0x00000004   Data   RW         2224    .data               idle.o
    0x2000006c   0x0802cd88   0x00000004   Data   RW         2408    .data               locale.o
    0x20000070   0x0802cd8c   0x00000004   Data   RW         2534    .data               mutex.o
    0x20000074        -       0x000000c8   Zero   RW          231    .bss                usart.o
    0x2000013c        -       0x0000000a   Zero   RW          526    .bss                rtc.o
    0x20000146   0x0802cd90   0x00000002   PAD
    0x20000148        -       0x0000000c   Zero   RW          550    .bss                touch.o
    0x20000154        -       0x00001000   Zero   RW          605    .bss                flash.o
    0x20001154        -       0x00000010   Zero   RW         1424    .bss                mem.o
    0x20001164        -       0x00000010   Zero   RW         2294    .bss                system_info.o
    0x20001174        -       0x0000007c   Zero   RW         2472    .bss                main_loop_simple.o
    0x200011f0        -       0x00002000   Zero   RW         2680    .bss                platform.o
    0x200031f0        -       0x00000060   Zero   RW         3062    .bss                c_w.l(libspace.o)
    0x20003250        -       0x00000200   Zero   RW          265    HEAP                startup_stm32f10x_hd.o
    0x20003450        -       0x00000400   Zero   RW          264    STACK               startup_stm32f10x_hd.o


==============================================================================

Image component sizes


      Code (inc. data)   RO Data    RW Data    ZI Data      Debug   Object Name

       618          0          0          0          0      11807   array.o
        32          0          0          0          0       2201   bitmap.o
       256         12          0          1          0        850   button.o
       208          4         76          0          0      25120   button_1.o
      8586         72          0          0          0      37914   canvas.o
       532         18         84          0          0      16159   check_button.o
        24          0          0          0          0        641   color.o
         0          0          0          0          0         32   core_cm3.o
       212         18          0          4          0       1063   delay.o
      1348        256          0          0          0      14959   demo1_app.o
        30          0          0          0          0        600   demo_main.o
       912         60         76          0          0      20527   dialog.o
       658          0          0          0          0      19486   emitter.o
       328         32       1706          0          0       6047   enums.o
       326          0          0          0          0       8848   event_queue.o
       924         12          0          0       4096       3429   flash.o
        94          0          0          0          0       2970   font.o
       312         12          0          0          0       5098   font_bitmap.o
       252         14          0          4          0       4642   font_manager.o
       104          4         76          0          0      12983   group_box.o
      1072         12       2376          0          0       5759   gui.o
       700         12          0          4          0      12631   idle.o
       636         26         76          0          0      15708   image.o
        44          0          0          0          0       1184   image_loader.o
       696         14          0          4          0       8037   image_manager.o
        96          4         76          0          0      12947   label.o
      1880         12          0          0          0      17069   layout.o
       850          0          0          0          0      11458   lcd.o
       696         18          0          0          0       2092   lcd_driver.o
      1336         36          0          0          0      10433   lcd_stm32_raw.o
       164         10          0          1          0        739   led.o
       596         26          8          4          0      11561   locale.o
        68          0          0          0          0     205271   main.o
       224          4          0          4          0      18800   main_loop.o
       656         14          0          0        124      17465   main_loop_simple.o
       216         18          0          0          0      22365   main_loop_stm32_raw.o
       680          4          0          0         16       4321   mem.o
       220         22          0          0          0       1945   misc.o
        28          6          0          4          0       2089   mutex.o
        48          4          0          0       8192       1480   platform.o
      1076         36         76          0          0      16002   progress_bar.o
       212          0          0          0          0       1567   rect.o
       508        164     110287          0          0      14408   resource-mini.o
       508         12          0          4          0       5702   resource_manager.o
      1120         66         24         10         10       4507   rtc.o
      1964         46         76          0          0      18031   slider.o
       476         16          0          0          0       1828   spi.o
        64         26        304          0       1536        812   startup_stm32f10x_hd.o
       196          8          0          0          0       3644   stm32f10x_bkp.o
      1548         18          0          0          0       5523   stm32f10x_fsmc.o
       860         38          0          0          0       5877   stm32f10x_gpio.o
        26          0          0          0          0      64126   stm32f10x_it.o
       204         14          0          0          0       1967   stm32f10x_pwr.o
       932         36          0         20          0       9068   stm32f10x_rcc.o
       328          4          0          0          0       2734   stm32f10x_rtc.o
       780         14          0          0          0       6762   stm32f10x_spi.o
      3610         88          0          0          0      22988   stm32f10x_tim.o
      1032         22          0          0          0       8604   stm32f10x_usart.o
      1264          6          0          0          0      10039   str.o
         8          4          0          0         16       5322   system_info.o
       480         38          0         20          0       1895   system_stm32f10x.o
       572          8          0          4          0       4556   theme.o
       572         24          0          4          0       1965   tim.o
        24          0          0          0          0        617   time.o
       916         12          0          4          0      14904   timer.o
       480         10          0          0          0       2819   tk.o
      1088         38          0          8         12       4446   touch.o
       300         18          0          6        200       3306   usart.o
       772          6        260          0          0       6273   utf8.o
      1244         26          0          0          0       6412   utils.o
      1048         44          0          0          0      10140   value.o
      4876         78         72          0          0      40296   widget.o
       512          6         76          0          0      22535   widget_vtable.o
       300         16         76          0          0      14317   window.o
       288          0          0          0          0      14109   window_animator.o
        16          0          0          0          0      13783   window_animator_null.o
      2116         42        114          4          0      31558   window_manager.o
       982          0          0          0          0       8603   wstr.o

    ----------------------------------------------------------------------
     59984       1740     115958        116      14204     990775   Object Totals
         0          0         32          0          0          0   (incl. Generated)
        20          0          7          2          2          0   (incl. Padding)

    ----------------------------------------------------------------------

      Code (inc. data)   RO Data    RW Data    ZI Data      Debug   Library Member Name

         8          0          0          0          0         68   __main.o
       104          0          0          0          0         84   __printf.o
         0          0          0          0          0          0   __rtentry.o
        12          0          0          0          0          0   __rtentry2.o
         6          0          0          0          0          0   __rtentry4.o
        52          8          0          0          0          0   __scatter.o
        26          0          0          0          0          0   __scatter_copy.o
        28          0          0          0          0          0   __scatter_zi.o
        28          0          0          0          0         68   _chval.o
        44          0          0          0          0        108   _printf_char.o
        48          6          0          0          0         96   _printf_char_common.o
        36          4          0          0          0         80   _printf_char_file.o
         6          0          0          0          0          0   _printf_d.o
       120         16          0          0          0         92   _printf_dec.o
       178          0          0          0          0         88   _printf_intcommon.o
         0          0          0          0          0          0   _printf_percent.o
         4          0          0          0          0          0   _printf_percent_end.o
         6          0          0          0          0          0   _printf_s.o
        82          0          0          0          0         80   _printf_str.o
        16          0          0          0          0         68   _snputc.o
        10          0          0          0          0         68   _sputc.o
       158          0          0          0          0         92   _strtoul.o
        26          0          0          0          0         80   atoi.o
        18          0          0          0          0         80   exit.o
         8          0          0          0          0         68   ferror.o
         6          0          0          0          0        152   heapauxi.o
        44         10        272          0          0         76   lc_ctype_c.o
         2          0          0          0          0          0   libinit.o
        20          0          0          0          0          0   libinit2.o
         2          0          0          0          0          0   libshutdown.o
         2          0          0          0          0          0   libshutdown2.o
         8          4          0          0         96         68   libspace.o
        24          4          0          0          0         84   noretval__2printf.o
        52          4          0          0          0         84   noretval__2snprintf.o
        16          4          0          0          0         76   rt_ctype_table.o
         8          4          0          0          0         68   rt_errno_addr_intlibspace.o
         8          4          0          0          0         68   rt_locale_intlibspace.o
        68          0          0          0          0         68   rt_memclr.o
        78          0          0          0          0         80   rt_memclr_w.o
       138          0          0          0          0         68   rt_memcpy_v6.o
       100          0          0          0          0         80   rt_memcpy_w.o
       132          0          0          0          0         68   rt_memmove_v6.o
       122          0          0          0          0         80   rt_memmove_w.o
         2          0          0          0          0          0   rtexit.o
        10          0          0          0          0          0   rtexit2.o
        20          0          0          0          0         68   strchr.o
       128          0          0          0          0         68   strcmpv7m.o
        72          0          0          0          0         80   strcpy.o
        62          0          0          0          0         76   strlen.o
       150          0          0          0          0         80   strncmp.o
        86          0          0          0          0         76   strncpy.o
        36          0          0          0          0         80   strstr.o
       112          0          0          0          0         88   strtol.o
        74          0          0          0          0         80   sys_stackheap_outer.o
        26          0          0          0          0         76   tolower.o
        30          0          0          0          0         76   toupper.o
         2          0          0          0          0         68   use_no_semi.o
         2          0          0          0          0         68   use_no_semi_2.o
        18          0          0          0          0         68   wcscpy.o
        18          0          0          0          0         68   wcslen.o
        98          4          0          0          0         92   d2f.o
       826         16          0          0          0        348   daddsub_clz.o
        24          0          0          0          0         68   dcmpi.o
       688        140          0          0          0        208   ddiv.o
       120          4          0          0          0         92   deqf.o
        94          4          0          0          0         92   dfix.o
        90          4          0          0          0         92   dfixu.o
        84          0          0          0          0        136   dflt_clz.o
       120          4          0          0          0         92   dleqf.o
       340         12          0          0          0        104   dmul.o
       156          4          0          0          0         92   dnaninf.o
        12          0          0          0          0         68   dretinf.o
       108          0          0          0          0         80   drleqf.o
       450          8          0          0          0        236   faddsub_clz.o
        24          0          0          0          0         68   fcmpi.o
       388         76          0          0          0         96   fdiv.o
       104          4          0          0          0         84   feqf.o
        54          4          0          0          0         84   ffix.o
        62          4          0          0          0         84   ffixu.o
        86          0          0          0          0        136   fflt_clz.o
        96          0          0          0          0         84   ffltll_clz.o
       104          4          0          0          0         84   fleqf.o
       258          4          0          0          0         84   fmul.o
       140          4          0          0          0         84   fnaninf.o
        10          0          0          0          0         68   fretinf.o
        98          0          0          0          0         68   frleqf.o
         0          0          0          0          0          0   usenofp.o

    ----------------------------------------------------------------------
      7366        368        272          0         96       6284   Library Totals
        30          0          0          0          0          0   (incl. Padding)

    ----------------------------------------------------------------------

      Code (inc. data)   RO Data    RW Data    ZI Data      Debug   Library Name

      2702         68        272          0         96       3460   c_w.l
      4634        300          0          0          0       2824   fz_ws.l

    ----------------------------------------------------------------------
      7366        368        272          0         96       6284   Library Totals

    ----------------------------------------------------------------------

==============================================================================


      Code (inc. data)   RO Data    RW Data    ZI Data      Debug   

     67350       2108     116230        116      14300     986655   Grand Totals
     67350       2108     116230        116      14300     986655   ELF Image Totals
     67350       2108     116230        116          0          0   ROM Totals

==============================================================================

    Total RO  Size (Code + RO Data)               183580 ( 179.28kB)
    Total RW  Size (RW Data + ZI Data)             14416 (  14.08kB)
    Total ROM Size (Code + RO Data + RW Data)     183696 ( 179.39kB)

==============================================================================

