Component: ARM Compiler 5.06 update 5 (build 528) Tool: armlink [4d35e2]

==============================================================================

Section Cross References

    system_stm32f10x.o(.text) refers to system_stm32f10x.o(.data) for SystemCoreClock
    main.o(.text) refers to misc.o(.text) for NVIC_PriorityGroupConfig
    main.o(.text) refers to platform.o(.text) for systick_init
    main.o(.text) refers to led.o(.text) for led_init
    main.o(.text) refers to button.o(.text) for button_init
    main.o(.text) refers to lcd_driver.o(.text) for TFT_Init
    main.o(.text) refers to flash.o(.text) for FLASH_Init
    main.o(.text) refers to touch.o(.text) for TOUCH_Init
    main.o(.text) refers to tim.o(.text) for TIM3_Init
    main.o(.text) refers to rtc.o(.text) for rtc_init
    main.o(.text) refers to demo_main.o(.text) for gui_app_start
    sys.o(.text) refers to misc.o(.text) for NVIC_PriorityGroupConfig
    usart.o(.text) refers (Special) to use_no_semi_2.o(.text) for __use_no_semihosting
    usart.o(.text) refers to stm32f10x_rcc.o(.text) for RCC_APB2PeriphClockCmd
    usart.o(.text) refers to stm32f10x_gpio.o(.text) for GPIO_Init
    usart.o(.text) refers to misc.o(.text) for NVIC_Init
    usart.o(.text) refers to stm32f10x_usart.o(.text) for USART_Init
    usart.o(.text) refers to usart.o(.data) for USART_RX_STA
    usart.o(.text) refers to usart.o(.bss) for USART_RX_BUF
    usart.o(.bss) refers (Special) to use_no_semi_2.o(.text) for __use_no_semihosting
    usart.o(.data) refers (Special) to use_no_semi_2.o(.text) for __use_no_semihosting
    startup_stm32f10x_hd.o(STACK) refers (Special) to heapauxi.o(.text) for __use_two_region_memory
    startup_stm32f10x_hd.o(HEAP) refers (Special) to heapauxi.o(.text) for __use_two_region_memory
    startup_stm32f10x_hd.o(RESET) refers (Special) to heapauxi.o(.text) for __use_two_region_memory
    startup_stm32f10x_hd.o(RESET) refers to startup_stm32f10x_hd.o(STACK) for __initial_sp
    startup_stm32f10x_hd.o(RESET) refers to startup_stm32f10x_hd.o(.text) for Reset_Handler
    startup_stm32f10x_hd.o(RESET) refers to stm32f10x_it.o(.text) for NMI_Handler
    startup_stm32f10x_hd.o(RESET) refers to sys_tick.o(.text) for SysTick_Handler
    startup_stm32f10x_hd.o(RESET) refers to rtc.o(.text) for RTC_IRQHandler
    startup_stm32f10x_hd.o(RESET) refers to main_loop_stm32_raw.o(.text) for TIM3_IRQHandler
    startup_stm32f10x_hd.o(RESET) refers to usart.o(.text) for USART1_IRQHandler
    startup_stm32f10x_hd.o(RESET) refers to tim.o(.text) for TIM5_IRQHandler
    startup_stm32f10x_hd.o(.text) refers (Special) to heapauxi.o(.text) for __use_two_region_memory
    startup_stm32f10x_hd.o(.text) refers to system_stm32f10x.o(.text) for SystemInit
    startup_stm32f10x_hd.o(.text) refers to __main.o(!!!main) for __main
    startup_stm32f10x_hd.o(.text) refers to startup_stm32f10x_hd.o(HEAP) for Heap_Mem
    startup_stm32f10x_hd.o(.text) refers to startup_stm32f10x_hd.o(STACK) for Stack_Mem
    stm32f10x_gpio.o(.text) refers to stm32f10x_rcc.o(.text) for RCC_APB2PeriphResetCmd
    stm32f10x_rcc.o(.text) refers to stm32f10x_rcc.o(.data) for APBAHBPrescTable
    stm32f10x_usart.o(.text) refers to stm32f10x_rcc.o(.text) for RCC_APB2PeriphResetCmd
    stm32f10x_wwdg.o(.text) refers to stm32f10x_rcc.o(.text) for RCC_APB1PeriphResetCmd
    stm32f10x_tim.o(.text) refers to stm32f10x_rcc.o(.text) for RCC_APB2PeriphResetCmd
    stm32f10x_bkp.o(.text) refers to stm32f10x_rcc.o(.text) for RCC_BackupResetCmd
    stm32f10x_pwr.o(.text) refers to stm32f10x_rcc.o(.text) for RCC_APB1PeriphResetCmd
    stm32f10x_spi.o(.text) refers to stm32f10x_rcc.o(.text) for RCC_APB2PeriphResetCmd
    led.o(.text) refers to stm32f10x_rcc.o(.text) for RCC_APB2PeriphClockCmd
    led.o(.text) refers to stm32f10x_gpio.o(.text) for GPIO_Init
    led.o(.text) refers to sys_tick.o(.text) for delay_ms
    led.o(.text) refers to led.o(.data) for i
    lcd_driver.o(.text) refers to stm32f10x_rcc.o(.text) for RCC_APB2PeriphClockCmd
    lcd_driver.o(.text) refers to stm32f10x_gpio.o(.text) for GPIO_Init
    lcd_driver.o(.text) refers to stm32f10x_fsmc.o(.text) for FSMC_NORSRAMInit
    button.o(.text) refers to stm32f10x_rcc.o(.text) for RCC_APB2PeriphClockCmd
    button.o(.text) refers to stm32f10x_gpio.o(.text) for GPIO_Init
    button.o(.text) refers to sys_tick.o(.text) for delay_ms
    button.o(.text) refers to button.o(.data) for key_up
    tim.o(.text) refers to stm32f10x_rcc.o(.text) for RCC_APB1PeriphClockCmd
    tim.o(.text) refers to stm32f10x_gpio.o(.text) for GPIO_Init
    tim.o(.text) refers to stm32f10x_tim.o(.text) for TIM_TimeBaseInit
    tim.o(.text) refers to misc.o(.text) for NVIC_Init
    tim.o(.text) refers to tim.o(.data) for TIM5CH1_CAPTURE_STA
    rtc.o(.text) refers to _printf_percent.o(.ARM.Collect$$_printf_percent$$00000000) for _printf_percent
[...]
    0x080002d8   0x080002d8   0x000001e0   Code   RO          104    .text               system_stm32f10x.o
    0x080004b8   0x080004b8   0x00000044   Code   RO          122    .text               main.o
    0x080004fc   0x080004fc   0x00000128   Code   RO          216    .text               usart.o
    0x08000624   0x08000624   0x00000040   Code   RO          253    .text               startup_stm32f10x_hd.o
    0x08000664   0x08000664   0x000000dc   Code   RO          257    .text               misc.o
    0x08000740   0x08000740   0x0000035c   Code   RO          269    .text               stm32f10x_gpio.o
    0x08000a9c   0x08000a9c   0x000003a4   Code   RO          281    .text               stm32f10x_rcc.o
    0x08000e40   0x08000e40   0x00000408   Code   RO          295    .text               stm32f10x_usart.o
    0x08001248   0x08001248   0x00000e1a   Code   RO          343    .text               stm32f10x_tim.o
    0x08002062   0x08002062   0x00000002   PAD
    0x08002064   0x08002064   0x0000060c   Code   RO          355    .text               stm32f10x_fsmc.o
    0x08002670   0x08002670   0x000000c4   Code   RO          367    .text               stm32f10x_bkp.o
    0x08002734   0x08002734   0x00000148   Code   RO          379    .text               stm32f10x_rtc.o
    0x0800287c   0x0800287c   0x000000cc   Code   RO          391    .text               stm32f10x_pwr.o
    0x08002948   0x08002948   0x0000030c   Code   RO          415    .text               stm32f10x_spi.o
    0x08002c54   0x08002c54   0x000000a4   Code   RO          451    .text               led.o
    0x08002cf8   0x08002cf8   0x000002b8   Code   RO          464    .text               lcd_driver.o
    0x08002fb0   0x08002fb0   0x00000100   Code   RO          479    .text               button.o
    0x080030b0   0x080030b0   0x0000023c   Code   RO          492    .text               tim.o
    0x080032ec   0x080032ec   0x00000460   Code   RO          511    .text               rtc.o
    0x0800374c   0x0800374c   0x00000440   Code   RO          535    .text               touch.o
    0x08003b8c   0x08003b8c   0x000001dc   Code   RO          557    .text               spi.o
    0x08003d68   0x08003d68   0x00000430   Code   RO          569    .text               gui.o
    0x08004198   0x08004198   0x0000039c   Code   RO          590    .text               flash.o
    0x08004534   0x08004534   0x00000878   Code   RO          604    .text               bitmap.o
    0x08004dac   0x08004dac   0x0000042c   Code   RO          672    .text               buffer.o
    0x080051d8   0x080051d8   0x00000424   Code   RO          694    .text               button_1.o
    0x080055fc   0x080055fc   0x00002278   Code   RO          842    .text               canvas.o
    0x08007874   0x08007874   0x000003bc   Code   RO          920    .text               check_button.o
    0x08007c30   0x08007c30   0x00000178   Code   RO          939    .text               color.o
    0x08007da8   0x08007da8   0x00000300   Code   RO          952    .text               dialog.o
    0x080080a8   0x080080a8   0x0000039c   Code   RO         1100    .text               emitter.o
    0x08008444   0x08008444   0x000001a0   Code   RO         1119    .text               enums.o
    0x080085e4   0x080085e4   0x000000cc   Code   RO         1149    .text               font.o
    0x080086b0   0x080086b0   0x000001c0   Code   RO         1165    .text               font_manager.o
    0x08008870   0x08008870   0x00000054   Code   RO         1231    .text               group_box.o
    0x080088c4   0x080088c4   0x0000023c   Code   RO         1249    .text               image.o
    0x08008b00   0x08008b00   0x0000040c   Code   RO         1271    .text               image_manager.o
    0x08008f0c   0x08008f0c   0x00000474   Code   RO         1325    .text               label.o
    0x08009380   0x08009380   0x000004ba   Code   RO         1352    .text               lcd.o
    0x0800983a   0x0800983a   0x00000002   PAD
    0x0800983c   0x0800983c   0x00000108   Code   RO         1379    .text               main_loop.o
    0x08009944   0x08009944   0x00000390   Code   RO         1402    .text               mem.o
    0x08009cd4   0x08009cd4   0x000003ec   Code   RO         1417    .text               progress_bar.o
    0x0800a0c0   0x0800a0c0   0x0000044c   Code   RO         1436    .text               rect.o
    0x0800a50c   0x0800a50c   0x00000224   Code   RO         1452    .text               theme.o
    0x0800a730   0x0800a730   0x00000304   Code   RO         1470    .text               utf8.o
    0x0800aa34   0x0800aa34   0x0000087c   Code   RO         1485    .text               value.o
    0x0800b2b0   0x0800b2b0   0x000044ec   Code   RO         1498    .text               widget.o
    0x0800f79c   0x0800f79c   0x00000368   Code   RO         1606    .text               widget_vtable.o
    0x0800fb04   0x0800fb04   0x00000110   Code   RO         1678    .text               window.o
    0x0800fc14   0x0800fc14   0x000007f8   Code   RO         1697    .text               window_manager.o
    0x0801040c   0x0801040c   0x0000079c   Code   RO         1783    .text               wstr.o
    0x08010ba8   0x08010ba8   0x00000848   Code   RO         1805    .text               utils.o
    0x080113f0   0x080113f0   0x00000244   Code   RO         1839    .text               events.o
    0x08011634   0x08011634   0x0000011e   Code   RO         1905    .text               timer.o
    0x08011752   0x08011752   0x00000002   PAD
    0x08011754   0x08011754   0x0000024c   Code   RO         1917    .text               layout.o
    0x080119a0   0x080119a0   0x0000013c   Code   RO         1935    .text               event_queue.o
    0x08011adc   0x08011adc   0x00000c08   Code   RO         1969    .text               slider.o
    0x080126e4   0x080126e4   0x0000009a   Code   RO         1991    .text               idle.o
    0x0801277e   0x0801277e   0x00000002   PAD
    0x08012780   0x08012780   0x00000526   Code   RO         2003    .text               system_info.o
    0x08012ca6   0x08012ca6   0x00000002   PAD
    0x08012ca8   0x08012ca8   0x000000b8   Code   RO         2052    .text               image_loader.o
    0x08012d60   0x08012d60   0x00000994   Code   RO         2081    .text               str.o
    0x080136f4   0x080136f4   0x000002c8   Code   RO         2097    .text               main_loop_simple.o
    0x080139bc   0x080139bc   0x0000025c   Code   RO         2116    .text               pages.o
    0x08013c18   0x08013c18   0x0000197c   Code   RO         2135    .text               edit.o
    0x08015594   0x08015594   0x00000040   Code   RO         2161    .text               view.o
    0x080155d4   0x080155d4   0x000001f8   Code   RO         2179    .text               velocity.o
    0x080157cc   0x080157cc   0x000001b0   Code   RO         2194    .text               widget_factory.o
    0x0801597c   0x0801597c   0x00000268   Code   RO         2428    .text               tokenizer.o
    0x08015be4   0x08015be4   0x000002a4   Code   RO         2440    .text               input_method.o
    0x08015e88   0x08015e88   0x00000082   Code   RO         2470    .text               input_engine.o
    0x08015f0a   0x08015f0a   0x00000002   PAD
    0x08015f0c   0x08015f0c   0x0000015c   Code   RO         2482    .text               spin_box.o
    0x08016068   0x08016068   0x00000404   Code   RO         2501    .text               dragger.o
    0x0801646c   0x0801646c   0x0000007c   Code   RO         2520    .text               dialog_client.o
    0x080164e8   0x080164e8   0x0000006c   Code   RO         2538    .text               dialog_title.o
    0x08016554   0x08016554   0x00000454   Code   RO         2556    .text               awtk_global.o
    0x080169a8   0x080169a8   0x00000068   Code   RO         2919    .text               input_method_creator.o
    0x08016a10   0x08016a10   0x00000054   Code   RO         2935    .text               button_group.o
    0x08016a64   0x08016a64   0x000002a4   Code   RO         2953    .text               color_parser.o
    0x08016d08   0x08016d08   0x0000094c   Code   RO         2971    .text               combo_box.o
    0x08017654   0x08017654   0x00000354   Code   RO         3015    .text               combo_box_item.o
    0x080179a8   0x080179a8   0x00000964   Code   RO         3033    .text               easing.o
    0x0801830c   0x0801830c   0x0000038c   Code   RO         3047    .text               fs.o
    0x08018698   0x08018698   0x0000004c   Code   RO         3079    .text               line_break.o
    0x080186e4   0x080186e4   0x00000238   Code   RO         3106    .text               popup.o
    0x0801891c   0x0801891c   0x00000514   Code   RO         3154    .text               tab_button.o
    0x08018e30   0x08018e30   0x00000610   Code   RO         3173    .text               tab_button_group.o
    0x08019440   0x08019440   0x00000054   Code   RO         3194    .text               tab_control.o
    0x08019494   0x08019494   0x000000a2   Code   RO         3212    .text               ui_builder.o
    0x08019536   0x08019536   0x00000b64   Code   RO         3227    .text               vgcanvas.o
    0x0801a09a   0x0801a09a   0x00000002   PAD
    0x0801a09c   0x0801a09c   0x00000438   Code   RO         3254    .text               widget_animator.o
    0x0801a4d4   0x0801a4d4   0x00000118   Code   RO         3350    .text               ui_builder_default.o
    0x0801a5ec   0x0801a5ec   0x0000007a   Code   RO         3370    .text               ui_loader.o
    0x0801a666   0x0801a666   0x00000002   PAD
    0x0801a668   0x0801a668   0x0000011c   Code   RO         3385    .text               ui_loader_default.o
    0x0801a784   0x0801a784   0x000000dc   Code   RO         3455    .text               window_open.o
    0x0801a860   0x0801a860   0x000002e4   Code   RO         3498    .text               color_tile.o
    0x0801ab44   0x0801ab44   0x00000360   Code   RO         3517    .text               assets_manager.o
    0x0801aea4   0x0801aea4   0x00000270   Code   RO         3532    .text               locale_info.o
    0x0801b114   0x0801b114   0x00000344   Code   RO         3547    .text               path.o
    0x0801b458   0x0801b458   0x00000040   Code   RO         3559    .text               app_bar.o
    0x0801b498   0x0801b498   0x00000040   Code   RO         3577    .text               column.o
    0x0801b4d8   0x0801b4d8   0x00000040   Code   RO         3595    .text               grid.o
    0x0801b518   0x0801b518   0x00000040   Code   RO         3613    .text               row.o
    0x0801b558   0x0801b558   0x00000328   Code   RO         3631    .text               calibration_win.o
    0x0801b880   0x0801b880   0x000001a4   Code   RO         3649    .text               font_loader_bitmap.o
    0x0801ba24   0x0801ba24   0x0000002c   Code   RO         3678    .text               font_loader.o
    0x0801ba50   0x0801ba50   0x00000794   Code   RO         3693    .text               window_base.o
    0x0801c1e4   0x0801c1e4   0x00000006   Code   RO         3707    .text               widget_animator_factory_null.o
    0x0801c1ea   0x0801c1ea   0x00000018   Code   RO         3719    .text               time_now.o
    0x0801c202   0x0801c202   0x00000120   Code   RO         3731    .text               style.o
    0x0801c322   0x0801c322   0x00000002   PAD
    0x0801c324   0x0801c324   0x000001e0   Code   RO         3746    .text               style_const.o
    0x0801c504   0x0801c504   0x00000034   Code   RO         3763    .text               style_factory.o
    0x0801c538   0x0801c538   0x000003c0   Code   RO         3783    .text               widget_animator_manager.o
    0x0801c8f8   0x0801c8f8   0x000000a0   Code   RO         3798    .text               clip_board_default.o
    0x0801c998   0x0801c998   0x00000104   Code   RO         3815    .text               clip_board.o
    0x0801ca9c   0x0801ca9c   0x00000664   Code   RO         3832    .text               image_base.o
    0x0801d100   0x0801d100   0x00000040   Code   RO         3846    .text               grid_item.o
    0x0801d140   0x0801d140   0x000003d0   Code   RO         3864    .text               input_device_status.o
    0x0801d510   0x0801d510   0x00000180   Code   RO         3878    .text               system_bar.o
    0x0801d690   0x0801d690   0x00000b50   Code   RO         3897    .text               children_layouter_default.o
    0x0801e1e0   0x0801e1e0   0x000006b0   Code   RO         3918    .text               self_layouter_default.o
    0x0801e890   0x0801e890   0x00000158   Code   RO         3936    .text               children_layouter.o
    0x0801e9e8   0x0801e9e8   0x0000013c   Code   RO         3951    .text               self_layouter.o
    0x0801eb24   0x0801eb24   0x00000140   Code   RO         3987    .text               func_call_parser.o
    0x0801ec64   0x0801ec64   0x00000090   Code   RO         4008    .text               event.o
    0x0801ecf4   0x0801ecf4   0x000000f8   Code   RO         4021    .text               named_value.o
    0x0801edec   0x0801edec   0x000006cc   Code   RO         4037    .text               object.o
    0x0801f4b8   0x0801f4b8   0x00000450   Code   RO         4050    .text               object_default.o
    0x0801f908   0x0801f908   0x0000008c   Code   RO         4089    .text               timer_info.o
    0x0801f994   0x0801f994   0x0000028c   Code   RO         4113    .text               timer_manager.o
    0x0801fc20   0x0801fc20   0x000001c0   Code   RO         4128    .text               idle_manager.o
    0x0801fde0   0x0801fde0   0x00000080   Code   RO         4149    .text               idle_info.o
    0x0801fe60   0x0801fe60   0x0000024c   Code   RO         4164    .text               slist.o
    0x080200ac   0x080200ac   0x000002e8   Code   RO         4180    .text               widget_pool.o
    0x08020394   0x08020394   0x00000384   Code   RO         4195    .text               darray.o
    0x08020718   0x08020718   0x000015b8   Code   RO         4208    .text               expr_eval.o
    0x08021cd0   0x08021cd0   0x00000002   Code   RO         4222    .text               lcd_profile.o
    0x08021cd2   0x08021cd2   0x00000002   PAD
    0x08021cd4   0x08021cd4   0x00000120   Code   RO         4246    .text               window_animator_factory.o
    0x08021df4   0x08021df4   0x00000158   Code   RO         4261    .text               dialog_highlighter.o
    0x08021f4c   0x08021f4c   0x00000158   Code   RO         4274    .text               dialog_highlighter_factory.o
    0x080220a4   0x080220a4   0x00000024   Code   RO         4292    .text               children_layouter_builtins.o
    0x080220c8   0x080220c8   0x00000144   Code   RO         4313    .text               children_layouter_parser.o
    0x0802220c   0x0802220c   0x00000038   Code   RO         4334    .text               self_layouter_builtins.o
    0x08022244   0x08022244   0x000000a0   Code   RO         4355    .text               self_layouter_parser.o
    0x080222e4   0x080222e4   0x00000108   Code   RO         4376    .text               children_layouter_factory.o
    0x080223ec   0x080223ec   0x00000108   Code   RO         4391    .text               self_layouter_factory.o
    0x080224f4   0x080224f4   0x00000040   Code   RO         4406    .text               overlay.o
    0x08022534   0x08022534   0x000005dc   Code   RO         4437    .text               style_mutable.o
    0x08022b10   0x08022b10   0x000022a0   Code   RO         4490    .text               text_edit.o
    0x08024db0   0x08024db0   0x00000554   Code   RO         4617    .text               self_layouter_menu.o
    0x08025304   0x08025304   0x00000664   Code   RO         4635    .text               hscrollable.o
    0x08025968   0x08025968   0x000002d6   Code   RO         4648    .text               native_window.o
    0x08025c3e   0x08025c3e   0x00000002   PAD
    0x08025c40   0x08025c40   0x0000011c   Code   RO         4660    .text               native_window_raw.o
    0x08025d5c   0x08025d5c   0x00000fd0   Code   RO         4679    .text               window_manager_default.o
    0x08026d2c   0x08026d2c   0x000005dc   Code   RO         4701    .text               dialog_helper.o
    0x08027308   0x08027308   0x0000090c   Code   RO         4719    .text               lcd_stm32_raw.o
    0x08027c14   0x08027c14   0x000000e0   Code   RO         4757    .text               main_loop_stm32_raw.o
    0x08027cf4   0x08027cf4   0x00000064   Code   RO         4911    .text               platform.o
    0x08027d58   0x08027d58   0x0000001c   Code   RO         4925    .text               mutex_null.o
    0x08027d74   0x08027d74   0x0000004c   Code   RO         4942    .text               sys_tick.o
    0x08027dc0   0x08027dc0   0x00000004   Code   RO         4956    .text               fs_os.o
    0x08027dc4   0x08027dc4   0x00000026   Code   RO         4968    .text               demo_main.o
    0x08027dea   0x08027dea   0x00000002   PAD
    0x08027dec   0x08027dec   0x000005a0   Code   RO         4983    .text               demo1_app.o
    0x0802838c   0x0802838c   0x0000019c   Code   RO         5016    .text               assets-mini.o
    0x08028528   0x08028528   0x00000002   Code   RO         5066    .text               c_w.l(use_no_semi_2.o)
    0x0802852a   0x0802852a   0x00000002   PAD
    0x0802852c   0x0802852c   0x00000010   Code   RO         5068    .text               c_w.l(rt_ctype_table.o)
    0x0802853c   0x0802853c   0x0000001a   Code   RO         5070    .text               c_w.l(tolower.o)
    0x08028556   0x08028556   0x0000001e   Code   RO         5072    .text               c_w.l(toupper.o)
    0x08028574   0x08028574   0x00000004   Code   RO         5074    .text               c_w.l(iswspace.o)
    0x08028578   0x08028578   0x00000034   Code   RO         5076    .text               c_w.l(vsnprintf.o)
    0x080285ac   0x080285ac   0x00000018   Code   RO         5078    .text               c_w.l(__2printf.o)
    0x080285c4   0x080285c4   0x00000078   Code   RO         5084    .text               c_w.l(_printf_dec.o)
    0x0802863c   0x0802863c   0x00000188   Code   RO         5103    .text               c_w.l(__printf_flags_ss_wp.o)
    0x080287c4   0x080287c4   0x00000034   Code   RO         5108    .text               c_w.l(vsscanf.o)
    0x080287f8   0x080287f8   0x00000070   Code   RO         5110    .text               c_w.l(strtol.o)
    0x08028868   0x08028868   0x00000072   Code   RO         5112    .text               c_w.l(strtoul.o)
    0x080288da   0x080288da   0x00000050   Code   RO         5114    .text               c_w.l(bsearchnoex.o)
    0x0802892a   0x0802892a   0x00000014   Code   RO         5116    .text               c_w.l(strchr.o)
    0x0802893e   0x0802893e   0x00000024   Code   RO         5118    .text               c_w.l(strstr.o)
    0x08028962   0x08028962   0x00000058   Code   RO         5120    .text               c_w.l(memcmp.o)
    0x080289ba   0x080289ba   0x00000048   Code   RO         5122    .text               c_w.l(strcpy.o)
    0x08028a02   0x08028a02   0x00000016   Code   RO         5126    .text               c_w.l(strrchr.o)
    0x08028a18   0x08028a18   0x0000003e   Code   RO         5128    .text               c_w.l(strlen.o)
    0x08028a56   0x08028a56   0x00000012   Code   RO         5130    .text               c_w.l(wcscpy.o)
    0x08028a68   0x08028a68   0x00000018   Code   RO         5132    .text               c_w.l(wcscmp.o)
    0x08028a80   0x08028a80   0x00000016   Code   RO         5134    .text               c_w.l(wcschr.o)
    0x08028a96   0x08028a96   0x00000012   Code   RO         5136    .text               c_w.l(wcslen.o)
    0x08028aa8   0x08028aa8   0x00000096   Code   RO         5138    .text               c_w.l(strncmp.o)
    0x08028b3e   0x08028b3e   0x0000008a   Code   RO         5140    .text               c_w.l(rt_memcpy_v6.o)
    0x08028bc8   0x08028bc8   0x00000084   Code   RO         5142    .text               c_w.l(rt_memmove_v6.o)
    0x08028c4c   0x08028c4c   0x00000064   Code   RO         5144    .text               c_w.l(rt_memcpy_w.o)
    0x08028cb0   0x08028cb0   0x0000007a   Code   RO         5146    .text               c_w.l(rt_memmove_w.o)
    0x08028d2a   0x08028d2a   0x00000044   Code   RO         5148    .text               c_w.l(rt_memclr.o)
    0x08028d6e   0x08028d6e   0x0000004e   Code   RO         5150    .text               c_w.l(rt_memclr_w.o)
    0x08028dbc   0x08028dbc   0x00000056   Code   RO         5152    .text               c_w.l(strncpy.o)
    0x08028e12   0x08028e12   0x00000002   PAD
    0x08028e14   0x08028e14   0x00000080   Code   RO         5154    .text               c_w.l(strcmpv7m.o)
    0x08028e94   0x08028e94   0x00000006   Code   RO         5156    .text               c_w.l(heapauxi.o)
    0x08028e9a   0x08028e9a   0x00000002   Code   RO         5350    .text               c_w.l(use_no_semi.o)
    0x08028e9c   0x08028e9c   0x00000008   Code   RO         5356    .text               c_w.l(rt_locale_intlibspace.o)
    0x08028ea4   0x08028ea4   0x00000008   Code   RO         5361    .text               c_w.l(rt_errno_addr_intlibspace.o)
    0x08028eac   0x08028eac   0x00000016   Code   RO         5363    .text               c_w.l(_rserrno.o)
    0x08028ec2   0x08028ec2   0x0000000c   Code   RO         5365    .text               c_w.l(_iswspace.o)
    0x08028ece   0x08028ece   0x0000004e   Code   RO         5367    .text               c_w.l(_printf_pad.o)
    0x08028f1c   0x08028f1c   0x00000024   Code   RO         5369    .text               c_w.l(_printf_truncate.o)
    0x08028f40   0x08028f40   0x00000052   Code   RO         5371    .text               c_w.l(_printf_str.o)
    0x08028f92   0x08028f92   0x000000b2   Code   RO         5373    .text               c_w.l(_printf_intcommon.o)
    0x08029044   0x08029044   0x00000028   Code   RO         5375    .text               c_w.l(_printf_charcount.o)
    0x0802906c   0x0802906c   0x00000030   Code   RO         5377    .text               c_w.l(_printf_char_common.o)
    0x0802909c   0x0802909c   0x0000000a   Code   RO         5379    .text               c_w.l(_sputc.o)
    0x080290a6   0x080290a6   0x00000010   Code   RO         5381    .text               c_w.l(_snputc.o)
    0x080290b6   0x080290b6   0x00000002   PAD
    0x080290b8   0x080290b8   0x00000024   Code   RO         5383    .text               c_w.l(_printf_char_file.o)
    0x080290dc   0x080290dc   0x000000bc   Code   RO         5385    .text               c_w.l(_printf_wctomb.o)
    0x08029198   0x08029198   0x0000007c   Code   RO         5388    .text               c_w.l(_printf_longlong_dec.o)
    0x08029214   0x08029214   0x00000070   Code   RO         5394    .text               c_w.l(_printf_oct_int_ll.o)
    0x08029284   0x08029284   0x00000094   Code   RO         5414    .text               c_w.l(_printf_hex_int_ll_ptr.o)
    0x08029318   0x08029318   0x00000156   Code   RO         5439    .text               c_w.l(_scanf_longlong.o)
    0x0802946e   0x0802946e   0x0000014c   Code   RO         5441    .text               c_w.l(_scanf_int.o)
    0x080295ba   0x080295ba   0x000000e0   Code   RO         5443    .text               c_w.l(_scanf_str.o)
    0x0802969a   0x0802969a   0x00000002   PAD
    0x0802969c   0x0802969c   0x0000002c   Code   RO         5445    .text               c_w.l(scanf_char.o)
    0x080296c8   0x080296c8   0x00000040   Code   RO         5447    .text               c_w.l(_sgetc.o)
    0x08029708   0x08029708   0x0000009e   Code   RO         5449    .text               c_w.l(_strtoul.o)
    0x080297a6   0x080297a6   0x00000002   PAD
    0x080297a8   0x080297a8   0x000000a4   Code   RO         5451    .text               c_w.l(strtod.o)
    0x0802984c   0x0802984c   0x00000114   Code   RO         5453    .text               c_w.l(_scanf_mbtowc.o)
    0x08029960   0x08029960   0x000000e8   Code   RO         5455    .text               c_w.l(_scanf_wctomb.o)
    0x08029a48   0x08029a48   0x000000d0   Code   RO         5457    .text               c_w.l(_scanf_wstr.o)
    0x08029b18   0x08029b18   0x00000008   Code   RO         5528    .text               c_w.l(libspace.o)
    0x08029b20   0x08029b20   0x0000008a   Code   RO         5546    .text               c_w.l(lludiv10.o)
    0x08029baa   0x08029baa   0x00000012   Code   RO         5548    .text               c_w.l(isspace.o)
    0x08029bbc   0x08029bbc   0x00000064   Code   RO         5550    .text               c_w.l(wclass_c.o)
    0x08029c20   0x08029c20   0x0000041e   Code   RO         5552    .text               c_w.l(_printf_fp_dec.o)
    0x0802a03e   0x0802a03e   0x00000002   PAD
    0x0802a040   0x0802a040   0x000002fc   Code   RO         5554    .text               c_w.l(_printf_fp_hex.o)
    0x0802a33c   0x0802a33c   0x0000002c   Code   RO         5559    .text               c_w.l(_printf_char.o)
    0x0802a368   0x0802a368   0x0000002c   Code   RO         5561    .text               c_w.l(_printf_wchar.o)
    0x0802a394   0x0802a394   0x0000001c   Code   RO         5563    .text               c_w.l(_chval.o)
    0x0802a3b0   0x0802a3b0   0x00000374   Code   RO         5565    .text               c_w.l(_scanf.o)
    0x0802a724   0x0802a724   0x000004f8   Code   RO         5567    .text               c_w.l(scanf_fp.o)
    0x0802ac1c   0x0802ac1c   0x0000001e   Code   RO         5569    .text               c_w.l(_scanf_wcharmap.o)
    0x0802ac3a   0x0802ac3a   0x00000008   Code   RO         5571    .text               c_w.l(ferror.o)
    0x0802ac42   0x0802ac42   0x0000003c   Code   RO         5575    .text               c_w.l(_mbrtowc.o)
    0x0802ac7e   0x0802ac7e   0x00000040   Code   RO         5577    .text               c_w.l(_wcrtomb.o)
    0x0802acbe   0x0802acbe   0x0000004a   Code   RO         5629    .text               c_w.l(sys_stackheap_outer.o)
    0x0802ad08   0x0802ad08   0x00000080   Code   RO         5631    .text               c_w.l(_printf_fp_infnan.o)
    0x0802ad88   0x0802ad88   0x000000e4   Code   RO         5633    .text               c_w.l(bigflt0.o)
    0x0802ae6c   0x0802ae6c   0x00000012   Code   RO         5658    .text               c_w.l(exit.o)
    0x0802ae7e   0x0802ae7e   0x00000002   PAD
    0x0802ae80   0x0802ae80   0x00000320   Code   RO         5692    .text               c_w.l(scanf_hexfp.o)
    0x0802b1a0   0x0802b1a0   0x00000134   Code   RO         5694    .text               c_w.l(scanf_infnan.o)
    0x0802b2d4   0x0802b2d4   0x00000026   Code   RO         5717    .text               c_w.l(llshl.o)
    0x0802b2fa   0x0802b2fa   0x0000003e   Code   RO         5636    CL$$btod_d2e        c_w.l(btod.o)
    0x0802b338   0x0802b338   0x00000046   Code   RO         5638    CL$$btod_d2e_denorm_low  c_w.l(btod.o)
    0x0802b37e   0x0802b37e   0x00000060   Code   RO         5637    CL$$btod_d2e_norm_op1  c_w.l(btod.o)
    0x0802b3de   0x0802b3de   0x00000338   Code   RO         5646    CL$$btod_div_common  c_w.l(btod.o)
    0x0802b716   0x0802b716   0x00000002   PAD
    0x0802b718   0x0802b718   0x00000084   Code   RO         5644    CL$$btod_e2d        c_w.l(btod.o)
    0x0802b79c   0x0802b79c   0x000000dc   Code   RO         5643    CL$$btod_e2e        c_w.l(btod.o)
    0x0802b878   0x0802b878   0x0000002a   Code   RO         5640    CL$$btod_ediv       c_w.l(btod.o)
    0x0802b8a2   0x0802b8a2   0x0000002a   Code   RO         5642    CL$$btod_edivd      c_w.l(btod.o)
    0x0802b8cc   0x0802b8cc   0x0000002a   Code   RO         5639    CL$$btod_emul       c_w.l(btod.o)
    0x0802b8f6   0x0802b8f6   0x0000002a   Code   RO         5641    CL$$btod_emuld      c_w.l(btod.o)
    0x0802b920   0x0802b920   0x00000244   Code   RO         5645    CL$$btod_mult_common  c_w.l(btod.o)
    0x0802bb64   0x0802bb64   0x00000028   Code   RO         5506    i.__ARM_fpclassify  m_ws.l(fpclassify.o)
    0x0802bb8c   0x0802bb8c   0x00000388   Code   RO         5511    i.__ieee754_rem_pio2  m_ws.l(rred.o)
    0x0802bf14   0x0802bf14   0x000000fc   Code   RO         5489    i.__kernel_cos      m_ws.l(cos_i.o)
    0x0802c010   0x0802c010   0x000000aa   Code   RO         5508    i.__kernel_poly     m_ws.l(poly.o)
    0x0802c0ba   0x0802c0ba   0x00000002   PAD
    0x0802c0bc   0x0802c0bc   0x000000ec   Code   RO         5516    i.__kernel_sin      m_ws.l(sin_i.o)
    0x0802c1a8   0x0802c1a8   0x0000027c   Code   RO         5522    i.__kernel_tan      m_ws.l(tan_i.o)
    0x0802c424   0x0802c424   0x00000010   Code   RO         5492    i.__mathlib_dbl_divzero  m_ws.l(dunder.o)
    0x0802c434   0x0802c434   0x00000006   Code   RO         5493    i.__mathlib_dbl_infnan  m_ws.l(dunder.o)
    0x0802c43a   0x0802c43a   0x00000004   Code   RO         5494    i.__mathlib_dbl_infnan2  m_ws.l(dunder.o)
    0x0802c43e   0x0802c43e   0x0000000c   Code   RO         5495    i.__mathlib_dbl_invalid  m_ws.l(dunder.o)
    0x0802c44a   0x0802c44a   0x0000000e   Code   RO         5496    i.__mathlib_dbl_overflow  m_ws.l(dunder.o)
    0x0802c458   0x0802c458   0x00000010   Code   RO         5498    i.__mathlib_dbl_underflow  m_ws.l(dunder.o)
    0x0802c468   0x0802c468   0x00000010   Code   RO         5684    i.__mathlib_narrow  m_ws.l(narrow.o)
    0x0802c478   0x0802c478   0x000000bc   Code   RO         5685    i.__mathlib_tofloat  m_ws.l(narrow.o)
    0x0802c534   0x0802c534   0x00000016   Code   RO         5724    i.__support_ldexp   m_ws.l(ldexp.o)
    0x0802c54a   0x0802c54a   0x0000000e   Code   RO         5096    i._is_digit         c_w.l(__printf_wp.o)
    0x0802c558   0x0802c558   0x0000027c   Code   RO         5239    i.acos              m_ws.l(acos.o)
    0x0802c7d4   0x0802c7d4   0x00000270   Code   RO         5249    i.asin              m_ws.l(asin.o)
    0x0802ca44   0x0802ca44   0x00000220   Code   RO         5259    i.atan              m_ws.l(atan.o)
    0x0802cc64   0x0802cc64   0x0000002a   Code   RO         5269    i.atof              m_ws.l(atof.o)
    0x0802cc8e   0x0802cc8e   0x00000002   PAD
    0x0802cc90   0x0802cc90   0x000000dc   Code   RO         5273    i.ceil              m_ws.l(ceil.o)
    0x0802cd6c   0x0802cd6c   0x0000009c   Code   RO         5277    i.cos               m_ws.l(cos.o)
    0x0802ce08   0x0802ce08   0x00000284   Code   RO         5285    i.exp               m_ws.l(exp.o)
    0x0802d08c   0x0802d08c   0x000000dc   Code   RO         5295    i.floor             m_ws.l(floor.o)
    0x0802d168   0x0802d168   0x00000058   Code   RO         5703    i.frexp             m_ws.l(frexp.o)
    0x0802d1c0   0x0802d1c0   0x00000074   Code   RO         5725    i.ldexp             m_ws.l(ldexp.o)
    0x0802d234   0x0802d234   0x0000035c   Code   RO         5299    i.log               m_ws.l(log.o)
    0x0802d590   0x0802d590   0x000000e4   Code   RO         5309    i.log10             m_ws.l(log10.o)
    0x0802d674   0x0802d674   0x000009d8   Code   RO         5317    i.pow               m_ws.l(pow.o)
    0x0802e04c   0x0802e04c   0x000000a0   Code   RO         5327    i.sin               m_ws.l(sin.o)
    0x0802e0ec   0x0802e0ec   0x0000004c   Code   RO         5335    i.sqrt              m_ws.l(sqrt.o)
    0x0802e138   0x0802e138   0x00000064   Code   RO         5343    i.tan               m_ws.l(tan.o)
    0x0802e19c   0x0802e19c   0x0000002c   Code   RO         5460    locale$$code        c_w.l(lc_ctype_c.o)
    0x0802e1c8   0x0802e1c8   0x0000002c   Code   RO         5580    locale$$code        c_w.l(lc_numeric_c.o)
    0x0802e1f4   0x0802e1f4   0x00000062   Code   RO         5160    x$fpl$d2f           fz_ws.l(d2f.o)
    0x0802e256   0x0802e256   0x00000002   PAD
    0x0802e258   0x0802e258   0x00000150   Code   RO         5162    x$fpl$dadd          fz_ws.l(daddsub_clz.o)
    0x0802e3a8   0x0802e3a8   0x00000010   Code   RO         5627    x$fpl$dcheck1       fz_ws.l(dcheck1.o)
    0x0802e3b8   0x0802e3b8   0x00000018   Code   RO         5462    x$fpl$dcmpinf       fz_ws.l(dcmpi.o)
    0x0802e3d0   0x0802e3d0   0x000002b0   Code   RO         5169    x$fpl$ddiv          fz_ws.l(ddiv.o)
    0x0802e680   0x0802e680   0x00000078   Code   RO         5172    x$fpl$deqf          fz_ws.l(deqf.o)
    0x0802e6f8   0x0802e6f8   0x0000005e   Code   RO         5174    x$fpl$dfix          fz_ws.l(dfix.o)
    0x0802e756   0x0802e756   0x00000002   PAD
    0x0802e758   0x0802e758   0x0000005a   Code   RO         5182    x$fpl$dfixu         fz_ws.l(dfixu.o)
    0x0802e7b2   0x0802e7b2   0x0000002e   Code   RO         5187    x$fpl$dflt          fz_ws.l(dflt_clz.o)
    0x0802e7e0   0x0802e7e0   0x000000a2   Code   RO         5192    x$fpl$dfltll        fz_ws.l(dfltll_clz.o)
    0x0802e882   0x0802e882   0x00000026   Code   RO         5186    x$fpl$dfltu         fz_ws.l(dflt_clz.o)
    0x0802e8a8   0x0802e8a8   0x00000078   Code   RO         5196    x$fpl$dleqf         fz_ws.l(dleqf.o)
    0x0802e920   0x0802e920   0x00000154   Code   RO         5198    x$fpl$dmul          fz_ws.l(dmul.o)
    0x0802ea74   0x0802ea74   0x0000009c   Code   RO         5464    x$fpl$dnaninf       fz_ws.l(dnaninf.o)
    0x0802eb10   0x0802eb10   0x0000000c   Code   RO         5466    x$fpl$dretinf       fz_ws.l(dretinf.o)
    0x0802eb1c   0x0802eb1c   0x0000006c   Code   RO         5200    x$fpl$drleqf        fz_ws.l(drleqf.o)
    0x0802eb88   0x0802eb88   0x00000016   Code   RO         5163    x$fpl$drsb          fz_ws.l(daddsub_clz.o)
    0x0802eb9e   0x0802eb9e   0x00000002   PAD
    0x0802eba0   0x0802eba0   0x000001cc   Code   RO         5468    x$fpl$dsqrt         fz_ws.l(dsqrt_noumaal.o)
    0x0802ed6c   0x0802ed6c   0x000001d4   Code   RO         5164    x$fpl$dsub          fz_ws.l(daddsub_clz.o)
    0x0802ef40   0x0802ef40   0x00000056   Code   RO         5202    x$fpl$f2d           fz_ws.l(f2d.o)
    0x0802ef96   0x0802ef96   0x00000002   PAD
    0x0802ef98   0x0802ef98   0x000000c4   Code   RO         5204    x$fpl$fadd          fz_ws.l(faddsub_clz.o)
    0x0802f05c   0x0802f05c   0x00000018   Code   RO         5470    x$fpl$fcmpinf       fz_ws.l(fcmpi.o)
    0x0802f074   0x0802f074   0x00000184   Code   RO         5211    x$fpl$fdiv          fz_ws.l(fdiv.o)
    0x0802f1f8   0x0802f1f8   0x00000068   Code   RO         5214    x$fpl$feqf          fz_ws.l(feqf.o)
    0x0802f260   0x0802f260   0x00000036   Code   RO         5216    x$fpl$ffix          fz_ws.l(ffix.o)
    0x0802f296   0x0802f296   0x00000002   PAD
    0x0802f298   0x0802f298   0x0000003e   Code   RO         5220    x$fpl$ffixu         fz_ws.l(ffixu.o)
    0x0802f2d6   0x0802f2d6   0x00000002   PAD
    0x0802f2d8   0x0802f2d8   0x00000030   Code   RO         5225    x$fpl$fflt          fz_ws.l(fflt_clz.o)
    0x0802f308   0x0802f308   0x00000060   Code   RO         5230    x$fpl$ffltll        fz_ws.l(ffltll_clz.o)
    0x0802f368   0x0802f368   0x00000026   Code   RO         5224    x$fpl$ffltu         fz_ws.l(fflt_clz.o)
    0x0802f38e   0x0802f38e   0x00000002   PAD
    0x0802f390   0x0802f390   0x00000068   Code   RO         5232    x$fpl$fleqf         fz_ws.l(fleqf.o)
    0x0802f3f8   0x0802f3f8   0x00000102   Code   RO         5234    x$fpl$fmul          fz_ws.l(fmul.o)
    0x0802f4fa   0x0802f4fa   0x0000008c   Code   RO         5472    x$fpl$fnaninf       fz_ws.l(fnaninf.o)
    0x0802f586   0x0802f586   0x0000000a   Code   RO         5474    x$fpl$fretinf       fz_ws.l(fretinf.o)
    0x0802f590   0x0802f590   0x00000062   Code   RO         5236    x$fpl$frleqf        fz_ws.l(frleqf.o)
    0x0802f5f2   0x0802f5f2   0x00000014   Code   RO         5205    x$fpl$frsb          fz_ws.l(faddsub_clz.o)
    0x0802f606   0x0802f606   0x00000002   PAD
    0x0802f608   0x0802f608   0x000000ea   Code   RO         5206    x$fpl$fsub          fz_ws.l(faddsub_clz.o)
    0x0802f6f2   0x0802f6f2   0x00000006   Code   RO         5674    x$fpl$ieeestatus    fz_ws.l(istatus.o)
    0x0802f6f8   0x0802f6f8   0x000000c2   Code   RO         5178    x$fpl$llsfromd      fz_ws.l(dfixll.o)
    0x0802f7ba   0x0802f7ba   0x00000004   Code   RO         5476    x$fpl$printf1       fz_ws.l(printf1.o)
    0x0802f7be   0x0802f7be   0x00000004   Code   RO         5478    x$fpl$printf2       fz_ws.l(printf2.o)
    0x0802f7c2   0x0802f7c2   0x00000064   Code   RO         5676    x$fpl$retnan        fz_ws.l(retnan.o)
    0x0802f826   0x0802f826   0x0000005c   Code   RO         5484    x$fpl$scalbn        fz_ws.l(scalbn.o)
    0x0802f882   0x0802f882   0x00000004   Code   RO         5486    x$fpl$scanf1        fz_ws.l(scanf1.o)
    0x0802f886   0x0802f886   0x00000008   Code   RO         5678    x$fpl$scanf2        fz_ws.l(scanf2.o)
    0x0802f88e   0x0802f88e   0x00000030   Code   RO         5700    x$fpl$trapveneer    fz_ws.l(trapv.o)
    0x0802f8be   0x0802f8be   0x00000000   Code   RO         5488    x$fpl$usenofp       fz_ws.l(usenofp.o)
    0x0802f8be   0x0802f8be   0x00000018   Data   RO          513    .constdata          rtc.o
    0x0802f8d6   0x0802f8d6   0x00000948   Data   RO          570    .constdata          gui.o
    0x0803021e   0x0803021e   0x00000002   PAD
    0x08030220   0x08030220   0x0000005c   Data   RO          605    .constdata          bitmap.o
    0x0803027c   0x0803027c   0x00000018   Data   RO          673    .constdata          buffer.o
    0x08030294   0x08030294   0x00000074   Data   RO          695    .constdata          button_1.o
    0x08030308   0x08030308   0x000000e8   Data   RO          921    .constdata          check_button.o
    0x080303f0   0x080303f0   0x0000000d   Data   RO          940    .constdata          color.o
    0x080303fd   0x080303fd   0x00000003   PAD
    0x08030400   0x08030400   0x00000074   Data   RO          953    .constdata          dialog.o
    0x08030474   0x08030474   0x0000001a   Data   RO         1101    .constdata          emitter.o
    0x0803048e   0x0803048e   0x00000002   PAD
    0x08030490   0x08030490   0x00000924   Data   RO         1120    .constdata          enums.o
    0x08030db4   0x08030db4   0x0000000d   Data   RO         1150    .constdata          font.o
    0x08030dc1   0x08030dc1   0x00000014   Data   RO         1166    .constdata          font_manager.o
    0x08030dd5   0x08030dd5   0x00000003   PAD
    0x08030dd8   0x08030dd8   0x00000074   Data   RO         1232    .constdata          group_box.o
    0x08030e4c   0x08030e4c   0x00000074   Data   RO         1250    .constdata          image.o
    0x08030ec0   0x08030ec0   0x00000027   Data   RO         1272    .constdata          image_manager.o
    0x08030ee7   0x08030ee7   0x00000001   PAD
    0x08030ee8   0x08030ee8   0x00000074   Data   RO         1326    .constdata          label.o
    0x08030f5c   0x08030f5c   0x00000074   Data   RO         1418    .constdata          progress_bar.o
    0x08030fd0   0x08030fd0   0x0000000c   Data   RO         1437    .constdata          rect.o
    0x08030fdc   0x08030fdc   0x0000000d   Data   RO         1453    .constdata          theme.o
    0x08030fe9   0x08030fe9   0x00000003   PAD
    0x08030fec   0x08030fec   0x00000104   Data   RO         1471    .constdata          utf8.o
    0x080310f0   0x080310f0   0x0000000d   Data   RO         1486    .constdata          value.o
    0x080310fd   0x080310fd   0x00000003   PAD
    0x08031100   0x08031100   0x00000074   Data   RO         1607    .constdata          widget_vtable.o
    0x08031174   0x08031174   0x00000074   Data   RO         1679    .constdata          window.o
    0x080311e8   0x080311e8   0x00000014   Data   RO         1784    .constdata          wstr.o
    0x080311fc   0x080311fc   0x00000022   Data   RO         1806    .constdata          utils.o
    0x0803121e   0x0803121e   0x00000013   Data   RO         1936    .constdata          event_queue.o
    0x08031231   0x08031231   0x00000003   PAD
    0x08031234   0x08031234   0x00000074   Data   RO         1970    .constdata          slider.o
    0x080312a8   0x080312a8   0x0000002c   Data   RO         2004    .constdata          system_info.o
    0x080312d4   0x080312d4   0x00000017   Data   RO         2082    .constdata          str.o
    0x080312eb   0x080312eb   0x00000001   PAD
    0x080312ec   0x080312ec   0x00000074   Data   RO         2117    .constdata          pages.o
    0x08031360   0x08031360   0x00000074   Data   RO         2136    .constdata          edit.o
    0x080313d4   0x080313d4   0x00000074   Data   RO         2162    .constdata          view.o
    0x08031448   0x08031448   0x000004d2   Data   RO         2195    .constdata          widget_factory.o
    0x0803191a   0x0803191a   0x00000002   PAD
    0x0803191c   0x0803191c   0x00000074   Data   RO         2483    .constdata          spin_box.o
    0x08031990   0x08031990   0x00000074   Data   RO         2502    .constdata          dragger.o
    0x08031a04   0x08031a04   0x00000074   Data   RO         2521    .constdata          dialog_client.o
    0x08031a78   0x08031a78   0x00000074   Data   RO         2539    .constdata          dialog_title.o
    0x08031aec   0x08031aec   0x00000019   Data   RO         2920    .constdata          input_method_creator.o
    0x08031b05   0x08031b05   0x00000003   PAD
    0x08031b08   0x08031b08   0x00000074   Data   RO         2936    .constdata          button_group.o
    0x08031b7c   0x08031b7c   0x0000008c   Data   RO         2972    .constdata          combo_box.o
    0x08031c08   0x08031c08   0x00000074   Data   RO         3016    .constdata          combo_box_item.o
    0x08031c7c   0x08031c7c   0x00000060   Data   RO         3034    .constdata          easing.o
    0x08031cdc   0x08031cdc   0x0000000a   Data   RO         3048    .constdata          fs.o
    0x08031ce6   0x08031ce6   0x00000002   PAD
    0x08031ce8   0x08031ce8   0x00000074   Data   RO         3107    .constdata          popup.o
    0x08031d5c   0x08031d5c   0x00000074   Data   RO         3155    .constdata          tab_button.o
    0x08031dd0   0x08031dd0   0x00000074   Data   RO         3174    .constdata          tab_button_group.o
    0x08031e44   0x08031e44   0x00000074   Data   RO         3195    .constdata          tab_control.o
    0x08031eb8   0x08031eb8   0x00000004   Data   RO         3386    .constdata          ui_loader_default.o
    0x08031ebc   0x08031ebc   0x00000074   Data   RO         3499    .constdata          color_tile.o
    0x08031f30   0x08031f30   0x00000016   Data   RO         3518    .constdata          assets_manager.o
    0x08031f46   0x08031f46   0x00000013   Data   RO         3533    .constdata          locale_info.o
    0x08031f59   0x08031f59   0x00000003   PAD
    0x08031f5c   0x08031f5c   0x00000074   Data   RO         3560    .constdata          app_bar.o
    0x08031fd0   0x08031fd0   0x00000074   Data   RO         3578    .constdata          column.o
    0x08032044   0x08032044   0x00000074   Data   RO         3596    .constdata          grid.o
    0x080320b8   0x080320b8   0x00000074   Data   RO         3614    .constdata          row.o
    0x0803212c   0x0803212c   0x00000074   Data   RO         3632    .constdata          calibration_win.o
    0x080321a0   0x080321a0   0x00000013   Data   RO         3650    .constdata          font_loader_bitmap.o
    0x080321b3   0x080321b3   0x00000001   PAD
    0x080321b4   0x080321b4   0x00000074   Data   RO         3694    .constdata          window_base.o
    0x08032228   0x08032228   0x00000033   Data   RO         3747    .constdata          style_const.o
    0x0803225b   0x0803225b   0x0000001f   Data   RO         3784    .constdata          widget_animator_manager.o
    0x0803227a   0x0803227a   0x00000002   PAD
    0x0803227c   0x0803227c   0x0000002a   Data   RO         3799    .constdata          clip_board_default.o
    0x080322a6   0x080322a6   0x00000002   PAD
    0x080322a8   0x080322a8   0x00000074   Data   RO         3833    .constdata          image_base.o
    0x0803231c   0x0803231c   0x00000074   Data   RO         3847    .constdata          grid_item.o
    0x08032390   0x08032390   0x00000026   Data   RO         3865    .constdata          input_device_status.o
    0x080323b6   0x080323b6   0x00000002   PAD
    0x080323b8   0x080323b8   0x00000074   Data   RO         3879    .constdata          system_bar.o
    0x0803242c   0x0803242c   0x0000003d   Data   RO         3898    .constdata          children_layouter_default.o
    0x08032469   0x08032469   0x00000003   PAD
    0x0803246c   0x0803246c   0x00000035   Data   RO         3919    .constdata          self_layouter_default.o
    0x080324a1   0x080324a1   0x0000000d   Data   RO         4009    .constdata          event.o
    0x080324ae   0x080324ae   0x00000013   Data   RO         4022    .constdata          named_value.o
    0x080324c1   0x080324c1   0x0000000e   Data   RO         4038    .constdata          object.o
    0x080324cf   0x080324cf   0x00000001   PAD
    0x080324d0   0x080324d0   0x00000058   Data   RO         4051    .constdata          object_default.o
    0x08032528   0x08032528   0x0000002c   Data   RO         4090    .constdata          timer_info.o
    0x08032554   0x08032554   0x00000015   Data   RO         4114    .constdata          timer_manager.o
    0x08032569   0x08032569   0x00000014   Data   RO         4129    .constdata          idle_manager.o
    0x0803257d   0x0803257d   0x00000003   PAD
    0x08032580   0x08032580   0x0000002c   Data   RO         4150    .constdata          idle_info.o
    0x080325ac   0x080325ac   0x0000001f   Data   RO         4165    .constdata          slist.o
    0x080325cb   0x080325cb   0x00000032   Data   RO         4181    .constdata          widget_pool.o
    0x080325fd   0x080325fd   0x00000028   Data   RO         4196    .constdata          darray.o
    0x08032625   0x08032625   0x00000003   PAD
    0x08032628   0x08032628   0x00000118   Data   RO         4209    .constdata          expr_eval.o
    0x08032740   0x08032740   0x00000040   Data   RO         4247    .constdata          window_animator_factory.o
    0x08032780   0x08032780   0x0000001a   Data   RO         4262    .constdata          dialog_highlighter.o
    0x0803279a   0x0803279a   0x00000046   Data   RO         4275    .constdata          dialog_highlighter_factory.o
    0x080327e0   0x080327e0   0x00000044   Data   RO         4377    .constdata          children_layouter_factory.o
    0x08032824   0x08032824   0x0000003c   Data   RO         4392    .constdata          self_layouter_factory.o
    0x08032860   0x08032860   0x00000074   Data   RO         4407    .constdata          overlay.o
    0x080328d4   0x080328d4   0x0000005f   Data   RO         4438    .constdata          style_mutable.o
    0x08032933   0x08032933   0x0000001d   Data   RO         4491    .constdata          text_edit.o
    0x08032950   0x08032950   0x00000032   Data   RO         4618    .constdata          self_layouter_menu.o
    0x08032982   0x08032982   0x00000013   Data   RO         4636    .constdata          hscrollable.o
    0x08032995   0x08032995   0x00000003   PAD
    0x08032998   0x08032998   0x0000004c   Data   RO         4661    .constdata          native_window_raw.o
    0x080329e4   0x080329e4   0x0000008a   Data   RO         4680    .constdata          window_manager_default.o
    0x08032a6e   0x08032a6e   0x00000002   PAD
    0x08032a70   0x08032a70   0x0002781c   Data   RO         5017    .constdata          assets-mini.o
    0x0805a28c   0x0805a28c   0x00000011   Data   RO         5104    .constdata          c_w.l(__printf_flags_ss_wp.o)
    0x0805a29d   0x0805a29d   0x00000003   PAD
    0x0805a2a0   0x0805a2a0   0x00000050   Data   RO         5240    .constdata          m_ws.l(acos.o)
    0x0805a2f0   0x0805a2f0   0x00000050   Data   RO         5250    .constdata          m_ws.l(asin.o)
    0x0805a340   0x0805a340   0x00000098   Data   RO         5260    .constdata          m_ws.l(atan.o)
    0x0805a3d8   0x0805a3d8   0x00000058   Data   RO         5286    .constdata          m_ws.l(exp.o)
    0x0805a430   0x0805a430   0x00000038   Data   RO         5300    .constdata          m_ws.l(log.o)
    0x0805a468   0x0805a468   0x00000088   Data   RO         5318    .constdata          m_ws.l(pow.o)
    0x0805a4f0   0x0805a4f0   0x00000008   Data   RO         5386    .constdata          c_w.l(_printf_wctomb.o)
    0x0805a4f8   0x0805a4f8   0x00000028   Data   RO         5415    .constdata          c_w.l(_printf_hex_int_ll_ptr.o)
    0x0805a520   0x0805a520   0x00000030   Data   RO         5490    .constdata          m_ws.l(cos_i.o)
    0x0805a550   0x0805a550   0x00000008   Data   RO         5510    .constdata          m_ws.l(qnan.o)
    0x0805a558   0x0805a558   0x000000c8   Data   RO         5513    .constdata          m_ws.l(rred.o)
    0x0805a620   0x0805a620   0x00000028   Data   RO         5517    .constdata          m_ws.l(sin_i.o)
    0x0805a648   0x0805a648   0x00000060   Data   RO         5523    .constdata          m_ws.l(tan_i.o)
    0x0805a6a8   0x0805a6a8   0x00000026   Data   RO         5555    .constdata          c_w.l(_printf_fp_hex.o)
    0x0805a6ce   0x0805a6ce   0x00000002   PAD
    0x0805a6d0   0x0805a6d0   0x00000094   Data   RO         5634    .constdata          c_w.l(bigflt0.o)
    0x0805a764   0x0805a764   0x0000000f   Data   RO          696    .conststring        button_1.o
    0x0805a773   0x0805a773   0x00000001   PAD
    0x0805a774   0x0805a774   0x00000025   Data   RO          922    .conststring        check_button.o
    0x0805a799   0x0805a799   0x00000003   PAD
    0x0805a79c   0x0805a79c   0x00000064   Data   RO          954    .conststring        dialog.o
    0x0805a800   0x0805a800   0x0000053a   Data   RO         1121    .conststring        enums.o
    0x0805ad3a   0x0805ad3a   0x00000002   PAD
    0x0805ad3c   0x0805ad3c   0x0000000a   Data   RO         1233    .conststring        group_box.o
    0x0805ad46   0x0805ad46   0x00000002   PAD
    0x0805ad48   0x0805ad48   0x00000055   Data   RO         1251    .conststring        image.o
    0x0805ad9d   0x0805ad9d   0x00000003   PAD
    0x0805ada0   0x0805ada0   0x00000006   Data   RO         1327    .conststring        label.o
    0x0805ada6   0x0805ada6   0x00000002   PAD
    0x0805ada8   0x0805ada8   0x00000026   Data   RO         1419    .conststring        progress_bar.o
    0x0805adce   0x0805adce   0x00000002   PAD
    0x0805add0   0x0805add0   0x00000090   Data   RO         1499    .conststring        widget.o
    0x0805ae60   0x0805ae60   0x00000007   Data   RO         1608    .conststring        widget_vtable.o
    0x0805ae67   0x0805ae67   0x00000001   PAD
    0x0805ae68   0x0805ae68   0x00000013   Data   RO         1680    .conststring        window.o
    0x0805ae7b   0x0805ae7b   0x00000001   PAD
    0x0805ae7c   0x0805ae7c   0x00000018   Data   RO         1971    .conststring        slider.o
    0x0805ae94   0x0805ae94   0x0000000c   Data   RO         2005    .conststring        system_info.o
    0x0805aea0   0x0805aea0   0x00000006   Data   RO         2118    .conststring        pages.o
    0x0805aea6   0x0805aea6   0x00000002   PAD
    0x0805aea8   0x0805aea8   0x00000085   Data   RO         2137    .conststring        edit.o
    0x0805af2d   0x0805af2d   0x00000003   PAD
    0x0805af30   0x0805af30   0x00000005   Data   RO         2163    .conststring        view.o
    0x0805af35   0x0805af35   0x00000003   PAD
    0x0805af38   0x0805af38   0x00000009   Data   RO         2484    .conststring        spin_box.o
    0x0805af41   0x0805af41   0x00000003   PAD
    0x0805af44   0x0805af44   0x00000026   Data   RO         2503    .conststring        dragger.o
    0x0805af6a   0x0805af6a   0x00000002   PAD
    0x0805af6c   0x0805af6c   0x0000000e   Data   RO         2522    .conststring        dialog_client.o
    0x0805af7a   0x0805af7a   0x00000002   PAD
    0x0805af7c   0x0805af7c   0x0000000d   Data   RO         2540    .conststring        dialog_title.o
    0x0805af89   0x0805af89   0x00000003   PAD
    0x0805af8c   0x0805af8c   0x00000a61   Data   RO         2954    .conststring        color_parser.o
    0x0805b9ed   0x0805b9ed   0x00000003   PAD
    0x0805b9f0   0x0805b9f0   0x00000026   Data   RO         2973    .conststring        combo_box.o
    0x0805ba16   0x0805ba16   0x00000002   PAD
    0x0805ba18   0x0805ba18   0x0000000f   Data   RO         3017    .conststring        combo_box_item.o
    0x0805ba27   0x0805ba27   0x00000001   PAD
    0x0805ba28   0x0805ba28   0x00000036   Data   RO         3108    .conststring        popup.o
    0x0805ba5e   0x0805ba5e   0x00000002   PAD
    0x0805ba60   0x0805ba60   0x0000000b   Data   RO         3156    .conststring        tab_button.o
    0x0805ba6b   0x0805ba6b   0x00000001   PAD
    0x0805ba6c   0x0805ba6c   0x00000011   Data   RO         3175    .conststring        tab_button_group.o
    0x0805ba7d   0x0805ba7d   0x00000003   PAD
    0x0805ba80   0x0805ba80   0x0000000c   Data   RO         3196    .conststring        tab_control.o
    0x0805ba8c   0x0805ba8c   0x00000025   Data   RO         3500    .conststring        color_tile.o
    0x0805bab1   0x0805bab1   0x00000003   PAD
    0x0805bab4   0x0805bab4   0x00000008   Data   RO         3561    .conststring        app_bar.o
    0x0805babc   0x0805babc   0x00000007   Data   RO         3579    .conststring        column.o
    0x0805bac3   0x0805bac3   0x00000001   PAD
    0x0805bac4   0x0805bac4   0x00000004   Data   RO         3597    .conststring        grid.o
    0x0805bac8   0x0805bac8   0x00000010   Data   RO         3633    .conststring        calibration_win.o
    0x0805bad8   0x0805bad8   0x0000000b   Data   RO         3880    .conststring        system_bar.o
    0x0805bae3   0x0805bae3   0x00000001   PAD
    0x0805bae4   0x0805bae4   0x0000000f   Data   RO         4052    .conststring        object_default.o
    0x0805baf3   0x0805baf3   0x00000001   PAD
    0x0805baf4   0x0805baf4   0x0000000b   Data   RO         4091    .conststring        timer_info.o
    0x0805baff   0x0805baff   0x00000001   PAD
    0x0805bb00   0x0805bb00   0x0000000a   Data   RO         4151    .conststring        idle_info.o
    0x0805bb0a   0x0805bb0a   0x00000002   PAD
    0x0805bb0c   0x0805bb0c   0x0000016f   Data   RO         4210    .conststring        expr_eval.o
    0x0805bc7b   0x0805bc7b   0x00000001   PAD
    0x0805bc7c   0x0805bc7c   0x00000008   Data   RO         4408    .conststring        overlay.o
    0x0805bc84   0x0805bc84   0x00000005   Data   RO         4619    .conststring        self_layouter_menu.o
    0x0805bc89   0x0805bc89   0x00000003   PAD
    0x0805bc8c   0x0805bc8c   0x00000012   Data   RO         4662    .conststring        native_window_raw.o
    0x0805bc9e   0x0805bc9e   0x00000002   PAD
    0x0805bca0   0x0805bca0   0x0000000f   Data   RO         4681    .conststring        window_manager_default.o
    0x0805bcaf   0x0805bcaf   0x00000001   PAD
    0x0805bcb0   0x0805bcb0   0x00000022   Data   RO         3080    .constwstring       line_break.o
    0x0805bcd2   0x0805bcd2   0x00000002   PAD
    0x0805bcd4   0x0805bcd4   0x00000020   Data   RO         5785    Region$$Table       anon$$obj.o
    0x0805bcf4   0x0805bcf4   0x00000008   Data   RO         5668    c$$dinf             fz_ws.l(fpconst.o)
    0x0805bcfc   0x0805bcfc   0x00000008   Data   RO         5671    c$$dmax             fz_ws.l(fpconst.o)
    0x0805bd04   0x0805bd04   0x00000110   Data   RO         5459    locale$$data        c_w.l(lc_ctype_c.o)
    0x0805be14   0x0805be14   0x0000001c   Data   RO         5579    locale$$data        c_w.l(lc_numeric_c.o)


    Execution Region RW_IRAM1 (Exec base: 0x20000000, Load base: 0x0805be30, Size: 0x00008010, Max: 0x00010000, ABSOLUTE, COMPRESSED[0x00000480])

    Exec Addr    Load Addr    Size         Type   Attr      Idx    E Section Name        Object

    0x20000000   COMPRESSED   0x00000014   Data   RW          105    .data               system_stm32f10x.o
    0x20000014   COMPRESSED   0x00000006   Data   RW          218    .data               usart.o
    0x2000001a   COMPRESSED   0x00000014   Data   RW          282    .data               stm32f10x_rcc.o
    0x2000002e   COMPRESSED   0x00000001   Data   RW          452    .data               led.o
    0x2000002f   COMPRESSED   0x00000001   Data   RW          480    .data               button.o
    0x20000030   COMPRESSED   0x00000004   Data   RW          493    .data               tim.o
    0x20000034   COMPRESSED   0x0000000a   Data   RW          514    .data               rtc.o
    0x2000003e   COMPRESSED   0x00000008   Data   RW          537    .data               touch.o
    0x20000046   COMPRESSED   0x00000002   PAD
    0x20000048   COMPRESSED   0x00000008   Data   RW          697    .data               button_1.o
    0x20000050   COMPRESSED   0x00000008   Data   RW          923    .data               check_button.o
    0x20000058   COMPRESSED   0x0000001c   Data   RW          955    .data               dialog.o
    0x20000074   COMPRESSED   0x00000004   Data   RW         1167    .data               font_manager.o
    0x20000078   COMPRESSED   0x00000028   Data   RW         1252    .data               image.o
    0x200000a0   COMPRESSED   0x00000004   Data   RW         1273    .data               image_manager.o
    0x200000a4   COMPRESSED   0x00000004   Data   RW         1380    .data               main_loop.o
    0x200000a8   COMPRESSED   0x00000008   Data   RW         1404    .data               mem.o
    0x200000b0   COMPRESSED   0x00000010   Data   RW         1420    .data               progress_bar.o
    0x200000c0   COMPRESSED   0x00000004   Data   RW         1454    .data               theme.o
    0x200000c4   COMPRESSED   0x00000040   Data   RW         1500    .data               widget.o
    0x20000104   COMPRESSED   0x00000020   Data   RW         1681    .data               window.o
    0x20000124   COMPRESSED   0x00000004   Data   RW         1698    .data               window_manager.o
    0x20000128   COMPRESSED   0x00000018   Data   RW         1972    .data               slider.o
    0x20000140   COMPRESSED   0x00000004   Data   RW         2006    .data               system_info.o
    0x20000144   COMPRESSED   0x00000008   Data   RW         2119    .data               pages.o
    0x2000014c   COMPRESSED   0x0000003c   Data   RW         2138    .data               edit.o
    0x20000188   COMPRESSED   0x00000004   Data   RW         2196    .data               widget_factory.o
    0x2000018c   COMPRESSED   0x00000004   Data   RW         2441    .data               input_method.o
    0x20000190   COMPRESSED   0x00000014   Data   RW         2504    .data               dragger.o
    0x200001a4   COMPRESSED   0x00000460   Data   RW         2955    .data               color_parser.o
    0x20000604   COMPRESSED   0x0000003c   Data   RW         2974    .data               combo_box.o
    0x20000640   COMPRESSED   0x00000004   Data   RW         3081    .data               line_break.o
    0x20000644   COMPRESSED   0x00000024   Data   RW         3109    .data               popup.o
    0x20000668   COMPRESSED   0x00000008   Data   RW         3157    .data               tab_button.o
    0x20000670   COMPRESSED   0x0000000c   Data   RW         3501    .data               color_tile.o
    0x2000067c   COMPRESSED   0x00000004   Data   RW         3519    .data               assets_manager.o
    0x20000680   COMPRESSED   0x00000004   Data   RW         3534    .data               locale_info.o
    0x20000684   COMPRESSED   0x00000008   Data   RW         3651    .data               font_loader_bitmap.o
    0x2000068c   COMPRESSED   0x00000004   Data   RW         3764    .data               style_factory.o
    0x20000690   COMPRESSED   0x00000004   Data   RW         3785    .data               widget_animator_manager.o
    0x20000694   COMPRESSED   0x00000004   Data   RW         3816    .data               clip_board.o
    0x20000698   COMPRESSED   0x00000008   Data   RW         3881    .data               system_bar.o
    0x200006a0   COMPRESSED   0x00000004   Data   RW         4115    .data               timer_manager.o
    0x200006a4   COMPRESSED   0x00000004   Data   RW         4130    .data               idle_manager.o
    0x200006a8   COMPRESSED   0x00000004   Data   RW         4182    .data               widget_pool.o
    0x200006ac   COMPRESSED   0x00000004   Data   RW         4248    .data               window_animator_factory.o
    0x200006b0   COMPRESSED   0x00000004   Data   RW         4276    .data               dialog_highlighter_factory.o
    0x200006b4   COMPRESSED   0x00000004   Data   RW         4378    .data               children_layouter_factory.o
    0x200006b8   COMPRESSED   0x00000004   Data   RW         4393    .data               self_layouter_factory.o
    0x200006bc   COMPRESSED   0x00000010   Data   RW         4409    .data               overlay.o
    0x200006cc   COMPRESSED   0x00000004   Data   RW         4663    .data               native_window_raw.o
    0x200006d0   COMPRESSED   0x0000004c   Data   RW         4682    .data               window_manager_default.o
    0x2000071c   COMPRESSED   0x00000004   Data   RW         4926    .data               mutex_null.o
    0x20000720   COMPRESSED   0x00000004   Data   RW         4943    .data               sys_tick.o
    0x20000724        -       0x000000c8   Zero   RW          217    .bss                usart.o
    0x200007ec        -       0x0000000a   Zero   RW          512    .bss                rtc.o
    0x200007f6   COMPRESSED   0x00000002   PAD
    0x200007f8        -       0x0000000c   Zero   RW          536    .bss                touch.o
    0x20000804        -       0x00001000   Zero   RW          591    .bss                flash.o
    0x20001804        -       0x00000014   Zero   RW         1403    .bss                mem.o
    0x20001818        -       0x00000014   Zero   RW         2053    .bss                image_loader.o
    0x2000182c        -       0x0000005c   Zero   RW         2098    .bss                main_loop_simple.o
    0x20001888        -       0x00000024   Zero   RW         3351    .bss                ui_builder_default.o
    0x200018ac        -       0x00004100   Zero   RW         4720    .bss                lcd_stm32_raw.o
    0x200059ac        -       0x00002000   Zero   RW         4912    .bss                platform.o
    0x200079ac        -       0x00000060   Zero   RW         5529    .bss                c_w.l(libspace.o)
    0x20007a0c   COMPRESSED   0x00000004   PAD
    0x20007a10        -       0x00000200   Zero   RW          251    HEAP                startup_stm32f10x_hd.o
    0x20007c10        -       0x00000400   Zero   RW          250    STACK               startup_stm32f10x_hd.o


==============================================================================

Image component sizes


      Code (inc. data)   RO Data    RW Data    ZI Data      Debug   Object Name

        64          6        124          0          0       1434   app_bar.o
       412        132     161820          0          0      10999   assets-mini.o
       864         44         22          4          0       7795   assets_manager.o
      1108         22          0          0          0      48999   awtk_global.o
      2168         42         92          0          0      29225   bitmap.o
      1068         10         24          0          0      12099   buffer.o
       256         12          0          1          0        822   button.o
      1060         64        131          8          0      56083   button_1.o
        84          6        116          0          0       1704   button_group.o
       808         24        132          0          0       5371   calibration_win.o
      8824         36          0          0          0      58302   canvas.o
       956         56        269          8          0       5461   check_button.o
       344          0          0          0          0       4698   children_layouter.o
        36         14          0          0          0       1850   children_layouter_builtins.o
      2896        202         61          0          0       6667   children_layouter_default.o
       264         22         68          4          0       3718   children_layouter_factory.o
       324         12          0          0          0       4365   children_layouter_parser.o
       260          8          0          4          0       3744   clip_board.o
       160         14         42          0          0       3460   clip_board_default.o
       376         68         13          0          0       3064   color.o
       676        100       2657       1120          0       3805   color_parser.o
       740         58        153         12          0       4473   color_tile.o
        64          6        123          0          0       1396   column.o
      2380        178        178         60          0      16782   combo_box.o
       852         60        131          0          0       4952   combo_box_item.o
         0          0          0          0          0         32   core_cm3.o
       900         20         40          0          0       6743   darray.o
      1440        258          0          0          0       3639   demo1_app.o
        38          0          0          0          0        576   demo_main.o
       768         62        216         28          0      54342   dialog.o
       124         20        130          0          0       1822   dialog_client.o
      1500        384          0          0          0       5270   dialog_helper.o
       344          6         26          0          0       2794   dialog_highlighter.o
       344         26         70          4          0       4639   dialog_highlighter_factory.o
       108         12        129          0          0       1864   dialog_title.o
      1028         72        154         20          0       5024   dragger.o
      2404        128         96          0          0       6229   easing.o
      6524        326        249         60          0      23234   edit.o
       924          8         26          0          0       8824   emitter.o
       416         34       3678          0          0      10031   enums.o
       144          4         13          0          0       2042   event.o
       316          4         19          0          0       5444   event_queue.o
       580          0          0          0          0      31545   events.o
      5560        120        647          0          0      23402   expr_eval.o
       924         12          0          0       4096       3217   flash.o
       204          6         13          0          0       3018   font.o
        44          0          0          0          0       1491   font_loader.o
       420         30         19          8          0       9461   font_loader_bitmap.o
       448         16         20          4          0      28302   font_manager.o
       908         14         10          0          0       9879   fs.o
         4          0          0          0          0        432   fs_os.o
       320         18          0          0          0       3395   func_call_parser.o
        64          6        120          0          0       1376   grid.o
        64          6        116          0          0       1430   grid_item.o
        84          6        126          0          0       1670   group_box.o
      1072         12       2376          0          0       5495   gui.o
      1636         98         19          0          0       7411   hscrollable.o
       154          0          0          0          0       2241   idle.o
       128          6         54          0          0       2233   idle_info.o
       448         18         20          4          0       5815   idle_manager.o
       572         16        201         40          0       4666   image.o
      1636        128        116          0          0       6672   image_base.o
       184          6          0          0         20       8454   image_loader.o
      1036         54         39          4          0      23803   image_manager.o
       976          6         38          0          0       3750   input_device_status.o
       130          0          0          0          0       1018   input_engine.o
         0          0          0          0          0        612   input_engine_null.o
       676         10          0          4          0       5890   input_method.o
       104         12         25          0          0       1627   input_method_creator.o
      1140         46        122          0          0       8061   label.o
       588         58          0          0          0       5124   layout.o
      1210          0          0          0          0      23461   lcd.o
       696         18          0          0          0       2064   lcd_driver.o
         2          0          0          0          0      10649   lcd_profile.o
      2316         50          0          0      16640      24965   lcd_stm32_raw.o
       164         10          0          1          0        707   led.o
        76          6         34          4          0       1448   line_break.o
       624         24         19          4          0       5250   locale_info.o
        68          0          0          0          0     205183   main.o
       264          4          0          4          0       4935   main_loop.o
       712         18          0          0         92       5037   main_loop_simple.o
       224         16          0          0          0      45993   main_loop_stm32_raw.o
       912         12          0          8         20       6555   mem.o
       220         22          0          0          0       1761   misc.o
        28          6          0          4          0       1865   mutex_null.o
       248          6         19          0          0       3175   named_value.o
       726          0          0          0          0       5635   native_window.o
       284         28         94          4          0       3875   native_window_raw.o
      1740         12         14          0          0      11472   object.o
      1104         14        103          0          0      13374   object_default.o
        64          6        124         16          0       1502   overlay.o
       604         20        122          8          0       4400   pages.o
       836          6          0          0          0       4906   path.o
       100         12          0          0       8192       1148   platform.o
       568         54        170         36          0       3788   popup.o
      1004         72        154         16          0       4972   progress_bar.o
      1100          4         12          0          0       5092   rect.o
        64          6        116          0          0       1362   row.o
      1120         66         24         10         10       4263   rtc.o
       316          0          0          0          0       4783   self_layouter.o
        56         24          0          0          0       1438   self_layouter_builtins.o
      1712        198         53          0          0       5376   self_layouter_default.o
       264         22         60          4          0       3630   self_layouter_factory.o
      1364         10         55          0          0       6737   self_layouter_menu.o
       160          8          0          0          0       3371   self_layouter_parser.o
      3080        134        140         24          0      10467   slider.o
       588         16         31          0          0       5550   slist.o
       476         16          0          0          0       1800   spi.o
       348         68        125          0          0       2225   spin_box.o
        64         26        304          0       1536        784   startup_stm32f10x_hd.o
       196          8          0          0          0       3460   stm32f10x_bkp.o
      1548         18          0          0          0       5343   stm32f10x_fsmc.o
       860         38          0          0          0       5697   stm32f10x_gpio.o
        24          0          0          0          0      63814   stm32f10x_it.o
       204         14          0          0          0       1935   stm32f10x_pwr.o
       932         36          0         20          0       8860   stm32f10x_rcc.o
       328          4          0          0          0       2706   stm32f10x_rtc.o
       780         14          0          0          0       6578   stm32f10x_spi.o
      3610         88          0          0          0      22804   stm32f10x_tim.o
      1032         22          0          0          0       8420   stm32f10x_usart.o
      2452         68         23          0          0      13310   str.o
       288          0          0          0          0       5068   style.o
       480         80         51          0          0       4440   style_const.o
        52          6          0          4          0       1993   style_factory.o
      1500         54         95          0          0      12580   style_mutable.o
        76          6          0          4          0       1665   sys_tick.o
       384         40        127          8          0       3216   system_bar.o
      1318        196         56          4          0      26883   system_info.o
       480         38          0         20          0       1683   system_stm32f10x.o
      1300         96        127          8          0       6792   tab_button.o
      1552         82        133          0          0       9517   tab_button_group.o
        84          6        128          0          0       1694   tab_control.o
      8864        190         29          0          0      76377   text_edit.o
       548         18         13          4          0       4229   theme.o
       572         24          0          4          0       1905   tim.o
        24          0          0          0          0        597   time_now.o
       286          0          0          0          0       3378   timer.o
       140          4         55          0          0       3849   timer_info.o
       652         18         21          4          0       6099   timer_manager.o
       616          4          0          0          0       4271   tokenizer.o
      1088         38          0          8         12       4206   touch.o
         0          0          0          0          0        956   ui_binary_writer.o
       162          0          0          0          0       2892   ui_builder.o
       280         26          0          0         36       2697   ui_builder_default.o
       122          0          0          0          0       1915   ui_loader.o
       284         10          4          0          0       2731   ui_loader_default.o
       296         16          0          6        200       3122   usart.o
       772          4        260          0          0       5417   utf8.o
      2120         60         34          0          0      18423   utils.o
      2172         60         13          0          0      11666   value.o
       504          8          0          0          0       2601   velocity.o
      2916          0          0          0          0      34056   vgcanvas.o
        64          6        121          0          0       1376   view.o
     17644       1104        144         64          0     105456   widget.o
      1080          8          0          0          0      36858   widget_animator.o
         6          0          0          0          0        961   widget_animator_factory_null.o
       960         14         31          4          0       8493   widget_animator_manager.o
       432         26       1234          4          0      42666   widget_factory.o
       744         26         50          4          0       5296   widget_pool.o
       872         60        123          0          0      36323   widget_vtable.o
       272         16        135         32          0       3022   window.o
       288         20         64          4          0       4379   window_animator_factory.o
      1940        226        116          0          0       6129   window_base.o
      2040         34          0          4          0      48930   window_manager.o
      4048        152        153         76          0      22816   window_manager_default.o
       220         10          0          0          0       2732   window_open.o
      1948         26         20          0          0      14403   wstr.o

    ----------------------------------------------------------------------
    164458       7400     180366       1828      30856    1859990   Object Totals
         0          0         32          0          0          0   (incl. Generated)
        26          0        118          2          2          0   (incl. Padding)

    ----------------------------------------------------------------------

      Code (inc. data)   RO Data    RW Data    ZI Data      Debug   Library Member Name

        24          4          0          0          0         84   __2printf.o
       100          0          0          0          0          0   __dclz77c.o
         8          0          0          0          0         68   __main.o
       392          4         17          0          0         92   __printf_flags_ss_wp.o
        14          0          0          0          0         68   __printf_wp.o
         0          0          0          0          0          0   __rtentry.o
        12          0          0          0          0          0   __rtentry2.o
         6          0          0          0          0          0   __rtentry4.o
        52          8          0          0          0          0   __scatter.o
        28          0          0          0          0          0   __scatter_zi.o
        28          0          0          0          0         68   _chval.o
        12          0          0          0          0         76   _iswspace.o
        60          0          0          0          0         92   _mbrtowc.o
         6          0          0          0          0          0   _printf_a.o
         6          0          0          0          0          0   _printf_c.o
        44          0          0          0          0        108   _printf_char.o
        48          6          0          0          0         96   _printf_char_common.o
        36          4          0          0          0         80   _printf_char_file.o
        40          0          0          0          0         68   _printf_charcount.o
         6          0          0          0          0          0   _printf_d.o
       120         16          0          0          0         92   _printf_dec.o
         6          0          0          0          0          0   _printf_e.o
         6          0          0          0          0          0   _printf_f.o
      1054          0          0          0          0        216   _printf_fp_dec.o
       764          8         38          0          0        100   _printf_fp_hex.o
       128         16          0          0          0         84   _printf_fp_infnan.o
         6          0          0          0          0          0   _printf_g.o
       148          4         40          0          0        160   _printf_hex_int_ll_ptr.o
         6          0          0          0          0          0   _printf_i.o
       178          0          0          0          0         88   _printf_intcommon.o
        10          0          0          0          0          0   _printf_l.o
         6          0          0          0          0          0   _printf_lc.o
        10          0          0          0          0          0   _printf_ll.o
         6          0          0          0          0          0   _printf_lld.o
         6          0          0          0          0          0   _printf_lli.o
         6          0          0          0          0          0   _printf_llo.o
         6          0          0          0          0          0   _printf_llu.o
         6          0          0          0          0          0   _printf_llx.o
       124         16          0          0          0         92   _printf_longlong_dec.o
         6          0          0          0          0          0   _printf_ls.o
         6          0          0          0          0          0   _printf_n.o
         6          0          0          0          0          0   _printf_o.o
       112         10          0          0          0        124   _printf_oct_int_ll.o
         6          0          0          0          0          0   _printf_p.o
        78          0          0          0          0        108   _printf_pad.o
         0          0          0          0          0          0   _printf_percent.o
         4          0          0          0          0          0   _printf_percent_end.o
         6          0          0          0          0          0   _printf_s.o
        82          0          0          0          0         80   _printf_str.o
        36          0          0          0          0         84   _printf_truncate.o
         6          0          0          0          0          0   _printf_u.o
        44          0          0          0          0        108   _printf_wchar.o
       188          6          8          0          0         92   _printf_wctomb.o
         6          0          0          0          0          0   _printf_x.o
        22          0          0          0          0        100   _rserrno.o
       884          6          0          0          0        100   _scanf.o
       332          0          0          0          0         96   _scanf_int.o
       342          0          0          0          0        100   _scanf_longlong.o
       276          0          0          0          0        100   _scanf_mbtowc.o
       224          0          0          0          0         96   _scanf_str.o
        30          0          0          0          0         76   _scanf_wcharmap.o
       232          0          0          0          0        100   _scanf_wctomb.o
       208          0          0          0          0         96   _scanf_wstr.o
        64          0          0          0          0         84   _sgetc.o
        16          0          0          0          0         68   _snputc.o
        10          0          0          0          0         68   _sputc.o
       158          0          0          0          0         92   _strtoul.o
        64          0          0          0          0         92   _wcrtomb.o
       228          4        148          0          0         96   bigflt0.o
        80          0          0          0          0         88   bsearchnoex.o
      2152        136          0          0          0        960   btod.o
        18          0          0          0          0         80   exit.o
         8          0          0          0          0         68   ferror.o
         6          0          0          0          0        152   heapauxi.o
        18          0          0          0          0         76   isspace.o
         4          0          0          0          0         68   iswspace.o
        44         10        272          0          0         76   lc_ctype_c.o
        44         10         28          0          0         76   lc_numeric_c.o
         2          0          0          0          0          0   libinit.o
        30          0          0          0          0          0   libinit2.o
         2          0          0          0          0          0   libshutdown.o
         2          0          0          0          0          0   libshutdown2.o
         8          4          0          0         96         68   libspace.o
        38          0          0          0          0         68   llshl.o
       138          0          0          0          0         80   lludiv10.o
        88          0          0          0          0         76   memcmp.o
        16          4          0          0          0         76   rt_ctype_table.o
         8          4          0          0          0         68   rt_errno_addr_intlibspace.o
         8          4          0          0          0         68   rt_locale_intlibspace.o
        68          0          0          0          0         68   rt_memclr.o
        78          0          0          0          0         80   rt_memclr_w.o
       138          0          0          0          0         68   rt_memcpy_v6.o
       100          0          0          0          0         80   rt_memcpy_w.o
       132          0          0          0          0         68   rt_memmove_v6.o
       122          0          0          0          0         80   rt_memmove_w.o
         2          0          0          0          0          0   rtexit.o
        10          0          0          0          0          0   rtexit2.o
        44          8          0          0          0         84   scanf_char.o
      1272         16          0          0          0        168   scanf_fp.o
       800         14          0          0          0        100   scanf_hexfp.o
       308         16          0          0          0        100   scanf_infnan.o
        20          0          0          0          0         68   strchr.o
       128          0          0          0          0         68   strcmpv7m.o
        72          0          0          0          0         80   strcpy.o
        62          0          0          0          0         76   strlen.o
       150          0          0          0          0         80   strncmp.o
        86          0          0          0          0         76   strncpy.o
        22          0          0          0          0         68   strrchr.o
        36          0          0          0          0         80   strstr.o
       164         14          0          0          0        120   strtod.o
       112          0          0          0          0         88   strtol.o
       114          0          0          0          0         92   strtoul.o
        74          0          0          0          0         80   sys_stackheap_outer.o
        26          0          0          0          0         76   tolower.o
        30          0          0          0          0         76   toupper.o
         2          0          0          0          0         68   use_no_semi.o
         2          0          0          0          0         68   use_no_semi_2.o
        52          4          0          0          0         80   vsnprintf.o
        52          8          0          0          0         80   vsscanf.o
       100          0          0          0          0         76   wclass_c.o
        22          0          0          0          0         68   wcschr.o
        24          0          0          0          0         68   wcscmp.o
        18          0          0          0          0         68   wcscpy.o
        18          0          0          0          0         68   wcslen.o
        98          4          0          0          0         92   d2f.o
       826         16          0          0          0        348   daddsub_clz.o
        16          4          0          0          0         68   dcheck1.o
        24          0          0          0          0         68   dcmpi.o
       688        140          0          0          0        208   ddiv.o
       120          4          0          0          0         92   deqf.o
        94          4          0          0          0         92   dfix.o
       194          4          0          0          0        116   dfixll.o
        90          4          0          0          0         92   dfixu.o
        84          0          0          0          0        136   dflt_clz.o
       162          0          0          0          0         84   dfltll_clz.o
       120          4          0          0          0         92   dleqf.o
       340         12          0          0          0        104   dmul.o
       156          4          0          0          0         92   dnaninf.o
        12          0          0          0          0         68   dretinf.o
       108          0          0          0          0         80   drleqf.o
       460         56          0          0          0        120   dsqrt_noumaal.o
        86          4          0          0          0         84   f2d.o
       450          8          0          0          0        236   faddsub_clz.o
        24          0          0          0          0         68   fcmpi.o
       388         76          0          0          0         96   fdiv.o
       104          4          0          0          0         84   feqf.o
        54          4          0          0          0         84   ffix.o
        62          4          0          0          0         84   ffixu.o
        86          0          0          0          0        136   fflt_clz.o
        96          0          0          0          0         84   ffltll_clz.o
       104          4          0          0          0         84   fleqf.o
       258          4          0          0          0         84   fmul.o
       140          4          0          0          0         84   fnaninf.o
         0          0         16          0          0          0   fpconst.o
        10          0          0          0          0         68   fretinf.o
        98          0          0          0          0         68   frleqf.o
         6          0          0          0          0         68   istatus.o
         4          0          0          0          0         68   printf1.o
         4          0          0          0          0         68   printf2.o
       100          0          0          0          0         68   retnan.o
        92          0          0          0          0         68   scalbn.o
         4          0          0          0          0         68   scanf1.o
         8          0          0          0          0         84   scanf2.o
        48          0          0          0          0         68   trapv.o
         0          0          0          0          0          0   usenofp.o
       636         62         80          0          0        188   acos.o
       624         52         80          0          0        168   asin.o
       544         70        152          0          0        124   atan.o
        42          0          0          0          0         84   atof.o
       220         16          0          0          0         84   ceil.o
       156          8          0          0          0        104   cos.o
       252         22         48          0          0        124   cos_i.o
        68         10          0          0          0        408   dunder.o
       644         90         88          0          0        204   exp.o
       220         16          0          0          0         84   floor.o
        40          0          0          0          0         68   fpclassify.o
        88          8          0          0          0         76   frexp.o
       138          0          0          0          0        160   ldexp.o
       860         52         56          0          0        256   log.o
       228         30          0          0          0        120   log10.o
       204          4          0          0          0        168   narrow.o
       170          0          0          0          0         96   poly.o
      2520        190        136          0          0        324   pow.o
         0          0          8          0          0          0   qnan.o
       904         76        200          0          0        140   rred.o
       160         10          0          0          0        108   sin.o
       236         12         40          0          0        128   sin_i.o
        76          0          0          0          0         84   sqrt.o
       100         10          0          0          0         96   tan.o
       636         50         96          0          0        168   tan_i.o

    ----------------------------------------------------------------------
     29988       1522       1556          0        100      15928   Library Totals
        36          2          5          0          4          0   (incl. Padding)

    ----------------------------------------------------------------------

      Code (inc. data)   RO Data    RW Data    ZI Data      Debug   Library Name

     14368        364        551          0         96       8508   c_w.l
      5818        368         16          0          0       3856   fz_ws.l
      9766        788        984          0          0       3564   m_ws.l

    ----------------------------------------------------------------------
     29988       1522       1556          0        100      15928   Library Totals

    ----------------------------------------------------------------------

==============================================================================


      Code (inc. data)   RO Data    RW Data    ZI Data      Debug   

    194446       8922     181922       1828      30956    1851994   Grand Totals
    194446       8922     181922       1152      30956    1851994   ELF Image Totals (compressed)
    194446       8922     181922       1152          0          0   ROM Totals

==============================================================================

    Total RO  Size (Code + RO Data)               376368 ( 367.55kB)
    Total RW  Size (RW Data + ZI Data)             32784 (  32.02kB)
    Total ROM Size (Code + RO Data + RW Data)     377520 ( 368.67kB)

==============================================================================

