Component: ARM Compiler 5.06 update 5 (build 528) Tool: armlink [4d35e2]

==============================================================================

Section Cross References

    system_stm32f10x.o(.text) refers to system_stm32f10x.o(.data) for .data
    main.o(.text) refers to misc.o(.text) for NVIC_PriorityGroupConfig
    main.o(.text) refers to platform.o(.text) for systick_init
    main.o(.text) refers to led.o(.text) for led_init
    main.o(.text) refers to button.o(.text) for button_init
    main.o(.text) refers to lcd_driver.o(.text) for TFT_Init
    main.o(.text) refers to flash.o(.text) for FLASH_Init
    main.o(.text) refers to touch.o(.text) for TOUCH_Init
    main.o(.text) refers to tim.o(.text) for TIM3_Init
    main.o(.text) refers to rtc.o(.text) for rtc_init
    main.o(.text) refers to demo_main.o(.text) for gui_app_start
    sys.o(.text) refers to misc.o(.text) for NVIC_PriorityGroupConfig
    usart.o(.text) refers (Special) to use_no_semi_2.o(.text) for __use_no_semihosting
    usart.o(.text) refers to stm32f10x_rcc.o(.text) for RCC_APB2PeriphClockCmd
    usart.o(.text) refers to stm32f10x_gpio.o(.text) for GPIO_Init
    usart.o(.text) refers to misc.o(.text) for NVIC_Init
    usart.o(.text) refers to stm32f10x_usart.o(.text) for USART_Init
    usart.o(.text) refers to usart.o(.data) for .data
    usart.o(.text) refers to usart.o(.bss) for .bss
    usart.o(.bss) refers (Special) to use_no_semi_2.o(.text) for __use_no_semihosting
    usart.o(.data) refers (Special) to use_no_semi_2.o(.text) for __use_no_semihosting
    usart.o(.data) refers (Special) to use_no_semi_2.o(.text) for __use_no_semihosting
    startup_stm32f10x_hd.o(STACK) refers (Special) to heapauxi.o(.text) for __use_two_region_memory
    startup_stm32f10x_hd.o(HEAP) refers (Special) to heapauxi.o(.text) for __use_two_region_memory
    startup_stm32f10x_hd.o(RESET) refers (Special) to heapauxi.o(.text) for __use_two_region_memory
    startup_stm32f10x_hd.o(RESET) refers to startup_stm32f10x_hd.o(STACK) for __initial_sp
    startup_stm32f10x_hd.o(RESET) refers to startup_stm32f10x_hd.o(.text) for Reset_Handler
    startup_stm32f10x_hd.o(RESET) refers to stm32f10x_it.o(.text) for NMI_Handler
    startup_stm32f10x_hd.o(RESET) refers to sys_tick.o(.text) for SysTick_Handler
    startup_stm32f10x_hd.o(RESET) refers to rtc.o(.text) for RTC_IRQHandler
    startup_stm32f10x_hd.o(RESET) refers to main_loop_stm32_raw.o(.text) for TIM3_IRQHandler
    startup_stm32f10x_hd.o(RESET) refers to usart.o(.text) for USART1_IRQHandler
    startup_stm32f10x_hd.o(RESET) refers to tim.o(.text) for TIM5_IRQHandler
    startup_stm32f10x_hd.o(.text) refers (Special) to heapauxi.o(.text) for __use_two_region_memory
    startup_stm32f10x_hd.o(.text) refers to system_stm32f10x.o(.text) for SystemInit
    startup_stm32f10x_hd.o(.text) refers to __main.o(!!!main) for __main
    startup_stm32f10x_hd.o(.text) refers to startup_stm32f10x_hd.o(HEAP) for Heap_Mem
    startup_stm32f10x_hd.o(.text) refers to startup_stm32f10x_hd.o(STACK) for Stack_Mem
    stm32f10x_gpio.o(.text) refers to stm32f10x_rcc.o(.text) for RCC_APB2PeriphResetCmd
    stm32f10x_rcc.o(.text) refers to stm32f10x_rcc.o(.data) for .data
    stm32f10x_usart.o(.text) refers to stm32f10x_rcc.o(.text) for RCC_APB2PeriphResetCmd
    stm32f10x_wwdg.o(.text) refers to stm32f10x_rcc.o(.text) for RCC_APB1PeriphResetCmd
    stm32f10x_tim.o(.text) refers to stm32f10x_rcc.o(.text) for RCC_APB2PeriphResetCmd
    stm32f10x_bkp.o(.text) refers to stm32f10x_rcc.o(.text) for RCC_BackupResetCmd
    stm32f10x_pwr.o(.text) refers to stm32f10x_rcc.o(.text) for RCC_APB1PeriphResetCmd
    stm32f10x_spi.o(.text) refers to stm32f10x_rcc.o(.text) for RCC_APB2PeriphResetCmd
    led.o(.text) refers to stm32f10x_rcc.o(.text) for RCC_APB2PeriphClockCmd
    led.o(.text) refers to stm32f10x_gpio.o(.text) for GPIO_Init
    led.o(.text) refers to sys_tick.o(.text) for delay_ms
    led.o(.text) refers to led.o(.data) for .data
    lcd_driver.o(.text) refers to stm32f10x_rcc.o(.text) for RCC_APB2PeriphClockCmd
    lcd_driver.o(.text) refers to stm32f10x_gpio.o(.text) for GPIO_Init
    lcd_driver.o(.text) refers to stm32f10x_fsmc.o(.text) for FSMC_NORSRAMInit
    button.o(.text) refers to stm32f10x_rcc.o(.text) for RCC_APB2PeriphClockCmd
    button.o(.text) refers to stm32f10x_gpio.o(.text) for GPIO_Init
    button.o(.text) refers to sys_tick.o(.text) for delay_ms
    button.o(.text) refers to button.o(.data) for .data
    tim.o(.text) refers to stm32f10x_rcc.o(.text) for RCC_APB1PeriphClockCmd
    tim.o(.text) refers to stm32f10x_gpio.o(.text) for GPIO_Init
    tim.o(.text) refers to stm32f10x_tim.o(.text) for TIM_TimeBaseInit
    tim.o(.text) refers to misc.o(.text) for NVIC_Init
    tim.o(.text) refers to tim.o(.data) for .data
    rtc.o(.text) refers to _printf_percent.o(.ARM.Collect$$_printf_percent$$00000000) for _printf_percent
[...]
    0x08001bda   0x08001bda   0x00000002   PAD
    0x08001bdc   0x08001bdc   0x000004b6   Code   RO          356    .text               stm32f10x_fsmc.o
    0x08002092   0x08002092   0x00000002   PAD
    0x08002094   0x08002094   0x0000009c   Code   RO          368    .text               stm32f10x_bkp.o
    0x08002130   0x08002130   0x00000114   Code   RO          380    .text               stm32f10x_rtc.o
    0x08002244   0x08002244   0x000000ac   Code   RO          392    .text               stm32f10x_pwr.o
    0x080022f0   0x080022f0   0x000002b4   Code   RO          416    .text               stm32f10x_spi.o
    0x080025a4   0x080025a4   0x00000090   Code   RO          452    .text               led.o
    0x08002634   0x08002634   0x000002b0   Code   RO          465    .text               lcd_driver.o
    0x080028e4   0x080028e4   0x00000108   Code   RO          480    .text               button.o
    0x080029ec   0x080029ec   0x000001d8   Code   RO          493    .text               tim.o
    0x08002bc4   0x08002bc4   0x00000410   Code   RO          512    .text               rtc.o
    0x08002fd4   0x08002fd4   0x00000380   Code   RO          537    .text               touch.o
    0x08003354   0x08003354   0x000001c8   Code   RO          559    .text               spi.o
    0x0800351c   0x0800351c   0x0000038c   Code   RO          571    .text               gui.o
    0x080038a8   0x080038a8   0x00000388   Code   RO          592    .text               flash.o
    0x08003c30   0x08003c30   0x00000714   Code   RO          606    .text               bitmap.o
    0x08004344   0x08004344   0x000003e4   Code   RO          677    .text               buffer.o
    0x08004728   0x08004728   0x000003a0   Code   RO          699    .text               button_1.o
    0x08004ac8   0x08004ac8   0x00001df8   Code   RO          851    .text               canvas.o
    0x080068c0   0x080068c0   0x00000330   Code   RO          929    .text               check_button.o
    0x08006bf0   0x08006bf0   0x00000158   Code   RO          949    .text               color.o
    0x08006d48   0x08006d48   0x00000284   Code   RO          962    .text               dialog.o
    0x08006fcc   0x08006fcc   0x00000330   Code   RO         1111    .text               emitter.o
    0x080072fc   0x080072fc   0x00000130   Code   RO         1130    .text               enums.o
    0x0800742c   0x0800742c   0x00000088   Code   RO         1160    .text               font.o
    0x080074b4   0x080074b4   0x00000188   Code   RO         1176    .text               font_manager.o
    0x0800763c   0x0800763c   0x00000038   Code   RO         1242    .text               group_box.o
    0x08007674   0x08007674   0x00000200   Code   RO         1260    .text               image.o
    0x08007874   0x08007874   0x000003c4   Code   RO         1283    .text               image_manager.o
    0x08007c38   0x08007c38   0x000003b8   Code   RO         1334    .text               label.o
    0x08007ff0   0x08007ff0   0x0000033c   Code   RO         1361    .text               lcd.o
    0x0800832c   0x0800832c   0x000000c4   Code   RO         1388    .text               main_loop.o
    0x080083f0   0x080083f0   0x000002a4   Code   RO         1411    .text               mem.o
    0x08008694   0x08008694   0x00000384   Code   RO         1426    .text               progress_bar.o
    0x08008a18   0x08008a18   0x000002f8   Code   RO         1446    .text               rect.o
    0x08008d10   0x08008d10   0x000001e4   Code   RO         1462    .text               theme.o
    0x08008ef4   0x08008ef4   0x00000250   Code   RO         1480    .text               utf8.o
    0x08009144   0x08009144   0x000007fc   Code   RO         1496    .text               value.o
    0x08009940   0x08009940   0x00003c28   Code   RO         1509    .text               widget.o
    0x0800d568   0x0800d568   0x000002fc   Code   RO         1615    .text               widget_vtable.o
    0x0800d864   0x0800d864   0x000000f4   Code   RO         1684    .text               window.o
    0x0800d958   0x0800d958   0x000005c4   Code   RO         1704    .text               window_manager.o
    0x0800df1c   0x0800df1c   0x000006ac   Code   RO         1787    .text               wstr.o
    0x0800e5c8   0x0800e5c8   0x000006c4   Code   RO         1809    .text               utils.o
    0x0800ec8c   0x0800ec8c   0x00000208   Code   RO         1843    .text               events.o
    0x0800ee94   0x0800ee94   0x000000fc   Code   RO         1909    .text               timer.o
    0x0800ef90   0x0800ef90   0x000001f4   Code   RO         1921    .text               layout.o
    0x0800f184   0x0800f184   0x00000110   Code   RO         1939    .text               event_queue.o
    0x0800f294   0x0800f294   0x00000a64   Code   RO         1973    .text               slider.o
    0x0800fcf8   0x0800fcf8   0x0000008a   Code   RO         1996    .text               idle.o
    0x0800fd82   0x0800fd82   0x00000002   PAD
    0x0800fd84   0x0800fd84   0x00000484   Code   RO         2008    .text               system_info.o
    0x08010208   0x08010208   0x00000098   Code   RO         2054    .text               image_loader.o
    0x080102a0   0x080102a0   0x0000089c   Code   RO         2083    .text               str.o
    0x08010b3c   0x08010b3c   0x000002b0   Code   RO         2099    .text               main_loop_simple.o
    0x08010dec   0x08010dec   0x000001f8   Code   RO         2118    .text               pages.o
    0x08010fe4   0x08010fe4   0x000015bc   Code   RO         2138    .text               edit.o
    0x080125a0   0x080125a0   0x00000030   Code   RO         2165    .text               view.o
    0x080125d0   0x080125d0   0x000001ac   Code   RO         2183    .text               velocity.o
    0x0801277c   0x0801277c   0x00000138   Code   RO         2198    .text               widget_factory.o
    0x080128b4   0x080128b4   0x00000210   Code   RO         2216    .text               tokenizer.o
    0x08012ac4   0x08012ac4   0x0000023c   Code   RO         2228    .text               input_method.o
    0x08012d00   0x08012d00   0x00000074   Code   RO         2258    .text               input_engine.o
    0x08012d74   0x08012d74   0x0000012c   Code   RO         2270    .text               spin_box.o
    0x08012ea0   0x08012ea0   0x0000034c   Code   RO         2289    .text               dragger.o
    0x080131ec   0x080131ec   0x00000064   Code   RO         2309    .text               dialog_client.o
    0x08013250   0x08013250   0x00000054   Code   RO         2327    .text               dialog_title.o
    0x080132a4   0x080132a4   0x00000388   Code   RO         2345    .text               awtk_global.o
    0x0801362c   0x0801362c   0x0000005c   Code   RO         2690    .text               input_method_creator.o
    0x08013688   0x08013688   0x00000038   Code   RO         2706    .text               button_group.o
    0x080136c0   0x080136c0   0x00000284   Code   RO         2724    .text               color_parser.o
    0x08013944   0x08013944   0x00000850   Code   RO         2742    .text               combo_box.o
    0x08014194   0x08014194   0x000002e4   Code   RO         2784    .text               combo_box_item.o
    0x08014478   0x08014478   0x00000280   Code   RO         2816    .text               fs.o
    0x080146f8   0x080146f8   0x00000048   Code   RO         2848    .text               line_break.o
    0x08014740   0x08014740   0x000001e8   Code   RO         2875    .text               popup.o
    0x08014928   0x08014928   0x00000450   Code   RO         2924    .text               tab_button.o
    0x08014d78   0x08014d78   0x00000550   Code   RO         2944    .text               tab_button_group.o
    0x080152c8   0x080152c8   0x00000038   Code   RO         2965    .text               tab_control.o
    0x08015300   0x08015300   0x00000066   Code   RO         2983    .text               ui_builder.o
    0x08015366   0x08015366   0x00000002   PAD
    0x08015368   0x08015368   0x00000846   Code   RO         2998    .text               vgcanvas.o
    0x08015bae   0x08015bae   0x00000002   PAD
    0x08015bb0   0x08015bb0   0x000000f0   Code   RO         3118    .text               ui_builder_default.o
    0x08015ca0   0x08015ca0   0x00000060   Code   RO         3135    .text               ui_loader.o
    0x08015d00   0x08015d00   0x00000108   Code   RO         3150    .text               ui_loader_default.o
    0x08015e08   0x08015e08   0x000000ac   Code   RO         3220    .text               window_open.o
    0x08015eb4   0x08015eb4   0x0000028c   Code   RO         3263    .text               color_tile.o
    0x08016140   0x08016140   0x00000308   Code   RO         3283    .text               assets_manager.o
    0x08016448   0x08016448   0x00000214   Code   RO         3298    .text               locale_info.o
    0x0801665c   0x0801665c   0x000002e4   Code   RO         3313    .text               path.o
    0x08016940   0x08016940   0x00000030   Code   RO         3325    .text               app_bar.o
    0x08016970   0x08016970   0x00000030   Code   RO         3343    .text               column.o
    0x080169a0   0x080169a0   0x00000030   Code   RO         3361    .text               grid.o
    0x080169d0   0x080169d0   0x00000030   Code   RO         3379    .text               row.o
    0x08016a00   0x08016a00   0x000002c4   Code   RO         3397    .text               calibration_win.o
    0x08016cc4   0x08016cc4   0x00000138   Code   RO         3415    .text               font_loader_bitmap.o
    0x08016dfc   0x08016dfc   0x0000001a   Code   RO         3444    .text               font_loader.o
    0x08016e16   0x08016e16   0x00000002   PAD
    0x08016e18   0x08016e18   0x00000670   Code   RO         3459    .text               window_base.o
    0x08017488   0x08017488   0x0000003c   Code   RO         3479    .text               time_now.o
    0x080174c4   0x080174c4   0x000002bc   Code   RO         3492    .text               style.o
    0x08017780   0x08017780   0x00000180   Code   RO         3507    .text               style_const.o
    0x08017900   0x08017900   0x00000024   Code   RO         3524    .text               style_factory.o
    0x08017924   0x08017924   0x0000007c   Code   RO         3562    .text               clip_board_default.o
    0x080179a0   0x080179a0   0x000000c4   Code   RO         3579    .text               clip_board.o
    0x08017a64   0x08017a64   0x000005a4   Code   RO         3596    .text               image_base.o
    0x08018008   0x08018008   0x00000030   Code   RO         3610    .text               grid_item.o
    0x08018038   0x08018038   0x00000358   Code   RO         3628    .text               input_device_status.o
    0x08018390   0x08018390   0x00000148   Code   RO         3642    .text               system_bar.o
    0x080184d8   0x080184d8   0x00000864   Code   RO         3662    .text               children_layouter_default.o
    0x08018d3c   0x08018d3c   0x000005d4   Code   RO         3683    .text               self_layouter_default.o
    0x08019310   0x08019310   0x000000e8   Code   RO         3701    .text               children_layouter.o
    0x080193f8   0x080193f8   0x000000d4   Code   RO         3716    .text               self_layouter.o
    0x080194cc   0x080194cc   0x0000010c   Code   RO         3752    .text               func_call_parser.o
    0x080195d8   0x080195d8   0x00000078   Code   RO         3773    .text               event.o
    0x08019650   0x08019650   0x000000ec   Code   RO         3786    .text               named_value.o
    0x0801973c   0x0801973c   0x000006fc   Code   RO         3802    .text               object.o
    0x08019e38   0x08019e38   0x00000436   Code   RO         3815    .text               object_default.o
    0x0801a26e   0x0801a26e   0x00000002   PAD
    0x0801a270   0x0801a270   0x00000084   Code   RO         3854    .text               timer_info.o
    0x0801a2f4   0x0801a2f4   0x0000026c   Code   RO         3878    .text               timer_manager.o
    0x0801a560   0x0801a560   0x00000178   Code   RO         3893    .text               idle_manager.o
    0x0801a6d8   0x0801a6d8   0x00000074   Code   RO         3914    .text               idle_info.o
    0x0801a74c   0x0801a74c   0x000001f8   Code   RO         3929    .text               slist.o
    0x0801a944   0x0801a944   0x00000320   Code   RO         3945    .text               darray.o
    0x0801ac64   0x0801ac64   0x00001278   Code   RO         3958    .text               expr_eval.o
    0x0801bedc   0x0801bedc   0x00000002   Code   RO         3972    .text               lcd_profile.o
    0x0801bede   0x0801bede   0x00000002   PAD
    0x0801bee0   0x0801bee0   0x000000fc   Code   RO         3996    .text               window_animator_factory.o
    0x0801bfdc   0x0801bfdc   0x0000014c   Code   RO         4011    .text               dialog_highlighter.o
    0x0801c128   0x0801c128   0x0000012c   Code   RO         4024    .text               dialog_highlighter_factory.o
    0x0801c254   0x0801c254   0x00000020   Code   RO         4042    .text               children_layouter_builtins.o
    0x0801c274   0x0801c274   0x0000011c   Code   RO         4063    .text               children_layouter_parser.o
    0x0801c390   0x0801c390   0x00000038   Code   RO         4084    .text               self_layouter_builtins.o
    0x0801c3c8   0x0801c3c8   0x00000084   Code   RO         4105    .text               self_layouter_parser.o
    0x0801c44c   0x0801c44c   0x000000ec   Code   RO         4126    .text               children_layouter_factory.o
    0x0801c538   0x0801c538   0x000000ec   Code   RO         4141    .text               self_layouter_factory.o
    0x0801c624   0x0801c624   0x00000030   Code   RO         4156    .text               overlay.o
    0x0801c654   0x0801c654   0x00000544   Code   RO         4188    .text               style_mutable.o
    0x0801cb98   0x0801cb98   0x00001df0   Code   RO         4241    .text               text_edit.o
    0x0801e988   0x0801e988   0x00000428   Code   RO         4368    .text               self_layouter_menu.o
    0x0801edb0   0x0801edb0   0x00000570   Code   RO         4386    .text               hscrollable.o
    0x0801f320   0x0801f320   0x0000024a   Code   RO         4399    .text               native_window.o
    0x0801f56a   0x0801f56a   0x00000002   PAD
    0x0801f56c   0x0801f56c   0x000000f4   Code   RO         4411    .text               native_window_raw.o
    0x0801f660   0x0801f660   0x00000e10   Code   RO         4430    .text               window_manager_default.o
    0x08020470   0x08020470   0x00000518   Code   RO         4452    .text               dialog_helper.o
    0x08020988   0x08020988   0x0000034c   Code   RO         4470    .text               widgets.o
    0x08020cd4   0x08020cd4   0x00000034   Code   RO         4545    .text               ui_feedback.o
    0x08020d08   0x08020d08   0x00000750   Code   RO         4562    .text               lcd_stm32_raw.o
    0x08021458   0x08021458   0x000000b8   Code   RO         4600    .text               main_loop_stm32_raw.o
    0x08021510   0x08021510   0x0000005c   Code   RO         4754    .text               platform.o
    0x0802156c   0x0802156c   0x00000014   Code   RO         4768    .text               mutex_null.o
    0x08021580   0x08021580   0x00000040   Code   RO         4785    .text               sys_tick.o
    0x080215c0   0x080215c0   0x00000004   Code   RO         4799    .text               fs_os.o
    0x080215c4   0x080215c4   0x0000001c   Code   RO         4811    .text               demo_main.o
    0x080215e0   0x080215e0   0x00000504   Code   RO         4826    .text               demo1_app.o
    0x08021ae4   0x08021ae4   0x0000019c   Code   RO         4841    .text               assets-mini.o
    0x08021c80   0x08021c80   0x00000002   Code   RO         4891    .text               c_w.l(use_no_semi_2.o)
    0x08021c82   0x08021c82   0x00000002   PAD
    0x08021c84   0x08021c84   0x00000010   Code   RO         4893    .text               c_w.l(rt_ctype_table.o)
    0x08021c94   0x08021c94   0x000000ee   Code   RO         4895    .text               c_w.l(lludivv7m.o)
    0x08021d82   0x08021d82   0x0000001a   Code   RO         4897    .text               c_w.l(tolower.o)
    0x08021d9c   0x08021d9c   0x0000001e   Code   RO         4899    .text               c_w.l(toupper.o)
    0x08021dba   0x08021dba   0x00000004   Code   RO         4901    .text               c_w.l(iswspace.o)
    0x08021dbe   0x08021dbe   0x00000002   PAD
    0x08021dc0   0x08021dc0   0x00000034   Code   RO         4903    .text               c_w.l(vsnprintf.o)
    0x08021df4   0x08021df4   0x00000018   Code   RO         4905    .text               c_w.l(__2printf.o)
    0x08021e0c   0x08021e0c   0x00000078   Code   RO         4911    .text               c_w.l(_printf_dec.o)
    0x08021e84   0x08021e84   0x00000188   Code   RO         4930    .text               c_w.l(__printf_flags_ss_wp.o)
    0x0802200c   0x0802200c   0x00000034   Code   RO         4935    .text               c_w.l(vsscanf.o)
    0x08022040   0x08022040   0x00000070   Code   RO         4937    .text               c_w.l(strtol.o)
    0x080220b0   0x080220b0   0x00000072   Code   RO         4939    .text               c_w.l(strtoul.o)
    0x08022122   0x08022122   0x00000050   Code   RO         4941    .text               c_w.l(bsearchnoex.o)
    0x08022172   0x08022172   0x00000014   Code   RO         4943    .text               c_w.l(strchr.o)
    0x08022186   0x08022186   0x00000024   Code   RO         4945    .text               c_w.l(strstr.o)
    0x080221aa   0x080221aa   0x00000058   Code   RO         4947    .text               c_w.l(memcmp.o)
    0x08022202   0x08022202   0x00000048   Code   RO         4949    .text               c_w.l(strcpy.o)
    0x0802224a   0x0802224a   0x00000016   Code   RO         4953    .text               c_w.l(strrchr.o)
    0x08022260   0x08022260   0x0000003e   Code   RO         4955    .text               c_w.l(strlen.o)
    0x0802229e   0x0802229e   0x00000012   Code   RO         4957    .text               c_w.l(wcscpy.o)
    0x080222b0   0x080222b0   0x00000018   Code   RO         4959    .text               c_w.l(wcscmp.o)
    0x080222c8   0x080222c8   0x00000016   Code   RO         4961    .text               c_w.l(wcschr.o)
    0x080222de   0x080222de   0x00000012   Code   RO         4963    .text               c_w.l(wcslen.o)
    0x080222f0   0x080222f0   0x00000096   Code   RO         4965    .text               c_w.l(strncmp.o)
    0x08022386   0x08022386   0x0000008a   Code   RO         4967    .text               c_w.l(rt_memcpy_v6.o)
    0x08022410   0x08022410   0x00000084   Code   RO         4969    .text               c_w.l(rt_memmove_v6.o)
    0x08022494   0x08022494   0x00000064   Code   RO         4971    .text               c_w.l(rt_memcpy_w.o)
    0x080224f8   0x080224f8   0x0000007a   Code   RO         4973    .text               c_w.l(rt_memmove_w.o)
    0x08022572   0x08022572   0x00000044   Code   RO         4975    .text               c_w.l(rt_memclr.o)
    0x080225b6   0x080225b6   0x0000004e   Code   RO         4977    .text               c_w.l(rt_memclr_w.o)
    0x08022604   0x08022604   0x00000056   Code   RO         4979    .text               c_w.l(strncpy.o)
    0x0802265a   0x0802265a   0x00000002   PAD
    0x0802265c   0x0802265c   0x00000080   Code   RO         4981    .text               c_w.l(strcmpv7m.o)
    0x080226dc   0x080226dc   0x00000006   Code   RO         4983    .text               c_w.l(heapauxi.o)
    0x080226e2   0x080226e2   0x00000002   Code   RO         5179    .text               c_w.l(use_no_semi.o)
    0x080226e4   0x080226e4   0x00000008   Code   RO         5189    .text               c_w.l(rt_locale_intlibspace.o)
    0x080226ec   0x080226ec   0x00000008   Code   RO         5194    .text               c_w.l(rt_errno_addr_intlibspace.o)
    0x080226f4   0x080226f4   0x00000016   Code   RO         5196    .text               c_w.l(_rserrno.o)
    0x0802270a   0x0802270a   0x0000000c   Code   RO         5198    .text               c_w.l(_iswspace.o)
    0x08022716   0x08022716   0x0000004e   Code   RO         5200    .text               c_w.l(_printf_pad.o)
    0x08022764   0x08022764   0x00000024   Code   RO         5202    .text               c_w.l(_printf_truncate.o)
    0x08022788   0x08022788   0x00000052   Code   RO         5204    .text               c_w.l(_printf_str.o)
    0x080227da   0x080227da   0x000000b2   Code   RO         5206    .text               c_w.l(_printf_intcommon.o)
    0x0802288c   0x0802288c   0x00000028   Code   RO         5208    .text               c_w.l(_printf_charcount.o)
    0x080228b4   0x080228b4   0x00000030   Code   RO         5210    .text               c_w.l(_printf_char_common.o)
    0x080228e4   0x080228e4   0x0000000a   Code   RO         5212    .text               c_w.l(_sputc.o)
    0x080228ee   0x080228ee   0x00000010   Code   RO         5214    .text               c_w.l(_snputc.o)
    0x080228fe   0x080228fe   0x00000002   PAD
    0x08022900   0x08022900   0x00000024   Code   RO         5216    .text               c_w.l(_printf_char_file.o)
    0x08022924   0x08022924   0x000000bc   Code   RO         5218    .text               c_w.l(_printf_wctomb.o)
    0x080229e0   0x080229e0   0x0000007c   Code   RO         5221    .text               c_w.l(_printf_longlong_dec.o)
    0x08022a5c   0x08022a5c   0x00000070   Code   RO         5227    .text               c_w.l(_printf_oct_int_ll.o)
    0x08022acc   0x08022acc   0x00000094   Code   RO         5247    .text               c_w.l(_printf_hex_int_ll_ptr.o)
    0x08022b60   0x08022b60   0x00000156   Code   RO         5272    .text               c_w.l(_scanf_longlong.o)
    0x08022cb6   0x08022cb6   0x0000014c   Code   RO         5274    .text               c_w.l(_scanf_int.o)
    0x08022e02   0x08022e02   0x000000e0   Code   RO         5276    .text               c_w.l(_scanf_str.o)
    0x08022ee2   0x08022ee2   0x00000002   PAD
    0x08022ee4   0x08022ee4   0x0000002c   Code   RO         5278    .text               c_w.l(scanf_char.o)
    0x08022f10   0x08022f10   0x00000040   Code   RO         5280    .text               c_w.l(_sgetc.o)
    0x08022f50   0x08022f50   0x0000009e   Code   RO         5282    .text               c_w.l(_strtoul.o)
    0x08022fee   0x08022fee   0x00000002   PAD
    0x08022ff0   0x08022ff0   0x000000a4   Code   RO         5284    .text               c_w.l(strtod.o)
    0x08023094   0x08023094   0x00000114   Code   RO         5286    .text               c_w.l(_scanf_mbtowc.o)
    0x080231a8   0x080231a8   0x000000e8   Code   RO         5288    .text               c_w.l(_scanf_wctomb.o)
    0x08023290   0x08023290   0x000000d0   Code   RO         5290    .text               c_w.l(_scanf_wstr.o)
    0x08023360   0x08023360   0x00000008   Code   RO         5363    .text               c_w.l(libspace.o)
    0x08023368   0x08023368   0x0000008a   Code   RO         5383    .text               c_w.l(lludiv10.o)
    0x080233f2   0x080233f2   0x00000012   Code   RO         5385    .text               c_w.l(isspace.o)
    0x08023404   0x08023404   0x00000064   Code   RO         5387    .text               c_w.l(wclass_c.o)
    0x08023468   0x08023468   0x0000041e   Code   RO         5389    .text               c_w.l(_printf_fp_dec.o)
    0x08023886   0x08023886   0x00000002   PAD
    0x08023888   0x08023888   0x000002fc   Code   RO         5391    .text               c_w.l(_printf_fp_hex.o)
    0x08023b84   0x08023b84   0x0000002c   Code   RO         5396    .text               c_w.l(_printf_char.o)
    0x08023bb0   0x08023bb0   0x0000002c   Code   RO         5398    .text               c_w.l(_printf_wchar.o)
    0x08023bdc   0x08023bdc   0x0000001c   Code   RO         5400    .text               c_w.l(_chval.o)
    0x08023bf8   0x08023bf8   0x00000374   Code   RO         5402    .text               c_w.l(_scanf.o)
    0x08023f6c   0x08023f6c   0x000004f8   Code   RO         5404    .text               c_w.l(scanf_fp.o)
    0x08024464   0x08024464   0x0000001e   Code   RO         5406    .text               c_w.l(_scanf_wcharmap.o)
    0x08024482   0x08024482   0x00000008   Code   RO         5408    .text               c_w.l(ferror.o)
    0x0802448a   0x0802448a   0x0000003c   Code   RO         5412    .text               c_w.l(_mbrtowc.o)
    0x080244c6   0x080244c6   0x00000040   Code   RO         5414    .text               c_w.l(_wcrtomb.o)
    0x08024506   0x08024506   0x0000004a   Code   RO         5466    .text               c_w.l(sys_stackheap_outer.o)
    0x08024550   0x08024550   0x00000080   Code   RO         5468    .text               c_w.l(_printf_fp_infnan.o)
    0x080245d0   0x080245d0   0x000000e4   Code   RO         5470    .text               c_w.l(bigflt0.o)
    0x080246b4   0x080246b4   0x00000012   Code   RO         5495    .text               c_w.l(exit.o)
    0x080246c6   0x080246c6   0x00000002   PAD
    0x080246c8   0x080246c8   0x00000320   Code   RO         5535    .text               c_w.l(scanf_hexfp.o)
    0x080249e8   0x080249e8   0x00000134   Code   RO         5537    .text               c_w.l(scanf_infnan.o)
    0x08024b1c   0x08024b1c   0x00000026   Code   RO         5562    .text               c_w.l(llshl.o)
    0x08024b42   0x08024b42   0x0000003e   Code   RO         5473    CL$$btod_d2e        c_w.l(btod.o)
    0x08024b80   0x08024b80   0x00000046   Code   RO         5475    CL$$btod_d2e_denorm_low  c_w.l(btod.o)
    0x08024bc6   0x08024bc6   0x00000060   Code   RO         5474    CL$$btod_d2e_norm_op1  c_w.l(btod.o)
    0x08024c26   0x08024c26   0x00000338   Code   RO         5483    CL$$btod_div_common  c_w.l(btod.o)
    0x08024f5e   0x08024f5e   0x00000002   PAD
    0x08024f60   0x08024f60   0x00000084   Code   RO         5481    CL$$btod_e2d        c_w.l(btod.o)
    0x08024fe4   0x08024fe4   0x000000dc   Code   RO         5480    CL$$btod_e2e        c_w.l(btod.o)
    0x080250c0   0x080250c0   0x0000002a   Code   RO         5477    CL$$btod_ediv       c_w.l(btod.o)
    0x080250ea   0x080250ea   0x0000002a   Code   RO         5479    CL$$btod_edivd      c_w.l(btod.o)
    0x08025114   0x08025114   0x0000002a   Code   RO         5476    CL$$btod_emul       c_w.l(btod.o)
    0x0802513e   0x0802513e   0x0000002a   Code   RO         5478    CL$$btod_emuld      c_w.l(btod.o)
    0x08025168   0x08025168   0x00000244   Code   RO         5482    CL$$btod_mult_common  c_w.l(btod.o)
    0x080253ac   0x080253ac   0x00000028   Code   RO         5341    i.__ARM_fpclassify  m_ws.l(fpclassify.o)
    0x080253d4   0x080253d4   0x00000388   Code   RO         5346    i.__ieee754_rem_pio2  m_ws.l(rred.o)
    0x0802575c   0x0802575c   0x000000fc   Code   RO         5324    i.__kernel_cos      m_ws.l(cos_i.o)
    0x08025858   0x08025858   0x000000aa   Code   RO         5343    i.__kernel_poly     m_ws.l(poly.o)
    0x08025902   0x08025902   0x00000002   PAD
    0x08025904   0x08025904   0x000000ec   Code   RO         5351    i.__kernel_sin      m_ws.l(sin_i.o)
    0x080259f0   0x080259f0   0x0000027c   Code   RO         5357    i.__kernel_tan      m_ws.l(tan_i.o)
    0x08025c6c   0x08025c6c   0x00000010   Code   RO         5327    i.__mathlib_dbl_divzero  m_ws.l(dunder.o)
    0x08025c7c   0x08025c7c   0x00000006   Code   RO         5328    i.__mathlib_dbl_infnan  m_ws.l(dunder.o)
    0x08025c82   0x08025c82   0x0000000c   Code   RO         5330    i.__mathlib_dbl_invalid  m_ws.l(dunder.o)
    0x08025c8e   0x08025c8e   0x0000000e   Code   RO         5331    i.__mathlib_dbl_overflow  m_ws.l(dunder.o)
    0x08025c9c   0x08025c9c   0x00000010   Code   RO         5333    i.__mathlib_dbl_underflow  m_ws.l(dunder.o)
    0x08025cac   0x08025cac   0x00000010   Code   RO         5525    i.__mathlib_narrow  m_ws.l(narrow.o)
    0x08025cbc   0x08025cbc   0x000000bc   Code   RO         5526    i.__mathlib_tofloat  m_ws.l(narrow.o)
    0x08025d78   0x08025d78   0x00000016   Code   RO         5573    i.__support_ldexp   m_ws.l(ldexp.o)
    0x08025d8e   0x08025d8e   0x0000000e   Code   RO         4923    i._is_digit         c_w.l(__printf_wp.o)
    0x08025d9c   0x08025d9c   0x0000027c   Code   RO         5068    i.acos              m_ws.l(acos.o)
    0x08026018   0x08026018   0x00000270   Code   RO         5078    i.asin              m_ws.l(asin.o)
    0x08026288   0x08026288   0x00000220   Code   RO         5088    i.atan              m_ws.l(atan.o)
    0x080264a8   0x080264a8   0x0000002a   Code   RO         5098    i.atof              m_ws.l(atof.o)
    0x080264d2   0x080264d2   0x00000002   PAD
    0x080264d4   0x080264d4   0x000000dc   Code   RO         5102    i.ceil              m_ws.l(ceil.o)
    0x080265b0   0x080265b0   0x0000009c   Code   RO         5106    i.cos               m_ws.l(cos.o)
    0x0802664c   0x0802664c   0x00000284   Code   RO         5114    i.exp               m_ws.l(exp.o)
    0x080268d0   0x080268d0   0x000000dc   Code   RO         5124    i.floor             m_ws.l(floor.o)
    0x080269ac   0x080269ac   0x00000058   Code   RO         5548    i.frexp             m_ws.l(frexp.o)
    0x08026a04   0x08026a04   0x00000074   Code   RO         5574    i.ldexp             m_ws.l(ldexp.o)
    0x08026a78   0x08026a78   0x0000035c   Code   RO         5128    i.log               m_ws.l(log.o)
    0x08026dd4   0x08026dd4   0x000000e4   Code   RO         5138    i.log10             m_ws.l(log10.o)
    0x08026eb8   0x08026eb8   0x000000a0   Code   RO         5156    i.sin               m_ws.l(sin.o)
    0x08026f58   0x08026f58   0x0000004c   Code   RO         5164    i.sqrt              m_ws.l(sqrt.o)
    0x08026fa4   0x08026fa4   0x00000064   Code   RO         5172    i.tan               m_ws.l(tan.o)
    0x08027008   0x08027008   0x0000002c   Code   RO         5293    locale$$code        c_w.l(lc_ctype_c.o)
    0x08027034   0x08027034   0x0000002c   Code   RO         5417    locale$$code        c_w.l(lc_numeric_c.o)
    0x08027060   0x08027060   0x00000062   Code   RO         4987    x$fpl$d2f           fz_ws.l(d2f.o)
    0x080270c2   0x080270c2   0x00000002   PAD
    0x080270c4   0x080270c4   0x00000150   Code   RO         4989    x$fpl$dadd          fz_ws.l(daddsub_clz.o)
    0x08027214   0x08027214   0x00000010   Code   RO         5295    x$fpl$dcheck1       fz_ws.l(dcheck1.o)
    0x08027224   0x08027224   0x00000018   Code   RO         5297    x$fpl$dcmpinf       fz_ws.l(dcmpi.o)
    0x0802723c   0x0802723c   0x000002b0   Code   RO         4996    x$fpl$ddiv          fz_ws.l(ddiv.o)
    0x080274ec   0x080274ec   0x00000078   Code   RO         4999    x$fpl$deqf          fz_ws.l(deqf.o)
    0x08027564   0x08027564   0x0000005e   Code   RO         5001    x$fpl$dfix          fz_ws.l(dfix.o)
    0x080275c2   0x080275c2   0x00000002   PAD
    0x080275c4   0x080275c4   0x0000005a   Code   RO         5009    x$fpl$dfixu         fz_ws.l(dfixu.o)
    0x0802761e   0x0802761e   0x0000002e   Code   RO         5014    x$fpl$dflt          fz_ws.l(dflt_clz.o)
    0x0802764c   0x0802764c   0x000000a2   Code   RO         5019    x$fpl$dfltll        fz_ws.l(dfltll_clz.o)
    0x080276ee   0x080276ee   0x00000026   Code   RO         5013    x$fpl$dfltu         fz_ws.l(dflt_clz.o)
    0x08027714   0x08027714   0x00000078   Code   RO         5023    x$fpl$dleqf         fz_ws.l(dleqf.o)
    0x0802778c   0x0802778c   0x00000154   Code   RO         5025    x$fpl$dmul          fz_ws.l(dmul.o)
    0x080278e0   0x080278e0   0x0000009c   Code   RO         5299    x$fpl$dnaninf       fz_ws.l(dnaninf.o)
    0x0802797c   0x0802797c   0x0000000c   Code   RO         5301    x$fpl$dretinf       fz_ws.l(dretinf.o)
    0x08027988   0x08027988   0x0000006c   Code   RO         5027    x$fpl$drleqf        fz_ws.l(drleqf.o)
    0x080279f4   0x080279f4   0x00000016   Code   RO         4990    x$fpl$drsb          fz_ws.l(daddsub_clz.o)
    0x08027a0a   0x08027a0a   0x00000002   PAD
    0x08027a0c   0x08027a0c   0x000001cc   Code   RO         5303    x$fpl$dsqrt         fz_ws.l(dsqrt_noumaal.o)
    0x08027bd8   0x08027bd8   0x000001d4   Code   RO         4991    x$fpl$dsub          fz_ws.l(daddsub_clz.o)
    0x08027dac   0x08027dac   0x00000056   Code   RO         5029    x$fpl$f2d           fz_ws.l(f2d.o)
    0x08027e02   0x08027e02   0x00000002   PAD
    0x08027e04   0x08027e04   0x000000c4   Code   RO         5031    x$fpl$fadd          fz_ws.l(faddsub_clz.o)
    0x08027ec8   0x08027ec8   0x0000000c   Code   RO         5305    x$fpl$fcheck1       fz_ws.l(fcheck1.o)
    0x08027ed4   0x08027ed4   0x00000018   Code   RO         5307    x$fpl$fcmpinf       fz_ws.l(fcmpi.o)
    0x08027eec   0x08027eec   0x00000184   Code   RO         5038    x$fpl$fdiv          fz_ws.l(fdiv.o)
    0x08028070   0x08028070   0x00000036   Code   RO         5041    x$fpl$ffix          fz_ws.l(ffix.o)
    0x080280a6   0x080280a6   0x00000002   PAD
    0x080280a8   0x080280a8   0x0000003e   Code   RO         5045    x$fpl$ffixu         fz_ws.l(ffixu.o)
    0x080280e6   0x080280e6   0x00000002   PAD
    0x080280e8   0x080280e8   0x00000030   Code   RO         5050    x$fpl$fflt          fz_ws.l(fflt_clz.o)
    0x08028118   0x08028118   0x00000060   Code   RO         5055    x$fpl$ffltll        fz_ws.l(ffltll_clz.o)
    0x08028178   0x08028178   0x00000026   Code   RO         5049    x$fpl$ffltu         fz_ws.l(fflt_clz.o)
    0x0802819e   0x0802819e   0x00000002   PAD
    0x080281a0   0x080281a0   0x00000068   Code   RO         5057    x$fpl$fleqf         fz_ws.l(fleqf.o)
    0x08028208   0x08028208   0x00000102   Code   RO         5059    x$fpl$fmul          fz_ws.l(fmul.o)
    0x0802830a   0x0802830a   0x0000008c   Code   RO         5309    x$fpl$fnaninf       fz_ws.l(fnaninf.o)
    0x08028396   0x08028396   0x0000000a   Code   RO         5311    x$fpl$fretinf       fz_ws.l(fretinf.o)
    0x080283a0   0x080283a0   0x00000062   Code   RO         5061    x$fpl$frleqf        fz_ws.l(frleqf.o)
    0x08028402   0x08028402   0x00000014   Code   RO         5032    x$fpl$frsb          fz_ws.l(faddsub_clz.o)
    0x08028416   0x08028416   0x00000002   PAD
    0x08028418   0x08028418   0x000000ea   Code   RO         5033    x$fpl$fsub          fz_ws.l(faddsub_clz.o)
    0x08028502   0x08028502   0x00000006   Code   RO         5515    x$fpl$ieeestatus    fz_ws.l(istatus.o)
    0x08028508   0x08028508   0x000000c2   Code   RO         5005    x$fpl$llsfromd      fz_ws.l(dfixll.o)
    0x080285ca   0x080285ca   0x00000004   Code   RO         5313    x$fpl$printf1       fz_ws.l(printf1.o)
    0x080285ce   0x080285ce   0x00000004   Code   RO         5315    x$fpl$printf2       fz_ws.l(printf2.o)
    0x080285d2   0x080285d2   0x00000064   Code   RO         5464    x$fpl$retnan        fz_ws.l(retnan.o)
    0x08028636   0x08028636   0x0000005c   Code   RO         5063    x$fpl$scalbn        fz_ws.l(scalbn.o)
    0x08028692   0x08028692   0x0000004c   Code   RO         5065    x$fpl$scalbnf       fz_ws.l(scalbnf.o)
    0x080286de   0x080286de   0x00000004   Code   RO         5321    x$fpl$scanf1        fz_ws.l(scanf1.o)
    0x080286e2   0x080286e2   0x00000008   Code   RO         5517    x$fpl$scanf2        fz_ws.l(scanf2.o)
    0x080286ea   0x080286ea   0x00000030   Code   RO         5523    x$fpl$trapveneer    fz_ws.l(trapv.o)
    0x0802871a   0x0802871a   0x00000000   Code   RO         5323    x$fpl$usenofp       fz_ws.l(usenofp.o)
    0x0802871a   0x0802871a   0x00000018   Data   RO          514    .constdata          rtc.o
    0x08028732   0x08028732   0x00000948   Data   RO          572    .constdata          gui.o
    0x0802907a   0x0802907a   0x00000002   PAD
    0x0802907c   0x0802907c   0x00000059   Data   RO          607    .constdata          bitmap.o
    0x080290d5   0x080290d5   0x00000018   Data   RO          678    .constdata          buffer.o
    0x080290ed   0x080290ed   0x00000003   PAD
    0x080290f0   0x080290f0   0x00000074   Data   RO          700    .constdata          button_1.o
    0x08029164   0x08029164   0x000000e8   Data   RO          930    .constdata          check_button.o
    0x0802924c   0x0802924c   0x0000000d   Data   RO          950    .constdata          color.o
    0x08029259   0x08029259   0x00000003   PAD
    0x0802925c   0x0802925c   0x00000074   Data   RO          963    .constdata          dialog.o
    0x080292d0   0x080292d0   0x0000001a   Data   RO         1112    .constdata          emitter.o
    0x080292ea   0x080292ea   0x00000002   PAD
    0x080292ec   0x080292ec   0x00000924   Data   RO         1131    .constdata          enums.o
    0x08029c10   0x08029c10   0x0000000d   Data   RO         1161    .constdata          font.o
    0x08029c1d   0x08029c1d   0x00000014   Data   RO         1177    .constdata          font_manager.o
    0x08029c31   0x08029c31   0x00000003   PAD
    0x08029c34   0x08029c34   0x00000074   Data   RO         1243    .constdata          group_box.o
    0x08029ca8   0x08029ca8   0x00000074   Data   RO         1261    .constdata          image.o
    0x08029d1c   0x08029d1c   0x00000027   Data   RO         1284    .constdata          image_manager.o
    0x08029d43   0x08029d43   0x00000001   PAD
    0x08029d44   0x08029d44   0x00000074   Data   RO         1335    .constdata          label.o
    0x08029db8   0x08029db8   0x00000074   Data   RO         1427    .constdata          progress_bar.o
    0x08029e2c   0x08029e2c   0x0000000c   Data   RO         1447    .constdata          rect.o
    0x08029e38   0x08029e38   0x0000000d   Data   RO         1463    .constdata          theme.o
    0x08029e45   0x08029e45   0x00000100   Data   RO         1481    .constdata          utf8.o
    0x08029f45   0x08029f45   0x00000003   PAD
    0x08029f48   0x08029f48   0x00000004   Data   RO         1482    .constdata          utf8.o
    0x08029f4c   0x08029f4c   0x0000001d   Data   RO         1497    .constdata          value.o
    0x08029f69   0x08029f69   0x00000013   Data   RO         1510    .constdata          widget.o
    0x08029f7c   0x08029f7c   0x00000074   Data   RO         1616    .constdata          widget_vtable.o
    0x08029ff0   0x08029ff0   0x00000074   Data   RO         1685    .constdata          window.o
    0x0802a064   0x0802a064   0x00000014   Data   RO         1788    .constdata          wstr.o
    0x0802a078   0x0802a078   0x00000022   Data   RO         1810    .constdata          utils.o
    0x0802a09a   0x0802a09a   0x00000013   Data   RO         1940    .constdata          event_queue.o
    0x0802a0ad   0x0802a0ad   0x00000003   PAD
    0x0802a0b0   0x0802a0b0   0x00000074   Data   RO         1974    .constdata          slider.o
    0x0802a124   0x0802a124   0x0000002c   Data   RO         2009    .constdata          system_info.o
    0x0802a150   0x0802a150   0x00000017   Data   RO         2084    .constdata          str.o
    0x0802a167   0x0802a167   0x00000001   PAD
    0x0802a168   0x0802a168   0x00000074   Data   RO         2119    .constdata          pages.o
    0x0802a1dc   0x0802a1dc   0x00000074   Data   RO         2139    .constdata          edit.o
    0x0802a250   0x0802a250   0x00000074   Data   RO         2166    .constdata          view.o
    0x0802a2c4   0x0802a2c4   0x0000002e   Data   RO         2199    .constdata          widget_factory.o
    0x0802a2f2   0x0802a2f2   0x00000002   PAD
    0x0802a2f4   0x0802a2f4   0x00000074   Data   RO         2271    .constdata          spin_box.o
    0x0802a368   0x0802a368   0x00000074   Data   RO         2290    .constdata          dragger.o
    0x0802a3dc   0x0802a3dc   0x00000074   Data   RO         2310    .constdata          dialog_client.o
    0x0802a450   0x0802a450   0x00000074   Data   RO         2328    .constdata          dialog_title.o
    0x0802a4c4   0x0802a4c4   0x00000019   Data   RO         2691    .constdata          input_method_creator.o
    0x0802a4dd   0x0802a4dd   0x00000003   PAD
    0x0802a4e0   0x0802a4e0   0x00000074   Data   RO         2707    .constdata          button_group.o
    0x0802a554   0x0802a554   0x0000008c   Data   RO         2743    .constdata          combo_box.o
    0x0802a5e0   0x0802a5e0   0x00000074   Data   RO         2785    .constdata          combo_box_item.o
    0x0802a654   0x0802a654   0x0000000a   Data   RO         2817    .constdata          fs.o
    0x0802a65e   0x0802a65e   0x00000002   PAD
    0x0802a660   0x0802a660   0x00000074   Data   RO         2876    .constdata          popup.o
    0x0802a6d4   0x0802a6d4   0x00000074   Data   RO         2925    .constdata          tab_button.o
    0x0802a748   0x0802a748   0x00000074   Data   RO         2945    .constdata          tab_button_group.o
    0x0802a7bc   0x0802a7bc   0x00000074   Data   RO         2966    .constdata          tab_control.o
    0x0802a830   0x0802a830   0x00000004   Data   RO         3151    .constdata          ui_loader_default.o
    0x0802a834   0x0802a834   0x00000074   Data   RO         3264    .constdata          color_tile.o
    0x0802a8a8   0x0802a8a8   0x00000016   Data   RO         3284    .constdata          assets_manager.o
    0x0802a8be   0x0802a8be   0x00000013   Data   RO         3299    .constdata          locale_info.o
    0x0802a8d1   0x0802a8d1   0x00000003   PAD
    0x0802a8d4   0x0802a8d4   0x00000074   Data   RO         3326    .constdata          app_bar.o
    0x0802a948   0x0802a948   0x00000074   Data   RO         3344    .constdata          column.o
    0x0802a9bc   0x0802a9bc   0x00000074   Data   RO         3362    .constdata          grid.o
    0x0802aa30   0x0802aa30   0x00000074   Data   RO         3380    .constdata          row.o
    0x0802aaa4   0x0802aaa4   0x00000074   Data   RO         3398    .constdata          calibration_win.o
    0x0802ab18   0x0802ab18   0x00000013   Data   RO         3416    .constdata          font_loader_bitmap.o
    0x0802ab2b   0x0802ab2b   0x00000001   PAD
    0x0802ab2c   0x0802ab2c   0x00000074   Data   RO         3460    .constdata          window_base.o
    0x0802aba0   0x0802aba0   0x00000033   Data   RO         3508    .constdata          style_const.o
    0x0802abd3   0x0802abd3   0x00000001   PAD
    0x0802abd4   0x0802abd4   0x0000002a   Data   RO         3563    .constdata          clip_board_default.o
    0x0802abfe   0x0802abfe   0x00000002   PAD
    0x0802ac00   0x0802ac00   0x00000074   Data   RO         3597    .constdata          image_base.o
    0x0802ac74   0x0802ac74   0x00000074   Data   RO         3611    .constdata          grid_item.o
    0x0802ace8   0x0802ace8   0x00000026   Data   RO         3629    .constdata          input_device_status.o
    0x0802ad0e   0x0802ad0e   0x00000002   PAD
    0x0802ad10   0x0802ad10   0x00000074   Data   RO         3643    .constdata          system_bar.o
    0x0802ad84   0x0802ad84   0x0000003d   Data   RO         3663    .constdata          children_layouter_default.o
    0x0802adc1   0x0802adc1   0x00000003   PAD
    0x0802adc4   0x0802adc4   0x00000035   Data   RO         3684    .constdata          self_layouter_default.o
    0x0802adf9   0x0802adf9   0x0000000d   Data   RO         3774    .constdata          event.o
    0x0802ae06   0x0802ae06   0x00000013   Data   RO         3787    .constdata          named_value.o
    0x0802ae19   0x0802ae19   0x0000000e   Data   RO         3803    .constdata          object.o
    0x0802ae27   0x0802ae27   0x00000001   PAD
    0x0802ae28   0x0802ae28   0x00000058   Data   RO         3816    .constdata          object_default.o
    0x0802ae80   0x0802ae80   0x0000002c   Data   RO         3855    .constdata          timer_info.o
    0x0802aeac   0x0802aeac   0x00000015   Data   RO         3879    .constdata          timer_manager.o
    0x0802aec1   0x0802aec1   0x00000014   Data   RO         3894    .constdata          idle_manager.o
    0x0802aed5   0x0802aed5   0x00000003   PAD
    0x0802aed8   0x0802aed8   0x0000002c   Data   RO         3915    .constdata          idle_info.o
    0x0802af04   0x0802af04   0x0000001f   Data   RO         3930    .constdata          slist.o
    0x0802af23   0x0802af23   0x00000028   Data   RO         3946    .constdata          darray.o
    0x0802af4b   0x0802af4b   0x00000005   PAD
    0x0802af50   0x0802af50   0x00000118   Data   RO         3959    .constdata          expr_eval.o
    0x0802b068   0x0802b068   0x00000040   Data   RO         3997    .constdata          window_animator_factory.o
    0x0802b0a8   0x0802b0a8   0x0000001a   Data   RO         4012    .constdata          dialog_highlighter.o
    0x0802b0c2   0x0802b0c2   0x00000046   Data   RO         4025    .constdata          dialog_highlighter_factory.o
    0x0802b108   0x0802b108   0x00000044   Data   RO         4127    .constdata          children_layouter_factory.o
    0x0802b14c   0x0802b14c   0x0000003c   Data   RO         4142    .constdata          self_layouter_factory.o
    0x0802b188   0x0802b188   0x00000074   Data   RO         4157    .constdata          overlay.o
    0x0802b1fc   0x0802b1fc   0x0000005f   Data   RO         4189    .constdata          style_mutable.o
    0x0802b25b   0x0802b25b   0x0000001d   Data   RO         4242    .constdata          text_edit.o
    0x0802b278   0x0802b278   0x00000032   Data   RO         4369    .constdata          self_layouter_menu.o
    0x0802b2aa   0x0802b2aa   0x00000013   Data   RO         4387    .constdata          hscrollable.o
    0x0802b2bd   0x0802b2bd   0x00000003   PAD
    0x0802b2c0   0x0802b2c0   0x0000004c   Data   RO         4412    .constdata          native_window_raw.o
    0x0802b30c   0x0802b30c   0x0000008a   Data   RO         4431    .constdata          window_manager_default.o
    0x0802b396   0x0802b396   0x00000002   PAD
    0x0802b398   0x0802b398   0x0002798c   Data   RO         4842    .constdata          assets-mini.o
    0x08052d24   0x08052d24   0x00000011   Data   RO         4931    .constdata          c_w.l(__printf_flags_ss_wp.o)
    0x08052d35   0x08052d35   0x00000003   PAD
    0x08052d38   0x08052d38   0x00000050   Data   RO         5069    .constdata          m_ws.l(acos.o)
    0x08052d88   0x08052d88   0x00000050   Data   RO         5079    .constdata          m_ws.l(asin.o)
    0x08052dd8   0x08052dd8   0x00000098   Data   RO         5089    .constdata          m_ws.l(atan.o)
    0x08052e70   0x08052e70   0x00000058   Data   RO         5115    .constdata          m_ws.l(exp.o)
    0x08052ec8   0x08052ec8   0x00000038   Data   RO         5129    .constdata          m_ws.l(log.o)
    0x08052f00   0x08052f00   0x00000008   Data   RO         5219    .constdata          c_w.l(_printf_wctomb.o)
    0x08052f08   0x08052f08   0x00000028   Data   RO         5248    .constdata          c_w.l(_printf_hex_int_ll_ptr.o)
    0x08052f30   0x08052f30   0x00000030   Data   RO         5325    .constdata          m_ws.l(cos_i.o)
    0x08052f60   0x08052f60   0x00000008   Data   RO         5345    .constdata          m_ws.l(qnan.o)
    0x08052f68   0x08052f68   0x000000c8   Data   RO         5348    .constdata          m_ws.l(rred.o)
    0x08053030   0x08053030   0x00000028   Data   RO         5352    .constdata          m_ws.l(sin_i.o)
    0x08053058   0x08053058   0x00000060   Data   RO         5358    .constdata          m_ws.l(tan_i.o)
    0x080530b8   0x080530b8   0x00000026   Data   RO         5392    .constdata          c_w.l(_printf_fp_hex.o)
    0x080530de   0x080530de   0x00000002   PAD
    0x080530e0   0x080530e0   0x00000094   Data   RO         5471    .constdata          c_w.l(bigflt0.o)
    0x08053174   0x08053174   0x00000007   Data   RO          701    .conststring        button_1.o
    0x0805317b   0x0805317b   0x00000001   PAD
    0x0805317c   0x0805317c   0x00000007   Data   RO          702    .conststring        button_1.o
    0x08053183   0x08053183   0x00000001   PAD
    0x08053184   0x08053184   0x00000006   Data   RO          931    .conststring        check_button.o
    0x0805318a   0x0805318a   0x00000002   PAD
    0x0805318c   0x0805318c   0x0000001d   Data   RO          932    .conststring        check_button.o
    0x080531a9   0x080531a9   0x00000003   PAD
    0x080531ac   0x080531ac   0x0000005c   Data   RO          964    .conststring        dialog.o
    0x08053208   0x08053208   0x00000007   Data   RO          965    .conststring        dialog.o
    0x0805320f   0x0805320f   0x00000001   PAD
    0x08053210   0x08053210   0x0000053e   Data   RO         1132    .conststring        enums.o
    0x0805374e   0x0805374e   0x00000002   PAD
    0x08053750   0x08053750   0x0000000a   Data   RO         1244    .conststring        group_box.o
    0x0805375a   0x0805375a   0x00000002   PAD
    0x0805375c   0x0805375c   0x00000055   Data   RO         1262    .conststring        image.o
    0x080537b1   0x080537b1   0x00000003   PAD
    0x080537b4   0x080537b4   0x00000006   Data   RO         1336    .conststring        label.o
    0x080537ba   0x080537ba   0x00000002   PAD
    0x080537bc   0x080537bc   0x00000016   Data   RO         1428    .conststring        progress_bar.o
    0x080537d2   0x080537d2   0x00000002   PAD
    0x080537d4   0x080537d4   0x0000000d   Data   RO         1429    .conststring        progress_bar.o
    0x080537e1   0x080537e1   0x00000003   PAD
    0x080537e4   0x080537e4   0x00000090   Data   RO         1511    .conststring        widget.o
    0x08053874   0x08053874   0x00000007   Data   RO         1617    .conststring        widget_vtable.o
    0x0805387b   0x0805387b   0x00000001   PAD
    0x0805387c   0x0805387c   0x0000000b   Data   RO         1686    .conststring        window.o
    0x08053887   0x08053887   0x00000001   PAD
    0x08053888   0x08053888   0x00000007   Data   RO         1687    .conststring        window.o
    0x0805388f   0x0805388f   0x00000001   PAD
    0x08053890   0x08053890   0x00000010   Data   RO         1975    .conststring        slider.o
    0x080538a0   0x080538a0   0x00000007   Data   RO         1976    .conststring        slider.o
    0x080538a7   0x080538a7   0x00000001   PAD
    0x080538a8   0x080538a8   0x0000000c   Data   RO         2010    .conststring        system_info.o
    0x080538b4   0x080538b4   0x00000006   Data   RO         2121    .conststring        pages.o
    0x080538ba   0x080538ba   0x00000002   PAD
    0x080538bc   0x080538bc   0x0000007d   Data   RO         2140    .conststring        edit.o
    0x08053939   0x08053939   0x00000003   PAD
    0x0805393c   0x0805393c   0x00000005   Data   RO         2141    .conststring        edit.o
    0x08053941   0x08053941   0x00000003   PAD
    0x08053944   0x08053944   0x00000005   Data   RO         2167    .conststring        view.o
    0x08053949   0x08053949   0x00000003   PAD
    0x0805394c   0x0805394c   0x00000009   Data   RO         2272    .conststring        spin_box.o
    0x08053955   0x08053955   0x00000003   PAD
    0x08053958   0x08053958   0x0000001e   Data   RO         2291    .conststring        dragger.o
    0x08053976   0x08053976   0x00000002   PAD
    0x08053978   0x08053978   0x00000008   Data   RO         2292    .conststring        dragger.o
    0x08053980   0x08053980   0x0000000e   Data   RO         2311    .conststring        dialog_client.o
    0x0805398e   0x0805398e   0x00000002   PAD
    0x08053990   0x08053990   0x0000000d   Data   RO         2329    .conststring        dialog_title.o
    0x0805399d   0x0805399d   0x00000003   PAD
    0x080539a0   0x080539a0   0x00000a61   Data   RO         2725    .conststring        color_parser.o
    0x08054401   0x08054401   0x00000003   PAD
    0x08054404   0x08054404   0x0000001b   Data   RO         2744    .conststring        combo_box.o
    0x0805441f   0x0805441f   0x00000001   PAD
    0x08054420   0x08054420   0x0000000a   Data   RO         2745    .conststring        combo_box.o
    0x0805442a   0x0805442a   0x00000002   PAD
    0x0805442c   0x0805442c   0x0000000f   Data   RO         2786    .conststring        combo_box_item.o
    0x0805443b   0x0805443b   0x00000001   PAD
    0x0805443c   0x0805443c   0x0000002d   Data   RO         2877    .conststring        popup.o
    0x08054469   0x08054469   0x00000003   PAD
    0x0805446c   0x0805446c   0x00000006   Data   RO         2878    .conststring        popup.o
    0x08054472   0x08054472   0x00000002   PAD
    0x08054474   0x08054474   0x0000000b   Data   RO         2927    .conststring        tab_button.o
    0x0805447f   0x0805447f   0x00000001   PAD
    0x08054480   0x08054480   0x00000011   Data   RO         2946    .conststring        tab_button_group.o
    0x08054491   0x08054491   0x00000003   PAD
    0x08054494   0x08054494   0x0000000c   Data   RO         2967    .conststring        tab_control.o
    0x080544a0   0x080544a0   0x00000019   Data   RO         3265    .conststring        color_tile.o
    0x080544b9   0x080544b9   0x00000003   PAD
    0x080544bc   0x080544bc   0x0000000b   Data   RO         3266    .conststring        color_tile.o
    0x080544c7   0x080544c7   0x00000001   PAD
    0x080544c8   0x080544c8   0x00000008   Data   RO         3327    .conststring        app_bar.o
    0x080544d0   0x080544d0   0x00000007   Data   RO         3345    .conststring        column.o
    0x080544d7   0x080544d7   0x00000001   PAD
    0x080544d8   0x080544d8   0x00000004   Data   RO         3363    .conststring        grid.o
    0x080544dc   0x080544dc   0x00000010   Data   RO         3399    .conststring        calibration_win.o
    0x080544ec   0x080544ec   0x0000000b   Data   RO         3645    .conststring        system_bar.o
    0x080544f7   0x080544f7   0x00000001   PAD
    0x080544f8   0x080544f8   0x0000000f   Data   RO         3817    .conststring        object_default.o
    0x08054507   0x08054507   0x00000001   PAD
    0x08054508   0x08054508   0x0000000b   Data   RO         3856    .conststring        timer_info.o
    0x08054513   0x08054513   0x00000001   PAD
    0x08054514   0x08054514   0x0000000a   Data   RO         3916    .conststring        idle_info.o
    0x0805451e   0x0805451e   0x00000002   PAD
    0x08054520   0x08054520   0x0000016f   Data   RO         3960    .conststring        expr_eval.o
    0x0805468f   0x0805468f   0x00000001   PAD
    0x08054690   0x08054690   0x00000008   Data   RO         4159    .conststring        overlay.o
    0x08054698   0x08054698   0x00000005   Data   RO         4370    .conststring        self_layouter_menu.o
    0x0805469d   0x0805469d   0x00000003   PAD
    0x080546a0   0x080546a0   0x00000012   Data   RO         4413    .conststring        native_window_raw.o
    0x080546b2   0x080546b2   0x00000002   PAD
    0x080546b4   0x080546b4   0x0000000f   Data   RO         4432    .conststring        window_manager_default.o
    0x080546c3   0x080546c3   0x00000001   PAD
    0x080546c4   0x080546c4   0x00000022   Data   RO         2849    .constwstring       line_break.o
    0x080546e6   0x080546e6   0x00000002   PAD
    0x080546e8   0x080546e8   0x00000020   Data   RO         5624    Region$$Table       anon$$obj.o
    0x08054708   0x08054708   0x00000008   Data   RO         5509    c$$dinf             fz_ws.l(fpconst.o)
    0x08054710   0x08054710   0x00000008   Data   RO         5512    c$$dmax             fz_ws.l(fpconst.o)
    0x08054718   0x08054718   0x00000110   Data   RO         5292    locale$$data        c_w.l(lc_ctype_c.o)
    0x08054828   0x08054828   0x0000001c   Data   RO         5416    locale$$data        c_w.l(lc_numeric_c.o)


    Execution Region RW_IRAM1 (Exec base: 0x20000000, Load base: 0x08054844, Size: 0x00008018, Max: 0x00010000, ABSOLUTE, COMPRESSED[0x00000480])

    Exec Addr    Load Addr    Size         Type   Attr      Idx    E Section Name        Object

    0x20000000   COMPRESSED   0x00000014   Data   RW          105    .data               system_stm32f10x.o
    0x20000014   COMPRESSED   0x00000002   Data   RW          218    .data               usart.o
    0x20000016   COMPRESSED   0x00000002   PAD
    0x20000018   COMPRESSED   0x00000004   Data   RW          219    .data               usart.o
    0x2000001c   COMPRESSED   0x00000014   Data   RW          283    .data               stm32f10x_rcc.o
    0x20000030   COMPRESSED   0x00000001   Data   RW          453    .data               led.o
    0x20000031   COMPRESSED   0x00000001   Data   RW          481    .data               button.o
    0x20000032   COMPRESSED   0x00000004   Data   RW          494    .data               tim.o
    0x20000036   COMPRESSED   0x00000004   Data   RW          515    .data               rtc.o
    0x2000003a   COMPRESSED   0x00000008   Data   RW          539    .data               touch.o
    0x20000042   COMPRESSED   0x00000002   PAD
    0x20000044   COMPRESSED   0x00000008   Data   RW          703    .data               button_1.o
    0x2000004c   COMPRESSED   0x00000008   Data   RW          933    .data               check_button.o
    0x20000054   COMPRESSED   0x0000001c   Data   RW          966    .data               dialog.o
    0x20000070   COMPRESSED   0x00000004   Data   RW         1178    .data               font_manager.o
    0x20000074   COMPRESSED   0x00000028   Data   RW         1264    .data               image.o
    0x2000009c   COMPRESSED   0x00000004   Data   RW         1285    .data               image_manager.o
    0x200000a0   COMPRESSED   0x00000004   Data   RW         1389    .data               main_loop.o
    0x200000a4   COMPRESSED   0x00000008   Data   RW         1413    .data               mem.o
    0x200000ac   COMPRESSED   0x00000010   Data   RW         1430    .data               progress_bar.o
    0x200000bc   COMPRESSED   0x00000004   Data   RW         1464    .data               theme.o
    0x200000c0   COMPRESSED   0x00000040   Data   RW         1512    .data               widget.o
    0x20000100   COMPRESSED   0x00000020   Data   RW         1688    .data               window.o
    0x20000120   COMPRESSED   0x00000004   Data   RW         1705    .data               window_manager.o
    0x20000124   COMPRESSED   0x00000018   Data   RW         1977    .data               slider.o
    0x2000013c   COMPRESSED   0x00000004   Data   RW         2011    .data               system_info.o
    0x20000140   COMPRESSED   0x00000008   Data   RW         2122    .data               pages.o
    0x20000148   COMPRESSED   0x00000038   Data   RW         2142    .data               edit.o
    0x20000180   COMPRESSED   0x00000004   Data   RW         2200    .data               widget_factory.o
    0x20000184   COMPRESSED   0x00000004   Data   RW         2229    .data               input_method.o
    0x20000188   COMPRESSED   0x00000014   Data   RW         2293    .data               dragger.o
    0x2000019c   COMPRESSED   0x00000460   Data   RW         2726    .data               color_parser.o
    0x200005fc   COMPRESSED   0x0000003c   Data   RW         2746    .data               combo_box.o
    0x20000638   COMPRESSED   0x00000004   Data   RW         2850    .data               line_break.o
    0x2000063c   COMPRESSED   0x00000024   Data   RW         2879    .data               popup.o
    0x20000660   COMPRESSED   0x00000008   Data   RW         2928    .data               tab_button.o
    0x20000668   COMPRESSED   0x0000000c   Data   RW         3267    .data               color_tile.o
    0x20000674   COMPRESSED   0x00000004   Data   RW         3285    .data               assets_manager.o
    0x20000678   COMPRESSED   0x00000004   Data   RW         3300    .data               locale_info.o
    0x2000067c   COMPRESSED   0x00000008   Data   RW         3417    .data               font_loader_bitmap.o
    0x20000684   COMPRESSED   0x00000004   PAD
    0x20000688   COMPRESSED   0x00000008   Data   RW         3480    .data               time_now.o
    0x20000690   COMPRESSED   0x00000004   Data   RW         3525    .data               style_factory.o
    0x20000694   COMPRESSED   0x00000004   Data   RW         3580    .data               clip_board.o
    0x20000698   COMPRESSED   0x00000008   Data   RW         3646    .data               system_bar.o
    0x200006a0   COMPRESSED   0x00000004   Data   RW         3880    .data               timer_manager.o
    0x200006a4   COMPRESSED   0x00000004   Data   RW         3895    .data               idle_manager.o
    0x200006a8   COMPRESSED   0x00000004   Data   RW         3998    .data               window_animator_factory.o
    0x200006ac   COMPRESSED   0x00000004   Data   RW         4026    .data               dialog_highlighter_factory.o
    0x200006b0   COMPRESSED   0x00000004   Data   RW         4128    .data               children_layouter_factory.o
    0x200006b4   COMPRESSED   0x00000004   Data   RW         4143    .data               self_layouter_factory.o
    0x200006b8   COMPRESSED   0x00000010   Data   RW         4160    .data               overlay.o
    0x200006c8   COMPRESSED   0x00000004   Data   RW         4414    .data               native_window_raw.o
    0x200006cc   COMPRESSED   0x0000004c   Data   RW         4433    .data               window_manager_default.o
    0x20000718   COMPRESSED   0x00000008   Data   RW         4546    .data               ui_feedback.o
    0x20000720   COMPRESSED   0x00000004   Data   RW         4769    .data               mutex_null.o
    0x20000724   COMPRESSED   0x00000004   PAD
    0x20000728   COMPRESSED   0x00000008   Data   RW         4786    .data               sys_tick.o
    0x20000730        -       0x000000c8   Zero   RW          217    .bss                usart.o
    0x200007f8        -       0x0000000a   Zero   RW          513    .bss                rtc.o
    0x20000802   COMPRESSED   0x00000002   PAD
    0x20000804        -       0x0000000c   Zero   RW          538    .bss                touch.o
    0x20000810        -       0x00001000   Zero   RW          593    .bss                flash.o
    0x20001810        -       0x00000014   Zero   RW         1412    .bss                mem.o
    0x20001824        -       0x00000014   Zero   RW         2055    .bss                image_loader.o
    0x20001838        -       0x0000005c   Zero   RW         2100    .bss                main_loop_simple.o
    0x20001894        -       0x00000024   Zero   RW         3119    .bss                ui_builder_default.o
    0x200018b8        -       0x00004100   Zero   RW         4563    .bss                lcd_stm32_raw.o
    0x200059b8        -       0x00002000   Zero   RW         4755    .bss                platform.o
    0x200079b8        -       0x00000060   Zero   RW         5364    .bss                c_w.l(libspace.o)
    0x20007a18        -       0x00000200   Zero   RW          252    HEAP                startup_stm32f10x_hd.o
    0x20007c18        -       0x00000400   Zero   RW          251    STACK               startup_stm32f10x_hd.o


==============================================================================

Image component sizes


      Code (inc. data)   RO Data    RW Data    ZI Data      Debug   Object Name

        48          4        124          0          0       1410   app_bar.o
       412        132     162188          0          0      10999   assets-mini.o
       776         38         22          4          0       7959   assets_manager.o
       904         22          0          0          0      48459   awtk_global.o
      1812         30         89          0          0      30109   bitmap.o
       996         10         24          0          0      12971   buffer.o
       264         12          0          1          0        906   button.o
       928         66        130          8          0      57239   button_1.o
        56          4        116          0          0       1620   button_group.o
       708         24        132          0          0       5515   calibration_win.o
      7672         36          0          0          0      58644   canvas.o
       816         52        267          8          0       5597   check_button.o
       232          0          0          0          0       4514   children_layouter.o
        32         14          0          0          0       1870   children_layouter_builtins.o
      2148        196         61          0          0       7435   children_layouter_default.o
       236         18         68          4          0       3790   children_layouter_factory.o
       284         14          0          0          0       4469   children_layouter_parser.o
       196          8          0          4          0       3676   clip_board.o
       124          8         42          0          0       3484   clip_board_default.o
       344         70         13          0          0       3152   color.o
       644        102       2657       1120          0       3865   color_parser.o
       652         56        152         12          0       4693   color_tile.o
        48          4        123          0          0       1368   column.o
      2128        174        177         60          0      17430   combo_box.o
       740         62        131          0          0       5128   combo_box_item.o
         0          0          0          0          0         32   core_cm3.o
       800         12         40          0          0       7035   darray.o
      1284        258          0          0          0       3779   demo1_app.o
        28          0          0          0          0        548   demo_main.o
       644         60        215         28          0      53634   dialog.o
       100         22        130          0          0       1746   dialog_client.o
      1304        386          0          0          0       5278   dialog_helper.o
       332          6         26          0          0       2997   dialog_highlighter.o
       300         20         70          4          0       4663   dialog_highlighter_factory.o
        84         14        129          0          0       1784   dialog_title.o
       844         72        154         20          0       5044   dragger.o
      5564        320        246         56          0      25166   edit.o
       816          6         26          0          0       9224   emitter.o
       304         12       3682          0          0       9631   enums.o
       120          4         13          0          0       2038   event.o
       272          6         19          0          0       5528   event_queue.o
       520          0          0          0          0      30869   events.o
      4728        106        647          0          0      23970   expr_eval.o
       904         14          0          0       4096       3641   flash.o
       136          4         13          0          0       2802   font.o
        26          0          0          0          0       1475   font_loader.o
       312         28         19          8          0       5713   font_loader_bitmap.o
       392         18         20          4          0      27422   font_manager.o
       640         14         10          0          0       8715   fs.o
         4          0          0          0          0        432   fs_os.o
       268         16          0          0          0       3403   func_call_parser.o
        48          4        120          0          0       1348   grid.o
        48          4        116          0          0       1402   grid_item.o
        56          4        126          0          0       1586   group_box.o
       908         12       2376          0          0       5547   gui.o
      1392         98         19          0          0       7863   hscrollable.o
       138          0          0          0          0       2269   idle.o
       116          6         54          0          0       2293   idle_info.o
       376         16         20          4          0       5791   idle_manager.o
       512         18        201         40          0       4926   image.o
      1444        126        116          0          0       7204   image_base.o
       152          6          0          0         20       7110   image_loader.o
       964         48         39          4          0      22907   image_manager.o
       856          4         38          0          0       3766   input_device_status.o
       116          0          0          0          0       1086   input_engine.o
         0          0          0          0          0        612   input_engine_null.o
       572         10          0          4          0       5722   input_method.o
        92         14         25          0          0       1607   input_method_creator.o
       952         44        122          0          0       8409   label.o
       500         56          0          0          0       5144   layout.o
       828          0          0          0          0      22881   lcd.o
       688         18          0          0          0       2116   lcd_driver.o
         2          0          0          0          0      10677   lcd_profile.o
      1872         44          0          0      16640      25005   lcd_stm32_raw.o
       144         10          0          1          0        727   led.o
        72          4         34          4          0       1500   line_break.o
       532         24         19          4          0       5118   locale_info.o
        68          0          0          0          0     205183   main.o
       196          6          0          4          0       4719   main_loop.o
       688         16          0          0         92       5289   main_loop_simple.o
       184         18          0          0          0      45305   main_loop_stm32_raw.o
       676         10          0          8         20       6247   mem.o
       184         12          0          0          0       1909   misc.o
        20          4          0          4          0       1773   mutex_null.o
       236          6         19          0          0       3291   named_value.o
       586          0          0          0          0       5723   native_window.o
       244         26         94          4          0       3839   native_window_raw.o
      1788         16         14          0          0      15144   object.o
      1078          4        103          0          0      14906   object_default.o
        48          4        124         16          0       1478   overlay.o
       504         20        122          8          0       4616   pages.o
       740          4          0          0          0       5062   path.o
        92         14          0          0       8192       1176   platform.o
       488         54        167         36          0       3920   popup.o
       900         74        151         16          0       5148   progress_bar.o
       760          8         12          0          0       5176   rect.o
        48          4        116          0          0       1338   row.o
      1040         58         24          4         10       4551   rtc.o
       212          0          0          0          0       4603   self_layouter.o
        56         24          0          0          0       1438   self_layouter_builtins.o
      1492        194         53          0          0       5884   self_layouter_default.o
       236         18         60          4          0       3702   self_layouter_factory.o
      1064          6         55          0          0       7261   self_layouter_menu.o
       132         10          0          0          0       3415   self_layouter_parser.o
      2660        138        139         24          0      11739   slider.o
       504         12         31          0          0       5830   slist.o
       456         18          0          0          0       1824   spi.o
       300         68        125          0          0       2161   spin_box.o
        64         26        304          0       1536        784   startup_stm32f10x_hd.o
       156          8          0          0          0       3412   stm32f10x_bkp.o
      1206         10          0          0          0       5991   stm32f10x_fsmc.o
       664         36          0          0          0       6197   stm32f10x_gpio.o
        16          0          0          0          0      63798   stm32f10x_it.o
       172         12          0          0          0       1947   stm32f10x_pwr.o
       756         32          0         20          0       9312   stm32f10x_rcc.o
       276          6          0          0          0       2786   stm32f10x_rtc.o
       692         12          0          0          0       7126   stm32f10x_spi.o
      3114         84          0          0          0      25084   stm32f10x_tim.o
       924         20          0          0          0       9156   stm32f10x_usart.o
      2204         64         23          0          0      14270   str.o
       700        130          0          0          0       5830   style.o
       384         76         51          0          0       4264   style_const.o
        36          6          0          4          0       4001   style_factory.o
      1348         38         95          0          0      13204   style_mutable.o
        64          6          0          8          0       1545   sys_tick.o
       328         40        127          8          0       3236   system_bar.o
      1156        198         56          4          0      25327   system_info.o
       372         34          0         20          0       1735   system_stm32f10x.o
      1104         92        127          8          0       7120   tab_button.o
      1360         80        133          0          0      10285   tab_button_group.o
        56          4        128          0          0       1610   tab_control.o
      7664        176         29          0          0      78420   text_edit.o
       484         16         13          4          0       4273   theme.o
       472         20          0          4          0       1929   tim.o
        60          4          0          8          0        657   time_now.o
       252          0          0          0          0       3300   timer.o
       132          6         55          0          0       3897   timer_info.o
       620         16         21          4          0       6187   timer_manager.o
       528          6          0          0          0       4531   tokenizer.o
       896         34          0          8         12       4294   touch.o
         0          0          0          0          0        956   ui_binary_writer.o
       102          0          0          0          0       2636   ui_builder.o
       240         24          0          0         36       2765   ui_builder_default.o
        52          4          0          8          0       1783   ui_feedback.o
        96          0          0          0          0       1955   ui_loader.o
       264         10          4          0          0       2859   ui_loader_default.o
       264         16          0          6        200       3162   usart.o
       592          4        260          0          0       5537   utf8.o
      1732         58         34          0          0      18791   utils.o
      2044         74         29          0          0      15048   value.o
       428          8          0          0          0       2761   velocity.o
      2118          4          0          0          0      32600   vgcanvas.o
        48          4        121          0          0       1348   view.o
     15400       1126        163         64          0     105947   widget.o
       312         16         46          4          0       4274   widget_factory.o
       764         62        123          0          0      34715   widget_vtable.o
       844        502          0          0          0       1754   widgets.o
       244         18        134         32          0       3062   window.o
       252         16         64          4          0       4391   window_animator_factory.o
      1648        224        116          0          0       6761   window_base.o
      1476         32          0          4          0      46862   window_manager.o
      3600        148        153         76          0      23516   window_manager_default.o
       172         10          0          0          0       2664   window_open.o
      1708         22         20          0          0      15459   wstr.o

    ----------------------------------------------------------------------
    137666       7644     179406       1840      30856    1788251   Object Totals
         0          0         32          0          0          0   (incl. Generated)
        20          0        136         12          2          0   (incl. Padding)

    ----------------------------------------------------------------------

      Code (inc. data)   RO Data    RW Data    ZI Data      Debug   Library Member Name

        24          4          0          0          0         84   __2printf.o
       100          0          0          0          0          0   __dclz77c.o
         8          0          0          0          0         68   __main.o
       392          4         17          0          0         92   __printf_flags_ss_wp.o
        14          0          0          0          0         68   __printf_wp.o
         0          0          0          0          0          0   __rtentry.o
        12          0          0          0          0          0   __rtentry2.o
         6          0          0          0          0          0   __rtentry4.o
        52          8          0          0          0          0   __scatter.o
        28          0          0          0          0          0   __scatter_zi.o
        28          0          0          0          0         68   _chval.o
        12          0          0          0          0         76   _iswspace.o
        60          0          0          0          0         92   _mbrtowc.o
         6          0          0          0          0          0   _printf_a.o
         6          0          0          0          0          0   _printf_c.o
        44          0          0          0          0        108   _printf_char.o
        48          6          0          0          0         96   _printf_char_common.o
        36          4          0          0          0         80   _printf_char_file.o
        40          0          0          0          0         68   _printf_charcount.o
         6          0          0          0          0          0   _printf_d.o
       120         16          0          0          0         92   _printf_dec.o
         6          0          0          0          0          0   _printf_e.o
         6          0          0          0          0          0   _printf_f.o
      1054          0          0          0          0        216   _printf_fp_dec.o
       764          8         38          0          0        100   _printf_fp_hex.o
       128         16          0          0          0         84   _printf_fp_infnan.o
         6          0          0          0          0          0   _printf_g.o
       148          4         40          0          0        160   _printf_hex_int_ll_ptr.o
         6          0          0          0          0          0   _printf_i.o
       178          0          0          0          0         88   _printf_intcommon.o
        10          0          0          0          0          0   _printf_l.o
         6          0          0          0          0          0   _printf_lc.o
        10          0          0          0          0          0   _printf_ll.o
         6          0          0          0          0          0   _printf_lld.o
         6          0          0          0          0          0   _printf_lli.o
         6          0          0          0          0          0   _printf_llo.o
         6          0          0          0          0          0   _printf_llu.o
         6          0          0          0          0          0   _printf_llx.o
       124         16          0          0          0         92   _printf_longlong_dec.o
         6          0          0          0          0          0   _printf_ls.o
         6          0          0          0          0          0   _printf_n.o
         6          0          0          0          0          0   _printf_o.o
       112         10          0          0          0        124   _printf_oct_int_ll.o
         6          0          0          0          0          0   _printf_p.o
        78          0          0          0          0        108   _printf_pad.o
         0          0          0          0          0          0   _printf_percent.o
         4          0          0          0          0          0   _printf_percent_end.o
         6          0          0          0          0          0   _printf_s.o
        82          0          0          0          0         80   _printf_str.o
        36          0          0          0          0         84   _printf_truncate.o
         6          0          0          0          0          0   _printf_u.o
        44          0          0          0          0        108   _printf_wchar.o
       188          6          8          0          0         92   _printf_wctomb.o
         6          0          0          0          0          0   _printf_x.o
        22          0          0          0          0        100   _rserrno.o
       884          6          0          0          0        100   _scanf.o
       332          0          0          0          0         96   _scanf_int.o
       342          0          0          0          0        100   _scanf_longlong.o
       276          0          0          0          0        100   _scanf_mbtowc.o
       224          0          0          0          0         96   _scanf_str.o
        30          0          0          0          0         76   _scanf_wcharmap.o
       232          0          0          0          0        100   _scanf_wctomb.o
       208          0          0          0          0         96   _scanf_wstr.o
        64          0          0          0          0         84   _sgetc.o
        16          0          0          0          0         68   _snputc.o
        10          0          0          0          0         68   _sputc.o
       158          0          0          0          0         92   _strtoul.o
        64          0          0          0          0         92   _wcrtomb.o
       228          4        148          0          0         96   bigflt0.o
        80          0          0          0          0         88   bsearchnoex.o
      2152        136          0          0          0        960   btod.o
        18          0          0          0          0         80   exit.o
         8          0          0          0          0         68   ferror.o
         6          0          0          0          0        152   heapauxi.o
        18          0          0          0          0         76   isspace.o
         4          0          0          0          0         68   iswspace.o
        44         10        272          0          0         76   lc_ctype_c.o
        44         10         28          0          0         76   lc_numeric_c.o
         2          0          0          0          0          0   libinit.o
        30          0          0          0          0          0   libinit2.o
         2          0          0          0          0          0   libshutdown.o
         2          0          0          0          0          0   libshutdown2.o
         8          4          0          0         96         68   libspace.o
        38          0          0          0          0         68   llshl.o
       138          0          0          0          0         80   lludiv10.o
       238          0          0          0          0        100   lludivv7m.o
        88          0          0          0          0         76   memcmp.o
        16          4          0          0          0         76   rt_ctype_table.o
         8          4          0          0          0         68   rt_errno_addr_intlibspace.o
         8          4          0          0          0         68   rt_locale_intlibspace.o
        68          0          0          0          0         68   rt_memclr.o
        78          0          0          0          0         80   rt_memclr_w.o
       138          0          0          0          0         68   rt_memcpy_v6.o
       100          0          0          0          0         80   rt_memcpy_w.o
       132          0          0          0          0         68   rt_memmove_v6.o
       122          0          0          0          0         80   rt_memmove_w.o
         2          0          0          0          0          0   rtexit.o
        10          0          0          0          0          0   rtexit2.o
        44          8          0          0          0         84   scanf_char.o
      1272         16          0          0          0        168   scanf_fp.o
       800         14          0          0          0        100   scanf_hexfp.o
       308         16          0          0          0        100   scanf_infnan.o
        20          0          0          0          0         68   strchr.o
       128          0          0          0          0         68   strcmpv7m.o
        72          0          0          0          0         80   strcpy.o
        62          0          0          0          0         76   strlen.o
       150          0          0          0          0         80   strncmp.o
        86          0          0          0          0         76   strncpy.o
        22          0          0          0          0         68   strrchr.o
        36          0          0          0          0         80   strstr.o
       164         14          0          0          0        120   strtod.o
       112          0          0          0          0         88   strtol.o
       114          0          0          0          0         92   strtoul.o
        74          0          0          0          0         80   sys_stackheap_outer.o
        26          0          0          0          0         76   tolower.o
        30          0          0          0          0         76   toupper.o
         2          0          0          0          0         68   use_no_semi.o
         2          0          0          0          0         68   use_no_semi_2.o
        52          4          0          0          0         80   vsnprintf.o
        52          8          0          0          0         80   vsscanf.o
       100          0          0          0          0         76   wclass_c.o
        22          0          0          0          0         68   wcschr.o
        24          0          0          0          0         68   wcscmp.o
        18          0          0          0          0         68   wcscpy.o
        18          0          0          0          0         68   wcslen.o
        98          4          0          0          0         92   d2f.o
       826         16          0          0          0        348   daddsub_clz.o
        16          4          0          0          0         68   dcheck1.o
        24          0          0          0          0         68   dcmpi.o
       688        140          0          0          0        208   ddiv.o
       120          4          0          0          0         92   deqf.o
        94          4          0          0          0         92   dfix.o
       194          4          0          0          0        116   dfixll.o
        90          4          0          0          0         92   dfixu.o
        84          0          0          0          0        136   dflt_clz.o
       162          0          0          0          0         84   dfltll_clz.o
       120          4          0          0          0         92   dleqf.o
       340         12          0          0          0        104   dmul.o
       156          4          0          0          0         92   dnaninf.o
        12          0          0          0          0         68   dretinf.o
       108          0          0          0          0         80   drleqf.o
       460         56          0          0          0        120   dsqrt_noumaal.o
        86          4          0          0          0         84   f2d.o
       450          8          0          0          0        236   faddsub_clz.o
        12          4          0          0          0         68   fcheck1.o
        24          0          0          0          0         68   fcmpi.o
       388         76          0          0          0         96   fdiv.o
        54          4          0          0          0         84   ffix.o
        62          4          0          0          0         84   ffixu.o
        86          0          0          0          0        136   fflt_clz.o
        96          0          0          0          0         84   ffltll_clz.o
       104          4          0          0          0         84   fleqf.o
       258          4          0          0          0         84   fmul.o
       140          4          0          0          0         84   fnaninf.o
         0          0         16          0          0          0   fpconst.o
        10          0          0          0          0         68   fretinf.o
        98          0          0          0          0         68   frleqf.o
         6          0          0          0          0         68   istatus.o
         4          0          0          0          0         68   printf1.o
         4          0          0          0          0         68   printf2.o
       100          0          0          0          0         68   retnan.o
        92          0          0          0          0         68   scalbn.o
        76          0          0          0          0         68   scalbnf.o
         4          0          0          0          0         68   scanf1.o
         8          0          0          0          0         84   scanf2.o
        48          0          0          0          0         68   trapv.o
         0          0          0          0          0          0   usenofp.o
       636         62         80          0          0        188   acos.o
       624         52         80          0          0        168   asin.o
       544         70        152          0          0        124   atan.o
        42          0          0          0          0         84   atof.o
       220         16          0          0          0         84   ceil.o
       156          8          0          0          0        104   cos.o
       252         22         48          0          0        124   cos_i.o
        64         10          0          0          0        340   dunder.o
       644         90         88          0          0        204   exp.o
       220         16          0          0          0         84   floor.o
        40          0          0          0          0         68   fpclassify.o
        88          8          0          0          0         76   frexp.o
       138          0          0          0          0        160   ldexp.o
       860         52         56          0          0        256   log.o
       228         30          0          0          0        120   log10.o
       204          4          0          0          0        168   narrow.o
       170          0          0          0          0         96   poly.o
         0          0          8          0          0          0   qnan.o
       904         76        200          0          0        140   rred.o
       160         10          0          0          0        108   sin.o
       236         12         40          0          0        128   sin_i.o
        76          0          0          0          0         84   sqrt.o
       100         10          0          0          0         96   tan.o
       636         50         96          0          0        168   tan_i.o

    ----------------------------------------------------------------------
     27688       1332       1420          0         96      15688   Library Totals
        38          2          5          0          0          0   (incl. Padding)

    ----------------------------------------------------------------------

      Code (inc. data)   RO Data    RW Data    ZI Data      Debug   Library Name

     14606        364        551          0         96       8608   c_w.l
      5802        368         16          0          0       3908   fz_ws.l
      7242        598        848          0          0       3172   m_ws.l

    ----------------------------------------------------------------------
     27688       1332       1420          0         96      15688   Library Totals

    ----------------------------------------------------------------------

==============================================================================


      Code (inc. data)   RO Data    RW Data    ZI Data      Debug   

    165354       8976     180826       1840      30952    1779963   Grand Totals
    165354       8976     180826       1152      30952    1779963   ELF Image Totals (compressed)
    165354       8976     180826       1152          0          0   ROM Totals

==============================================================================

    Total RO  Size (Code + RO Data)               346180 ( 338.07kB)
    Total RW  Size (RW Data + ZI Data)             32792 (  32.02kB)
    Total ROM Size (Code + RO Data + RW Data)     347332 ( 339.19kB)

==============================================================================

