Component: ARM Compiler 5.06 update 5 (build 528) Tool: armlink [4d35e2]

==============================================================================

Section Cross References

    system_stm32f10x.o(.text) refers to system_stm32f10x.o(.data) for SystemCoreClock
    main.o(.text) refers to misc.o(.text) for NVIC_PriorityGroupConfig
    main.o(.text) refers to platform.o(.text) for systick_init
    main.o(.text) refers to led.o(.text) for led_init
    main.o(.text) refers to button.o(.text) for button_init
    main.o(.text) refers to lcd_driver.o(.text) for TFT_Init
    main.o(.text) refers to flash.o(.text) for FLASH_Init
    main.o(.text) refers to touch.o(.text) for TOUCH_Init
    main.o(.text) refers to tim.o(.text) for TIM3_Init
    main.o(.text) refers to rtc.o(.text) for rtc_init
    main.o(.text) refers to demo_main.o(.text) for gui_app_start
    sys.o(.text) refers to misc.o(.text) for NVIC_PriorityGroupConfig
    usart.o(.text) refers (Special) to use_no_semi_2.o(.text) for __use_no_semihosting
    usart.o(.text) refers to stm32f10x_rcc.o(.text) for RCC_APB2PeriphClockCmd
    usart.o(.text) refers to stm32f10x_gpio.o(.text) for GPIO_Init
    usart.o(.text) refers to misc.o(.text) for NVIC_Init
    usart.o(.text) refers to stm32f10x_usart.o(.text) for USART_Init
    usart.o(.text) refers to usart.o(.data) for USART_RX_STA
    usart.o(.text) refers to usart.o(.bss) for USART_RX_BUF
    usart.o(.bss) refers (Special) to use_no_semi_2.o(.text) for __use_no_semihosting
    usart.o(.data) refers (Special) to use_no_semi_2.o(.text) for __use_no_semihosting
    startup_stm32f10x_hd.o(STACK) refers (Special) to heapauxi.o(.text) for __use_two_region_memory
    startup_stm32f10x_hd.o(HEAP) refers (Special) to heapauxi.o(.text) for __use_two_region_memory
    startup_stm32f10x_hd.o(RESET) refers (Special) to heapauxi.o(.text) for __use_two_region_memory
    startup_stm32f10x_hd.o(RESET) refers to startup_stm32f10x_hd.o(STACK) for __initial_sp
    startup_stm32f10x_hd.o(RESET) refers to startup_stm32f10x_hd.o(.text) for Reset_Handler
    startup_stm32f10x_hd.o(RESET) refers to stm32f10x_it.o(.text) for NMI_Handler
    startup_stm32f10x_hd.o(RESET) refers to sys_tick.o(.text) for SysTick_Handler
    startup_stm32f10x_hd.o(RESET) refers to rtc.o(.text) for RTC_IRQHandler
    startup_stm32f10x_hd.o(RESET) refers to main_loop_stm32_raw.o(.text) for TIM3_IRQHandler
    startup_stm32f10x_hd.o(RESET) refers to usart.o(.text) for USART1_IRQHandler
    startup_stm32f10x_hd.o(RESET) refers to tim.o(.text) for TIM5_IRQHandler
    startup_stm32f10x_hd.o(.text) refers (Special) to heapauxi.o(.text) for __use_two_region_memory
    startup_stm32f10x_hd.o(.text) refers to system_stm32f10x.o(.text) for SystemInit
    startup_stm32f10x_hd.o(.text) refers to __main.o(!!!main) for __main
    startup_stm32f10x_hd.o(.text) refers to startup_stm32f10x_hd.o(HEAP) for Heap_Mem
    startup_stm32f10x_hd.o(.text) refers to startup_stm32f10x_hd.o(STACK) for Stack_Mem
    stm32f10x_gpio.o(.text) refers to stm32f10x_rcc.o(.text) for RCC_APB2PeriphResetCmd
    stm32f10x_rcc.o(.text) refers to stm32f10x_rcc.o(.data) for APBAHBPrescTable
    stm32f10x_usart.o(.text) refers to stm32f10x_rcc.o(.text) for RCC_APB2PeriphResetCmd
    stm32f10x_wwdg.o(.text) refers to stm32f10x_rcc.o(.text) for RCC_APB1PeriphResetCmd
    stm32f10x_tim.o(.text) refers to stm32f10x_rcc.o(.text) for RCC_APB2PeriphResetCmd
    stm32f10x_bkp.o(.text) refers to stm32f10x_rcc.o(.text) for RCC_BackupResetCmd
    stm32f10x_pwr.o(.text) refers to stm32f10x_rcc.o(.text) for RCC_APB1PeriphResetCmd
    stm32f10x_spi.o(.text) refers to stm32f10x_rcc.o(.text) for RCC_APB2PeriphResetCmd
    led.o(.text) refers to stm32f10x_rcc.o(.text) for RCC_APB2PeriphClockCmd
    led.o(.text) refers to stm32f10x_gpio.o(.text) for GPIO_Init
    led.o(.text) refers to sys_tick.o(.text) for delay_ms
    led.o(.text) refers to led.o(.data) for i
    lcd_driver.o(.text) refers to stm32f10x_rcc.o(.text) for RCC_APB2PeriphClockCmd
    lcd_driver.o(.text) refers to stm32f10x_gpio.o(.text) for GPIO_Init
    lcd_driver.o(.text) refers to stm32f10x_fsmc.o(.text) for FSMC_NORSRAMInit
    button.o(.text) refers to stm32f10x_rcc.o(.text) for RCC_APB2PeriphClockCmd
    button.o(.text) refers to stm32f10x_gpio.o(.text) for GPIO_Init
    button.o(.text) refers to sys_tick.o(.text) for delay_ms
    button.o(.text) refers to button.o(.data) for key_up
    tim.o(.text) refers to stm32f10x_rcc.o(.text) for RCC_APB1PeriphClockCmd
    tim.o(.text) refers to stm32f10x_gpio.o(.text) for GPIO_Init
    tim.o(.text) refers to stm32f10x_tim.o(.text) for TIM_TimeBaseInit
    tim.o(.text) refers to misc.o(.text) for NVIC_Init
    tim.o(.text) refers to tim.o(.data) for TIM5CH1_CAPTURE_STA
    rtc.o(.text) refers to _printf_percent.o(.ARM.Collect$$_printf_percent$$00000000) for _printf_percent
[...]
    0x08000278   0x08000278   0x00000004   Code   RO         4512    .ARM.Collect$$_printf_percent$$00000017  c_w.l(_printf_percent_end.o)
    0x0800027c   0x0800027c   0x00000002   Code   RO         4750    .ARM.Collect$$libinit$$00000000  c_w.l(libinit.o)
    0x0800027e   0x0800027e   0x00000000   Code   RO         4666    .ARM.Collect$$libinit$$00000002  c_w.l(libinit2.o)
    0x0800027e   0x0800027e   0x00000000   Code   RO         4668    .ARM.Collect$$libinit$$00000004  c_w.l(libinit2.o)
    0x0800027e   0x0800027e   0x00000000   Code   RO         4671    .ARM.Collect$$libinit$$0000000A  c_w.l(libinit2.o)
    0x0800027e   0x0800027e   0x00000000   Code   RO         4673    .ARM.Collect$$libinit$$0000000C  c_w.l(libinit2.o)
    0x0800027e   0x0800027e   0x00000000   Code   RO         4675    .ARM.Collect$$libinit$$0000000E  c_w.l(libinit2.o)
    0x0800027e   0x0800027e   0x00000006   Code   RO         4676    .ARM.Collect$$libinit$$0000000F  c_w.l(libinit2.o)
    0x08000284   0x08000284   0x00000000   Code   RO         4678    .ARM.Collect$$libinit$$00000011  c_w.l(libinit2.o)
    0x08000284   0x08000284   0x0000000c   Code   RO         4679    .ARM.Collect$$libinit$$00000012  c_w.l(libinit2.o)
    0x08000290   0x08000290   0x00000000   Code   RO         4680    .ARM.Collect$$libinit$$00000013  c_w.l(libinit2.o)
    0x08000290   0x08000290   0x00000000   Code   RO         4682    .ARM.Collect$$libinit$$00000015  c_w.l(libinit2.o)
    0x08000290   0x08000290   0x0000000a   Code   RO         4683    .ARM.Collect$$libinit$$00000016  c_w.l(libinit2.o)
    0x0800029a   0x0800029a   0x00000000   Code   RO         4684    .ARM.Collect$$libinit$$00000017  c_w.l(libinit2.o)
    0x0800029a   0x0800029a   0x00000000   Code   RO         4686    .ARM.Collect$$libinit$$00000019  c_w.l(libinit2.o)
    0x0800029a   0x0800029a   0x00000000   Code   RO         4688    .ARM.Collect$$libinit$$0000001B  c_w.l(libinit2.o)
    0x0800029a   0x0800029a   0x00000000   Code   RO         4690    .ARM.Collect$$libinit$$0000001D  c_w.l(libinit2.o)
    0x0800029a   0x0800029a   0x00000000   Code   RO         4692    .ARM.Collect$$libinit$$0000001F  c_w.l(libinit2.o)
    0x0800029a   0x0800029a   0x00000000   Code   RO         4694    .ARM.Collect$$libinit$$00000021  c_w.l(libinit2.o)
    0x0800029a   0x0800029a   0x00000000   Code   RO         4696    .ARM.Collect$$libinit$$00000023  c_w.l(libinit2.o)
    0x0800029a   0x0800029a   0x00000000   Code   RO         4698    .ARM.Collect$$libinit$$00000025  c_w.l(libinit2.o)
    0x0800029a   0x0800029a   0x00000000   Code   RO         4702    .ARM.Collect$$libinit$$0000002C  c_w.l(libinit2.o)
    0x0800029a   0x0800029a   0x00000000   Code   RO         4704    .ARM.Collect$$libinit$$0000002E  c_w.l(libinit2.o)
    0x0800029a   0x0800029a   0x00000000   Code   RO         4706    .ARM.Collect$$libinit$$00000030  c_w.l(libinit2.o)
    0x0800029a   0x0800029a   0x00000000   Code   RO         4708    .ARM.Collect$$libinit$$00000032  c_w.l(libinit2.o)
    0x0800029a   0x0800029a   0x00000002   Code   RO         4709    .ARM.Collect$$libinit$$00000033  c_w.l(libinit2.o)
    0x0800029c   0x0800029c   0x00000002   Code   RO         4827    .ARM.Collect$$libshutdown$$00000000  c_w.l(libshutdown.o)
    0x0800029e   0x0800029e   0x00000000   Code   RO         4833    .ARM.Collect$$libshutdown$$00000002  c_w.l(libshutdown2.o)
    0x0800029e   0x0800029e   0x00000000   Code   RO         4835    .ARM.Collect$$libshutdown$$00000004  c_w.l(libshutdown2.o)
    0x0800029e   0x0800029e   0x00000000   Code   RO         4838    .ARM.Collect$$libshutdown$$00000007  c_w.l(libshutdown2.o)
    0x0800029e   0x0800029e   0x00000000   Code   RO         4841    .ARM.Collect$$libshutdown$$0000000A  c_w.l(libshutdown2.o)
    0x0800029e   0x0800029e   0x00000000   Code   RO         4843    .ARM.Collect$$libshutdown$$0000000C  c_w.l(libshutdown2.o)
    0x0800029e   0x0800029e   0x00000000   Code   RO         4846    .ARM.Collect$$libshutdown$$0000000F  c_w.l(libshutdown2.o)
    0x0800029e   0x0800029e   0x00000002   Code   RO         4847    .ARM.Collect$$libshutdown$$00000010  c_w.l(libshutdown2.o)
    0x080002a0   0x080002a0   0x00000000   Code   RO         4437    .ARM.Collect$$rtentry$$00000000  c_w.l(__rtentry.o)
    0x080002a0   0x080002a0   0x00000000   Code   RO         4617    .ARM.Collect$$rtentry$$00000002  c_w.l(__rtentry2.o)
    0x080002a0   0x080002a0   0x00000006   Code   RO         4629    .ARM.Collect$$rtentry$$00000004  c_w.l(__rtentry4.o)
    0x080002a6   0x080002a6   0x00000000   Code   RO         4619    .ARM.Collect$$rtentry$$00000009  c_w.l(__rtentry2.o)
    0x080002a6   0x080002a6   0x00000004   Code   RO         4620    .ARM.Collect$$rtentry$$0000000A  c_w.l(__rtentry2.o)
    0x080002aa   0x080002aa   0x00000000   Code   RO         4622    .ARM.Collect$$rtentry$$0000000C  c_w.l(__rtentry2.o)
    0x080002aa   0x080002aa   0x00000008   Code   RO         4623    .ARM.Collect$$rtentry$$0000000D  c_w.l(__rtentry2.o)
    0x080002b2   0x080002b2   0x00000002   Code   RO         4773    .ARM.Collect$$rtexit$$00000000  c_w.l(rtexit.o)
    0x080002b4   0x080002b4   0x00000000   Code   RO         4792    .ARM.Collect$$rtexit$$00000002  c_w.l(rtexit2.o)
    0x080002b4   0x080002b4   0x00000004   Code   RO         4793    .ARM.Collect$$rtexit$$00000003  c_w.l(rtexit2.o)
    0x080002b8   0x080002b8   0x00000006   Code   RO         4794    .ARM.Collect$$rtexit$$00000004  c_w.l(rtexit2.o)
    0x080002be   0x080002be   0x00000018   Code   RO            1    .text               stm32f10x_it.o
    0x080002d6   0x080002d6   0x00000002   PAD
    0x080002d8   0x080002d8   0x000001e0   Code   RO          104    .text               system_stm32f10x.o
    0x080004b8   0x080004b8   0x00000044   Code   RO          122    .text               main.o
    0x080004fc   0x080004fc   0x00000128   Code   RO          216    .text               usart.o
    0x08000624   0x08000624   0x00000040   Code   RO          253    .text               startup_stm32f10x_hd.o
    0x08000664   0x08000664   0x000000dc   Code   RO          257    .text               misc.o
    0x08000740   0x08000740   0x0000035c   Code   RO          269    .text               stm32f10x_gpio.o
    0x08000a9c   0x08000a9c   0x000003a4   Code   RO          281    .text               stm32f10x_rcc.o
    0x08000e40   0x08000e40   0x00000408   Code   RO          295    .text               stm32f10x_usart.o
    0x08001248   0x08001248   0x00000e1a   Code   RO          343    .text               stm32f10x_tim.o
    0x08002062   0x08002062   0x00000002   PAD
    0x08002064   0x08002064   0x0000060c   Code   RO          355    .text               stm32f10x_fsmc.o
    0x08002670   0x08002670   0x000000c4   Code   RO          367    .text               stm32f10x_bkp.o
    0x08002734   0x08002734   0x00000148   Code   RO          379    .text               stm32f10x_rtc.o
    0x0800287c   0x0800287c   0x000000cc   Code   RO          391    .text               stm32f10x_pwr.o
    0x08002948   0x08002948   0x0000030c   Code   RO          415    .text               stm32f10x_spi.o
    0x08002c54   0x08002c54   0x000000a4   Code   RO          451    .text               led.o
    0x08002cf8   0x08002cf8   0x000002b8   Code   RO          464    .text               lcd_driver.o
    0x08002fb0   0x08002fb0   0x00000100   Code   RO          479    .text               button.o
    0x080030b0   0x080030b0   0x0000023c   Code   RO          492    .text               tim.o
    0x080032ec   0x080032ec   0x00000460   Code   RO          511    .text               rtc.o
    0x0800374c   0x0800374c   0x00000440   Code   RO          535    .text               touch.o
    0x08003b8c   0x08003b8c   0x000001dc   Code   RO          557    .text               spi.o
    0x08003d68   0x08003d68   0x00000430   Code   RO          569    .text               gui.o
    0x08004198   0x08004198   0x0000039c   Code   RO          590    .text               flash.o
    0x08004534   0x08004534   0x00000582   Code   RO          604    .text               bitmap.o
    0x08004ab6   0x08004ab6   0x00000002   PAD
    0x08004ab8   0x08004ab8   0x00000428   Code   RO          663    .text               buffer.o
    0x08004ee0   0x08004ee0   0x000003d8   Code   RO          679    .text               button_1.o
    0x080052b8   0x080052b8   0x00002be0   Code   RO          803    .text               canvas.o
    0x08007e98   0x08007e98   0x00000398   Code   RO          878    .text               check_button.o
    0x08008230   0x08008230   0x00000138   Code   RO          903    .text               color.o
    0x08008368   0x08008368   0x000007d8   Code   RO          922    .text               dialog.o
    0x08008b40   0x08008b40   0x00000398   Code   RO          992    .text               emitter.o
    0x08008ed8   0x08008ed8   0x00000124   Code   RO         1011    .text               enums.o
    0x08008ffc   0x08008ffc   0x000000cc   Code   RO         1038    .text               font.o
    0x080090c8   0x080090c8   0x00000194   Code   RO         1054    .text               font_manager.o
    0x0800925c   0x0800925c   0x00000054   Code   RO         1081    .text               group_box.o
    0x080092b0   0x080092b0   0x0000022c   Code   RO         1099    .text               image.o
    0x080094dc   0x080094dc   0x0000042c   Code   RO         1121    .text               image_manager.o
    0x08009908   0x08009908   0x00000490   Code   RO         1148    .text               label.o
    0x08009d98   0x08009d98   0x0000044e   Code   RO         1163    .text               lcd.o
    0x0800a1e6   0x0800a1e6   0x00000002   PAD
    0x0800a1e8   0x0800a1e8   0x0000012c   Code   RO         1208    .text               main_loop.o
    0x0800a314   0x0800a314   0x000002f4   Code   RO         1225    .text               mem.o
    0x0800a608   0x0800a608   0x000003e0   Code   RO         1239    .text               progress_bar.o
    0x0800a9e8   0x0800a9e8   0x00000358   Code   RO         1258    .text               rect.o
    0x0800ad40   0x0800ad40   0x00000220   Code   RO         1274    .text               theme.o
    0x0800af60   0x0800af60   0x00000304   Code   RO         1289    .text               utf8.o
    0x0800b264   0x0800b264   0x0000087c   Code   RO         1304    .text               value.o
    0x0800bae0   0x0800bae0   0x00003320   Code   RO         1317    .text               widget.o
    0x0800ee00   0x0800ee00   0x000002e4   Code   RO         1449    .text               widget_vtable.o
    0x0800f0e4   0x0800f0e4   0x00000114   Code   RO         1497    .text               window.o
    0x0800f1f8   0x0800f1f8   0x00001290   Code   RO         1516    .text               window_manager.o
    0x08010488   0x08010488   0x00000750   Code   RO         1550    .text               wstr.o
    0x08010bd8   0x08010bd8   0x00000840   Code   RO         1569    .text               utils.o
    0x08011418   0x08011418   0x000000d6   Code   RO         1600    .text               events.o
    0x080114ee   0x080114ee   0x000000f4   Code   RO         1663    .text               timer.o
    0x080115e2   0x080115e2   0x00000002   PAD
    0x080115e4   0x080115e4   0x00000190   Code   RO         1675    .text               layout.o
    0x08011774   0x08011774   0x00000150   Code   RO         1693    .text               event_queue.o
    0x080118c4   0x080118c4   0x000009d4   Code   RO         1724    .text               slider.o
    0x08012298   0x08012298   0x00000324   Code   RO         1743    .text               window_animator.o
    0x080125bc   0x080125bc   0x0000009a   Code   RO         1756    .text               idle.o
    0x08012656   0x08012656   0x00000002   PAD
    0x08012658   0x08012658   0x000004b4   Code   RO         1768    .text               system_info.o
    0x08012b0c   0x08012b0c   0x00000022   Code   RO         1784    .text               image_loader.o
    0x08012b2e   0x08012b2e   0x00000002   PAD
    0x08012b30   0x08012b30   0x00000968   Code   RO         1799    .text               str.o
    0x08013498   0x08013498   0x000002b8   Code   RO         1815    .text               main_loop_simple.o
    0x08013750   0x08013750   0x00000220   Code   RO         1834    .text               pages.o
    0x08013970   0x08013970   0x00001ed0   Code   RO         1853    .text               edit.o
    0x08015840   0x08015840   0x00000040   Code   RO         1876    .text               view.o
    0x08015880   0x08015880   0x00000180   Code   RO         1909    .text               widget_factory.o
    0x08015a00   0x08015a00   0x00000268   Code   RO         2083    .text               tokenizer.o
    0x08015c68   0x08015c68   0x00000244   Code   RO         2095    .text               input_method.o
    0x08015eac   0x08015eac   0x0000007e   Code   RO         2125    .text               input_engine.o
    0x08015f2a   0x08015f2a   0x00000002   PAD
    0x08015f2c   0x08015f2c   0x0000015c   Code   RO         2137    .text               spin_box.o
    0x08016088   0x08016088   0x000003b4   Code   RO         2156    .text               dragger.o
    0x0801643c   0x0801643c   0x0000007c   Code   RO         2175    .text               dialog_client.o
    0x080164b8   0x080164b8   0x0000006c   Code   RO         2190    .text               dialog_title.o
    0x08016524   0x08016524   0x00000374   Code   RO         2205    .text               awtk_global.o
    0x08016898   0x08016898   0x00000068   Code   RO         2526    .text               input_method_creator.o
    0x08016900   0x08016900   0x00000054   Code   RO         2542    .text               button_group.o
    0x08016954   0x08016954   0x000002a4   Code   RO         2560    .text               color_parser.o
    0x08016bf8   0x08016bf8   0x000008fc   Code   RO         2578    .text               combo_box.o
    0x080174f4   0x080174f4   0x00000334   Code   RO         2604    .text               combo_box_item.o
    0x08017828   0x08017828   0x00000964   Code   RO         2619    .text               easing.o
    0x0801818c   0x0801818c   0x0000038c   Code   RO         2633    .text               fs.o
    0x08018518   0x08018518   0x00000234   Code   RO         2692    .text               popup.o
    0x0801874c   0x0801874c   0x000004b0   Code   RO         2737    .text               tab_button.o
    0x08018bfc   0x08018bfc   0x000003e4   Code   RO         2756    .text               tab_button_group.o
    0x08018fe0   0x08018fe0   0x00000054   Code   RO         2774    .text               tab_control.o
    0x08019034   0x08019034   0x000000a2   Code   RO         2792    .text               ui_builder.o
    0x080190d6   0x080190d6   0x00000002   PAD
    0x080190d8   0x080190d8   0x00000af4   Code   RO         2807    .text               vgcanvas.o
    0x08019bcc   0x08019bcc   0x000003fc   Code   RO         2819    .text               widget_animator.o
    0x08019fc8   0x08019fc8   0x00000104   Code   RO         2861    .text               ui_builder_default.o
    0x0801a0cc   0x0801a0cc   0x00000030   Code   RO         2884    .text               ui_loader.o
    0x0801a0fc   0x0801a0fc   0x0000011c   Code   RO         2896    .text               ui_loader_default.o
    0x0801a218   0x0801a218   0x00000118   Code   RO         2963    .text               window_open.o
    0x0801a330   0x0801a330   0x000002d8   Code   RO         3003    .text               color_tile.o
    0x0801a608   0x0801a608   0x00000310   Code   RO         3022    .text               assets_manager.o
    0x0801a918   0x0801a918   0x00000250   Code   RO         3037    .text               locale_info.o
    0x0801ab68   0x0801ab68   0x00000344   Code   RO         3052    .text               path.o
    0x0801aeac   0x0801aeac   0x00000040   Code   RO         3064    .text               app_bar.o
    0x0801aeec   0x0801aeec   0x00000040   Code   RO         3082    .text               column.o
    0x0801af2c   0x0801af2c   0x00000040   Code   RO         3100    .text               grid.o
    0x0801af6c   0x0801af6c   0x00000040   Code   RO         3118    .text               row.o
    0x0801afac   0x0801afac   0x00000304   Code   RO         3136    .text               calibration_win.o
    0x0801b2b0   0x0801b2b0   0x00000190   Code   RO         3154    .text               font_loader_bitmap.o
    0x0801b440   0x0801b440   0x0000002c   Code   RO         3168    .text               font_loader.o
    0x0801b46c   0x0801b46c   0x00000556   Code   RO         3180    .text               window_base.o
    0x0801b9c2   0x0801b9c2   0x00000006   Code   RO         3194    .text               widget_animator_factory_null.o
    0x0801b9c8   0x0801b9c8   0x00000018   Code   RO         3209    .text               time_now.o
    0x0801b9e0   0x0801b9e0   0x000000d4   Code   RO         3221    .text               style.o
    0x0801bab4   0x0801bab4   0x000001e0   Code   RO         3236    .text               style_const.o
    0x0801bc94   0x0801bc94   0x00000034   Code   RO         3253    .text               style_factory.o
    0x0801bcc8   0x0801bcc8   0x00000340   Code   RO         3273    .text               widget_animator_manager.o
    0x0801c008   0x0801c008   0x000000a0   Code   RO         3288    .text               clip_board_default.o
    0x0801c0a8   0x0801c0a8   0x00000104   Code   RO         3305    .text               clip_board.o
    0x0801c1ac   0x0801c1ac   0x00000648   Code   RO         3322    .text               image_base.o
    0x0801c7f4   0x0801c7f4   0x00000040   Code   RO         3336    .text               grid_item.o
    0x0801c834   0x0801c834   0x0000031c   Code   RO         3354    .text               input_device_status.o
    0x0801cb50   0x0801cb50   0x0000017c   Code   RO         3368    .text               system_bar.o
    0x0801cccc   0x0801cccc   0x00000860   Code   RO         3387    .text               children_layouter_default.o
    0x0801d52c   0x0801d52c   0x00000150   Code   RO         3408    .text               children_layouter_factory.o
    0x0801d67c   0x0801d67c   0x000005a8   Code   RO         3432    .text               self_layouter_default.o
    0x0801dc24   0x0801dc24   0x000000ac   Code   RO         3450    .text               self_layouter_factory.o
    0x0801dcd0   0x0801dcd0   0x00000158   Code   RO         3471    .text               children_layouter.o
    0x0801de28   0x0801de28   0x0000013c   Code   RO         3486    .text               self_layouter.o
    0x0801df64   0x0801df64   0x00000140   Code   RO         3522    .text               func_call_parser.o
    0x0801e0a4   0x0801e0a4   0x00000084   Code   RO         3540    .text               event.o
    0x0801e128   0x0801e128   0x000000f8   Code   RO         3553    .text               named_value.o
    0x0801e220   0x0801e220   0x000006c0   Code   RO         3569    .text               object.o
    0x0801e8e0   0x0801e8e0   0x00000444   Code   RO         3585    .text               object_default.o
    0x0801ed24   0x0801ed24   0x0000008c   Code   RO         3621    .text               timer_info.o
    0x0801edb0   0x0801edb0   0x00000284   Code   RO         3645    .text               timer_manager.o
    0x0801f034   0x0801f034   0x000001b8   Code   RO         3660    .text               idle_manager.o
    0x0801f1ec   0x0801f1ec   0x00000080   Code   RO         3681    .text               idle_info.o
    0x0801f26c   0x0801f26c   0x00000250   Code   RO         3696    .text               slist.o
    0x0801f4bc   0x0801f4bc   0x000002d8   Code   RO         3712    .text               widget_pool.o
    0x0801f794   0x0801f794   0x00000384   Code   RO         3727    .text               darray.o
    0x0801fb18   0x0801fb18   0x00001344   Code   RO         3743    .text               expr_eval.o
    0x08020e5c   0x08020e5c   0x00000002   Code   RO         3757    .text               lcd_profile.o
    0x08020e5e   0x08020e5e   0x00000002   PAD
    0x08020e60   0x08020e60   0x00000120   Code   RO         3778    .text               window_animator_factory.o
    0x08020f80   0x08020f80   0x00000120   Code   RO         3793    .text               dialog_highlighter.o
    0x080210a0   0x080210a0   0x00000170   Code   RO         3806    .text               dialog_highlighter_factory.o
    0x08021210   0x08021210   0x000006d0   Code   RO         3821    .text               lcd_stm32_raw.o
    0x080218e0   0x080218e0   0x000000d8   Code   RO         3851    .text               main_loop_stm32_raw.o
    0x080219b8   0x080219b8   0x00000064   Code   RO         3984    .text               platform.o
    0x08021a1c   0x08021a1c   0x0000001c   Code   RO         3998    .text               mutex_null.o
    0x08021a38   0x08021a38   0x0000004c   Code   RO         4015    .text               sys_tick.o
    0x08021a84   0x08021a84   0x00000004   Code   RO         4029    .text               fs_os.o
    0x08021a88   0x08021a88   0x00000026   Code   RO         4041    .text               demo_main.o
    0x08021aae   0x08021aae   0x00000002   PAD
    0x08021ab0   0x08021ab0   0x000005b0   Code   RO         4089    .text               demo1_app.o
    0x08022060   0x08022060   0x0000019c   Code   RO         4107    .text               assets-mini.o
    0x080221fc   0x080221fc   0x00000002   Code   RO         4157    .text               c_w.l(use_no_semi_2.o)
    0x080221fe   0x080221fe   0x00000002   PAD
    0x08022200   0x08022200   0x00000010   Code   RO         4159    .text               c_w.l(rt_ctype_table.o)
    0x08022210   0x08022210   0x0000001a   Code   RO         4161    .text               c_w.l(tolower.o)
    0x0802222a   0x0802222a   0x0000001e   Code   RO         4163    .text               c_w.l(toupper.o)
    0x08022248   0x08022248   0x00000034   Code   RO         4165    .text               c_w.l(vsnprintf.o)
    0x0802227c   0x0802227c   0x00000018   Code   RO         4167    .text               c_w.l(__2printf.o)
    0x08022294   0x08022294   0x00000078   Code   RO         4173    .text               c_w.l(_printf_dec.o)
    0x0802230c   0x0802230c   0x00000188   Code   RO         4192    .text               c_w.l(__printf_flags_ss_wp.o)
    0x08022494   0x08022494   0x00000034   Code   RO         4197    .text               c_w.l(vsscanf.o)
    0x080224c8   0x080224c8   0x00000070   Code   RO         4199    .text               c_w.l(strtol.o)
    0x08022538   0x08022538   0x00000050   Code   RO         4201    .text               c_w.l(bsearchnoex.o)
    0x08022588   0x08022588   0x00000014   Code   RO         4203    .text               c_w.l(strchr.o)
    0x0802259c   0x0802259c   0x00000024   Code   RO         4205    .text               c_w.l(strstr.o)
    0x080225c0   0x080225c0   0x00000058   Code   RO         4207    .text               c_w.l(memcmp.o)
    0x08022618   0x08022618   0x00000048   Code   RO         4209    .text               c_w.l(strcpy.o)
    0x08022660   0x08022660   0x00000016   Code   RO         4211    .text               c_w.l(strrchr.o)
    0x08022676   0x08022676   0x0000003e   Code   RO         4213    .text               c_w.l(strlen.o)
    0x080226b4   0x080226b4   0x00000012   Code   RO         4215    .text               c_w.l(wcscpy.o)
    0x080226c6   0x080226c6   0x00000018   Code   RO         4217    .text               c_w.l(wcscmp.o)
    0x080226de   0x080226de   0x00000016   Code   RO         4219    .text               c_w.l(wcschr.o)
    0x080226f4   0x080226f4   0x00000012   Code   RO         4221    .text               c_w.l(wcslen.o)
    0x08022706   0x08022706   0x00000096   Code   RO         4223    .text               c_w.l(strncmp.o)
    0x0802279c   0x0802279c   0x0000008a   Code   RO         4225    .text               c_w.l(rt_memcpy_v6.o)
    0x08022826   0x08022826   0x00000084   Code   RO         4227    .text               c_w.l(rt_memmove_v6.o)
    0x080228aa   0x080228aa   0x00000064   Code   RO         4229    .text               c_w.l(rt_memcpy_w.o)
    0x0802290e   0x0802290e   0x00000044   Code   RO         4231    .text               c_w.l(rt_memclr.o)
    0x08022952   0x08022952   0x0000004e   Code   RO         4233    .text               c_w.l(rt_memclr_w.o)
    0x080229a0   0x080229a0   0x00000056   Code   RO         4235    .text               c_w.l(strncpy.o)
    0x080229f6   0x080229f6   0x00000002   PAD
    0x080229f8   0x080229f8   0x00000080   Code   RO         4237    .text               c_w.l(strcmpv7m.o)
    0x08022a78   0x08022a78   0x00000006   Code   RO         4239    .text               c_w.l(heapauxi.o)
    0x08022a7e   0x08022a7e   0x00000002   Code   RO         4435    .text               c_w.l(use_no_semi.o)
    0x08022a80   0x08022a80   0x00000008   Code   RO         4441    .text               c_w.l(rt_locale_intlibspace.o)
    0x08022a88   0x08022a88   0x00000008   Code   RO         4446    .text               c_w.l(rt_errno_addr_intlibspace.o)
    0x08022a90   0x08022a90   0x00000016   Code   RO         4448    .text               c_w.l(_rserrno.o)
    0x08022aa6   0x08022aa6   0x0000004e   Code   RO         4450    .text               c_w.l(_printf_pad.o)
    0x08022af4   0x08022af4   0x00000024   Code   RO         4452    .text               c_w.l(_printf_truncate.o)
    0x08022b18   0x08022b18   0x00000052   Code   RO         4454    .text               c_w.l(_printf_str.o)
    0x08022b6a   0x08022b6a   0x000000b2   Code   RO         4456    .text               c_w.l(_printf_intcommon.o)
    0x08022c1c   0x08022c1c   0x00000028   Code   RO         4458    .text               c_w.l(_printf_charcount.o)
    0x08022c44   0x08022c44   0x00000030   Code   RO         4460    .text               c_w.l(_printf_char_common.o)
    0x08022c74   0x08022c74   0x0000000a   Code   RO         4462    .text               c_w.l(_sputc.o)
    0x08022c7e   0x08022c7e   0x00000010   Code   RO         4464    .text               c_w.l(_snputc.o)
    0x08022c8e   0x08022c8e   0x00000002   PAD
    0x08022c90   0x08022c90   0x00000024   Code   RO         4466    .text               c_w.l(_printf_char_file.o)
    0x08022cb4   0x08022cb4   0x000000bc   Code   RO         4468    .text               c_w.l(_printf_wctomb.o)
    0x08022d70   0x08022d70   0x0000007c   Code   RO         4471    .text               c_w.l(_printf_longlong_dec.o)
    0x08022dec   0x08022dec   0x00000070   Code   RO         4477    .text               c_w.l(_printf_oct_int_ll.o)
    0x08022e5c   0x08022e5c   0x00000094   Code   RO         4497    .text               c_w.l(_printf_hex_int_ll_ptr.o)
    0x08022ef0   0x08022ef0   0x00000156   Code   RO         4522    .text               c_w.l(_scanf_longlong.o)
    0x08023046   0x08023046   0x0000014c   Code   RO         4524    .text               c_w.l(_scanf_int.o)
    0x08023192   0x08023192   0x000000e0   Code   RO         4526    .text               c_w.l(_scanf_str.o)
    0x08023272   0x08023272   0x00000002   PAD
    0x08023274   0x08023274   0x0000002c   Code   RO         4528    .text               c_w.l(scanf_char.o)
    0x080232a0   0x080232a0   0x00000040   Code   RO         4530    .text               c_w.l(_sgetc.o)
    0x080232e0   0x080232e0   0x0000009e   Code   RO         4532    .text               c_w.l(_strtoul.o)
    0x0802337e   0x0802337e   0x00000002   PAD
    0x08023380   0x08023380   0x000000a4   Code   RO         4534    .text               c_w.l(strtod.o)
    0x08023424   0x08023424   0x00000114   Code   RO         4536    .text               c_w.l(_scanf_mbtowc.o)
    0x08023538   0x08023538   0x000000e8   Code   RO         4538    .text               c_w.l(_scanf_wctomb.o)
    0x08023620   0x08023620   0x000000d0   Code   RO         4540    .text               c_w.l(_scanf_wstr.o)
    0x080236f0   0x080236f0   0x0000007a   Code   RO         4545    .text               c_w.l(rt_memmove_w.o)
    0x0802376a   0x0802376a   0x00000002   PAD
    0x0802376c   0x0802376c   0x00000008   Code   RO         4613    .text               c_w.l(libspace.o)
    0x08023774   0x08023774   0x0000008a   Code   RO         4631    .text               c_w.l(lludiv10.o)
    0x080237fe   0x080237fe   0x00000012   Code   RO         4633    .text               c_w.l(isspace.o)
    0x08023810   0x08023810   0x0000041e   Code   RO         4635    .text               c_w.l(_printf_fp_dec.o)
    0x08023c2e   0x08023c2e   0x00000002   PAD
    0x08023c30   0x08023c30   0x000002fc   Code   RO         4637    .text               c_w.l(_printf_fp_hex.o)
    0x08023f2c   0x08023f2c   0x0000002c   Code   RO         4642    .text               c_w.l(_printf_char.o)
    0x08023f58   0x08023f58   0x0000002c   Code   RO         4644    .text               c_w.l(_printf_wchar.o)
    0x08023f84   0x08023f84   0x0000001c   Code   RO         4646    .text               c_w.l(_chval.o)
    0x08023fa0   0x08023fa0   0x00000374   Code   RO         4648    .text               c_w.l(_scanf.o)
    0x08024314   0x08024314   0x000004f8   Code   RO         4650    .text               c_w.l(scanf_fp.o)
    0x0802480c   0x0802480c   0x0000001e   Code   RO         4652    .text               c_w.l(_scanf_wcharmap.o)
    0x0802482a   0x0802482a   0x00000008   Code   RO         4654    .text               c_w.l(ferror.o)
    0x08024832   0x08024832   0x0000003c   Code   RO         4658    .text               c_w.l(_mbrtowc.o)
    0x0802486e   0x0802486e   0x00000040   Code   RO         4660    .text               c_w.l(_wcrtomb.o)
    0x080248ae   0x080248ae   0x0000004a   Code   RO         4712    .text               c_w.l(sys_stackheap_outer.o)
    0x080248f8   0x080248f8   0x00000080   Code   RO         4714    .text               c_w.l(_printf_fp_infnan.o)
    0x08024978   0x08024978   0x000000e4   Code   RO         4716    .text               c_w.l(bigflt0.o)
    0x08024a5c   0x08024a5c   0x00000012   Code   RO         4741    .text               c_w.l(exit.o)
    0x08024a6e   0x08024a6e   0x00000002   PAD
    0x08024a70   0x08024a70   0x00000320   Code   RO         4775    .text               c_w.l(scanf_hexfp.o)
    0x08024d90   0x08024d90   0x00000134   Code   RO         4777    .text               c_w.l(scanf_infnan.o)
    0x08024ec4   0x08024ec4   0x00000026   Code   RO         4800    .text               c_w.l(llshl.o)
    0x08024eea   0x08024eea   0x0000003e   Code   RO         4719    CL$$btod_d2e        c_w.l(btod.o)
    0x08024f28   0x08024f28   0x00000046   Code   RO         4721    CL$$btod_d2e_denorm_low  c_w.l(btod.o)
    0x08024f6e   0x08024f6e   0x00000060   Code   RO         4720    CL$$btod_d2e_norm_op1  c_w.l(btod.o)
    0x08024fce   0x08024fce   0x00000338   Code   RO         4729    CL$$btod_div_common  c_w.l(btod.o)
    0x08025306   0x08025306   0x00000002   PAD
    0x08025308   0x08025308   0x00000084   Code   RO         4727    CL$$btod_e2d        c_w.l(btod.o)
    0x0802538c   0x0802538c   0x000000dc   Code   RO         4726    CL$$btod_e2e        c_w.l(btod.o)
    0x08025468   0x08025468   0x0000002a   Code   RO         4723    CL$$btod_ediv       c_w.l(btod.o)
    0x08025492   0x08025492   0x0000002a   Code   RO         4725    CL$$btod_edivd      c_w.l(btod.o)
    0x080254bc   0x080254bc   0x0000002a   Code   RO         4722    CL$$btod_emul       c_w.l(btod.o)
    0x080254e6   0x080254e6   0x0000002a   Code   RO         4724    CL$$btod_emuld      c_w.l(btod.o)
    0x08025510   0x08025510   0x00000244   Code   RO         4728    CL$$btod_mult_common  c_w.l(btod.o)
    0x08025754   0x08025754   0x00000028   Code   RO         4591    i.__ARM_fpclassify  m_ws.l(fpclassify.o)
    0x0802577c   0x0802577c   0x00000388   Code   RO         4596    i.__ieee754_rem_pio2  m_ws.l(rred.o)
    0x08025b04   0x08025b04   0x000000fc   Code   RO         4574    i.__kernel_cos      m_ws.l(cos_i.o)
    0x08025c00   0x08025c00   0x000000aa   Code   RO         4593    i.__kernel_poly     m_ws.l(poly.o)
    0x08025caa   0x08025caa   0x00000002   PAD
    0x08025cac   0x08025cac   0x000000ec   Code   RO         4601    i.__kernel_sin      m_ws.l(sin_i.o)
    0x08025d98   0x08025d98   0x0000027c   Code   RO         4607    i.__kernel_tan      m_ws.l(tan_i.o)
    0x08026014   0x08026014   0x00000010   Code   RO         4577    i.__mathlib_dbl_divzero  m_ws.l(dunder.o)
    0x08026024   0x08026024   0x00000006   Code   RO         4578    i.__mathlib_dbl_infnan  m_ws.l(dunder.o)
    0x0802602a   0x0802602a   0x00000004   Code   RO         4579    i.__mathlib_dbl_infnan2  m_ws.l(dunder.o)
    0x0802602e   0x0802602e   0x0000000c   Code   RO         4580    i.__mathlib_dbl_invalid  m_ws.l(dunder.o)
    0x0802603a   0x0802603a   0x0000000e   Code   RO         4581    i.__mathlib_dbl_overflow  m_ws.l(dunder.o)
    0x08026048   0x08026048   0x00000010   Code   RO         4583    i.__mathlib_dbl_underflow  m_ws.l(dunder.o)
    0x08026058   0x08026058   0x00000010   Code   RO         4767    i.__mathlib_narrow  m_ws.l(narrow.o)
    0x08026068   0x08026068   0x000000bc   Code   RO         4768    i.__mathlib_tofloat  m_ws.l(narrow.o)
    0x08026124   0x08026124   0x00000016   Code   RO         4807    i.__support_ldexp   m_ws.l(ldexp.o)
    0x0802613a   0x0802613a   0x0000000e   Code   RO         4185    i._is_digit         c_w.l(__printf_wp.o)
    0x08026148   0x08026148   0x0000027c   Code   RO         4322    i.acos              m_ws.l(acos.o)
    0x080263c4   0x080263c4   0x00000270   Code   RO         4332    i.asin              m_ws.l(asin.o)
    0x08026634   0x08026634   0x00000220   Code   RO         4342    i.atan              m_ws.l(atan.o)
    0x08026854   0x08026854   0x0000002a   Code   RO         4352    i.atof              m_ws.l(atof.o)
    0x0802687e   0x0802687e   0x00000002   PAD
    0x08026880   0x08026880   0x000000dc   Code   RO         4356    i.ceil              m_ws.l(ceil.o)
    0x0802695c   0x0802695c   0x00000004   Code   RO         4433    i.ceill             m_ws.l(ceill.o)
    0x08026960   0x08026960   0x0000009c   Code   RO         4360    i.cos               m_ws.l(cos.o)
    0x080269fc   0x080269fc   0x00000284   Code   RO         4368    i.exp               m_ws.l(exp.o)
    0x08026c80   0x08026c80   0x000000dc   Code   RO         4378    i.floor             m_ws.l(floor.o)
    0x08026d5c   0x08026d5c   0x00000058   Code   RO         4786    i.frexp             m_ws.l(frexp.o)
    0x08026db4   0x08026db4   0x00000074   Code   RO         4808    i.ldexp             m_ws.l(ldexp.o)
    0x08026e28   0x08026e28   0x0000035c   Code   RO         4382    i.log               m_ws.l(log.o)
    0x08027184   0x08027184   0x000000e4   Code   RO         4392    i.log10             m_ws.l(log10.o)
    0x08027268   0x08027268   0x000009d8   Code   RO         4400    i.pow               m_ws.l(pow.o)
    0x08027c40   0x08027c40   0x000000a0   Code   RO         4410    i.sin               m_ws.l(sin.o)
    0x08027ce0   0x08027ce0   0x0000004c   Code   RO         4418    i.sqrt              m_ws.l(sqrt.o)
    0x08027d2c   0x08027d2c   0x00000064   Code   RO         4426    i.tan               m_ws.l(tan.o)
    0x08027d90   0x08027d90   0x0000002c   Code   RO         4543    locale$$code        c_w.l(lc_ctype_c.o)
    0x08027dbc   0x08027dbc   0x0000002c   Code   RO         4663    locale$$code        c_w.l(lc_numeric_c.o)
    0x08027de8   0x08027de8   0x00000062   Code   RO         4243    x$fpl$d2f           fz_ws.l(d2f.o)
    0x08027e4a   0x08027e4a   0x00000002   PAD
    0x08027e4c   0x08027e4c   0x00000150   Code   RO         4245    x$fpl$dadd          fz_ws.l(daddsub_clz.o)
    0x08027f9c   0x08027f9c   0x00000010   Code   RO         4710    x$fpl$dcheck1       fz_ws.l(dcheck1.o)
    0x08027fac   0x08027fac   0x00000018   Code   RO         4547    x$fpl$dcmpinf       fz_ws.l(dcmpi.o)
    0x08027fc4   0x08027fc4   0x000002b0   Code   RO         4252    x$fpl$ddiv          fz_ws.l(ddiv.o)
    0x08028274   0x08028274   0x00000078   Code   RO         4255    x$fpl$deqf          fz_ws.l(deqf.o)
    0x080282ec   0x080282ec   0x0000005e   Code   RO         4257    x$fpl$dfix          fz_ws.l(dfix.o)
    0x0802834a   0x0802834a   0x00000002   PAD
    0x0802834c   0x0802834c   0x0000005a   Code   RO         4265    x$fpl$dfixu         fz_ws.l(dfixu.o)
    0x080283a6   0x080283a6   0x0000002e   Code   RO         4270    x$fpl$dflt          fz_ws.l(dflt_clz.o)
    0x080283d4   0x080283d4   0x000000a2   Code   RO         4275    x$fpl$dfltll        fz_ws.l(dfltll_clz.o)
    0x08028476   0x08028476   0x00000026   Code   RO         4269    x$fpl$dfltu         fz_ws.l(dflt_clz.o)
    0x0802849c   0x0802849c   0x00000078   Code   RO         4279    x$fpl$dleqf         fz_ws.l(dleqf.o)
    0x08028514   0x08028514   0x00000154   Code   RO         4281    x$fpl$dmul          fz_ws.l(dmul.o)
    0x08028668   0x08028668   0x0000009c   Code   RO         4549    x$fpl$dnaninf       fz_ws.l(dnaninf.o)
    0x08028704   0x08028704   0x0000000c   Code   RO         4551    x$fpl$dretinf       fz_ws.l(dretinf.o)
    0x08028710   0x08028710   0x0000006c   Code   RO         4283    x$fpl$drleqf        fz_ws.l(drleqf.o)
    0x0802877c   0x0802877c   0x00000016   Code   RO         4246    x$fpl$drsb          fz_ws.l(daddsub_clz.o)
    0x08028792   0x08028792   0x00000002   PAD
    0x08028794   0x08028794   0x000001cc   Code   RO         4553    x$fpl$dsqrt         fz_ws.l(dsqrt_noumaal.o)
    0x08028960   0x08028960   0x000001d4   Code   RO         4247    x$fpl$dsub          fz_ws.l(daddsub_clz.o)
    0x08028b34   0x08028b34   0x00000056   Code   RO         4285    x$fpl$f2d           fz_ws.l(f2d.o)
    0x08028b8a   0x08028b8a   0x00000002   PAD
    0x08028b8c   0x08028b8c   0x000000c4   Code   RO         4287    x$fpl$fadd          fz_ws.l(faddsub_clz.o)
    0x08028c50   0x08028c50   0x00000018   Code   RO         4555    x$fpl$fcmpinf       fz_ws.l(fcmpi.o)
    0x08028c68   0x08028c68   0x00000184   Code   RO         4294    x$fpl$fdiv          fz_ws.l(fdiv.o)
    0x08028dec   0x08028dec   0x00000068   Code   RO         4297    x$fpl$feqf          fz_ws.l(feqf.o)
    0x08028e54   0x08028e54   0x00000036   Code   RO         4299    x$fpl$ffix          fz_ws.l(ffix.o)
    0x08028e8a   0x08028e8a   0x00000002   PAD
    0x08028e8c   0x08028e8c   0x0000003e   Code   RO         4303    x$fpl$ffixu         fz_ws.l(ffixu.o)
    0x08028eca   0x08028eca   0x00000002   PAD
    0x08028ecc   0x08028ecc   0x00000030   Code   RO         4308    x$fpl$fflt          fz_ws.l(fflt_clz.o)
    0x08028efc   0x08028efc   0x00000060   Code   RO         4313    x$fpl$ffltll        fz_ws.l(ffltll_clz.o)
    0x08028f5c   0x08028f5c   0x00000026   Code   RO         4307    x$fpl$ffltu         fz_ws.l(fflt_clz.o)
    0x08028f82   0x08028f82   0x00000002   PAD
    0x08028f84   0x08028f84   0x00000068   Code   RO         4315    x$fpl$fleqf         fz_ws.l(fleqf.o)
    0x08028fec   0x08028fec   0x00000102   Code   RO         4317    x$fpl$fmul          fz_ws.l(fmul.o)
    0x080290ee   0x080290ee   0x0000008c   Code   RO         4557    x$fpl$fnaninf       fz_ws.l(fnaninf.o)
    0x0802917a   0x0802917a   0x0000000a   Code   RO         4559    x$fpl$fretinf       fz_ws.l(fretinf.o)
    0x08029184   0x08029184   0x00000062   Code   RO         4319    x$fpl$frleqf        fz_ws.l(frleqf.o)
    0x080291e6   0x080291e6   0x00000014   Code   RO         4288    x$fpl$frsb          fz_ws.l(faddsub_clz.o)
    0x080291fa   0x080291fa   0x00000002   PAD
    0x080291fc   0x080291fc   0x000000ea   Code   RO         4289    x$fpl$fsub          fz_ws.l(faddsub_clz.o)
    0x080292e6   0x080292e6   0x00000006   Code   RO         4757    x$fpl$ieeestatus    fz_ws.l(istatus.o)
    0x080292ec   0x080292ec   0x000000c2   Code   RO         4261    x$fpl$llsfromd      fz_ws.l(dfixll.o)
    0x080293ae   0x080293ae   0x00000004   Code   RO         4561    x$fpl$printf1       fz_ws.l(printf1.o)
    0x080293b2   0x080293b2   0x00000004   Code   RO         4563    x$fpl$printf2       fz_ws.l(printf2.o)
    0x080293b6   0x080293b6   0x00000064   Code   RO         4759    x$fpl$retnan        fz_ws.l(retnan.o)
    0x0802941a   0x0802941a   0x0000005c   Code   RO         4569    x$fpl$scalbn        fz_ws.l(scalbn.o)
    0x08029476   0x08029476   0x00000004   Code   RO         4571    x$fpl$scanf1        fz_ws.l(scanf1.o)
    0x0802947a   0x0802947a   0x00000008   Code   RO         4761    x$fpl$scanf2        fz_ws.l(scanf2.o)
    0x08029482   0x08029482   0x00000030   Code   RO         4783    x$fpl$trapveneer    fz_ws.l(trapv.o)
    0x080294b2   0x080294b2   0x00000000   Code   RO         4573    x$fpl$usenofp       fz_ws.l(usenofp.o)
    0x080294b2   0x080294b2   0x00000018   Data   RO          513    .constdata          rtc.o
    0x080294ca   0x080294ca   0x00000948   Data   RO          570    .constdata          gui.o
    0x08029e12   0x08029e12   0x00000002   PAD
    0x08029e14   0x08029e14   0x00000044   Data   RO          605    .constdata          bitmap.o
    0x08029e58   0x08029e58   0x00000018   Data   RO          664    .constdata          buffer.o
    0x08029e70   0x08029e70   0x00000070   Data   RO          680    .constdata          button_1.o
    0x08029ee0   0x08029ee0   0x000000e0   Data   RO          879    .constdata          check_button.o
    0x08029fc0   0x08029fc0   0x0000000d   Data   RO          904    .constdata          color.o
    0x08029fcd   0x08029fcd   0x00000003   PAD
    0x08029fd0   0x08029fd0   0x00000070   Data   RO          923    .constdata          dialog.o
    0x0802a040   0x0802a040   0x0000001a   Data   RO          993    .constdata          emitter.o
    0x0802a05a   0x0802a05a   0x00000002   PAD
    0x0802a05c   0x0802a05c   0x00000324   Data   RO         1012    .constdata          enums.o
    0x0802a380   0x0802a380   0x0000000d   Data   RO         1039    .constdata          font.o
    0x0802a38d   0x0802a38d   0x00000014   Data   RO         1055    .constdata          font_manager.o
    0x0802a3a1   0x0802a3a1   0x00000003   PAD
    0x0802a3a4   0x0802a3a4   0x00000070   Data   RO         1082    .constdata          group_box.o
    0x0802a414   0x0802a414   0x00000070   Data   RO         1100    .constdata          image.o
    0x0802a484   0x0802a484   0x00000027   Data   RO         1122    .constdata          image_manager.o
    0x0802a4ab   0x0802a4ab   0x00000001   PAD
    0x0802a4ac   0x0802a4ac   0x00000070   Data   RO         1149    .constdata          label.o
    0x0802a51c   0x0802a51c   0x00000070   Data   RO         1240    .constdata          progress_bar.o
    0x0802a58c   0x0802a58c   0x0000000c   Data   RO         1259    .constdata          rect.o
    0x0802a598   0x0802a598   0x0000000d   Data   RO         1275    .constdata          theme.o
    0x0802a5a5   0x0802a5a5   0x00000003   PAD
    0x0802a5a8   0x0802a5a8   0x00000104   Data   RO         1290    .constdata          utf8.o
    0x0802a6ac   0x0802a6ac   0x0000000d   Data   RO         1305    .constdata          value.o
    0x0802a6b9   0x0802a6b9   0x00000003   PAD
    0x0802a6bc   0x0802a6bc   0x00000070   Data   RO         1450    .constdata          widget_vtable.o
    0x0802a72c   0x0802a72c   0x00000070   Data   RO         1498    .constdata          window.o
    0x0802a79c   0x0802a79c   0x00000086   Data   RO         1517    .constdata          window_manager.o
    0x0802a822   0x0802a822   0x00000014   Data   RO         1551    .constdata          wstr.o
    0x0802a836   0x0802a836   0x00000022   Data   RO         1570    .constdata          utils.o
    0x0802a858   0x0802a858   0x00000013   Data   RO         1694    .constdata          event_queue.o
    0x0802a86b   0x0802a86b   0x00000001   PAD
    0x0802a86c   0x0802a86c   0x00000070   Data   RO         1725    .constdata          slider.o
    0x0802a8dc   0x0802a8dc   0x00000017   Data   RO         1744    .constdata          window_animator.o
    0x0802a8f3   0x0802a8f3   0x00000001   PAD
    0x0802a8f4   0x0802a8f4   0x0000002c   Data   RO         1769    .constdata          system_info.o
    0x0802a920   0x0802a920   0x00000017   Data   RO         1800    .constdata          str.o
    0x0802a937   0x0802a937   0x00000001   PAD
    0x0802a938   0x0802a938   0x00000070   Data   RO         1835    .constdata          pages.o
    0x0802a9a8   0x0802a9a8   0x00000070   Data   RO         1854    .constdata          edit.o
    0x0802aa18   0x0802aa18   0x00000070   Data   RO         1877    .constdata          view.o
    0x0802aa88   0x0802aa88   0x000004ae   Data   RO         1910    .constdata          widget_factory.o
    0x0802af36   0x0802af36   0x00000002   PAD
    0x0802af38   0x0802af38   0x00000070   Data   RO         2138    .constdata          spin_box.o
    0x0802afa8   0x0802afa8   0x00000070   Data   RO         2157    .constdata          dragger.o
    0x0802b018   0x0802b018   0x00000070   Data   RO         2176    .constdata          dialog_client.o
    0x0802b088   0x0802b088   0x00000070   Data   RO         2191    .constdata          dialog_title.o
    0x0802b0f8   0x0802b0f8   0x00000019   Data   RO         2527    .constdata          input_method_creator.o
    0x0802b111   0x0802b111   0x00000003   PAD
    0x0802b114   0x0802b114   0x00000070   Data   RO         2543    .constdata          button_group.o
    0x0802b184   0x0802b184   0x00000088   Data   RO         2579    .constdata          combo_box.o
    0x0802b20c   0x0802b20c   0x00000070   Data   RO         2605    .constdata          combo_box_item.o
    0x0802b27c   0x0802b27c   0x00000060   Data   RO         2620    .constdata          easing.o
    0x0802b2dc   0x0802b2dc   0x0000000a   Data   RO         2634    .constdata          fs.o
    0x0802b2e6   0x0802b2e6   0x00000002   PAD
    0x0802b2e8   0x0802b2e8   0x00000070   Data   RO         2693    .constdata          popup.o
    0x0802b358   0x0802b358   0x00000070   Data   RO         2738    .constdata          tab_button.o
    0x0802b3c8   0x0802b3c8   0x00000070   Data   RO         2757    .constdata          tab_button_group.o
    0x0802b438   0x0802b438   0x00000070   Data   RO         2775    .constdata          tab_control.o
    0x0802b4a8   0x0802b4a8   0x00000004   Data   RO         2897    .constdata          ui_loader_default.o
    0x0802b4ac   0x0802b4ac   0x00000070   Data   RO         3004    .constdata          color_tile.o
    0x0802b51c   0x0802b51c   0x00000016   Data   RO         3023    .constdata          assets_manager.o
    0x0802b532   0x0802b532   0x00000013   Data   RO         3038    .constdata          locale_info.o
    0x0802b545   0x0802b545   0x00000003   PAD
    0x0802b548   0x0802b548   0x00000070   Data   RO         3065    .constdata          app_bar.o
    0x0802b5b8   0x0802b5b8   0x00000070   Data   RO         3083    .constdata          column.o
    0x0802b628   0x0802b628   0x00000070   Data   RO         3101    .constdata          grid.o
    0x0802b698   0x0802b698   0x00000070   Data   RO         3119    .constdata          row.o
    0x0802b708   0x0802b708   0x00000070   Data   RO         3137    .constdata          calibration_win.o
    0x0802b778   0x0802b778   0x00000013   Data   RO         3155    .constdata          font_loader_bitmap.o
    0x0802b78b   0x0802b78b   0x00000001   PAD
    0x0802b78c   0x0802b78c   0x00000070   Data   RO         3181    .constdata          window_base.o
    0x0802b7fc   0x0802b7fc   0x0000002b   Data   RO         3237    .constdata          style_const.o
    0x0802b827   0x0802b827   0x0000001f   Data   RO         3274    .constdata          widget_animator_manager.o
    0x0802b846   0x0802b846   0x00000002   PAD
    0x0802b848   0x0802b848   0x0000002a   Data   RO         3289    .constdata          clip_board_default.o
    0x0802b872   0x0802b872   0x00000002   PAD
    0x0802b874   0x0802b874   0x00000070   Data   RO         3323    .constdata          image_base.o
    0x0802b8e4   0x0802b8e4   0x00000070   Data   RO         3337    .constdata          grid_item.o
    0x0802b954   0x0802b954   0x00000026   Data   RO         3355    .constdata          input_device_status.o
    0x0802b97a   0x0802b97a   0x00000002   PAD
    0x0802b97c   0x0802b97c   0x00000070   Data   RO         3369    .constdata          system_bar.o
    0x0802b9ec   0x0802b9ec   0x00000064   Data   RO         3388    .constdata          children_layouter_default.o
    0x0802ba50   0x0802ba50   0x00000035   Data   RO         3433    .constdata          self_layouter_default.o
    0x0802ba85   0x0802ba85   0x0000000d   Data   RO         3541    .constdata          event.o
    0x0802ba92   0x0802ba92   0x00000013   Data   RO         3554    .constdata          named_value.o
    0x0802baa5   0x0802baa5   0x0000000e   Data   RO         3570    .constdata          object.o
    0x0802bab3   0x0802bab3   0x00000001   PAD
    0x0802bab4   0x0802bab4   0x00000058   Data   RO         3586    .constdata          object_default.o
    0x0802bb0c   0x0802bb0c   0x0000002c   Data   RO         3622    .constdata          timer_info.o
    0x0802bb38   0x0802bb38   0x00000015   Data   RO         3646    .constdata          timer_manager.o
    0x0802bb4d   0x0802bb4d   0x00000014   Data   RO         3661    .constdata          idle_manager.o
    0x0802bb61   0x0802bb61   0x00000003   PAD
    0x0802bb64   0x0802bb64   0x0000002c   Data   RO         3682    .constdata          idle_info.o
    0x0802bb90   0x0802bb90   0x0000001f   Data   RO         3697    .constdata          slist.o
    0x0802bbaf   0x0802bbaf   0x00000032   Data   RO         3713    .constdata          widget_pool.o
    0x0802bbe1   0x0802bbe1   0x00000028   Data   RO         3728    .constdata          darray.o
    0x0802bc09   0x0802bc09   0x00000007   PAD
    0x0802bc10   0x0802bc10   0x0000010c   Data   RO         3744    .constdata          expr_eval.o
    0x0802bd1c   0x0802bd1c   0x00000040   Data   RO         3779    .constdata          window_animator_factory.o
    0x0802bd5c   0x0802bd5c   0x0000001a   Data   RO         3794    .constdata          dialog_highlighter.o
    0x0802bd76   0x0802bd76   0x00000046   Data   RO         3807    .constdata          dialog_highlighter_factory.o
    0x0802bdbc   0x0802bdbc   0x0000000f   Data   RO         3822    .constdata          lcd_stm32_raw.o
    0x0802bdcb   0x0802bdcb   0x00025b45   Data   RO         4108    .constdata          assets-mini.o
    0x08051910   0x08051910   0x00000011   Data   RO         4193    .constdata          c_w.l(__printf_flags_ss_wp.o)
    0x08051921   0x08051921   0x00000007   PAD
    0x08051928   0x08051928   0x00000050   Data   RO         4323    .constdata          m_ws.l(acos.o)
    0x08051978   0x08051978   0x00000050   Data   RO         4333    .constdata          m_ws.l(asin.o)
    0x080519c8   0x080519c8   0x00000098   Data   RO         4343    .constdata          m_ws.l(atan.o)
    0x08051a60   0x08051a60   0x00000058   Data   RO         4369    .constdata          m_ws.l(exp.o)
    0x08051ab8   0x08051ab8   0x00000038   Data   RO         4383    .constdata          m_ws.l(log.o)
    0x08051af0   0x08051af0   0x00000088   Data   RO         4401    .constdata          m_ws.l(pow.o)
    0x08051b78   0x08051b78   0x00000008   Data   RO         4469    .constdata          c_w.l(_printf_wctomb.o)
    0x08051b80   0x08051b80   0x00000028   Data   RO         4498    .constdata          c_w.l(_printf_hex_int_ll_ptr.o)
    0x08051ba8   0x08051ba8   0x00000030   Data   RO         4575    .constdata          m_ws.l(cos_i.o)
    0x08051bd8   0x08051bd8   0x00000008   Data   RO         4595    .constdata          m_ws.l(qnan.o)
    0x08051be0   0x08051be0   0x000000c8   Data   RO         4598    .constdata          m_ws.l(rred.o)
    0x08051ca8   0x08051ca8   0x00000028   Data   RO         4602    .constdata          m_ws.l(sin_i.o)
    0x08051cd0   0x08051cd0   0x00000060   Data   RO         4608    .constdata          m_ws.l(tan_i.o)
    0x08051d30   0x08051d30   0x00000026   Data   RO         4638    .constdata          c_w.l(_printf_fp_hex.o)
    0x08051d56   0x08051d56   0x00000002   PAD
    0x08051d58   0x08051d58   0x00000094   Data   RO         4717    .constdata          c_w.l(bigflt0.o)
    0x08051dec   0x08051dec   0x0000000f   Data   RO          681    .conststring        button_1.o
    0x08051dfb   0x08051dfb   0x00000001   PAD
    0x08051dfc   0x08051dfc   0x00000025   Data   RO          880    .conststring        check_button.o
    0x08051e21   0x08051e21   0x00000003   PAD
    0x08051e24   0x08051e24   0x0000003a   Data   RO          924    .conststring        dialog.o
    0x08051e5e   0x08051e5e   0x00000002   PAD
    0x08051e60   0x08051e60   0x00000281   Data   RO         1013    .conststring        enums.o
    0x080520e1   0x080520e1   0x00000003   PAD
    0x080520e4   0x080520e4   0x0000000a   Data   RO         1083    .conststring        group_box.o
    0x080520ee   0x080520ee   0x00000002   PAD
    0x080520f0   0x080520f0   0x00000055   Data   RO         1101    .conststring        image.o
    0x08052145   0x08052145   0x00000003   PAD
    0x08052148   0x08052148   0x00000006   Data   RO         1150    .conststring        label.o
    0x0805214e   0x0805214e   0x00000002   PAD
    0x08052150   0x08052150   0x00000026   Data   RO         1241    .conststring        progress_bar.o
    0x08052176   0x08052176   0x00000002   PAD
    0x08052178   0x08052178   0x00000068   Data   RO         1318    .conststring        widget.o
    0x080521e0   0x080521e0   0x00000007   Data   RO         1451    .conststring        widget_vtable.o
    0x080521e7   0x080521e7   0x00000001   PAD
    0x080521e8   0x080521e8   0x00000013   Data   RO         1499    .conststring        window.o
    0x080521fb   0x080521fb   0x00000001   PAD
    0x080521fc   0x080521fc   0x0000000f   Data   RO         1518    .conststring        window_manager.o
    0x0805220b   0x0805220b   0x00000001   PAD
    0x0805220c   0x0805220c   0x00000018   Data   RO         1726    .conststring        slider.o
    0x08052224   0x08052224   0x0000000c   Data   RO         1770    .conststring        system_info.o
    0x08052230   0x08052230   0x00000006   Data   RO         1836    .conststring        pages.o
    0x08052236   0x08052236   0x00000002   PAD
    0x08052238   0x08052238   0x0000008d   Data   RO         1855    .conststring        edit.o
    0x080522c5   0x080522c5   0x00000003   PAD
    0x080522c8   0x080522c8   0x00000005   Data   RO         1878    .conststring        view.o
    0x080522cd   0x080522cd   0x00000003   PAD
    0x080522d0   0x080522d0   0x00000009   Data   RO         2139    .conststring        spin_box.o
    0x080522d9   0x080522d9   0x00000003   PAD
    0x080522dc   0x080522dc   0x00000026   Data   RO         2158    .conststring        dragger.o
    0x08052302   0x08052302   0x00000002   PAD
    0x08052304   0x08052304   0x0000000e   Data   RO         2177    .conststring        dialog_client.o
    0x08052312   0x08052312   0x00000002   PAD
    0x08052314   0x08052314   0x0000000d   Data   RO         2192    .conststring        dialog_title.o
    0x08052321   0x08052321   0x00000003   PAD
    0x08052324   0x08052324   0x00000a61   Data   RO         2561    .conststring        color_parser.o
    0x08052d85   0x08052d85   0x00000003   PAD
    0x08052d88   0x08052d88   0x00000026   Data   RO         2580    .conststring        combo_box.o
    0x08052dae   0x08052dae   0x00000002   PAD
    0x08052db0   0x08052db0   0x0000000f   Data   RO         2606    .conststring        combo_box_item.o
    0x08052dbf   0x08052dbf   0x00000001   PAD
    0x08052dc0   0x08052dc0   0x00000036   Data   RO         2694    .conststring        popup.o
    0x08052df6   0x08052df6   0x00000002   PAD
    0x08052df8   0x08052df8   0x0000000b   Data   RO         2739    .conststring        tab_button.o
    0x08052e03   0x08052e03   0x00000001   PAD
    0x08052e04   0x08052e04   0x00000011   Data   RO         2758    .conststring        tab_button_group.o
    0x08052e15   0x08052e15   0x00000003   PAD
    0x08052e18   0x08052e18   0x0000000c   Data   RO         2776    .conststring        tab_control.o
    0x08052e24   0x08052e24   0x00000025   Data   RO         3005    .conststring        color_tile.o
    0x08052e49   0x08052e49   0x00000003   PAD
    0x08052e4c   0x08052e4c   0x00000008   Data   RO         3066    .conststring        app_bar.o
    0x08052e54   0x08052e54   0x00000007   Data   RO         3084    .conststring        column.o
    0x08052e5b   0x08052e5b   0x00000001   PAD
    0x08052e5c   0x08052e5c   0x00000004   Data   RO         3102    .conststring        grid.o
    0x08052e60   0x08052e60   0x00000010   Data   RO         3138    .conststring        calibration_win.o
    0x08052e70   0x08052e70   0x0000000b   Data   RO         3370    .conststring        system_bar.o
    0x08052e7b   0x08052e7b   0x00000001   PAD
    0x08052e7c   0x08052e7c   0x0000000f   Data   RO         3587    .conststring        object_default.o
    0x08052e8b   0x08052e8b   0x00000001   PAD
    0x08052e8c   0x08052e8c   0x0000000b   Data   RO         3623    .conststring        timer_info.o
    0x08052e97   0x08052e97   0x00000001   PAD
    0x08052e98   0x08052e98   0x0000000a   Data   RO         3683    .conststring        idle_info.o
    0x08052ea2   0x08052ea2   0x00000002   PAD
    0x08052ea4   0x08052ea4   0x0000016b   Data   RO         3745    .conststring        expr_eval.o
    0x0805300f   0x0805300f   0x00000001   PAD
    0x08053010   0x08053010   0x00000020   Data   RO         4868    Region$$Table       anon$$obj.o
    0x08053030   0x08053030   0x00000008   Data   RO         4751    c$$dinf             fz_ws.l(fpconst.o)
    0x08053038   0x08053038   0x00000008   Data   RO         4754    c$$dmax             fz_ws.l(fpconst.o)
    0x08053040   0x08053040   0x00000110   Data   RO         4542    locale$$data        c_w.l(lc_ctype_c.o)
    0x08053150   0x08053150   0x0000001c   Data   RO         4662    locale$$data        c_w.l(lc_numeric_c.o)


    Execution Region RW_IRAM1 (Exec base: 0x20000000, Load base: 0x0805316c, Size: 0x00003e98, Max: 0x00010000, ABSOLUTE, COMPRESSED[0x0000041c])

    Exec Addr    Load Addr    Size         Type   Attr      Idx    E Section Name        Object

    0x20000000   COMPRESSED   0x00000014   Data   RW          105    .data               system_stm32f10x.o
    0x20000014   COMPRESSED   0x00000006   Data   RW          218    .data               usart.o
    0x2000001a   COMPRESSED   0x00000014   Data   RW          282    .data               stm32f10x_rcc.o
    0x2000002e   COMPRESSED   0x00000001   Data   RW          452    .data               led.o
    0x2000002f   COMPRESSED   0x00000001   Data   RW          480    .data               button.o
    0x20000030   COMPRESSED   0x00000004   Data   RW          493    .data               tim.o
    0x20000034   COMPRESSED   0x0000000a   Data   RW          514    .data               rtc.o
    0x2000003e   COMPRESSED   0x00000008   Data   RW          537    .data               touch.o
    0x20000046   COMPRESSED   0x00000002   PAD
    0x20000048   COMPRESSED   0x00000008   Data   RW          682    .data               button_1.o
    0x20000050   COMPRESSED   0x00000008   Data   RW          881    .data               check_button.o
    0x20000058   COMPRESSED   0x00000014   Data   RW          925    .data               dialog.o
    0x2000006c   COMPRESSED   0x00000004   Data   RW         1056    .data               font_manager.o
    0x20000070   COMPRESSED   0x00000028   Data   RW         1102    .data               image.o
    0x20000098   COMPRESSED   0x00000004   Data   RW         1123    .data               image_manager.o
    0x2000009c   COMPRESSED   0x00000004   Data   RW         1209    .data               main_loop.o
    0x200000a0   COMPRESSED   0x00000010   Data   RW         1242    .data               progress_bar.o
    0x200000b0   COMPRESSED   0x00000004   Data   RW         1276    .data               theme.o
    0x200000b4   COMPRESSED   0x00000034   Data   RW         1319    .data               widget.o
    0x200000e8   COMPRESSED   0x00000018   Data   RW         1500    .data               window.o
    0x20000100   COMPRESSED   0x00000004   Data   RW         1519    .data               window_manager.o
    0x20000104   COMPRESSED   0x00000018   Data   RW         1727    .data               slider.o
    0x2000011c   COMPRESSED   0x00000004   Data   RW         1771    .data               system_info.o
    0x20000120   COMPRESSED   0x00000008   Data   RW         1837    .data               pages.o
    0x20000128   COMPRESSED   0x0000003c   Data   RW         1856    .data               edit.o
    0x20000164   COMPRESSED   0x00000004   Data   RW         1911    .data               widget_factory.o
    0x20000168   COMPRESSED   0x00000004   Data   RW         2096    .data               input_method.o
    0x2000016c   COMPRESSED   0x00000014   Data   RW         2159    .data               dragger.o
    0x20000180   COMPRESSED   0x00000460   Data   RW         2562    .data               color_parser.o
    0x200005e0   COMPRESSED   0x0000003c   Data   RW         2581    .data               combo_box.o
    0x2000061c   COMPRESSED   0x0000001c   Data   RW         2695    .data               popup.o
    0x20000638   COMPRESSED   0x00000008   Data   RW         2740    .data               tab_button.o
    0x20000640   COMPRESSED   0x0000000c   Data   RW         3006    .data               color_tile.o
    0x2000064c   COMPRESSED   0x00000004   Data   RW         3024    .data               assets_manager.o
    0x20000650   COMPRESSED   0x00000004   Data   RW         3039    .data               locale_info.o
    0x20000654   COMPRESSED   0x00000008   Data   RW         3156    .data               font_loader_bitmap.o
    0x2000065c   COMPRESSED   0x00000004   Data   RW         3254    .data               style_factory.o
    0x20000660   COMPRESSED   0x00000004   Data   RW         3275    .data               widget_animator_manager.o
    0x20000664   COMPRESSED   0x00000004   Data   RW         3306    .data               clip_board.o
    0x20000668   COMPRESSED   0x00000008   Data   RW         3371    .data               system_bar.o
    0x20000670   COMPRESSED   0x00000004   Data   RW         3647    .data               timer_manager.o
    0x20000674   COMPRESSED   0x00000004   Data   RW         3662    .data               idle_manager.o
    0x20000678   COMPRESSED   0x00000004   Data   RW         3714    .data               widget_pool.o
    0x2000067c   COMPRESSED   0x00000004   Data   RW         3780    .data               window_animator_factory.o
    0x20000680   COMPRESSED   0x00000004   Data   RW         3808    .data               dialog_highlighter_factory.o
    0x20000684   COMPRESSED   0x00000004   Data   RW         3999    .data               mutex_null.o
    0x20000688   COMPRESSED   0x00000004   Data   RW         4016    .data               sys_tick.o
    0x2000068c        -       0x000000c8   Zero   RW          217    .bss                usart.o
    0x20000754        -       0x0000000a   Zero   RW          512    .bss                rtc.o
    0x2000075e   COMPRESSED   0x00000002   PAD
    0x20000760        -       0x0000000c   Zero   RW          536    .bss                touch.o
    0x2000076c        -       0x00001000   Zero   RW          591    .bss                flash.o
    0x2000176c        -       0x00000014   Zero   RW         1226    .bss                mem.o
    0x20001780        -       0x00000094   Zero   RW         1816    .bss                main_loop_simple.o
    0x20001814        -       0x00000024   Zero   RW         2862    .bss                ui_builder_default.o
    0x20001838        -       0x00002000   Zero   RW         3985    .bss                platform.o
    0x20003838        -       0x00000060   Zero   RW         4614    .bss                c_w.l(libspace.o)
    0x20003898        -       0x00000200   Zero   RW          251    HEAP                startup_stm32f10x_hd.o
    0x20003a98        -       0x00000400   Zero   RW          250    STACK               startup_stm32f10x_hd.o


==============================================================================

Image component sizes


      Code (inc. data)   RO Data    RW Data    ZI Data      Debug   Object Name

        64          6        120          0          0       1522   app_bar.o
       412        132     154437          0          0      12083   assets-mini.o
       784         42         22          4          0       6642   assets_manager.o
       884         16          0          0          0      42323   awtk_global.o
      1410         38         68          0          0      23051   bitmap.o
      1064          8         24          0          0       8623   buffer.o
       256         12          0          1          0        850   button.o
       984         72        127          8          0      48615   button_1.o
        84          6        112          0          0       1800   button_group.o
       772         22        128          0          0       5355   calibration_win.o
     11232         70          0          0          0      58168   canvas.o
       920         66        261          8          0       5505   check_button.o
       344          0          0          0          0       4738   children_layouter.o
      2144        110        100          0          0       6807   children_layouter_default.o
       336         20          0          0          0       4589   children_layouter_factory.o
       260          8          0          4          0       3856   clip_board.o
       160         14         42          0          0       3584   clip_board_default.o
       312         46         13          0          0       6572   color.o
       676        100       2657       1120          0       3893   color_parser.o
       728         56        149         12          0       4541   color_tile.o
        64          6        119          0          0       1488   column.o
      2300        178        174         60          0      13078   combo_box.o
       820         68        127          0          0       4460   combo_box_item.o
         0          0          0          0          0         32   core_cm3.o
       900         20         40          0          0       7227   darray.o
      1456        258          0          0          0       3867   demo1_app.o
        38          0          0          0          0        604   demo_main.o
      2008        412        170         20          0      19385   dialog.o
       124         20        126          0          0       1906   dialog_client.o
       288          4         26          0          0       2576   dialog_highlighter.o
       368         24         70          4          0       4315   dialog_highlighter_factory.o
       108         12        125          0          0       1956   dialog_title.o
       948         70        150         20          0       4856   dragger.o
      2404        128         96          0          0       6321   easing.o
      7888        336        253         60          0      25364   edit.o
       920          8         26          0          0       8860   emitter.o
       292         28       1445          0          0       7644   enums.o
       132          6         13          0          0       2074   event.o
       336          4         19          0          0       5696   event_queue.o
       214          0          0          0          0      25925   events.o
      4932        120        631          0          0      20458   expr_eval.o
       924         12          0          0       4096       3305   flash.o
       204          6         13          0          0       2926   font.o
        44          0          0          0          0       1087   font_loader.o
       400         30         19          8          0       4093   font_loader_bitmap.o
       404         26         20          4          0       7561   font_manager.o
       908         14         10          0          0       9967   fs.o
         4          0          0          0          0        464   fs_os.o
       320         18          0          0          0       2835   func_call_parser.o
        64          6        116          0          0       1468   grid.o
        64          6        112          0          0       1518   grid_item.o
        84          6        122          0          0       1758   group_box.o
      1072         12       2376          0          0       5635   gui.o
       154          0          0          0          0       2301   idle.o
       128          6         54          0          0       2325   idle_info.o
       440         16         20          4          0       5951   idle_manager.o
       556         16        197         40          0       4530   image.o
      1608        124        112          0          0       6597   image_base.o
        34          0          0          0          0       1488   image_loader.o
      1068         52         39          4          0      11631   image_manager.o
       796          4         38          0          0       3046   input_device_status.o
       126          0          0          0          0       1042   input_engine.o
         0          0          0          0          0        640   input_engine_null.o
       580         10          0          4          0       5125   input_method.o
       104         12         25          0          0       1687   input_method_creator.o
      1168         56        118          0          0       6669   label.o
       400         58          0          0          0       3165   layout.o
      1102          0          0          0          0      26487   lcd.o
       696         18          0          0          0       2092   lcd_driver.o
         2          0          0          0          0       8657   lcd_profile.o
      1744         46         15          0          0      17765   lcd_stm32_raw.o
       164         10          0          1          0        739   led.o
       592         26         19          4          0       4731   locale_info.o
        68          0          0          0          0     205271   main.o
       300          4          0          4          0       3368   main_loop.o
       696         12          0          0        148       4949   main_loop_simple.o
       216         16          0          0          0      40733   main_loop_stm32_raw.o
       756          4          0          0         20       5727   mem.o
       220         22          0          0          0       1825   misc.o
        28          6          0          4          0       1985   mutex_null.o
       248          6         19          0          0       3267   named_value.o
      1728         12         14          0          0      12716   object.o
      1092         14        103          0          0      13401   object_default.o
       544         20        118          8          0       4432   pages.o
       836          6          0          0          0       4938   path.o
       100         12          0          0       8192       1236   platform.o
       564         54        166         28          0       3792   popup.o
       992         72        150         16          0       5080   progress_bar.o
       856          4         12          0          0       5144   rect.o
        64          6        112          0          0       1450   row.o
      1120         66         24         10         10       4387   rtc.o
       316          0          0          0          0       4859   self_layouter.o
      1448        124         53          0          0       5380   self_layouter_default.o
       172         16          0          0          0       2967   self_layouter_factory.o
      2516        140        136         24          0       8501   slider.o
       592         16         31          0          0       5646   slist.o
       476         16          0          0          0       1828   spi.o
       348         68        121          0          0       2321   spin_box.o
        64         26        304          0       1536        812   startup_stm32f10x_hd.o
       196          8          0          0          0       3520   stm32f10x_bkp.o
      1548         18          0          0          0       5399   stm32f10x_fsmc.o
       860         38          0          0          0       5757   stm32f10x_gpio.o
        24          0          0          0          0      64030   stm32f10x_it.o
       204         14          0          0          0       1967   stm32f10x_pwr.o
       932         36          0         20          0       8944   stm32f10x_rcc.o
       328          4          0          0          0       2734   stm32f10x_rtc.o
       780         14          0          0          0       6638   stm32f10x_spi.o
      3610         88          0          0          0      22864   stm32f10x_tim.o
      1032         22          0          0          0       8480   stm32f10x_usart.o
      2408         66         23          0          0      13170   str.o
       212          0          0          0          0       4217   style.o
       480         80         43          0          0       4560   style_const.o
        52          6          0          4          0       2113   style_factory.o
        76          6          0          4          0       1757   sys_tick.o
       380         40        123          8          0       3292   system_bar.o
      1204        192         56          4          0       6116   system_info.o
       480         38          0         20          0       1775   system_stm32f10x.o
      1200         94        123          8          0       6364   tab_button.o
       996         66        129          0          0       6184   tab_button_group.o
        84          6        124          0          0       1786   tab_control.o
       544         18         13          4          0       4321   theme.o
       572         24          0          4          0       1965   tim.o
        24          0          0          0          0        625   time_now.o
       244          0          0          0          0       3109   timer.o
       140          4         55          0          0       4033   timer_info.o
       644         16         21          4          0       6183   timer_manager.o
       616          4          0          0          0       4331   tokenizer.o
      1088         38          0          8         12       4326   touch.o
       162          0          0          0          0       2952   ui_builder.o
       260         26          0          0         36       3201   ui_builder_default.o
        48          0          0          0          0       1149   ui_loader.o
       284         10          4          0          0       1939   ui_loader_default.o
       296         16          0          6        200       3210   usart.o
       772          4        260          0          0       5509   utf8.o
      2112         60         34          0          0      18101   utils.o
      2172         60         13          0          0      11722   value.o
      2804         14          0          0          0      20421   vgcanvas.o
        64          6        117          0          0       1468   view.o
     13088        760        104         52          0      90394   widget.o
      1020          4          0          0          0       7838   widget_animator.o
         6          0          0          0          0       2137   widget_animator_factory_null.o
       832         14         31          4          0       7716   widget_animator_manager.o
       384         26       1198          4          0      25846   widget_factory.o
       728         24         50          4          0       5312   widget_pool.o
       740         30        119          0          0      26691   widget_vtable.o
       276         18        131         24          0       3138   window.o
       804          6         23          0          0       5142   window_animator.o
       288         20         64          4          0       4467   window_animator_factory.o
      1366        156        112          0          0       5278   window_base.o
      4752        170        149          4          0      29091   window_manager.o
       280         10          0          0          0       2952   window_open.o
      1872         26         20          0          0      14116   wstr.o

    ----------------------------------------------------------------------
    139070       6278     169938       1676      14252    1446859   Object Totals
         0          0         32          0          0          0   (incl. Generated)
        22          0        109          2          2          0   (incl. Padding)

    ----------------------------------------------------------------------

      Code (inc. data)   RO Data    RW Data    ZI Data      Debug   Library Member Name

        24          4          0          0          0         84   __2printf.o
       100          0          0          0          0          0   __dclz77c.o
         8          0          0          0          0         68   __main.o
       392          4         17          0          0         92   __printf_flags_ss_wp.o
        14          0          0          0          0         68   __printf_wp.o
         0          0          0          0          0          0   __rtentry.o
        12          0          0          0          0          0   __rtentry2.o
         6          0          0          0          0          0   __rtentry4.o
        52          8          0          0          0          0   __scatter.o
        28          0          0          0          0          0   __scatter_zi.o
        28          0          0          0          0         68   _chval.o
        60          0          0          0          0         92   _mbrtowc.o
         6          0          0          0          0          0   _printf_a.o
         6          0          0          0          0          0   _printf_c.o
        44          0          0          0          0        108   _printf_char.o
        48          6          0          0          0         96   _printf_char_common.o
        36          4          0          0          0         80   _printf_char_file.o
        40          0          0          0          0         68   _printf_charcount.o
         6          0          0          0          0          0   _printf_d.o
       120         16          0          0          0         92   _printf_dec.o
         6          0          0          0          0          0   _printf_e.o
         6          0          0          0          0          0   _printf_f.o
      1054          0          0          0          0        216   _printf_fp_dec.o
       764          8         38          0          0        100   _printf_fp_hex.o
       128         16          0          0          0         84   _printf_fp_infnan.o
         6          0          0          0          0          0   _printf_g.o
       148          4         40          0          0        160   _printf_hex_int_ll_ptr.o
         6          0          0          0          0          0   _printf_i.o
       178          0          0          0          0         88   _printf_intcommon.o
        10          0          0          0          0          0   _printf_l.o
         6          0          0          0          0          0   _printf_lc.o
        10          0          0          0          0          0   _printf_ll.o
         6          0          0          0          0          0   _printf_lld.o
         6          0          0          0          0          0   _printf_lli.o
         6          0          0          0          0          0   _printf_llo.o
         6          0          0          0          0          0   _printf_llu.o
         6          0          0          0          0          0   _printf_llx.o
       124         16          0          0          0         92   _printf_longlong_dec.o
         6          0          0          0          0          0   _printf_ls.o
         6          0          0          0          0          0   _printf_n.o
         6          0          0          0          0          0   _printf_o.o
       112         10          0          0          0        124   _printf_oct_int_ll.o
         6          0          0          0          0          0   _printf_p.o
        78          0          0          0          0        108   _printf_pad.o
         0          0          0          0          0          0   _printf_percent.o
         4          0          0          0          0          0   _printf_percent_end.o
         6          0          0          0          0          0   _printf_s.o
        82          0          0          0          0         80   _printf_str.o
        36          0          0          0          0         84   _printf_truncate.o
         6          0          0          0          0          0   _printf_u.o
        44          0          0          0          0        108   _printf_wchar.o
       188          6          8          0          0         92   _printf_wctomb.o
         6          0          0          0          0          0   _printf_x.o
        22          0          0          0          0        100   _rserrno.o
       884          6          0          0          0        100   _scanf.o
       332          0          0          0          0         96   _scanf_int.o
       342          0          0          0          0        100   _scanf_longlong.o
       276          0          0          0          0        100   _scanf_mbtowc.o
       224          0          0          0          0         96   _scanf_str.o
        30          0          0          0          0         76   _scanf_wcharmap.o
       232          0          0          0          0        100   _scanf_wctomb.o
       208          0          0          0          0         96   _scanf_wstr.o
        64          0          0          0          0         84   _sgetc.o
        16          0          0          0          0         68   _snputc.o
        10          0          0          0          0         68   _sputc.o
       158          0          0          0          0         92   _strtoul.o
        64          0          0          0          0         92   _wcrtomb.o
       228          4        148          0          0         96   bigflt0.o
        80          0          0          0          0         88   bsearchnoex.o
      2152        136          0          0          0        960   btod.o
        18          0          0          0          0         80   exit.o
         8          0          0          0          0         68   ferror.o
         6          0          0          0          0        152   heapauxi.o
        18          0          0          0          0         76   isspace.o
        44         10        272          0          0         76   lc_ctype_c.o
        44         10         28          0          0         76   lc_numeric_c.o
         2          0          0          0          0          0   libinit.o
        30          0          0          0          0          0   libinit2.o
         2          0          0          0          0          0   libshutdown.o
         2          0          0          0          0          0   libshutdown2.o
         8          4          0          0         96         68   libspace.o
        38          0          0          0          0         68   llshl.o
       138          0          0          0          0         80   lludiv10.o
        88          0          0          0          0         76   memcmp.o
        16          4          0          0          0         76   rt_ctype_table.o
         8          4          0          0          0         68   rt_errno_addr_intlibspace.o
         8          4          0          0          0         68   rt_locale_intlibspace.o
        68          0          0          0          0         68   rt_memclr.o
        78          0          0          0          0         80   rt_memclr_w.o
       138          0          0          0          0         68   rt_memcpy_v6.o
       100          0          0          0          0         80   rt_memcpy_w.o
       132          0          0          0          0         68   rt_memmove_v6.o
       122          0          0          0          0         80   rt_memmove_w.o
         2          0          0          0          0          0   rtexit.o
        10          0          0          0          0          0   rtexit2.o
        44          8          0          0          0         84   scanf_char.o
      1272         16          0          0          0        168   scanf_fp.o
       800         14          0          0          0        100   scanf_hexfp.o
       308         16          0          0          0        100   scanf_infnan.o
        20          0          0          0          0         68   strchr.o
       128          0          0          0          0         68   strcmpv7m.o
        72          0          0          0          0         80   strcpy.o
        62          0          0          0          0         76   strlen.o
       150          0          0          0          0         80   strncmp.o
        86          0          0          0          0         76   strncpy.o
        22          0          0          0          0         68   strrchr.o
        36          0          0          0          0         80   strstr.o
       164         14          0          0          0        120   strtod.o
       112          0          0          0          0         88   strtol.o
        74          0          0          0          0         80   sys_stackheap_outer.o
        26          0          0          0          0         76   tolower.o
        30          0          0          0          0         76   toupper.o
         2          0          0          0          0         68   use_no_semi.o
         2          0          0          0          0         68   use_no_semi_2.o
        52          4          0          0          0         80   vsnprintf.o
        52          8          0          0          0         80   vsscanf.o
        22          0          0          0          0         68   wcschr.o
        24          0          0          0          0         68   wcscmp.o
        18          0          0          0          0         68   wcscpy.o
        18          0          0          0          0         68   wcslen.o
        98          4          0          0          0         92   d2f.o
       826         16          0          0          0        348   daddsub_clz.o
        16          4          0          0          0         68   dcheck1.o
        24          0          0          0          0         68   dcmpi.o
       688        140          0          0          0        208   ddiv.o
       120          4          0          0          0         92   deqf.o
        94          4          0          0          0         92   dfix.o
       194          4          0          0          0        116   dfixll.o
        90          4          0          0          0         92   dfixu.o
        84          0          0          0          0        136   dflt_clz.o
       162          0          0          0          0         84   dfltll_clz.o
       120          4          0          0          0         92   dleqf.o
       340         12          0          0          0        104   dmul.o
       156          4          0          0          0         92   dnaninf.o
        12          0          0          0          0         68   dretinf.o
       108          0          0          0          0         80   drleqf.o
       460         56          0          0          0        120   dsqrt_noumaal.o
        86          4          0          0          0         84   f2d.o
       450          8          0          0          0        236   faddsub_clz.o
        24          0          0          0          0         68   fcmpi.o
       388         76          0          0          0         96   fdiv.o
       104          4          0          0          0         84   feqf.o
        54          4          0          0          0         84   ffix.o
        62          4          0          0          0         84   ffixu.o
        86          0          0          0          0        136   fflt_clz.o
        96          0          0          0          0         84   ffltll_clz.o
       104          4          0          0          0         84   fleqf.o
       258          4          0          0          0         84   fmul.o
       140          4          0          0          0         84   fnaninf.o
         0          0         16          0          0          0   fpconst.o
        10          0          0          0          0         68   fretinf.o
        98          0          0          0          0         68   frleqf.o
         6          0          0          0          0         68   istatus.o
         4          0          0          0          0         68   printf1.o
         4          0          0          0          0         68   printf2.o
       100          0          0          0          0         68   retnan.o
        92          0          0          0          0         68   scalbn.o
         4          0          0          0          0         68   scanf1.o
         8          0          0          0          0         84   scanf2.o
        48          0          0          0          0         68   trapv.o
         0          0          0          0          0          0   usenofp.o
       636         62         80          0          0        188   acos.o
       624         52         80          0          0        168   asin.o
       544         70        152          0          0        124   atan.o
        42          0          0          0          0         84   atof.o
       220         16          0          0          0         84   ceil.o
         4          0          0          0          0         68   ceill.o
       156          8          0          0          0        104   cos.o
       252         22         48          0          0        124   cos_i.o
        68         10          0          0          0        408   dunder.o
       644         90         88          0          0        204   exp.o
       220         16          0          0          0         84   floor.o
        40          0          0          0          0         68   fpclassify.o
        88          8          0          0          0         76   frexp.o
       138          0          0          0          0        160   ldexp.o
       860         52         56          0          0        256   log.o
       228         30          0          0          0        120   log10.o
       204          4          0          0          0        168   narrow.o
       170          0          0          0          0         96   poly.o
      2520        190        136          0          0        324   pow.o
         0          0          8          0          0          0   qnan.o
       904         76        200          0          0        140   rred.o
       160         10          0          0          0        108   sin.o
       236         12         40          0          0        128   sin_i.o
        76          0          0          0          0         84   sqrt.o
       100         10          0          0          0         96   tan.o
       636         50         96          0          0        168   tan_i.o

    ----------------------------------------------------------------------
     29764       1522       1560          0         96      15684   Library Totals
        38          2          9          0          0          0   (incl. Padding)

    ----------------------------------------------------------------------

      Code (inc. data)   RO Data    RW Data    ZI Data      Debug   Library Name

     14138        364        551          0         96       8196   c_w.l
      5818        368         16          0          0       3856   fz_ws.l
      9770        788        984          0          0       3632   m_ws.l

    ----------------------------------------------------------------------
     29764       1522       1560          0         96      15684   Library Totals

    ----------------------------------------------------------------------

==============================================================================


      Code (inc. data)   RO Data    RW Data    ZI Data      Debug   

    168834       7800     171498       1676      14348    1440335   Grand Totals
    168834       7800     171498       1052      14348    1440335   ELF Image Totals (compressed)
    168834       7800     171498       1052          0          0   ROM Totals

==============================================================================

    Total RO  Size (Code + RO Data)               340332 ( 332.36kB)
    Total RW  Size (RW Data + ZI Data)             16024 (  15.65kB)
    Total ROM Size (Code + RO Data + RW Data)     341384 ( 333.38kB)

==============================================================================

