Component: ARM Compiler 5.06 update 5 (build 528) Tool: armlink [4d35e2]

==============================================================================

Section Cross References

    system_stm32f10x.o(.text) refers to system_stm32f10x.o(.data) for SystemCoreClock
    main.o(.text) refers to misc.o(.text) for NVIC_PriorityGroupConfig
    main.o(.text) refers to platform.o(.text) for systick_init
    main.o(.text) refers to led.o(.text) for led_init
    main.o(.text) refers to button.o(.text) for button_init
    main.o(.text) refers to lcd_driver.o(.text) for TFT_Init
    main.o(.text) refers to flash.o(.text) for FLASH_Init
    main.o(.text) refers to touch.o(.text) for TOUCH_Init
    main.o(.text) refers to tim.o(.text) for TIM3_Init
    main.o(.text) refers to rtc.o(.text) for rtc_init
    main.o(.text) refers to demo_main.o(.text) for gui_app_start
    sys.o(.text) refers to misc.o(.text) for NVIC_PriorityGroupConfig
    usart.o(.text) refers (Special) to use_no_semi_2.o(.text) for __use_no_semihosting
    usart.o(.text) refers to stm32f10x_rcc.o(.text) for RCC_APB2PeriphClockCmd
    usart.o(.text) refers to stm32f10x_gpio.o(.text) for GPIO_Init
    usart.o(.text) refers to misc.o(.text) for NVIC_Init
    usart.o(.text) refers to stm32f10x_usart.o(.text) for USART_Init
    usart.o(.text) refers to usart.o(.data) for USART_RX_STA
    usart.o(.text) refers to usart.o(.bss) for USART_RX_BUF
    usart.o(.bss) refers (Special) to use_no_semi_2.o(.text) for __use_no_semihosting
    usart.o(.data) refers (Special) to use_no_semi_2.o(.text) for __use_no_semihosting
    startup_stm32f10x_hd.o(STACK) refers (Special) to heapauxi.o(.text) for __use_two_region_memory
    startup_stm32f10x_hd.o(HEAP) refers (Special) to heapauxi.o(.text) for __use_two_region_memory
    startup_stm32f10x_hd.o(RESET) refers (Special) to heapauxi.o(.text) for __use_two_region_memory
    startup_stm32f10x_hd.o(RESET) refers to startup_stm32f10x_hd.o(STACK) for __initial_sp
    startup_stm32f10x_hd.o(RESET) refers to startup_stm32f10x_hd.o(.text) for Reset_Handler
    startup_stm32f10x_hd.o(RESET) refers to stm32f10x_it.o(.text) for NMI_Handler
    startup_stm32f10x_hd.o(RESET) refers to sys_tick.o(.text) for SysTick_Handler
    startup_stm32f10x_hd.o(RESET) refers to rtc.o(.text) for RTC_IRQHandler
    startup_stm32f10x_hd.o(RESET) refers to main_loop_stm32_raw.o(.text) for TIM3_IRQHandler
    startup_stm32f10x_hd.o(RESET) refers to usart.o(.text) for USART1_IRQHandler
    startup_stm32f10x_hd.o(RESET) refers to tim.o(.text) for TIM5_IRQHandler
    startup_stm32f10x_hd.o(.text) refers (Special) to heapauxi.o(.text) for __use_two_region_memory
    startup_stm32f10x_hd.o(.text) refers to system_stm32f10x.o(.text) for SystemInit
    startup_stm32f10x_hd.o(.text) refers to __main.o(!!!main) for __main
    startup_stm32f10x_hd.o(.text) refers to startup_stm32f10x_hd.o(HEAP) for Heap_Mem
    startup_stm32f10x_hd.o(.text) refers to startup_stm32f10x_hd.o(STACK) for Stack_Mem
    stm32f10x_gpio.o(.text) refers to stm32f10x_rcc.o(.text) for RCC_APB2PeriphResetCmd
    stm32f10x_rcc.o(.text) refers to stm32f10x_rcc.o(.data) for APBAHBPrescTable
    stm32f10x_usart.o(.text) refers to stm32f10x_rcc.o(.text) for RCC_APB2PeriphResetCmd
    stm32f10x_wwdg.o(.text) refers to stm32f10x_rcc.o(.text) for RCC_APB1PeriphResetCmd
    stm32f10x_tim.o(.text) refers to stm32f10x_rcc.o(.text) for RCC_APB2PeriphResetCmd
    stm32f10x_bkp.o(.text) refers to stm32f10x_rcc.o(.text) for RCC_BackupResetCmd
    stm32f10x_pwr.o(.text) refers to stm32f10x_rcc.o(.text) for RCC_APB1PeriphResetCmd
    stm32f10x_spi.o(.text) refers to stm32f10x_rcc.o(.text) for RCC_APB2PeriphResetCmd
    led.o(.text) refers to stm32f10x_rcc.o(.text) for RCC_APB2PeriphClockCmd
    led.o(.text) refers to stm32f10x_gpio.o(.text) for GPIO_Init
    led.o(.text) refers to sys_tick.o(.text) for delay_ms
    led.o(.text) refers to led.o(.data) for i
    lcd_driver.o(.text) refers to stm32f10x_rcc.o(.text) for RCC_APB2PeriphClockCmd
    lcd_driver.o(.text) refers to stm32f10x_gpio.o(.text) for GPIO_Init
    lcd_driver.o(.text) refers to stm32f10x_fsmc.o(.text) for FSMC_NORSRAMInit
    button.o(.text) refers to stm32f10x_rcc.o(.text) for RCC_APB2PeriphClockCmd
    button.o(.text) refers to stm32f10x_gpio.o(.text) for GPIO_Init
    button.o(.text) refers to sys_tick.o(.text) for delay_ms
    button.o(.text) refers to button.o(.data) for key_up
    tim.o(.text) refers to stm32f10x_rcc.o(.text) for RCC_APB1PeriphClockCmd
    tim.o(.text) refers to stm32f10x_gpio.o(.text) for GPIO_Init
    tim.o(.text) refers to stm32f10x_tim.o(.text) for TIM_TimeBaseInit
    tim.o(.text) refers to misc.o(.text) for NVIC_Init
    tim.o(.text) refers to tim.o(.data) for TIM5CH1_CAPTURE_STA
    rtc.o(.text) refers to _printf_percent.o(.ARM.Collect$$_printf_percent$$00000000) for _printf_percent
[...]
    __aeabi_cfcmple                          0x0801fbc5   Thumb Code     0  fleqf.o(x$fpl$fleqf)
    _fcmple                                  0x0801fbc5   Thumb Code   104  fleqf.o(x$fpl$fleqf)
    __fpl_fcmple_InfNaN                      0x0801fc17   Thumb Code     0  fleqf.o(x$fpl$fleqf)
    __aeabi_fmul                             0x0801fc2d   Thumb Code     0  fmul.o(x$fpl$fmul)
    _fmul                                    0x0801fc2d   Thumb Code   258  fmul.o(x$fpl$fmul)
    __fpl_fnaninf                            0x0801fd2f   Thumb Code   140  fnaninf.o(x$fpl$fnaninf)
    __fpl_fretinf                            0x0801fdbb   Thumb Code    10  fretinf.o(x$fpl$fretinf)
    __aeabi_cfrcmple                         0x0801fdc5   Thumb Code     0  frleqf.o(x$fpl$frleqf)
    _frcmple                                 0x0801fdc5   Thumb Code    98  frleqf.o(x$fpl$frleqf)
    __aeabi_frsub                            0x0801fe27   Thumb Code     0  faddsub_clz.o(x$fpl$frsb)
    _frsb                                    0x0801fe27   Thumb Code    20  faddsub_clz.o(x$fpl$frsb)
    __aeabi_fsub                             0x0801fe3d   Thumb Code     0  faddsub_clz.o(x$fpl$fsub)
    _fsub                                    0x0801fe3d   Thumb Code   234  faddsub_clz.o(x$fpl$fsub)
    __ieee_status                            0x0801ff27   Thumb Code     6  istatus.o(x$fpl$ieeestatus)
    _printf_fp_dec                           0x0801ff2d   Thumb Code     4  printf1.o(x$fpl$printf1)
    _printf_fp_hex                           0x0801ff31   Thumb Code     4  printf2.o(x$fpl$printf2)
    __fpl_return_NaN                         0x0801ff35   Thumb Code   100  retnan.o(x$fpl$retnan)
    __ARM_scalbn                             0x0801ff99   Thumb Code    92  scalbn.o(x$fpl$scalbn)
    _scanf_real                              0x0801fff5   Thumb Code     4  scanf1.o(x$fpl$scanf1)
    _scanf_hex_real                          0x0801fff9   Thumb Code     4  scanf2.o(x$fpl$scanf2)
    _scanf_infnan                            0x0801fffd   Thumb Code     4  scanf2.o(x$fpl$scanf2)
    __fpl_cmpreturn                          0x08020001   Thumb Code    48  trapv.o(x$fpl$trapveneer)
    __I$use$fp                               0x08020030   Number         0  usenofp.o(x$fpl$usenofp)
    table_week                               0x08020030   Data          12  rtc.o(.constdata)
    mon_table                                0x0802003c   Data          12  rtc.o(.constdata)
    ASCII8x16                                0x08020048   Data        1536  gui.o(.constdata)
    tfont16                                  0x08020648   Data         480  gui.o(.constdata)
    tfont24                                  0x08020828   Data         360  gui.o(.constdata)
    g_utf8_skip                              0x080213ac   Data           4  utf8.o(.constdata)
    font_default                             0x080225a9   Data       12590  assets-mini.o(.constdata)
    image_bricks                             0x080256d7   Data        7260  assets-mini.o(.constdata)
    image_checked                            0x08027333   Data        2364  assets-mini.o(.constdata)
    image_dialog_title                       0x08027c6f   Data        7260  assets-mini.o(.constdata)
    image_earth                              0x080298cb   Data        2364  assets-mini.o(.constdata)
    image_green_btn_n                        0x0802a207   Data        3660  assets-mini.o(.constdata)
    image_green_btn_o                        0x0802b053   Data        3660  assets-mini.o(.constdata)
    image_green_btn_p                        0x0802be9f   Data        3660  assets-mini.o(.constdata)
    image_info                               0x0802cceb   Data        2364  assets-mini.o(.constdata)
    image_left_off                           0x0802d627   Data        2364  assets-mini.o(.constdata)
    image_left_on                            0x0802df63   Data        2364  assets-mini.o(.constdata)
    image_middle_off                         0x0802e89f   Data        2364  assets-mini.o(.constdata)
    image_middle_on                          0x0802f1db   Data        2364  assets-mini.o(.constdata)
    image_muted                              0x0802fb17   Data        2364  assets-mini.o(.constdata)
    image_question                           0x08030453   Data        2364  assets-mini.o(.constdata)
    image_radio_checked                      0x08030d8f   Data        2364  assets-mini.o(.constdata)
    image_radio_unchecked                    0x080316cb   Data        2364  assets-mini.o(.constdata)
    image_red_btn_n                          0x08032007   Data        3660  assets-mini.o(.constdata)
    image_red_btn_o                          0x08032e53   Data        3660  assets-mini.o(.constdata)
    image_red_btn_p                          0x08033c9f   Data        3660  assets-mini.o(.constdata)
    image_right_off                          0x08034aeb   Data        2364  assets-mini.o(.constdata)
    image_right_on                           0x08035427   Data        2364  assets-mini.o(.constdata)
    image_slider_bg                          0x08035d63   Data        1020  assets-mini.o(.constdata)
    image_slider_drag                        0x0803615f   Data        3196  assets-mini.o(.constdata)
    image_slider_drag_o                      0x08036ddb   Data        3196  assets-mini.o(.constdata)
    image_slider_drag_p                      0x08037a57   Data        3196  assets-mini.o(.constdata)
    image_slider_fg                          0x080386d3   Data        1020  assets-mini.o(.constdata)
    image_slider_v_bg                        0x08038acf   Data        1020  assets-mini.o(.constdata)
    image_slider_v_fg                        0x08038ecb   Data        1020  assets-mini.o(.constdata)
    image_unchecked                          0x080392c7   Data        2364  assets-mini.o(.constdata)
    image_unmuted                            0x08039c03   Data        2364  assets-mini.o(.constdata)
    image_warn                               0x0803a53f   Data        2364  assets-mini.o(.constdata)
    style_default                            0x0803ae7b   Data       22022  assets-mini.o(.constdata)
    __mathlib_zero                           0x08040580   Data           8  qnan.o(.constdata)
    Region$$Table$$Base                      0x080418ac   Number         0  anon$$obj.o(Region$$Table)
    Region$$Table$$Limit                     0x080418cc   Number         0  anon$$obj.o(Region$$Table)
    __aeabi_HUGE_VAL                         0x080418cc   Data           0  fpconst.o(c$$dinf)
    __aeabi_HUGE_VALL                        0x080418cc   Data           0  fpconst.o(c$$dinf)
    __aeabi_INFINITY                         0x080418cc   Data           0  fpconst.o(c$$dinf)
    __dInf                                   0x080418cc   Data           0  fpconst.o(c$$dinf)
    __huge_val                               0x080418cc   Data           0  fpconst.o(c$$dinf)
    __dbl_max                                0x080418d4   Data           0  fpconst.o(c$$dmax)
    __ctype                                  0x080418e9   Data           0  lc_ctype_c.o(locale$$data)
    SystemCoreClock                          0x20000000   Data           4  system_stm32f10x.o(.data)
    AHBPrescTable                            0x20000004   Data          16  system_stm32f10x.o(.data)
    __stdout                                 0x20000014   Data           4  usart.o(.data)
    USART_RX_STA                             0x20000018   Data           2  usart.o(.data)
    TIM5CH1_CAPTURE_STA                      0x20000030   Data           1  tim.o(.data)
    TIM5CH1_CAPTURE_VAL                      0x20000032   Data           2  tim.o(.data)
    rtc_data                                 0x20000034   Data           7  rtc.o(.data)
    rtc_bit                                  0x2000003b   Data           1  rtc.o(.data)
    TouchData                                0x2000003e   Data           8  touch.o(.data)
    s_edit_properties                        0x200000fc   Data          56  edit.o(.data)
    s_combo_box_properties                   0x200005b0   Data          60  combo_box.o(.data)
    USART_RX_BUF                             0x20000640   Data         200  usart.o(.bss)
    calendar                                 0x20000708   Data          10  rtc.o(.bss)
    __libspace_start                         0x20003804   Data          96  libspace.o(.bss)
    __temporary_stack_top$libspace           0x20003864   Data           0  libspace.o(.bss)



==============================================================================

Memory Map of the image

  Image Entry point : 0x08000131

  Load Region LR_IROM1 (Base: 0x08000000, Size: 0x00042048, Max: 0x00080000, ABSOLUTE, COMPRESSED[0x00041dfc])

    Execution Region ER_IROM1 (Exec base: 0x08000000, Load base: 0x08000000, Size: 0x00041a08, Max: 0x00080000, ABSOLUTE)

    Exec Addr    Load Addr    Size         Type   Attr      Idx    E Section Name        Object

    0x08000000   0x08000000   0x00000130   Data   RO          252    RESET               startup_stm32f10x_hd.o
    0x08000130   0x08000130   0x00000008   Code   RO         3185  * !!!main             c_w.l(__main.o)
    0x08000138   0x08000138   0x00000034   Code   RO         3722    !!!scatter          c_w.l(__scatter.o)
    0x0800016c   0x0800016c   0x00000064   Code   RO         3720    !!dclz77c           c_w.l(__dclz77c.o)
    0x080001d0   0x080001d0   0x0000001c   Code   RO         3724    !!handler_zi        c_w.l(__scatter_zi.o)
    0x080001ec   0x080001ec   0x00000000   Code   RO         3142    .ARM.Collect$$_printf_percent$$00000000  c_w.l(_printf_percent.o)
    0x080001ec   0x080001ec   0x00000006   Code   RO         3357    .ARM.Collect$$_printf_percent$$00000001  c_w.l(_printf_n.o)
    0x080001f2   0x080001f2   0x00000006   Code   RO         3359    .ARM.Collect$$_printf_percent$$00000002  c_w.l(_printf_p.o)
    0x080001f8   0x080001f8   0x00000006   Code   RO         3363    .ARM.Collect$$_printf_percent$$00000003  c_w.l(_printf_f.o)
    0x080001fe   0x080001fe   0x00000006   Code   RO         3364    .ARM.Collect$$_printf_percent$$00000004  c_w.l(_printf_e.o)
    0x08000204   0x08000204   0x00000006   Code   RO         3365    .ARM.Collect$$_printf_percent$$00000005  c_w.l(_printf_g.o)
    0x0800020a   0x0800020a   0x00000006   Code   RO         3366    .ARM.Collect$$_printf_percent$$00000006  c_w.l(_printf_a.o)
    0x08000210   0x08000210   0x0000000a   Code   RO         3371    .ARM.Collect$$_printf_percent$$00000007  c_w.l(_printf_ll.o)
    0x0800021a   0x0800021a   0x00000006   Code   RO         3361    .ARM.Collect$$_printf_percent$$00000008  c_w.l(_printf_i.o)
    0x08000220   0x08000220   0x00000006   Code   RO         3141    .ARM.Collect$$_printf_percent$$00000009  c_w.l(_printf_d.o)
    0x08000226   0x08000226   0x00000006   Code   RO         3362    .ARM.Collect$$_printf_percent$$0000000A  c_w.l(_printf_u.o)
    0x0800022c   0x0800022c   0x00000006   Code   RO         3360    .ARM.Collect$$_printf_percent$$0000000B  c_w.l(_printf_o.o)
    0x08000232   0x08000232   0x00000006   Code   RO         3358    .ARM.Collect$$_printf_percent$$0000000C  c_w.l(_printf_x.o)
    0x08000238   0x08000238   0x00000006   Code   RO         3368    .ARM.Collect$$_printf_percent$$0000000D  c_w.l(_printf_lli.o)
    0x0800023e   0x0800023e   0x00000006   Code   RO         3369    .ARM.Collect$$_printf_percent$$0000000E  c_w.l(_printf_lld.o)
    0x08000244   0x08000244   0x00000006   Code   RO         3370    .ARM.Collect$$_printf_percent$$0000000F  c_w.l(_printf_llu.o)
    0x0800024a   0x0800024a   0x00000006   Code   RO         3375    .ARM.Collect$$_printf_percent$$00000010  c_w.l(_printf_llo.o)
    0x08000250   0x08000250   0x00000006   Code   RO         3376    .ARM.Collect$$_printf_percent$$00000011  c_w.l(_printf_llx.o)
    0x08000256   0x08000256   0x0000000a   Code   RO         3372    .ARM.Collect$$_printf_percent$$00000012  c_w.l(_printf_l.o)
    0x08000260   0x08000260   0x00000006   Code   RO         3355    .ARM.Collect$$_printf_percent$$00000013  c_w.l(_printf_c.o)
    0x08000266   0x08000266   0x00000006   Code   RO         3356    .ARM.Collect$$_printf_percent$$00000014  c_w.l(_printf_s.o)
    0x0800026c   0x0800026c   0x00000006   Code   RO         3373    .ARM.Collect$$_printf_percent$$00000015  c_w.l(_printf_lc.o)
    0x08000272   0x08000272   0x00000006   Code   RO         3374    .ARM.Collect$$_printf_percent$$00000016  c_w.l(_printf_ls.o)
    0x08000278   0x08000278   0x00000004   Code   RO         3367    .ARM.Collect$$_printf_percent$$00000017  c_w.l(_printf_percent_end.o)
    0x0800027c   0x0800027c   0x00000002   Code   RO         3600    .ARM.Collect$$libinit$$00000000  c_w.l(libinit.o)
    0x0800027e   0x0800027e   0x00000000   Code   RO         3513    .ARM.Collect$$libinit$$00000002  c_w.l(libinit2.o)
    0x0800027e   0x0800027e   0x00000000   Code   RO         3515    .ARM.Collect$$libinit$$00000004  c_w.l(libinit2.o)
    0x0800027e   0x0800027e   0x00000000   Code   RO         3518    .ARM.Collect$$libinit$$0000000A  c_w.l(libinit2.o)
    0x0800027e   0x0800027e   0x00000000   Code   RO         3520    .ARM.Collect$$libinit$$0000000C  c_w.l(libinit2.o)
    0x0800027e   0x0800027e   0x00000000   Code   RO         3522    .ARM.Collect$$libinit$$0000000E  c_w.l(libinit2.o)
    0x0800027e   0x0800027e   0x00000006   Code   RO         3523    .ARM.Collect$$libinit$$0000000F  c_w.l(libinit2.o)
    0x08000284   0x08000284   0x00000000   Code   RO         3525    .ARM.Collect$$libinit$$00000011  c_w.l(libinit2.o)
    0x08000284   0x08000284   0x0000000c   Code   RO         3526    .ARM.Collect$$libinit$$00000012  c_w.l(libinit2.o)
    0x08000290   0x08000290   0x00000000   Code   RO         3527    .ARM.Collect$$libinit$$00000013  c_w.l(libinit2.o)
    0x08000290   0x08000290   0x00000000   Code   RO         3529    .ARM.Collect$$libinit$$00000015  c_w.l(libinit2.o)
    0x08000290   0x08000290   0x0000000a   Code   RO         3530    .ARM.Collect$$libinit$$00000016  c_w.l(libinit2.o)
    0x0800029a   0x0800029a   0x00000000   Code   RO         3531    .ARM.Collect$$libinit$$00000017  c_w.l(libinit2.o)
    0x0800029a   0x0800029a   0x00000000   Code   RO         3533    .ARM.Collect$$libinit$$00000019  c_w.l(libinit2.o)
    0x0800029a   0x0800029a   0x00000000   Code   RO         3535    .ARM.Collect$$libinit$$0000001B  c_w.l(libinit2.o)
    0x0800029a   0x0800029a   0x00000000   Code   RO         3537    .ARM.Collect$$libinit$$0000001D  c_w.l(libinit2.o)
    0x0800029a   0x0800029a   0x00000000   Code   RO         3539    .ARM.Collect$$libinit$$0000001F  c_w.l(libinit2.o)
    0x0800029a   0x0800029a   0x00000000   Code   RO         3541    .ARM.Collect$$libinit$$00000021  c_w.l(libinit2.o)
    0x0800029a   0x0800029a   0x00000000   Code   RO         3543    .ARM.Collect$$libinit$$00000023  c_w.l(libinit2.o)
    0x0800029a   0x0800029a   0x00000000   Code   RO         3545    .ARM.Collect$$libinit$$00000025  c_w.l(libinit2.o)
    0x0800029a   0x0800029a   0x00000000   Code   RO         3549    .ARM.Collect$$libinit$$0000002C  c_w.l(libinit2.o)
    0x0800029a   0x0800029a   0x00000000   Code   RO         3551    .ARM.Collect$$libinit$$0000002E  c_w.l(libinit2.o)
    0x0800029a   0x0800029a   0x00000000   Code   RO         3553    .ARM.Collect$$libinit$$00000030  c_w.l(libinit2.o)
    0x0800029a   0x0800029a   0x00000000   Code   RO         3555    .ARM.Collect$$libinit$$00000032  c_w.l(libinit2.o)
    0x0800029a   0x0800029a   0x00000002   Code   RO         3556    .ARM.Collect$$libinit$$00000033  c_w.l(libinit2.o)
    0x0800029c   0x0800029c   0x00000002   Code   RO         3677    .ARM.Collect$$libshutdown$$00000000  c_w.l(libshutdown.o)
    0x0800029e   0x0800029e   0x00000000   Code   RO         3683    .ARM.Collect$$libshutdown$$00000002  c_w.l(libshutdown2.o)
    0x0800029e   0x0800029e   0x00000000   Code   RO         3685    .ARM.Collect$$libshutdown$$00000004  c_w.l(libshutdown2.o)
    0x0800029e   0x0800029e   0x00000000   Code   RO         3688    .ARM.Collect$$libshutdown$$00000007  c_w.l(libshutdown2.o)
    0x0800029e   0x0800029e   0x00000000   Code   RO         3691    .ARM.Collect$$libshutdown$$0000000A  c_w.l(libshutdown2.o)
    0x0800029e   0x0800029e   0x00000000   Code   RO         3693    .ARM.Collect$$libshutdown$$0000000C  c_w.l(libshutdown2.o)
    0x0800029e   0x0800029e   0x00000000   Code   RO         3696    .ARM.Collect$$libshutdown$$0000000F  c_w.l(libshutdown2.o)
    0x0800029e   0x0800029e   0x00000002   Code   RO         3697    .ARM.Collect$$libshutdown$$00000010  c_w.l(libshutdown2.o)
    0x080002a0   0x080002a0   0x00000000   Code   RO         3297    .ARM.Collect$$rtentry$$00000000  c_w.l(__rtentry.o)
    0x080002a0   0x080002a0   0x00000000   Code   RO         3462    .ARM.Collect$$rtentry$$00000002  c_w.l(__rtentry2.o)
    0x080002a0   0x080002a0   0x00000006   Code   RO         3474    .ARM.Collect$$rtentry$$00000004  c_w.l(__rtentry4.o)
    0x080002a6   0x080002a6   0x00000000   Code   RO         3464    .ARM.Collect$$rtentry$$00000009  c_w.l(__rtentry2.o)
    0x080002a6   0x080002a6   0x00000004   Code   RO         3465    .ARM.Collect$$rtentry$$0000000A  c_w.l(__rtentry2.o)
    0x080002aa   0x080002aa   0x00000000   Code   RO         3467    .ARM.Collect$$rtentry$$0000000C  c_w.l(__rtentry2.o)
    0x080002aa   0x080002aa   0x00000008   Code   RO         3468    .ARM.Collect$$rtentry$$0000000D  c_w.l(__rtentry2.o)
    0x080002b2   0x080002b2   0x00000002   Code   RO         3623    .ARM.Collect$$rtexit$$00000000  c_w.l(rtexit.o)
    0x080002b4   0x080002b4   0x00000000   Code   RO         3642    .ARM.Collect$$rtexit$$00000002  c_w.l(rtexit2.o)
    0x080002b4   0x080002b4   0x00000004   Code   RO         3643    .ARM.Collect$$rtexit$$00000003  c_w.l(rtexit2.o)
    0x080002b8   0x080002b8   0x00000006   Code   RO         3644    .ARM.Collect$$rtexit$$00000004  c_w.l(rtexit2.o)
    0x080002be   0x080002be   0x00000018   Code   RO            1    .text               stm32f10x_it.o
    0x080002d6   0x080002d6   0x00000002   PAD
    0x080002d8   0x080002d8   0x000001e0   Code   RO          104    .text               system_stm32f10x.o
    0x080004b8   0x080004b8   0x00000044   Code   RO          122    .text               main.o
    0x080004fc   0x080004fc   0x00000128   Code   RO          216    .text               usart.o
    0x08000624   0x08000624   0x00000040   Code   RO          253    .text               startup_stm32f10x_hd.o
    0x08000664   0x08000664   0x000000dc   Code   RO          257    .text               misc.o
    0x08000740   0x08000740   0x0000035c   Code   RO          269    .text               stm32f10x_gpio.o
    0x08000a9c   0x08000a9c   0x000003a4   Code   RO          281    .text               stm32f10x_rcc.o
    0x08000e40   0x08000e40   0x00000408   Code   RO          295    .text               stm32f10x_usart.o
    0x08001248   0x08001248   0x00000e1a   Code   RO          343    .text               stm32f10x_tim.o
    0x08002062   0x08002062   0x00000002   PAD
    0x08002064   0x08002064   0x0000060c   Code   RO          355    .text               stm32f10x_fsmc.o
    0x08002670   0x08002670   0x000000c4   Code   RO          367    .text               stm32f10x_bkp.o
    0x08002734   0x08002734   0x00000148   Code   RO          379    .text               stm32f10x_rtc.o
    0x0800287c   0x0800287c   0x000000cc   Code   RO          391    .text               stm32f10x_pwr.o
    0x08002948   0x08002948   0x0000030c   Code   RO          415    .text               stm32f10x_spi.o
    0x08002c54   0x08002c54   0x000000a4   Code   RO          451    .text               led.o
    0x08002cf8   0x08002cf8   0x000002b8   Code   RO          464    .text               lcd_driver.o
    0x08002fb0   0x08002fb0   0x00000100   Code   RO          479    .text               button.o
    0x080030b0   0x080030b0   0x0000023c   Code   RO          492    .text               tim.o
    0x080032ec   0x080032ec   0x00000460   Code   RO          511    .text               rtc.o
    0x0800374c   0x0800374c   0x00000440   Code   RO          535    .text               touch.o
    0x08003b8c   0x08003b8c   0x000001dc   Code   RO          557    .text               spi.o
    0x08003d68   0x08003d68   0x00000430   Code   RO          569    .text               gui.o
    0x08004198   0x08004198   0x0000039c   Code   RO          590    .text               flash.o
    0x08004534   0x08004534   0x00000290   Code   RO          604    .text               array.o
    0x080047c4   0x080047c4   0x00000568   Code   RO          651    .text               bitmap.o
    0x08004d2c   0x08004d2c   0x000002f4   Code   RO          676    .text               buffer.o
    0x08005020   0x08005020   0x0000029c   Code   RO          691    .text               button_1.o
    0x080052bc   0x080052bc   0x00002848   Code   RO          791    .text               canvas.o
    0x08007b04   0x08007b04   0x00000310   Code   RO          836    .text               check_button.o
    0x08007e14   0x08007e14   0x00000054   Code   RO          915    .text               color.o
    0x08007e68   0x08007e68   0x00000220   Code   RO          927    .text               dialog.o
    0x08008088   0x08008088   0x000002c0   Code   RO          982    .text               emitter.o
    0x08008348   0x08008348   0x00000148   Code   RO         1004    .text               enums.o
    0x08008490   0x08008490   0x00000078   Code   RO         1031    .text               font.o
    0x08008508   0x08008508   0x000001b8   Code   RO         1043    .text               font_manager.o
    0x080086c0   0x080086c0   0x00000070   Code   RO         1058    .text               group_box.o
    0x08008730   0x08008730   0x00000834   Code   RO         1076    .text               image.o
    0x08008f64   0x08008f64   0x000002f0   Code   RO         1095    .text               image_manager.o
    0x08009254   0x08009254   0x00000048   Code   RO         1116    .text               label.o
    0x0800929c   0x0800929c   0x00000404   Code   RO         1131    .text               lcd.o
    0x080096a0   0x080096a0   0x0000012c   Code   RO         1143    .text               main_loop.o
    0x080097cc   0x080097cc   0x000002f4   Code   RO         1160    .text               mem.o
    0x08009ac0   0x08009ac0   0x000004ec   Code   RO         1174    .text               progress_bar.o
    0x08009fac   0x08009fac   0x00000240   Code   RO         1193    .text               rect.o
    0x0800a1ec   0x0800a1ec   0x00000230   Code   RO         1205    .text               theme.o
    0x0800a41c   0x0800a41c   0x00000304   Code   RO         1220    .text               utf8.o
    0x0800a720   0x0800a720   0x00000694   Code   RO         1235    .text               value.o
    0x0800adb4   0x0800adb4   0x00002320   Code   RO         1251    .text               widget.o
    0x0800d0d4   0x0800d0d4   0x0000035c   Code   RO         1279    .text               widget_vtable.o
    0x0800d430   0x0800d430   0x00000050   Code   RO         1293    .text               window.o
    0x0800d480   0x0800d480   0x00000f30   Code   RO         1312    .text               window_manager.o
    0x0800e3b0   0x0800e3b0   0x00000690   Code   RO         1349    .text               wstr.o
    0x0800ea40   0x0800ea40   0x00000850   Code   RO         1362    .text               utils.o
    0x0800f290   0x0800f290   0x000000d2   Code   RO         1390    .text               events.o
    0x0800f362   0x0800f362   0x00000002   PAD
    0x0800f364   0x0800f364   0x000003a4   Code   RO         1402    .text               timer.o
    0x0800f708   0x0800f708   0x00000970   Code   RO         1417    .text               layout.o
    0x08010078   0x08010078   0x00000150   Code   RO         1433    .text               event_queue.o
    0x080101c8   0x080101c8   0x000008b0   Code   RO         1455    .text               slider.o
    0x08010a78   0x08010a78   0x00000138   Code   RO         1474    .text               window_animator.o
    0x08010bb0   0x08010bb0   0x00000010   Code   RO         1486    .text               window_animator_null.o
    0x08010bc0   0x08010bc0   0x000002ec   Code   RO         1498    .text               idle.o
    0x08010eac   0x08010eac   0x0000004c   Code   RO         1513    .text               system_info.o
    0x08010ef8   0x08010ef8   0x0000002c   Code   RO         1527    .text               image_loader.o
    0x08010f24   0x08010f24   0x000007e8   Code   RO         1539    .text               str.o
    0x0801170c   0x0801170c   0x000002a8   Code   RO         1552    .text               main_loop_simple.o
    0x080119b4   0x080119b4   0x00000224   Code   RO         1571    .text               pages.o
    0x08011bd8   0x08011bd8   0x000014e8   Code   RO         1590    .text               edit.o
    0x080130c0   0x080130c0   0x0000005c   Code   RO         1607    .text               view.o
    0x0801311c   0x0801311c   0x000001c0   Code   RO         1640    .text               widget_factory.o
    0x080132dc   0x080132dc   0x00000186   Code   RO         1814    .text               tokenizer.o
    0x08013462   0x08013462   0x00000002   PAD
    0x08013464   0x08013464   0x0000022c   Code   RO         1826    .text               input_method.o
    0x08013690   0x08013690   0x0000007e   Code   RO         1856    .text               input_engine.o
    0x0801370e   0x0801370e   0x00000002   PAD
    0x08013710   0x08013710   0x00000158   Code   RO         1868    .text               spin_box.o
    0x08013868   0x08013868   0x00000388   Code   RO         1890    .text               dragger.o
    0x08013bf0   0x08013bf0   0x00000088   Code   RO         1909    .text               dialog_client.o
    0x08013c78   0x08013c78   0x00000080   Code   RO         1924    .text               dialog_title.o
    0x08013cf8   0x08013cf8   0x00000234   Code   RO         1939    .text               custom_props.o
    0x08013f2c   0x08013f2c   0x00000310   Code   RO         1958    .text               awtk.o
    0x0801423c   0x0801423c   0x00000068   Code   RO         1976    .text               input_method_creator.o
    0x080142a4   0x080142a4   0x00000070   Code   RO         1992    .text               button_group.o
    0x08014314   0x08014314   0x0000028c   Code   RO         2010    .text               color_parser.o
    0x080145a0   0x080145a0   0x00000788   Code   RO         2028    .text               combo_box.o
    0x08014d28   0x08014d28   0x00000308   Code   RO         2054    .text               combo_box_item.o
    0x08015030   0x08015030   0x00000964   Code   RO         2069    .text               easing.o
    0x08015994   0x08015994   0x00000380   Code   RO         2083    .text               fs.o
    0x08015d14   0x08015d14   0x000001f8   Code   RO         2142    .text               popup.o
    0x08015f0c   0x08015f0c   0x0000046c   Code   RO         2187    .text               tab_button.o
    0x08016378   0x08016378   0x000003d8   Code   RO         2206    .text               tab_button_group.o
    0x08016750   0x08016750   0x00000070   Code   RO         2224    .text               tab_control.o
    0x080167c0   0x080167c0   0x000000a2   Code   RO         2242    .text               ui_builder.o
    0x08016862   0x08016862   0x00000002   PAD
    0x08016864   0x08016864   0x00000818   Code   RO         2257    .text               vgcanvas.o
    0x0801707c   0x0801707c   0x000003e8   Code   RO         2269    .text               widget_animator.o
    0x08017464   0x08017464   0x00000164   Code   RO         2404    .text               ui_builder_default.o
    0x080175c8   0x080175c8   0x00000030   Code   RO         2424    .text               ui_loader.o
    0x080175f8   0x080175f8   0x0000011c   Code   RO         2436    .text               ui_loader_default.o
    0x08017714   0x08017714   0x0000009c   Code   RO         2504    .text               window_open.o
    0x080177b0   0x080177b0   0x00000234   Code   RO         2544    .text               color_tile.o
    0x080179e4   0x080179e4   0x00000264   Code   RO         2566    .text               assets_manager.o
    0x08017c48   0x08017c48   0x0000024c   Code   RO         2581    .text               locale_info.o
    0x08017e94   0x08017e94   0x00000344   Code   RO         2605    .text               path.o
    0x080181d8   0x080181d8   0x0000005c   Code   RO         2617    .text               app_bar.o
    0x08018234   0x08018234   0x0000005c   Code   RO         2635    .text               column.o
    0x08018290   0x08018290   0x0000005c   Code   RO         2653    .text               grid.o
    0x080182ec   0x080182ec   0x0000005c   Code   RO         2671    .text               row.o
    0x08018348   0x08018348   0x000002a8   Code   RO         2689    .text               calibration_win.o
    0x080185f0   0x080185f0   0x00000188   Code   RO         2707    .text               font_loader_bitmap.o
    0x08018778   0x08018778   0x0000002c   Code   RO         2721    .text               font_loader.o
    0x080187a4   0x080187a4   0x00000512   Code   RO         2733    .text               window_base.o
    0x08018cb6   0x08018cb6   0x00000006   Code   RO         2745    .text               widget_animator_factory_null.o
    0x08018cbc   0x08018cbc   0x00000018   Code   RO         2757    .text               time_now.o
    0x08018cd4   0x08018cd4   0x000000d4   Code   RO         2769    .text               style.o
    0x08018da8   0x08018da8   0x00000194   Code   RO         2784    .text               style_const.o
    0x08018f3c   0x08018f3c   0x00000034   Code   RO         2801    .text               style_factory.o
    0x08018f70   0x08018f70   0x0000033c   Code   RO         2818    .text               widget_animator_manager.o
    0x080192ac   0x080192ac   0x000006ac   Code   RO         2833    .text               lcd_stm32_raw.o
    0x08019958   0x08019958   0x000000d8   Code   RO         2863    .text               main_loop_stm32_raw.o
    0x08019a30   0x08019a30   0x00000064   Code   RO         2963    .text               platform.o
    0x08019a94   0x08019a94   0x0000001c   Code   RO         2977    .text               mutex_null.o
    0x08019ab0   0x08019ab0   0x0000004c   Code   RO         2994    .text               sys_tick.o
    0x08019afc   0x08019afc   0x00000004   Code   RO         3008    .text               fs_os.o
    0x08019b00   0x08019b00   0x00000026   Code   RO         3020    .text               demo_main.o
    0x08019b26   0x08019b26   0x00000002   PAD
    0x08019b28   0x08019b28   0x00000588   Code   RO         3035    .text               demo1_app.o
    0x0801a0b0   0x0801a0b0   0x0000019c   Code   RO         3053    .text               assets-mini.o
    0x0801a24c   0x0801a24c   0x00000002   Code   RO         3103    .text               c_w.l(use_no_semi_2.o)
    0x0801a24e   0x0801a24e   0x00000002   PAD
    0x0801a250   0x0801a250   0x00000010   Code   RO         3105    .text               c_w.l(rt_ctype_table.o)
    0x0801a260   0x0801a260   0x0000001a   Code   RO         3107    .text               c_w.l(tolower.o)
    0x0801a27a   0x0801a27a   0x0000001e   Code   RO         3109    .text               c_w.l(toupper.o)
    0x0801a298   0x0801a298   0x00000034   Code   RO         3111    .text               c_w.l(vsnprintf.o)
    0x0801a2cc   0x0801a2cc   0x00000018   Code   RO         3113    .text               c_w.l(__2printf.o)
    0x0801a2e4   0x0801a2e4   0x00000078   Code   RO         3119    .text               c_w.l(_printf_dec.o)
    0x0801a35c   0x0801a35c   0x00000188   Code   RO         3138    .text               c_w.l(__printf_flags_ss_wp.o)
    0x0801a4e4   0x0801a4e4   0x00000034   Code   RO         3143    .text               c_w.l(vsscanf.o)
    0x0801a518   0x0801a518   0x00000050   Code   RO         3145    .text               c_w.l(bsearchnoex.o)
    0x0801a568   0x0801a568   0x00000014   Code   RO         3147    .text               c_w.l(strchr.o)
    0x0801a57c   0x0801a57c   0x00000024   Code   RO         3149    .text               c_w.l(strstr.o)
    0x0801a5a0   0x0801a5a0   0x00000058   Code   RO         3151    .text               c_w.l(memcmp.o)
    0x0801a5f8   0x0801a5f8   0x00000048   Code   RO         3153    .text               c_w.l(strcpy.o)
    0x0801a640   0x0801a640   0x00000016   Code   RO         3155    .text               c_w.l(strrchr.o)
    0x0801a656   0x0801a656   0x0000003e   Code   RO         3157    .text               c_w.l(strlen.o)
    0x0801a694   0x0801a694   0x00000012   Code   RO         3159    .text               c_w.l(wcscpy.o)
    0x0801a6a6   0x0801a6a6   0x00000018   Code   RO         3161    .text               c_w.l(wcscmp.o)
    0x0801a6be   0x0801a6be   0x00000016   Code   RO         3163    .text               c_w.l(wcschr.o)
    0x0801a6d4   0x0801a6d4   0x00000012   Code   RO         3165    .text               c_w.l(wcslen.o)
    0x0801a6e6   0x0801a6e6   0x00000096   Code   RO         3167    .text               c_w.l(strncmp.o)
    0x0801a77c   0x0801a77c   0x0000008a   Code   RO         3169    .text               c_w.l(rt_memcpy_v6.o)
    0x0801a806   0x0801a806   0x00000084   Code   RO         3171    .text               c_w.l(rt_memmove_v6.o)
    0x0801a88a   0x0801a88a   0x00000064   Code   RO         3173    .text               c_w.l(rt_memcpy_w.o)
    0x0801a8ee   0x0801a8ee   0x00000044   Code   RO         3175    .text               c_w.l(rt_memclr.o)
    0x0801a932   0x0801a932   0x0000004e   Code   RO         3177    .text               c_w.l(rt_memclr_w.o)
    0x0801a980   0x0801a980   0x00000056   Code   RO         3179    .text               c_w.l(strncpy.o)
    0x0801a9d6   0x0801a9d6   0x00000002   PAD
    0x0801a9d8   0x0801a9d8   0x00000080   Code   RO         3181    .text               c_w.l(strcmpv7m.o)
    0x0801aa58   0x0801aa58   0x00000006   Code   RO         3183    .text               c_w.l(heapauxi.o)
    0x0801aa5e   0x0801aa5e   0x00000002   Code   RO         3295    .text               c_w.l(use_no_semi.o)
    0x0801aa60   0x0801aa60   0x00000008   Code   RO         3301    .text               c_w.l(rt_locale_intlibspace.o)
    0x0801aa68   0x0801aa68   0x00000016   Code   RO         3303    .text               c_w.l(_rserrno.o)
    0x0801aa7e   0x0801aa7e   0x0000004e   Code   RO         3305    .text               c_w.l(_printf_pad.o)
    0x0801aacc   0x0801aacc   0x00000024   Code   RO         3307    .text               c_w.l(_printf_truncate.o)
    0x0801aaf0   0x0801aaf0   0x00000052   Code   RO         3309    .text               c_w.l(_printf_str.o)
    0x0801ab42   0x0801ab42   0x000000b2   Code   RO         3311    .text               c_w.l(_printf_intcommon.o)
    0x0801abf4   0x0801abf4   0x00000028   Code   RO         3313    .text               c_w.l(_printf_charcount.o)
    0x0801ac1c   0x0801ac1c   0x00000030   Code   RO         3315    .text               c_w.l(_printf_char_common.o)
    0x0801ac4c   0x0801ac4c   0x0000000a   Code   RO         3317    .text               c_w.l(_sputc.o)
    0x0801ac56   0x0801ac56   0x00000010   Code   RO         3319    .text               c_w.l(_snputc.o)
    0x0801ac66   0x0801ac66   0x00000002   PAD
    0x0801ac68   0x0801ac68   0x00000024   Code   RO         3321    .text               c_w.l(_printf_char_file.o)
    0x0801ac8c   0x0801ac8c   0x000000bc   Code   RO         3323    .text               c_w.l(_printf_wctomb.o)
    0x0801ad48   0x0801ad48   0x0000007c   Code   RO         3326    .text               c_w.l(_printf_longlong_dec.o)
    0x0801adc4   0x0801adc4   0x00000070   Code   RO         3332    .text               c_w.l(_printf_oct_int_ll.o)
    0x0801ae34   0x0801ae34   0x00000094   Code   RO         3352    .text               c_w.l(_printf_hex_int_ll_ptr.o)
    0x0801aec8   0x0801aec8   0x00000156   Code   RO         3377    .text               c_w.l(_scanf_longlong.o)
    0x0801b01e   0x0801b01e   0x0000014c   Code   RO         3379    .text               c_w.l(_scanf_int.o)
    0x0801b16a   0x0801b16a   0x000000e0   Code   RO         3381    .text               c_w.l(_scanf_str.o)
    0x0801b24a   0x0801b24a   0x00000002   PAD
    0x0801b24c   0x0801b24c   0x0000002c   Code   RO         3383    .text               c_w.l(scanf_char.o)
    0x0801b278   0x0801b278   0x00000040   Code   RO         3385    .text               c_w.l(_sgetc.o)
    0x0801b2b8   0x0801b2b8   0x00000114   Code   RO         3387    .text               c_w.l(_scanf_mbtowc.o)
    0x0801b3cc   0x0801b3cc   0x000000e8   Code   RO         3389    .text               c_w.l(_scanf_wctomb.o)
    0x0801b4b4   0x0801b4b4   0x000000d0   Code   RO         3391    .text               c_w.l(_scanf_wstr.o)
    0x0801b584   0x0801b584   0x0000007a   Code   RO         3396    .text               c_w.l(rt_memmove_w.o)
    0x0801b5fe   0x0801b5fe   0x00000002   PAD
    0x0801b600   0x0801b600   0x00000008   Code   RO         3458    .text               c_w.l(libspace.o)
    0x0801b608   0x0801b608   0x00000008   Code   RO         3479    .text               c_w.l(rt_errno_addr_intlibspace.o)
    0x0801b610   0x0801b610   0x0000008a   Code   RO         3481    .text               c_w.l(lludiv10.o)
    0x0801b69a   0x0801b69a   0x00000012   Code   RO         3483    .text               c_w.l(isspace.o)
    0x0801b6ac   0x0801b6ac   0x0000041e   Code   RO         3485    .text               c_w.l(_printf_fp_dec.o)
    0x0801baca   0x0801baca   0x00000002   PAD
    0x0801bacc   0x0801bacc   0x000002fc   Code   RO         3487    .text               c_w.l(_printf_fp_hex.o)
    0x0801bdc8   0x0801bdc8   0x0000002c   Code   RO         3492    .text               c_w.l(_printf_char.o)
    0x0801bdf4   0x0801bdf4   0x0000002c   Code   RO         3494    .text               c_w.l(_printf_wchar.o)
    0x0801be20   0x0801be20   0x0000001c   Code   RO         3496    .text               c_w.l(_chval.o)
    0x0801be3c   0x0801be3c   0x00000374   Code   RO         3498    .text               c_w.l(_scanf.o)
    0x0801c1b0   0x0801c1b0   0x000004f8   Code   RO         3500    .text               c_w.l(scanf_fp.o)
    0x0801c6a8   0x0801c6a8   0x0000001e   Code   RO         3502    .text               c_w.l(_scanf_wcharmap.o)
    0x0801c6c6   0x0801c6c6   0x00000008   Code   RO         3504    .text               c_w.l(ferror.o)
    0x0801c6ce   0x0801c6ce   0x0000003c   Code   RO         3508    .text               c_w.l(_mbrtowc.o)
    0x0801c70a   0x0801c70a   0x00000040   Code   RO         3510    .text               c_w.l(_wcrtomb.o)
    0x0801c74a   0x0801c74a   0x0000004a   Code   RO         3559    .text               c_w.l(sys_stackheap_outer.o)
    0x0801c794   0x0801c794   0x00000080   Code   RO         3561    .text               c_w.l(_printf_fp_infnan.o)
    0x0801c814   0x0801c814   0x000000e4   Code   RO         3563    .text               c_w.l(bigflt0.o)
    0x0801c8f8   0x0801c8f8   0x00000012   Code   RO         3591    .text               c_w.l(exit.o)
    0x0801c90a   0x0801c90a   0x00000002   PAD
    0x0801c90c   0x0801c90c   0x00000320   Code   RO         3625    .text               c_w.l(scanf_hexfp.o)
    0x0801cc2c   0x0801cc2c   0x00000134   Code   RO         3627    .text               c_w.l(scanf_infnan.o)
    0x0801cd60   0x0801cd60   0x00000026   Code   RO         3650    .text               c_w.l(llshl.o)
    0x0801cd86   0x0801cd86   0x0000003e   Code   RO         3566    CL$$btod_d2e        c_w.l(btod.o)
    0x0801cdc4   0x0801cdc4   0x00000046   Code   RO         3568    CL$$btod_d2e_denorm_low  c_w.l(btod.o)
    0x0801ce0a   0x0801ce0a   0x00000060   Code   RO         3567    CL$$btod_d2e_norm_op1  c_w.l(btod.o)
    0x0801ce6a   0x0801ce6a   0x00000338   Code   RO         3576    CL$$btod_div_common  c_w.l(btod.o)
    0x0801d1a2   0x0801d1a2   0x00000002   PAD
    0x0801d1a4   0x0801d1a4   0x00000084   Code   RO         3574    CL$$btod_e2d        c_w.l(btod.o)
    0x0801d228   0x0801d228   0x000000dc   Code   RO         3573    CL$$btod_e2e        c_w.l(btod.o)
    0x0801d304   0x0801d304   0x0000002a   Code   RO         3570    CL$$btod_ediv       c_w.l(btod.o)
    0x0801d32e   0x0801d32e   0x0000002a   Code   RO         3572    CL$$btod_edivd      c_w.l(btod.o)
    0x0801d358   0x0801d358   0x0000002a   Code   RO         3569    CL$$btod_emul       c_w.l(btod.o)
    0x0801d382   0x0801d382   0x0000002a   Code   RO         3571    CL$$btod_emuld      c_w.l(btod.o)
    0x0801d3ac   0x0801d3ac   0x00000244   Code   RO         3575    CL$$btod_mult_common  c_w.l(btod.o)
    0x0801d5f0   0x0801d5f0   0x00000028   Code   RO         3442    i.__ARM_fpclassify  m_ws.l(fpclassify.o)
    0x0801d618   0x0801d618   0x00000388   Code   RO         3447    i.__ieee754_rem_pio2  m_ws.l(rred.o)
    0x0801d9a0   0x0801d9a0   0x000000fc   Code   RO         3425    i.__kernel_cos      m_ws.l(cos_i.o)
    0x0801da9c   0x0801da9c   0x000000aa   Code   RO         3444    i.__kernel_poly     m_ws.l(poly.o)
    0x0801db46   0x0801db46   0x00000002   PAD
    0x0801db48   0x0801db48   0x000000ec   Code   RO         3452    i.__kernel_sin      m_ws.l(sin_i.o)
    0x0801dc34   0x0801dc34   0x00000010   Code   RO         3428    i.__mathlib_dbl_divzero  m_ws.l(dunder.o)
    0x0801dc44   0x0801dc44   0x00000006   Code   RO         3429    i.__mathlib_dbl_infnan  m_ws.l(dunder.o)
    0x0801dc4a   0x0801dc4a   0x00000004   Code   RO         3430    i.__mathlib_dbl_infnan2  m_ws.l(dunder.o)
    0x0801dc4e   0x0801dc4e   0x0000000c   Code   RO         3431    i.__mathlib_dbl_invalid  m_ws.l(dunder.o)
    0x0801dc5a   0x0801dc5a   0x0000000e   Code   RO         3432    i.__mathlib_dbl_overflow  m_ws.l(dunder.o)
    0x0801dc68   0x0801dc68   0x00000010   Code   RO         3434    i.__mathlib_dbl_underflow  m_ws.l(dunder.o)
    0x0801dc78   0x0801dc78   0x00000010   Code   RO         3617    i.__mathlib_narrow  m_ws.l(narrow.o)
    0x0801dc88   0x0801dc88   0x000000bc   Code   RO         3618    i.__mathlib_tofloat  m_ws.l(narrow.o)
    0x0801dd44   0x0801dd44   0x00000016   Code   RO         3657    i.__support_ldexp   m_ws.l(ldexp.o)
    0x0801dd5a   0x0801dd5a   0x0000000e   Code   RO         3131    i._is_digit         c_w.l(__printf_wp.o)
    0x0801dd68   0x0801dd68   0x0000009c   Code   RO         3258    i.cos               m_ws.l(cos.o)
    0x0801de04   0x0801de04   0x000000dc   Code   RO         3266    i.floor             m_ws.l(floor.o)
    0x0801dee0   0x0801dee0   0x00000058   Code   RO         3636    i.frexp             m_ws.l(frexp.o)
    0x0801df38   0x0801df38   0x00000074   Code   RO         3658    i.ldexp             m_ws.l(ldexp.o)
    0x0801dfac   0x0801dfac   0x000009d8   Code   RO         3270    i.pow               m_ws.l(pow.o)
    0x0801e984   0x0801e984   0x000000a0   Code   RO         3280    i.sin               m_ws.l(sin.o)
    0x0801ea24   0x0801ea24   0x0000004c   Code   RO         3288    i.sqrt              m_ws.l(sqrt.o)
    0x0801ea70   0x0801ea70   0x0000002c   Code   RO         3394    locale$$code        c_w.l(lc_ctype_c.o)
    0x0801ea9c   0x0801ea9c   0x0000002c   Code   RO         3589    locale$$code        c_w.l(lc_numeric_c.o)
    0x0801eac8   0x0801eac8   0x00000062   Code   RO         3187    x$fpl$d2f           fz_ws.l(d2f.o)
    0x0801eb2a   0x0801eb2a   0x00000002   PAD
    0x0801eb2c   0x0801eb2c   0x00000150   Code   RO         3189    x$fpl$dadd          fz_ws.l(daddsub_clz.o)
    0x0801ec7c   0x0801ec7c   0x00000010   Code   RO         3557    x$fpl$dcheck1       fz_ws.l(dcheck1.o)
    0x0801ec8c   0x0801ec8c   0x00000018   Code   RO         3398    x$fpl$dcmpinf       fz_ws.l(dcmpi.o)
    0x0801eca4   0x0801eca4   0x000002b0   Code   RO         3196    x$fpl$ddiv          fz_ws.l(ddiv.o)
    0x0801ef54   0x0801ef54   0x00000078   Code   RO         3199    x$fpl$deqf          fz_ws.l(deqf.o)
    0x0801efcc   0x0801efcc   0x0000005e   Code   RO         3201    x$fpl$dfix          fz_ws.l(dfix.o)
    0x0801f02a   0x0801f02a   0x00000002   PAD
    0x0801f02c   0x0801f02c   0x0000005a   Code   RO         3205    x$fpl$dfixu         fz_ws.l(dfixu.o)
    0x0801f086   0x0801f086   0x0000002e   Code   RO         3210    x$fpl$dflt          fz_ws.l(dflt_clz.o)
    0x0801f0b4   0x0801f0b4   0x00000026   Code   RO         3209    x$fpl$dfltu         fz_ws.l(dflt_clz.o)
    0x0801f0da   0x0801f0da   0x00000002   PAD
    0x0801f0dc   0x0801f0dc   0x00000078   Code   RO         3215    x$fpl$dleqf         fz_ws.l(dleqf.o)
    0x0801f154   0x0801f154   0x00000154   Code   RO         3217    x$fpl$dmul          fz_ws.l(dmul.o)
    0x0801f2a8   0x0801f2a8   0x0000009c   Code   RO         3400    x$fpl$dnaninf       fz_ws.l(dnaninf.o)
    0x0801f344   0x0801f344   0x0000000c   Code   RO         3402    x$fpl$dretinf       fz_ws.l(dretinf.o)
    0x0801f350   0x0801f350   0x0000006c   Code   RO         3219    x$fpl$drleqf        fz_ws.l(drleqf.o)
    0x0801f3bc   0x0801f3bc   0x00000016   Code   RO         3190    x$fpl$drsb          fz_ws.l(daddsub_clz.o)
    0x0801f3d2   0x0801f3d2   0x00000002   PAD
    0x0801f3d4   0x0801f3d4   0x000001cc   Code   RO         3404    x$fpl$dsqrt         fz_ws.l(dsqrt_noumaal.o)
    0x0801f5a0   0x0801f5a0   0x000001d4   Code   RO         3191    x$fpl$dsub          fz_ws.l(daddsub_clz.o)
    0x0801f774   0x0801f774   0x00000056   Code   RO         3221    x$fpl$f2d           fz_ws.l(f2d.o)
    0x0801f7ca   0x0801f7ca   0x00000002   PAD
    0x0801f7cc   0x0801f7cc   0x000000c4   Code   RO         3223    x$fpl$fadd          fz_ws.l(faddsub_clz.o)
    0x0801f890   0x0801f890   0x00000018   Code   RO         3406    x$fpl$fcmpinf       fz_ws.l(fcmpi.o)
    0x0801f8a8   0x0801f8a8   0x00000184   Code   RO         3230    x$fpl$fdiv          fz_ws.l(fdiv.o)
    0x0801fa2c   0x0801fa2c   0x00000068   Code   RO         3233    x$fpl$feqf          fz_ws.l(feqf.o)
    0x0801fa94   0x0801fa94   0x00000036   Code   RO         3235    x$fpl$ffix          fz_ws.l(ffix.o)
    0x0801faca   0x0801faca   0x00000002   PAD
    0x0801facc   0x0801facc   0x0000003e   Code   RO         3239    x$fpl$ffixu         fz_ws.l(ffixu.o)
    0x0801fb0a   0x0801fb0a   0x00000002   PAD
    0x0801fb0c   0x0801fb0c   0x00000030   Code   RO         3244    x$fpl$fflt          fz_ws.l(fflt_clz.o)
    0x0801fb3c   0x0801fb3c   0x00000060   Code   RO         3249    x$fpl$ffltll        fz_ws.l(ffltll_clz.o)
    0x0801fb9c   0x0801fb9c   0x00000026   Code   RO         3243    x$fpl$ffltu         fz_ws.l(fflt_clz.o)
    0x0801fbc2   0x0801fbc2   0x00000002   PAD
    0x0801fbc4   0x0801fbc4   0x00000068   Code   RO         3251    x$fpl$fleqf         fz_ws.l(fleqf.o)
    0x0801fc2c   0x0801fc2c   0x00000102   Code   RO         3253    x$fpl$fmul          fz_ws.l(fmul.o)
    0x0801fd2e   0x0801fd2e   0x0000008c   Code   RO         3408    x$fpl$fnaninf       fz_ws.l(fnaninf.o)
    0x0801fdba   0x0801fdba   0x0000000a   Code   RO         3410    x$fpl$fretinf       fz_ws.l(fretinf.o)
    0x0801fdc4   0x0801fdc4   0x00000062   Code   RO         3255    x$fpl$frleqf        fz_ws.l(frleqf.o)
    0x0801fe26   0x0801fe26   0x00000014   Code   RO         3224    x$fpl$frsb          fz_ws.l(faddsub_clz.o)
    0x0801fe3a   0x0801fe3a   0x00000002   PAD
    0x0801fe3c   0x0801fe3c   0x000000ea   Code   RO         3225    x$fpl$fsub          fz_ws.l(faddsub_clz.o)
    0x0801ff26   0x0801ff26   0x00000006   Code   RO         3607    x$fpl$ieeestatus    fz_ws.l(istatus.o)
    0x0801ff2c   0x0801ff2c   0x00000004   Code   RO         3412    x$fpl$printf1       fz_ws.l(printf1.o)
    0x0801ff30   0x0801ff30   0x00000004   Code   RO         3414    x$fpl$printf2       fz_ws.l(printf2.o)
    0x0801ff34   0x0801ff34   0x00000064   Code   RO         3609    x$fpl$retnan        fz_ws.l(retnan.o)
    0x0801ff98   0x0801ff98   0x0000005c   Code   RO         3420    x$fpl$scalbn        fz_ws.l(scalbn.o)
    0x0801fff4   0x0801fff4   0x00000004   Code   RO         3422    x$fpl$scanf1        fz_ws.l(scanf1.o)
    0x0801fff8   0x0801fff8   0x00000008   Code   RO         3611    x$fpl$scanf2        fz_ws.l(scanf2.o)
    0x08020000   0x08020000   0x00000030   Code   RO         3633    x$fpl$trapveneer    fz_ws.l(trapv.o)
    0x08020030   0x08020030   0x00000000   Code   RO         3424    x$fpl$usenofp       fz_ws.l(usenofp.o)
    0x08020030   0x08020030   0x00000018   Data   RO          513    .constdata          rtc.o
    0x08020048   0x08020048   0x00000948   Data   RO          570    .constdata          gui.o
    0x08020990   0x08020990   0x00000025   Data   RO          605    .constdata          array.o
    0x080209b5   0x080209b5   0x00000003   PAD
    0x080209b8   0x080209b8   0x00000044   Data   RO          652    .constdata          bitmap.o
    0x080209fc   0x080209fc   0x00000072   Data   RO          692    .constdata          button_1.o
    0x08020a6e   0x08020a6e   0x00000002   PAD
    0x08020a70   0x08020a70   0x000000f6   Data   RO          837    .constdata          check_button.o
    0x08020b66   0x08020b66   0x00000002   PAD
    0x08020b68   0x08020b68   0x00000072   Data   RO          928    .constdata          dialog.o
    0x08020bda   0x08020bda   0x0000001a   Data   RO          983    .constdata          emitter.o
    0x08020bf4   0x08020bf4   0x00000498   Data   RO         1005    .constdata          enums.o
    0x0802108c   0x0802108c   0x00000014   Data   RO         1044    .constdata          font_manager.o
    0x080210a0   0x080210a0   0x00000075   Data   RO         1059    .constdata          group_box.o
    0x08021115   0x08021115   0x00000003   PAD
    0x08021118   0x08021118   0x00000071   Data   RO         1077    .constdata          image.o
    0x08021189   0x08021189   0x00000027   Data   RO         1096    .constdata          image_manager.o
    0x080211b0   0x080211b0   0x00000071   Data   RO         1117    .constdata          label.o
    0x08021221   0x08021221   0x00000003   PAD
    0x08021224   0x08021224   0x00000078   Data   RO         1175    .constdata          progress_bar.o
    0x0802129c   0x0802129c   0x0000000d   Data   RO         1206    .constdata          theme.o
    0x080212a9   0x080212a9   0x00000003   PAD
    0x080212ac   0x080212ac   0x00000104   Data   RO         1221    .constdata          utf8.o
    0x080213b0   0x080213b0   0x0000000d   Data   RO         1236    .constdata          value.o
    0x080213bd   0x080213bd   0x0000000d   Data   RO         1252    .constdata          widget.o
    0x080213ca   0x080213ca   0x00000002   PAD
    0x080213cc   0x080213cc   0x00000064   Data   RO         1280    .constdata          widget_vtable.o
    0x08021430   0x08021430   0x00000072   Data   RO         1294    .constdata          window.o
    0x080214a2   0x080214a2   0x00000002   PAD
    0x080214a4   0x080214a4   0x000000a0   Data   RO         1313    .constdata          window_manager.o
    0x08021544   0x08021544   0x00000014   Data   RO         1350    .constdata          wstr.o
    0x08021558   0x08021558   0x00000017   Data   RO         1363    .constdata          utils.o
    0x0802156f   0x0802156f   0x00000027   Data   RO         1403    .constdata          timer.o
    0x08021596   0x08021596   0x00000032   Data   RO         1418    .constdata          layout.o
    0x080215c8   0x080215c8   0x00000013   Data   RO         1434    .constdata          event_queue.o
    0x080215db   0x080215db   0x00000001   PAD
    0x080215dc   0x080215dc   0x00000072   Data   RO         1456    .constdata          slider.o
    0x0802164e   0x0802164e   0x00000025   Data   RO         1499    .constdata          idle.o
    0x08021673   0x08021673   0x00000017   Data   RO         1540    .constdata          str.o
    0x0802168a   0x0802168a   0x00000002   PAD
    0x0802168c   0x0802168c   0x00000071   Data   RO         1572    .constdata          pages.o
    0x080216fd   0x080216fd   0x00000003   PAD
    0x08021700   0x08021700   0x00000073   Data   RO         1591    .constdata          edit.o
    0x08021773   0x08021773   0x00000001   PAD
    0x08021774   0x08021774   0x00000070   Data   RO         1608    .constdata          view.o
    0x080217e4   0x080217e4   0x0000048a   Data   RO         1641    .constdata          widget_factory.o
    0x08021c6e   0x08021c6e   0x00000002   PAD
    0x08021c70   0x08021c70   0x00000064   Data   RO         1869    .constdata          spin_box.o
    0x08021cd4   0x08021cd4   0x00000073   Data   RO         1891    .constdata          dragger.o
    0x08021d47   0x08021d47   0x00000001   PAD
    0x08021d48   0x08021d48   0x00000079   Data   RO         1910    .constdata          dialog_client.o
    0x08021dc1   0x08021dc1   0x00000003   PAD
    0x08021dc4   0x08021dc4   0x00000078   Data   RO         1925    .constdata          dialog_title.o
    0x08021e3c   0x08021e3c   0x00000028   Data   RO         1940    .constdata          custom_props.o
    0x08021e64   0x08021e64   0x00000019   Data   RO         1977    .constdata          input_method_creator.o
    0x08021e7d   0x08021e7d   0x00000003   PAD
    0x08021e80   0x08021e80   0x00000078   Data   RO         1993    .constdata          button_group.o
    0x08021ef8   0x08021ef8   0x00000092   Data   RO         2029    .constdata          combo_box.o
    0x08021f8a   0x08021f8a   0x00000002   PAD
    0x08021f8c   0x08021f8c   0x0000007a   Data   RO         2055    .constdata          combo_box_item.o
    0x08022006   0x08022006   0x00000002   PAD
    0x08022008   0x08022008   0x00000060   Data   RO         2070    .constdata          easing.o
    0x08022068   0x08022068   0x0000000a   Data   RO         2084    .constdata          fs.o
    0x08022072   0x08022072   0x00000002   PAD
    0x08022074   0x08022074   0x00000071   Data   RO         2143    .constdata          popup.o
    0x080220e5   0x080220e5   0x00000003   PAD
    0x080220e8   0x080220e8   0x00000076   Data   RO         2188    .constdata          tab_button.o
    0x0802215e   0x0802215e   0x00000002   PAD
    0x08022160   0x08022160   0x0000007c   Data   RO         2207    .constdata          tab_button_group.o
    0x080221dc   0x080221dc   0x00000077   Data   RO         2225    .constdata          tab_control.o
    0x08022253   0x08022253   0x00000001   PAD
    0x08022254   0x08022254   0x00000004   Data   RO         2437    .constdata          ui_loader_default.o
    0x08022258   0x08022258   0x00000076   Data   RO         2545    .constdata          color_tile.o
    0x080222ce   0x080222ce   0x00000016   Data   RO         2567    .constdata          assets_manager.o
    0x080222e4   0x080222e4   0x00000013   Data   RO         2582    .constdata          locale_info.o
    0x080222f7   0x080222f7   0x00000001   PAD
    0x080222f8   0x080222f8   0x00000073   Data   RO         2618    .constdata          app_bar.o
    0x0802236b   0x0802236b   0x00000001   PAD
    0x0802236c   0x0802236c   0x00000072   Data   RO         2636    .constdata          column.o
    0x080223de   0x080223de   0x00000002   PAD
    0x080223e0   0x080223e0   0x00000070   Data   RO         2654    .constdata          grid.o
    0x08022450   0x08022450   0x0000006f   Data   RO         2672    .constdata          row.o
    0x080224bf   0x080224bf   0x00000001   PAD
    0x080224c0   0x080224c0   0x0000007b   Data   RO         2690    .constdata          calibration_win.o
    0x0802253b   0x0802253b   0x00000013   Data   RO         2708    .constdata          font_loader_bitmap.o
    0x0802254e   0x0802254e   0x00000002   PAD
    0x08022550   0x08022550   0x0000002b   Data   RO         2785    .constdata          style_const.o
    0x0802257b   0x0802257b   0x0000001f   Data   RO         2819    .constdata          widget_animator_manager.o
    0x0802259a   0x0802259a   0x0000000f   Data   RO         2834    .constdata          lcd_stm32_raw.o
    0x080225a9   0x080225a9   0x0001ded8   Data   RO         3054    .constdata          assets-mini.o
    0x08040481   0x08040481   0x00000011   Data   RO         3139    .constdata          c_w.l(__printf_flags_ss_wp.o)
    0x08040492   0x08040492   0x00000006   PAD
    0x08040498   0x08040498   0x00000088   Data   RO         3271    .constdata          m_ws.l(pow.o)
    0x08040520   0x08040520   0x00000008   Data   RO         3324    .constdata          c_w.l(_printf_wctomb.o)
    0x08040528   0x08040528   0x00000028   Data   RO         3353    .constdata          c_w.l(_printf_hex_int_ll_ptr.o)
    0x08040550   0x08040550   0x00000030   Data   RO         3426    .constdata          m_ws.l(cos_i.o)
    0x08040580   0x08040580   0x00000008   Data   RO         3446    .constdata          m_ws.l(qnan.o)
    0x08040588   0x08040588   0x000000c8   Data   RO         3449    .constdata          m_ws.l(rred.o)
    0x08040650   0x08040650   0x00000028   Data   RO         3453    .constdata          m_ws.l(sin_i.o)
    0x08040678   0x08040678   0x00000026   Data   RO         3488    .constdata          c_w.l(_printf_fp_hex.o)
    0x0804069e   0x0804069e   0x00000002   PAD
    0x080406a0   0x080406a0   0x00000094   Data   RO         3564    .constdata          c_w.l(bigflt0.o)
    0x08040734   0x08040734   0x0000000f   Data   RO          693    .conststring        button_1.o
    0x08040743   0x08040743   0x00000001   PAD
    0x08040744   0x08040744   0x00000025   Data   RO          838    .conststring        check_button.o
    0x08040769   0x08040769   0x00000003   PAD
    0x0804076c   0x0804076c   0x00000043   Data   RO          929    .conststring        dialog.o
    0x080407af   0x080407af   0x00000001   PAD
    0x080407b0   0x080407b0   0x00000422   Data   RO         1006    .conststring        enums.o
    0x08040bd2   0x08040bd2   0x00000002   PAD
    0x08040bd4   0x08040bd4   0x0000000a   Data   RO         1060    .conststring        group_box.o
    0x08040bde   0x08040bde   0x00000002   PAD
    0x08040be0   0x08040be0   0x00000055   Data   RO         1078    .conststring        image.o
    0x08040c35   0x08040c35   0x00000003   PAD
    0x08040c38   0x08040c38   0x00000006   Data   RO         1118    .conststring        label.o
    0x08040c3e   0x08040c3e   0x00000002   PAD
    0x08040c40   0x08040c40   0x00000026   Data   RO         1176    .conststring        progress_bar.o
    0x08040c66   0x08040c66   0x00000002   PAD
    0x08040c68   0x08040c68   0x00000007   Data   RO         1295    .conststring        window.o
    0x08040c6f   0x08040c6f   0x00000001   PAD
    0x08040c70   0x08040c70   0x0000000f   Data   RO         1314    .conststring        window_manager.o
    0x08040c7f   0x08040c7f   0x00000001   PAD
    0x08040c80   0x08040c80   0x00000018   Data   RO         1457    .conststring        slider.o
    0x08040c98   0x08040c98   0x00000006   Data   RO         1573    .conststring        pages.o
    0x08040c9e   0x08040c9e   0x00000002   PAD
    0x08040ca0   0x08040ca0   0x0000007d   Data   RO         1592    .conststring        edit.o
    0x08040d1d   0x08040d1d   0x00000003   PAD
    0x08040d20   0x08040d20   0x00000005   Data   RO         1609    .conststring        view.o
    0x08040d25   0x08040d25   0x00000003   PAD
    0x08040d28   0x08040d28   0x00000009   Data   RO         1870    .conststring        spin_box.o
    0x08040d31   0x08040d31   0x00000003   PAD
    0x08040d34   0x08040d34   0x00000026   Data   RO         1892    .conststring        dragger.o
    0x08040d5a   0x08040d5a   0x00000002   PAD
    0x08040d5c   0x08040d5c   0x0000000e   Data   RO         1911    .conststring        dialog_client.o
    0x08040d6a   0x08040d6a   0x00000002   PAD
    0x08040d6c   0x08040d6c   0x0000000d   Data   RO         1926    .conststring        dialog_title.o
    0x08040d79   0x08040d79   0x00000003   PAD
    0x08040d7c   0x08040d7c   0x00000a61   Data   RO         2011    .conststring        color_parser.o
    0x080417dd   0x080417dd   0x00000003   PAD
    0x080417e0   0x080417e0   0x00000026   Data   RO         2030    .conststring        combo_box.o
    0x08041806   0x08041806   0x00000002   PAD
    0x08041808   0x08041808   0x0000000f   Data   RO         2056    .conststring        combo_box_item.o
    0x08041817   0x08041817   0x00000001   PAD
    0x08041818   0x08041818   0x00000036   Data   RO         2144    .conststring        popup.o
    0x0804184e   0x0804184e   0x00000002   PAD
    0x08041850   0x08041850   0x0000000b   Data   RO         2189    .conststring        tab_button.o
    0x0804185b   0x0804185b   0x00000001   PAD
    0x0804185c   0x0804185c   0x00000011   Data   RO         2208    .conststring        tab_button_group.o
    0x0804186d   0x0804186d   0x00000003   PAD
    0x08041870   0x08041870   0x0000000c   Data   RO         2226    .conststring        tab_control.o
    0x0804187c   0x0804187c   0x0000000b   Data   RO         2546    .conststring        color_tile.o
    0x08041887   0x08041887   0x00000001   PAD
    0x08041888   0x08041888   0x00000008   Data   RO         2619    .conststring        app_bar.o
    0x08041890   0x08041890   0x00000007   Data   RO         2637    .conststring        column.o
    0x08041897   0x08041897   0x00000001   PAD
    0x08041898   0x08041898   0x00000004   Data   RO         2655    .conststring        grid.o
    0x0804189c   0x0804189c   0x00000010   Data   RO         2691    .conststring        calibration_win.o
    0x080418ac   0x080418ac   0x00000020   Data   RO         3718    Region$$Table       anon$$obj.o
    0x080418cc   0x080418cc   0x00000008   Data   RO         3601    c$$dinf             fz_ws.l(fpconst.o)
    0x080418d4   0x080418d4   0x00000008   Data   RO         3604    c$$dmax             fz_ws.l(fpconst.o)
    0x080418dc   0x080418dc   0x00000110   Data   RO         3393    locale$$data        c_w.l(lc_ctype_c.o)
    0x080419ec   0x080419ec   0x0000001c   Data   RO         3588    locale$$data        c_w.l(lc_numeric_c.o)


    Execution Region RW_IRAM1 (Exec base: 0x20000000, Load base: 0x08041a08, Size: 0x00003e68, Max: 0x00010000, ABSOLUTE, COMPRESSED[0x000003f4])

    Exec Addr    Load Addr    Size         Type   Attr      Idx    E Section Name        Object

    0x20000000   COMPRESSED   0x00000014   Data   RW          105    .data               system_stm32f10x.o
    0x20000014   COMPRESSED   0x00000006   Data   RW          218    .data               usart.o
    0x2000001a   COMPRESSED   0x00000014   Data   RW          282    .data               stm32f10x_rcc.o
    0x2000002e   COMPRESSED   0x00000001   Data   RW          452    .data               led.o
    0x2000002f   COMPRESSED   0x00000001   Data   RW          480    .data               button.o
    0x20000030   COMPRESSED   0x00000004   Data   RW          493    .data               tim.o
    0x20000034   COMPRESSED   0x0000000a   Data   RW          514    .data               rtc.o
    0x2000003e   COMPRESSED   0x00000008   Data   RW          537    .data               touch.o
    0x20000046   COMPRESSED   0x00000002   PAD
    0x20000048   COMPRESSED   0x00000008   Data   RW          694    .data               button_1.o
    0x20000050   COMPRESSED   0x00000008   Data   RW          839    .data               check_button.o
    0x20000058   COMPRESSED   0x00000018   Data   RW          930    .data               dialog.o
    0x20000070   COMPRESSED   0x00000004   Data   RW         1045    .data               font_manager.o
    0x20000074   COMPRESSED   0x00000028   Data   RW         1079    .data               image.o
    0x2000009c   COMPRESSED   0x00000004   Data   RW         1097    .data               image_manager.o
    0x200000a0   COMPRESSED   0x00000004   Data   RW         1144    .data               main_loop.o
    0x200000a4   COMPRESSED   0x00000010   Data   RW         1177    .data               progress_bar.o
    0x200000b4   COMPRESSED   0x00000004   Data   RW         1207    .data               theme.o
    0x200000b8   COMPRESSED   0x00000018   Data   RW         1296    .data               window.o
    0x200000d0   COMPRESSED   0x00000004   Data   RW         1315    .data               window_manager.o
    0x200000d4   COMPRESSED   0x00000004   Data   RW         1404    .data               timer.o
    0x200000d8   COMPRESSED   0x00000018   Data   RW         1458    .data               slider.o
    0x200000f0   COMPRESSED   0x00000004   Data   RW         1500    .data               idle.o
    0x200000f4   COMPRESSED   0x00000008   Data   RW         1574    .data               pages.o
    0x200000fc   COMPRESSED   0x00000038   Data   RW         1593    .data               edit.o
    0x20000134   COMPRESSED   0x00000004   Data   RW         1642    .data               widget_factory.o
    0x20000138   COMPRESSED   0x00000004   Data   RW         1827    .data               input_method.o
    0x2000013c   COMPRESSED   0x00000014   Data   RW         1893    .data               dragger.o
    0x20000150   COMPRESSED   0x00000460   Data   RW         2012    .data               color_parser.o
    0x200005b0   COMPRESSED   0x0000003c   Data   RW         2031    .data               combo_box.o
    0x200005ec   COMPRESSED   0x00000020   Data   RW         2145    .data               popup.o
    0x2000060c   COMPRESSED   0x00000008   Data   RW         2190    .data               tab_button.o
    0x20000614   COMPRESSED   0x0000000c   Data   RW         2547    .data               color_tile.o
    0x20000620   COMPRESSED   0x00000004   Data   RW         2568    .data               assets_manager.o
    0x20000624   COMPRESSED   0x00000004   Data   RW         2583    .data               locale_info.o
    0x20000628   COMPRESSED   0x00000008   Data   RW         2709    .data               font_loader_bitmap.o
    0x20000630   COMPRESSED   0x00000004   Data   RW         2802    .data               style_factory.o
    0x20000634   COMPRESSED   0x00000004   Data   RW         2820    .data               widget_animator_manager.o
    0x20000638   COMPRESSED   0x00000004   Data   RW         2978    .data               mutex_null.o
    0x2000063c   COMPRESSED   0x00000004   Data   RW         2995    .data               sys_tick.o
    0x20000640        -       0x000000c8   Zero   RW          217    .bss                usart.o
    0x20000708        -       0x0000000a   Zero   RW          512    .bss                rtc.o
    0x20000712   COMPRESSED   0x00000002   PAD
    0x20000714        -       0x0000000c   Zero   RW          536    .bss                touch.o
    0x20000720        -       0x00001000   Zero   RW          591    .bss                flash.o
    0x20001720        -       0x00000014   Zero   RW         1161    .bss                mem.o
    0x20001734        -       0x0000001c   Zero   RW         1514    .bss                system_info.o
    0x20001750        -       0x00000090   Zero   RW         1553    .bss                main_loop_simple.o
    0x200017e0        -       0x00000024   Zero   RW         2405    .bss                ui_builder_default.o
    0x20001804        -       0x00002000   Zero   RW         2964    .bss                platform.o
    0x20003804        -       0x00000060   Zero   RW         3459    .bss                c_w.l(libspace.o)
    0x20003864   COMPRESSED   0x00000004   PAD
    0x20003868        -       0x00000200   Zero   RW          251    HEAP                startup_stm32f10x_hd.o
    0x20003a68        -       0x00000400   Zero   RW          250    STACK               startup_stm32f10x_hd.o


==============================================================================

Image component sizes


      Code (inc. data)   RO Data    RW Data    ZI Data      Debug   Object Name

        92         10        123          0          0       2042   app_bar.o
       656         14         37          0          0      14879   array.o
       412        132     122584          0          0      12083   assets-mini.o
       612         18         22          4          0       6090   assets_manager.o
       784         18          0          0          0       4195   awtk.o
      1384         38         68          0          0      12112   bitmap.o
       756          0          0          0          0       6633   buffer.o
       256         12          0          1          0        850   button.o
       668         30        129          8          0      39182   button_1.o
       112         10        120          0          0       2424   button_group.o
       680         16        139          0          0       5030   calibration_win.o
     10312         56          0          0          0      42965   canvas.o
       784         52        283          8          0      32353   check_button.o
        84         18          0          0          0        899   color.o
       652        102       2657       1120          0       3637   color_parser.o
       564         52        129         12          0       4413   color_tile.o
        92         10        121          0          0       2024   column.o
      1928        162        184         60          0      11422   combo_box.o
       776         50        137          0          0       4568   combo_box_item.o
         0          0          0          0          0         32   core_cm3.o
       564         10         40          0          0       4837   custom_props.o
      1416        256          0          0          0       3839   demo1_app.o
        38          0          0          0          0        604   demo_main.o
       544         74        181         24          0      12718   dialog.o
       136         16        135          0          0       2038   dialog_client.o
       128         16        133          0          0       2076   dialog_title.o
       904         52        153         20          0       4928   dragger.o
      2404        128         96          0          0       6321   easing.o
      5352        214        240         56          0      18463   edit.o
       704          8         26          0          0       8877   emitter.o
       328         32       2234          0          0       7945   enums.o
       336          4         19          0          0       4416   event_queue.o
       210          0          0          0          0       2704   events.o
       924         12          0          0       4096       3305   flash.o
       120          0          0          0          0       1536   font.o
        44          0          0          0          0       1087   font_loader.o
       392         28         19          8          0       4097   font_loader_bitmap.o
       440         18         20          4          0       4528   font_manager.o
       896         12         10          0          0       8155   fs.o
         4          0          0          0          0        464   fs_os.o
        92         10        116          0          0       1996   grid.o
       112         10        127          0          0       2314   group_box.o
      1072         12       2376          0          0       5635   gui.o
       748         12         37          4          0       6794   idle.o
      2100        114        198         40          0       7635   image.o
        44          0          0          0          0       1060   image_loader.o
       752         20         39          4          0       7090   image_manager.o
       126          0          0          0          0       1038   input_engine.o
         0          0          0          0          0        640   input_engine_null.o
       556         10          0          4          0       5089   input_method.o
       104         12         25          0          0       1687   input_method_creator.o
        72         10        119          0          0       1447   label.o
      2416         50         50          0          0       7817   layout.o
      1028          0          0          0          0       9047   lcd.o
       696         18          0          0          0       2092   lcd_driver.o
      1708         42         15          0          0      16205   lcd_stm32_raw.o
       164         10          0          1          0        739   led.o
       588         26         19          4          0       7987   locale_info.o
        68          0          0          0          0     205271   main.o
       300          4          0          4          0       3368   main_loop.o
       680         12          0          0        144       4953   main_loop_simple.o
       216         16          0          0          0      32257   main_loop_stm32_raw.o
       756          4          0          0         20       5735   mem.o
       220         22          0          0          0       1825   misc.o
        28          6          0          4          0       1993   mutex_null.o
       548         26        119          8          0       4544   pages.o
       836          6          0          0          0       4938   path.o
       100         12          0          0       8192       1236   platform.o
       504         56        167         32          0       3130   popup.o
      1260         40        158         16          0       5496   progress_bar.o
       576          0          0          0          0       3005   rect.o
        92         10        111          0          0       1974   row.o
      1120         66         24         10         10       4387   rtc.o
      2224         56        138         24          0       7663   slider.o
       476         16          0          0          0       1828   spi.o
       344         70        109          0          0       2321   spin_box.o
        64         26        304          0       1536        812   startup_stm32f10x_hd.o
       196          8          0          0          0       3520   stm32f10x_bkp.o
      1548         18          0          0          0       5399   stm32f10x_fsmc.o
       860         38          0          0          0       5757   stm32f10x_gpio.o
        24          0          0          0          0      64030   stm32f10x_it.o
       204         14          0          0          0       1967   stm32f10x_pwr.o
       932         36          0         20          0       8944   stm32f10x_rcc.o
       328          4          0          0          0       2734   stm32f10x_rtc.o
       780         14          0          0          0       6638   stm32f10x_spi.o
      3610         88          0          0          0      22864   stm32f10x_tim.o
      1032         22          0          0          0       8480   stm32f10x_usart.o
      2024         62         23          0          0      11044   str.o
       212          0          0          0          0       3773   style.o
       404         66         43          0          0       4052   style_const.o
        52          6          0          4          0       2113   style_factory.o
        76          6          0          4          0       1761   sys_tick.o
        76         24          0          0         28       1427   system_info.o
       480         38          0         20          0       1775   system_stm32f10x.o
      1132         72        129          8          0       6340   tab_button.o
       984         40        141          0          0       6308   tab_button_group.o
       112         10        131          0          0       2358   tab_control.o
       560         18         13          4          0       4285   theme.o
       572         24          0          4          0       1965   tim.o
        24          0          0          0          0        625   time_now.o
       932         14         39          4          0       7921   timer.o
       390          0          0          0          0       3276   tokenizer.o
      1088         38          0          8         12       4326   touch.o
       162          0          0          0          0       2952   ui_builder.o
       356         34          0          0         36       3293   ui_builder_default.o
        48          0          0          0          0       1177   ui_loader.o
       284         10          4          0          0       1943   ui_loader_default.o
       296         16          0          6        200       3210   usart.o
       772          4        260          0          0       5513   utf8.o
      2128         50         23          0          0      14121   utils.o
      1684         76         13          0          0      10356   value.o
      2072         12          0          0          0      17278   vgcanvas.o
        92         10        117          0          0       1996   view.o
      8992        220         13          0          0      41933   widget.o
      1000          4          0          0          0       6266   widget_animator.o
         6          0          0          0          0       1013   widget_animator_factory_null.o
       828         14         31          4          0       7664   widget_animator_manager.o
         0          0          0          0          0       1124   widget_animator_move.o
       448         16       1162          4          0      30048   widget_factory.o
       860         22        100          0          0       6600   widget_vtable.o
        80          8        121         24          0       2080   window.o
       312          0          0          0          0       1965   window_animator.o
        16          0          0          0          0       1483   window_animator_null.o
      1298        150          0          0          0       4549   window_base.o
      3888        120        175          4          0      20804   window_manager.o
       156          4          0          0          0       2160   window_open.o
      1680         26         20          0          0       9334   wstr.o

    ----------------------------------------------------------------------
    106382       3940     136985       1600      14276    1086363   Object Totals
         0          0         32          0          0          0   (incl. Generated)
        14          0        105          2          2          0   (incl. Padding)

    ----------------------------------------------------------------------

      Code (inc. data)   RO Data    RW Data    ZI Data      Debug   Library Member Name

        24          4          0          0          0         84   __2printf.o
       100          0          0          0          0          0   __dclz77c.o
         8          0          0          0          0         68   __main.o
       392          4         17          0          0         92   __printf_flags_ss_wp.o
        14          0          0          0          0         68   __printf_wp.o
         0          0          0          0          0          0   __rtentry.o
        12          0          0          0          0          0   __rtentry2.o
         6          0          0          0          0          0   __rtentry4.o
        52          8          0          0          0          0   __scatter.o
        28          0          0          0          0          0   __scatter_zi.o
        28          0          0          0          0         68   _chval.o
        60          0          0          0          0         92   _mbrtowc.o
         6          0          0          0          0          0   _printf_a.o
         6          0          0          0          0          0   _printf_c.o
        44          0          0          0          0        108   _printf_char.o
        48          6          0          0          0         96   _printf_char_common.o
        36          4          0          0          0         80   _printf_char_file.o
        40          0          0          0          0         68   _printf_charcount.o
         6          0          0          0          0          0   _printf_d.o
       120         16          0          0          0         92   _printf_dec.o
         6          0          0          0          0          0   _printf_e.o
         6          0          0          0          0          0   _printf_f.o
      1054          0          0          0          0        216   _printf_fp_dec.o
       764          8         38          0          0        100   _printf_fp_hex.o
       128         16          0          0          0         84   _printf_fp_infnan.o
         6          0          0          0          0          0   _printf_g.o
       148          4         40          0          0        160   _printf_hex_int_ll_ptr.o
         6          0          0          0          0          0   _printf_i.o
       178          0          0          0          0         88   _printf_intcommon.o
        10          0          0          0          0          0   _printf_l.o
         6          0          0          0          0          0   _printf_lc.o
        10          0          0          0          0          0   _printf_ll.o
         6          0          0          0          0          0   _printf_lld.o
         6          0          0          0          0          0   _printf_lli.o
         6          0          0          0          0          0   _printf_llo.o
         6          0          0          0          0          0   _printf_llu.o
         6          0          0          0          0          0   _printf_llx.o
       124         16          0          0          0         92   _printf_longlong_dec.o
         6          0          0          0          0          0   _printf_ls.o
         6          0          0          0          0          0   _printf_n.o
         6          0          0          0          0          0   _printf_o.o
       112         10          0          0          0        124   _printf_oct_int_ll.o
         6          0          0          0          0          0   _printf_p.o
        78          0          0          0          0        108   _printf_pad.o
         0          0          0          0          0          0   _printf_percent.o
         4          0          0          0          0          0   _printf_percent_end.o
         6          0          0          0          0          0   _printf_s.o
        82          0          0          0          0         80   _printf_str.o
        36          0          0          0          0         84   _printf_truncate.o
         6          0          0          0          0          0   _printf_u.o
        44          0          0          0          0        108   _printf_wchar.o
       188          6          8          0          0         92   _printf_wctomb.o
         6          0          0          0          0          0   _printf_x.o
        22          0          0          0          0        100   _rserrno.o
       884          6          0          0          0        100   _scanf.o
       332          0          0          0          0         96   _scanf_int.o
       342          0          0          0          0        100   _scanf_longlong.o
       276          0          0          0          0        100   _scanf_mbtowc.o
       224          0          0          0          0         96   _scanf_str.o
        30          0          0          0          0         76   _scanf_wcharmap.o
       232          0          0          0          0        100   _scanf_wctomb.o
       208          0          0          0          0         96   _scanf_wstr.o
        64          0          0          0          0         84   _sgetc.o
        16          0          0          0          0         68   _snputc.o
        10          0          0          0          0         68   _sputc.o
        64          0          0          0          0         92   _wcrtomb.o
       228          4        148          0          0         96   bigflt0.o
        80          0          0          0          0         88   bsearchnoex.o
      2152        136          0          0          0        960   btod.o
        18          0          0          0          0         80   exit.o
         8          0          0          0          0         68   ferror.o
         6          0          0          0          0        152   heapauxi.o
        18          0          0          0          0         76   isspace.o
        44         10        272          0          0         76   lc_ctype_c.o
        44         10         28          0          0         76   lc_numeric_c.o
         2          0          0          0          0          0   libinit.o
        30          0          0          0          0          0   libinit2.o
         2          0          0          0          0          0   libshutdown.o
         2          0          0          0          0          0   libshutdown2.o
         8          4          0          0         96         68   libspace.o
        38          0          0          0          0         68   llshl.o
       138          0          0          0          0         80   lludiv10.o
        88          0          0          0          0         76   memcmp.o
        16          4          0          0          0         76   rt_ctype_table.o
         8          4          0          0          0         68   rt_errno_addr_intlibspace.o
         8          4          0          0          0         68   rt_locale_intlibspace.o
        68          0          0          0          0         68   rt_memclr.o
        78          0          0          0          0         80   rt_memclr_w.o
       138          0          0          0          0         68   rt_memcpy_v6.o
       100          0          0          0          0         80   rt_memcpy_w.o
       132          0          0          0          0         68   rt_memmove_v6.o
       122          0          0          0          0         80   rt_memmove_w.o
         2          0          0          0          0          0   rtexit.o
        10          0          0          0          0          0   rtexit2.o
        44          8          0          0          0         84   scanf_char.o
      1272         16          0          0          0        168   scanf_fp.o
       800         14          0          0          0        100   scanf_hexfp.o
       308         16          0          0          0        100   scanf_infnan.o
        20          0          0          0          0         68   strchr.o
       128          0          0          0          0         68   strcmpv7m.o
        72          0          0          0          0         80   strcpy.o
        62          0          0          0          0         76   strlen.o
       150          0          0          0          0         80   strncmp.o
        86          0          0          0          0         76   strncpy.o
        22          0          0          0          0         68   strrchr.o
        36          0          0          0          0         80   strstr.o
        74          0          0          0          0         80   sys_stackheap_outer.o
        26          0          0          0          0         76   tolower.o
        30          0          0          0          0         76   toupper.o
         2          0          0          0          0         68   use_no_semi.o
         2          0          0          0          0         68   use_no_semi_2.o
        52          4          0          0          0         80   vsnprintf.o
        52          8          0          0          0         80   vsscanf.o
        22          0          0          0          0         68   wcschr.o
        24          0          0          0          0         68   wcscmp.o
        18          0          0          0          0         68   wcscpy.o
        18          0          0          0          0         68   wcslen.o
        98          4          0          0          0         92   d2f.o
       826         16          0          0          0        348   daddsub_clz.o
        16          4          0          0          0         68   dcheck1.o
        24          0          0          0          0         68   dcmpi.o
       688        140          0          0          0        208   ddiv.o
       120          4          0          0          0         92   deqf.o
        94          4          0          0          0         92   dfix.o
        90          4          0          0          0         92   dfixu.o
        84          0          0          0          0        136   dflt_clz.o
       120          4          0          0          0         92   dleqf.o
       340         12          0          0          0        104   dmul.o
       156          4          0          0          0         92   dnaninf.o
        12          0          0          0          0         68   dretinf.o
       108          0          0          0          0         80   drleqf.o
       460         56          0          0          0        120   dsqrt_noumaal.o
        86          4          0          0          0         84   f2d.o
       450          8          0          0          0        236   faddsub_clz.o
        24          0          0          0          0         68   fcmpi.o
       388         76          0          0          0         96   fdiv.o
       104          4          0          0          0         84   feqf.o
        54          4          0          0          0         84   ffix.o
        62          4          0          0          0         84   ffixu.o
        86          0          0          0          0        136   fflt_clz.o
        96          0          0          0          0         84   ffltll_clz.o
       104          4          0          0          0         84   fleqf.o
       258          4          0          0          0         84   fmul.o
       140          4          0          0          0         84   fnaninf.o
         0          0         16          0          0          0   fpconst.o
        10          0          0          0          0         68   fretinf.o
        98          0          0          0          0         68   frleqf.o
         6          0          0          0          0         68   istatus.o
         4          0          0          0          0         68   printf1.o
         4          0          0          0          0         68   printf2.o
       100          0          0          0          0         68   retnan.o
        92          0          0          0          0         68   scalbn.o
         4          0          0          0          0         68   scanf1.o
         8          0          0          0          0         84   scanf2.o
        48          0          0          0          0         68   trapv.o
         0          0          0          0          0          0   usenofp.o
       156          8          0          0          0        104   cos.o
       252         22         48          0          0        124   cos_i.o
        68         10          0          0          0        408   dunder.o
       220         16          0          0          0         84   floor.o
        40          0          0          0          0         68   fpclassify.o
        88          8          0          0          0         76   frexp.o
       138          0          0          0          0        160   ldexp.o
       204          4          0          0          0        168   narrow.o
       170          0          0          0          0         96   poly.o
      2520        190        136          0          0        324   pow.o
         0          0          8          0          0          0   qnan.o
       904         76        200          0          0        140   rred.o
       160         10          0          0          0        108   sin.o
       236         12         40          0          0        128   sin_i.o
        76          0          0          0          0         84   sqrt.o

    ----------------------------------------------------------------------
     24434       1072       1007          0        100      13624   Library Totals
        36          2          8          0          4          0   (incl. Padding)

    ----------------------------------------------------------------------

      Code (inc. data)   RO Data    RW Data    ZI Data      Debug   Library Name

     13704        350        551          0         96       7896   c_w.l
      5462        364         16          0          0       3656   fz_ws.l
      5232        356        432          0          0       2072   m_ws.l

    ----------------------------------------------------------------------
     24434       1072       1007          0        100      13624   Library Totals

    ----------------------------------------------------------------------

==============================================================================


      Code (inc. data)   RO Data    RW Data    ZI Data      Debug   

    130816       5012     137992       1600      14376    1079963   Grand Totals
    130816       5012     137992       1012      14376    1079963   ELF Image Totals (compressed)
    130816       5012     137992       1012          0          0   ROM Totals

==============================================================================

    Total RO  Size (Code + RO Data)               268808 ( 262.51kB)
    Total RW  Size (RW Data + ZI Data)             15976 (  15.60kB)
    Total ROM Size (Code + RO Data + RW Data)     269820 ( 263.50kB)

==============================================================================

