Component: ARM Compiler 5.06 update 5 (build 528) Tool: armlink [4d35e2]

==============================================================================

Section Cross References

    system_stm32f10x.o(.text) refers to system_stm32f10x.o(.data) for SystemCoreClock
    main.o(.text) refers to misc.o(.text) for NVIC_PriorityGroupConfig
    main.o(.text) refers to platform.o(.text) for systick_init
    main.o(.text) refers to led.o(.text) for led_init
    main.o(.text) refers to button.o(.text) for button_init
    main.o(.text) refers to lcd_driver.o(.text) for TFT_Init
    main.o(.text) refers to flash.o(.text) for FLASH_Init
    main.o(.text) refers to touch.o(.text) for TOUCH_Init
    main.o(.text) refers to tim.o(.text) for TIM3_Init
    main.o(.text) refers to rtc.o(.text) for rtc_init
    main.o(.text) refers to demo_main.o(.text) for gui_app_start
    sys.o(.text) refers to misc.o(.text) for NVIC_PriorityGroupConfig
    usart.o(.text) refers (Special) to use_no_semi_2.o(.text) for __use_no_semihosting
    usart.o(.text) refers to stm32f10x_rcc.o(.text) for RCC_APB2PeriphClockCmd
    usart.o(.text) refers to stm32f10x_gpio.o(.text) for GPIO_Init
    usart.o(.text) refers to misc.o(.text) for NVIC_Init
    usart.o(.text) refers to stm32f10x_usart.o(.text) for USART_Init
    usart.o(.text) refers to usart.o(.data) for USART_RX_STA
    usart.o(.text) refers to usart.o(.bss) for USART_RX_BUF
    usart.o(.bss) refers (Special) to use_no_semi_2.o(.text) for __use_no_semihosting
    usart.o(.data) refers (Special) to use_no_semi_2.o(.text) for __use_no_semihosting
    startup_stm32f10x_hd.o(STACK) refers (Special) to heapauxi.o(.text) for __use_two_region_memory
    startup_stm32f10x_hd.o(HEAP) refers (Special) to heapauxi.o(.text) for __use_two_region_memory
    startup_stm32f10x_hd.o(RESET) refers (Special) to heapauxi.o(.text) for __use_two_region_memory
    startup_stm32f10x_hd.o(RESET) refers to startup_stm32f10x_hd.o(STACK) for __initial_sp
    startup_stm32f10x_hd.o(RESET) refers to startup_stm32f10x_hd.o(.text) for Reset_Handler
    startup_stm32f10x_hd.o(RESET) refers to stm32f10x_it.o(.text) for NMI_Handler
    startup_stm32f10x_hd.o(RESET) refers to sys_tick.o(.text) for SysTick_Handler
    startup_stm32f10x_hd.o(RESET) refers to rtc.o(.text) for RTC_IRQHandler
    startup_stm32f10x_hd.o(RESET) refers to main_loop_stm32_raw.o(.text) for TIM3_IRQHandler
    startup_stm32f10x_hd.o(RESET) refers to usart.o(.text) for USART1_IRQHandler
    startup_stm32f10x_hd.o(RESET) refers to tim.o(.text) for TIM5_IRQHandler
    startup_stm32f10x_hd.o(.text) refers (Special) to heapauxi.o(.text) for __use_two_region_memory
    startup_stm32f10x_hd.o(.text) refers to system_stm32f10x.o(.text) for SystemInit
    startup_stm32f10x_hd.o(.text) refers to __main.o(!!!main) for __main
    startup_stm32f10x_hd.o(.text) refers to startup_stm32f10x_hd.o(HEAP) for Heap_Mem
    startup_stm32f10x_hd.o(.text) refers to startup_stm32f10x_hd.o(STACK) for Stack_Mem
    stm32f10x_gpio.o(.text) refers to stm32f10x_rcc.o(.text) for RCC_APB2PeriphResetCmd
    stm32f10x_rcc.o(.text) refers to stm32f10x_rcc.o(.data) for APBAHBPrescTable
    stm32f10x_usart.o(.text) refers to stm32f10x_rcc.o(.text) for RCC_APB2PeriphResetCmd
    stm32f10x_wwdg.o(.text) refers to stm32f10x_rcc.o(.text) for RCC_APB1PeriphResetCmd
    stm32f10x_tim.o(.text) refers to stm32f10x_rcc.o(.text) for RCC_APB2PeriphResetCmd
    stm32f10x_bkp.o(.text) refers to stm32f10x_rcc.o(.text) for RCC_BackupResetCmd
    stm32f10x_pwr.o(.text) refers to stm32f10x_rcc.o(.text) for RCC_APB1PeriphResetCmd
    stm32f10x_spi.o(.text) refers to stm32f10x_rcc.o(.text) for RCC_APB2PeriphResetCmd
    led.o(.text) refers to stm32f10x_rcc.o(.text) for RCC_APB2PeriphClockCmd
    led.o(.text) refers to stm32f10x_gpio.o(.text) for GPIO_Init
    led.o(.text) refers to sys_tick.o(.text) for delay_ms
    led.o(.text) refers to led.o(.data) for i
    lcd_driver.o(.text) refers to stm32f10x_rcc.o(.text) for RCC_APB2PeriphClockCmd
    lcd_driver.o(.text) refers to stm32f10x_gpio.o(.text) for GPIO_Init
    lcd_driver.o(.text) refers to stm32f10x_fsmc.o(.text) for FSMC_NORSRAMInit
    button.o(.text) refers to stm32f10x_rcc.o(.text) for RCC_APB2PeriphClockCmd
    button.o(.text) refers to stm32f10x_gpio.o(.text) for GPIO_Init
    button.o(.text) refers to sys_tick.o(.text) for delay_ms
    button.o(.text) refers to button.o(.data) for key_up
    tim.o(.text) refers to stm32f10x_rcc.o(.text) for RCC_APB1PeriphClockCmd
    tim.o(.text) refers to stm32f10x_gpio.o(.text) for GPIO_Init
    tim.o(.text) refers to stm32f10x_tim.o(.text) for TIM_TimeBaseInit
    tim.o(.text) refers to misc.o(.text) for NVIC_Init
    tim.o(.text) refers to tim.o(.data) for TIM5CH1_CAPTURE_STA
    rtc.o(.text) refers to _printf_percent.o(.ARM.Collect$$_printf_percent$$00000000) for _printf_percent
[...]
    __fpl_dcheck_NaN1                        0x0801beb5   Thumb Code    10  dcheck1.o(x$fpl$dcheck1)
    __fpl_dcmp_Inf                           0x0801bec5   Thumb Code    24  dcmpi.o(x$fpl$dcmpinf)
    __aeabi_ddiv                             0x0801bedd   Thumb Code     0  ddiv.o(x$fpl$ddiv)
    _ddiv                                    0x0801bedd   Thumb Code   552  ddiv.o(x$fpl$ddiv)
    __aeabi_cdcmpeq                          0x0801c18d   Thumb Code     0  deqf.o(x$fpl$deqf)
    _dcmpeq                                  0x0801c18d   Thumb Code   120  deqf.o(x$fpl$deqf)
    __aeabi_d2iz                             0x0801c205   Thumb Code     0  dfix.o(x$fpl$dfix)
    _dfix                                    0x0801c205   Thumb Code    94  dfix.o(x$fpl$dfix)
    __aeabi_d2uiz                            0x0801c265   Thumb Code     0  dfixu.o(x$fpl$dfixu)
    _dfixu                                   0x0801c265   Thumb Code    90  dfixu.o(x$fpl$dfixu)
    __aeabi_i2d                              0x0801c2bf   Thumb Code     0  dflt_clz.o(x$fpl$dflt)
    _dflt                                    0x0801c2bf   Thumb Code    46  dflt_clz.o(x$fpl$dflt)
    __aeabi_ui2d                             0x0801c2ed   Thumb Code     0  dflt_clz.o(x$fpl$dfltu)
    _dfltu                                   0x0801c2ed   Thumb Code    38  dflt_clz.o(x$fpl$dfltu)
    __aeabi_cdcmple                          0x0801c315   Thumb Code     0  dleqf.o(x$fpl$dleqf)
    _dcmple                                  0x0801c315   Thumb Code   120  dleqf.o(x$fpl$dleqf)
    __fpl_dcmple_InfNaN                      0x0801c377   Thumb Code     0  dleqf.o(x$fpl$dleqf)
    __aeabi_dmul                             0x0801c38d   Thumb Code     0  dmul.o(x$fpl$dmul)
    _dmul                                    0x0801c38d   Thumb Code   332  dmul.o(x$fpl$dmul)
    __fpl_dnaninf                            0x0801c4e1   Thumb Code   156  dnaninf.o(x$fpl$dnaninf)
    __fpl_dretinf                            0x0801c57d   Thumb Code    12  dretinf.o(x$fpl$dretinf)
    __aeabi_cdrcmple                         0x0801c589   Thumb Code     0  drleqf.o(x$fpl$drleqf)
    _drcmple                                 0x0801c589   Thumb Code   108  drleqf.o(x$fpl$drleqf)
    __aeabi_drsub                            0x0801c5f5   Thumb Code     0  daddsub_clz.o(x$fpl$drsb)
    _drsb                                    0x0801c5f5   Thumb Code    22  daddsub_clz.o(x$fpl$drsb)
    __aeabi_dsub                             0x0801c60d   Thumb Code     0  daddsub_clz.o(x$fpl$dsub)
    _dsub                                    0x0801c60d   Thumb Code   464  daddsub_clz.o(x$fpl$dsub)
    __aeabi_f2d                              0x0801c7e1   Thumb Code     0  f2d.o(x$fpl$f2d)
    _f2d                                     0x0801c7e1   Thumb Code    86  f2d.o(x$fpl$f2d)
    __aeabi_fadd                             0x0801c839   Thumb Code     0  faddsub_clz.o(x$fpl$fadd)
    _fadd                                    0x0801c839   Thumb Code   196  faddsub_clz.o(x$fpl$fadd)
    __fpl_fcmp_Inf                           0x0801c8fd   Thumb Code    24  fcmpi.o(x$fpl$fcmpinf)
    __aeabi_fdiv                             0x0801c915   Thumb Code     0  fdiv.o(x$fpl$fdiv)
    _fdiv                                    0x0801c915   Thumb Code   384  fdiv.o(x$fpl$fdiv)
    __aeabi_cfcmpeq                          0x0801ca99   Thumb Code     0  feqf.o(x$fpl$feqf)
    _fcmpeq                                  0x0801ca99   Thumb Code   104  feqf.o(x$fpl$feqf)
    __aeabi_f2iz                             0x0801cb01   Thumb Code     0  ffix.o(x$fpl$ffix)
    _ffix                                    0x0801cb01   Thumb Code    54  ffix.o(x$fpl$ffix)
    __aeabi_f2uiz                            0x0801cb39   Thumb Code     0  ffixu.o(x$fpl$ffixu)
    _ffixu                                   0x0801cb39   Thumb Code    62  ffixu.o(x$fpl$ffixu)
    __aeabi_i2f                              0x0801cb79   Thumb Code     0  fflt_clz.o(x$fpl$fflt)
    _fflt                                    0x0801cb79   Thumb Code    48  fflt_clz.o(x$fpl$fflt)
    __aeabi_ul2f                             0x0801cba9   Thumb Code     0  ffltll_clz.o(x$fpl$ffltll)
    _ll_uto_f                                0x0801cba9   Thumb Code     6  ffltll_clz.o(x$fpl$ffltll)
    __aeabi_l2f                              0x0801cbaf   Thumb Code     0  ffltll_clz.o(x$fpl$ffltll)
    _ll_sto_f                                0x0801cbaf   Thumb Code    90  ffltll_clz.o(x$fpl$ffltll)
    __aeabi_ui2f                             0x0801cc09   Thumb Code     0  fflt_clz.o(x$fpl$ffltu)
    _ffltu                                   0x0801cc09   Thumb Code    38  fflt_clz.o(x$fpl$ffltu)
    __aeabi_cfcmple                          0x0801cc31   Thumb Code     0  fleqf.o(x$fpl$fleqf)
    _fcmple                                  0x0801cc31   Thumb Code   104  fleqf.o(x$fpl$fleqf)
    __fpl_fcmple_InfNaN                      0x0801cc83   Thumb Code     0  fleqf.o(x$fpl$fleqf)
    __aeabi_fmul                             0x0801cc99   Thumb Code     0  fmul.o(x$fpl$fmul)
    _fmul                                    0x0801cc99   Thumb Code   258  fmul.o(x$fpl$fmul)
    __fpl_fnaninf                            0x0801cd9b   Thumb Code   140  fnaninf.o(x$fpl$fnaninf)
    __fpl_fretinf                            0x0801ce27   Thumb Code    10  fretinf.o(x$fpl$fretinf)
    __aeabi_cfrcmple                         0x0801ce31   Thumb Code     0  frleqf.o(x$fpl$frleqf)
    _frcmple                                 0x0801ce31   Thumb Code    98  frleqf.o(x$fpl$frleqf)
    __aeabi_frsub                            0x0801ce93   Thumb Code     0  faddsub_clz.o(x$fpl$frsb)
    _frsb                                    0x0801ce93   Thumb Code    20  faddsub_clz.o(x$fpl$frsb)
    __aeabi_fsub                             0x0801cea9   Thumb Code     0  faddsub_clz.o(x$fpl$fsub)
    _fsub                                    0x0801cea9   Thumb Code   234  faddsub_clz.o(x$fpl$fsub)
    __ieee_status                            0x0801cf93   Thumb Code     6  istatus.o(x$fpl$ieeestatus)
    _printf_fp_dec                           0x0801cf99   Thumb Code     4  printf1.o(x$fpl$printf1)
    _printf_fp_hex                           0x0801cf9d   Thumb Code     4  printf2.o(x$fpl$printf2)
    __fpl_return_NaN                         0x0801cfa1   Thumb Code   100  retnan.o(x$fpl$retnan)
    __ARM_scalbn                             0x0801d005   Thumb Code    92  scalbn.o(x$fpl$scalbn)
    _scanf_real                              0x0801d061   Thumb Code     4  scanf1.o(x$fpl$scanf1)
    _scanf_hex_real                          0x0801d065   Thumb Code     4  scanf2.o(x$fpl$scanf2)
    _scanf_infnan                            0x0801d069   Thumb Code     4  scanf2.o(x$fpl$scanf2)
    __fpl_cmpreturn                          0x0801d06d   Thumb Code    48  trapv.o(x$fpl$trapveneer)
    __I$use$fp                               0x0801d09c   Number         0  usenofp.o(x$fpl$usenofp)
    table_week                               0x0801d09c   Data          12  rtc.o(.constdata)
    mon_table                                0x0801d0a8   Data          12  rtc.o(.constdata)
    ASCII8x16                                0x0801d0b4   Data        1536  gui.o(.constdata)
    tfont16                                  0x0801d6b4   Data         480  gui.o(.constdata)
    tfont24                                  0x0801d894   Data         360  gui.o(.constdata)
    g_utf8_skip                              0x0801e37c   Data           4  utf8.o(.constdata)
    font_default                             0x0801f45d   Data       12590  assets-mini.o(.constdata)
    image_bricks                             0x0802258b   Data        7260  assets-mini.o(.constdata)
    image_checked                            0x080241e7   Data        2364  assets-mini.o(.constdata)
    image_dialog_title                       0x08024b23   Data        7260  assets-mini.o(.constdata)
    image_earth                              0x0802677f   Data        2364  assets-mini.o(.constdata)
    image_green_btn_n                        0x080270bb   Data        3660  assets-mini.o(.constdata)
    image_green_btn_o                        0x08027f07   Data        3660  assets-mini.o(.constdata)
    image_green_btn_p                        0x08028d53   Data        3660  assets-mini.o(.constdata)
    image_info                               0x08029b9f   Data        2364  assets-mini.o(.constdata)
    image_left_off                           0x0802a4db   Data        2364  assets-mini.o(.constdata)
    image_left_on                            0x0802ae17   Data        2364  assets-mini.o(.constdata)
    image_middle_off                         0x0802b753   Data        2364  assets-mini.o(.constdata)
    image_middle_on                          0x0802c08f   Data        2364  assets-mini.o(.constdata)
    image_muted                              0x0802c9cb   Data        2364  assets-mini.o(.constdata)
    image_question                           0x0802d307   Data        2364  assets-mini.o(.constdata)
    image_radio_checked                      0x0802dc43   Data        2364  assets-mini.o(.constdata)
    image_radio_unchecked                    0x0802e57f   Data        2364  assets-mini.o(.constdata)
    image_red_btn_n                          0x0802eebb   Data        3660  assets-mini.o(.constdata)
    image_red_btn_o                          0x0802fd07   Data        3660  assets-mini.o(.constdata)
    image_red_btn_p                          0x08030b53   Data        3660  assets-mini.o(.constdata)
    image_right_off                          0x0803199f   Data        2364  assets-mini.o(.constdata)
    image_right_on                           0x080322db   Data        2364  assets-mini.o(.constdata)
    image_slider_bg                          0x08032c17   Data        1020  assets-mini.o(.constdata)
    image_slider_drag                        0x08033013   Data        3196  assets-mini.o(.constdata)
    image_slider_drag_o                      0x08033c8f   Data        3196  assets-mini.o(.constdata)
    image_slider_drag_p                      0x0803490b   Data        3196  assets-mini.o(.constdata)
    image_slider_fg                          0x08035587   Data        1020  assets-mini.o(.constdata)
    image_slider_v_bg                        0x08035983   Data        1020  assets-mini.o(.constdata)
    image_slider_v_fg                        0x08035d7f   Data        1020  assets-mini.o(.constdata)
    image_unchecked                          0x0803617b   Data        2364  assets-mini.o(.constdata)
    image_unmuted                            0x08036ab7   Data        2364  assets-mini.o(.constdata)
    image_warn                               0x080373f3   Data        2364  assets-mini.o(.constdata)
    style_default                            0x08037d2f   Data       16701  assets-mini.o(.constdata)
    Region$$Table$$Base                      0x0803d050   Number         0  anon$$obj.o(Region$$Table)
    Region$$Table$$Limit                     0x0803d070   Number         0  anon$$obj.o(Region$$Table)
    __aeabi_HUGE_VAL                         0x0803d070   Data           0  fpconst.o(c$$dinf)
    __aeabi_HUGE_VALL                        0x0803d070   Data           0  fpconst.o(c$$dinf)
    __aeabi_INFINITY                         0x0803d070   Data           0  fpconst.o(c$$dinf)
    __dInf                                   0x0803d070   Data           0  fpconst.o(c$$dinf)
    __huge_val                               0x0803d070   Data           0  fpconst.o(c$$dinf)
    __dbl_max                                0x0803d078   Data           0  fpconst.o(c$$dmax)
    __ctype                                  0x0803d08d   Data           0  lc_ctype_c.o(locale$$data)
    SystemCoreClock                          0x20000000   Data           4  system_stm32f10x.o(.data)
    AHBPrescTable                            0x20000004   Data          16  system_stm32f10x.o(.data)
    __stdout                                 0x20000014   Data           4  usart.o(.data)
    USART_RX_STA                             0x20000018   Data           2  usart.o(.data)
    TIM5CH1_CAPTURE_STA                      0x20000030   Data           1  tim.o(.data)
    TIM5CH1_CAPTURE_VAL                      0x20000032   Data           2  tim.o(.data)
    rtc_data                                 0x20000034   Data           7  rtc.o(.data)
    rtc_bit                                  0x2000003b   Data           1  rtc.o(.data)
    TouchData                                0x2000003e   Data           8  touch.o(.data)
    s_edit_properties                        0x200000fc   Data          56  edit.o(.data)
    s_combo_box_properties                   0x200005b0   Data          60  combo_box.o(.data)
    USART_RX_BUF                             0x20000638   Data         200  usart.o(.bss)
    calendar                                 0x20000700   Data          10  rtc.o(.bss)
    __libspace_start                         0x200037fc   Data          96  libspace.o(.bss)
    __temporary_stack_top$libspace           0x2000385c   Data           0  libspace.o(.bss)



==============================================================================

Memory Map of the image

  Image Entry point : 0x08000131

  Load Region LR_IROM1 (Base: 0x08000000, Size: 0x0003d7e4, Max: 0x00080000, ABSOLUTE, COMPRESSED[0x0003d598])

    Execution Region ER_IROM1 (Exec base: 0x08000000, Load base: 0x08000000, Size: 0x0003d1ac, Max: 0x00080000, ABSOLUTE)

    Exec Addr    Load Addr    Size         Type   Attr      Idx    E Section Name        Object

    0x08000000   0x08000000   0x00000130   Data   RO          252    RESET               startup_stm32f10x_hd.o
    0x08000130   0x08000130   0x00000008   Code   RO         2958  * !!!main             c_w.l(__main.o)
    0x08000138   0x08000138   0x00000034   Code   RO         3495    !!!scatter          c_w.l(__scatter.o)
    0x0800016c   0x0800016c   0x00000064   Code   RO         3493    !!dclz77c           c_w.l(__dclz77c.o)
    0x080001d0   0x080001d0   0x0000001c   Code   RO         3497    !!handler_zi        c_w.l(__scatter_zi.o)
    0x080001ec   0x080001ec   0x00000000   Code   RO         2915    .ARM.Collect$$_printf_percent$$00000000  c_w.l(_printf_percent.o)
    0x080001ec   0x080001ec   0x00000006   Code   RO         3130    .ARM.Collect$$_printf_percent$$00000001  c_w.l(_printf_n.o)
    0x080001f2   0x080001f2   0x00000006   Code   RO         3132    .ARM.Collect$$_printf_percent$$00000002  c_w.l(_printf_p.o)
    0x080001f8   0x080001f8   0x00000006   Code   RO         3136    .ARM.Collect$$_printf_percent$$00000003  c_w.l(_printf_f.o)
    0x080001fe   0x080001fe   0x00000006   Code   RO         3137    .ARM.Collect$$_printf_percent$$00000004  c_w.l(_printf_e.o)
    0x08000204   0x08000204   0x00000006   Code   RO         3138    .ARM.Collect$$_printf_percent$$00000005  c_w.l(_printf_g.o)
    0x0800020a   0x0800020a   0x00000006   Code   RO         3139    .ARM.Collect$$_printf_percent$$00000006  c_w.l(_printf_a.o)
    0x08000210   0x08000210   0x0000000a   Code   RO         3144    .ARM.Collect$$_printf_percent$$00000007  c_w.l(_printf_ll.o)
    0x0800021a   0x0800021a   0x00000006   Code   RO         3134    .ARM.Collect$$_printf_percent$$00000008  c_w.l(_printf_i.o)
    0x08000220   0x08000220   0x00000006   Code   RO         2914    .ARM.Collect$$_printf_percent$$00000009  c_w.l(_printf_d.o)
    0x08000226   0x08000226   0x00000006   Code   RO         3135    .ARM.Collect$$_printf_percent$$0000000A  c_w.l(_printf_u.o)
    0x0800022c   0x0800022c   0x00000006   Code   RO         3133    .ARM.Collect$$_printf_percent$$0000000B  c_w.l(_printf_o.o)
    0x08000232   0x08000232   0x00000006   Code   RO         3131    .ARM.Collect$$_printf_percent$$0000000C  c_w.l(_printf_x.o)
    0x08000238   0x08000238   0x00000006   Code   RO         3141    .ARM.Collect$$_printf_percent$$0000000D  c_w.l(_printf_lli.o)
    0x0800023e   0x0800023e   0x00000006   Code   RO         3142    .ARM.Collect$$_printf_percent$$0000000E  c_w.l(_printf_lld.o)
    0x08000244   0x08000244   0x00000006   Code   RO         3143    .ARM.Collect$$_printf_percent$$0000000F  c_w.l(_printf_llu.o)
    0x0800024a   0x0800024a   0x00000006   Code   RO         3148    .ARM.Collect$$_printf_percent$$00000010  c_w.l(_printf_llo.o)
    0x08000250   0x08000250   0x00000006   Code   RO         3149    .ARM.Collect$$_printf_percent$$00000011  c_w.l(_printf_llx.o)
    0x08000256   0x08000256   0x0000000a   Code   RO         3145    .ARM.Collect$$_printf_percent$$00000012  c_w.l(_printf_l.o)
    0x08000260   0x08000260   0x00000006   Code   RO         3128    .ARM.Collect$$_printf_percent$$00000013  c_w.l(_printf_c.o)
    0x08000266   0x08000266   0x00000006   Code   RO         3129    .ARM.Collect$$_printf_percent$$00000014  c_w.l(_printf_s.o)
    0x0800026c   0x0800026c   0x00000006   Code   RO         3146    .ARM.Collect$$_printf_percent$$00000015  c_w.l(_printf_lc.o)
    0x08000272   0x08000272   0x00000006   Code   RO         3147    .ARM.Collect$$_printf_percent$$00000016  c_w.l(_printf_ls.o)
    0x08000278   0x08000278   0x00000004   Code   RO         3140    .ARM.Collect$$_printf_percent$$00000017  c_w.l(_printf_percent_end.o)
    0x0800027c   0x0800027c   0x00000002   Code   RO         3373    .ARM.Collect$$libinit$$00000000  c_w.l(libinit.o)
    0x0800027e   0x0800027e   0x00000000   Code   RO         3286    .ARM.Collect$$libinit$$00000002  c_w.l(libinit2.o)
    0x0800027e   0x0800027e   0x00000000   Code   RO         3288    .ARM.Collect$$libinit$$00000004  c_w.l(libinit2.o)
    0x0800027e   0x0800027e   0x00000000   Code   RO         3291    .ARM.Collect$$libinit$$0000000A  c_w.l(libinit2.o)
    0x0800027e   0x0800027e   0x00000000   Code   RO         3293    .ARM.Collect$$libinit$$0000000C  c_w.l(libinit2.o)
    0x0800027e   0x0800027e   0x00000000   Code   RO         3295    .ARM.Collect$$libinit$$0000000E  c_w.l(libinit2.o)
    0x0800027e   0x0800027e   0x00000006   Code   RO         3296    .ARM.Collect$$libinit$$0000000F  c_w.l(libinit2.o)
    0x08000284   0x08000284   0x00000000   Code   RO         3298    .ARM.Collect$$libinit$$00000011  c_w.l(libinit2.o)
    0x08000284   0x08000284   0x0000000c   Code   RO         3299    .ARM.Collect$$libinit$$00000012  c_w.l(libinit2.o)
    0x08000290   0x08000290   0x00000000   Code   RO         3300    .ARM.Collect$$libinit$$00000013  c_w.l(libinit2.o)
    0x08000290   0x08000290   0x00000000   Code   RO         3302    .ARM.Collect$$libinit$$00000015  c_w.l(libinit2.o)
    0x08000290   0x08000290   0x0000000a   Code   RO         3303    .ARM.Collect$$libinit$$00000016  c_w.l(libinit2.o)
    0x0800029a   0x0800029a   0x00000000   Code   RO         3304    .ARM.Collect$$libinit$$00000017  c_w.l(libinit2.o)
    0x0800029a   0x0800029a   0x00000000   Code   RO         3306    .ARM.Collect$$libinit$$00000019  c_w.l(libinit2.o)
    0x0800029a   0x0800029a   0x00000000   Code   RO         3308    .ARM.Collect$$libinit$$0000001B  c_w.l(libinit2.o)
    0x0800029a   0x0800029a   0x00000000   Code   RO         3310    .ARM.Collect$$libinit$$0000001D  c_w.l(libinit2.o)
    0x0800029a   0x0800029a   0x00000000   Code   RO         3312    .ARM.Collect$$libinit$$0000001F  c_w.l(libinit2.o)
    0x0800029a   0x0800029a   0x00000000   Code   RO         3314    .ARM.Collect$$libinit$$00000021  c_w.l(libinit2.o)
    0x0800029a   0x0800029a   0x00000000   Code   RO         3316    .ARM.Collect$$libinit$$00000023  c_w.l(libinit2.o)
    0x0800029a   0x0800029a   0x00000000   Code   RO         3318    .ARM.Collect$$libinit$$00000025  c_w.l(libinit2.o)
    0x0800029a   0x0800029a   0x00000000   Code   RO         3322    .ARM.Collect$$libinit$$0000002C  c_w.l(libinit2.o)
    0x0800029a   0x0800029a   0x00000000   Code   RO         3324    .ARM.Collect$$libinit$$0000002E  c_w.l(libinit2.o)
    0x0800029a   0x0800029a   0x00000000   Code   RO         3326    .ARM.Collect$$libinit$$00000030  c_w.l(libinit2.o)
    0x0800029a   0x0800029a   0x00000000   Code   RO         3328    .ARM.Collect$$libinit$$00000032  c_w.l(libinit2.o)
    0x0800029a   0x0800029a   0x00000002   Code   RO         3329    .ARM.Collect$$libinit$$00000033  c_w.l(libinit2.o)
    0x0800029c   0x0800029c   0x00000002   Code   RO         3450    .ARM.Collect$$libshutdown$$00000000  c_w.l(libshutdown.o)
    0x0800029e   0x0800029e   0x00000000   Code   RO         3456    .ARM.Collect$$libshutdown$$00000002  c_w.l(libshutdown2.o)
    0x0800029e   0x0800029e   0x00000000   Code   RO         3458    .ARM.Collect$$libshutdown$$00000004  c_w.l(libshutdown2.o)
    0x0800029e   0x0800029e   0x00000000   Code   RO         3461    .ARM.Collect$$libshutdown$$00000007  c_w.l(libshutdown2.o)
    0x0800029e   0x0800029e   0x00000000   Code   RO         3464    .ARM.Collect$$libshutdown$$0000000A  c_w.l(libshutdown2.o)
    0x0800029e   0x0800029e   0x00000000   Code   RO         3466    .ARM.Collect$$libshutdown$$0000000C  c_w.l(libshutdown2.o)
    0x0800029e   0x0800029e   0x00000000   Code   RO         3469    .ARM.Collect$$libshutdown$$0000000F  c_w.l(libshutdown2.o)
    0x0800029e   0x0800029e   0x00000002   Code   RO         3470    .ARM.Collect$$libshutdown$$00000010  c_w.l(libshutdown2.o)
    0x080002a0   0x080002a0   0x00000000   Code   RO         3070    .ARM.Collect$$rtentry$$00000000  c_w.l(__rtentry.o)
    0x080002a0   0x080002a0   0x00000000   Code   RO         3235    .ARM.Collect$$rtentry$$00000002  c_w.l(__rtentry2.o)
    0x080002a0   0x080002a0   0x00000006   Code   RO         3247    .ARM.Collect$$rtentry$$00000004  c_w.l(__rtentry4.o)
    0x080002a6   0x080002a6   0x00000000   Code   RO         3237    .ARM.Collect$$rtentry$$00000009  c_w.l(__rtentry2.o)
    0x080002a6   0x080002a6   0x00000004   Code   RO         3238    .ARM.Collect$$rtentry$$0000000A  c_w.l(__rtentry2.o)
    0x080002aa   0x080002aa   0x00000000   Code   RO         3240    .ARM.Collect$$rtentry$$0000000C  c_w.l(__rtentry2.o)
    0x080002aa   0x080002aa   0x00000008   Code   RO         3241    .ARM.Collect$$rtentry$$0000000D  c_w.l(__rtentry2.o)
    0x080002b2   0x080002b2   0x00000002   Code   RO         3396    .ARM.Collect$$rtexit$$00000000  c_w.l(rtexit.o)
    0x080002b4   0x080002b4   0x00000000   Code   RO         3415    .ARM.Collect$$rtexit$$00000002  c_w.l(rtexit2.o)
    0x080002b4   0x080002b4   0x00000004   Code   RO         3416    .ARM.Collect$$rtexit$$00000003  c_w.l(rtexit2.o)
    0x080002b8   0x080002b8   0x00000006   Code   RO         3417    .ARM.Collect$$rtexit$$00000004  c_w.l(rtexit2.o)
    0x080002be   0x080002be   0x00000018   Code   RO            1    .text               stm32f10x_it.o
    0x080002d6   0x080002d6   0x00000002   PAD
    0x080002d8   0x080002d8   0x000001e0   Code   RO          104    .text               system_stm32f10x.o
    0x080004b8   0x080004b8   0x00000044   Code   RO          122    .text               main.o
    0x080004fc   0x080004fc   0x00000128   Code   RO          216    .text               usart.o
    0x08000624   0x08000624   0x00000040   Code   RO          253    .text               startup_stm32f10x_hd.o
    0x08000664   0x08000664   0x000000dc   Code   RO          257    .text               misc.o
    0x08000740   0x08000740   0x0000035c   Code   RO          269    .text               stm32f10x_gpio.o
    0x08000a9c   0x08000a9c   0x000003a4   Code   RO          281    .text               stm32f10x_rcc.o
    0x08000e40   0x08000e40   0x00000408   Code   RO          295    .text               stm32f10x_usart.o
    0x08001248   0x08001248   0x00000e1a   Code   RO          343    .text               stm32f10x_tim.o
    0x08002062   0x08002062   0x00000002   PAD
    0x08002064   0x08002064   0x0000060c   Code   RO          355    .text               stm32f10x_fsmc.o
    0x08002670   0x08002670   0x000000c4   Code   RO          367    .text               stm32f10x_bkp.o
    0x08002734   0x08002734   0x00000148   Code   RO          379    .text               stm32f10x_rtc.o
    0x0800287c   0x0800287c   0x000000cc   Code   RO          391    .text               stm32f10x_pwr.o
    0x08002948   0x08002948   0x0000030c   Code   RO          415    .text               stm32f10x_spi.o
    0x08002c54   0x08002c54   0x000000a4   Code   RO          451    .text               led.o
    0x08002cf8   0x08002cf8   0x000002b8   Code   RO          464    .text               lcd_driver.o
    0x08002fb0   0x08002fb0   0x00000100   Code   RO          479    .text               button.o
    0x080030b0   0x080030b0   0x0000023c   Code   RO          492    .text               tim.o
    0x080032ec   0x080032ec   0x00000460   Code   RO          511    .text               rtc.o
    0x0800374c   0x0800374c   0x00000440   Code   RO          535    .text               touch.o
    0x08003b8c   0x08003b8c   0x000001dc   Code   RO          557    .text               spi.o
    0x08003d68   0x08003d68   0x00000430   Code   RO          569    .text               gui.o
    0x08004198   0x08004198   0x0000039c   Code   RO          590    .text               flash.o
    0x08004534   0x08004534   0x00000290   Code   RO          604    .text               array.o
    0x080047c4   0x080047c4   0x000004be   Code   RO          651    .text               bitmap.o
    0x08004c82   0x08004c82   0x000002f4   Code   RO          676    .text               buffer.o
    0x08004f76   0x08004f76   0x00000002   PAD
    0x08004f78   0x08004f78   0x00000294   Code   RO          691    .text               button_1.o
    0x0800520c   0x0800520c   0x000028fc   Code   RO          779    .text               canvas.o
    0x08007b08   0x08007b08   0x0000028c   Code   RO          815    .text               check_button.o
    0x08007d94   0x08007d94   0x00000054   Code   RO          855    .text               color.o
    0x08007de8   0x08007de8   0x00000220   Code   RO          867    .text               dialog.o
    0x08008008   0x08008008   0x000002c0   Code   RO          922    .text               emitter.o
    0x080082c8   0x080082c8   0x00000148   Code   RO          941    .text               enums.o
    0x08008410   0x08008410   0x00000078   Code   RO          968    .text               font.o
    0x08008488   0x08008488   0x000001a8   Code   RO          980    .text               font_manager.o
    0x08008630   0x08008630   0x00000070   Code   RO          995    .text               group_box.o
    0x080086a0   0x080086a0   0x0000083c   Code   RO         1013    .text               image.o
    0x08008edc   0x08008edc   0x000002e4   Code   RO         1032    .text               image_manager.o
    0x080091c0   0x080091c0   0x0000005c   Code   RO         1047    .text               label.o
    0x0800921c   0x0800921c   0x000003fa   Code   RO         1062    .text               lcd.o
    0x08009616   0x08009616   0x00000002   PAD
    0x08009618   0x08009618   0x0000012c   Code   RO         1074    .text               main_loop.o
    0x08009744   0x08009744   0x000002f4   Code   RO         1091    .text               mem.o
    0x08009a38   0x08009a38   0x000004d8   Code   RO         1105    .text               progress_bar.o
    0x08009f10   0x08009f10   0x00000240   Code   RO         1124    .text               rect.o
    0x0800a150   0x0800a150   0x000001e0   Code   RO         1136    .text               theme.o
    0x0800a330   0x0800a330   0x00000304   Code   RO         1150    .text               utf8.o
    0x0800a634   0x0800a634   0x00000628   Code   RO         1165    .text               value.o
    0x0800ac5c   0x0800ac5c   0x0000214c   Code   RO         1181    .text               widget.o
    0x0800cda8   0x0800cda8   0x000002cc   Code   RO         1203    .text               widget_vtable.o
    0x0800d074   0x0800d074   0x00000050   Code   RO         1217    .text               window.o
    0x0800d0c4   0x0800d0c4   0x00000de0   Code   RO         1236    .text               window_manager.o
    0x0800dea4   0x0800dea4   0x00000690   Code   RO         1264    .text               wstr.o
    0x0800e534   0x0800e534   0x000007cc   Code   RO         1277    .text               utils.o
    0x0800ed00   0x0800ed00   0x000000d2   Code   RO         1305    .text               events.o
    0x0800edd2   0x0800edd2   0x00000002   PAD
    0x0800edd4   0x0800edd4   0x000003d4   Code   RO         1317    .text               timer.o
    0x0800f1a8   0x0800f1a8   0x00000970   Code   RO         1332    .text               layout.o
    0x0800fb18   0x0800fb18   0x00000150   Code   RO         1348    .text               event_queue.o
    0x0800fc68   0x0800fc68   0x0000088c   Code   RO         1364    .text               slider.o
    0x080104f4   0x080104f4   0x00000138   Code   RO         1383    .text               window_animator.o
    0x0801062c   0x0801062c   0x00000010   Code   RO         1395    .text               window_animator_null.o
    0x0801063c   0x0801063c   0x00000310   Code   RO         1407    .text               idle.o
    0x0801094c   0x0801094c   0x00000018   Code   RO         1422    .text               time.o
    0x08010964   0x08010964   0x0000004c   Code   RO         1434    .text               system_info.o
    0x080109b0   0x080109b0   0x0000002c   Code   RO         1448    .text               image_loader.o
    0x080109dc   0x080109dc   0x000007e8   Code   RO         1460    .text               str.o
    0x080111c4   0x080111c4   0x000002a8   Code   RO         1473    .text               main_loop_simple.o
    0x0801146c   0x0801146c   0x00000204   Code   RO         1492    .text               pages.o
    0x08011670   0x08011670   0x00001460   Code   RO         1511    .text               edit.o
    0x08012ad0   0x08012ad0   0x0000005c   Code   RO         1528    .text               view.o
    0x08012b2c   0x08012b2c   0x000001c0   Code   RO         1561    .text               widget_factory.o
    0x08012cec   0x08012cec   0x00000186   Code   RO         1693    .text               tokenizer.o
    0x08012e72   0x08012e72   0x00000002   PAD
    0x08012e74   0x08012e74   0x0000022c   Code   RO         1705    .text               input_method.o
    0x080130a0   0x080130a0   0x0000007e   Code   RO         1732    .text               input_engine.o
    0x0801311e   0x0801311e   0x00000002   PAD
    0x08013120   0x08013120   0x00000158   Code   RO         1744    .text               spin_box.o
    0x08013278   0x08013278   0x00000388   Code   RO         1766    .text               dragger.o
    0x08013600   0x08013600   0x00000088   Code   RO         1785    .text               dialog_client.o
    0x08013688   0x08013688   0x00000080   Code   RO         1800    .text               dialog_title.o
    0x08013708   0x08013708   0x00000234   Code   RO         1815    .text               custom_props.o
    0x0801393c   0x0801393c   0x000002b0   Code   RO         1834    .text               awtk.o
    0x08013bec   0x08013bec   0x00000068   Code   RO         1852    .text               input_method_creator.o
    0x08013c54   0x08013c54   0x00000070   Code   RO         1868    .text               button_group.o
    0x08013cc4   0x08013cc4   0x0000028c   Code   RO         1886    .text               color_parser.o
    0x08013f50   0x08013f50   0x0000076c   Code   RO         1904    .text               combo_box.o
    0x080146bc   0x080146bc   0x000002f8   Code   RO         1930    .text               combo_box_item.o
    0x080149b4   0x080149b4   0x00000380   Code   RO         1959    .text               fs.o
    0x08014d34   0x08014d34   0x000001f4   Code   RO         2018    .text               popup.o
    0x08014f28   0x08014f28   0x00000438   Code   RO         2063    .text               tab_button.o
    0x08015360   0x08015360   0x000003d8   Code   RO         2082    .text               tab_button_group.o
    0x08015738   0x08015738   0x00000070   Code   RO         2100    .text               tab_control.o
    0x080157a8   0x080157a8   0x000000a2   Code   RO         2118    .text               ui_builder.o
    0x0801584a   0x0801584a   0x00000002   PAD
    0x0801584c   0x0801584c   0x00000816   Code   RO         2133    .text               vgcanvas.o
    0x08016062   0x08016062   0x00000002   PAD
    0x08016064   0x08016064   0x00000168   Code   RO         2277    .text               ui_builder_default.o
    0x080161cc   0x080161cc   0x00000030   Code   RO         2297    .text               ui_loader.o
    0x080161fc   0x080161fc   0x00000114   Code   RO         2309    .text               ui_loader_default.o
    0x08016310   0x08016310   0x0000009c   Code   RO         2377    .text               window_open.o
    0x080163ac   0x080163ac   0x00000234   Code   RO         2417    .text               color_tile.o
    0x080165e0   0x080165e0   0x00000234   Code   RO         2439    .text               assets_manager.o
    0x08016814   0x08016814   0x0000024c   Code   RO         2454    .text               locale_info.o
    0x08016a60   0x08016a60   0x00000344   Code   RO         2478    .text               path.o
    0x08016da4   0x08016da4   0x0000005c   Code   RO         2490    .text               app_bar.o
    0x08016e00   0x08016e00   0x0000005c   Code   RO         2508    .text               column.o
    0x08016e5c   0x08016e5c   0x0000005c   Code   RO         2526    .text               grid.o
    0x08016eb8   0x08016eb8   0x0000005c   Code   RO         2544    .text               row.o
    0x08016f14   0x08016f14   0x000002a8   Code   RO         2562    .text               calibration_win.o
    0x080171bc   0x080171bc   0x00000188   Code   RO         2580    .text               font_loader_bitmap.o
    0x08017344   0x08017344   0x0000002c   Code   RO         2594    .text               font_loader.o
    0x08017370   0x08017370   0x0000030c   Code   RO         2606    .text               window_base.o
    0x0801767c   0x0801767c   0x00000006   Code   RO         2618    .text               widget_animator_factory_null.o
    0x08017682   0x08017682   0x00000002   PAD
    0x08017684   0x08017684   0x000006ac   Code   RO         2630    .text               lcd_stm32_raw.o
    0x08017d30   0x08017d30   0x000000d8   Code   RO         2660    .text               main_loop_stm32_raw.o
    0x08017e08   0x08017e08   0x00000064   Code   RO         2736    .text               platform.o
    0x08017e6c   0x08017e6c   0x0000001c   Code   RO         2750    .text               mutex_null.o
    0x08017e88   0x08017e88   0x0000004c   Code   RO         2767    .text               sys_tick.o
    0x08017ed4   0x08017ed4   0x00000004   Code   RO         2781    .text               fs_os.o
    0x08017ed8   0x08017ed8   0x00000026   Code   RO         2793    .text               demo_main.o
    0x08017efe   0x08017efe   0x00000002   PAD
    0x08017f00   0x08017f00   0x00000588   Code   RO         2808    .text               demo1_app.o
    0x08018488   0x08018488   0x0000019c   Code   RO         2826    .text               assets-mini.o
    0x08018624   0x08018624   0x00000002   Code   RO         2876    .text               c_w.l(use_no_semi_2.o)
    0x08018626   0x08018626   0x00000002   PAD
    0x08018628   0x08018628   0x00000010   Code   RO         2878    .text               c_w.l(rt_ctype_table.o)
    0x08018638   0x08018638   0x0000001a   Code   RO         2880    .text               c_w.l(tolower.o)
    0x08018652   0x08018652   0x0000001e   Code   RO         2882    .text               c_w.l(toupper.o)
    0x08018670   0x08018670   0x00000034   Code   RO         2884    .text               c_w.l(vsnprintf.o)
    0x080186a4   0x080186a4   0x00000018   Code   RO         2886    .text               c_w.l(__2printf.o)
    0x080186bc   0x080186bc   0x00000078   Code   RO         2892    .text               c_w.l(_printf_dec.o)
    0x08018734   0x08018734   0x00000188   Code   RO         2911    .text               c_w.l(__printf_flags_ss_wp.o)
    0x080188bc   0x080188bc   0x00000034   Code   RO         2916    .text               c_w.l(vsscanf.o)
    0x080188f0   0x080188f0   0x00000050   Code   RO         2918    .text               c_w.l(bsearchnoex.o)
    0x08018940   0x08018940   0x00000014   Code   RO         2920    .text               c_w.l(strchr.o)
    0x08018954   0x08018954   0x00000024   Code   RO         2922    .text               c_w.l(strstr.o)
    0x08018978   0x08018978   0x00000058   Code   RO         2924    .text               c_w.l(memcmp.o)
    0x080189d0   0x080189d0   0x00000048   Code   RO         2926    .text               c_w.l(strcpy.o)
    0x08018a18   0x08018a18   0x00000016   Code   RO         2928    .text               c_w.l(strrchr.o)
    0x08018a2e   0x08018a2e   0x0000003e   Code   RO         2930    .text               c_w.l(strlen.o)
    0x08018a6c   0x08018a6c   0x00000012   Code   RO         2932    .text               c_w.l(wcscpy.o)
    0x08018a7e   0x08018a7e   0x00000018   Code   RO         2934    .text               c_w.l(wcscmp.o)
    0x08018a96   0x08018a96   0x00000016   Code   RO         2936    .text               c_w.l(wcschr.o)
    0x08018aac   0x08018aac   0x00000012   Code   RO         2938    .text               c_w.l(wcslen.o)
    0x08018abe   0x08018abe   0x00000096   Code   RO         2940    .text               c_w.l(strncmp.o)
    0x08018b54   0x08018b54   0x0000008a   Code   RO         2942    .text               c_w.l(rt_memcpy_v6.o)
    0x08018bde   0x08018bde   0x00000084   Code   RO         2944    .text               c_w.l(rt_memmove_v6.o)
    0x08018c62   0x08018c62   0x00000064   Code   RO         2946    .text               c_w.l(rt_memcpy_w.o)
    0x08018cc6   0x08018cc6   0x00000044   Code   RO         2948    .text               c_w.l(rt_memclr.o)
    0x08018d0a   0x08018d0a   0x0000004e   Code   RO         2950    .text               c_w.l(rt_memclr_w.o)
    0x08018d58   0x08018d58   0x00000056   Code   RO         2952    .text               c_w.l(strncpy.o)
    0x08018dae   0x08018dae   0x00000002   PAD
    0x08018db0   0x08018db0   0x00000080   Code   RO         2954    .text               c_w.l(strcmpv7m.o)
    0x08018e30   0x08018e30   0x00000006   Code   RO         2956    .text               c_w.l(heapauxi.o)
    0x08018e36   0x08018e36   0x00000002   Code   RO         3068    .text               c_w.l(use_no_semi.o)
    0x08018e38   0x08018e38   0x00000008   Code   RO         3074    .text               c_w.l(rt_locale_intlibspace.o)
    0x08018e40   0x08018e40   0x00000016   Code   RO         3076    .text               c_w.l(_rserrno.o)
    0x08018e56   0x08018e56   0x0000004e   Code   RO         3078    .text               c_w.l(_printf_pad.o)
    0x08018ea4   0x08018ea4   0x00000024   Code   RO         3080    .text               c_w.l(_printf_truncate.o)
    0x08018ec8   0x08018ec8   0x00000052   Code   RO         3082    .text               c_w.l(_printf_str.o)
    0x08018f1a   0x08018f1a   0x000000b2   Code   RO         3084    .text               c_w.l(_printf_intcommon.o)
    0x08018fcc   0x08018fcc   0x00000028   Code   RO         3086    .text               c_w.l(_printf_charcount.o)
    0x08018ff4   0x08018ff4   0x00000030   Code   RO         3088    .text               c_w.l(_printf_char_common.o)
    0x08019024   0x08019024   0x0000000a   Code   RO         3090    .text               c_w.l(_sputc.o)
    0x0801902e   0x0801902e   0x00000010   Code   RO         3092    .text               c_w.l(_snputc.o)
    0x0801903e   0x0801903e   0x00000002   PAD
    0x08019040   0x08019040   0x00000024   Code   RO         3094    .text               c_w.l(_printf_char_file.o)
    0x08019064   0x08019064   0x000000bc   Code   RO         3096    .text               c_w.l(_printf_wctomb.o)
    0x08019120   0x08019120   0x0000007c   Code   RO         3099    .text               c_w.l(_printf_longlong_dec.o)
    0x0801919c   0x0801919c   0x00000070   Code   RO         3105    .text               c_w.l(_printf_oct_int_ll.o)
    0x0801920c   0x0801920c   0x00000094   Code   RO         3125    .text               c_w.l(_printf_hex_int_ll_ptr.o)
    0x080192a0   0x080192a0   0x00000156   Code   RO         3150    .text               c_w.l(_scanf_longlong.o)
    0x080193f6   0x080193f6   0x0000014c   Code   RO         3152    .text               c_w.l(_scanf_int.o)
    0x08019542   0x08019542   0x000000e0   Code   RO         3154    .text               c_w.l(_scanf_str.o)
    0x08019622   0x08019622   0x00000002   PAD
    0x08019624   0x08019624   0x0000002c   Code   RO         3156    .text               c_w.l(scanf_char.o)
    0x08019650   0x08019650   0x00000040   Code   RO         3158    .text               c_w.l(_sgetc.o)
    0x08019690   0x08019690   0x00000114   Code   RO         3160    .text               c_w.l(_scanf_mbtowc.o)
    0x080197a4   0x080197a4   0x000000e8   Code   RO         3162    .text               c_w.l(_scanf_wctomb.o)
    0x0801988c   0x0801988c   0x000000d0   Code   RO         3164    .text               c_w.l(_scanf_wstr.o)
    0x0801995c   0x0801995c   0x0000007a   Code   RO         3169    .text               c_w.l(rt_memmove_w.o)
    0x080199d6   0x080199d6   0x00000002   PAD
    0x080199d8   0x080199d8   0x00000008   Code   RO         3231    .text               c_w.l(libspace.o)
    0x080199e0   0x080199e0   0x00000008   Code   RO         3252    .text               c_w.l(rt_errno_addr_intlibspace.o)
    0x080199e8   0x080199e8   0x0000008a   Code   RO         3254    .text               c_w.l(lludiv10.o)
    0x08019a72   0x08019a72   0x00000012   Code   RO         3256    .text               c_w.l(isspace.o)
    0x08019a84   0x08019a84   0x0000041e   Code   RO         3258    .text               c_w.l(_printf_fp_dec.o)
    0x08019ea2   0x08019ea2   0x00000002   PAD
    0x08019ea4   0x08019ea4   0x000002fc   Code   RO         3260    .text               c_w.l(_printf_fp_hex.o)
    0x0801a1a0   0x0801a1a0   0x0000002c   Code   RO         3265    .text               c_w.l(_printf_char.o)
    0x0801a1cc   0x0801a1cc   0x0000002c   Code   RO         3267    .text               c_w.l(_printf_wchar.o)
    0x0801a1f8   0x0801a1f8   0x0000001c   Code   RO         3269    .text               c_w.l(_chval.o)
    0x0801a214   0x0801a214   0x00000374   Code   RO         3271    .text               c_w.l(_scanf.o)
    0x0801a588   0x0801a588   0x000004f8   Code   RO         3273    .text               c_w.l(scanf_fp.o)
    0x0801aa80   0x0801aa80   0x0000001e   Code   RO         3275    .text               c_w.l(_scanf_wcharmap.o)
    0x0801aa9e   0x0801aa9e   0x00000008   Code   RO         3277    .text               c_w.l(ferror.o)
    0x0801aaa6   0x0801aaa6   0x0000003c   Code   RO         3281    .text               c_w.l(_mbrtowc.o)
    0x0801aae2   0x0801aae2   0x00000040   Code   RO         3283    .text               c_w.l(_wcrtomb.o)
    0x0801ab22   0x0801ab22   0x0000004a   Code   RO         3332    .text               c_w.l(sys_stackheap_outer.o)
    0x0801ab6c   0x0801ab6c   0x00000080   Code   RO         3334    .text               c_w.l(_printf_fp_infnan.o)
    0x0801abec   0x0801abec   0x000000e4   Code   RO         3336    .text               c_w.l(bigflt0.o)
    0x0801acd0   0x0801acd0   0x00000012   Code   RO         3364    .text               c_w.l(exit.o)
    0x0801ace2   0x0801ace2   0x00000002   PAD
    0x0801ace4   0x0801ace4   0x00000320   Code   RO         3398    .text               c_w.l(scanf_hexfp.o)
    0x0801b004   0x0801b004   0x00000134   Code   RO         3400    .text               c_w.l(scanf_infnan.o)
    0x0801b138   0x0801b138   0x00000026   Code   RO         3423    .text               c_w.l(llshl.o)
    0x0801b15e   0x0801b15e   0x0000003e   Code   RO         3339    CL$$btod_d2e        c_w.l(btod.o)
    0x0801b19c   0x0801b19c   0x00000046   Code   RO         3341    CL$$btod_d2e_denorm_low  c_w.l(btod.o)
    0x0801b1e2   0x0801b1e2   0x00000060   Code   RO         3340    CL$$btod_d2e_norm_op1  c_w.l(btod.o)
    0x0801b242   0x0801b242   0x00000338   Code   RO         3349    CL$$btod_div_common  c_w.l(btod.o)
    0x0801b57a   0x0801b57a   0x00000002   PAD
    0x0801b57c   0x0801b57c   0x00000084   Code   RO         3347    CL$$btod_e2d        c_w.l(btod.o)
    0x0801b600   0x0801b600   0x000000dc   Code   RO         3346    CL$$btod_e2e        c_w.l(btod.o)
    0x0801b6dc   0x0801b6dc   0x0000002a   Code   RO         3343    CL$$btod_ediv       c_w.l(btod.o)
    0x0801b706   0x0801b706   0x0000002a   Code   RO         3345    CL$$btod_edivd      c_w.l(btod.o)
    0x0801b730   0x0801b730   0x0000002a   Code   RO         3342    CL$$btod_emul       c_w.l(btod.o)
    0x0801b75a   0x0801b75a   0x0000002a   Code   RO         3344    CL$$btod_emuld      c_w.l(btod.o)
    0x0801b784   0x0801b784   0x00000244   Code   RO         3348    CL$$btod_mult_common  c_w.l(btod.o)
    0x0801b9c8   0x0801b9c8   0x00000028   Code   RO         3215    i.__ARM_fpclassify  m_ws.l(fpclassify.o)
    0x0801b9f0   0x0801b9f0   0x0000000e   Code   RO         3205    i.__mathlib_dbl_overflow  m_ws.l(dunder.o)
    0x0801b9fe   0x0801b9fe   0x00000002   PAD
    0x0801ba00   0x0801ba00   0x00000010   Code   RO         3207    i.__mathlib_dbl_underflow  m_ws.l(dunder.o)
    0x0801ba10   0x0801ba10   0x00000010   Code   RO         3390    i.__mathlib_narrow  m_ws.l(narrow.o)
    0x0801ba20   0x0801ba20   0x000000bc   Code   RO         3391    i.__mathlib_tofloat  m_ws.l(narrow.o)
    0x0801badc   0x0801badc   0x00000016   Code   RO         3430    i.__support_ldexp   m_ws.l(ldexp.o)
    0x0801baf2   0x0801baf2   0x0000000e   Code   RO         2904    i._is_digit         c_w.l(__printf_wp.o)
    0x0801bb00   0x0801bb00   0x000000dc   Code   RO         3039    i.floor             m_ws.l(floor.o)
    0x0801bbdc   0x0801bbdc   0x00000058   Code   RO         3409    i.frexp             m_ws.l(frexp.o)
    0x0801bc34   0x0801bc34   0x00000074   Code   RO         3431    i.ldexp             m_ws.l(ldexp.o)
    0x0801bca8   0x0801bca8   0x0000002c   Code   RO         3167    locale$$code        c_w.l(lc_ctype_c.o)
    0x0801bcd4   0x0801bcd4   0x0000002c   Code   RO         3362    locale$$code        c_w.l(lc_numeric_c.o)
    0x0801bd00   0x0801bd00   0x00000062   Code   RO         2960    x$fpl$d2f           fz_ws.l(d2f.o)
    0x0801bd62   0x0801bd62   0x00000002   PAD
    0x0801bd64   0x0801bd64   0x00000150   Code   RO         2962    x$fpl$dadd          fz_ws.l(daddsub_clz.o)
    0x0801beb4   0x0801beb4   0x00000010   Code   RO         3330    x$fpl$dcheck1       fz_ws.l(dcheck1.o)
    0x0801bec4   0x0801bec4   0x00000018   Code   RO         3171    x$fpl$dcmpinf       fz_ws.l(dcmpi.o)
    0x0801bedc   0x0801bedc   0x000002b0   Code   RO         2969    x$fpl$ddiv          fz_ws.l(ddiv.o)
    0x0801c18c   0x0801c18c   0x00000078   Code   RO         2972    x$fpl$deqf          fz_ws.l(deqf.o)
    0x0801c204   0x0801c204   0x0000005e   Code   RO         2974    x$fpl$dfix          fz_ws.l(dfix.o)
    0x0801c262   0x0801c262   0x00000002   PAD
    0x0801c264   0x0801c264   0x0000005a   Code   RO         2978    x$fpl$dfixu         fz_ws.l(dfixu.o)
    0x0801c2be   0x0801c2be   0x0000002e   Code   RO         2983    x$fpl$dflt          fz_ws.l(dflt_clz.o)
    0x0801c2ec   0x0801c2ec   0x00000026   Code   RO         2982    x$fpl$dfltu         fz_ws.l(dflt_clz.o)
    0x0801c312   0x0801c312   0x00000002   PAD
    0x0801c314   0x0801c314   0x00000078   Code   RO         2988    x$fpl$dleqf         fz_ws.l(dleqf.o)
    0x0801c38c   0x0801c38c   0x00000154   Code   RO         2990    x$fpl$dmul          fz_ws.l(dmul.o)
    0x0801c4e0   0x0801c4e0   0x0000009c   Code   RO         3173    x$fpl$dnaninf       fz_ws.l(dnaninf.o)
    0x0801c57c   0x0801c57c   0x0000000c   Code   RO         3175    x$fpl$dretinf       fz_ws.l(dretinf.o)
    0x0801c588   0x0801c588   0x0000006c   Code   RO         2992    x$fpl$drleqf        fz_ws.l(drleqf.o)
    0x0801c5f4   0x0801c5f4   0x00000016   Code   RO         2963    x$fpl$drsb          fz_ws.l(daddsub_clz.o)
    0x0801c60a   0x0801c60a   0x00000002   PAD
    0x0801c60c   0x0801c60c   0x000001d4   Code   RO         2964    x$fpl$dsub          fz_ws.l(daddsub_clz.o)
    0x0801c7e0   0x0801c7e0   0x00000056   Code   RO         2994    x$fpl$f2d           fz_ws.l(f2d.o)
    0x0801c836   0x0801c836   0x00000002   PAD
    0x0801c838   0x0801c838   0x000000c4   Code   RO         2996    x$fpl$fadd          fz_ws.l(faddsub_clz.o)
    0x0801c8fc   0x0801c8fc   0x00000018   Code   RO         3179    x$fpl$fcmpinf       fz_ws.l(fcmpi.o)
    0x0801c914   0x0801c914   0x00000184   Code   RO         3003    x$fpl$fdiv          fz_ws.l(fdiv.o)
    0x0801ca98   0x0801ca98   0x00000068   Code   RO         3006    x$fpl$feqf          fz_ws.l(feqf.o)
    0x0801cb00   0x0801cb00   0x00000036   Code   RO         3008    x$fpl$ffix          fz_ws.l(ffix.o)
    0x0801cb36   0x0801cb36   0x00000002   PAD
    0x0801cb38   0x0801cb38   0x0000003e   Code   RO         3012    x$fpl$ffixu         fz_ws.l(ffixu.o)
    0x0801cb76   0x0801cb76   0x00000002   PAD
    0x0801cb78   0x0801cb78   0x00000030   Code   RO         3017    x$fpl$fflt          fz_ws.l(fflt_clz.o)
    0x0801cba8   0x0801cba8   0x00000060   Code   RO         3022    x$fpl$ffltll        fz_ws.l(ffltll_clz.o)
    0x0801cc08   0x0801cc08   0x00000026   Code   RO         3016    x$fpl$ffltu         fz_ws.l(fflt_clz.o)
    0x0801cc2e   0x0801cc2e   0x00000002   PAD
    0x0801cc30   0x0801cc30   0x00000068   Code   RO         3024    x$fpl$fleqf         fz_ws.l(fleqf.o)
    0x0801cc98   0x0801cc98   0x00000102   Code   RO         3026    x$fpl$fmul          fz_ws.l(fmul.o)
    0x0801cd9a   0x0801cd9a   0x0000008c   Code   RO         3181    x$fpl$fnaninf       fz_ws.l(fnaninf.o)
    0x0801ce26   0x0801ce26   0x0000000a   Code   RO         3183    x$fpl$fretinf       fz_ws.l(fretinf.o)
    0x0801ce30   0x0801ce30   0x00000062   Code   RO         3028    x$fpl$frleqf        fz_ws.l(frleqf.o)
    0x0801ce92   0x0801ce92   0x00000014   Code   RO         2997    x$fpl$frsb          fz_ws.l(faddsub_clz.o)
    0x0801cea6   0x0801cea6   0x00000002   PAD
    0x0801cea8   0x0801cea8   0x000000ea   Code   RO         2998    x$fpl$fsub          fz_ws.l(faddsub_clz.o)
    0x0801cf92   0x0801cf92   0x00000006   Code   RO         3380    x$fpl$ieeestatus    fz_ws.l(istatus.o)
    0x0801cf98   0x0801cf98   0x00000004   Code   RO         3185    x$fpl$printf1       fz_ws.l(printf1.o)
    0x0801cf9c   0x0801cf9c   0x00000004   Code   RO         3187    x$fpl$printf2       fz_ws.l(printf2.o)
    0x0801cfa0   0x0801cfa0   0x00000064   Code   RO         3382    x$fpl$retnan        fz_ws.l(retnan.o)
    0x0801d004   0x0801d004   0x0000005c   Code   RO         3193    x$fpl$scalbn        fz_ws.l(scalbn.o)
    0x0801d060   0x0801d060   0x00000004   Code   RO         3195    x$fpl$scanf1        fz_ws.l(scanf1.o)
    0x0801d064   0x0801d064   0x00000008   Code   RO         3384    x$fpl$scanf2        fz_ws.l(scanf2.o)
    0x0801d06c   0x0801d06c   0x00000030   Code   RO         3406    x$fpl$trapveneer    fz_ws.l(trapv.o)
    0x0801d09c   0x0801d09c   0x00000000   Code   RO         3197    x$fpl$usenofp       fz_ws.l(usenofp.o)
    0x0801d09c   0x0801d09c   0x00000018   Data   RO          513    .constdata          rtc.o
    0x0801d0b4   0x0801d0b4   0x00000948   Data   RO          570    .constdata          gui.o
    0x0801d9fc   0x0801d9fc   0x00000025   Data   RO          605    .constdata          array.o
    0x0801da21   0x0801da21   0x00000003   PAD
    0x0801da24   0x0801da24   0x00000044   Data   RO          652    .constdata          bitmap.o
    0x0801da68   0x0801da68   0x0000006e   Data   RO          692    .constdata          button_1.o
    0x0801dad6   0x0801dad6   0x00000002   PAD
    0x0801dad8   0x0801dad8   0x000000ee   Data   RO          816    .constdata          check_button.o
    0x0801dbc6   0x0801dbc6   0x00000002   PAD
    0x0801dbc8   0x0801dbc8   0x0000006e   Data   RO          868    .constdata          dialog.o
    0x0801dc36   0x0801dc36   0x0000001a   Data   RO          923    .constdata          emitter.o
    0x0801dc50   0x0801dc50   0x0000042c   Data   RO          942    .constdata          enums.o
    0x0801e07c   0x0801e07c   0x00000014   Data   RO          981    .constdata          font_manager.o
    0x0801e090   0x0801e090   0x00000071   Data   RO          996    .constdata          group_box.o
    0x0801e101   0x0801e101   0x00000003   PAD
    0x0801e104   0x0801e104   0x0000006d   Data   RO         1014    .constdata          image.o
    0x0801e171   0x0801e171   0x00000027   Data   RO         1033    .constdata          image_manager.o
    0x0801e198   0x0801e198   0x0000006d   Data   RO         1048    .constdata          label.o
    0x0801e205   0x0801e205   0x00000003   PAD
    0x0801e208   0x0801e208   0x00000074   Data   RO         1106    .constdata          progress_bar.o
    0x0801e27c   0x0801e27c   0x00000104   Data   RO         1151    .constdata          utf8.o
    0x0801e380   0x0801e380   0x0000000d   Data   RO         1166    .constdata          value.o
    0x0801e38d   0x0801e38d   0x0000000d   Data   RO         1182    .constdata          widget.o
    0x0801e39a   0x0801e39a   0x00000002   PAD
    0x0801e39c   0x0801e39c   0x00000060   Data   RO         1204    .constdata          widget_vtable.o
    0x0801e3fc   0x0801e3fc   0x0000006e   Data   RO         1218    .constdata          window.o
    0x0801e46a   0x0801e46a   0x00000002   PAD
    0x0801e46c   0x0801e46c   0x0000009c   Data   RO         1237    .constdata          window_manager.o
    0x0801e508   0x0801e508   0x00000014   Data   RO         1265    .constdata          wstr.o
    0x0801e51c   0x0801e51c   0x0000000b   Data   RO         1278    .constdata          utils.o
    0x0801e527   0x0801e527   0x00000027   Data   RO         1318    .constdata          timer.o
    0x0801e54e   0x0801e54e   0x00000032   Data   RO         1333    .constdata          layout.o
    0x0801e580   0x0801e580   0x00000013   Data   RO         1349    .constdata          event_queue.o
    0x0801e593   0x0801e593   0x00000001   PAD
    0x0801e594   0x0801e594   0x0000006e   Data   RO         1365    .constdata          slider.o
    0x0801e602   0x0801e602   0x00000025   Data   RO         1408    .constdata          idle.o
    0x0801e627   0x0801e627   0x00000017   Data   RO         1461    .constdata          str.o
    0x0801e63e   0x0801e63e   0x00000002   PAD
    0x0801e640   0x0801e640   0x0000006d   Data   RO         1493    .constdata          pages.o
    0x0801e6ad   0x0801e6ad   0x00000003   PAD
    0x0801e6b0   0x0801e6b0   0x0000006f   Data   RO         1512    .constdata          edit.o
    0x0801e71f   0x0801e71f   0x00000001   PAD
    0x0801e720   0x0801e720   0x0000006c   Data   RO         1529    .constdata          view.o
    0x0801e78c   0x0801e78c   0x0000048a   Data   RO         1562    .constdata          widget_factory.o
    0x0801ec16   0x0801ec16   0x00000002   PAD
    0x0801ec18   0x0801ec18   0x00000060   Data   RO         1745    .constdata          spin_box.o
    0x0801ec78   0x0801ec78   0x0000006f   Data   RO         1767    .constdata          dragger.o
    0x0801ece7   0x0801ece7   0x00000001   PAD
    0x0801ece8   0x0801ece8   0x00000075   Data   RO         1786    .constdata          dialog_client.o
    0x0801ed5d   0x0801ed5d   0x00000003   PAD
    0x0801ed60   0x0801ed60   0x00000074   Data   RO         1801    .constdata          dialog_title.o
    0x0801edd4   0x0801edd4   0x00000028   Data   RO         1816    .constdata          custom_props.o
    0x0801edfc   0x0801edfc   0x00000019   Data   RO         1853    .constdata          input_method_creator.o
    0x0801ee15   0x0801ee15   0x00000003   PAD
    0x0801ee18   0x0801ee18   0x00000074   Data   RO         1869    .constdata          button_group.o
    0x0801ee8c   0x0801ee8c   0x0000008e   Data   RO         1905    .constdata          combo_box.o
    0x0801ef1a   0x0801ef1a   0x00000002   PAD
    0x0801ef1c   0x0801ef1c   0x00000076   Data   RO         1931    .constdata          combo_box_item.o
    0x0801ef92   0x0801ef92   0x0000000a   Data   RO         1960    .constdata          fs.o
    0x0801ef9c   0x0801ef9c   0x0000006d   Data   RO         2019    .constdata          popup.o
    0x0801f009   0x0801f009   0x00000003   PAD
    0x0801f00c   0x0801f00c   0x00000072   Data   RO         2064    .constdata          tab_button.o
    0x0801f07e   0x0801f07e   0x00000002   PAD
    0x0801f080   0x0801f080   0x00000078   Data   RO         2083    .constdata          tab_button_group.o
    0x0801f0f8   0x0801f0f8   0x00000073   Data   RO         2101    .constdata          tab_control.o
    0x0801f16b   0x0801f16b   0x00000001   PAD
    0x0801f16c   0x0801f16c   0x00000004   Data   RO         2310    .constdata          ui_loader_default.o
    0x0801f170   0x0801f170   0x00000072   Data   RO         2418    .constdata          color_tile.o
    0x0801f1e2   0x0801f1e2   0x00000016   Data   RO         2440    .constdata          assets_manager.o
    0x0801f1f8   0x0801f1f8   0x00000013   Data   RO         2455    .constdata          locale_info.o
    0x0801f20b   0x0801f20b   0x00000001   PAD
    0x0801f20c   0x0801f20c   0x0000006f   Data   RO         2491    .constdata          app_bar.o
    0x0801f27b   0x0801f27b   0x00000001   PAD
    0x0801f27c   0x0801f27c   0x0000006e   Data   RO         2509    .constdata          column.o
    0x0801f2ea   0x0801f2ea   0x00000002   PAD
    0x0801f2ec   0x0801f2ec   0x0000006c   Data   RO         2527    .constdata          grid.o
    0x0801f358   0x0801f358   0x0000006b   Data   RO         2545    .constdata          row.o
    0x0801f3c3   0x0801f3c3   0x00000001   PAD
    0x0801f3c4   0x0801f3c4   0x00000077   Data   RO         2563    .constdata          calibration_win.o
    0x0801f43b   0x0801f43b   0x00000013   Data   RO         2581    .constdata          font_loader_bitmap.o
    0x0801f44e   0x0801f44e   0x0000000f   Data   RO         2631    .constdata          lcd_stm32_raw.o
    0x0801f45d   0x0801f45d   0x0001ca0f   Data   RO         2827    .constdata          assets-mini.o
    0x0803be6c   0x0803be6c   0x00000011   Data   RO         2912    .constdata          c_w.l(__printf_flags_ss_wp.o)
    0x0803be7d   0x0803be7d   0x00000003   PAD
    0x0803be80   0x0803be80   0x00000008   Data   RO         3097    .constdata          c_w.l(_printf_wctomb.o)
    0x0803be88   0x0803be88   0x00000028   Data   RO         3126    .constdata          c_w.l(_printf_hex_int_ll_ptr.o)
    0x0803beb0   0x0803beb0   0x00000026   Data   RO         3261    .constdata          c_w.l(_printf_fp_hex.o)
    0x0803bed6   0x0803bed6   0x00000002   PAD
    0x0803bed8   0x0803bed8   0x00000094   Data   RO         3337    .constdata          c_w.l(bigflt0.o)
    0x0803bf6c   0x0803bf6c   0x0000000f   Data   RO          693    .conststring        button_1.o
    0x0803bf7b   0x0803bf7b   0x00000001   PAD
    0x0803bf7c   0x0803bf7c   0x00000025   Data   RO          817    .conststring        check_button.o
    0x0803bfa1   0x0803bfa1   0x00000003   PAD
    0x0803bfa4   0x0803bfa4   0x00000043   Data   RO          869    .conststring        dialog.o
    0x0803bfe7   0x0803bfe7   0x00000001   PAD
    0x0803bfe8   0x0803bfe8   0x0000038e   Data   RO          943    .conststring        enums.o
    0x0803c376   0x0803c376   0x00000002   PAD
    0x0803c378   0x0803c378   0x0000000a   Data   RO          997    .conststring        group_box.o
    0x0803c382   0x0803c382   0x00000002   PAD
    0x0803c384   0x0803c384   0x00000055   Data   RO         1015    .conststring        image.o
    0x0803c3d9   0x0803c3d9   0x00000003   PAD
    0x0803c3dc   0x0803c3dc   0x00000006   Data   RO         1049    .conststring        label.o
    0x0803c3e2   0x0803c3e2   0x00000002   PAD
    0x0803c3e4   0x0803c3e4   0x00000026   Data   RO         1107    .conststring        progress_bar.o
    0x0803c40a   0x0803c40a   0x00000002   PAD
    0x0803c40c   0x0803c40c   0x00000007   Data   RO         1219    .conststring        window.o
    0x0803c413   0x0803c413   0x00000001   PAD
    0x0803c414   0x0803c414   0x0000000f   Data   RO         1238    .conststring        window_manager.o
    0x0803c423   0x0803c423   0x00000001   PAD
    0x0803c424   0x0803c424   0x00000018   Data   RO         1366    .conststring        slider.o
    0x0803c43c   0x0803c43c   0x00000006   Data   RO         1494    .conststring        pages.o
    0x0803c442   0x0803c442   0x00000002   PAD
    0x0803c444   0x0803c444   0x0000007d   Data   RO         1513    .conststring        edit.o
    0x0803c4c1   0x0803c4c1   0x00000003   PAD
    0x0803c4c4   0x0803c4c4   0x00000005   Data   RO         1530    .conststring        view.o
    0x0803c4c9   0x0803c4c9   0x00000003   PAD
    0x0803c4cc   0x0803c4cc   0x00000009   Data   RO         1746    .conststring        spin_box.o
    0x0803c4d5   0x0803c4d5   0x00000003   PAD
    0x0803c4d8   0x0803c4d8   0x00000026   Data   RO         1768    .conststring        dragger.o
    0x0803c4fe   0x0803c4fe   0x00000002   PAD
    0x0803c500   0x0803c500   0x0000000e   Data   RO         1787    .conststring        dialog_client.o
    0x0803c50e   0x0803c50e   0x00000002   PAD
    0x0803c510   0x0803c510   0x0000000d   Data   RO         1802    .conststring        dialog_title.o
    0x0803c51d   0x0803c51d   0x00000003   PAD
    0x0803c520   0x0803c520   0x00000a61   Data   RO         1887    .conststring        color_parser.o
    0x0803cf81   0x0803cf81   0x00000003   PAD
    0x0803cf84   0x0803cf84   0x00000026   Data   RO         1906    .conststring        combo_box.o
    0x0803cfaa   0x0803cfaa   0x00000002   PAD
    0x0803cfac   0x0803cfac   0x0000000f   Data   RO         1932    .conststring        combo_box_item.o
    0x0803cfbb   0x0803cfbb   0x00000001   PAD
    0x0803cfbc   0x0803cfbc   0x00000036   Data   RO         2020    .conststring        popup.o
    0x0803cff2   0x0803cff2   0x00000002   PAD
    0x0803cff4   0x0803cff4   0x0000000b   Data   RO         2065    .conststring        tab_button.o
    0x0803cfff   0x0803cfff   0x00000001   PAD
    0x0803d000   0x0803d000   0x00000011   Data   RO         2084    .conststring        tab_button_group.o
    0x0803d011   0x0803d011   0x00000003   PAD
    0x0803d014   0x0803d014   0x0000000c   Data   RO         2102    .conststring        tab_control.o
    0x0803d020   0x0803d020   0x0000000b   Data   RO         2419    .conststring        color_tile.o
    0x0803d02b   0x0803d02b   0x00000001   PAD
    0x0803d02c   0x0803d02c   0x00000008   Data   RO         2492    .conststring        app_bar.o
    0x0803d034   0x0803d034   0x00000007   Data   RO         2510    .conststring        column.o
    0x0803d03b   0x0803d03b   0x00000001   PAD
    0x0803d03c   0x0803d03c   0x00000004   Data   RO         2528    .conststring        grid.o
    0x0803d040   0x0803d040   0x00000010   Data   RO         2564    .conststring        calibration_win.o
    0x0803d050   0x0803d050   0x00000020   Data   RO         3491    Region$$Table       anon$$obj.o
    0x0803d070   0x0803d070   0x00000008   Data   RO         3374    c$$dinf             fz_ws.l(fpconst.o)
    0x0803d078   0x0803d078   0x00000008   Data   RO         3377    c$$dmax             fz_ws.l(fpconst.o)
    0x0803d080   0x0803d080   0x00000110   Data   RO         3166    locale$$data        c_w.l(lc_ctype_c.o)
    0x0803d190   0x0803d190   0x0000001c   Data   RO         3361    locale$$data        c_w.l(lc_numeric_c.o)


    Execution Region RW_IRAM1 (Exec base: 0x20000000, Load base: 0x0803d1ac, Size: 0x00003e60, Max: 0x00010000, ABSOLUTE, COMPRESSED[0x000003ec])

    Exec Addr    Load Addr    Size         Type   Attr      Idx    E Section Name        Object

    0x20000000   COMPRESSED   0x00000014   Data   RW          105    .data               system_stm32f10x.o
    0x20000014   COMPRESSED   0x00000006   Data   RW          218    .data               usart.o
    0x2000001a   COMPRESSED   0x00000014   Data   RW          282    .data               stm32f10x_rcc.o
    0x2000002e   COMPRESSED   0x00000001   Data   RW          452    .data               led.o
    0x2000002f   COMPRESSED   0x00000001   Data   RW          480    .data               button.o
    0x20000030   COMPRESSED   0x00000004   Data   RW          493    .data               tim.o
    0x20000034   COMPRESSED   0x0000000a   Data   RW          514    .data               rtc.o
    0x2000003e   COMPRESSED   0x00000008   Data   RW          537    .data               touch.o
    0x20000046   COMPRESSED   0x00000002   PAD
    0x20000048   COMPRESSED   0x00000008   Data   RW          694    .data               button_1.o
    0x20000050   COMPRESSED   0x00000008   Data   RW          818    .data               check_button.o
    0x20000058   COMPRESSED   0x00000018   Data   RW          870    .data               dialog.o
    0x20000070   COMPRESSED   0x00000004   Data   RW          982    .data               font_manager.o
    0x20000074   COMPRESSED   0x00000028   Data   RW         1016    .data               image.o
    0x2000009c   COMPRESSED   0x00000004   Data   RW         1034    .data               image_manager.o
    0x200000a0   COMPRESSED   0x00000004   Data   RW         1075    .data               main_loop.o
    0x200000a4   COMPRESSED   0x00000010   Data   RW         1108    .data               progress_bar.o
    0x200000b4   COMPRESSED   0x00000004   Data   RW         1137    .data               theme.o
    0x200000b8   COMPRESSED   0x00000018   Data   RW         1220    .data               window.o
    0x200000d0   COMPRESSED   0x00000004   Data   RW         1239    .data               window_manager.o
    0x200000d4   COMPRESSED   0x00000004   Data   RW         1319    .data               timer.o
    0x200000d8   COMPRESSED   0x00000018   Data   RW         1367    .data               slider.o
    0x200000f0   COMPRESSED   0x00000004   Data   RW         1409    .data               idle.o
    0x200000f4   COMPRESSED   0x00000008   Data   RW         1495    .data               pages.o
    0x200000fc   COMPRESSED   0x00000038   Data   RW         1514    .data               edit.o
    0x20000134   COMPRESSED   0x00000004   Data   RW         1563    .data               widget_factory.o
    0x20000138   COMPRESSED   0x00000004   Data   RW         1706    .data               input_method.o
    0x2000013c   COMPRESSED   0x00000014   Data   RW         1769    .data               dragger.o
    0x20000150   COMPRESSED   0x00000460   Data   RW         1888    .data               color_parser.o
    0x200005b0   COMPRESSED   0x0000003c   Data   RW         1907    .data               combo_box.o
    0x200005ec   COMPRESSED   0x00000020   Data   RW         2021    .data               popup.o
    0x2000060c   COMPRESSED   0x00000008   Data   RW         2066    .data               tab_button.o
    0x20000614   COMPRESSED   0x0000000c   Data   RW         2420    .data               color_tile.o
    0x20000620   COMPRESSED   0x00000004   Data   RW         2441    .data               assets_manager.o
    0x20000624   COMPRESSED   0x00000004   Data   RW         2456    .data               locale_info.o
    0x20000628   COMPRESSED   0x00000008   Data   RW         2582    .data               font_loader_bitmap.o
    0x20000630   COMPRESSED   0x00000004   Data   RW         2751    .data               mutex_null.o
    0x20000634   COMPRESSED   0x00000004   Data   RW         2768    .data               sys_tick.o
    0x20000638        -       0x000000c8   Zero   RW          217    .bss                usart.o
    0x20000700        -       0x0000000a   Zero   RW          512    .bss                rtc.o
    0x2000070a   COMPRESSED   0x00000002   PAD
    0x2000070c        -       0x0000000c   Zero   RW          536    .bss                touch.o
    0x20000718        -       0x00001000   Zero   RW          591    .bss                flash.o
    0x20001718        -       0x00000014   Zero   RW         1092    .bss                mem.o
    0x2000172c        -       0x0000001c   Zero   RW         1435    .bss                system_info.o
    0x20001748        -       0x00000090   Zero   RW         1474    .bss                main_loop_simple.o
    0x200017d8        -       0x00000024   Zero   RW         2278    .bss                ui_builder_default.o
    0x200017fc        -       0x00002000   Zero   RW         2737    .bss                platform.o
    0x200037fc        -       0x00000060   Zero   RW         3232    .bss                c_w.l(libspace.o)
    0x2000385c   COMPRESSED   0x00000004   PAD
    0x20003860        -       0x00000200   Zero   RW          251    HEAP                startup_stm32f10x_hd.o
    0x20003a60        -       0x00000400   Zero   RW          250    STACK               startup_stm32f10x_hd.o


==============================================================================

Image component sizes


      Code (inc. data)   RO Data    RW Data    ZI Data      Debug   Object Name

        92         10        119          0          0       1894   app_bar.o
       656         14         37          0          0      14419   array.o
       412        132     117263          0          0      10799   assets-mini.o
       564         16         22          4          0       5666   assets_manager.o
       688         16          0          0          0       4015   awtk.o
      1214         36         68          0          0      10768   bitmap.o
       756          0          0          0          0       6525   buffer.o
       256         12          0          1          0        814   button.o
       660         32        125          8          0      32014   button_1.o
       112         10        116          0          0       2280   button_group.o
       680         14        135          0          0       4902   calibration_win.o
     10492         82          0          0          0      41091   canvas.o
       652         24        275          8          0      12289   check_button.o
        84         18          0          0          0        863   color.o
       652        102       2657       1120          0       3533   color_parser.o
       564         52        125         12          0       4269   color_tile.o
        92         10        117          0          0       1876   column.o
      1900        162        180         60          0      11186   combo_box.o
       760         64        133          0          0       4425   combo_box_item.o
         0          0          0          0          0         32   core_cm3.o
       564         10         40          0          0       4665   custom_props.o
      1416        256          0          0          0       3443   demo1_app.o
        38          0          0          0          0        572   demo_main.o
       544         74        177         24          0      12170   dialog.o
       136         16        131          0          0       1930   dialog_client.o
       128         16        129          0          0       1964   dialog_title.o
       904         52        149         20          0       4780   dragger.o
      5216        212        236         56          0      18103   edit.o
       704          8         26          0          0       8193   emitter.o
       328         32       1978          0          0       7685   enums.o
       336          4         19          0          0       2940   event_queue.o
       210          0          0          0          0       2628   events.o
       924         12          0          0       4096       3205   flash.o
       120          0          0          0          0       1500   font.o
        44          0          0          0          0       1015   font_loader.o
       392         28         19          8          0       4025   font_loader_bitmap.o
       424         16         20          4          0       4100   font_manager.o
       896         12         10          0          0       8083   fs.o
         4          0          0          0          0        428   fs_os.o
        92         10        112          0          0       1848   grid.o
       112         10        123          0          0       2170   group_box.o
      1072         12       2376          0          0       5463   gui.o
       784         20         37          4          0       6727   idle.o
      2108        114        194         40          0       7495   image.o
        44          0          0          0          0        992   image_loader.o
       740         22         39          4          0       5629   image_manager.o
       126          0          0          0          0       1006   input_engine.o
       556         10          0          4          0       4649   input_method.o
       104         12         25          0          0       1263   input_method_creator.o
        92         10        115          0          0       1539   label.o
      2416         50         50          0          0       7713   layout.o
      1018          0          0          0          0       8919   lcd.o
       696         18          0          0          0       2060   lcd_driver.o
      1708         42         15          0          0      15985   lcd_stm32_raw.o
       164         10          0          1          0        703   led.o
       588         26         19          4          0       7755   locale_info.o
        68          0          0          0          0     205171   main.o
       300          4          0          4          0       3256   main_loop.o
       680         12          0          0        144       4821   main_loop_simple.o
       216         16          0          0          0      18153   main_loop_stm32_raw.o
       756          4          0          0         20       5623   mem.o
       220         22          0          0          0       1753   misc.o
        28          6          0          4          0       1853   mutex_null.o
       516         24        115          8          0       4344   pages.o
       836          6          0          0          0       4902   path.o
       100         12          0          0       8192       1132   platform.o
       500         58        163         32          0       3014   popup.o
      1240         40        154         16          0       5308   progress_bar.o
       576          0          0          0          0       2937   rect.o
        92         10        107          0          0       1826   row.o
      1120         66         24         10         10       4243   rtc.o
      2188         56        134         24          0       7399   slider.o
       476         16          0          0          0       1796   spi.o
       344         70        105          0          0       2205   spin_box.o
        64         26        304          0       1536        780   startup_stm32f10x_hd.o
       196          8          0          0          0       3452   stm32f10x_bkp.o
      1548         18          0          0          0       5331   stm32f10x_fsmc.o
       860         38          0          0          0       5685   stm32f10x_gpio.o
        24          0          0          0          0      63786   stm32f10x_it.o
       204         14          0          0          0       1931   stm32f10x_pwr.o
       932         36          0         20          0       8840   stm32f10x_rcc.o
       328          4          0          0          0       2702   stm32f10x_rtc.o
       780         14          0          0          0       6566   stm32f10x_spi.o
      3610         88          0          0          0      22792   stm32f10x_tim.o
      1032         22          0          0          0       8412   stm32f10x_usart.o
      2024         62         23          0          0      10972   str.o
        76          6          0          4          0       1657   sys_tick.o
        76         24          0          0         28       1319   system_info.o
       480         38          0         20          0       1671   system_stm32f10x.o
      1080         78        125          8          0       5924   tab_button.o
       984         40        137          0          0       6172   tab_button_group.o
       112         10        127          0          0       2210   tab_control.o
       480         12          0          4          0       3184   theme.o
       572         24          0          4          0       1897   tim.o
        24          0          0          0          0        585   time.o
       980         22         39          4          0       8129   timer.o
       390          0          0          0          0       3204   tokenizer.o
      1088         38          0          8         12       4186   touch.o
       162          0          0          0          0       2880   ui_builder.o
       360         32          0          0         36       3149   ui_builder_default.o
        48          0          0          0          0       1105   ui_loader.o
       276         10          4          0          0       1835   ui_loader_default.o
       296         16          0          6        200       3102   usart.o
       772          4        260          0          0       5405   utf8.o
      1996         46         11          0          0      13313   utils.o
      1576         76         13          0          0       9728   value.o
      2070         14          0          0          0      17166   vgcanvas.o
        92         10        113          0          0       1848   view.o
      8524        206         13          0          0      36751   widget.o
         6          0          0          0          0        597   widget_animator_factory_null.o
       448         16       1162          4          0      12324   widget_factory.o
       716         22         96          0          0       6549   widget_vtable.o
        80          8        117         24          0       1932   window.o
       312          0          0          0          0       1893   window_animator.o
        16          0          0          0          0       1407   window_animator_null.o
       780         62          0          0          0       3112   window_base.o
      3552        118        171          4          0      18486   window_manager.o
       156          4          0          0          0       2084   window_open.o
      1680         26         20          0          0       9266   wstr.o

    ----------------------------------------------------------------------
     99174       3634     131076       1592      14276     962060   Object Totals
         0          0         32          0          0          0   (incl. Generated)
        22          0         96          2          2          0   (incl. Padding)

    ----------------------------------------------------------------------

      Code (inc. data)   RO Data    RW Data    ZI Data      Debug   Library Member Name

        24          4          0          0          0         84   __2printf.o
       100          0          0          0          0          0   __dclz77c.o
         8          0          0          0          0         68   __main.o
       392          4         17          0          0         92   __printf_flags_ss_wp.o
        14          0          0          0          0         68   __printf_wp.o
         0          0          0          0          0          0   __rtentry.o
        12          0          0          0          0          0   __rtentry2.o
         6          0          0          0          0          0   __rtentry4.o
        52          8          0          0          0          0   __scatter.o
        28          0          0          0          0          0   __scatter_zi.o
        28          0          0          0          0         68   _chval.o
        60          0          0          0          0         92   _mbrtowc.o
         6          0          0          0          0          0   _printf_a.o
         6          0          0          0          0          0   _printf_c.o
        44          0          0          0          0        108   _printf_char.o
        48          6          0          0          0         96   _printf_char_common.o
        36          4          0          0          0         80   _printf_char_file.o
        40          0          0          0          0         68   _printf_charcount.o
         6          0          0          0          0          0   _printf_d.o
       120         16          0          0          0         92   _printf_dec.o
         6          0          0          0          0          0   _printf_e.o
         6          0          0          0          0          0   _printf_f.o
      1054          0          0          0          0        216   _printf_fp_dec.o
       764          8         38          0          0        100   _printf_fp_hex.o
       128         16          0          0          0         84   _printf_fp_infnan.o
         6          0          0          0          0          0   _printf_g.o
       148          4         40          0          0        160   _printf_hex_int_ll_ptr.o
         6          0          0          0          0          0   _printf_i.o
       178          0          0          0          0         88   _printf_intcommon.o
        10          0          0          0          0          0   _printf_l.o
         6          0          0          0          0          0   _printf_lc.o
        10          0          0          0          0          0   _printf_ll.o
         6          0          0          0          0          0   _printf_lld.o
         6          0          0          0          0          0   _printf_lli.o
         6          0          0          0          0          0   _printf_llo.o
         6          0          0          0          0          0   _printf_llu.o
         6          0          0          0          0          0   _printf_llx.o
       124         16          0          0          0         92   _printf_longlong_dec.o
         6          0          0          0          0          0   _printf_ls.o
         6          0          0          0          0          0   _printf_n.o
         6          0          0          0          0          0   _printf_o.o
       112         10          0          0          0        124   _printf_oct_int_ll.o
         6          0          0          0          0          0   _printf_p.o
        78          0          0          0          0        108   _printf_pad.o
         0          0          0          0          0          0   _printf_percent.o
         4          0          0          0          0          0   _printf_percent_end.o
         6          0          0          0          0          0   _printf_s.o
        82          0          0          0          0         80   _printf_str.o
        36          0          0          0          0         84   _printf_truncate.o
         6          0          0          0          0          0   _printf_u.o
        44          0          0          0          0        108   _printf_wchar.o
       188          6          8          0          0         92   _printf_wctomb.o
         6          0          0          0          0          0   _printf_x.o
        22          0          0          0          0        100   _rserrno.o
       884          6          0          0          0        100   _scanf.o
       332          0          0          0          0         96   _scanf_int.o
       342          0          0          0          0        100   _scanf_longlong.o
       276          0          0          0          0        100   _scanf_mbtowc.o
       224          0          0          0          0         96   _scanf_str.o
        30          0          0          0          0         76   _scanf_wcharmap.o
       232          0          0          0          0        100   _scanf_wctomb.o
       208          0          0          0          0         96   _scanf_wstr.o
        64          0          0          0          0         84   _sgetc.o
        16          0          0          0          0         68   _snputc.o
        10          0          0          0          0         68   _sputc.o
        64          0          0          0          0         92   _wcrtomb.o
       228          4        148          0          0         96   bigflt0.o
        80          0          0          0          0         88   bsearchnoex.o
      2152        136          0          0          0        960   btod.o
        18          0          0          0          0         80   exit.o
         8          0          0          0          0         68   ferror.o
         6          0          0          0          0        152   heapauxi.o
        18          0          0          0          0         76   isspace.o
        44         10        272          0          0         76   lc_ctype_c.o
        44         10         28          0          0         76   lc_numeric_c.o
         2          0          0          0          0          0   libinit.o
        30          0          0          0          0          0   libinit2.o
         2          0          0          0          0          0   libshutdown.o
         2          0          0          0          0          0   libshutdown2.o
         8          4          0          0         96         68   libspace.o
        38          0          0          0          0         68   llshl.o
       138          0          0          0          0         80   lludiv10.o
        88          0          0          0          0         76   memcmp.o
        16          4          0          0          0         76   rt_ctype_table.o
         8          4          0          0          0         68   rt_errno_addr_intlibspace.o
         8          4          0          0          0         68   rt_locale_intlibspace.o
        68          0          0          0          0         68   rt_memclr.o
        78          0          0          0          0         80   rt_memclr_w.o
       138          0          0          0          0         68   rt_memcpy_v6.o
       100          0          0          0          0         80   rt_memcpy_w.o
       132          0          0          0          0         68   rt_memmove_v6.o
       122          0          0          0          0         80   rt_memmove_w.o
         2          0          0          0          0          0   rtexit.o
        10          0          0          0          0          0   rtexit2.o
        44          8          0          0          0         84   scanf_char.o
      1272         16          0          0          0        168   scanf_fp.o
       800         14          0          0          0        100   scanf_hexfp.o
       308         16          0          0          0        100   scanf_infnan.o
        20          0          0          0          0         68   strchr.o
       128          0          0          0          0         68   strcmpv7m.o
        72          0          0          0          0         80   strcpy.o
        62          0          0          0          0         76   strlen.o
       150          0          0          0          0         80   strncmp.o
        86          0          0          0          0         76   strncpy.o
        22          0          0          0          0         68   strrchr.o
        36          0          0          0          0         80   strstr.o
        74          0          0          0          0         80   sys_stackheap_outer.o
        26          0          0          0          0         76   tolower.o
        30          0          0          0          0         76   toupper.o
         2          0          0          0          0         68   use_no_semi.o
         2          0          0          0          0         68   use_no_semi_2.o
        52          4          0          0          0         80   vsnprintf.o
        52          8          0          0          0         80   vsscanf.o
        22          0          0          0          0         68   wcschr.o
        24          0          0          0          0         68   wcscmp.o
        18          0          0          0          0         68   wcscpy.o
        18          0          0          0          0         68   wcslen.o
        98          4          0          0          0         92   d2f.o
       826         16          0          0          0        348   daddsub_clz.o
        16          4          0          0          0         68   dcheck1.o
        24          0          0          0          0         68   dcmpi.o
       688        140          0          0          0        208   ddiv.o
       120          4          0          0          0         92   deqf.o
        94          4          0          0          0         92   dfix.o
        90          4          0          0          0         92   dfixu.o
        84          0          0          0          0        136   dflt_clz.o
       120          4          0          0          0         92   dleqf.o
       340         12          0          0          0        104   dmul.o
       156          4          0          0          0         92   dnaninf.o
        12          0          0          0          0         68   dretinf.o
       108          0          0          0          0         80   drleqf.o
        86          4          0          0          0         84   f2d.o
       450          8          0          0          0        236   faddsub_clz.o
        24          0          0          0          0         68   fcmpi.o
       388         76          0          0          0         96   fdiv.o
       104          4          0          0          0         84   feqf.o
        54          4          0          0          0         84   ffix.o
        62          4          0          0          0         84   ffixu.o
        86          0          0          0          0        136   fflt_clz.o
        96          0          0          0          0         84   ffltll_clz.o
       104          4          0          0          0         84   fleqf.o
       258          4          0          0          0         84   fmul.o
       140          4          0          0          0         84   fnaninf.o
         0          0         16          0          0          0   fpconst.o
        10          0          0          0          0         68   fretinf.o
        98          0          0          0          0         68   frleqf.o
         6          0          0          0          0         68   istatus.o
         4          0          0          0          0         68   printf1.o
         4          0          0          0          0         68   printf2.o
       100          0          0          0          0         68   retnan.o
        92          0          0          0          0         68   scalbn.o
         4          0          0          0          0         68   scanf1.o
         8          0          0          0          0         84   scanf2.o
        48          0          0          0          0         68   trapv.o
         0          0          0          0          0          0   usenofp.o
        30          6          0          0          0        136   dunder.o
       220         16          0          0          0         84   floor.o
        40          0          0          0          0         68   fpclassify.o
        88          8          0          0          0         76   frexp.o
       138          0          0          0          0        160   ldexp.o
       204          4          0          0          0        168   narrow.o

    ----------------------------------------------------------------------
     19462        694        572          0        100      12124   Library Totals
        36          2          5          0          4          0   (incl. Padding)

    ----------------------------------------------------------------------

      Code (inc. data)   RO Data    RW Data    ZI Data      Debug   Library Name

     13704        350        551          0         96       7896   c_w.l
      5002        308         16          0          0       3536   fz_ws.l
       720         34          0          0          0        692   m_ws.l

    ----------------------------------------------------------------------
     19462        694        572          0        100      12124   Library Totals

    ----------------------------------------------------------------------

==============================================================================


      Code (inc. data)   RO Data    RW Data    ZI Data      Debug   

    118636       4328     131648       1592      14376     955772   Grand Totals
    118636       4328     131648       1004      14376     955772   ELF Image Totals (compressed)
    118636       4328     131648       1004          0          0   ROM Totals

==============================================================================

    Total RO  Size (Code + RO Data)               250284 ( 244.42kB)
    Total RW  Size (RW Data + ZI Data)             15968 (  15.59kB)
    Total ROM Size (Code + RO Data + RW Data)     251288 ( 245.40kB)

==============================================================================

