Component: ARM Compiler 5.06 update 5 (build 528) Tool: armlink [4d35e2]

==============================================================================

Section Cross References

    system_stm32f10x.o(.text) refers to system_stm32f10x.o(.data) for SystemCoreClock
    main.o(.text) refers to misc.o(.text) for NVIC_PriorityGroupConfig
    main.o(.text) refers to platform.o(.text) for systick_init
    main.o(.text) refers to led.o(.text) for led_init
    main.o(.text) refers to button.o(.text) for button_init
    main.o(.text) refers to lcd_driver.o(.text) for TFT_Init
    main.o(.text) refers to flash.o(.text) for FLASH_Init
    main.o(.text) refers to touch.o(.text) for TOUCH_Init
    main.o(.text) refers to tim.o(.text) for TIM3_Init
    main.o(.text) refers to rtc.o(.text) for rtc_init
    main.o(.text) refers to demo_main.o(.text) for gui_app_start
    sys.o(.text) refers to misc.o(.text) for NVIC_PriorityGroupConfig
    usart.o(.text) refers (Special) to use_no_semi_2.o(.text) for __use_no_semihosting
    usart.o(.text) refers to stm32f10x_rcc.o(.text) for RCC_APB2PeriphClockCmd
    usart.o(.text) refers to stm32f10x_gpio.o(.text) for GPIO_Init
    usart.o(.text) refers to misc.o(.text) for NVIC_Init
    usart.o(.text) refers to stm32f10x_usart.o(.text) for USART_Init
    usart.o(.text) refers to usart.o(.data) for USART_RX_STA
    usart.o(.text) refers to usart.o(.bss) for USART_RX_BUF
    usart.o(.bss) refers (Special) to use_no_semi_2.o(.text) for __use_no_semihosting
    usart.o(.data) refers (Special) to use_no_semi_2.o(.text) for __use_no_semihosting
    startup_stm32f10x_hd.o(STACK) refers (Special) to heapauxi.o(.text) for __use_two_region_memory
    startup_stm32f10x_hd.o(HEAP) refers (Special) to heapauxi.o(.text) for __use_two_region_memory
    startup_stm32f10x_hd.o(RESET) refers (Special) to heapauxi.o(.text) for __use_two_region_memory
    startup_stm32f10x_hd.o(RESET) refers to startup_stm32f10x_hd.o(STACK) for __initial_sp
    startup_stm32f10x_hd.o(RESET) refers to startup_stm32f10x_hd.o(.text) for Reset_Handler
    startup_stm32f10x_hd.o(RESET) refers to stm32f10x_it.o(.text) for NMI_Handler
    startup_stm32f10x_hd.o(RESET) refers to sys_tick.o(.text) for SysTick_Handler
    startup_stm32f10x_hd.o(RESET) refers to rtc.o(.text) for RTC_IRQHandler
    startup_stm32f10x_hd.o(RESET) refers to main_loop_stm32_raw.o(.text) for TIM3_IRQHandler
    startup_stm32f10x_hd.o(RESET) refers to usart.o(.text) for USART1_IRQHandler
    startup_stm32f10x_hd.o(RESET) refers to tim.o(.text) for TIM5_IRQHandler
    startup_stm32f10x_hd.o(.text) refers (Special) to heapauxi.o(.text) for __use_two_region_memory
    startup_stm32f10x_hd.o(.text) refers to system_stm32f10x.o(.text) for SystemInit
    startup_stm32f10x_hd.o(.text) refers to __main.o(!!!main) for __main
    startup_stm32f10x_hd.o(.text) refers to startup_stm32f10x_hd.o(HEAP) for Heap_Mem
    startup_stm32f10x_hd.o(.text) refers to startup_stm32f10x_hd.o(STACK) for Stack_Mem
    stm32f10x_gpio.o(.text) refers to stm32f10x_rcc.o(.text) for RCC_APB2PeriphResetCmd
    stm32f10x_rcc.o(.text) refers to stm32f10x_rcc.o(.data) for APBAHBPrescTable
    stm32f10x_usart.o(.text) refers to stm32f10x_rcc.o(.text) for RCC_APB2PeriphResetCmd
    stm32f10x_wwdg.o(.text) refers to stm32f10x_rcc.o(.text) for RCC_APB1PeriphResetCmd
    stm32f10x_tim.o(.text) refers to stm32f10x_rcc.o(.text) for RCC_APB2PeriphResetCmd
    stm32f10x_bkp.o(.text) refers to stm32f10x_rcc.o(.text) for RCC_BackupResetCmd
    stm32f10x_pwr.o(.text) refers to stm32f10x_rcc.o(.text) for RCC_APB1PeriphResetCmd
    stm32f10x_spi.o(.text) refers to stm32f10x_rcc.o(.text) for RCC_APB2PeriphResetCmd
    led.o(.text) refers to stm32f10x_rcc.o(.text) for RCC_APB2PeriphClockCmd
    led.o(.text) refers to stm32f10x_gpio.o(.text) for GPIO_Init
    led.o(.text) refers to sys_tick.o(.text) for delay_ms
    led.o(.text) refers to led.o(.data) for i
    lcd_driver.o(.text) refers to stm32f10x_rcc.o(.text) for RCC_APB2PeriphClockCmd
    lcd_driver.o(.text) refers to stm32f10x_gpio.o(.text) for GPIO_Init
    lcd_driver.o(.text) refers to stm32f10x_fsmc.o(.text) for FSMC_NORSRAMInit
    button.o(.text) refers to stm32f10x_rcc.o(.text) for RCC_APB2PeriphClockCmd
    button.o(.text) refers to stm32f10x_gpio.o(.text) for GPIO_Init
    button.o(.text) refers to sys_tick.o(.text) for delay_ms
    button.o(.text) refers to button.o(.data) for key_up
    tim.o(.text) refers to stm32f10x_rcc.o(.text) for RCC_APB1PeriphClockCmd
    tim.o(.text) refers to stm32f10x_gpio.o(.text) for GPIO_Init
    tim.o(.text) refers to stm32f10x_tim.o(.text) for TIM_TimeBaseInit
    tim.o(.text) refers to misc.o(.text) for NVIC_Init
    tim.o(.text) refers to tim.o(.data) for TIM5CH1_CAPTURE_STA
    rtc.o(.text) refers to _printf_percent.o(.ARM.Collect$$_printf_percent$$00000000) for _printf_percent
[...]
    floor                                    0x0801b391   Thumb Code   204  floor.o(i.floor)
    frexp                                    0x0801b46d   Thumb Code    80  frexp.o(i.frexp)
    ldexp                                    0x0801b4c5   Thumb Code   116  ldexp.o(i.ldexp)
    _get_lc_ctype                            0x0801b539   Thumb Code    44  lc_ctype_c.o(locale$$code)
    _get_lc_numeric                          0x0801b565   Thumb Code    44  lc_numeric_c.o(locale$$code)
    __aeabi_d2f                              0x0801b591   Thumb Code     0  d2f.o(x$fpl$d2f)
    _d2f                                     0x0801b591   Thumb Code    98  d2f.o(x$fpl$d2f)
    __aeabi_dadd                             0x0801b5f5   Thumb Code     0  daddsub_clz.o(x$fpl$dadd)
    _dadd                                    0x0801b5f5   Thumb Code   332  daddsub_clz.o(x$fpl$dadd)
    __fpl_dcheck_NaN1                        0x0801b745   Thumb Code    10  dcheck1.o(x$fpl$dcheck1)
    __fpl_dcmp_Inf                           0x0801b755   Thumb Code    24  dcmpi.o(x$fpl$dcmpinf)
    __aeabi_ddiv                             0x0801b76d   Thumb Code     0  ddiv.o(x$fpl$ddiv)
    _ddiv                                    0x0801b76d   Thumb Code   552  ddiv.o(x$fpl$ddiv)
    __aeabi_cdcmpeq                          0x0801ba1d   Thumb Code     0  deqf.o(x$fpl$deqf)
    _dcmpeq                                  0x0801ba1d   Thumb Code   120  deqf.o(x$fpl$deqf)
    __aeabi_d2iz                             0x0801ba95   Thumb Code     0  dfix.o(x$fpl$dfix)
    _dfix                                    0x0801ba95   Thumb Code    94  dfix.o(x$fpl$dfix)
    __aeabi_d2uiz                            0x0801baf5   Thumb Code     0  dfixu.o(x$fpl$dfixu)
    _dfixu                                   0x0801baf5   Thumb Code    90  dfixu.o(x$fpl$dfixu)
    __aeabi_i2d                              0x0801bb4f   Thumb Code     0  dflt_clz.o(x$fpl$dflt)
    _dflt                                    0x0801bb4f   Thumb Code    46  dflt_clz.o(x$fpl$dflt)
    __aeabi_ui2d                             0x0801bb7d   Thumb Code     0  dflt_clz.o(x$fpl$dfltu)
    _dfltu                                   0x0801bb7d   Thumb Code    38  dflt_clz.o(x$fpl$dfltu)
    __aeabi_cdcmple                          0x0801bba5   Thumb Code     0  dleqf.o(x$fpl$dleqf)
    _dcmple                                  0x0801bba5   Thumb Code   120  dleqf.o(x$fpl$dleqf)
    __fpl_dcmple_InfNaN                      0x0801bc07   Thumb Code     0  dleqf.o(x$fpl$dleqf)
    __aeabi_dmul                             0x0801bc1d   Thumb Code     0  dmul.o(x$fpl$dmul)
    _dmul                                    0x0801bc1d   Thumb Code   332  dmul.o(x$fpl$dmul)
    __fpl_dnaninf                            0x0801bd71   Thumb Code   156  dnaninf.o(x$fpl$dnaninf)
    __fpl_dretinf                            0x0801be0d   Thumb Code    12  dretinf.o(x$fpl$dretinf)
    __aeabi_cdrcmple                         0x0801be19   Thumb Code     0  drleqf.o(x$fpl$drleqf)
    _drcmple                                 0x0801be19   Thumb Code   108  drleqf.o(x$fpl$drleqf)
    __aeabi_drsub                            0x0801be85   Thumb Code     0  daddsub_clz.o(x$fpl$drsb)
    _drsb                                    0x0801be85   Thumb Code    22  daddsub_clz.o(x$fpl$drsb)
    __aeabi_dsub                             0x0801be9d   Thumb Code     0  daddsub_clz.o(x$fpl$dsub)
    _dsub                                    0x0801be9d   Thumb Code   464  daddsub_clz.o(x$fpl$dsub)
    __aeabi_f2d                              0x0801c071   Thumb Code     0  f2d.o(x$fpl$f2d)
    _f2d                                     0x0801c071   Thumb Code    86  f2d.o(x$fpl$f2d)
    __aeabi_fadd                             0x0801c0c9   Thumb Code     0  faddsub_clz.o(x$fpl$fadd)
    _fadd                                    0x0801c0c9   Thumb Code   196  faddsub_clz.o(x$fpl$fadd)
    __fpl_fcmp_Inf                           0x0801c18d   Thumb Code    24  fcmpi.o(x$fpl$fcmpinf)
    __aeabi_fdiv                             0x0801c1a5   Thumb Code     0  fdiv.o(x$fpl$fdiv)
    _fdiv                                    0x0801c1a5   Thumb Code   384  fdiv.o(x$fpl$fdiv)
    __aeabi_cfcmpeq                          0x0801c329   Thumb Code     0  feqf.o(x$fpl$feqf)
    _fcmpeq                                  0x0801c329   Thumb Code   104  feqf.o(x$fpl$feqf)
    __aeabi_f2iz                             0x0801c391   Thumb Code     0  ffix.o(x$fpl$ffix)
    _ffix                                    0x0801c391   Thumb Code    54  ffix.o(x$fpl$ffix)
    __aeabi_f2uiz                            0x0801c3c9   Thumb Code     0  ffixu.o(x$fpl$ffixu)
    _ffixu                                   0x0801c3c9   Thumb Code    62  ffixu.o(x$fpl$ffixu)
    __aeabi_i2f                              0x0801c409   Thumb Code     0  fflt_clz.o(x$fpl$fflt)
    _fflt                                    0x0801c409   Thumb Code    48  fflt_clz.o(x$fpl$fflt)
    __aeabi_ul2f                             0x0801c439   Thumb Code     0  ffltll_clz.o(x$fpl$ffltll)
    _ll_uto_f                                0x0801c439   Thumb Code     6  ffltll_clz.o(x$fpl$ffltll)
    __aeabi_l2f                              0x0801c43f   Thumb Code     0  ffltll_clz.o(x$fpl$ffltll)
    _ll_sto_f                                0x0801c43f   Thumb Code    90  ffltll_clz.o(x$fpl$ffltll)
    __aeabi_ui2f                             0x0801c499   Thumb Code     0  fflt_clz.o(x$fpl$ffltu)
    _ffltu                                   0x0801c499   Thumb Code    38  fflt_clz.o(x$fpl$ffltu)
    __aeabi_cfcmple                          0x0801c4c1   Thumb Code     0  fleqf.o(x$fpl$fleqf)
    _fcmple                                  0x0801c4c1   Thumb Code   104  fleqf.o(x$fpl$fleqf)
    __fpl_fcmple_InfNaN                      0x0801c513   Thumb Code     0  fleqf.o(x$fpl$fleqf)
    __aeabi_fmul                             0x0801c529   Thumb Code     0  fmul.o(x$fpl$fmul)
    _fmul                                    0x0801c529   Thumb Code   258  fmul.o(x$fpl$fmul)
    __fpl_fnaninf                            0x0801c62b   Thumb Code   140  fnaninf.o(x$fpl$fnaninf)
    __fpl_fretinf                            0x0801c6b7   Thumb Code    10  fretinf.o(x$fpl$fretinf)
    __aeabi_cfrcmple                         0x0801c6c1   Thumb Code     0  frleqf.o(x$fpl$frleqf)
    _frcmple                                 0x0801c6c1   Thumb Code    98  frleqf.o(x$fpl$frleqf)
    __aeabi_frsub                            0x0801c723   Thumb Code     0  faddsub_clz.o(x$fpl$frsb)
    _frsb                                    0x0801c723   Thumb Code    20  faddsub_clz.o(x$fpl$frsb)
    __aeabi_fsub                             0x0801c739   Thumb Code     0  faddsub_clz.o(x$fpl$fsub)
    _fsub                                    0x0801c739   Thumb Code   234  faddsub_clz.o(x$fpl$fsub)
    __ieee_status                            0x0801c823   Thumb Code     6  istatus.o(x$fpl$ieeestatus)
    _printf_fp_dec                           0x0801c829   Thumb Code     4  printf1.o(x$fpl$printf1)
    _printf_fp_hex                           0x0801c82d   Thumb Code     4  printf2.o(x$fpl$printf2)
    __fpl_return_NaN                         0x0801c831   Thumb Code   100  retnan.o(x$fpl$retnan)
    __ARM_scalbn                             0x0801c895   Thumb Code    92  scalbn.o(x$fpl$scalbn)
    _scanf_real                              0x0801c8f1   Thumb Code     4  scanf1.o(x$fpl$scanf1)
    _scanf_hex_real                          0x0801c8f5   Thumb Code     4  scanf2.o(x$fpl$scanf2)
    _scanf_infnan                            0x0801c8f9   Thumb Code     4  scanf2.o(x$fpl$scanf2)
    __fpl_cmpreturn                          0x0801c8fd   Thumb Code    48  trapv.o(x$fpl$trapveneer)
    __I$use$fp                               0x0801c92c   Number         0  usenofp.o(x$fpl$usenofp)
    table_week                               0x0801c92c   Data          12  rtc.o(.constdata)
    mon_table                                0x0801c938   Data          12  rtc.o(.constdata)
    ASCII8x16                                0x0801c944   Data        1536  gui.o(.constdata)
    tfont16                                  0x0801cf44   Data         480  gui.o(.constdata)
    tfont24                                  0x0801d124   Data         360  gui.o(.constdata)
    g_utf8_skip                              0x0801dad8   Data           4  utf8.o(.constdata)
    font_default                             0x0801ebba   Data       12590  assets-mini.o(.constdata)
    image_bricks                             0x08021ce8   Data        7260  assets-mini.o(.constdata)
    image_checked                            0x08023944   Data        2364  assets-mini.o(.constdata)
    image_dialog_title                       0x08024280   Data        7260  assets-mini.o(.constdata)
    image_earth                              0x08025edc   Data        2364  assets-mini.o(.constdata)
    image_green_btn_n                        0x08026818   Data        3660  assets-mini.o(.constdata)
    image_green_btn_o                        0x08027664   Data        3660  assets-mini.o(.constdata)
    image_green_btn_p                        0x080284b0   Data        3660  assets-mini.o(.constdata)
    image_info                               0x080292fc   Data        2364  assets-mini.o(.constdata)
    image_left_off                           0x08029c38   Data        2364  assets-mini.o(.constdata)
    image_left_on                            0x0802a574   Data        2364  assets-mini.o(.constdata)
    image_middle_off                         0x0802aeb0   Data        2364  assets-mini.o(.constdata)
    image_middle_on                          0x0802b7ec   Data        2364  assets-mini.o(.constdata)
    image_muted                              0x0802c128   Data        2364  assets-mini.o(.constdata)
    image_question                           0x0802ca64   Data        2364  assets-mini.o(.constdata)
    image_radio_checked                      0x0802d3a0   Data        2364  assets-mini.o(.constdata)
    image_radio_unchecked                    0x0802dcdc   Data        2364  assets-mini.o(.constdata)
    image_red_btn_n                          0x0802e618   Data        3660  assets-mini.o(.constdata)
    image_red_btn_o                          0x0802f464   Data        3660  assets-mini.o(.constdata)
    image_red_btn_p                          0x080302b0   Data        3660  assets-mini.o(.constdata)
    image_right_off                          0x080310fc   Data        2364  assets-mini.o(.constdata)
    image_right_on                           0x08031a38   Data        2364  assets-mini.o(.constdata)
    image_slider_bg                          0x08032374   Data        1020  assets-mini.o(.constdata)
    image_slider_drag                        0x08032770   Data        3196  assets-mini.o(.constdata)
    image_slider_drag_o                      0x080333ec   Data        3196  assets-mini.o(.constdata)
    image_slider_drag_p                      0x08034068   Data        3196  assets-mini.o(.constdata)
    image_slider_fg                          0x08034ce4   Data        1020  assets-mini.o(.constdata)
    image_slider_v_bg                        0x080350e0   Data        1020  assets-mini.o(.constdata)
    image_slider_v_fg                        0x080354dc   Data        1020  assets-mini.o(.constdata)
    image_unchecked                          0x080358d8   Data        2364  assets-mini.o(.constdata)
    image_unmuted                            0x08036214   Data        2364  assets-mini.o(.constdata)
    image_warn                               0x08036b50   Data        2364  assets-mini.o(.constdata)
    style_default                            0x0803748c   Data       16613  assets-mini.o(.constdata)
    Region$$Table$$Base                      0x0803c610   Number         0  anon$$obj.o(Region$$Table)
    Region$$Table$$Limit                     0x0803c630   Number         0  anon$$obj.o(Region$$Table)
    __aeabi_HUGE_VAL                         0x0803c630   Data           0  fpconst.o(c$$dinf)
    __aeabi_HUGE_VALL                        0x0803c630   Data           0  fpconst.o(c$$dinf)
    __aeabi_INFINITY                         0x0803c630   Data           0  fpconst.o(c$$dinf)
    __dInf                                   0x0803c630   Data           0  fpconst.o(c$$dinf)
    __huge_val                               0x0803c630   Data           0  fpconst.o(c$$dinf)
    __dbl_max                                0x0803c638   Data           0  fpconst.o(c$$dmax)
    __ctype                                  0x0803c64d   Data           0  lc_ctype_c.o(locale$$data)
    SystemCoreClock                          0x20000000   Data           4  system_stm32f10x.o(.data)
    AHBPrescTable                            0x20000004   Data          16  system_stm32f10x.o(.data)
    __stdout                                 0x20000014   Data           4  usart.o(.data)
    USART_RX_STA                             0x20000018   Data           2  usart.o(.data)
    TIM5CH1_CAPTURE_STA                      0x20000030   Data           1  tim.o(.data)
    TIM5CH1_CAPTURE_VAL                      0x20000032   Data           2  tim.o(.data)
    rtc_data                                 0x20000034   Data           7  rtc.o(.data)
    rtc_bit                                  0x2000003b   Data           1  rtc.o(.data)
    TouchData                                0x2000003e   Data           8  touch.o(.data)
    s_edit_properties                        0x200000dc   Data          56  edit.o(.data)
    s_combo_box_properties                   0x20000590   Data          60  combo_box.o(.data)
    USART_RX_BUF                             0x20000608   Data         200  usart.o(.bss)
    calendar                                 0x200006d0   Data          10  rtc.o(.bss)
    __libspace_start                         0x200037cc   Data          96  libspace.o(.bss)
    __temporary_stack_top$libspace           0x2000382c   Data           0  libspace.o(.bss)



==============================================================================

Memory Map of the image

  Image Entry point : 0x08000131

  Load Region LR_IROM1 (Base: 0x08000000, Size: 0x0003cd74, Max: 0x00080000, ABSOLUTE, COMPRESSED[0x0003cb44])

    Execution Region ER_IROM1 (Exec base: 0x08000000, Load base: 0x08000000, Size: 0x0003c76c, Max: 0x00080000, ABSOLUTE)

    Exec Addr    Load Addr    Size         Type   Attr      Idx    E Section Name        Object

    0x08000000   0x08000000   0x00000130   Data   RO          252    RESET               startup_stm32f10x_hd.o
    0x08000130   0x08000130   0x00000008   Code   RO         2902  * !!!main             c_w.l(__main.o)
    0x08000138   0x08000138   0x00000034   Code   RO         3439    !!!scatter          c_w.l(__scatter.o)
    0x0800016c   0x0800016c   0x00000064   Code   RO         3437    !!dclz77c           c_w.l(__dclz77c.o)
    0x080001d0   0x080001d0   0x0000001c   Code   RO         3441    !!handler_zi        c_w.l(__scatter_zi.o)
    0x080001ec   0x080001ec   0x00000000   Code   RO         2859    .ARM.Collect$$_printf_percent$$00000000  c_w.l(_printf_percent.o)
    0x080001ec   0x080001ec   0x00000006   Code   RO         3074    .ARM.Collect$$_printf_percent$$00000001  c_w.l(_printf_n.o)
    0x080001f2   0x080001f2   0x00000006   Code   RO         3076    .ARM.Collect$$_printf_percent$$00000002  c_w.l(_printf_p.o)
    0x080001f8   0x080001f8   0x00000006   Code   RO         3080    .ARM.Collect$$_printf_percent$$00000003  c_w.l(_printf_f.o)
    0x080001fe   0x080001fe   0x00000006   Code   RO         3081    .ARM.Collect$$_printf_percent$$00000004  c_w.l(_printf_e.o)
    0x08000204   0x08000204   0x00000006   Code   RO         3082    .ARM.Collect$$_printf_percent$$00000005  c_w.l(_printf_g.o)
    0x0800020a   0x0800020a   0x00000006   Code   RO         3083    .ARM.Collect$$_printf_percent$$00000006  c_w.l(_printf_a.o)
    0x08000210   0x08000210   0x0000000a   Code   RO         3088    .ARM.Collect$$_printf_percent$$00000007  c_w.l(_printf_ll.o)
    0x0800021a   0x0800021a   0x00000006   Code   RO         3078    .ARM.Collect$$_printf_percent$$00000008  c_w.l(_printf_i.o)
    0x08000220   0x08000220   0x00000006   Code   RO         2858    .ARM.Collect$$_printf_percent$$00000009  c_w.l(_printf_d.o)
    0x08000226   0x08000226   0x00000006   Code   RO         3079    .ARM.Collect$$_printf_percent$$0000000A  c_w.l(_printf_u.o)
    0x0800022c   0x0800022c   0x00000006   Code   RO         3077    .ARM.Collect$$_printf_percent$$0000000B  c_w.l(_printf_o.o)
    0x08000232   0x08000232   0x00000006   Code   RO         3075    .ARM.Collect$$_printf_percent$$0000000C  c_w.l(_printf_x.o)
    0x08000238   0x08000238   0x00000006   Code   RO         3085    .ARM.Collect$$_printf_percent$$0000000D  c_w.l(_printf_lli.o)
    0x0800023e   0x0800023e   0x00000006   Code   RO         3086    .ARM.Collect$$_printf_percent$$0000000E  c_w.l(_printf_lld.o)
    0x08000244   0x08000244   0x00000006   Code   RO         3087    .ARM.Collect$$_printf_percent$$0000000F  c_w.l(_printf_llu.o)
    0x0800024a   0x0800024a   0x00000006   Code   RO         3092    .ARM.Collect$$_printf_percent$$00000010  c_w.l(_printf_llo.o)
    0x08000250   0x08000250   0x00000006   Code   RO         3093    .ARM.Collect$$_printf_percent$$00000011  c_w.l(_printf_llx.o)
    0x08000256   0x08000256   0x0000000a   Code   RO         3089    .ARM.Collect$$_printf_percent$$00000012  c_w.l(_printf_l.o)
    0x08000260   0x08000260   0x00000006   Code   RO         3072    .ARM.Collect$$_printf_percent$$00000013  c_w.l(_printf_c.o)
    0x08000266   0x08000266   0x00000006   Code   RO         3073    .ARM.Collect$$_printf_percent$$00000014  c_w.l(_printf_s.o)
    0x0800026c   0x0800026c   0x00000006   Code   RO         3090    .ARM.Collect$$_printf_percent$$00000015  c_w.l(_printf_lc.o)
    0x08000272   0x08000272   0x00000006   Code   RO         3091    .ARM.Collect$$_printf_percent$$00000016  c_w.l(_printf_ls.o)
    0x08000278   0x08000278   0x00000004   Code   RO         3084    .ARM.Collect$$_printf_percent$$00000017  c_w.l(_printf_percent_end.o)
    0x0800027c   0x0800027c   0x00000002   Code   RO         3317    .ARM.Collect$$libinit$$00000000  c_w.l(libinit.o)
    0x0800027e   0x0800027e   0x00000000   Code   RO         3230    .ARM.Collect$$libinit$$00000002  c_w.l(libinit2.o)
    0x0800027e   0x0800027e   0x00000000   Code   RO         3232    .ARM.Collect$$libinit$$00000004  c_w.l(libinit2.o)
    0x0800027e   0x0800027e   0x00000000   Code   RO         3235    .ARM.Collect$$libinit$$0000000A  c_w.l(libinit2.o)
    0x0800027e   0x0800027e   0x00000000   Code   RO         3237    .ARM.Collect$$libinit$$0000000C  c_w.l(libinit2.o)
    0x0800027e   0x0800027e   0x00000000   Code   RO         3239    .ARM.Collect$$libinit$$0000000E  c_w.l(libinit2.o)
    0x0800027e   0x0800027e   0x00000006   Code   RO         3240    .ARM.Collect$$libinit$$0000000F  c_w.l(libinit2.o)
    0x08000284   0x08000284   0x00000000   Code   RO         3242    .ARM.Collect$$libinit$$00000011  c_w.l(libinit2.o)
    0x08000284   0x08000284   0x0000000c   Code   RO         3243    .ARM.Collect$$libinit$$00000012  c_w.l(libinit2.o)
    0x08000290   0x08000290   0x00000000   Code   RO         3244    .ARM.Collect$$libinit$$00000013  c_w.l(libinit2.o)
    0x08000290   0x08000290   0x00000000   Code   RO         3246    .ARM.Collect$$libinit$$00000015  c_w.l(libinit2.o)
    0x08000290   0x08000290   0x0000000a   Code   RO         3247    .ARM.Collect$$libinit$$00000016  c_w.l(libinit2.o)
    0x0800029a   0x0800029a   0x00000000   Code   RO         3248    .ARM.Collect$$libinit$$00000017  c_w.l(libinit2.o)
    0x0800029a   0x0800029a   0x00000000   Code   RO         3250    .ARM.Collect$$libinit$$00000019  c_w.l(libinit2.o)
    0x0800029a   0x0800029a   0x00000000   Code   RO         3252    .ARM.Collect$$libinit$$0000001B  c_w.l(libinit2.o)
    0x0800029a   0x0800029a   0x00000000   Code   RO         3254    .ARM.Collect$$libinit$$0000001D  c_w.l(libinit2.o)
    0x0800029a   0x0800029a   0x00000000   Code   RO         3256    .ARM.Collect$$libinit$$0000001F  c_w.l(libinit2.o)
    0x0800029a   0x0800029a   0x00000000   Code   RO         3258    .ARM.Collect$$libinit$$00000021  c_w.l(libinit2.o)
    0x0800029a   0x0800029a   0x00000000   Code   RO         3260    .ARM.Collect$$libinit$$00000023  c_w.l(libinit2.o)
    0x0800029a   0x0800029a   0x00000000   Code   RO         3262    .ARM.Collect$$libinit$$00000025  c_w.l(libinit2.o)
    0x0800029a   0x0800029a   0x00000000   Code   RO         3266    .ARM.Collect$$libinit$$0000002C  c_w.l(libinit2.o)
    0x0800029a   0x0800029a   0x00000000   Code   RO         3268    .ARM.Collect$$libinit$$0000002E  c_w.l(libinit2.o)
    0x0800029a   0x0800029a   0x00000000   Code   RO         3270    .ARM.Collect$$libinit$$00000030  c_w.l(libinit2.o)
    0x0800029a   0x0800029a   0x00000000   Code   RO         3272    .ARM.Collect$$libinit$$00000032  c_w.l(libinit2.o)
    0x0800029a   0x0800029a   0x00000002   Code   RO         3273    .ARM.Collect$$libinit$$00000033  c_w.l(libinit2.o)
    0x0800029c   0x0800029c   0x00000002   Code   RO         3394    .ARM.Collect$$libshutdown$$00000000  c_w.l(libshutdown.o)
    0x0800029e   0x0800029e   0x00000000   Code   RO         3400    .ARM.Collect$$libshutdown$$00000002  c_w.l(libshutdown2.o)
    0x0800029e   0x0800029e   0x00000000   Code   RO         3402    .ARM.Collect$$libshutdown$$00000004  c_w.l(libshutdown2.o)
    0x0800029e   0x0800029e   0x00000000   Code   RO         3405    .ARM.Collect$$libshutdown$$00000007  c_w.l(libshutdown2.o)
    0x0800029e   0x0800029e   0x00000000   Code   RO         3408    .ARM.Collect$$libshutdown$$0000000A  c_w.l(libshutdown2.o)
    0x0800029e   0x0800029e   0x00000000   Code   RO         3410    .ARM.Collect$$libshutdown$$0000000C  c_w.l(libshutdown2.o)
    0x0800029e   0x0800029e   0x00000000   Code   RO         3413    .ARM.Collect$$libshutdown$$0000000F  c_w.l(libshutdown2.o)
    0x0800029e   0x0800029e   0x00000002   Code   RO         3414    .ARM.Collect$$libshutdown$$00000010  c_w.l(libshutdown2.o)
    0x080002a0   0x080002a0   0x00000000   Code   RO         3014    .ARM.Collect$$rtentry$$00000000  c_w.l(__rtentry.o)
    0x080002a0   0x080002a0   0x00000000   Code   RO         3179    .ARM.Collect$$rtentry$$00000002  c_w.l(__rtentry2.o)
    0x080002a0   0x080002a0   0x00000006   Code   RO         3191    .ARM.Collect$$rtentry$$00000004  c_w.l(__rtentry4.o)
    0x080002a6   0x080002a6   0x00000000   Code   RO         3181    .ARM.Collect$$rtentry$$00000009  c_w.l(__rtentry2.o)
    0x080002a6   0x080002a6   0x00000004   Code   RO         3182    .ARM.Collect$$rtentry$$0000000A  c_w.l(__rtentry2.o)
    0x080002aa   0x080002aa   0x00000000   Code   RO         3184    .ARM.Collect$$rtentry$$0000000C  c_w.l(__rtentry2.o)
    0x080002aa   0x080002aa   0x00000008   Code   RO         3185    .ARM.Collect$$rtentry$$0000000D  c_w.l(__rtentry2.o)
    0x080002b2   0x080002b2   0x00000002   Code   RO         3340    .ARM.Collect$$rtexit$$00000000  c_w.l(rtexit.o)
    0x080002b4   0x080002b4   0x00000000   Code   RO         3359    .ARM.Collect$$rtexit$$00000002  c_w.l(rtexit2.o)
    0x080002b4   0x080002b4   0x00000004   Code   RO         3360    .ARM.Collect$$rtexit$$00000003  c_w.l(rtexit2.o)
    0x080002b8   0x080002b8   0x00000006   Code   RO         3361    .ARM.Collect$$rtexit$$00000004  c_w.l(rtexit2.o)
    0x080002be   0x080002be   0x00000018   Code   RO            1    .text               stm32f10x_it.o
    0x080002d6   0x080002d6   0x00000002   PAD
    0x080002d8   0x080002d8   0x000001e0   Code   RO          104    .text               system_stm32f10x.o
    0x080004b8   0x080004b8   0x00000044   Code   RO          122    .text               main.o
    0x080004fc   0x080004fc   0x00000128   Code   RO          216    .text               usart.o
    0x08000624   0x08000624   0x00000040   Code   RO          253    .text               startup_stm32f10x_hd.o
    0x08000664   0x08000664   0x000000dc   Code   RO          257    .text               misc.o
    0x08000740   0x08000740   0x0000035c   Code   RO          269    .text               stm32f10x_gpio.o
    0x08000a9c   0x08000a9c   0x000003a4   Code   RO          281    .text               stm32f10x_rcc.o
    0x08000e40   0x08000e40   0x00000408   Code   RO          295    .text               stm32f10x_usart.o
    0x08001248   0x08001248   0x00000e1a   Code   RO          343    .text               stm32f10x_tim.o
    0x08002062   0x08002062   0x00000002   PAD
    0x08002064   0x08002064   0x0000060c   Code   RO          355    .text               stm32f10x_fsmc.o
    0x08002670   0x08002670   0x000000c4   Code   RO          367    .text               stm32f10x_bkp.o
    0x08002734   0x08002734   0x00000148   Code   RO          379    .text               stm32f10x_rtc.o
    0x0800287c   0x0800287c   0x000000cc   Code   RO          391    .text               stm32f10x_pwr.o
    0x08002948   0x08002948   0x0000030c   Code   RO          415    .text               stm32f10x_spi.o
    0x08002c54   0x08002c54   0x000000a4   Code   RO          451    .text               led.o
    0x08002cf8   0x08002cf8   0x000002b8   Code   RO          464    .text               lcd_driver.o
    0x08002fb0   0x08002fb0   0x00000100   Code   RO          479    .text               button.o
    0x080030b0   0x080030b0   0x0000023c   Code   RO          492    .text               tim.o
    0x080032ec   0x080032ec   0x00000460   Code   RO          511    .text               rtc.o
    0x0800374c   0x0800374c   0x00000440   Code   RO          535    .text               touch.o
    0x08003b8c   0x08003b8c   0x000001dc   Code   RO          557    .text               spi.o
    0x08003d68   0x08003d68   0x00000430   Code   RO          569    .text               gui.o
    0x08004198   0x08004198   0x0000039c   Code   RO          590    .text               flash.o
    0x08004534   0x08004534   0x00000290   Code   RO          604    .text               array.o
    0x080047c4   0x080047c4   0x00000320   Code   RO          651    .text               bitmap.o
    0x08004ae4   0x08004ae4   0x000002f4   Code   RO          676    .text               buffer.o
    0x08004dd8   0x08004dd8   0x00000294   Code   RO          691    .text               button_1.o
    0x0800506c   0x0800506c   0x00002904   Code   RO          773    .text               canvas.o
    0x08007970   0x08007970   0x00000288   Code   RO          809    .text               check_button.o
    0x08007bf8   0x08007bf8   0x00000054   Code   RO          849    .text               color.o
    0x08007c4c   0x08007c4c   0x000003dc   Code   RO          861    .text               dialog.o
    0x08008028   0x08008028   0x000002c0   Code   RO          913    .text               emitter.o
    0x080082e8   0x080082e8   0x00000124   Code   RO          932    .text               enums.o
    0x0800840c   0x0800840c   0x00000098   Code   RO          962    .text               font.o
    0x080084a4   0x080084a4   0x00000104   Code   RO          974    .text               font_manager.o
    0x080085a8   0x080085a8   0x00000070   Code   RO          989    .text               group_box.o
    0x08008618   0x08008618   0x000006a8   Code   RO         1007    .text               image.o
    0x08008cc0   0x08008cc0   0x000002e4   Code   RO         1026    .text               image_manager.o
    0x08008fa4   0x08008fa4   0x0000005c   Code   RO         1041    .text               label.o
    0x08009000   0x08009000   0x000003fa   Code   RO         1056    .text               lcd.o
    0x080093fa   0x080093fa   0x00000002   PAD
    0x080093fc   0x080093fc   0x0000012c   Code   RO         1068    .text               main_loop.o
    0x08009528   0x08009528   0x000002f4   Code   RO         1085    .text               mem.o
    0x0800981c   0x0800981c   0x000004d8   Code   RO         1099    .text               progress_bar.o
    0x08009cf4   0x08009cf4   0x00000240   Code   RO         1118    .text               rect.o
    0x08009f34   0x08009f34   0x000001e0   Code   RO         1130    .text               theme.o
    0x0800a114   0x0800a114   0x00000304   Code   RO         1144    .text               utf8.o
    0x0800a418   0x0800a418   0x00000628   Code   RO         1159    .text               value.o
    0x0800aa40   0x0800aa40   0x00001f80   Code   RO         1175    .text               widget.o
    0x0800c9c0   0x0800c9c0   0x000002c0   Code   RO         1191    .text               widget_vtable.o
    0x0800cc80   0x0800cc80   0x000001c0   Code   RO         1205    .text               window.o
    0x0800ce40   0x0800ce40   0x00000cc4   Code   RO         1223    .text               window_manager.o
    0x0800db04   0x0800db04   0x00000690   Code   RO         1251    .text               wstr.o
    0x0800e194   0x0800e194   0x00000158   Code   RO         1264    .text               font_bitmap.o
    0x0800e2ec   0x0800e2ec   0x00000708   Code   RO         1280    .text               utils.o
    0x0800e9f4   0x0800e9f4   0x000000d2   Code   RO         1308    .text               events.o
    0x0800eac6   0x0800eac6   0x00000002   PAD
    0x0800eac8   0x0800eac8   0x000003d4   Code   RO         1320    .text               timer.o
    0x0800ee9c   0x0800ee9c   0x00000970   Code   RO         1335    .text               layout.o
    0x0800f80c   0x0800f80c   0x00000150   Code   RO         1351    .text               event_queue.o
    0x0800f95c   0x0800f95c   0x0000088c   Code   RO         1367    .text               slider.o
    0x080101e8   0x080101e8   0x00000138   Code   RO         1386    .text               window_animator.o
    0x08010320   0x08010320   0x00000010   Code   RO         1398    .text               window_animator_null.o
    0x08010330   0x08010330   0x00000310   Code   RO         1410    .text               idle.o
    0x08010640   0x08010640   0x00000018   Code   RO         1425    .text               time.o
    0x08010658   0x08010658   0x0000004c   Code   RO         1437    .text               system_info.o
    0x080106a4   0x080106a4   0x0000002c   Code   RO         1451    .text               image_loader.o
    0x080106d0   0x080106d0   0x000007e8   Code   RO         1463    .text               str.o
    0x08010eb8   0x08010eb8   0x000002a8   Code   RO         1476    .text               main_loop_simple.o
    0x08011160   0x08011160   0x000001f0   Code   RO         1495    .text               pages.o
    0x08011350   0x08011350   0x00001410   Code   RO         1514    .text               edit.o
    0x08012760   0x08012760   0x0000005c   Code   RO         1531    .text               view.o
    0x080127bc   0x080127bc   0x000001c0   Code   RO         1564    .text               widget_factory.o
    0x0801297c   0x0801297c   0x00000186   Code   RO         1693    .text               tokenizer.o
    0x08012b02   0x08012b02   0x00000002   PAD
    0x08012b04   0x08012b04   0x0000022c   Code   RO         1705    .text               input_method.o
    0x08012d30   0x08012d30   0x0000007e   Code   RO         1732    .text               input_engine.o
    0x08012dae   0x08012dae   0x00000002   PAD
    0x08012db0   0x08012db0   0x00000150   Code   RO         1744    .text               spin_box.o
    0x08012f00   0x08012f00   0x00000388   Code   RO         1766    .text               dragger.o
    0x08013288   0x08013288   0x00000088   Code   RO         1785    .text               dialog_client.o
    0x08013310   0x08013310   0x00000080   Code   RO         1800    .text               dialog_title.o
    0x08013390   0x08013390   0x00000234   Code   RO         1815    .text               custom_props.o
    0x080135c4   0x080135c4   0x000002a8   Code   RO         1834    .text               awtk.o
    0x0801386c   0x0801386c   0x00000068   Code   RO         1849    .text               input_method_creator.o
    0x080138d4   0x080138d4   0x00000070   Code   RO         1865    .text               button_group.o
    0x08013944   0x08013944   0x0000028c   Code   RO         1883    .text               color_parser.o
    0x08013bd0   0x08013bd0   0x00000768   Code   RO         1901    .text               combo_box.o
    0x08014338   0x08014338   0x000002f8   Code   RO         1927    .text               combo_box_item.o
    0x08014630   0x08014630   0x00000380   Code   RO         1956    .text               fs.o
    0x080149b0   0x080149b0   0x00000308   Code   RO         2015    .text               popup.o
    0x08014cb8   0x08014cb8   0x00000438   Code   RO         2060    .text               tab_button.o
    0x080150f0   0x080150f0   0x000003d8   Code   RO         2079    .text               tab_button_group.o
    0x080154c8   0x080154c8   0x00000070   Code   RO         2097    .text               tab_control.o
    0x08015538   0x08015538   0x000000a2   Code   RO         2115    .text               ui_builder.o
    0x080155da   0x080155da   0x00000002   PAD
    0x080155dc   0x080155dc   0x00000816   Code   RO         2130    .text               vgcanvas.o
    0x08015df2   0x08015df2   0x00000002   PAD
    0x08015df4   0x08015df4   0x00000168   Code   RO         2277    .text               ui_builder_default.o
    0x08015f5c   0x08015f5c   0x00000030   Code   RO         2297    .text               ui_loader.o
    0x08015f8c   0x08015f8c   0x00000114   Code   RO         2309    .text               ui_loader_default.o
    0x080160a0   0x080160a0   0x0000009c   Code   RO         2377    .text               window_open.o
    0x0801613c   0x0801613c   0x00000234   Code   RO         2417    .text               color_tile.o
    0x08016370   0x08016370   0x00000234   Code   RO         2439    .text               assets_manager.o
    0x080165a4   0x080165a4   0x0000024c   Code   RO         2454    .text               locale_info.o
    0x080167f0   0x080167f0   0x00000344   Code   RO         2478    .text               path.o
    0x08016b34   0x08016b34   0x0000005c   Code   RO         2490    .text               app_bar.o
    0x08016b90   0x08016b90   0x0000005c   Code   RO         2508    .text               column.o
    0x08016bec   0x08016bec   0x0000005c   Code   RO         2526    .text               grid.o
    0x08016c48   0x08016c48   0x0000005c   Code   RO         2544    .text               row.o
    0x08016ca4   0x08016ca4   0x00000278   Code   RO         2562    .text               calibration_win.o
    0x08016f1c   0x08016f1c   0x000006a4   Code   RO         2580    .text               lcd_stm32_raw.o
    0x080175c0   0x080175c0   0x000000d8   Code   RO         2610    .text               main_loop_stm32_raw.o
    0x08017698   0x08017698   0x00000064   Code   RO         2680    .text               platform.o
    0x080176fc   0x080176fc   0x0000001c   Code   RO         2694    .text               mutex_null.o
    0x08017718   0x08017718   0x0000004c   Code   RO         2711    .text               sys_tick.o
    0x08017764   0x08017764   0x00000004   Code   RO         2725    .text               fs_os.o
    0x08017768   0x08017768   0x00000026   Code   RO         2737    .text               demo_main.o
    0x0801778e   0x0801778e   0x00000002   PAD
    0x08017790   0x08017790   0x00000588   Code   RO         2752    .text               demo1_app.o
    0x08017d18   0x08017d18   0x0000019c   Code   RO         2770    .text               assets-mini.o
    0x08017eb4   0x08017eb4   0x00000002   Code   RO         2820    .text               c_w.l(use_no_semi_2.o)
    0x08017eb6   0x08017eb6   0x00000002   PAD
    0x08017eb8   0x08017eb8   0x00000010   Code   RO         2822    .text               c_w.l(rt_ctype_table.o)
    0x08017ec8   0x08017ec8   0x0000001a   Code   RO         2824    .text               c_w.l(tolower.o)
    0x08017ee2   0x08017ee2   0x0000001e   Code   RO         2826    .text               c_w.l(toupper.o)
    0x08017f00   0x08017f00   0x00000034   Code   RO         2828    .text               c_w.l(vsnprintf.o)
    0x08017f34   0x08017f34   0x00000018   Code   RO         2830    .text               c_w.l(__2printf.o)
    0x08017f4c   0x08017f4c   0x00000078   Code   RO         2836    .text               c_w.l(_printf_dec.o)
    0x08017fc4   0x08017fc4   0x00000188   Code   RO         2855    .text               c_w.l(__printf_flags_ss_wp.o)
    0x0801814c   0x0801814c   0x00000034   Code   RO         2860    .text               c_w.l(vsscanf.o)
    0x08018180   0x08018180   0x00000050   Code   RO         2862    .text               c_w.l(bsearchnoex.o)
    0x080181d0   0x080181d0   0x00000014   Code   RO         2864    .text               c_w.l(strchr.o)
    0x080181e4   0x080181e4   0x00000024   Code   RO         2866    .text               c_w.l(strstr.o)
    0x08018208   0x08018208   0x00000058   Code   RO         2868    .text               c_w.l(memcmp.o)
    0x08018260   0x08018260   0x00000048   Code   RO         2870    .text               c_w.l(strcpy.o)
    0x080182a8   0x080182a8   0x00000016   Code   RO         2872    .text               c_w.l(strrchr.o)
    0x080182be   0x080182be   0x0000003e   Code   RO         2874    .text               c_w.l(strlen.o)
    0x080182fc   0x080182fc   0x00000012   Code   RO         2876    .text               c_w.l(wcscpy.o)
    0x0801830e   0x0801830e   0x00000018   Code   RO         2878    .text               c_w.l(wcscmp.o)
    0x08018326   0x08018326   0x00000016   Code   RO         2880    .text               c_w.l(wcschr.o)
    0x0801833c   0x0801833c   0x00000012   Code   RO         2882    .text               c_w.l(wcslen.o)
    0x0801834e   0x0801834e   0x00000096   Code   RO         2884    .text               c_w.l(strncmp.o)
    0x080183e4   0x080183e4   0x0000008a   Code   RO         2886    .text               c_w.l(rt_memcpy_v6.o)
    0x0801846e   0x0801846e   0x00000084   Code   RO         2888    .text               c_w.l(rt_memmove_v6.o)
    0x080184f2   0x080184f2   0x00000064   Code   RO         2890    .text               c_w.l(rt_memcpy_w.o)
    0x08018556   0x08018556   0x00000044   Code   RO         2892    .text               c_w.l(rt_memclr.o)
    0x0801859a   0x0801859a   0x0000004e   Code   RO         2894    .text               c_w.l(rt_memclr_w.o)
    0x080185e8   0x080185e8   0x00000056   Code   RO         2896    .text               c_w.l(strncpy.o)
    0x0801863e   0x0801863e   0x00000002   PAD
    0x08018640   0x08018640   0x00000080   Code   RO         2898    .text               c_w.l(strcmpv7m.o)
    0x080186c0   0x080186c0   0x00000006   Code   RO         2900    .text               c_w.l(heapauxi.o)
    0x080186c6   0x080186c6   0x00000002   Code   RO         3012    .text               c_w.l(use_no_semi.o)
    0x080186c8   0x080186c8   0x00000008   Code   RO         3018    .text               c_w.l(rt_locale_intlibspace.o)
    0x080186d0   0x080186d0   0x00000016   Code   RO         3020    .text               c_w.l(_rserrno.o)
    0x080186e6   0x080186e6   0x0000004e   Code   RO         3022    .text               c_w.l(_printf_pad.o)
    0x08018734   0x08018734   0x00000024   Code   RO         3024    .text               c_w.l(_printf_truncate.o)
    0x08018758   0x08018758   0x00000052   Code   RO         3026    .text               c_w.l(_printf_str.o)
    0x080187aa   0x080187aa   0x000000b2   Code   RO         3028    .text               c_w.l(_printf_intcommon.o)
    0x0801885c   0x0801885c   0x00000028   Code   RO         3030    .text               c_w.l(_printf_charcount.o)
    0x08018884   0x08018884   0x00000030   Code   RO         3032    .text               c_w.l(_printf_char_common.o)
    0x080188b4   0x080188b4   0x0000000a   Code   RO         3034    .text               c_w.l(_sputc.o)
    0x080188be   0x080188be   0x00000010   Code   RO         3036    .text               c_w.l(_snputc.o)
    0x080188ce   0x080188ce   0x00000002   PAD
    0x080188d0   0x080188d0   0x00000024   Code   RO         3038    .text               c_w.l(_printf_char_file.o)
    0x080188f4   0x080188f4   0x000000bc   Code   RO         3040    .text               c_w.l(_printf_wctomb.o)
    0x080189b0   0x080189b0   0x0000007c   Code   RO         3043    .text               c_w.l(_printf_longlong_dec.o)
    0x08018a2c   0x08018a2c   0x00000070   Code   RO         3049    .text               c_w.l(_printf_oct_int_ll.o)
    0x08018a9c   0x08018a9c   0x00000094   Code   RO         3069    .text               c_w.l(_printf_hex_int_ll_ptr.o)
    0x08018b30   0x08018b30   0x00000156   Code   RO         3094    .text               c_w.l(_scanf_longlong.o)
    0x08018c86   0x08018c86   0x0000014c   Code   RO         3096    .text               c_w.l(_scanf_int.o)
    0x08018dd2   0x08018dd2   0x000000e0   Code   RO         3098    .text               c_w.l(_scanf_str.o)
    0x08018eb2   0x08018eb2   0x00000002   PAD
    0x08018eb4   0x08018eb4   0x0000002c   Code   RO         3100    .text               c_w.l(scanf_char.o)
    0x08018ee0   0x08018ee0   0x00000040   Code   RO         3102    .text               c_w.l(_sgetc.o)
    0x08018f20   0x08018f20   0x00000114   Code   RO         3104    .text               c_w.l(_scanf_mbtowc.o)
    0x08019034   0x08019034   0x000000e8   Code   RO         3106    .text               c_w.l(_scanf_wctomb.o)
    0x0801911c   0x0801911c   0x000000d0   Code   RO         3108    .text               c_w.l(_scanf_wstr.o)
    0x080191ec   0x080191ec   0x0000007a   Code   RO         3113    .text               c_w.l(rt_memmove_w.o)
    0x08019266   0x08019266   0x00000002   PAD
    0x08019268   0x08019268   0x00000008   Code   RO         3175    .text               c_w.l(libspace.o)
    0x08019270   0x08019270   0x00000008   Code   RO         3196    .text               c_w.l(rt_errno_addr_intlibspace.o)
    0x08019278   0x08019278   0x0000008a   Code   RO         3198    .text               c_w.l(lludiv10.o)
    0x08019302   0x08019302   0x00000012   Code   RO         3200    .text               c_w.l(isspace.o)
    0x08019314   0x08019314   0x0000041e   Code   RO         3202    .text               c_w.l(_printf_fp_dec.o)
    0x08019732   0x08019732   0x00000002   PAD
    0x08019734   0x08019734   0x000002fc   Code   RO         3204    .text               c_w.l(_printf_fp_hex.o)
    0x08019a30   0x08019a30   0x0000002c   Code   RO         3209    .text               c_w.l(_printf_char.o)
    0x08019a5c   0x08019a5c   0x0000002c   Code   RO         3211    .text               c_w.l(_printf_wchar.o)
    0x08019a88   0x08019a88   0x0000001c   Code   RO         3213    .text               c_w.l(_chval.o)
    0x08019aa4   0x08019aa4   0x00000374   Code   RO         3215    .text               c_w.l(_scanf.o)
    0x08019e18   0x08019e18   0x000004f8   Code   RO         3217    .text               c_w.l(scanf_fp.o)
    0x0801a310   0x0801a310   0x0000001e   Code   RO         3219    .text               c_w.l(_scanf_wcharmap.o)
    0x0801a32e   0x0801a32e   0x00000008   Code   RO         3221    .text               c_w.l(ferror.o)
    0x0801a336   0x0801a336   0x0000003c   Code   RO         3225    .text               c_w.l(_mbrtowc.o)
    0x0801a372   0x0801a372   0x00000040   Code   RO         3227    .text               c_w.l(_wcrtomb.o)
    0x0801a3b2   0x0801a3b2   0x0000004a   Code   RO         3276    .text               c_w.l(sys_stackheap_outer.o)
    0x0801a3fc   0x0801a3fc   0x00000080   Code   RO         3278    .text               c_w.l(_printf_fp_infnan.o)
    0x0801a47c   0x0801a47c   0x000000e4   Code   RO         3280    .text               c_w.l(bigflt0.o)
    0x0801a560   0x0801a560   0x00000012   Code   RO         3308    .text               c_w.l(exit.o)
    0x0801a572   0x0801a572   0x00000002   PAD
    0x0801a574   0x0801a574   0x00000320   Code   RO         3342    .text               c_w.l(scanf_hexfp.o)
    0x0801a894   0x0801a894   0x00000134   Code   RO         3344    .text               c_w.l(scanf_infnan.o)
    0x0801a9c8   0x0801a9c8   0x00000026   Code   RO         3367    .text               c_w.l(llshl.o)
    0x0801a9ee   0x0801a9ee   0x0000003e   Code   RO         3283    CL$$btod_d2e        c_w.l(btod.o)
    0x0801aa2c   0x0801aa2c   0x00000046   Code   RO         3285    CL$$btod_d2e_denorm_low  c_w.l(btod.o)
    0x0801aa72   0x0801aa72   0x00000060   Code   RO         3284    CL$$btod_d2e_norm_op1  c_w.l(btod.o)
    0x0801aad2   0x0801aad2   0x00000338   Code   RO         3293    CL$$btod_div_common  c_w.l(btod.o)
    0x0801ae0a   0x0801ae0a   0x00000002   PAD
    0x0801ae0c   0x0801ae0c   0x00000084   Code   RO         3291    CL$$btod_e2d        c_w.l(btod.o)
    0x0801ae90   0x0801ae90   0x000000dc   Code   RO         3290    CL$$btod_e2e        c_w.l(btod.o)
    0x0801af6c   0x0801af6c   0x0000002a   Code   RO         3287    CL$$btod_ediv       c_w.l(btod.o)
    0x0801af96   0x0801af96   0x0000002a   Code   RO         3289    CL$$btod_edivd      c_w.l(btod.o)
    0x0801afc0   0x0801afc0   0x0000002a   Code   RO         3286    CL$$btod_emul       c_w.l(btod.o)
    0x0801afea   0x0801afea   0x0000002a   Code   RO         3288    CL$$btod_emuld      c_w.l(btod.o)
    0x0801b014   0x0801b014   0x00000244   Code   RO         3292    CL$$btod_mult_common  c_w.l(btod.o)
    0x0801b258   0x0801b258   0x00000028   Code   RO         3159    i.__ARM_fpclassify  m_ws.l(fpclassify.o)
    0x0801b280   0x0801b280   0x0000000e   Code   RO         3149    i.__mathlib_dbl_overflow  m_ws.l(dunder.o)
    0x0801b28e   0x0801b28e   0x00000002   PAD
    0x0801b290   0x0801b290   0x00000010   Code   RO         3151    i.__mathlib_dbl_underflow  m_ws.l(dunder.o)
    0x0801b2a0   0x0801b2a0   0x00000010   Code   RO         3334    i.__mathlib_narrow  m_ws.l(narrow.o)
    0x0801b2b0   0x0801b2b0   0x000000bc   Code   RO         3335    i.__mathlib_tofloat  m_ws.l(narrow.o)
    0x0801b36c   0x0801b36c   0x00000016   Code   RO         3374    i.__support_ldexp   m_ws.l(ldexp.o)
    0x0801b382   0x0801b382   0x0000000e   Code   RO         2848    i._is_digit         c_w.l(__printf_wp.o)
    0x0801b390   0x0801b390   0x000000dc   Code   RO         2983    i.floor             m_ws.l(floor.o)
    0x0801b46c   0x0801b46c   0x00000058   Code   RO         3353    i.frexp             m_ws.l(frexp.o)
    0x0801b4c4   0x0801b4c4   0x00000074   Code   RO         3375    i.ldexp             m_ws.l(ldexp.o)
    0x0801b538   0x0801b538   0x0000002c   Code   RO         3111    locale$$code        c_w.l(lc_ctype_c.o)
    0x0801b564   0x0801b564   0x0000002c   Code   RO         3306    locale$$code        c_w.l(lc_numeric_c.o)
    0x0801b590   0x0801b590   0x00000062   Code   RO         2904    x$fpl$d2f           fz_ws.l(d2f.o)
    0x0801b5f2   0x0801b5f2   0x00000002   PAD
    0x0801b5f4   0x0801b5f4   0x00000150   Code   RO         2906    x$fpl$dadd          fz_ws.l(daddsub_clz.o)
    0x0801b744   0x0801b744   0x00000010   Code   RO         3274    x$fpl$dcheck1       fz_ws.l(dcheck1.o)
    0x0801b754   0x0801b754   0x00000018   Code   RO         3115    x$fpl$dcmpinf       fz_ws.l(dcmpi.o)
    0x0801b76c   0x0801b76c   0x000002b0   Code   RO         2913    x$fpl$ddiv          fz_ws.l(ddiv.o)
    0x0801ba1c   0x0801ba1c   0x00000078   Code   RO         2916    x$fpl$deqf          fz_ws.l(deqf.o)
    0x0801ba94   0x0801ba94   0x0000005e   Code   RO         2918    x$fpl$dfix          fz_ws.l(dfix.o)
    0x0801baf2   0x0801baf2   0x00000002   PAD
    0x0801baf4   0x0801baf4   0x0000005a   Code   RO         2922    x$fpl$dfixu         fz_ws.l(dfixu.o)
    0x0801bb4e   0x0801bb4e   0x0000002e   Code   RO         2927    x$fpl$dflt          fz_ws.l(dflt_clz.o)
    0x0801bb7c   0x0801bb7c   0x00000026   Code   RO         2926    x$fpl$dfltu         fz_ws.l(dflt_clz.o)
    0x0801bba2   0x0801bba2   0x00000002   PAD
    0x0801bba4   0x0801bba4   0x00000078   Code   RO         2932    x$fpl$dleqf         fz_ws.l(dleqf.o)
    0x0801bc1c   0x0801bc1c   0x00000154   Code   RO         2934    x$fpl$dmul          fz_ws.l(dmul.o)
    0x0801bd70   0x0801bd70   0x0000009c   Code   RO         3117    x$fpl$dnaninf       fz_ws.l(dnaninf.o)
    0x0801be0c   0x0801be0c   0x0000000c   Code   RO         3119    x$fpl$dretinf       fz_ws.l(dretinf.o)
    0x0801be18   0x0801be18   0x0000006c   Code   RO         2936    x$fpl$drleqf        fz_ws.l(drleqf.o)
    0x0801be84   0x0801be84   0x00000016   Code   RO         2907    x$fpl$drsb          fz_ws.l(daddsub_clz.o)
    0x0801be9a   0x0801be9a   0x00000002   PAD
    0x0801be9c   0x0801be9c   0x000001d4   Code   RO         2908    x$fpl$dsub          fz_ws.l(daddsub_clz.o)
    0x0801c070   0x0801c070   0x00000056   Code   RO         2938    x$fpl$f2d           fz_ws.l(f2d.o)
    0x0801c0c6   0x0801c0c6   0x00000002   PAD
    0x0801c0c8   0x0801c0c8   0x000000c4   Code   RO         2940    x$fpl$fadd          fz_ws.l(faddsub_clz.o)
    0x0801c18c   0x0801c18c   0x00000018   Code   RO         3123    x$fpl$fcmpinf       fz_ws.l(fcmpi.o)
    0x0801c1a4   0x0801c1a4   0x00000184   Code   RO         2947    x$fpl$fdiv          fz_ws.l(fdiv.o)
    0x0801c328   0x0801c328   0x00000068   Code   RO         2950    x$fpl$feqf          fz_ws.l(feqf.o)
    0x0801c390   0x0801c390   0x00000036   Code   RO         2952    x$fpl$ffix          fz_ws.l(ffix.o)
    0x0801c3c6   0x0801c3c6   0x00000002   PAD
    0x0801c3c8   0x0801c3c8   0x0000003e   Code   RO         2956    x$fpl$ffixu         fz_ws.l(ffixu.o)
    0x0801c406   0x0801c406   0x00000002   PAD
    0x0801c408   0x0801c408   0x00000030   Code   RO         2961    x$fpl$fflt          fz_ws.l(fflt_clz.o)
    0x0801c438   0x0801c438   0x00000060   Code   RO         2966    x$fpl$ffltll        fz_ws.l(ffltll_clz.o)
    0x0801c498   0x0801c498   0x00000026   Code   RO         2960    x$fpl$ffltu         fz_ws.l(fflt_clz.o)
    0x0801c4be   0x0801c4be   0x00000002   PAD
    0x0801c4c0   0x0801c4c0   0x00000068   Code   RO         2968    x$fpl$fleqf         fz_ws.l(fleqf.o)
    0x0801c528   0x0801c528   0x00000102   Code   RO         2970    x$fpl$fmul          fz_ws.l(fmul.o)
    0x0801c62a   0x0801c62a   0x0000008c   Code   RO         3125    x$fpl$fnaninf       fz_ws.l(fnaninf.o)
    0x0801c6b6   0x0801c6b6   0x0000000a   Code   RO         3127    x$fpl$fretinf       fz_ws.l(fretinf.o)
    0x0801c6c0   0x0801c6c0   0x00000062   Code   RO         2972    x$fpl$frleqf        fz_ws.l(frleqf.o)
    0x0801c722   0x0801c722   0x00000014   Code   RO         2941    x$fpl$frsb          fz_ws.l(faddsub_clz.o)
    0x0801c736   0x0801c736   0x00000002   PAD
    0x0801c738   0x0801c738   0x000000ea   Code   RO         2942    x$fpl$fsub          fz_ws.l(faddsub_clz.o)
    0x0801c822   0x0801c822   0x00000006   Code   RO         3324    x$fpl$ieeestatus    fz_ws.l(istatus.o)
    0x0801c828   0x0801c828   0x00000004   Code   RO         3129    x$fpl$printf1       fz_ws.l(printf1.o)
    0x0801c82c   0x0801c82c   0x00000004   Code   RO         3131    x$fpl$printf2       fz_ws.l(printf2.o)
    0x0801c830   0x0801c830   0x00000064   Code   RO         3326    x$fpl$retnan        fz_ws.l(retnan.o)
    0x0801c894   0x0801c894   0x0000005c   Code   RO         3137    x$fpl$scalbn        fz_ws.l(scalbn.o)
    0x0801c8f0   0x0801c8f0   0x00000004   Code   RO         3139    x$fpl$scanf1        fz_ws.l(scanf1.o)
    0x0801c8f4   0x0801c8f4   0x00000008   Code   RO         3328    x$fpl$scanf2        fz_ws.l(scanf2.o)
    0x0801c8fc   0x0801c8fc   0x00000030   Code   RO         3350    x$fpl$trapveneer    fz_ws.l(trapv.o)
    0x0801c92c   0x0801c92c   0x00000000   Code   RO         3141    x$fpl$usenofp       fz_ws.l(usenofp.o)
    0x0801c92c   0x0801c92c   0x00000018   Data   RO          513    .constdata          rtc.o
    0x0801c944   0x0801c944   0x00000948   Data   RO          570    .constdata          gui.o
    0x0801d28c   0x0801d28c   0x00000025   Data   RO          605    .constdata          array.o
    0x0801d2b1   0x0801d2b1   0x00000003   PAD
    0x0801d2b4   0x0801d2b4   0x00000030   Data   RO          652    .constdata          bitmap.o
    0x0801d2e4   0x0801d2e4   0x0000006e   Data   RO          692    .constdata          button_1.o
    0x0801d352   0x0801d352   0x00000002   PAD
    0x0801d354   0x0801d354   0x000000ee   Data   RO          810    .constdata          check_button.o
    0x0801d442   0x0801d442   0x00000002   PAD
    0x0801d444   0x0801d444   0x0000006e   Data   RO          862    .constdata          dialog.o
    0x0801d4b2   0x0801d4b2   0x0000001a   Data   RO          914    .constdata          emitter.o
    0x0801d4cc   0x0801d4cc   0x0000030c   Data   RO          933    .constdata          enums.o
    0x0801d7d8   0x0801d7d8   0x00000014   Data   RO          975    .constdata          font_manager.o
    0x0801d7ec   0x0801d7ec   0x00000071   Data   RO          990    .constdata          group_box.o
    0x0801d85d   0x0801d85d   0x00000003   PAD
    0x0801d860   0x0801d860   0x0000006d   Data   RO         1008    .constdata          image.o
    0x0801d8cd   0x0801d8cd   0x00000027   Data   RO         1027    .constdata          image_manager.o
    0x0801d8f4   0x0801d8f4   0x0000006d   Data   RO         1042    .constdata          label.o
    0x0801d961   0x0801d961   0x00000003   PAD
    0x0801d964   0x0801d964   0x00000074   Data   RO         1100    .constdata          progress_bar.o
    0x0801d9d8   0x0801d9d8   0x00000104   Data   RO         1145    .constdata          utf8.o
    0x0801dadc   0x0801dadc   0x0000000d   Data   RO         1160    .constdata          value.o
    0x0801dae9   0x0801dae9   0x0000000d   Data   RO         1176    .constdata          widget.o
    0x0801daf6   0x0801daf6   0x00000002   PAD
    0x0801daf8   0x0801daf8   0x00000060   Data   RO         1192    .constdata          widget_vtable.o
    0x0801db58   0x0801db58   0x0000006e   Data   RO         1206    .constdata          window.o
    0x0801dbc6   0x0801dbc6   0x00000002   PAD
    0x0801dbc8   0x0801dbc8   0x0000009c   Data   RO         1224    .constdata          window_manager.o
    0x0801dc64   0x0801dc64   0x00000014   Data   RO         1252    .constdata          wstr.o
    0x0801dc78   0x0801dc78   0x00000013   Data   RO         1265    .constdata          font_bitmap.o
    0x0801dc8b   0x0801dc8b   0x0000000b   Data   RO         1281    .constdata          utils.o
    0x0801dc96   0x0801dc96   0x00000027   Data   RO         1321    .constdata          timer.o
    0x0801dcbd   0x0801dcbd   0x00000032   Data   RO         1336    .constdata          layout.o
    0x0801dcef   0x0801dcef   0x00000013   Data   RO         1352    .constdata          event_queue.o
    0x0801dd02   0x0801dd02   0x00000002   PAD
    0x0801dd04   0x0801dd04   0x0000006e   Data   RO         1368    .constdata          slider.o
    0x0801dd72   0x0801dd72   0x00000025   Data   RO         1411    .constdata          idle.o
    0x0801dd97   0x0801dd97   0x00000017   Data   RO         1464    .constdata          str.o
    0x0801ddae   0x0801ddae   0x00000002   PAD
    0x0801ddb0   0x0801ddb0   0x0000006d   Data   RO         1496    .constdata          pages.o
    0x0801de1d   0x0801de1d   0x00000003   PAD
    0x0801de20   0x0801de20   0x0000006f   Data   RO         1515    .constdata          edit.o
    0x0801de8f   0x0801de8f   0x00000001   PAD
    0x0801de90   0x0801de90   0x0000006c   Data   RO         1532    .constdata          view.o
    0x0801defc   0x0801defc   0x0000048a   Data   RO         1565    .constdata          widget_factory.o
    0x0801e386   0x0801e386   0x00000002   PAD
    0x0801e388   0x0801e388   0x00000060   Data   RO         1745    .constdata          spin_box.o
    0x0801e3e8   0x0801e3e8   0x0000006f   Data   RO         1767    .constdata          dragger.o
    0x0801e457   0x0801e457   0x00000001   PAD
    0x0801e458   0x0801e458   0x00000075   Data   RO         1786    .constdata          dialog_client.o
    0x0801e4cd   0x0801e4cd   0x00000003   PAD
    0x0801e4d0   0x0801e4d0   0x00000074   Data   RO         1801    .constdata          dialog_title.o
    0x0801e544   0x0801e544   0x00000028   Data   RO         1816    .constdata          custom_props.o
    0x0801e56c   0x0801e56c   0x00000019   Data   RO         1850    .constdata          input_method_creator.o
    0x0801e585   0x0801e585   0x00000003   PAD
    0x0801e588   0x0801e588   0x00000074   Data   RO         1866    .constdata          button_group.o
    0x0801e5fc   0x0801e5fc   0x0000008e   Data   RO         1902    .constdata          combo_box.o
    0x0801e68a   0x0801e68a   0x00000002   PAD
    0x0801e68c   0x0801e68c   0x00000076   Data   RO         1928    .constdata          combo_box_item.o
    0x0801e702   0x0801e702   0x0000000a   Data   RO         1957    .constdata          fs.o
    0x0801e70c   0x0801e70c   0x0000006d   Data   RO         2016    .constdata          popup.o
    0x0801e779   0x0801e779   0x00000003   PAD
    0x0801e77c   0x0801e77c   0x00000072   Data   RO         2061    .constdata          tab_button.o
    0x0801e7ee   0x0801e7ee   0x00000002   PAD
    0x0801e7f0   0x0801e7f0   0x00000078   Data   RO         2080    .constdata          tab_button_group.o
    0x0801e868   0x0801e868   0x00000073   Data   RO         2098    .constdata          tab_control.o
    0x0801e8db   0x0801e8db   0x00000001   PAD
    0x0801e8dc   0x0801e8dc   0x00000004   Data   RO         2310    .constdata          ui_loader_default.o
    0x0801e8e0   0x0801e8e0   0x00000072   Data   RO         2418    .constdata          color_tile.o
    0x0801e952   0x0801e952   0x00000016   Data   RO         2440    .constdata          assets_manager.o
    0x0801e968   0x0801e968   0x00000013   Data   RO         2455    .constdata          locale_info.o
    0x0801e97b   0x0801e97b   0x00000001   PAD
    0x0801e97c   0x0801e97c   0x0000006f   Data   RO         2491    .constdata          app_bar.o
    0x0801e9eb   0x0801e9eb   0x00000001   PAD
    0x0801e9ec   0x0801e9ec   0x0000006e   Data   RO         2509    .constdata          column.o
    0x0801ea5a   0x0801ea5a   0x00000002   PAD
    0x0801ea5c   0x0801ea5c   0x0000006c   Data   RO         2527    .constdata          grid.o
    0x0801eac8   0x0801eac8   0x0000006b   Data   RO         2545    .constdata          row.o
    0x0801eb33   0x0801eb33   0x00000001   PAD
    0x0801eb34   0x0801eb34   0x00000077   Data   RO         2563    .constdata          calibration_win.o
    0x0801ebab   0x0801ebab   0x0000000f   Data   RO         2581    .constdata          lcd_stm32_raw.o
    0x0801ebba   0x0801ebba   0x0001c9b7   Data   RO         2771    .constdata          assets-mini.o
    0x0803b571   0x0803b571   0x00000011   Data   RO         2856    .constdata          c_w.l(__printf_flags_ss_wp.o)
    0x0803b582   0x0803b582   0x00000002   PAD
    0x0803b584   0x0803b584   0x00000008   Data   RO         3041    .constdata          c_w.l(_printf_wctomb.o)
    0x0803b58c   0x0803b58c   0x00000028   Data   RO         3070    .constdata          c_w.l(_printf_hex_int_ll_ptr.o)
    0x0803b5b4   0x0803b5b4   0x00000026   Data   RO         3205    .constdata          c_w.l(_printf_fp_hex.o)
    0x0803b5da   0x0803b5da   0x00000002   PAD
    0x0803b5dc   0x0803b5dc   0x00000094   Data   RO         3281    .constdata          c_w.l(bigflt0.o)
    0x0803b670   0x0803b670   0x0000000f   Data   RO          693    .conststring        button_1.o
    0x0803b67f   0x0803b67f   0x00000001   PAD
    0x0803b680   0x0803b680   0x00000025   Data   RO          811    .conststring        check_button.o
    0x0803b6a5   0x0803b6a5   0x00000003   PAD
    0x0803b6a8   0x0803b6a8   0x00000023   Data   RO          863    .conststring        dialog.o
    0x0803b6cb   0x0803b6cb   0x00000001   PAD
    0x0803b6cc   0x0803b6cc   0x0000026a   Data   RO          934    .conststring        enums.o
    0x0803b936   0x0803b936   0x00000002   PAD
    0x0803b938   0x0803b938   0x0000000a   Data   RO          991    .conststring        group_box.o
    0x0803b942   0x0803b942   0x00000002   PAD
    0x0803b944   0x0803b944   0x00000055   Data   RO         1009    .conststring        image.o
    0x0803b999   0x0803b999   0x00000003   PAD
    0x0803b99c   0x0803b99c   0x00000006   Data   RO         1043    .conststring        label.o
    0x0803b9a2   0x0803b9a2   0x00000002   PAD
    0x0803b9a4   0x0803b9a4   0x00000026   Data   RO         1101    .conststring        progress_bar.o
    0x0803b9ca   0x0803b9ca   0x00000002   PAD
    0x0803b9cc   0x0803b9cc   0x00000007   Data   RO         1207    .conststring        window.o
    0x0803b9d3   0x0803b9d3   0x00000001   PAD
    0x0803b9d4   0x0803b9d4   0x0000000f   Data   RO         1225    .conststring        window_manager.o
    0x0803b9e3   0x0803b9e3   0x00000001   PAD
    0x0803b9e4   0x0803b9e4   0x00000018   Data   RO         1369    .conststring        slider.o
    0x0803b9fc   0x0803b9fc   0x00000006   Data   RO         1497    .conststring        pages.o
    0x0803ba02   0x0803ba02   0x00000002   PAD
    0x0803ba04   0x0803ba04   0x0000007d   Data   RO         1516    .conststring        edit.o
    0x0803ba81   0x0803ba81   0x00000003   PAD
    0x0803ba84   0x0803ba84   0x00000005   Data   RO         1533    .conststring        view.o
    0x0803ba89   0x0803ba89   0x00000003   PAD
    0x0803ba8c   0x0803ba8c   0x00000009   Data   RO         1746    .conststring        spin_box.o
    0x0803ba95   0x0803ba95   0x00000003   PAD
    0x0803ba98   0x0803ba98   0x00000026   Data   RO         1768    .conststring        dragger.o
    0x0803babe   0x0803babe   0x00000002   PAD
    0x0803bac0   0x0803bac0   0x0000000e   Data   RO         1787    .conststring        dialog_client.o
    0x0803bace   0x0803bace   0x00000002   PAD
    0x0803bad0   0x0803bad0   0x0000000d   Data   RO         1802    .conststring        dialog_title.o
    0x0803badd   0x0803badd   0x00000003   PAD
    0x0803bae0   0x0803bae0   0x00000a61   Data   RO         1884    .conststring        color_parser.o
    0x0803c541   0x0803c541   0x00000003   PAD
    0x0803c544   0x0803c544   0x00000026   Data   RO         1903    .conststring        combo_box.o
    0x0803c56a   0x0803c56a   0x00000002   PAD
    0x0803c56c   0x0803c56c   0x0000000f   Data   RO         1929    .conststring        combo_box_item.o
    0x0803c57b   0x0803c57b   0x00000001   PAD
    0x0803c57c   0x0803c57c   0x00000036   Data   RO         2017    .conststring        popup.o
    0x0803c5b2   0x0803c5b2   0x00000002   PAD
    0x0803c5b4   0x0803c5b4   0x0000000b   Data   RO         2062    .conststring        tab_button.o
    0x0803c5bf   0x0803c5bf   0x00000001   PAD
    0x0803c5c0   0x0803c5c0   0x00000011   Data   RO         2081    .conststring        tab_button_group.o
    0x0803c5d1   0x0803c5d1   0x00000003   PAD
    0x0803c5d4   0x0803c5d4   0x0000000c   Data   RO         2099    .conststring        tab_control.o
    0x0803c5e0   0x0803c5e0   0x0000000b   Data   RO         2419    .conststring        color_tile.o
    0x0803c5eb   0x0803c5eb   0x00000001   PAD
    0x0803c5ec   0x0803c5ec   0x00000008   Data   RO         2492    .conststring        app_bar.o
    0x0803c5f4   0x0803c5f4   0x00000007   Data   RO         2510    .conststring        column.o
    0x0803c5fb   0x0803c5fb   0x00000001   PAD
    0x0803c5fc   0x0803c5fc   0x00000004   Data   RO         2528    .conststring        grid.o
    0x0803c600   0x0803c600   0x00000010   Data   RO         2564    .conststring        calibration_win.o
    0x0803c610   0x0803c610   0x00000020   Data   RO         3435    Region$$Table       anon$$obj.o
    0x0803c630   0x0803c630   0x00000008   Data   RO         3318    c$$dinf             fz_ws.l(fpconst.o)
    0x0803c638   0x0803c638   0x00000008   Data   RO         3321    c$$dmax             fz_ws.l(fpconst.o)
    0x0803c640   0x0803c640   0x00000110   Data   RO         3110    locale$$data        c_w.l(lc_ctype_c.o)
    0x0803c750   0x0803c750   0x0000001c   Data   RO         3305    locale$$data        c_w.l(lc_numeric_c.o)


    Execution Region RW_IRAM1 (Exec base: 0x20000000, Load base: 0x0803c76c, Size: 0x00003e30, Max: 0x00010000, ABSOLUTE, COMPRESSED[0x000003d8])

    Exec Addr    Load Addr    Size         Type   Attr      Idx    E Section Name        Object

    0x20000000   COMPRESSED   0x00000014   Data   RW          105    .data               system_stm32f10x.o
    0x20000014   COMPRESSED   0x00000006   Data   RW          218    .data               usart.o
    0x2000001a   COMPRESSED   0x00000014   Data   RW          282    .data               stm32f10x_rcc.o
    0x2000002e   COMPRESSED   0x00000001   Data   RW          452    .data               led.o
    0x2000002f   COMPRESSED   0x00000001   Data   RW          480    .data               button.o
    0x20000030   COMPRESSED   0x00000004   Data   RW          493    .data               tim.o
    0x20000034   COMPRESSED   0x0000000a   Data   RW          514    .data               rtc.o
    0x2000003e   COMPRESSED   0x00000008   Data   RW          537    .data               touch.o
    0x20000046   COMPRESSED   0x00000002   PAD
    0x20000048   COMPRESSED   0x00000008   Data   RW          694    .data               button_1.o
    0x20000050   COMPRESSED   0x00000008   Data   RW          812    .data               check_button.o
    0x20000058   COMPRESSED   0x00000010   Data   RW          864    .data               dialog.o
    0x20000068   COMPRESSED   0x00000004   Data   RW          976    .data               font_manager.o
    0x2000006c   COMPRESSED   0x00000028   Data   RW         1010    .data               image.o
    0x20000094   COMPRESSED   0x00000004   Data   RW         1028    .data               image_manager.o
    0x20000098   COMPRESSED   0x00000004   Data   RW         1069    .data               main_loop.o
    0x2000009c   COMPRESSED   0x00000010   Data   RW         1102    .data               progress_bar.o
    0x200000ac   COMPRESSED   0x00000004   Data   RW         1131    .data               theme.o
    0x200000b0   COMPRESSED   0x00000004   Data   RW         1226    .data               window_manager.o
    0x200000b4   COMPRESSED   0x00000004   Data   RW         1322    .data               timer.o
    0x200000b8   COMPRESSED   0x00000018   Data   RW         1370    .data               slider.o
    0x200000d0   COMPRESSED   0x00000004   Data   RW         1412    .data               idle.o
    0x200000d4   COMPRESSED   0x00000008   Data   RW         1498    .data               pages.o
    0x200000dc   COMPRESSED   0x00000038   Data   RW         1517    .data               edit.o
    0x20000114   COMPRESSED   0x00000004   Data   RW         1566    .data               widget_factory.o
    0x20000118   COMPRESSED   0x00000004   Data   RW         1706    .data               input_method.o
    0x2000011c   COMPRESSED   0x00000014   Data   RW         1769    .data               dragger.o
    0x20000130   COMPRESSED   0x00000460   Data   RW         1885    .data               color_parser.o
    0x20000590   COMPRESSED   0x0000003c   Data   RW         1904    .data               combo_box.o
    0x200005cc   COMPRESSED   0x00000018   Data   RW         2018    .data               popup.o
    0x200005e4   COMPRESSED   0x00000008   Data   RW         2063    .data               tab_button.o
    0x200005ec   COMPRESSED   0x0000000c   Data   RW         2420    .data               color_tile.o
    0x200005f8   COMPRESSED   0x00000004   Data   RW         2441    .data               assets_manager.o
    0x200005fc   COMPRESSED   0x00000004   Data   RW         2456    .data               locale_info.o
    0x20000600   COMPRESSED   0x00000004   Data   RW         2695    .data               mutex_null.o
    0x20000604   COMPRESSED   0x00000004   Data   RW         2712    .data               sys_tick.o
    0x20000608        -       0x000000c8   Zero   RW          217    .bss                usart.o
    0x200006d0        -       0x0000000a   Zero   RW          512    .bss                rtc.o
    0x200006da   COMPRESSED   0x00000002   PAD
    0x200006dc        -       0x0000000c   Zero   RW          536    .bss                touch.o
    0x200006e8        -       0x00001000   Zero   RW          591    .bss                flash.o
    0x200016e8        -       0x00000014   Zero   RW         1086    .bss                mem.o
    0x200016fc        -       0x0000001c   Zero   RW         1438    .bss                system_info.o
    0x20001718        -       0x00000090   Zero   RW         1477    .bss                main_loop_simple.o
    0x200017a8        -       0x00000024   Zero   RW         2278    .bss                ui_builder_default.o
    0x200017cc        -       0x00002000   Zero   RW         2681    .bss                platform.o
    0x200037cc        -       0x00000060   Zero   RW         3176    .bss                c_w.l(libspace.o)
    0x2000382c   COMPRESSED   0x00000004   PAD
    0x20003830        -       0x00000200   Zero   RW          251    HEAP                startup_stm32f10x_hd.o
    0x20003a30        -       0x00000400   Zero   RW          250    STACK               startup_stm32f10x_hd.o


==============================================================================

Image component sizes


      Code (inc. data)   RO Data    RW Data    ZI Data      Debug   Object Name

        92         10        119          0          0       2038   app_bar.o
       656         14         37          0          0      14495   array.o
       412        132     117175          0          0      12083   assets-mini.o
       564         16         22          4          0       5770   assets_manager.o
       680         18          0          0          0       3479   awtk.o
       800         34         48          0          0       8582   bitmap.o
       756          0          0          0          0       6633   buffer.o
       256         12          0          1          0        850   button.o
       660         32        125          8          0      31006   button_1.o
       112         10        116          0          0       2420   button_group.o
       632         14        135          0          0       4549   calibration_win.o
     10500         84          0          0          0      41351   canvas.o
       648         24        275          8          0      12613   check_button.o
        84         18          0          0          0        899   color.o
       652        102       2657       1120          0       3637   color_parser.o
       564         52        125         12          0       4405   color_tile.o
        92         10        117          0          0       2020   column.o
      1896        162        180         60          0      11490   combo_box.o
       760         64        133          0          0       4533   combo_box_item.o
         0          0          0          0          0         32   core_cm3.o
       564         10         40          0          0       4809   custom_props.o
      1416        256          0          0          0       3515   demo1_app.o
        38          0          0          0          0        600   demo_main.o
       988        100        145         16          0      13550   dialog.o
       136         16        131          0          0       2034   dialog_client.o
       128         16        129          0          0       2072   dialog_title.o
       904         52        149         20          0       4920   dragger.o
      5136        216        236         56          0      18179   edit.o
       704          8         26          0          0       8329   emitter.o
       292         28       1398          0          0       8718   enums.o
       336          4         19          0          0       3048   event_queue.o
       210          0          0          0          0       2700   events.o
       924         12          0          0       4096       3305   flash.o
       152          8          0          0          0       1544   font.o
       344         20         19          0          0       4006   font_bitmap.o
       260         16         20          4          0       3270   font_manager.o
       896         12         10          0          0       8155   fs.o
         4          0          0          0          0        464   fs_os.o
        92         10        112          0          0       1988   grid.o
       112         10        123          0          0       2310   group_box.o
      1072         12       2376          0          0       5635   gui.o
       784         20         37          4          0       6827   idle.o
      1704        112        194         40          0       7548   image.o
        44          0          0          0          0       1060   image_loader.o
       740         22         39          4          0       5733   image_manager.o
       126          0          0          0          0       1038   input_engine.o
       556         10          0          4          0       4717   input_method.o
       104         12         25          0          0       1299   input_method_creator.o
        92         10        115          0          0       1647   label.o
      2416         50         50          0          0       7813   layout.o
      1018          0          0          0          0       8991   lcd.o
       696         18          0          0          0       2092   lcd_driver.o
      1700         40         15          0          0      16161   lcd_stm32_raw.o
       164         10          0          1          0        739   led.o
       588         26         19          4          0       7967   locale_info.o
        68          0          0          0          0     205271   main.o
       300          4          0          4          0       3364   main_loop.o
       680         12          0          0        144       4965   main_loop_simple.o
       216         16          0          0          0      17717   main_loop_stm32_raw.o
       756          4          0          0         20       5731   mem.o
       220         22          0          0          0       1825   misc.o
        28          6          0          4          0       1993   mutex_null.o
       496         24        115          8          0       4440   pages.o
       836          6          0          0          0       4938   path.o
       100         12          0          0       8192       1236   platform.o
       776         78        163         24          0       3786   popup.o
      1240         40        154         16          0       5444   progress_bar.o
       576          0          0          0          0       3005   rect.o
        92         10        107          0          0       1970   row.o
      1120         66         24         10         10       4387   rtc.o
      2188         56        134         24          0       7543   slider.o
       476         16          0          0          0       1828   spi.o
       336         70        105          0          0       2313   spin_box.o
        64         26        304          0       1536        812   startup_stm32f10x_hd.o
       196          8          0          0          0       3520   stm32f10x_bkp.o
      1548         18          0          0          0       5399   stm32f10x_fsmc.o
       860         38          0          0          0       5757   stm32f10x_gpio.o
        24          0          0          0          0      64030   stm32f10x_it.o
       204         14          0          0          0       1967   stm32f10x_pwr.o
       932         36          0         20          0       8944   stm32f10x_rcc.o
       328          4          0          0          0       2734   stm32f10x_rtc.o
       780         14          0          0          0       6638   stm32f10x_spi.o
      3610         88          0          0          0      22864   stm32f10x_tim.o
      1032         22          0          0          0       8480   stm32f10x_usart.o
      2024         62         23          0          0      11044   str.o
        76          6          0          4          0       1761   sys_tick.o
        76         24          0          0         28       1427   system_info.o
       480         38          0         20          0       1775   system_stm32f10x.o
      1080         78        125          8          0       6064   tab_button.o
       984         40        137          0          0       6312   tab_button_group.o
       112         10        127          0          0       2350   tab_control.o
       480         12          0          4          0       3288   theme.o
       572         24          0          4          0       1965   tim.o
        24          0          0          0          0        617   time.o
       980         22         39          4          0       8233   timer.o
       390          0          0          0          0       3276   tokenizer.o
      1088         38          0          8         12       4326   touch.o
       162          0          0          0          0       2952   ui_builder.o
       360         32          0          0         36       3293   ui_builder_default.o
        48          0          0          0          0       1177   ui_loader.o
       276         10          4          0          0       1939   ui_loader_default.o
       296         16          0          6        200       3210   usart.o
       772          4        260          0          0       5513   utf8.o
      1800         44         11          0          0      12693   utils.o
      1576         76         13          0          0       9836   value.o
      2070         14          0          0          0      17238   vgcanvas.o
        92         10        113          0          0       1988   view.o
      8064        184         13          0          0      34722   widget.o
       448         16       1162          4          0      12624   widget_factory.o
       704         20         96          0          0       6657   widget_vtable.o
       448         28        117          0          0       3709   window.o
       312          0          0          0          0       1961   window_animator.o
        16          0          0          0          0       1475   window_animator_null.o
      3268        108        171          4          0      17328   window_manager.o
       156          4          0          0          0       2156   window_open.o
      1680         26         20          0          0       9334   wstr.o

    ----------------------------------------------------------------------
     97270       3600     130357       1544      14276     964812   Object Totals
         0          0         32          0          0          0   (incl. Generated)
        18          0         97          2          2          0   (incl. Padding)

    ----------------------------------------------------------------------

      Code (inc. data)   RO Data    RW Data    ZI Data      Debug   Library Member Name

        24          4          0          0          0         84   __2printf.o
       100          0          0          0          0          0   __dclz77c.o
         8          0          0          0          0         68   __main.o
       392          4         17          0          0         92   __printf_flags_ss_wp.o
        14          0          0          0          0         68   __printf_wp.o
         0          0          0          0          0          0   __rtentry.o
        12          0          0          0          0          0   __rtentry2.o
         6          0          0          0          0          0   __rtentry4.o
        52          8          0          0          0          0   __scatter.o
        28          0          0          0          0          0   __scatter_zi.o
        28          0          0          0          0         68   _chval.o
        60          0          0          0          0         92   _mbrtowc.o
         6          0          0          0          0          0   _printf_a.o
         6          0          0          0          0          0   _printf_c.o
        44          0          0          0          0        108   _printf_char.o
        48          6          0          0          0         96   _printf_char_common.o
        36          4          0          0          0         80   _printf_char_file.o
        40          0          0          0          0         68   _printf_charcount.o
         6          0          0          0          0          0   _printf_d.o
       120         16          0          0          0         92   _printf_dec.o
         6          0          0          0          0          0   _printf_e.o
         6          0          0          0          0          0   _printf_f.o
      1054          0          0          0          0        216   _printf_fp_dec.o
       764          8         38          0          0        100   _printf_fp_hex.o
       128         16          0          0          0         84   _printf_fp_infnan.o
         6          0          0          0          0          0   _printf_g.o
       148          4         40          0          0        160   _printf_hex_int_ll_ptr.o
         6          0          0          0          0          0   _printf_i.o
       178          0          0          0          0         88   _printf_intcommon.o
        10          0          0          0          0          0   _printf_l.o
         6          0          0          0          0          0   _printf_lc.o
        10          0          0          0          0          0   _printf_ll.o
         6          0          0          0          0          0   _printf_lld.o
         6          0          0          0          0          0   _printf_lli.o
         6          0          0          0          0          0   _printf_llo.o
         6          0          0          0          0          0   _printf_llu.o
         6          0          0          0          0          0   _printf_llx.o
       124         16          0          0          0         92   _printf_longlong_dec.o
         6          0          0          0          0          0   _printf_ls.o
         6          0          0          0          0          0   _printf_n.o
         6          0          0          0          0          0   _printf_o.o
       112         10          0          0          0        124   _printf_oct_int_ll.o
         6          0          0          0          0          0   _printf_p.o
        78          0          0          0          0        108   _printf_pad.o
         0          0          0          0          0          0   _printf_percent.o
         4          0          0          0          0          0   _printf_percent_end.o
         6          0          0          0          0          0   _printf_s.o
        82          0          0          0          0         80   _printf_str.o
        36          0          0          0          0         84   _printf_truncate.o
         6          0          0          0          0          0   _printf_u.o
        44          0          0          0          0        108   _printf_wchar.o
       188          6          8          0          0         92   _printf_wctomb.o
         6          0          0          0          0          0   _printf_x.o
        22          0          0          0          0        100   _rserrno.o
       884          6          0          0          0        100   _scanf.o
       332          0          0          0          0         96   _scanf_int.o
       342          0          0          0          0        100   _scanf_longlong.o
       276          0          0          0          0        100   _scanf_mbtowc.o
       224          0          0          0          0         96   _scanf_str.o
        30          0          0          0          0         76   _scanf_wcharmap.o
       232          0          0          0          0        100   _scanf_wctomb.o
       208          0          0          0          0         96   _scanf_wstr.o
        64          0          0          0          0         84   _sgetc.o
        16          0          0          0          0         68   _snputc.o
        10          0          0          0          0         68   _sputc.o
        64          0          0          0          0         92   _wcrtomb.o
       228          4        148          0          0         96   bigflt0.o
        80          0          0          0          0         88   bsearchnoex.o
      2152        136          0          0          0        960   btod.o
        18          0          0          0          0         80   exit.o
         8          0          0          0          0         68   ferror.o
         6          0          0          0          0        152   heapauxi.o
        18          0          0          0          0         76   isspace.o
        44         10        272          0          0         76   lc_ctype_c.o
        44         10         28          0          0         76   lc_numeric_c.o
         2          0          0          0          0          0   libinit.o
        30          0          0          0          0          0   libinit2.o
         2          0          0          0          0          0   libshutdown.o
         2          0          0          0          0          0   libshutdown2.o
         8          4          0          0         96         68   libspace.o
        38          0          0          0          0         68   llshl.o
       138          0          0          0          0         80   lludiv10.o
        88          0          0          0          0         76   memcmp.o
        16          4          0          0          0         76   rt_ctype_table.o
         8          4          0          0          0         68   rt_errno_addr_intlibspace.o
         8          4          0          0          0         68   rt_locale_intlibspace.o
        68          0          0          0          0         68   rt_memclr.o
        78          0          0          0          0         80   rt_memclr_w.o
       138          0          0          0          0         68   rt_memcpy_v6.o
       100          0          0          0          0         80   rt_memcpy_w.o
       132          0          0          0          0         68   rt_memmove_v6.o
       122          0          0          0          0         80   rt_memmove_w.o
         2          0          0          0          0          0   rtexit.o
        10          0          0          0          0          0   rtexit2.o
        44          8          0          0          0         84   scanf_char.o
      1272         16          0          0          0        168   scanf_fp.o
       800         14          0          0          0        100   scanf_hexfp.o
       308         16          0          0          0        100   scanf_infnan.o
        20          0          0          0          0         68   strchr.o
       128          0          0          0          0         68   strcmpv7m.o
        72          0          0          0          0         80   strcpy.o
        62          0          0          0          0         76   strlen.o
       150          0          0          0          0         80   strncmp.o
        86          0          0          0          0         76   strncpy.o
        22          0          0          0          0         68   strrchr.o
        36          0          0          0          0         80   strstr.o
        74          0          0          0          0         80   sys_stackheap_outer.o
        26          0          0          0          0         76   tolower.o
        30          0          0          0          0         76   toupper.o
         2          0          0          0          0         68   use_no_semi.o
         2          0          0          0          0         68   use_no_semi_2.o
        52          4          0          0          0         80   vsnprintf.o
        52          8          0          0          0         80   vsscanf.o
        22          0          0          0          0         68   wcschr.o
        24          0          0          0          0         68   wcscmp.o
        18          0          0          0          0         68   wcscpy.o
        18          0          0          0          0         68   wcslen.o
        98          4          0          0          0         92   d2f.o
       826         16          0          0          0        348   daddsub_clz.o
        16          4          0          0          0         68   dcheck1.o
        24          0          0          0          0         68   dcmpi.o
       688        140          0          0          0        208   ddiv.o
       120          4          0          0          0         92   deqf.o
        94          4          0          0          0         92   dfix.o
        90          4          0          0          0         92   dfixu.o
        84          0          0          0          0        136   dflt_clz.o
       120          4          0          0          0         92   dleqf.o
       340         12          0          0          0        104   dmul.o
       156          4          0          0          0         92   dnaninf.o
        12          0          0          0          0         68   dretinf.o
       108          0          0          0          0         80   drleqf.o
        86          4          0          0          0         84   f2d.o
       450          8          0          0          0        236   faddsub_clz.o
        24          0          0          0          0         68   fcmpi.o
       388         76          0          0          0         96   fdiv.o
       104          4          0          0          0         84   feqf.o
        54          4          0          0          0         84   ffix.o
        62          4          0          0          0         84   ffixu.o
        86          0          0          0          0        136   fflt_clz.o
        96          0          0          0          0         84   ffltll_clz.o
       104          4          0          0          0         84   fleqf.o
       258          4          0          0          0         84   fmul.o
       140          4          0          0          0         84   fnaninf.o
         0          0         16          0          0          0   fpconst.o
        10          0          0          0          0         68   fretinf.o
        98          0          0          0          0         68   frleqf.o
         6          0          0          0          0         68   istatus.o
         4          0          0          0          0         68   printf1.o
         4          0          0          0          0         68   printf2.o
       100          0          0          0          0         68   retnan.o
        92          0          0          0          0         68   scalbn.o
         4          0          0          0          0         68   scanf1.o
         8          0          0          0          0         84   scanf2.o
        48          0          0          0          0         68   trapv.o
         0          0          0          0          0          0   usenofp.o
        30          6          0          0          0        136   dunder.o
       220         16          0          0          0         84   floor.o
        40          0          0          0          0         68   fpclassify.o
        88          8          0          0          0         76   frexp.o
       138          0          0          0          0        160   ldexp.o
       204          4          0          0          0        168   narrow.o

    ----------------------------------------------------------------------
     19462        694        571          0        100      12124   Library Totals
        36          2          4          0          4          0   (incl. Padding)

    ----------------------------------------------------------------------

      Code (inc. data)   RO Data    RW Data    ZI Data      Debug   Library Name

     13704        350        551          0         96       7896   c_w.l
      5002        308         16          0          0       3536   fz_ws.l
       720         34          0          0          0        692   m_ws.l

    ----------------------------------------------------------------------
     19462        694        571          0        100      12124   Library Totals

    ----------------------------------------------------------------------

==============================================================================


      Code (inc. data)   RO Data    RW Data    ZI Data      Debug   

    116732       4294     130928       1544      14376     958784   Grand Totals
    116732       4294     130928        984      14376     958784   ELF Image Totals (compressed)
    116732       4294     130928        984          0          0   ROM Totals

==============================================================================

    Total RO  Size (Code + RO Data)               247660 ( 241.86kB)
    Total RW  Size (RW Data + ZI Data)             15920 (  15.55kB)
    Total ROM Size (Code + RO Data + RW Data)     248644 ( 242.82kB)

==============================================================================

