Component: ARM Compiler 5.06 update 5 (build 528) Tool: armlink [4d35e2]

==============================================================================

Section Cross References

    system_stm32f10x.o(.text) refers to system_stm32f10x.o(.data) for SystemCoreClock
    main.o(.text) refers to misc.o(.text) for NVIC_PriorityGroupConfig
    main.o(.text) refers to platform.o(.text) for systick_init
    main.o(.text) refers to led.o(.text) for led_init
    main.o(.text) refers to button.o(.text) for button_init
    main.o(.text) refers to lcd_driver.o(.text) for TFT_Init
    main.o(.text) refers to flash.o(.text) for FLASH_Init
    main.o(.text) refers to touch.o(.text) for TOUCH_Init
    main.o(.text) refers to tim.o(.text) for TIM3_Init
    main.o(.text) refers to rtc.o(.text) for rtc_init
    main.o(.text) refers to demo_main.o(.text) for gui_app_start
    sys.o(.text) refers to misc.o(.text) for NVIC_PriorityGroupConfig
    usart.o(.text) refers (Special) to use_no_semi_2.o(.text) for __use_no_semihosting
    usart.o(.text) refers to stm32f10x_rcc.o(.text) for RCC_APB2PeriphClockCmd
    usart.o(.text) refers to stm32f10x_gpio.o(.text) for GPIO_Init
    usart.o(.text) refers to misc.o(.text) for NVIC_Init
    usart.o(.text) refers to stm32f10x_usart.o(.text) for USART_Init
    usart.o(.text) refers to usart.o(.data) for USART_RX_STA
    usart.o(.text) refers to usart.o(.bss) for USART_RX_BUF
    usart.o(.bss) refers (Special) to use_no_semi_2.o(.text) for __use_no_semihosting
    usart.o(.data) refers (Special) to use_no_semi_2.o(.text) for __use_no_semihosting
    startup_stm32f10x_hd.o(STACK) refers (Special) to heapauxi.o(.text) for __use_two_region_memory
    startup_stm32f10x_hd.o(HEAP) refers (Special) to heapauxi.o(.text) for __use_two_region_memory
    startup_stm32f10x_hd.o(RESET) refers (Special) to heapauxi.o(.text) for __use_two_region_memory
    startup_stm32f10x_hd.o(RESET) refers to startup_stm32f10x_hd.o(STACK) for __initial_sp
    startup_stm32f10x_hd.o(RESET) refers to startup_stm32f10x_hd.o(.text) for Reset_Handler
    startup_stm32f10x_hd.o(RESET) refers to stm32f10x_it.o(.text) for NMI_Handler
    startup_stm32f10x_hd.o(RESET) refers to sys_tick.o(.text) for SysTick_Handler
    startup_stm32f10x_hd.o(RESET) refers to rtc.o(.text) for RTC_IRQHandler
    startup_stm32f10x_hd.o(RESET) refers to main_loop_stm32_raw.o(.text) for TIM3_IRQHandler
    startup_stm32f10x_hd.o(RESET) refers to usart.o(.text) for USART1_IRQHandler
    startup_stm32f10x_hd.o(RESET) refers to tim.o(.text) for TIM5_IRQHandler
    startup_stm32f10x_hd.o(.text) refers (Special) to heapauxi.o(.text) for __use_two_region_memory
    startup_stm32f10x_hd.o(.text) refers to system_stm32f10x.o(.text) for SystemInit
    startup_stm32f10x_hd.o(.text) refers to __main.o(!!!main) for __main
    startup_stm32f10x_hd.o(.text) refers to startup_stm32f10x_hd.o(HEAP) for Heap_Mem
    startup_stm32f10x_hd.o(.text) refers to startup_stm32f10x_hd.o(STACK) for Stack_Mem
    stm32f10x_gpio.o(.text) refers to stm32f10x_rcc.o(.text) for RCC_APB2PeriphResetCmd
    stm32f10x_rcc.o(.text) refers to stm32f10x_rcc.o(.data) for APBAHBPrescTable
    stm32f10x_usart.o(.text) refers to stm32f10x_rcc.o(.text) for RCC_APB2PeriphResetCmd
    stm32f10x_wwdg.o(.text) refers to stm32f10x_rcc.o(.text) for RCC_APB1PeriphResetCmd
    stm32f10x_tim.o(.text) refers to stm32f10x_rcc.o(.text) for RCC_APB2PeriphResetCmd
    stm32f10x_bkp.o(.text) refers to stm32f10x_rcc.o(.text) for RCC_BackupResetCmd
    stm32f10x_pwr.o(.text) refers to stm32f10x_rcc.o(.text) for RCC_APB1PeriphResetCmd
    stm32f10x_spi.o(.text) refers to stm32f10x_rcc.o(.text) for RCC_APB2PeriphResetCmd
    led.o(.text) refers to stm32f10x_rcc.o(.text) for RCC_APB2PeriphClockCmd
    led.o(.text) refers to stm32f10x_gpio.o(.text) for GPIO_Init
    led.o(.text) refers to sys_tick.o(.text) for delay_ms
    led.o(.text) refers to led.o(.data) for i
    lcd_driver.o(.text) refers to stm32f10x_rcc.o(.text) for RCC_APB2PeriphClockCmd
    lcd_driver.o(.text) refers to stm32f10x_gpio.o(.text) for GPIO_Init
    lcd_driver.o(.text) refers to stm32f10x_fsmc.o(.text) for FSMC_NORSRAMInit
    button.o(.text) refers to stm32f10x_rcc.o(.text) for RCC_APB2PeriphClockCmd
    button.o(.text) refers to stm32f10x_gpio.o(.text) for GPIO_Init
    button.o(.text) refers to sys_tick.o(.text) for delay_ms
    button.o(.text) refers to button.o(.data) for key_up
    tim.o(.text) refers to stm32f10x_rcc.o(.text) for RCC_APB1PeriphClockCmd
    tim.o(.text) refers to stm32f10x_gpio.o(.text) for GPIO_Init
    tim.o(.text) refers to stm32f10x_tim.o(.text) for TIM_TimeBaseInit
    tim.o(.text) refers to misc.o(.text) for NVIC_Init
    tim.o(.text) refers to tim.o(.data) for TIM5CH1_CAPTURE_STA
    rtc.o(.text) refers to _printf_percent.o(.ARM.Collect$$_printf_percent$$00000000) for _printf_percent
[...]
    children_layouter_factory.o(.text) refers to children_layouter_factory.o(.data) for s_children_layouter_factory
    children_layouter_factory.o(.text) refers to children_layouter_factory.o(.constdata) for __FUNCTION__
    self_layouter_factory.o(.text) refers to strcmpv7m.o(.text) for strcmp
    self_layouter_factory.o(.text) refers to darray.o(.text) for darray_init
    self_layouter_factory.o(.text) refers to mem.o(.text) for tk_calloc
    self_layouter_factory.o(.text) refers to utils.o(.text) for tk_strncpy
    self_layouter_factory.o(.text) refers to self_layouter_factory.o(.data) for s_self_layouter_factory
    self_layouter_factory.o(.text) refers to self_layouter_factory.o(.constdata) for __FUNCTION__
    overlay.o(.text) refers to window_base.o(.text) for window_base_create
    overlay.o(.text) refers to widget.o(.text) for widget_is_instance_of
    overlay.o(.text) refers to overlay.o(.constdata) for s_overlay_vtable
    overlay.o(.constdata) refers to overlay.o(.conststring) for .conststring
    overlay.o(.constdata) refers to overlay.o(.data) for s_overlay_properties
    overlay.o(.constdata) refers to overlay.o(.text) for overlay_create
    overlay.o(.constdata) refers to window_base.o(.text) for window_base_get_prop
    overlay.o(.data) refers to overlay.o(.conststring) for .conststring
    shortcut.o(.text) refers to strlen.o(.text) for strlen
    shortcut.o(.text) refers to tokenizer.o(.text) for tokenizer_init_ex
    shortcut.o(.text) refers to strcasecmp.o(.text) for strcasecmp
    shortcut.o(.text) refers to enums.o(.text) for keys_type_find
    shortcut.o(.text) refers to memcmp.o(.text) for memcmp
    style_mutable.o(.text) refers to mem.o(.text) for tk_calloc
    style_mutable.o(.text) refers to utils.o(.text) for tk_strncpy
    style_mutable.o(.text) refers to value.o(.text) for value_reset
    style_mutable.o(.text) refers to strcmpv7m.o(.text) for strcmp
    style_mutable.o(.text) refers to widget.o(.text) for widget_get_prop_str
    style_mutable.o(.text) refers to style.o(.text) for style_notify_widget_state_changed
    style_mutable.o(.text) refers to style_mutable.o(.constdata) for __FUNCTION__
    style_mutable.o(.text) refers to style_const.o(.text) for style_const_create
    style_mutable.o(.text) refers to style_factory.o(.text) for style_factory_set
    style_mutable.o(.constdata) refers to style_mutable.o(.text) for style_mutable_is_valid
    int_str.o(.text) refers to strcmpv7m.o(.text) for strcmp
    str_str.o(.text) refers to strcmpv7m.o(.text) for strcmp
    text_edit.o(.text) refers to style.o(.text) for style_get_int
    text_edit.o(.text) refers to value.o(.text) for value_set_int
    text_edit.o(.text) refers to widget.o(.text) for widget_get_prop
    text_edit.o(.text) refers to mem.o(.text) for tk_alloc
    text_edit.o(.text) refers to rt_memclr_w.o(.text) for __aeabi_memclr4
    text_edit.o(.text) refers to canvas.o(.text) for canvas_measure_text
    text_edit.o(.text) refers to faddsub_clz.o(x$fpl$fadd) for __aeabi_fadd
    text_edit.o(.text) refers to fflt_clz.o(x$fpl$ffltu) for __aeabi_ui2f
    text_edit.o(.text) refers to ffixu.o(x$fpl$ffixu) for __aeabi_f2uiz
    text_edit.o(.text) refers to text_edit.o(.constdata) for __FUNCTION__
    text_edit.o(.text) refers to line_break.o(.text) for line_break_check
    text_edit.o(.text) refers to fmul.o(x$fpl$fmul) for __aeabi_fmul
    text_edit.o(.text) refers to fflt_clz.o(x$fpl$fflt) for __aeabi_i2f
    text_edit.o(.text) refers to color.o(.text) for color_init
    text_edit.o(.text) refers to rect.o(.text) for rect_init
    text_edit.o(.text) refers to wstr.o(.text) for wstr_remove
    text_edit.o(.text) refers to ffix.o(x$fpl$ffix) for __aeabi_f2iz
    text_edit.o(.text) refers to frleqf.o(x$fpl$frleqf) for __aeabi_cfrcmple
    text_edit.o(.text) refers to fleqf.o(x$fpl$fleqf) for __aeabi_cfcmple
    text_edit.o(.text) refers to fdiv.o(x$fpl$fdiv) for __aeabi_fdiv
    text_edit.o(.text) refers to faddsub_clz.o(x$fpl$fsub) for __aeabi_fsub
    text_edit.o(.text) refers to rt_memmove_v6.o(.text) for __aeabi_memmove
    text_edit.o(.text) refers to rt_memmove_w.o(.text) for __aeabi_memmove4
    text_edit.o(.text) refers to iswspace.o(.text) for iswspace
    text_edit.o(.text) refers to feqf.o(x$fpl$feqf) for __aeabi_cfcmpeq
    text_edit.o(.text) refers to str.o(.text) for str_init
    text_edit.o(.text) refers to clip_board.o(.text) for clip_board_set_text
    text_edit.o(.text) refers to rt_ctype_table.o(.text) for __rt_ctype_table
    text_edit.o(.text) refers to system_info.o(.text) for system_info
    text_edit.o(.text) refers to tolower.o(.text) for tolower
    self_layouter_menu.o(.text) refers to value.o(.text) for value_set_int
    self_layouter_menu.o(.text) refers to rt_ctype_table.o(.text) for __rt_ctype_table
    self_layouter_menu.o(.text) refers to utils.o(.text) for tk_atoi
    self_layouter_menu.o(.text) refers to strchr.o(.text) for strchr
    self_layouter_menu.o(.text) refers to rect.o(.text) for rect_init
    self_layouter_menu.o(.text) refers to widget.o(.text) for widget_move_resize
    self_layouter_menu.o(.text) refers to awtk_global.o(.text) for tk_get_pointer_x
    self_layouter_menu.o(.text) refers to window_manager.o(.text) for window_manager
    self_layouter_menu.o(.text) refers to str.o(.text) for str_reset
    self_layouter_menu.o(.text) refers to mem.o(.text) for tk_free
    self_layouter_menu.o(.text) refers to self_layouter_menu.o(.constdata) for s_self_layouter_menu_vtable
    self_layouter_menu.o(.constdata) refers to self_layouter_menu.o(.conststring) for .conststring
    self_layouter_menu.o(.constdata) refers to self_layouter_menu.o(.text) for self_layouter_menu_layout
    hscrollable.o(.text) refers to rect.o(.text) for rect_init
    hscrollable.o(.text) refers to widget.o(.text) for widget_invalidate
    hscrollable.o(.text) refers to velocity.o(.text) for velocity_reset
    hscrollable.o(.text) refers to fleqf.o(x$fpl$fleqf) for __aeabi_cfcmple
    hscrollable.o(.text) refers to ffix.o(x$fpl$ffix) for __aeabi_f2iz
    hscrollable.o(.text) refers to rt_memcpy_w.o(.text) for __aeabi_memcpy4
    hscrollable.o(.text) refers to canvas.o(.text) for canvas_translate
    hscrollable.o(.text) refers to widget_vtable.o(.text) for widget_on_paint_children_default
    hscrollable.o(.text) refers to strcmpv7m.o(.text) for strcmp
    hscrollable.o(.text) refers to value.o(.text) for value_set_int
    hscrollable.o(.text) refers to mem.o(.text) for tk_calloc
    hscrollable.o(.text) refers to hscrollable.o(.constdata) for __FUNCTION__
    native_window.o(.text) refers to rect.o(.text) for rect_init
    native_window.o(.text) refers to lcd.o(.text) for lcd_resize
    native_window.o(.text) refers to canvas.o(.text) for canvas_begin_frame
    native_window.o(.text) refers to widget.o(.text) for widget_paint
    native_window_raw.o(.text) refers to lcd.o(.text) for lcd_get_width
    native_window_raw.o(.text) refers to canvas.o(.text) for canvas_reset
    native_window_raw.o(.text) refers to object.o(.text) for object_create
    native_window_raw.o(.text) refers to font_manager.o(.text) for font_manager
    native_window_raw.o(.text) refers to rect.o(.text) for rect_init
    native_window_raw.o(.text) refers to widget.o(.text) for widget_set_prop_pointer
    native_window_raw.o(.text) refers to native_window_raw.o(.constdata) for s_native_window_raw_vtable
    native_window_raw.o(.text) refers to native_window_raw.o(.data) for s_shared_win
    native_window_raw.o(.constdata) refers to native_window_raw.o(.conststring) for .conststring
    native_window_raw.o(.constdata) refers to native_window_raw.o(.text) for native_window_raw_move
    window_manager_default.o(.text) refers to value.o(.text) for value_set_bool
    window_manager_default.o(.text) refers to widget.o(.text) for widget_get_prop
    window_manager_default.o(.text) refers to event.o(.text) for event_init
    window_manager_default.o(.text) refers to timer.o(.text) for timer_add
    window_manager_default.o(.text) refers to window_manager.o(.text) for window_manager_get_top_main_window
    window_manager_default.o(.text) refers to native_window.o(.text) for native_window_get_canvas
    window_manager_default.o(.text) refers to rect.o(.text) for rect_init
    window_manager_default.o(.text) refers to canvas.o(.text) for canvas_begin_frame
    window_manager_default.o(.text) refers to lcd.o(.text) for lcd_take_snapshot
    window_manager_default.o(.text) refers to dialog_highlighter.o(.text) for dialog_highlighter_prepare
    window_manager_default.o(.text) refers to dialog_highlighter_factory.o(.text) for dialog_highlighter_factory
    window_manager_default.o(.text) refers to emitter.o(.text) for emitter_on
    window_manager_default.o(.text) refers to rt_memclr_w.o(.text) for __aeabi_memclr4
    window_manager_default.o(.text) refers to window_animator_factory.o(.text) for window_animator_create_for_open
    window_manager_default.o(.text) refers to layout.o(.text) for widget_layout
    window_manager_default.o(.text) refers to idle.o(.text) for idle_add
    window_manager_default.o(.text) refers to image_manager.o(.text) for image_manager
    window_manager_default.o(.text) refers to time_now.o(.text) for time_now_ms
    window_manager_default.o(.text) refers to strcmpv7m.o(.text) for strcmp
    window_manager_default.o(.text) refers to object.o(.text) for object_unref
    window_manager_default.o(.text) refers to mem.o(.text) for tk_free
    window_manager_default.o(.text) refers to events.o(.text) for orientation_event_cast
    window_manager_default.o(.text) refers to native_window_raw.o(.text) for native_window_create
    window_manager_default.o(.text) refers to input_device_status.o(.text) for input_device_status_on_input_event
    window_manager_default.o(.text) refers to utils.o(.text) for tk_str_copy
    window_manager_default.o(.text) refers to window_manager_default.o(.constdata) for __FUNCTION__
    window_manager_default.o(.text) refers to window_manager_default.o(.data) for s_window_manager_self_vtable
    window_manager_default.o(.constdata) refers to window_manager_default.o(.conststring) for .conststring
    window_manager_default.o(.constdata) refers to window_manager_default.o(.text) for window_manager_default_get_prop
    window_manager_default.o(.data) refers to window_manager_default.o(.text) for window_manager_default_paint
    lcd_stm32_raw.o(.text) refers to lcd_driver.o(.text) for TFT_SetWindow
    lcd_stm32_raw.o(.text) refers to mem.o(.text) for tk_free
    lcd_stm32_raw.o(.text) refers to system_info.o(.text) for system_info
    lcd_stm32_raw.o(.text) refers to lcd_stm32_raw.o(.constdata) for __FUNCTION__
    main_loop_stm32_raw.o(.text) refers to lcd_stm32_raw.o(.text) for lcd_reg_create
    main_loop_stm32_raw.o(.text) refers to stm32f10x_tim.o(.text) for TIM_GetITStatus
    main_loop_stm32_raw.o(.text) refers to touch.o(.text) for TOUCH_Scan
    main_loop_stm32_raw.o(.text) refers to main_loop.o(.text) for main_loop
    main_loop_stm32_raw.o(.text) refers to main_loop_simple.o(.text) for main_loop_post_pointer_event
    main_loop_stm32_raw.o(.text) refers to native_window_raw.o(.text) for native_window_raw_deinit
    main_loop_stm32_raw.o(.text) refers to touch.o(.data) for TouchData
    platform.o(.text) refers to misc.o(.text) for SysTick_CLKSourceConfig
    platform.o(.text) refers to mem.o(.text) for tk_mem_init
    platform.o(.text) refers to system_stm32f10x.o(.data) for SystemCoreClock
    platform.o(.text) refers to platform.o(.bss) for s_heam_mem
    mutex_null.o(.text) refers to mutex_null.o(.data) for s_tk_mutex_null
    sys_tick.o(.text) refers to sys_tick.o(.data) for g_sys_tick
    demo_main.o(.text) refers to awtk_global.o(.text) for tk_init
    demo_main.o(.text) refers to assets-mini.o(.text) for assets_init
    demo_main.o(.text) refers to demo1_app.o(.text) for application_init
    demo1_app.o(.text) refers to dialog.o(.text) for dialog_cast
    demo1_app.o(.text) refers to widget.o(.text) for widget_set_text
    demo1_app.o(.text) refers to button_1.o(.text) for button_create
    demo1_app.o(.text) refers to label.o(.text) for label_create
    demo1_app.o(.text) refers to mem.o(.text) for tk_mem_dump
    demo1_app.o(.text) refers to window.o(.text) for window_create
    demo1_app.o(.text) refers to image.o(.text) for image_create
    demo1_app.o(.text) refers to image_base.o(.text) for image_base_set_image
    demo1_app.o(.text) refers to progress_bar.o(.text) for progress_bar_create
    demo1_app.o(.text) refers to timer.o(.text) for timer_add
    demo1_app.o(.text) refers to slider.o(.text) for slider_create
    demo1_app.o(.text) refers to check_button.o(.text) for check_button_create
    demo1_app.o(.text) refers to group_box.o(.text) for group_box_create
    assets-mini.o(.text) refers to assets_manager.o(.text) for assets_manager
    assets-mini.o(.text) refers to awtk_global.o(.text) for tk_init_assets
    assets-mini.o(.text) refers to assets-mini.o(.constdata) for font_default
    use_no_semi_2.o(.text) refers (Special) to use_no_semi.o(.text) for __use_no_semihosting_swi
    rt_ctype_table.o(.text) refers to rt_locale_intlibspace.o(.text) for __rt_locale
    rt_ctype_table.o(.text) refers to lc_ctype_c.o(locale$$code) for _get_lc_ctype
    tolower.o(.text) refers to rt_ctype_table.o(.text) for __rt_ctype_table
    toupper.o(.text) refers to rt_ctype_table.o(.text) for __rt_ctype_table
    iswspace.o(.text) refers to _iswspace.o(.text) for _iswspace
    vsnprintf.o(.text) refers (Special) to _printf_a.o(.ARM.Collect$$_printf_percent$$00000006) for _printf_a
    vsnprintf.o(.text) refers (Special) to _printf_c.o(.ARM.Collect$$_printf_percent$$00000013) for _printf_c
    vsnprintf.o(.text) refers (Special) to _printf_charcount.o(.text) for _printf_charcount
    vsnprintf.o(.text) refers (Special) to _printf_d.o(.ARM.Collect$$_printf_percent$$00000009) for _printf_d
    vsnprintf.o(.text) refers (Special) to _printf_e.o(.ARM.Collect$$_printf_percent$$00000004) for _printf_e
    vsnprintf.o(.text) refers (Special) to _printf_f.o(.ARM.Collect$$_printf_percent$$00000003) for _printf_f
    vsnprintf.o(.text) refers (Special) to printf1.o(x$fpl$printf1) for _printf_fp_dec
    vsnprintf.o(.text) refers (Special) to printf2.o(x$fpl$printf2) for _printf_fp_hex
    vsnprintf.o(.text) refers (Special) to _printf_g.o(.ARM.Collect$$_printf_percent$$00000005) for _printf_g
    vsnprintf.o(.text) refers (Special) to _printf_i.o(.ARM.Collect$$_printf_percent$$00000008) for _printf_i
    vsnprintf.o(.text) refers (Special) to _printf_dec.o(.text) for _printf_int_dec
    vsnprintf.o(.text) refers (Special) to _printf_l.o(.ARM.Collect$$_printf_percent$$00000012) for _printf_l
    vsnprintf.o(.text) refers (Special) to _printf_lc.o(.ARM.Collect$$_printf_percent$$00000015) for _printf_lc
    vsnprintf.o(.text) refers (Special) to _printf_ll.o(.ARM.Collect$$_printf_percent$$00000007) for _printf_ll
    vsnprintf.o(.text) refers (Special) to _printf_lld.o(.ARM.Collect$$_printf_percent$$0000000E) for _printf_lld
    vsnprintf.o(.text) refers (Special) to _printf_lli.o(.ARM.Collect$$_printf_percent$$0000000D) for _printf_lli
    vsnprintf.o(.text) refers (Special) to _printf_llo.o(.ARM.Collect$$_printf_percent$$00000010) for _printf_llo
    vsnprintf.o(.text) refers (Special) to _printf_llu.o(.ARM.Collect$$_printf_percent$$0000000F) for _printf_llu
    vsnprintf.o(.text) refers (Special) to _printf_llx.o(.ARM.Collect$$_printf_percent$$00000011) for _printf_llx
    vsnprintf.o(.text) refers (Special) to _printf_longlong_dec.o(.text) for _printf_longlong_dec
    vsnprintf.o(.text) refers (Special) to _printf_hex_int_ll_ptr.o(.text) for _printf_longlong_hex
    vsnprintf.o(.text) refers (Special) to _printf_oct_int_ll.o(.text) for _printf_longlong_oct
    vsnprintf.o(.text) refers (Special) to _printf_ls.o(.ARM.Collect$$_printf_percent$$00000016) for _printf_ls
    vsnprintf.o(.text) refers (Special) to _printf_n.o(.ARM.Collect$$_printf_percent$$00000001) for _printf_n
    vsnprintf.o(.text) refers (Special) to _printf_o.o(.ARM.Collect$$_printf_percent$$0000000B) for _printf_o
    vsnprintf.o(.text) refers (Special) to _printf_p.o(.ARM.Collect$$_printf_percent$$00000002) for _printf_p
    vsnprintf.o(.text) refers (Special) to _printf_percent.o(.ARM.Collect$$_printf_percent$$00000000) for _printf_percent
    vsnprintf.o(.text) refers (Special) to _printf_pad.o(.text) for _printf_post_padding
    vsnprintf.o(.text) refers (Special) to _printf_s.o(.ARM.Collect$$_printf_percent$$00000014) for _printf_s
    vsnprintf.o(.text) refers (Special) to _printf_str.o(.text) for _printf_str
    vsnprintf.o(.text) refers (Special) to _printf_truncate.o(.text) for _printf_truncate_signed
    vsnprintf.o(.text) refers (Special) to _printf_u.o(.ARM.Collect$$_printf_percent$$0000000A) for _printf_u
    vsnprintf.o(.text) refers (Special) to _printf_wctomb.o(.text) for _printf_wctomb
    vsnprintf.o(.text) refers (Special) to _printf_x.o(.ARM.Collect$$_printf_percent$$0000000C) for _printf_x
    vsnprintf.o(.text) refers to _printf_char_common.o(.text) for _printf_char_common
    vsnprintf.o(.text) refers to _sputc.o(.text) for _sputc
    vsnprintf.o(.text) refers to _snputc.o(.text) for _snputc
    __2printf.o(.text) refers to _printf_char_file.o(.text) for _printf_char_file
    __2printf.o(.text) refers to usart.o(.data) for __stdout
    noretval__2printf.o(.text) refers to _printf_char_file.o(.text) for _printf_char_file
    noretval__2printf.o(.text) refers to usart.o(.data) for __stdout
    __printf.o(.text) refers to _printf_percent.o(.ARM.Collect$$_printf_percent$$00000000) for _printf_percent
    _printf_dec.o(.text) refers (Weak) to _printf_truncate.o(.text) for _printf_truncate_signed
    _printf_dec.o(.text) refers (Weak) to _printf_truncate.o(.text) for _printf_truncate_unsigned
    _printf_dec.o(.text) refers to _printf_intcommon.o(.text) for _printf_int_common
    __printf_flags.o(.text) refers to _printf_percent.o(.ARM.Collect$$_printf_percent$$00000000) for _printf_percent
    __printf_flags.o(.text) refers to __printf_flags.o(.constdata) for .constdata
    __printf_ss.o(.text) refers to _printf_percent.o(.ARM.Collect$$_printf_percent$$00000000) for _printf_percent
    __printf_flags_ss.o(.text) refers to _printf_percent.o(.ARM.Collect$$_printf_percent$$00000000) for _printf_percent
    __printf_flags_ss.o(.text) refers to __printf_flags_ss.o(.constdata) for .constdata
    __printf_wp.o(.text) refers to __printf_wp.o(i._is_digit) for _is_digit
    __printf_wp.o(.text) refers to _printf_percent.o(.ARM.Collect$$_printf_percent$$00000000) for _printf_percent
    __printf_flags_wp.o(.text) refers to __printf_wp.o(i._is_digit) for _is_digit
    __printf_flags_wp.o(.text) refers to _printf_percent.o(.ARM.Collect$$_printf_percent$$00000000) for _printf_percent
    __printf_flags_wp.o(.text) refers to __printf_flags_wp.o(.constdata) for .constdata
    __printf_ss_wp.o(.text) refers to __printf_wp.o(i._is_digit) for _is_digit
    __printf_ss_wp.o(.text) refers to _printf_percent.o(.ARM.Collect$$_printf_percent$$00000000) for _printf_percent
    __printf_flags_ss_wp.o(.text) refers to __printf_wp.o(i._is_digit) for _is_digit
    __printf_flags_ss_wp.o(.text) refers to _printf_percent.o(.ARM.Collect$$_printf_percent$$00000000) for _printf_percent
    __printf_flags_ss_wp.o(.text) refers to __printf_flags_ss_wp.o(.constdata) for .constdata
    _printf_d.o(.ARM.Collect$$_printf_percent$$00000009) refers (Weak) to _printf_dec.o(.text) for _printf_int_dec
    _printf_percent.o(.ARM.Collect$$_printf_percent$$00000000) refers (Special) to _printf_percent_end.o(.ARM.Collect$$_printf_percent$$00000017) for _printf_percent_end
    vsscanf.o(.text) refers (Special) to _scanf_int.o(.text) for _scanf_int
    vsscanf.o(.text) refers (Special) to _scanf_longlong.o(.text) for _scanf_longlong
    vsscanf.o(.text) refers (Special) to _scanf_mbtowc.o(.text) for _scanf_mbtowc
    vsscanf.o(.text) refers (Special) to scanf1.o(x$fpl$scanf1) for _scanf_real
    vsscanf.o(.text) refers (Special) to _scanf_str.o(.text) for _scanf_string
    vsscanf.o(.text) refers (Special) to _scanf_wctomb.o(.text) for _scanf_wctomb
    vsscanf.o(.text) refers (Special) to _scanf_wstr.o(.text) for _scanf_wstring
    vsscanf.o(.text) refers to scanf_char.o(.text) for __vfscanf_char
    vsscanf.o(.text) refers to _sgetc.o(.text) for _sgetc
    strtol.o(.text) refers to rt_ctype_table.o(.text) for __rt_ctype_table
    strtol.o(.text) refers to _strtoul.o(.text) for _strtoul
    strtol.o(.text) refers to rt_errno_addr_intlibspace.o(.text) for __aeabi_errno_addr
    strtoul.o(.text) refers to rt_errno_addr_intlibspace.o(.text) for __aeabi_errno_addr
    strtoul.o(.text) refers to rt_ctype_table.o(.text) for __rt_ctype_table
    strtoul.o(.text) refers to _strtoul.o(.text) for _strtoul
    strcasecmp.o(.text) refers to tolower.o(.text) for tolower
    rt_memcpy_v6.o(.text) refers to rt_memcpy_w.o(.text) for __aeabi_memcpy4
    rt_memmove_v6.o(.text) refers to rt_memcpy_v6.o(.text) for __aeabi_memcpy
    rt_memmove_v6.o(.text) refers to rt_memmove_w.o(.text) for __memmove_aligned
    rt_memmove_w.o(.text) refers to rt_memcpy_w.o(.text) for __aeabi_memcpy4
    rt_memclr.o(.text) refers to rt_memclr_w.o(.text) for _memset_w
    strncpy.o(.text) refers to rt_memclr.o(.text) for __aeabi_memclr
    __main.o(!!!main) refers to __rtentry.o(.ARM.Collect$$rtentry$$00000000) for __rt_entry
    d2f.o(x$fpl$d2f) refers (Special) to usenofp.o(x$fpl$usenofp) for __I$use$fp
    d2f.o(x$fpl$d2f) refers to fretinf.o(x$fpl$fretinf) for __fpl_fretinf
    d2f.o(x$fpl$d2f) refers to dnaninf.o(x$fpl$dnaninf) for __fpl_dnaninf
    daddsub_clz.o(x$fpl$dadd) refers (Special) to usenofp.o(x$fpl$usenofp) for __I$use$fp
    daddsub_clz.o(x$fpl$dadd) refers to daddsub_clz.o(x$fpl$dsub) for _dsub1
    daddsub_clz.o(x$fpl$dadd) refers to dretinf.o(x$fpl$dretinf) for __fpl_dretinf
    daddsub_clz.o(x$fpl$dadd) refers to dnaninf.o(x$fpl$dnaninf) for __fpl_dnaninf
    daddsub_clz.o(x$fpl$drsb) refers (Special) to usenofp.o(x$fpl$usenofp) for __I$use$fp
    daddsub_clz.o(x$fpl$drsb) refers to daddsub_clz.o(x$fpl$dadd) for _dadd1
    daddsub_clz.o(x$fpl$drsb) refers to daddsub_clz.o(x$fpl$dsub) for _dsub1
    daddsub_clz.o(x$fpl$dsub) refers (Special) to usenofp.o(x$fpl$usenofp) for __I$use$fp
    daddsub_clz.o(x$fpl$dsub) refers to daddsub_clz.o(x$fpl$dadd) for _dadd1
    daddsub_clz.o(x$fpl$dsub) refers to dnaninf.o(x$fpl$dnaninf) for __fpl_dnaninf
    ddiv.o(x$fpl$drdiv) refers (Special) to usenofp.o(x$fpl$usenofp) for __I$use$fp
    ddiv.o(x$fpl$drdiv) refers to ddiv.o(x$fpl$ddiv) for ddiv_entry
    ddiv.o(x$fpl$ddiv) refers (Special) to usenofp.o(x$fpl$usenofp) for __I$use$fp
    ddiv.o(x$fpl$ddiv) refers to dretinf.o(x$fpl$dretinf) for __fpl_dretinf
    ddiv.o(x$fpl$ddiv) refers to dnaninf.o(x$fpl$dnaninf) for __fpl_dnaninf
    deqf.o(x$fpl$deqf) refers (Special) to usenofp.o(x$fpl$usenofp) for __I$use$fp
    deqf.o(x$fpl$deqf) refers to dnaninf.o(x$fpl$dnaninf) for __fpl_dnaninf
    deqf.o(x$fpl$deqf) refers to dcmpi.o(x$fpl$dcmpinf) for __fpl_dcmp_Inf
    dfix.o(x$fpl$dfix) refers (Special) to usenofp.o(x$fpl$usenofp) for __I$use$fp
    dfix.o(x$fpl$dfix) refers to dnaninf.o(x$fpl$dnaninf) for __fpl_dnaninf
    dfix.o(x$fpl$dfixr) refers (Special) to usenofp.o(x$fpl$usenofp) for __I$use$fp
    dfix.o(x$fpl$dfixr) refers to dnaninf.o(x$fpl$dnaninf) for __fpl_dnaninf
    dfixll.o(x$fpl$llsfromd) refers (Special) to usenofp.o(x$fpl$usenofp) for __I$use$fp
    dfixll.o(x$fpl$llsfromd) refers to dnaninf.o(x$fpl$dnaninf) for __fpl_dnaninf
    dfixll.o(x$fpl$llsfromdr) refers (Special) to usenofp.o(x$fpl$usenofp) for __I$use$fp
    dfixll.o(x$fpl$llsfromdr) refers to dnaninf.o(x$fpl$dnaninf) for __fpl_dnaninf
    dfixu.o(x$fpl$dfixu) refers (Special) to usenofp.o(x$fpl$usenofp) for __I$use$fp
    dfixu.o(x$fpl$dfixu) refers to dnaninf.o(x$fpl$dnaninf) for __fpl_dnaninf
    dfixu.o(x$fpl$dfixur) refers (Special) to usenofp.o(x$fpl$usenofp) for __I$use$fp
    dfixu.o(x$fpl$dfixur) refers to dnaninf.o(x$fpl$dnaninf) for __fpl_dnaninf
    dflt_clz.o(x$fpl$dfltu) refers (Special) to usenofp.o(x$fpl$usenofp) for __I$use$fp
    dflt_clz.o(x$fpl$dflt) refers (Special) to usenofp.o(x$fpl$usenofp) for __I$use$fp
    dflt_clz.o(x$fpl$dfltn) refers (Special) to usenofp.o(x$fpl$usenofp) for __I$use$fp
    dfltll_clz.o(x$fpl$dfltll) refers (Special) to usenofp.o(x$fpl$usenofp) for __I$use$fp
    dfltll_clz.o(x$fpl$dfltull) refers (Special) to usenofp.o(x$fpl$usenofp) for __I$use$fp
    dleqf.o(x$fpl$dleqf) refers (Special) to usenofp.o(x$fpl$usenofp) for __I$use$fp
    dleqf.o(x$fpl$dleqf) refers to dnaninf.o(x$fpl$dnaninf) for __fpl_dnaninf
    dleqf.o(x$fpl$dleqf) refers to dcmpi.o(x$fpl$dcmpinf) for __fpl_dcmp_Inf
    dmul.o(x$fpl$dmul) refers (Special) to usenofp.o(x$fpl$usenofp) for __I$use$fp
    dmul.o(x$fpl$dmul) refers to dretinf.o(x$fpl$dretinf) for __fpl_dretinf
    dmul.o(x$fpl$dmul) refers to dnaninf.o(x$fpl$dnaninf) for __fpl_dnaninf
    drleqf.o(x$fpl$drleqf) refers (Special) to usenofp.o(x$fpl$usenofp) for __I$use$fp
    drleqf.o(x$fpl$drleqf) refers to dleqf.o(x$fpl$dleqf) for __fpl_dcmple_InfNaN
    f2d.o(x$fpl$f2d) refers (Special) to usenofp.o(x$fpl$usenofp) for __I$use$fp
    f2d.o(x$fpl$f2d) refers to fnaninf.o(x$fpl$fnaninf) for __fpl_fnaninf
    f2d.o(x$fpl$f2d) refers to dretinf.o(x$fpl$dretinf) for __fpl_dretinf
    faddsub_clz.o(x$fpl$fadd) refers (Special) to usenofp.o(x$fpl$usenofp) for __I$use$fp
    faddsub_clz.o(x$fpl$fadd) refers to faddsub_clz.o(x$fpl$fsub) for _fsub1
    faddsub_clz.o(x$fpl$fadd) refers to fretinf.o(x$fpl$fretinf) for __fpl_fretinf
    faddsub_clz.o(x$fpl$fadd) refers to fnaninf.o(x$fpl$fnaninf) for __fpl_fnaninf
    faddsub_clz.o(x$fpl$frsb) refers (Special) to usenofp.o(x$fpl$usenofp) for __I$use$fp
    faddsub_clz.o(x$fpl$frsb) refers to faddsub_clz.o(x$fpl$fadd) for _fadd1
    faddsub_clz.o(x$fpl$frsb) refers to faddsub_clz.o(x$fpl$fsub) for _fsub1
    faddsub_clz.o(x$fpl$fsub) refers (Special) to usenofp.o(x$fpl$usenofp) for __I$use$fp
    faddsub_clz.o(x$fpl$fsub) refers to faddsub_clz.o(x$fpl$fadd) for _fadd1
    faddsub_clz.o(x$fpl$fsub) refers to fnaninf.o(x$fpl$fnaninf) for __fpl_fnaninf
    fdiv.o(x$fpl$frdiv) refers (Special) to usenofp.o(x$fpl$usenofp) for __I$use$fp
    fdiv.o(x$fpl$frdiv) refers to fdiv.o(x$fpl$fdiv) for _fdiv1
    fdiv.o(x$fpl$fdiv) refers (Special) to usenofp.o(x$fpl$usenofp) for __I$use$fp
    fdiv.o(x$fpl$fdiv) refers to fretinf.o(x$fpl$fretinf) for __fpl_fretinf
    fdiv.o(x$fpl$fdiv) refers to fnaninf.o(x$fpl$fnaninf) for __fpl_fnaninf
    feqf.o(x$fpl$feqf) refers (Special) to usenofp.o(x$fpl$usenofp) for __I$use$fp
    feqf.o(x$fpl$feqf) refers to fnaninf.o(x$fpl$fnaninf) for __fpl_fnaninf
    feqf.o(x$fpl$feqf) refers to fcmpi.o(x$fpl$fcmpinf) for __fpl_fcmp_Inf
    ffix.o(x$fpl$ffix) refers (Special) to usenofp.o(x$fpl$usenofp) for __I$use$fp
    ffix.o(x$fpl$ffix) refers to fnaninf.o(x$fpl$fnaninf) for __fpl_fnaninf
    ffix.o(x$fpl$ffixr) refers (Special) to usenofp.o(x$fpl$usenofp) for __I$use$fp
    ffix.o(x$fpl$ffixr) refers to fnaninf.o(x$fpl$fnaninf) for __fpl_fnaninf
    ffixu.o(x$fpl$ffixu) refers (Special) to usenofp.o(x$fpl$usenofp) for __I$use$fp
    ffixu.o(x$fpl$ffixu) refers to fnaninf.o(x$fpl$fnaninf) for __fpl_fnaninf
    ffixu.o(x$fpl$ffixur) refers (Special) to usenofp.o(x$fpl$usenofp) for __I$use$fp
    ffixu.o(x$fpl$ffixur) refers to fnaninf.o(x$fpl$fnaninf) for __fpl_fnaninf
    fflt_clz.o(x$fpl$ffltu) refers (Special) to usenofp.o(x$fpl$usenofp) for __I$use$fp
    fflt_clz.o(x$fpl$fflt) refers (Special) to usenofp.o(x$fpl$usenofp) for __I$use$fp
    fflt_clz.o(x$fpl$ffltn) refers (Special) to usenofp.o(x$fpl$usenofp) for __I$use$fp
    ffltll_clz.o(x$fpl$ffltll) refers (Special) to usenofp.o(x$fpl$usenofp) for __I$use$fp
    fleqf.o(x$fpl$fleqf) refers (Special) to usenofp.o(x$fpl$usenofp) for __I$use$fp
    fleqf.o(x$fpl$fleqf) refers to fnaninf.o(x$fpl$fnaninf) for __fpl_fnaninf
    fleqf.o(x$fpl$fleqf) refers to fcmpi.o(x$fpl$fcmpinf) for __fpl_fcmp_Inf
    fmul.o(x$fpl$fmul) refers (Special) to usenofp.o(x$fpl$usenofp) for __I$use$fp
    fmul.o(x$fpl$fmul) refers to fretinf.o(x$fpl$fretinf) for __fpl_fretinf
    fmul.o(x$fpl$fmul) refers to fnaninf.o(x$fpl$fnaninf) for __fpl_fnaninf
    frleqf.o(x$fpl$frleqf) refers (Special) to usenofp.o(x$fpl$usenofp) for __I$use$fp
    frleqf.o(x$fpl$frleqf) refers to fleqf.o(x$fpl$fleqf) for __fpl_fcmple_InfNaN
    acos.o(i.__softfp_acos) refers (Special) to usenofp.o(x$fpl$usenofp) for __I$use$fp
    acos.o(i.__softfp_acos) refers to acos.o(i.acos) for acos
    acos.o(i.acos) refers (Special) to usenofp.o(x$fpl$usenofp) for __I$use$fp
    acos.o(i.acos) refers to dunder.o(i.__mathlib_dbl_infnan) for __mathlib_dbl_infnan
    acos.o(i.acos) refers to _rserrno.o(.text) for __set_errno
    acos.o(i.acos) refers to dunder.o(i.__mathlib_dbl_invalid) for __mathlib_dbl_invalid
    acos.o(i.acos) refers to dmul.o(x$fpl$dmul) for __aeabi_dmul
    acos.o(i.acos) refers to poly.o(i.__kernel_poly) for __kernel_poly
    acos.o(i.acos) refers to daddsub_clz.o(x$fpl$dadd) for __aeabi_dadd
    acos.o(i.acos) refers to ddiv.o(x$fpl$ddiv) for __aeabi_ddiv
    acos.o(i.acos) refers to daddsub_clz.o(x$fpl$drsb) for __aeabi_drsub
    acos.o(i.acos) refers to scalbn.o(x$fpl$scalbn) for __ARM_scalbn
    acos.o(i.acos) refers to sqrt.o(i.sqrt) for sqrt
    acos.o(i.acos) refers to daddsub_clz.o(x$fpl$dsub) for __aeabi_dsub
    acos.o(i.acos) refers to acos.o(.constdata) for .constdata
    acos.o(.constdata) refers (Special) to usenofp.o(x$fpl$usenofp) for __I$use$fp
    acos_x.o(i.____softfp_acos$lsc) refers (Special) to usenofp.o(x$fpl$usenofp) for __I$use$fp
    acos_x.o(i.____softfp_acos$lsc) refers to acos_x.o(i.__acos$lsc) for __acos$lsc
    acos_x.o(i.__acos$lsc) refers (Special) to usenofp.o(x$fpl$usenofp) for __I$use$fp
    acos_x.o(i.__acos$lsc) refers to dunder.o(i.__mathlib_dbl_infnan) for __mathlib_dbl_infnan
    acos_x.o(i.__acos$lsc) refers to _rserrno.o(.text) for __set_errno
    acos_x.o(i.__acos$lsc) refers to dmul.o(x$fpl$dmul) for __aeabi_dmul
    acos_x.o(i.__acos$lsc) refers to poly.o(i.__kernel_poly) for __kernel_poly
    acos_x.o(i.__acos$lsc) refers to daddsub_clz.o(x$fpl$dadd) for __aeabi_dadd
    acos_x.o(i.__acos$lsc) refers to ddiv.o(x$fpl$ddiv) for __aeabi_ddiv
    acos_x.o(i.__acos$lsc) refers to daddsub_clz.o(x$fpl$drsb) for __aeabi_drsub
    acos_x.o(i.__acos$lsc) refers to scalbn.o(x$fpl$scalbn) for __ARM_scalbn
    acos_x.o(i.__acos$lsc) refers to sqrt.o(i.sqrt) for sqrt
    acos_x.o(i.__acos$lsc) refers to daddsub_clz.o(x$fpl$dsub) for __aeabi_dsub
    acos_x.o(i.__acos$lsc) refers to acos_x.o(.constdata) for .constdata
    acos_x.o(.constdata) refers (Special) to usenofp.o(x$fpl$usenofp) for __I$use$fp
    asin.o(i.__softfp_asin) refers (Special) to usenofp.o(x$fpl$usenofp) for __I$use$fp
    asin.o(i.__softfp_asin) refers to asin.o(i.asin) for asin
    asin.o(i.asin) refers (Special) to usenofp.o(x$fpl$usenofp) for __I$use$fp
    asin.o(i.asin) refers to dunder.o(i.__mathlib_dbl_infnan) for __mathlib_dbl_infnan
    asin.o(i.asin) refers to dmul.o(x$fpl$dmul) for __aeabi_dmul
    asin.o(i.asin) refers to daddsub_clz.o(x$fpl$dadd) for __aeabi_dadd
    asin.o(i.asin) refers to _rserrno.o(.text) for __set_errno
    asin.o(i.asin) refers to dunder.o(i.__mathlib_dbl_invalid) for __mathlib_dbl_invalid
    asin.o(i.asin) refers to fpclassify.o(i.__ARM_fpclassify) for __ARM_fpclassify
    asin.o(i.asin) refers to dunder.o(i.__mathlib_dbl_underflow) for __mathlib_dbl_underflow
    asin.o(i.asin) refers to poly.o(i.__kernel_poly) for __kernel_poly
    asin.o(i.asin) refers to ddiv.o(x$fpl$ddiv) for __aeabi_ddiv
    asin.o(i.asin) refers to daddsub_clz.o(x$fpl$drsb) for __aeabi_drsub
    asin.o(i.asin) refers to scalbn.o(x$fpl$scalbn) for __ARM_scalbn
    asin.o(i.asin) refers to sqrt.o(i.sqrt) for sqrt
    asin.o(i.asin) refers to daddsub_clz.o(x$fpl$dsub) for __aeabi_dsub
    asin.o(i.asin) refers to asin.o(.constdata) for .constdata
    asin.o(.constdata) refers (Special) to usenofp.o(x$fpl$usenofp) for __I$use$fp
    asin_x.o(i.____softfp_asin$lsc) refers (Special) to usenofp.o(x$fpl$usenofp) for __I$use$fp
    asin_x.o(i.____softfp_asin$lsc) refers to asin_x.o(i.__asin$lsc) for __asin$lsc
    asin_x.o(i.__asin$lsc) refers (Special) to usenofp.o(x$fpl$usenofp) for __I$use$fp
    asin_x.o(i.__asin$lsc) refers to dunder.o(i.__mathlib_dbl_infnan) for __mathlib_dbl_infnan
    asin_x.o(i.__asin$lsc) refers to dmul.o(x$fpl$dmul) for __aeabi_dmul
    asin_x.o(i.__asin$lsc) refers to daddsub_clz.o(x$fpl$dadd) for __aeabi_dadd
    asin_x.o(i.__asin$lsc) refers to _rserrno.o(.text) for __set_errno
    asin_x.o(i.__asin$lsc) refers to poly.o(i.__kernel_poly) for __kernel_poly
    asin_x.o(i.__asin$lsc) refers to ddiv.o(x$fpl$ddiv) for __aeabi_ddiv
    asin_x.o(i.__asin$lsc) refers to daddsub_clz.o(x$fpl$drsb) for __aeabi_drsub
    asin_x.o(i.__asin$lsc) refers to scalbn.o(x$fpl$scalbn) for __ARM_scalbn
    asin_x.o(i.__asin$lsc) refers to sqrt.o(i.sqrt) for sqrt
    asin_x.o(i.__asin$lsc) refers to daddsub_clz.o(x$fpl$dsub) for __aeabi_dsub
    asin_x.o(i.__asin$lsc) refers to asin_x.o(.constdata) for .constdata
    asin_x.o(.constdata) refers (Special) to usenofp.o(x$fpl$usenofp) for __I$use$fp
    atan.o(i.__softfp_atan) refers (Special) to usenofp.o(x$fpl$usenofp) for __I$use$fp
    atan.o(i.__softfp_atan) refers to atan.o(i.atan) for atan
    atan.o(i.atan) refers (Special) to usenofp.o(x$fpl$usenofp) for __I$use$fp
    atan.o(i.atan) refers to dunder.o(i.__mathlib_dbl_infnan) for __mathlib_dbl_infnan
    atan.o(i.atan) refers to fpclassify.o(i.__ARM_fpclassify) for __ARM_fpclassify
    atan.o(i.atan) refers to dunder.o(i.__mathlib_dbl_underflow) for __mathlib_dbl_underflow
    atan.o(i.atan) refers to daddsub_clz.o(x$fpl$dadd) for __aeabi_dadd
    atan.o(i.atan) refers to scalbn.o(x$fpl$scalbn) for __ARM_scalbn
    atan.o(i.atan) refers to daddsub_clz.o(x$fpl$dsub) for __aeabi_dsub
    atan.o(i.atan) refers to ddiv.o(x$fpl$ddiv) for __aeabi_ddiv
    atan.o(i.atan) refers to dmul.o(x$fpl$dmul) for __aeabi_dmul
    atan.o(i.atan) refers to poly.o(i.__kernel_poly) for __kernel_poly
    atan.o(i.atan) refers to daddsub_clz.o(x$fpl$drsb) for __aeabi_drsub
    atan.o(i.atan) refers to atan.o(.constdata) for .constdata
    atan.o(.constdata) refers (Special) to usenofp.o(x$fpl$usenofp) for __I$use$fp
    atan_x.o(i.____softfp_atan$lsc) refers (Special) to usenofp.o(x$fpl$usenofp) for __I$use$fp
    atan_x.o(i.____softfp_atan$lsc) refers to atan_x.o(i.__atan$lsc) for __atan$lsc
    atan_x.o(i.__atan$lsc) refers (Special) to usenofp.o(x$fpl$usenofp) for __I$use$fp
    atan_x.o(i.__atan$lsc) refers to dunder.o(i.__mathlib_dbl_infnan) for __mathlib_dbl_infnan
    atan_x.o(i.__atan$lsc) refers to daddsub_clz.o(x$fpl$dadd) for __aeabi_dadd
    atan_x.o(i.__atan$lsc) refers to scalbn.o(x$fpl$scalbn) for __ARM_scalbn
    atan_x.o(i.__atan$lsc) refers to daddsub_clz.o(x$fpl$dsub) for __aeabi_dsub
    atan_x.o(i.__atan$lsc) refers to ddiv.o(x$fpl$ddiv) for __aeabi_ddiv
    atan_x.o(i.__atan$lsc) refers to dmul.o(x$fpl$dmul) for __aeabi_dmul
    atan_x.o(i.__atan$lsc) refers to poly.o(i.__kernel_poly) for __kernel_poly
    atan_x.o(i.__atan$lsc) refers to daddsub_clz.o(x$fpl$drsb) for __aeabi_drsub
    atan_x.o(i.__atan$lsc) refers to atan_x.o(.constdata) for .constdata
    atan_x.o(.constdata) refers (Special) to usenofp.o(x$fpl$usenofp) for __I$use$fp
    atof.o(i.__softfp_atof) refers (Special) to usenofp.o(x$fpl$usenofp) for __I$use$fp
    atof.o(i.__softfp_atof) refers to _rserrno.o(.text) for __read_errno
    atof.o(i.__softfp_atof) refers to strtod.o(.text) for __strtod_int
    atof.o(i.atof) refers (Special) to usenofp.o(x$fpl$usenofp) for __I$use$fp
    atof.o(i.atof) refers to _rserrno.o(.text) for __read_errno
    atof.o(i.atof) refers to strtod.o(.text) for __strtod_int
    ceil.o(i.__softfp_ceil) refers (Special) to usenofp.o(x$fpl$usenofp) for __I$use$fp
    ceil.o(i.__softfp_ceil) refers to ceil.o(i.ceil) for ceil
    ceil.o(i.ceil) refers (Special) to usenofp.o(x$fpl$usenofp) for __I$use$fp
    ceil.o(i.ceil) refers to daddsub_clz.o(x$fpl$dadd) for __aeabi_dadd
    ceil.o(i.ceil) refers to drleqf.o(x$fpl$drleqf) for __aeabi_cdrcmple
    ceil.o(i.ceil) refers to daddsub_clz.o(x$fpl$drsb) for __aeabi_drsub
    cos.o(i.__softfp_cos) refers (Special) to usenofp.o(x$fpl$usenofp) for __I$use$fp
    cos.o(i.__softfp_cos) refers to cos.o(i.cos) for cos
    cos.o(i.cos) refers (Special) to usenofp.o(x$fpl$usenofp) for __I$use$fp
    cos.o(i.cos) refers to _rserrno.o(.text) for __set_errno
    cos.o(i.cos) refers to dunder.o(i.__mathlib_dbl_invalid) for __mathlib_dbl_invalid
    cos.o(i.cos) refers to dunder.o(i.__mathlib_dbl_infnan) for __mathlib_dbl_infnan
    cos.o(i.cos) refers to rred.o(i.__ieee754_rem_pio2) for __ieee754_rem_pio2
    cos.o(i.cos) refers to sin_i.o(i.__kernel_sin) for __kernel_sin
    cos.o(i.cos) refers to cos_i.o(i.__kernel_cos) for __kernel_cos
    cos_x.o(i.____softfp_cos$lsc) refers (Special) to usenofp.o(x$fpl$usenofp) for __I$use$fp
    cos_x.o(i.____softfp_cos$lsc) refers to cos_x.o(i.__cos$lsc) for __cos$lsc
    cos_x.o(i.__cos$lsc) refers (Special) to usenofp.o(x$fpl$usenofp) for __I$use$fp
    cos_x.o(i.__cos$lsc) refers to _rserrno.o(.text) for __set_errno
    cos_x.o(i.__cos$lsc) refers to dunder.o(i.__mathlib_dbl_infnan) for __mathlib_dbl_infnan
    cos_x.o(i.__cos$lsc) refers to rred.o(i.__ieee754_rem_pio2) for __ieee754_rem_pio2
    cos_x.o(i.__cos$lsc) refers to sin_i.o(i.__kernel_sin) for __kernel_sin
    cos_x.o(i.__cos$lsc) refers to cos_i.o(i.__kernel_cos) for __kernel_cos
    exp.o(i.__softfp_exp) refers (Special) to usenofp.o(x$fpl$usenofp) for __I$use$fp
    exp.o(i.__softfp_exp) refers to exp.o(i.exp) for exp
    exp.o(i.exp) refers (Special) to usenofp.o(x$fpl$usenofp) for __I$use$fp
    exp.o(i.exp) refers to dunder.o(i.__mathlib_dbl_infnan) for __mathlib_dbl_infnan
    exp.o(i.exp) refers to drleqf.o(x$fpl$drleqf) for __aeabi_cdrcmple
    exp.o(i.exp) refers to _rserrno.o(.text) for __set_errno
    exp.o(i.exp) refers to dunder.o(i.__mathlib_dbl_overflow) for __mathlib_dbl_overflow
    exp.o(i.exp) refers to dleqf.o(x$fpl$dleqf) for __aeabi_cdcmple
    exp.o(i.exp) refers to dunder.o(i.__mathlib_dbl_underflow) for __mathlib_dbl_underflow
    exp.o(i.exp) refers to daddsub_clz.o(x$fpl$dsub) for __aeabi_dsub
    exp.o(i.exp) refers to dmul.o(x$fpl$dmul) for __aeabi_dmul
    exp.o(i.exp) refers to daddsub_clz.o(x$fpl$dadd) for __aeabi_dadd
    exp.o(i.exp) refers to dfix.o(x$fpl$dfix) for __aeabi_d2iz
    exp.o(i.exp) refers to dflt_clz.o(x$fpl$dflt) for __aeabi_i2d
    exp.o(i.exp) refers to daddsub_clz.o(x$fpl$drsb) for __aeabi_drsub
    exp.o(i.exp) refers to poly.o(i.__kernel_poly) for __kernel_poly
    exp.o(i.exp) refers to ddiv.o(x$fpl$ddiv) for __aeabi_ddiv
    exp.o(i.exp) refers to scalbn.o(x$fpl$scalbn) for __ARM_scalbn
    exp.o(i.exp) refers to fpclassify.o(i.__ARM_fpclassify) for __ARM_fpclassify
    exp.o(i.exp) refers to exp.o(.constdata) for .constdata
    exp.o(.constdata) refers (Special) to usenofp.o(x$fpl$usenofp) for __I$use$fp
    exp_x.o(i.____softfp_exp$lsc) refers (Special) to usenofp.o(x$fpl$usenofp) for __I$use$fp
    exp_x.o(i.____softfp_exp$lsc) refers to exp_x.o(i.__exp$lsc) for __exp$lsc
    exp_x.o(i.__exp$lsc) refers (Special) to usenofp.o(x$fpl$usenofp) for __I$use$fp
    exp_x.o(i.__exp$lsc) refers to dunder.o(i.__mathlib_dbl_infnan) for __mathlib_dbl_infnan
    exp_x.o(i.__exp$lsc) refers to drleqf.o(x$fpl$drleqf) for __aeabi_cdrcmple
    exp_x.o(i.__exp$lsc) refers to _rserrno.o(.text) for __set_errno
    exp_x.o(i.__exp$lsc) refers to dleqf.o(x$fpl$dleqf) for __aeabi_cdcmple
    exp_x.o(i.__exp$lsc) refers to daddsub_clz.o(x$fpl$dsub) for __aeabi_dsub
    exp_x.o(i.__exp$lsc) refers to dmul.o(x$fpl$dmul) for __aeabi_dmul
    exp_x.o(i.__exp$lsc) refers to daddsub_clz.o(x$fpl$dadd) for __aeabi_dadd
    exp_x.o(i.__exp$lsc) refers to dfix.o(x$fpl$dfix) for __aeabi_d2iz
    exp_x.o(i.__exp$lsc) refers to dflt_clz.o(x$fpl$dflt) for __aeabi_i2d
    exp_x.o(i.__exp$lsc) refers to daddsub_clz.o(x$fpl$drsb) for __aeabi_drsub
    exp_x.o(i.__exp$lsc) refers to poly.o(i.__kernel_poly) for __kernel_poly
    exp_x.o(i.__exp$lsc) refers to ddiv.o(x$fpl$ddiv) for __aeabi_ddiv
    exp_x.o(i.__exp$lsc) refers to scalbn.o(x$fpl$scalbn) for __ARM_scalbn
    exp_x.o(i.__exp$lsc) refers to qnan.o(.constdata) for __mathlib_zero
    exp_x.o(i.__exp$lsc) refers to exp_x.o(.constdata) for .constdata
    exp_x.o(.constdata) refers (Special) to usenofp.o(x$fpl$usenofp) for __I$use$fp
    floor.o(i.__softfp_floor) refers (Special) to usenofp.o(x$fpl$usenofp) for __I$use$fp
    floor.o(i.__softfp_floor) refers to floor.o(i.floor) for floor
    floor.o(i.floor) refers (Special) to usenofp.o(x$fpl$usenofp) for __I$use$fp
    floor.o(i.floor) refers to daddsub_clz.o(x$fpl$dadd) for __aeabi_dadd
    floor.o(i.floor) refers to drleqf.o(x$fpl$drleqf) for __aeabi_cdrcmple
    floor.o(i.floor) refers to daddsub_clz.o(x$fpl$drsb) for __aeabi_drsub
    log.o(i.__softfp_log) refers (Special) to usenofp.o(x$fpl$usenofp) for __I$use$fp
    log.o(i.__softfp_log) refers to log.o(i.log) for log
    log.o(i.log) refers (Special) to usenofp.o(x$fpl$usenofp) for __I$use$fp
    log.o(i.log) refers to dunder.o(i.__mathlib_dbl_infnan) for __mathlib_dbl_infnan
    log.o(i.log) refers to _rserrno.o(.text) for __set_errno
    log.o(i.log) refers to dunder.o(i.__mathlib_dbl_invalid) for __mathlib_dbl_invalid
    log.o(i.log) refers to dunder.o(i.__mathlib_dbl_divzero) for __mathlib_dbl_divzero
    log.o(i.log) refers to scalbn.o(x$fpl$scalbn) for __ARM_scalbn
    log.o(i.log) refers to daddsub_clz.o(x$fpl$dsub) for __aeabi_dsub
    log.o(i.log) refers to deqf.o(x$fpl$deqf) for __aeabi_cdcmpeq
    log.o(i.log) refers to dflt_clz.o(x$fpl$dflt) for __aeabi_i2d
    log.o(i.log) refers to dmul.o(x$fpl$dmul) for __aeabi_dmul
    log.o(i.log) refers to daddsub_clz.o(x$fpl$dadd) for __aeabi_dadd
    log.o(i.log) refers to daddsub_clz.o(x$fpl$drsb) for __aeabi_drsub
    log.o(i.log) refers to ddiv.o(x$fpl$ddiv) for __aeabi_ddiv
    log.o(i.log) refers to poly.o(i.__kernel_poly) for __kernel_poly
    log.o(i.log) refers to qnan.o(.constdata) for __mathlib_zero
    log.o(i.log) refers to log.o(.constdata) for .constdata
    log.o(.constdata) refers (Special) to usenofp.o(x$fpl$usenofp) for __I$use$fp
    log_x.o(i.____softfp_log$lsc) refers (Special) to usenofp.o(x$fpl$usenofp) for __I$use$fp
    log_x.o(i.____softfp_log$lsc) refers to log_x.o(i.__log$lsc) for __log$lsc
    log_x.o(i.__log$lsc) refers (Special) to usenofp.o(x$fpl$usenofp) for __I$use$fp
    log_x.o(i.__log$lsc) refers to dunder.o(i.__mathlib_dbl_infnan) for __mathlib_dbl_infnan
    log_x.o(i.__log$lsc) refers to _rserrno.o(.text) for __set_errno
    log_x.o(i.__log$lsc) refers to scalbn.o(x$fpl$scalbn) for __ARM_scalbn
    log_x.o(i.__log$lsc) refers to daddsub_clz.o(x$fpl$dsub) for __aeabi_dsub
    log_x.o(i.__log$lsc) refers to deqf.o(x$fpl$deqf) for __aeabi_cdcmpeq
    log_x.o(i.__log$lsc) refers to dflt_clz.o(x$fpl$dflt) for __aeabi_i2d
    log_x.o(i.__log$lsc) refers to dmul.o(x$fpl$dmul) for __aeabi_dmul
    log_x.o(i.__log$lsc) refers to daddsub_clz.o(x$fpl$dadd) for __aeabi_dadd
    log_x.o(i.__log$lsc) refers to daddsub_clz.o(x$fpl$drsb) for __aeabi_drsub
    log_x.o(i.__log$lsc) refers to ddiv.o(x$fpl$ddiv) for __aeabi_ddiv
    log_x.o(i.__log$lsc) refers to poly.o(i.__kernel_poly) for __kernel_poly
    log_x.o(i.__log$lsc) refers to qnan.o(.constdata) for __mathlib_zero
    log_x.o(i.__log$lsc) refers to log_x.o(.constdata) for .constdata
    log_x.o(.constdata) refers (Special) to usenofp.o(x$fpl$usenofp) for __I$use$fp
    log10.o(i.__softfp_log10) refers (Special) to usenofp.o(x$fpl$usenofp) for __I$use$fp
    log10.o(i.__softfp_log10) refers to log10.o(i.log10) for log10
    log10.o(i.log10) refers (Special) to usenofp.o(x$fpl$usenofp) for __I$use$fp
    log10.o(i.log10) refers to dunder.o(i.__mathlib_dbl_infnan) for __mathlib_dbl_infnan
    log10.o(i.log10) refers to _rserrno.o(.text) for __set_errno
    log10.o(i.log10) refers to dunder.o(i.__mathlib_dbl_invalid) for __mathlib_dbl_invalid
    log10.o(i.log10) refers to dunder.o(i.__mathlib_dbl_divzero) for __mathlib_dbl_divzero
    log10.o(i.log10) refers to scalbn.o(x$fpl$scalbn) for __ARM_scalbn
    log10.o(i.log10) refers to dflt_clz.o(x$fpl$dflt) for __aeabi_i2d
    log10.o(i.log10) refers to log.o(i.log) for log
    log10.o(i.log10) refers to dmul.o(x$fpl$dmul) for __aeabi_dmul
    log10.o(i.log10) refers to daddsub_clz.o(x$fpl$dadd) for __aeabi_dadd
    log10_x.o(i.____softfp_log10$lsc) refers (Special) to usenofp.o(x$fpl$usenofp) for __I$use$fp
    log10_x.o(i.____softfp_log10$lsc) refers to log10_x.o(i.__log10$lsc) for __log10$lsc
    log10_x.o(i.__log10$lsc) refers (Special) to usenofp.o(x$fpl$usenofp) for __I$use$fp
    log10_x.o(i.__log10$lsc) refers to dunder.o(i.__mathlib_dbl_infnan) for __mathlib_dbl_infnan
    log10_x.o(i.__log10$lsc) refers to _rserrno.o(.text) for __set_errno
    log10_x.o(i.__log10$lsc) refers to scalbn.o(x$fpl$scalbn) for __ARM_scalbn
    log10_x.o(i.__log10$lsc) refers to dflt_clz.o(x$fpl$dflt) for __aeabi_i2d
    log10_x.o(i.__log10$lsc) refers to log.o(i.log) for log
    log10_x.o(i.__log10$lsc) refers to dmul.o(x$fpl$dmul) for __aeabi_dmul
    log10_x.o(i.__log10$lsc) refers to daddsub_clz.o(x$fpl$dadd) for __aeabi_dadd
    pow.o(i.__softfp_pow) refers (Special) to usenofp.o(x$fpl$usenofp) for __I$use$fp
    pow.o(i.__softfp_pow) refers to pow.o(i.pow) for pow
    pow.o(i.pow) refers (Special) to usenofp.o(x$fpl$usenofp) for __I$use$fp
    pow.o(i.pow) refers to dunder.o(i.__mathlib_dbl_infnan2) for __mathlib_dbl_infnan2
    pow.o(i.pow) refers to _rserrno.o(.text) for __set_errno
    pow.o(i.pow) refers to dunder.o(i.__mathlib_dbl_divzero) for __mathlib_dbl_divzero
    pow.o(i.pow) refers to ddiv.o(x$fpl$ddiv) for __aeabi_ddiv
    pow.o(i.pow) refers to sqrt.o(i.sqrt) for sqrt
    pow.o(i.pow) refers to dmul.o(x$fpl$dmul) for __aeabi_dmul
    pow.o(i.pow) refers to dflt_clz.o(x$fpl$dflt) for __aeabi_i2d
    pow.o(i.pow) refers to dunder.o(i.__mathlib_dbl_invalid) for __mathlib_dbl_invalid
    pow.o(i.pow) refers to dunder.o(i.__mathlib_dbl_overflow) for __mathlib_dbl_overflow
    pow.o(i.pow) refers to dunder.o(i.__mathlib_dbl_underflow) for __mathlib_dbl_underflow
    pow.o(i.pow) refers to daddsub_clz.o(x$fpl$dsub) for __aeabi_dsub
    pow.o(i.pow) refers to scalbn.o(x$fpl$scalbn) for __ARM_scalbn
    pow.o(i.pow) refers to daddsub_clz.o(x$fpl$drsb) for __aeabi_drsub
    pow.o(i.pow) refers to daddsub_clz.o(x$fpl$dadd) for __aeabi_dadd
    pow.o(i.pow) refers to qnan.o(.constdata) for __mathlib_zero
    pow.o(i.pow) refers to poly.o(i.__kernel_poly) for __kernel_poly
    pow.o(i.pow) refers to drleqf.o(x$fpl$drleqf) for __aeabi_cdrcmple
    pow.o(i.pow) refers to pow.o(.constdata) for .constdata
    pow.o(i.pow) refers to fpclassify.o(i.__ARM_fpclassify) for __ARM_fpclassify
    pow.o(.constdata) refers (Special) to usenofp.o(x$fpl$usenofp) for __I$use$fp
    pow_x.o(i.____softfp_pow$lsc) refers (Special) to usenofp.o(x$fpl$usenofp) for __I$use$fp
    pow_x.o(i.____softfp_pow$lsc) refers to pow_x.o(i.__pow$lsc) for __pow$lsc
    pow_x.o(i.__pow$lsc) refers (Special) to usenofp.o(x$fpl$usenofp) for __I$use$fp
    pow_x.o(i.__pow$lsc) refers to dunder.o(i.__mathlib_dbl_infnan2) for __mathlib_dbl_infnan2
    pow_x.o(i.__pow$lsc) refers to _rserrno.o(.text) for __set_errno
    pow_x.o(i.__pow$lsc) refers to ddiv.o(x$fpl$ddiv) for __aeabi_ddiv
    pow_x.o(i.__pow$lsc) refers to sqrt.o(i.sqrt) for sqrt
    pow_x.o(i.__pow$lsc) refers to dmul.o(x$fpl$dmul) for __aeabi_dmul
    pow_x.o(i.__pow$lsc) refers to dflt_clz.o(x$fpl$dflt) for __aeabi_i2d
    pow_x.o(i.__pow$lsc) refers to daddsub_clz.o(x$fpl$dsub) for __aeabi_dsub
    pow_x.o(i.__pow$lsc) refers to scalbn.o(x$fpl$scalbn) for __ARM_scalbn
    pow_x.o(i.__pow$lsc) refers to daddsub_clz.o(x$fpl$drsb) for __aeabi_drsub
    pow_x.o(i.__pow$lsc) refers to daddsub_clz.o(x$fpl$dadd) for __aeabi_dadd
    pow_x.o(i.__pow$lsc) refers to qnan.o(.constdata) for __mathlib_zero
    pow_x.o(i.__pow$lsc) refers to poly.o(i.__kernel_poly) for __kernel_poly
    pow_x.o(i.__pow$lsc) refers to drleqf.o(x$fpl$drleqf) for __aeabi_cdrcmple
    pow_x.o(i.__pow$lsc) refers to pow_x.o(.constdata) for .constdata
    pow_x.o(.constdata) refers (Special) to usenofp.o(x$fpl$usenofp) for __I$use$fp
    sin.o(i.__softfp_sin) refers (Special) to usenofp.o(x$fpl$usenofp) for __I$use$fp
    sin.o(i.__softfp_sin) refers to sin.o(i.sin) for sin
    sin.o(i.sin) refers (Special) to usenofp.o(x$fpl$usenofp) for __I$use$fp
    sin.o(i.sin) refers to _rserrno.o(.text) for __set_errno
    sin.o(i.sin) refers to dunder.o(i.__mathlib_dbl_invalid) for __mathlib_dbl_invalid
    sin.o(i.sin) refers to dunder.o(i.__mathlib_dbl_infnan) for __mathlib_dbl_infnan
    sin.o(i.sin) refers to rred.o(i.__ieee754_rem_pio2) for __ieee754_rem_pio2
    sin.o(i.sin) refers to cos_i.o(i.__kernel_cos) for __kernel_cos
    sin.o(i.sin) refers to sin_i.o(i.__kernel_sin) for __kernel_sin
    sin_x.o(i.____softfp_sin$lsc) refers (Special) to usenofp.o(x$fpl$usenofp) for __I$use$fp
    sin_x.o(i.____softfp_sin$lsc) refers to sin_x.o(i.__sin$lsc) for __sin$lsc
    sin_x.o(i.__sin$lsc) refers (Special) to usenofp.o(x$fpl$usenofp) for __I$use$fp
    sin_x.o(i.__sin$lsc) refers to _rserrno.o(.text) for __set_errno
    sin_x.o(i.__sin$lsc) refers to dunder.o(i.__mathlib_dbl_infnan) for __mathlib_dbl_infnan
    sin_x.o(i.__sin$lsc) refers to rred.o(i.__ieee754_rem_pio2) for __ieee754_rem_pio2
    sin_x.o(i.__sin$lsc) refers to cos_i.o(i.__kernel_cos) for __kernel_cos
    sin_x.o(i.__sin$lsc) refers to sin_i.o(i.__kernel_sin) for __kernel_sin
    sqrt.o(i.__softfp_sqrt) refers (Special) to usenofp.o(x$fpl$usenofp) for __I$use$fp
    sqrt.o(i.__softfp_sqrt) refers to dsqrt_noumaal.o(x$fpl$dsqrt) for _dsqrt
    sqrt.o(i.__softfp_sqrt) refers to _rserrno.o(.text) for __set_errno
    sqrt.o(i.sqrt) refers (Special) to usenofp.o(x$fpl$usenofp) for __I$use$fp
    sqrt.o(i.sqrt) refers to dsqrt_noumaal.o(x$fpl$dsqrt) for _dsqrt
    sqrt.o(i.sqrt) refers to _rserrno.o(.text) for __set_errno
    sqrt_x.o(i.____softfp_sqrt$lsc) refers (Special) to usenofp.o(x$fpl$usenofp) for __I$use$fp
    sqrt_x.o(i.____softfp_sqrt$lsc) refers to dleqf.o(x$fpl$dleqf) for __aeabi_cdcmple
    sqrt_x.o(i.____softfp_sqrt$lsc) refers to _rserrno.o(.text) for __set_errno
    sqrt_x.o(i.____softfp_sqrt$lsc) refers to dsqrt_noumaal.o(x$fpl$dsqrt) for _dsqrt
    sqrt_x.o(i.__sqrt$lsc) refers (Special) to usenofp.o(x$fpl$usenofp) for __I$use$fp
    sqrt_x.o(i.__sqrt$lsc) refers to dleqf.o(x$fpl$dleqf) for __aeabi_cdcmple
    sqrt_x.o(i.__sqrt$lsc) refers to _rserrno.o(.text) for __set_errno
    sqrt_x.o(i.__sqrt$lsc) refers to dsqrt_noumaal.o(x$fpl$dsqrt) for _dsqrt
    tan.o(i.__softfp_tan) refers (Special) to usenofp.o(x$fpl$usenofp) for __I$use$fp
    tan.o(i.__softfp_tan) refers to _rserrno.o(.text) for __set_errno
    tan.o(i.__softfp_tan) refers to dunder.o(i.__mathlib_dbl_invalid) for __mathlib_dbl_invalid
    tan.o(i.__softfp_tan) refers to dunder.o(i.__mathlib_dbl_infnan) for __mathlib_dbl_infnan
    tan.o(i.__softfp_tan) refers to rred.o(i.__ieee754_rem_pio2) for __ieee754_rem_pio2
    tan.o(i.__softfp_tan) refers to tan_i.o(i.__kernel_tan) for __kernel_tan
    tan.o(i.tan) refers (Special) to usenofp.o(x$fpl$usenofp) for __I$use$fp
    tan.o(i.tan) refers to _rserrno.o(.text) for __set_errno
    tan.o(i.tan) refers to dunder.o(i.__mathlib_dbl_invalid) for __mathlib_dbl_invalid
    tan.o(i.tan) refers to dunder.o(i.__mathlib_dbl_infnan) for __mathlib_dbl_infnan
    tan.o(i.tan) refers to rred.o(i.__ieee754_rem_pio2) for __ieee754_rem_pio2
    tan.o(i.tan) refers to tan_i.o(i.__kernel_tan) for __kernel_tan
    tan_x.o(i.____softfp_tan$lsc) refers (Special) to usenofp.o(x$fpl$usenofp) for __I$use$fp
    tan_x.o(i.____softfp_tan$lsc) refers to _rserrno.o(.text) for __set_errno
    tan_x.o(i.____softfp_tan$lsc) refers to dunder.o(i.__mathlib_dbl_infnan) for __mathlib_dbl_infnan
    tan_x.o(i.____softfp_tan$lsc) refers to rred.o(i.__ieee754_rem_pio2) for __ieee754_rem_pio2
    tan_x.o(i.____softfp_tan$lsc) refers to tan_i.o(i.__kernel_tan) for __kernel_tan
    tan_x.o(i.__tan$lsc) refers (Special) to usenofp.o(x$fpl$usenofp) for __I$use$fp
    tan_x.o(i.__tan$lsc) refers to _rserrno.o(.text) for __set_errno
    tan_x.o(i.__tan$lsc) refers to dunder.o(i.__mathlib_dbl_infnan) for __mathlib_dbl_infnan
    tan_x.o(i.__tan$lsc) refers to rred.o(i.__ieee754_rem_pio2) for __ieee754_rem_pio2
    tan_x.o(i.__tan$lsc) refers to tan_i.o(i.__kernel_tan) for __kernel_tan
    __rtentry.o(.ARM.Collect$$rtentry$$00000000) refers (Special) to __rtentry2.o(.ARM.Collect$$rtentry$$0000000A) for __rt_entry_li
    __rtentry.o(.ARM.Collect$$rtentry$$00000000) refers (Special) to __rtentry2.o(.ARM.Collect$$rtentry$$0000000D) for __rt_entry_main
    __rtentry.o(.ARM.Collect$$rtentry$$00000000) refers (Special) to __rtentry2.o(.ARM.Collect$$rtentry$$0000000C) for __rt_entry_postli_1
    __rtentry.o(.ARM.Collect$$rtentry$$00000000) refers (Special) to __rtentry2.o(.ARM.Collect$$rtentry$$00000009) for __rt_entry_postsh_1
    __rtentry.o(.ARM.Collect$$rtentry$$00000000) refers (Special) to __rtentry2.o(.ARM.Collect$$rtentry$$00000002) for __rt_entry_presh_1
    __rtentry.o(.ARM.Collect$$rtentry$$00000000) refers (Special) to __rtentry4.o(.ARM.Collect$$rtentry$$00000004) for __rt_entry_sh
    rt_locale.o(.text) refers to rt_locale.o(.bss) for __rt_locale_data
    rt_locale_intlibspace.o(.text) refers to libspace.o(.bss) for __libspace_start
    rt_errno_addr.o(.text) refers to rt_errno_addr.o(.bss) for __aeabi_errno_addr_data
    rt_errno_addr_intlibspace.o(.text) refers to libspace.o(.bss) for __libspace_start
    _rserrno.o(.text) refers to rt_errno_addr_intlibspace.o(.text) for __aeabi_errno_addr
    _iswspace.o(.text) refers to wclass_c.o(.text) for _wclass
    _printf_str.o(.text) refers (Special) to _printf_char.o(.text) for _printf_cs_common
    _printf_str.o(.text) refers (Weak) to _printf_pad.o(.text) for _printf_pre_padding
    _printf_str.o(.text) refers (Weak) to _printf_pad.o(.text) for _printf_post_padding
    _printf_intcommon.o(.text) refers (Weak) to _printf_pad.o(.text) for _printf_pre_padding
    _printf_intcommon.o(.text) refers (Weak) to _printf_pad.o(.text) for _printf_pre_padding
    _printf_intcommon.o(.text) refers (Weak) to _printf_pad.o(.text) for _printf_post_padding
    _printf_char_common.o(.text) refers to __printf_flags_ss_wp.o(.text) for __printf
    _printf_char_file.o(.text) refers to _printf_char_common.o(.text) for _printf_char_common
    _printf_char_file.o(.text) refers to ferror.o(.text) for ferror
    _printf_char_file.o(.text) refers to usart.o(.text) for fputc
    _printf_wctomb.o(.text) refers (Special) to _printf_wchar.o(.text) for _printf_lcs_common
    _printf_wctomb.o(.text) refers to _wcrtomb.o(.text) for _wcrtomb
    _printf_wctomb.o(.text) refers (Weak) to _printf_pad.o(.text) for _printf_pre_padding
    _printf_wctomb.o(.text) refers (Weak) to _printf_pad.o(.text) for _printf_post_padding
    _printf_wctomb.o(.text) refers to _printf_wctomb.o(.constdata) for .constdata
    _printf_wctomb.o(.constdata) refers (Special) to _printf_wchar.o(.text) for _printf_lcs_common
    _printf_longlong_dec.o(.text) refers to lludiv10.o(.text) for _ll_udiv10
    _printf_longlong_dec.o(.text) refers to _printf_intcommon.o(.text) for _printf_int_common
    _printf_oct_ll.o(.text) refers to _printf_intcommon.o(.text) for _printf_int_common
    _printf_oct_int.o(.text) refers (Weak) to _printf_truncate.o(.text) for _printf_truncate_unsigned
    _printf_oct_int.o(.text) refers to _printf_intcommon.o(.text) for _printf_int_common
    _printf_oct_int_ll.o(.text) refers to _printf_intcommon.o(.text) for _printf_int_common
    _printf_oct_int_ll.o(.text) refers (Weak) to _printf_truncate.o(.text) for _printf_truncate_unsigned
    _printf_hex_ll.o(.text) refers to _printf_intcommon.o(.text) for _printf_int_common
    _printf_hex_ll.o(.text) refers to _printf_hex_ll.o(.constdata) for .constdata
    _printf_hex_int.o(.text) refers (Weak) to _printf_truncate.o(.text) for _printf_truncate_unsigned
    _printf_hex_int.o(.text) refers to _printf_intcommon.o(.text) for _printf_int_common
    _printf_hex_int.o(.text) refers to _printf_hex_int.o(.constdata) for .constdata
    _printf_hex_int_ll.o(.text) refers to _printf_intcommon.o(.text) for _printf_int_common
    _printf_hex_int_ll.o(.text) refers (Weak) to _printf_truncate.o(.text) for _printf_truncate_unsigned
    _printf_hex_int_ll.o(.text) refers to _printf_hex_int_ll.o(.constdata) for .constdata
    _printf_hex_ptr.o(.text) refers to _printf_intcommon.o(.text) for _printf_int_common
    _printf_hex_ptr.o(.text) refers to _printf_hex_ptr.o(.constdata) for .constdata
    _printf_hex_int_ptr.o(.text) refers to _printf_intcommon.o(.text) for _printf_int_common
    _printf_hex_int_ptr.o(.text) refers (Weak) to _printf_truncate.o(.text) for _printf_truncate_unsigned
    _printf_hex_int_ptr.o(.text) refers to _printf_hex_int_ptr.o(.constdata) for .constdata
    _printf_hex_ll_ptr.o(.text) refers to _printf_intcommon.o(.text) for _printf_int_common
    _printf_hex_ll_ptr.o(.text) refers to _printf_hex_ll_ptr.o(.constdata) for .constdata
    _printf_hex_int_ll_ptr.o(.text) refers to _printf_intcommon.o(.text) for _printf_int_common
    _printf_hex_int_ll_ptr.o(.text) refers (Weak) to _printf_truncate.o(.text) for _printf_truncate_unsigned
    _printf_hex_int_ll_ptr.o(.text) refers to _printf_hex_int_ll_ptr.o(.constdata) for .constdata
    _printf_c.o(.ARM.Collect$$_printf_percent$$00000013) refers (Weak) to _printf_char.o(.text) for _printf_char
    _printf_s.o(.ARM.Collect$$_printf_percent$$00000014) refers (Weak) to _printf_char.o(.text) for _printf_string
    _printf_n.o(.ARM.Collect$$_printf_percent$$00000001) refers (Weak) to _printf_charcount.o(.text) for _printf_charcount
    _printf_x.o(.ARM.Collect$$_printf_percent$$0000000C) refers (Weak) to _printf_hex_int_ll_ptr.o(.text) for _printf_int_hex
    _printf_p.o(.ARM.Collect$$_printf_percent$$00000002) refers (Weak) to _printf_hex_int_ll_ptr.o(.text) for _printf_hex_ptr
    _printf_o.o(.ARM.Collect$$_printf_percent$$0000000B) refers (Weak) to _printf_oct_int_ll.o(.text) for _printf_int_oct
    _printf_i.o(.ARM.Collect$$_printf_percent$$00000008) refers (Weak) to _printf_dec.o(.text) for _printf_int_dec
    _printf_u.o(.ARM.Collect$$_printf_percent$$0000000A) refers (Weak) to _printf_dec.o(.text) for _printf_int_dec
    _printf_f.o(.ARM.Collect$$_printf_percent$$00000003) refers (Weak) to printf1.o(x$fpl$printf1) for _printf_fp_dec
    _printf_e.o(.ARM.Collect$$_printf_percent$$00000004) refers (Weak) to printf1.o(x$fpl$printf1) for _printf_fp_dec
    _printf_g.o(.ARM.Collect$$_printf_percent$$00000005) refers (Weak) to printf1.o(x$fpl$printf1) for _printf_fp_dec
    _printf_a.o(.ARM.Collect$$_printf_percent$$00000006) refers (Weak) to printf2.o(x$fpl$printf2) for _printf_fp_hex
    _printf_lli.o(.ARM.Collect$$_printf_percent$$0000000D) refers (Special) to _printf_ll.o(.ARM.Collect$$_printf_percent$$00000007) for _printf_ll
    _printf_lli.o(.ARM.Collect$$_printf_percent$$0000000D) refers (Weak) to _printf_longlong_dec.o(.text) for _printf_longlong_dec
    _printf_lld.o(.ARM.Collect$$_printf_percent$$0000000E) refers (Special) to _printf_ll.o(.ARM.Collect$$_printf_percent$$00000007) for _printf_ll
    _printf_lld.o(.ARM.Collect$$_printf_percent$$0000000E) refers (Weak) to _printf_longlong_dec.o(.text) for _printf_longlong_dec
    _printf_llu.o(.ARM.Collect$$_printf_percent$$0000000F) refers (Special) to _printf_ll.o(.ARM.Collect$$_printf_percent$$00000007) for _printf_ll
    _printf_llu.o(.ARM.Collect$$_printf_percent$$0000000F) refers (Weak) to _printf_longlong_dec.o(.text) for _printf_longlong_dec
    _printf_lc.o(.ARM.Collect$$_printf_percent$$00000015) refers (Special) to _printf_l.o(.ARM.Collect$$_printf_percent$$00000012) for _printf_l
    _printf_lc.o(.ARM.Collect$$_printf_percent$$00000015) refers (Weak) to _printf_wchar.o(.text) for _printf_wchar
    _printf_ls.o(.ARM.Collect$$_printf_percent$$00000016) refers (Special) to _printf_l.o(.ARM.Collect$$_printf_percent$$00000012) for _printf_l
    _printf_ls.o(.ARM.Collect$$_printf_percent$$00000016) refers (Weak) to _printf_wchar.o(.text) for _printf_wstring
    _printf_llo.o(.ARM.Collect$$_printf_percent$$00000010) refers (Special) to _printf_ll.o(.ARM.Collect$$_printf_percent$$00000007) for _printf_ll
    _printf_llo.o(.ARM.Collect$$_printf_percent$$00000010) refers (Weak) to _printf_oct_int_ll.o(.text) for _printf_ll_oct
    _printf_llx.o(.ARM.Collect$$_printf_percent$$00000011) refers (Special) to _printf_ll.o(.ARM.Collect$$_printf_percent$$00000007) for _printf_ll
    _printf_llx.o(.ARM.Collect$$_printf_percent$$00000011) refers (Weak) to _printf_hex_int_ll_ptr.o(.text) for _printf_ll_hex
    _scanf_longlong.o(.text) refers to _chval.o(.text) for _chval
    _scanf_int.o(.text) refers to _chval.o(.text) for _chval
    scanf_char.o(.text) refers to _scanf.o(.text) for __vfscanf
    scanf_char.o(.text) refers to isspace.o(.text) for isspace
    _strtoul.o(.text) refers to _chval.o(.text) for _chval
    _strtoul.o(.text) refers to rt_errno_addr_intlibspace.o(.text) for __aeabi_errno_addr
    strtod.o(.text) refers (Special) to lc_numeric_c.o(locale$$code) for _get_lc_numeric
    strtod.o(.text) refers to scanf1.o(x$fpl$scanf1) for _scanf_real
    strtod.o(.text) refers to _sgetc.o(.text) for _sgetc
    strtod.o(.text) refers to isspace.o(.text) for isspace
    _scanf_mbtowc.o(.text) refers to _mbrtowc.o(.text) for _mbrtowc
    _scanf_wctomb.o(.text) refers to _wcrtomb.o(.text) for _wcrtomb
    _scanf_wctomb.o(.text) refers to _scanf_wcharmap.o(.text) for _scanf_wcharmap
    _scanf_wstr.o(.text) refers to _scanf_wcharmap.o(.text) for _scanf_wcharmap
    lc_ctype_c.o(locale$$data) refers (Special) to libinit2.o(.ARM.Collect$$libinit$$00000012) for __rt_lib_init_lc_ctype_2
    lc_ctype_c.o(locale$$code) refers (Special) to libinit2.o(.ARM.Collect$$libinit$$00000012) for __rt_lib_init_lc_ctype_2
    lc_ctype_c.o(locale$$code) refers to strcmpv7m.o(.text) for strcmp
    lc_ctype_c.o(locale$$code) refers to lc_ctype_c.o(locale$$data) for __lcctype_c_name
    dcmpi.o(x$fpl$dcmpinf) refers (Special) to usenofp.o(x$fpl$usenofp) for __I$use$fp
    dnaninf.o(x$fpl$dnaninf) refers (Special) to usenofp.o(x$fpl$usenofp) for __I$use$fp
    dretinf.o(x$fpl$dretinf) refers (Special) to usenofp.o(x$fpl$usenofp) for __I$use$fp
    dsqrt_noumaal.o(x$fpl$dsqrt) refers (Special) to usenofp.o(x$fpl$usenofp) for __I$use$fp
    dsqrt_noumaal.o(x$fpl$dsqrt) refers to dnaninf.o(x$fpl$dnaninf) for __fpl_dnaninf
    fcmpi.o(x$fpl$fcmpinf) refers (Special) to usenofp.o(x$fpl$usenofp) for __I$use$fp
    fnaninf.o(x$fpl$fnaninf) refers (Special) to usenofp.o(x$fpl$usenofp) for __I$use$fp
    fretinf.o(x$fpl$fretinf) refers (Special) to usenofp.o(x$fpl$usenofp) for __I$use$fp
    printf1.o(x$fpl$printf1) refers to _printf_fp_dec.o(.text) for _printf_fp_dec_real
    printf2.o(x$fpl$printf2) refers to _printf_fp_hex.o(.text) for _printf_fp_hex_real
    printf2b.o(x$fpl$printf2) refers to _printf_fp_hex.o(.text) for _printf_fp_hex_real
    scalbn.o(x$fpl$scalbn) refers (Special) to usenofp.o(x$fpl$usenofp) for __I$use$fp
    scalbn.o(x$fpl$scalbn) refers to dcheck1.o(x$fpl$dcheck1) for __fpl_dcheck_NaN1
    scanf1.o(x$fpl$scanf1) refers to scanf_fp.o(.text) for _scanf_really_real
    cos_i.o(i.__kernel_cos) refers (Special) to usenofp.o(x$fpl$usenofp) for __I$use$fp
    cos_i.o(i.__kernel_cos) refers to dfix.o(x$fpl$dfix) for __aeabi_d2iz
    cos_i.o(i.__kernel_cos) refers to dmul.o(x$fpl$dmul) for __aeabi_dmul
    cos_i.o(i.__kernel_cos) refers to poly.o(i.__kernel_poly) for __kernel_poly
    cos_i.o(i.__kernel_cos) refers to daddsub_clz.o(x$fpl$dsub) for __aeabi_dsub
    cos_i.o(i.__kernel_cos) refers to scalbn.o(x$fpl$scalbn) for __ARM_scalbn
    cos_i.o(i.__kernel_cos) refers to daddsub_clz.o(x$fpl$drsb) for __aeabi_drsub
    cos_i.o(i.__kernel_cos) refers to cos_i.o(.constdata) for .constdata
    cos_i.o(.constdata) refers (Special) to usenofp.o(x$fpl$usenofp) for __I$use$fp
    dunder.o(i.__mathlib_dbl_divzero) refers to ddiv.o(x$fpl$ddiv) for __aeabi_ddiv
    dunder.o(i.__mathlib_dbl_infnan) refers to scalbn.o(x$fpl$scalbn) for __ARM_scalbn
    dunder.o(i.__mathlib_dbl_infnan2) refers to daddsub_clz.o(x$fpl$dadd) for __aeabi_dadd
    dunder.o(i.__mathlib_dbl_invalid) refers to ddiv.o(x$fpl$ddiv) for __aeabi_ddiv
    dunder.o(i.__mathlib_dbl_overflow) refers to scalbn.o(x$fpl$scalbn) for __ARM_scalbn
    dunder.o(i.__mathlib_dbl_posinfnan) refers to dmul.o(x$fpl$dmul) for __aeabi_dmul
    dunder.o(i.__mathlib_dbl_underflow) refers to scalbn.o(x$fpl$scalbn) for __ARM_scalbn
    fpclassify.o(i.__ARM_fpclassify) refers (Special) to usenofp.o(x$fpl$usenofp) for __I$use$fp
    poly.o(i.__kernel_poly) refers (Special) to usenofp.o(x$fpl$usenofp) for __I$use$fp
    poly.o(i.__kernel_poly) refers to dmul.o(x$fpl$dmul) for __aeabi_dmul
    poly.o(i.__kernel_poly) refers to daddsub_clz.o(x$fpl$dadd) for __aeabi_dadd
    qnan.o(.constdata) refers (Special) to usenofp.o(x$fpl$usenofp) for __I$use$fp
    rred.o(i.__ieee754_rem_pio2) refers (Special) to usenofp.o(x$fpl$usenofp) for __I$use$fp
    rred.o(i.__ieee754_rem_pio2) refers to daddsub_clz.o(x$fpl$dsub) for __aeabi_dsub
    rred.o(i.__ieee754_rem_pio2) refers to daddsub_clz.o(x$fpl$dadd) for __aeabi_dadd
    rred.o(i.__ieee754_rem_pio2) refers to dmul.o(x$fpl$dmul) for __aeabi_dmul
    rred.o(i.__ieee754_rem_pio2) refers to dfix.o(x$fpl$dfix) for __aeabi_d2iz
    rred.o(i.__ieee754_rem_pio2) refers to dflt_clz.o(x$fpl$dflt) for __aeabi_i2d
    rred.o(i.__ieee754_rem_pio2) refers to daddsub_clz.o(x$fpl$drsb) for __aeabi_drsub
    rred.o(i.__ieee754_rem_pio2) refers to dflt_clz.o(x$fpl$dfltu) for __aeabi_ui2d
    rred.o(i.__ieee754_rem_pio2) refers to scalbn.o(x$fpl$scalbn) for __ARM_scalbn
    rred.o(i.__ieee754_rem_pio2) refers to rred.o(.constdata) for .constdata
    rred.o(i.__use_accurate_range_reduction) refers (Special) to usenofp.o(x$fpl$usenofp) for __I$use$fp
    rred.o(.constdata) refers (Special) to usenofp.o(x$fpl$usenofp) for __I$use$fp
    sin_i.o(i.__kernel_sin) refers (Special) to usenofp.o(x$fpl$usenofp) for __I$use$fp
    sin_i.o(i.__kernel_sin) refers to fpclassify.o(i.__ARM_fpclassify) for __ARM_fpclassify
    sin_i.o(i.__kernel_sin) refers to dunder.o(i.__mathlib_dbl_underflow) for __mathlib_dbl_underflow
    sin_i.o(i.__kernel_sin) refers to dmul.o(x$fpl$dmul) for __aeabi_dmul
    sin_i.o(i.__kernel_sin) refers to poly.o(i.__kernel_poly) for __kernel_poly
    sin_i.o(i.__kernel_sin) refers to scalbn.o(x$fpl$scalbn) for __ARM_scalbn
    sin_i.o(i.__kernel_sin) refers to daddsub_clz.o(x$fpl$dsub) for __aeabi_dsub
    sin_i.o(i.__kernel_sin) refers to daddsub_clz.o(x$fpl$drsb) for __aeabi_drsub
    sin_i.o(i.__kernel_sin) refers to daddsub_clz.o(x$fpl$dadd) for __aeabi_dadd
    sin_i.o(i.__kernel_sin) refers to sin_i.o(.constdata) for .constdata
    sin_i.o(.constdata) refers (Special) to usenofp.o(x$fpl$usenofp) for __I$use$fp
    sin_i_x.o(i.____kernel_sin$lsc) refers (Special) to usenofp.o(x$fpl$usenofp) for __I$use$fp
    sin_i_x.o(i.____kernel_sin$lsc) refers to dmul.o(x$fpl$dmul) for __aeabi_dmul
    sin_i_x.o(i.____kernel_sin$lsc) refers to poly.o(i.__kernel_poly) for __kernel_poly
    sin_i_x.o(i.____kernel_sin$lsc) refers to scalbn.o(x$fpl$scalbn) for __ARM_scalbn
    sin_i_x.o(i.____kernel_sin$lsc) refers to daddsub_clz.o(x$fpl$dsub) for __aeabi_dsub
    sin_i_x.o(i.____kernel_sin$lsc) refers to daddsub_clz.o(x$fpl$drsb) for __aeabi_drsub
    sin_i_x.o(i.____kernel_sin$lsc) refers to daddsub_clz.o(x$fpl$dadd) for __aeabi_dadd
    sin_i_x.o(i.____kernel_sin$lsc) refers to sin_i_x.o(.constdata) for .constdata
    sin_i_x.o(.constdata) refers (Special) to usenofp.o(x$fpl$usenofp) for __I$use$fp
    tan_i.o(i.__kernel_tan) refers (Special) to usenofp.o(x$fpl$usenofp) for __I$use$fp
    tan_i.o(i.__kernel_tan) refers to dfix.o(x$fpl$dfix) for __aeabi_d2iz
    tan_i.o(i.__kernel_tan) refers to daddsub_clz.o(x$fpl$drsb) for __aeabi_drsub
    tan_i.o(i.__kernel_tan) refers to daddsub_clz.o(x$fpl$dsub) for __aeabi_dsub
    tan_i.o(i.__kernel_tan) refers to daddsub_clz.o(x$fpl$dadd) for __aeabi_dadd
    tan_i.o(i.__kernel_tan) refers to dmul.o(x$fpl$dmul) for __aeabi_dmul
    tan_i.o(i.__kernel_tan) refers to poly.o(i.__kernel_poly) for __kernel_poly
    tan_i.o(i.__kernel_tan) refers to dflt_clz.o(x$fpl$dflt) for __aeabi_i2d
    tan_i.o(i.__kernel_tan) refers to ddiv.o(x$fpl$ddiv) for __aeabi_ddiv
    tan_i.o(i.__kernel_tan) refers to scalbn.o(x$fpl$scalbn) for __ARM_scalbn
    tan_i.o(i.__kernel_tan) refers to fpclassify.o(i.__ARM_fpclassify) for __ARM_fpclassify
    tan_i.o(i.__kernel_tan) refers to dunder.o(i.__mathlib_dbl_underflow) for __mathlib_dbl_underflow
    tan_i.o(i.__kernel_tan) refers to tan_i.o(.constdata) for .constdata
    tan_i.o(.constdata) refers (Special) to usenofp.o(x$fpl$usenofp) for __I$use$fp
    tan_i_x.o(i.____kernel_tan$lsc) refers (Special) to usenofp.o(x$fpl$usenofp) for __I$use$fp
    tan_i_x.o(i.____kernel_tan$lsc) refers to dfix.o(x$fpl$dfix) for __aeabi_d2iz
    tan_i_x.o(i.____kernel_tan$lsc) refers to daddsub_clz.o(x$fpl$drsb) for __aeabi_drsub
    tan_i_x.o(i.____kernel_tan$lsc) refers to daddsub_clz.o(x$fpl$dsub) for __aeabi_dsub
    tan_i_x.o(i.____kernel_tan$lsc) refers to daddsub_clz.o(x$fpl$dadd) for __aeabi_dadd
    tan_i_x.o(i.____kernel_tan$lsc) refers to dmul.o(x$fpl$dmul) for __aeabi_dmul
    tan_i_x.o(i.____kernel_tan$lsc) refers to poly.o(i.__kernel_poly) for __kernel_poly
    tan_i_x.o(i.____kernel_tan$lsc) refers to dflt_clz.o(x$fpl$dflt) for __aeabi_i2d
    tan_i_x.o(i.____kernel_tan$lsc) refers to ddiv.o(x$fpl$ddiv) for __aeabi_ddiv
    tan_i_x.o(i.____kernel_tan$lsc) refers to scalbn.o(x$fpl$scalbn) for __ARM_scalbn
    tan_i_x.o(i.____kernel_tan$lsc) refers to tan_i_x.o(.constdata) for .constdata
    tan_i_x.o(.constdata) refers (Special) to usenofp.o(x$fpl$usenofp) for __I$use$fp
    libspace.o(.text) refers to libspace.o(.bss) for __libspace_start
    __rtentry2.o(.ARM.Collect$$rtentry$$00000008) refers to boardinit2.o(.text) for _platform_post_stackheap_init
    __rtentry2.o(.ARM.Collect$$rtentry$$0000000A) refers to libinit.o(.ARM.Collect$$libinit$$00000000) for __rt_lib_init
    __rtentry2.o(.ARM.Collect$$rtentry$$0000000B) refers to boardinit3.o(.text) for _platform_post_lib_init
    __rtentry2.o(.ARM.Collect$$rtentry$$0000000D) refers to main.o(.text) for main
    __rtentry2.o(.ARM.Collect$$rtentry$$0000000D) refers to exit.o(.text) for exit
    __rtentry2.o(.ARM.exidx) refers to __rtentry2.o(.ARM.Collect$$rtentry$$00000001) for .ARM.Collect$$rtentry$$00000001
    __rtentry2.o(.ARM.exidx) refers to __rtentry2.o(.ARM.Collect$$rtentry$$00000008) for .ARM.Collect$$rtentry$$00000008
    __rtentry2.o(.ARM.exidx) refers to __rtentry2.o(.ARM.Collect$$rtentry$$0000000A) for .ARM.Collect$$rtentry$$0000000A
    __rtentry2.o(.ARM.exidx) refers to __rtentry2.o(.ARM.Collect$$rtentry$$0000000B) for .ARM.Collect$$rtentry$$0000000B
    __rtentry2.o(.ARM.exidx) refers to __rtentry2.o(.ARM.Collect$$rtentry$$0000000D) for .ARM.Collect$$rtentry$$0000000D
    __rtentry4.o(.ARM.Collect$$rtentry$$00000004) refers to sys_stackheap_outer.o(.text) for __user_setup_stackheap
    __rtentry4.o(.ARM.exidx) refers to __rtentry4.o(.ARM.Collect$$rtentry$$00000004) for .ARM.Collect$$rtentry$$00000004
    isspace.o(.text) refers to rt_ctype_table.o(.text) for __rt_ctype_table
    wclass_c.o(.text) refers to rt_ctype_table.o(.text) for __rt_ctype_table
    _printf_fp_dec.o(.text) refers (Special) to usenofp.o(x$fpl$usenofp) for __I$use$fp
    _printf_fp_dec.o(.text) refers (Special) to lc_numeric_c.o(locale$$code) for _get_lc_numeric
    _printf_fp_dec.o(.text) refers to bigflt0.o(.text) for _btod_etento
    _printf_fp_dec.o(.text) refers to btod.o(CL$$btod_d2e) for _btod_d2e
    _printf_fp_dec.o(.text) refers to btod.o(CL$$btod_ediv) for _btod_ediv
    _printf_fp_dec.o(.text) refers to btod.o(CL$$btod_emul) for _btod_emul
    _printf_fp_dec.o(.text) refers to lludiv10.o(.text) for _ll_udiv10
    _printf_fp_dec.o(.text) refers to fpclassify.o(i.__ARM_fpclassify) for __ARM_fpclassify
    _printf_fp_dec.o(.text) refers to _printf_fp_infnan.o(.text) for _printf_fp_infnan
    _printf_fp_dec.o(.text) refers (Weak) to _printf_pad.o(.text) for _printf_pre_padding
    _printf_fp_dec.o(.text) refers (Weak) to _printf_pad.o(.text) for _printf_pre_padding
    _printf_fp_dec.o(.text) refers to rt_locale_intlibspace.o(.text) for __rt_locale
    _printf_fp_dec.o(.text) refers (Weak) to _printf_pad.o(.text) for _printf_post_padding
    _printf_fp_hex.o(.text) refers (Special) to usenofp.o(x$fpl$usenofp) for __I$use$fp
    _printf_fp_hex.o(.text) refers to fpclassify.o(i.__ARM_fpclassify) for __ARM_fpclassify
    _printf_fp_hex.o(.text) refers to _printf_fp_infnan.o(.text) for _printf_fp_infnan
    _printf_fp_hex.o(.text) refers (Weak) to _printf_pad.o(.text) for _printf_pre_padding
    _printf_fp_hex.o(.text) refers (Weak) to _printf_pad.o(.text) for _printf_pre_padding
    _printf_fp_hex.o(.text) refers (Weak) to _printf_pad.o(.text) for _printf_post_padding
    _printf_fp_hex.o(.text) refers to _printf_fp_hex.o(.constdata) for .constdata
    _printf_fp_hex.o(.constdata) refers (Special) to usenofp.o(x$fpl$usenofp) for __I$use$fp
    _printf_char.o(.text) refers (Weak) to _printf_str.o(.text) for _printf_str
    _printf_wchar.o(.text) refers (Weak) to _printf_wctomb.o(.text) for _printf_wctomb
    _scanf.o(.text) refers (Weak) to scanf1.o(x$fpl$scanf1) for _scanf_real
    _scanf.o(.text) refers (Weak) to _scanf_longlong.o(.text) for _scanf_longlong
    _scanf.o(.text) refers (Weak) to _scanf_int.o(.text) for _scanf_int
    _scanf.o(.text) refers (Weak) to _scanf_wstr.o(.text) for _scanf_wstring
    _scanf.o(.text) refers (Weak) to _scanf_mbtowc.o(.text) for _scanf_mbtowc
    _scanf.o(.text) refers (Weak) to _scanf_str.o(.text) for _scanf_string
    _scanf.o(.text) refers (Weak) to _scanf_wctomb.o(.text) for _scanf_wctomb
    scanf_fp.o(.text) refers (Special) to usenofp.o(x$fpl$usenofp) for __I$use$fp
    scanf_fp.o(.text) refers (Special) to lc_numeric_c.o(locale$$code) for _get_lc_numeric
    scanf_fp.o(.text) refers to rt_errno_addr_intlibspace.o(.text) for __aeabi_errno_addr
    scanf_fp.o(.text) refers to istatus.o(x$fpl$ieeestatus) for __ieee_status
    scanf_fp.o(.text) refers to bigflt0.o(.text) for _btod_etento
    scanf_fp.o(.text) refers to btod.o(CL$$btod_emuld) for _btod_emuld
    scanf_fp.o(.text) refers to btod.o(CL$$btod_edivd) for _btod_edivd
    scanf_fp.o(.text) refers to rt_locale_intlibspace.o(.text) for __rt_locale
    scanf_fp.o(.text) refers to scanf2.o(x$fpl$scanf2) for _scanf_infnan
    scanf_fp.o(.text) refers to __printf_wp.o(i._is_digit) for _is_digit
    scanf_fp.o(.text) refers to fpconst.o(c$$dmax) for __dbl_max
    scanf_fp.o(.text) refers to fpconst.o(c$$dinf) for __huge_val
    scanf_fp.o(.text) refers to narrow.o(i.__mathlib_narrow) for __mathlib_narrow
    _mbrtowc.o(.text) refers to rt_ctype_table.o(.text) for __rt_ctype_table
    _wcrtomb.o(.text) refers to rt_ctype_table.o(.text) for __rt_ctype_table
    lc_numeric_c.o(locale$$data) refers (Special) to libinit2.o(.ARM.Collect$$libinit$$00000016) for __rt_lib_init_lc_numeric_2
    lc_numeric_c.o(locale$$code) refers (Special) to libinit2.o(.ARM.Collect$$libinit$$00000016) for __rt_lib_init_lc_numeric_2
    lc_numeric_c.o(locale$$code) refers to strcmpv7m.o(.text) for strcmp
    lc_numeric_c.o(locale$$code) refers to lc_numeric_c.o(locale$$data) for __lcnum_c_name
    libinit2.o(.ARM.Collect$$libinit$$0000000F) refers (Weak) to rt_locale_intlibspace.o(.text) for __rt_locale
    libinit2.o(.ARM.Collect$$libinit$$00000010) refers to libinit2.o(.ARM.Collect$$libinit$$0000000F) for .ARM.Collect$$libinit$$0000000F
    libinit2.o(.ARM.Collect$$libinit$$00000012) refers to libinit2.o(.ARM.Collect$$libinit$$0000000F) for .ARM.Collect$$libinit$$0000000F
    libinit2.o(.ARM.Collect$$libinit$$00000012) refers (Weak) to lc_ctype_c.o(locale$$code) for _get_lc_ctype
    libinit2.o(.ARM.Collect$$libinit$$00000014) refers to libinit2.o(.ARM.Collect$$libinit$$0000000F) for .ARM.Collect$$libinit$$0000000F
    libinit2.o(.ARM.Collect$$libinit$$00000016) refers to libinit2.o(.ARM.Collect$$libinit$$0000000F) for .ARM.Collect$$libinit$$0000000F
    libinit2.o(.ARM.Collect$$libinit$$00000016) refers (Weak) to lc_numeric_c.o(locale$$code) for _get_lc_numeric
    libinit2.o(.ARM.Collect$$libinit$$00000018) refers to libinit2.o(.ARM.Collect$$libinit$$0000000F) for .ARM.Collect$$libinit$$0000000F
    libinit2.o(.ARM.Collect$$libinit$$00000026) refers to argv_veneer.o(.emb_text) for __ARM_argv_veneer
    libinit2.o(.ARM.Collect$$libinit$$00000027) refers to argv_veneer.o(.emb_text) for __ARM_argv_veneer
    dcheck1.o(x$fpl$dcheck1) refers (Special) to usenofp.o(x$fpl$usenofp) for __I$use$fp
    dcheck1.o(x$fpl$dcheck1) refers to retnan.o(x$fpl$retnan) for __fpl_return_NaN
    sys_stackheap_outer.o(.text) refers to libspace.o(.text) for __user_perproc_libspace
    sys_stackheap_outer.o(.text) refers to startup_stm32f10x_hd.o(.text) for __user_initial_stackheap
    _printf_fp_infnan.o(.text) refers (Weak) to _printf_pad.o(.text) for _printf_pre_padding
    _printf_fp_infnan.o(.text) refers (Weak) to _printf_pad.o(.text) for _printf_post_padding
    bigflt0.o(.text) refers (Special) to usenofp.o(x$fpl$usenofp) for __I$use$fp
    bigflt0.o(.text) refers to btod.o(CL$$btod_emul) for _btod_emul
    bigflt0.o(.text) refers to btod.o(CL$$btod_ediv) for _btod_ediv
    bigflt0.o(.text) refers to bigflt0.o(.constdata) for .constdata
    bigflt0.o(.constdata) refers (Special) to usenofp.o(x$fpl$usenofp) for __I$use$fp
    btod.o(CL$$btod_d2e) refers (Special) to usenofp.o(x$fpl$usenofp) for __I$use$fp
    btod.o(CL$$btod_d2e) refers to btod.o(CL$$btod_d2e_norm_op1) for _d2e_norm_op1
    btod.o(CL$$btod_d2e_norm_op1) refers (Special) to usenofp.o(x$fpl$usenofp) for __I$use$fp
    btod.o(CL$$btod_d2e_norm_op1) refers to btod.o(CL$$btod_d2e_denorm_low) for _d2e_denorm_low
    btod.o(CL$$btod_d2e_denorm_low) refers (Special) to usenofp.o(x$fpl$usenofp) for __I$use$fp
    btod.o(CL$$btod_emul) refers (Special) to usenofp.o(x$fpl$usenofp) for __I$use$fp
    btod.o(CL$$btod_emul) refers to btod.o(CL$$btod_mult_common) for __btod_mult_common
    btod.o(CL$$btod_emul) refers to btod.o(CL$$btod_e2e) for _e2e
    btod.o(CL$$btod_ediv) refers (Special) to usenofp.o(x$fpl$usenofp) for __I$use$fp
    btod.o(CL$$btod_ediv) refers to btod.o(CL$$btod_div_common) for __btod_div_common
    btod.o(CL$$btod_ediv) refers to btod.o(CL$$btod_e2e) for _e2e
    btod.o(CL$$btod_emuld) refers (Special) to usenofp.o(x$fpl$usenofp) for __I$use$fp
    btod.o(CL$$btod_emuld) refers to btod.o(CL$$btod_mult_common) for __btod_mult_common
    btod.o(CL$$btod_emuld) refers to btod.o(CL$$btod_e2d) for _e2d
    btod.o(CL$$btod_edivd) refers (Special) to usenofp.o(x$fpl$usenofp) for __I$use$fp
    btod.o(CL$$btod_edivd) refers to btod.o(CL$$btod_div_common) for __btod_div_common
    btod.o(CL$$btod_edivd) refers to btod.o(CL$$btod_e2d) for _e2d
    btod.o(CL$$btod_e2e) refers (Special) to usenofp.o(x$fpl$usenofp) for __I$use$fp
    btod.o(CL$$btod_e2d) refers (Special) to usenofp.o(x$fpl$usenofp) for __I$use$fp
    btod.o(CL$$btod_e2d) refers to btod.o(CL$$btod_e2e) for _e2e
    btod.o(CL$$btod_mult_common) refers (Special) to usenofp.o(x$fpl$usenofp) for __I$use$fp
    btod.o(CL$$btod_div_common) refers (Special) to usenofp.o(x$fpl$usenofp) for __I$use$fp
    exit.o(.text) refers to rtexit.o(.ARM.Collect$$rtexit$$00000000) for __rt_exit
    argv_veneer.o(.emb_text) refers to no_argv.o(.text) for __ARM_get_argv
    libinit.o(.ARM.Collect$$libinit$$00000000) refers (Special) to libinit2.o(.ARM.Collect$$libinit$$0000002E) for __rt_lib_init_alloca_1
    libinit.o(.ARM.Collect$$libinit$$00000000) refers (Special) to libinit2.o(.ARM.Collect$$libinit$$0000002C) for __rt_lib_init_argv_1
    libinit.o(.ARM.Collect$$libinit$$00000000) refers (Special) to libinit2.o(.ARM.Collect$$libinit$$0000001B) for __rt_lib_init_atexit_1
    libinit.o(.ARM.Collect$$libinit$$00000000) refers (Special) to libinit2.o(.ARM.Collect$$libinit$$00000021) for __rt_lib_init_clock_1
    libinit.o(.ARM.Collect$$libinit$$00000000) refers (Special) to libinit2.o(.ARM.Collect$$libinit$$00000032) for __rt_lib_init_cpp_1
    libinit.o(.ARM.Collect$$libinit$$00000000) refers (Special) to libinit2.o(.ARM.Collect$$libinit$$00000030) for __rt_lib_init_exceptions_1
    libinit.o(.ARM.Collect$$libinit$$00000000) refers (Special) to libinit2.o(.ARM.Collect$$libinit$$00000002) for __rt_lib_init_fp_1
    libinit.o(.ARM.Collect$$libinit$$00000000) refers (Special) to libinit2.o(.ARM.Collect$$libinit$$0000001F) for __rt_lib_init_fp_trap_1
    libinit.o(.ARM.Collect$$libinit$$00000000) refers (Special) to libinit2.o(.ARM.Collect$$libinit$$00000023) for __rt_lib_init_getenv_1
    libinit.o(.ARM.Collect$$libinit$$00000000) refers (Special) to libinit2.o(.ARM.Collect$$libinit$$0000000A) for __rt_lib_init_heap_1
    libinit.o(.ARM.Collect$$libinit$$00000000) refers (Special) to libinit2.o(.ARM.Collect$$libinit$$00000011) for __rt_lib_init_lc_collate_1
    libinit.o(.ARM.Collect$$libinit$$00000000) refers (Special) to libinit2.o(.ARM.Collect$$libinit$$00000013) for __rt_lib_init_lc_ctype_1
    libinit.o(.ARM.Collect$$libinit$$00000000) refers (Special) to libinit2.o(.ARM.Collect$$libinit$$00000015) for __rt_lib_init_lc_monetary_1
    libinit.o(.ARM.Collect$$libinit$$00000000) refers (Special) to libinit2.o(.ARM.Collect$$libinit$$00000017) for __rt_lib_init_lc_numeric_1
    libinit.o(.ARM.Collect$$libinit$$00000000) refers (Special) to libinit2.o(.ARM.Collect$$libinit$$00000019) for __rt_lib_init_lc_time_1
    libinit.o(.ARM.Collect$$libinit$$00000000) refers (Special) to libinit2.o(.ARM.Collect$$libinit$$00000004) for __rt_lib_init_preinit_1
    libinit.o(.ARM.Collect$$libinit$$00000000) refers (Special) to libinit2.o(.ARM.Collect$$libinit$$0000000E) for __rt_lib_init_rand_1
    libinit.o(.ARM.Collect$$libinit$$00000000) refers (Special) to libinit2.o(.ARM.Collect$$libinit$$00000033) for __rt_lib_init_return
    libinit.o(.ARM.Collect$$libinit$$00000000) refers (Special) to libinit2.o(.ARM.Collect$$libinit$$0000001D) for __rt_lib_init_signal_1
    libinit.o(.ARM.Collect$$libinit$$00000000) refers (Special) to libinit2.o(.ARM.Collect$$libinit$$00000025) for __rt_lib_init_stdio_1
    libinit.o(.ARM.Collect$$libinit$$00000000) refers (Special) to libinit2.o(.ARM.Collect$$libinit$$0000000C) for __rt_lib_init_user_alloc_1
    fpconst.o(c$$dinf) refers (Special) to usenofp.o(x$fpl$usenofp) for __I$use$fp
    fpconst.o(c$$dnan) refers (Special) to usenofp.o(x$fpl$usenofp) for __I$use$fp
    fpconst.o(c$$finf) refers (Special) to usenofp.o(x$fpl$usenofp) for __I$use$fp
    fpconst.o(c$$dmax) refers (Special) to usenofp.o(x$fpl$usenofp) for __I$use$fp
    istatus.o(x$fpl$ieeestatus) refers (Special) to usenofp.o(x$fpl$usenofp) for __I$use$fp
    retnan.o(x$fpl$retnan) refers (Special) to usenofp.o(x$fpl$usenofp) for __I$use$fp
    retnan.o(x$fpl$retnan) refers to trapv.o(x$fpl$trapveneer) for __fpl_cmpreturn
    scanf2.o(x$fpl$scanf2) refers to scanf_hexfp.o(.text) for _scanf_really_hex_real
    scanf2.o(x$fpl$scanf2) refers to scanf_infnan.o(.text) for _scanf_really_infnan
    scanf2b.o(x$fpl$scanf2) refers to scanf_hexfp.o(.text) for _scanf_really_hex_real
    scanf2b.o(x$fpl$scanf2) refers to scanf_infnan.o(.text) for _scanf_really_infnan
    narrow.o(i.__mathlib_narrow) refers (Special) to usenofp.o(x$fpl$usenofp) for __I$use$fp
    narrow.o(i.__mathlib_narrow) refers to narrow.o(i.__mathlib_tofloat) for __mathlib_tofloat
    narrow.o(i.__mathlib_tofloat) refers (Special) to usenofp.o(x$fpl$usenofp) for __I$use$fp
    narrow.o(i.__mathlib_tofloat) refers to frexp.o(i.frexp) for frexp
    narrow.o(i.__mathlib_tofloat) refers to deqf.o(x$fpl$deqf) for __aeabi_cdcmpeq
    narrow.o(i.__mathlib_tofloat) refers to d2f.o(x$fpl$d2f) for __aeabi_d2f
    narrow.o(i.__mathlib_tofloat) refers to _rserrno.o(.text) for __set_errno
    narrow.o(i.__mathlib_tofloat) refers to drleqf.o(x$fpl$drleqf) for __aeabi_cdrcmple
    narrow.o(i.__softfp___mathlib_tofloat) refers (Special) to usenofp.o(x$fpl$usenofp) for __I$use$fp
    narrow.o(i.__softfp___mathlib_tofloat) refers to narrow.o(i.__mathlib_tofloat) for __mathlib_tofloat
    rtexit.o(.ARM.Collect$$rtexit$$00000000) refers (Special) to rtexit2.o(.ARM.Collect$$rtexit$$00000004) for __rt_exit_exit
    rtexit.o(.ARM.Collect$$rtexit$$00000000) refers (Special) to rtexit2.o(.ARM.Collect$$rtexit$$00000003) for __rt_exit_ls
    rtexit.o(.ARM.Collect$$rtexit$$00000000) refers (Special) to rtexit2.o(.ARM.Collect$$rtexit$$00000002) for __rt_exit_prels_1
    rtexit.o(.ARM.exidx) refers (Special) to rtexit2.o(.ARM.Collect$$rtexit$$00000004) for __rt_exit_exit
    rtexit.o(.ARM.exidx) refers (Special) to rtexit2.o(.ARM.Collect$$rtexit$$00000003) for __rt_exit_ls
    rtexit.o(.ARM.exidx) refers (Special) to rtexit2.o(.ARM.Collect$$rtexit$$00000002) for __rt_exit_prels_1
    rtexit.o(.ARM.exidx) refers to rtexit.o(.ARM.Collect$$rtexit$$00000000) for .ARM.Collect$$rtexit$$00000000
    scanf_hexfp.o(.text) refers to _chval.o(.text) for _chval
    scanf_hexfp.o(.text) refers to llshl.o(.text) for __aeabi_llsl
    scanf_hexfp.o(.text) refers to ldexp.o(i.__support_ldexp) for __support_ldexp
    scanf_hexfp.o(.text) refers to narrow.o(i.__mathlib_narrow) for __mathlib_narrow
    _get_argv_nomalloc.o(.text) refers (Special) to hrguard.o(.text) for __heap_region$guard
    _get_argv_nomalloc.o(.text) refers to defsig_rtmem_outer.o(.text) for __rt_SIGRTMEM
    _get_argv_nomalloc.o(.text) refers to sys_command.o(.text) for _sys_command_string
    trapv.o(x$fpl$trapveneer) refers (Special) to usenofp.o(x$fpl$usenofp) for __I$use$fp
    frexp.o(i.__softfp_frexp) refers (Special) to usenofp.o(x$fpl$usenofp) for __I$use$fp
    frexp.o(i.__softfp_frexp) refers to scalbn.o(x$fpl$scalbn) for __ARM_scalbn
    frexp.o(i.frexp) refers (Special) to usenofp.o(x$fpl$usenofp) for __I$use$fp
    frexp.o(i.frexp) refers to scalbn.o(x$fpl$scalbn) for __ARM_scalbn
    sys_command.o(.text) refers (Special) to use_no_semi.o(.text) for __I$use$semihosting
    sys_command.o(.text) refers (Special) to indicate_semi.o(.text) for __semihosting_library_function
    rtexit2.o(.ARM.Collect$$rtexit$$00000003) refers to libshutdown.o(.ARM.Collect$$libshutdown$$00000000) for __rt_lib_shutdown
    rtexit2.o(.ARM.Collect$$rtexit$$00000004) refers to usart.o(.text) for _sys_exit
    rtexit2.o(.ARM.exidx) refers to rtexit2.o(.ARM.Collect$$rtexit$$00000001) for .ARM.Collect$$rtexit$$00000001
    rtexit2.o(.ARM.exidx) refers to rtexit2.o(.ARM.Collect$$rtexit$$00000003) for .ARM.Collect$$rtexit$$00000003
    rtexit2.o(.ARM.exidx) refers to rtexit2.o(.ARM.Collect$$rtexit$$00000004) for .ARM.Collect$$rtexit$$00000004
    defsig_rtmem_outer.o(.text) refers to defsig_rtmem_inner.o(.text) for __rt_SIGRTMEM_inner
    defsig_rtmem_outer.o(.text) refers to defsig_exit.o(.text) for __sig_exit
    defsig_rtmem_formal.o(.text) refers to rt_raise.o(.text) for __rt_raise
    ldexp.o(i.__softfp_ldexp) refers (Special) to usenofp.o(x$fpl$usenofp) for __I$use$fp
    ldexp.o(i.__softfp_ldexp) refers to ldexp.o(i.ldexp) for ldexp
    ldexp.o(i.__support_ldexp) refers (Special) to usenofp.o(x$fpl$usenofp) for __I$use$fp
    ldexp.o(i.__support_ldexp) refers to ldexp.o(i.ldexp) for ldexp
    ldexp.o(i.ldexp) refers (Special) to usenofp.o(x$fpl$usenofp) for __I$use$fp
    ldexp.o(i.ldexp) refers to deqf.o(x$fpl$deqf) for __aeabi_cdcmpeq
    ldexp.o(i.ldexp) refers to scalbn.o(x$fpl$scalbn) for __ARM_scalbn
    ldexp.o(i.ldexp) refers to _rserrno.o(.text) for __set_errno
    ldexp.o(i.ldexp) refers to dunder.o(i.__mathlib_dbl_underflow) for __mathlib_dbl_underflow
    ldexp.o(i.ldexp) refers to dunder.o(i.__mathlib_dbl_overflow) for __mathlib_dbl_overflow
    ldexp_x.o(i.____softfp_ldexp$lsc) refers (Special) to usenofp.o(x$fpl$usenofp) for __I$use$fp
    ldexp_x.o(i.____softfp_ldexp$lsc) refers to ldexp_x.o(i.__ldexp$lsc) for __ldexp$lsc
    ldexp_x.o(i.____support_ldexp$lsc) refers (Special) to usenofp.o(x$fpl$usenofp) for __I$use$fp
    ldexp_x.o(i.____support_ldexp$lsc) refers to ldexp_x.o(i.__ldexp$lsc) for __ldexp$lsc
    ldexp_x.o(i.__ldexp$lsc) refers (Special) to usenofp.o(x$fpl$usenofp) for __I$use$fp
    ldexp_x.o(i.__ldexp$lsc) refers to deqf.o(x$fpl$deqf) for __aeabi_cdcmpeq
    ldexp_x.o(i.__ldexp$lsc) refers to scalbn.o(x$fpl$scalbn) for __ARM_scalbn
    ldexp_x.o(i.__ldexp$lsc) refers to _rserrno.o(.text) for __set_errno
    ldexp_x.o(i.__ldexp$lsc) refers to qnan.o(.constdata) for __mathlib_zero
    rt_raise.o(.text) refers to __raise.o(.text) for __raise
    rt_raise.o(.text) refers to usart.o(.text) for _sys_exit
    defsig_exit.o(.text) refers to usart.o(.text) for _sys_exit
    defsig_rtmem_inner.o(.text) refers to defsig_general.o(.text) for __default_signal_display
    libshutdown.o(.ARM.Collect$$libshutdown$$00000000) refers (Special) to libshutdown2.o(.ARM.Collect$$libshutdown$$00000002) for __rt_lib_shutdown_cpp_1
    libshutdown.o(.ARM.Collect$$libshutdown$$00000000) refers (Special) to libshutdown2.o(.ARM.Collect$$libshutdown$$00000007) for __rt_lib_shutdown_fp_trap_1
    libshutdown.o(.ARM.Collect$$libshutdown$$00000000) refers (Special) to libshutdown2.o(.ARM.Collect$$libshutdown$$0000000F) for __rt_lib_shutdown_heap_1
    libshutdown.o(.ARM.Collect$$libshutdown$$00000000) refers (Special) to libshutdown2.o(.ARM.Collect$$libshutdown$$00000010) for __rt_lib_shutdown_return
    libshutdown.o(.ARM.Collect$$libshutdown$$00000000) refers (Special) to libshutdown2.o(.ARM.Collect$$libshutdown$$0000000A) for __rt_lib_shutdown_signal_1
    libshutdown.o(.ARM.Collect$$libshutdown$$00000000) refers (Special) to libshutdown2.o(.ARM.Collect$$libshutdown$$00000004) for __rt_lib_shutdown_stdio_1
    libshutdown.o(.ARM.Collect$$libshutdown$$00000000) refers (Special) to libshutdown2.o(.ARM.Collect$$libshutdown$$0000000C) for __rt_lib_shutdown_user_alloc_1
    __raise.o(.text) refers to defsig.o(CL$$defsig) for __default_signal_handler
    defsig_general.o(.text) refers to sys_wrch.o(.text) for _ttywrch
    sys_wrch.o(.text) refers (Special) to use_no_semi.o(.text) for __I$use$semihosting
    sys_wrch.o(.text) refers (Special) to indicate_semi.o(.text) for __semihosting_library_function
    defsig.o(CL$$defsig) refers to defsig_rtmem_inner.o(.text) for __rt_SIGRTMEM_inner
    defsig_abrt_inner.o(.text) refers to defsig_general.o(.text) for __default_signal_display
    defsig_fpe_inner.o(.text) refers to defsig_general.o(.text) for __default_signal_display
    defsig_rtred_inner.o(.text) refers to defsig_general.o(.text) for __default_signal_display
    defsig_stak_inner.o(.text) refers to defsig_general.o(.text) for __default_signal_display
    defsig_pvfn_inner.o(.text) refers to defsig_general.o(.text) for __default_signal_display
    defsig_cppl_inner.o(.text) refers to defsig_general.o(.text) for __default_signal_display
    defsig_segv_inner.o(.text) refers to defsig_general.o(.text) for __default_signal_display
    defsig_other.o(.text) refers to defsig_general.o(.text) for __default_signal_display


==============================================================================

Removing Unused input sections from the image.

    Removing sys.o(.text), (12 bytes).
    Removing core_cm3.o(.emb_text), (32 bytes).
    Removing stm32f10x_exti.o(.text), (284 bytes).
    Removing stm32f10x_iwdg.o(.text), (64 bytes).
    Removing stm32f10x_wwdg.o(.text), (136 bytes).
    Removing stm32f10x_dma.o(.text), (596 bytes).
    Removing stm32f10x_flash.o(.text), (1468 bytes).
    Removing stm32f10x_sdio.o(.text), (468 bytes).
    Removing lcd_driver.o(.data), (2 bytes).
    Removing input_engine_null.o(.text), (232 bytes).
    Removing input_engine_null.o(.constdata), (20 bytes).
    Removing glyph_cache.o(.text), (396 bytes).
    Removing glyph_cache.o(.constdata), (17 bytes).
    Removing matrix.o(.text), (1176 bytes).
    Removing rom_fs.o(.text), (284 bytes).
    Removing rom_fs.o(.constdata), (15 bytes).
    Removing suggest_words.o(.text), (416 bytes).
    Removing suggest_words.o(.constdata), (21 bytes).
    Removing ui_binary_writer.o(.text), (156 bytes).
    Removing ui_loader_xml.o(.text), (1428 bytes).
    Removing ui_loader_xml.o(.constdata), (4 bytes).
    Removing ui_serializer.o(.text), (756 bytes).
    Removing ui_xml_writer.o(.text), (668 bytes).
    Removing xml_builder.o(.text), (266 bytes).
    Removing xml_parser.o(.text), (1928 bytes).
    Removing xml_parser.o(.constdata), (36 bytes).
    Removing date_time.o(.text), (104 bytes).
    Removing date_time.o(.constdata), (17 bytes).
    Removing date_time.o(.data), (4 bytes).
    Removing shortcut.o(.text), (900 bytes).
    Removing int_str.o(.text), (102 bytes).
    Removing str_str.o(.text), (120 bytes).

32 unused section(s) (total 12128 bytes) removed from the image.
