Component: ARM Compiler 5.06 update 5 (build 528) Tool: armlink [4d35e2]

==============================================================================

Section Cross References

    system_stm32f10x.o(.text) refers to system_stm32f10x.o(.data) for SystemCoreClock
    delay.o(.text) refers to misc.o(.text) for SysTick_CLKSourceConfig
    delay.o(.text) refers to system_stm32f10x.o(.data) for SystemCoreClock
    delay.o(.text) refers to delay.o(.data) for fac_us
    sys.o(.text) refers to misc.o(.text) for NVIC_PriorityGroupConfig
    usart.o(.text) refers (Special) to use_no_semi_2.o(.text) for __use_no_semihosting
    usart.o(.text) refers to stm32f10x_rcc.o(.text) for RCC_APB2PeriphClockCmd
    usart.o(.text) refers to stm32f10x_gpio.o(.text) for GPIO_Init
    usart.o(.text) refers to misc.o(.text) for NVIC_Init
    usart.o(.text) refers to stm32f10x_usart.o(.text) for USART_Init
    usart.o(.text) refers to usart.o(.data) for USART_RX_STA
    usart.o(.text) refers to usart.o(.bss) for USART_RX_BUF
    usart.o(.bss) refers (Special) to use_no_semi_2.o(.text) for __use_no_semihosting
    usart.o(.data) refers (Special) to use_no_semi_2.o(.text) for __use_no_semihosting
    startup_stm32f10x_hd.o(STACK) refers (Special) to heapauxi.o(.text) for __use_two_region_memory
    startup_stm32f10x_hd.o(HEAP) refers (Special) to heapauxi.o(.text) for __use_two_region_memory
    startup_stm32f10x_hd.o(RESET) refers (Special) to heapauxi.o(.text) for __use_two_region_memory
    startup_stm32f10x_hd.o(RESET) refers to startup_stm32f10x_hd.o(STACK) for __initial_sp
    startup_stm32f10x_hd.o(RESET) refers to startup_stm32f10x_hd.o(.text) for Reset_Handler
    startup_stm32f10x_hd.o(RESET) refers to stm32f10x_it.o(.text) for NMI_Handler
    startup_stm32f10x_hd.o(RESET) refers to rtc.o(.text) for RTC_IRQHandler
    startup_stm32f10x_hd.o(RESET) refers to main_loop_stm32_raw.o(.text) for TIM3_IRQHandler
    startup_stm32f10x_hd.o(RESET) refers to usart.o(.text) for USART1_IRQHandler
    startup_stm32f10x_hd.o(RESET) refers to tim.o(.text) for TIM5_IRQHandler
    startup_stm32f10x_hd.o(.text) refers (Special) to heapauxi.o(.text) for __use_two_region_memory
    startup_stm32f10x_hd.o(.text) refers to system_stm32f10x.o(.text) for SystemInit
    startup_stm32f10x_hd.o(.text) refers to __main.o(!!!main) for __main
    startup_stm32f10x_hd.o(.text) refers to startup_stm32f10x_hd.o(HEAP) for Heap_Mem
    startup_stm32f10x_hd.o(.text) refers to startup_stm32f10x_hd.o(STACK) for Stack_Mem
    stm32f10x_gpio.o(.text) refers to stm32f10x_rcc.o(.text) for RCC_APB2PeriphResetCmd
    stm32f10x_rcc.o(.text) refers to stm32f10x_rcc.o(.data) for APBAHBPrescTable
    stm32f10x_usart.o(.text) refers to stm32f10x_rcc.o(.text) for RCC_APB2PeriphResetCmd
    stm32f10x_wwdg.o(.text) refers to stm32f10x_rcc.o(.text) for RCC_APB1PeriphResetCmd
    stm32f10x_tim.o(.text) refers to stm32f10x_rcc.o(.text) for RCC_APB2PeriphResetCmd
    stm32f10x_bkp.o(.text) refers to stm32f10x_rcc.o(.text) for RCC_BackupResetCmd
    stm32f10x_pwr.o(.text) refers to stm32f10x_rcc.o(.text) for RCC_APB1PeriphResetCmd
    stm32f10x_spi.o(.text) refers to stm32f10x_rcc.o(.text) for RCC_APB2PeriphResetCmd
    led.o(.text) refers to stm32f10x_rcc.o(.text) for RCC_APB2PeriphClockCmd
    led.o(.text) refers to stm32f10x_gpio.o(.text) for GPIO_Init
    led.o(.text) refers to delay.o(.text) for delay_ms
    led.o(.text) refers to led.o(.data) for i
    lcd_driver.o(.text) refers to stm32f10x_rcc.o(.text) for RCC_APB2PeriphClockCmd
    lcd_driver.o(.text) refers to stm32f10x_gpio.o(.text) for GPIO_Init
    lcd_driver.o(.text) refers to stm32f10x_fsmc.o(.text) for FSMC_NORSRAMInit
    button.o(.text) refers to stm32f10x_rcc.o(.text) for RCC_APB2PeriphClockCmd
    button.o(.text) refers to stm32f10x_gpio.o(.text) for GPIO_Init
    button.o(.text) refers to delay.o(.text) for delay_ms
    button.o(.text) refers to button.o(.data) for key_up
    tim.o(.text) refers to stm32f10x_rcc.o(.text) for RCC_APB1PeriphClockCmd
    tim.o(.text) refers to stm32f10x_gpio.o(.text) for GPIO_Init
    tim.o(.text) refers to stm32f10x_tim.o(.text) for TIM_TimeBaseInit
    tim.o(.text) refers to misc.o(.text) for NVIC_Init
    tim.o(.text) refers to tim.o(.data) for TIM5CH1_CAPTURE_STA
    rtc.o(.text) refers to _printf_percent.o(.ARM.Collect$$_printf_percent$$00000000) for _printf_percent
    rtc.o(.text) refers to _printf_d.o(.ARM.Collect$$_printf_percent$$00000009) for _printf_d
    rtc.o(.text) refers to _printf_dec.o(.text) for _printf_int_dec
    rtc.o(.text) refers to misc.o(.text) for NVIC_Init
    rtc.o(.text) refers to stm32f10x_rtc.o(.text) for RTC_GetCounter
    rtc.o(.text) refers to noretval__2printf.o(.text) for __2printf
    rtc.o(.text) refers to stm32f10x_rcc.o(.text) for RCC_APB1PeriphClockCmd
    rtc.o(.text) refers to stm32f10x_pwr.o(.text) for PWR_BackupAccessCmd
[...]
    USART_ReceiverWakeUpCmd                  0x08001043   Thumb Code    24  stm32f10x_usart.o(.text)
    USART_LINBreakDetectLengthConfig         0x0800105b   Thumb Code    18  stm32f10x_usart.o(.text)
    USART_LINCmd                             0x0800106d   Thumb Code    24  stm32f10x_usart.o(.text)
    USART_SendData                           0x08001085   Thumb Code     8  stm32f10x_usart.o(.text)
    USART_ReceiveData                        0x0800108d   Thumb Code    10  stm32f10x_usart.o(.text)
    USART_SendBreak                          0x08001097   Thumb Code    10  stm32f10x_usart.o(.text)
    USART_SetGuardTime                       0x080010a1   Thumb Code    16  stm32f10x_usart.o(.text)
    USART_SetPrescaler                       0x080010b1   Thumb Code    16  stm32f10x_usart.o(.text)
    USART_SmartCardCmd                       0x080010c1   Thumb Code    24  stm32f10x_usart.o(.text)
    USART_SmartCardNACKCmd                   0x080010d9   Thumb Code    24  stm32f10x_usart.o(.text)
    USART_HalfDuplexCmd                      0x080010f1   Thumb Code    24  stm32f10x_usart.o(.text)
    USART_OverSampling8Cmd                   0x08001109   Thumb Code    22  stm32f10x_usart.o(.text)
    USART_OneBitMethodCmd                    0x0800111f   Thumb Code    24  stm32f10x_usart.o(.text)
    USART_IrDAConfig                         0x08001137   Thumb Code    18  stm32f10x_usart.o(.text)
    USART_IrDACmd                            0x08001149   Thumb Code    24  stm32f10x_usart.o(.text)
    USART_GetFlagStatus                      0x08001161   Thumb Code    26  stm32f10x_usart.o(.text)
    USART_ClearFlag                          0x0800117b   Thumb Code    18  stm32f10x_usart.o(.text)
    USART_GetITStatus                        0x0800118d   Thumb Code    84  stm32f10x_usart.o(.text)
    USART_ClearITPendingBit                  0x080011e1   Thumb Code    52  stm32f10x_usart.o(.text)
    TIM_DeInit                               0x08001215   Thumb Code   424  stm32f10x_tim.o(.text)
    TIM_TimeBaseInit                         0x080013bd   Thumb Code   122  stm32f10x_tim.o(.text)
    TIM_OC1Init                              0x08001437   Thumb Code   132  stm32f10x_tim.o(.text)
    TIM_OC2Init                              0x080014bb   Thumb Code   154  stm32f10x_tim.o(.text)
    TIM_OC3Init                              0x08001555   Thumb Code   150  stm32f10x_tim.o(.text)
    TIM_OC4Init                              0x080015eb   Thumb Code   182  stm32f10x_tim.o(.text)
    TIM_SetIC4Prescaler                      0x080016a1   Thumb Code    26  stm32f10x_tim.o(.text)
    TIM_SetIC3Prescaler                      0x0800173d   Thumb Code    18  stm32f10x_tim.o(.text)
    TIM_SetIC2Prescaler                      0x080017c9   Thumb Code    26  stm32f10x_tim.o(.text)
    TIM_SetIC1Prescaler                      0x08001865   Thumb Code    18  stm32f10x_tim.o(.text)
    TIM_ICInit                               0x080018e3   Thumb Code   150  stm32f10x_tim.o(.text)
    TIM_PWMIConfig                           0x08001979   Thumb Code   124  stm32f10x_tim.o(.text)
    TIM_BDTRConfig                           0x080019f5   Thumb Code    32  stm32f10x_tim.o(.text)
    TIM_TimeBaseStructInit                   0x08001a15   Thumb Code    18  stm32f10x_tim.o(.text)
    TIM_OCStructInit                         0x08001a27   Thumb Code    20  stm32f10x_tim.o(.text)
    TIM_ICStructInit                         0x08001a3b   Thumb Code    18  stm32f10x_tim.o(.text)
    TIM_BDTRStructInit                       0x08001a4d   Thumb Code    40  stm32f10x_tim.o(.text)
    TIM_Cmd                                  0x08001a75   Thumb Code    24  stm32f10x_tim.o(.text)
    TIM_CtrlPWMOutputs                       0x08001a8d   Thumb Code    30  stm32f10x_tim.o(.text)
    TIM_ITConfig                             0x08001aab   Thumb Code    18  stm32f10x_tim.o(.text)
    TIM_GenerateEvent                        0x08001abd   Thumb Code     4  stm32f10x_tim.o(.text)
    TIM_DMAConfig                            0x08001ac1   Thumb Code    10  stm32f10x_tim.o(.text)
    TIM_DMACmd                               0x08001acb   Thumb Code    18  stm32f10x_tim.o(.text)
    TIM_InternalClockConfig                  0x08001add   Thumb Code    12  stm32f10x_tim.o(.text)
    TIM_SelectInputTrigger                   0x08001ae9   Thumb Code    18  stm32f10x_tim.o(.text)
    TIM_ITRxExternalClockConfig              0x08001afb   Thumb Code    24  stm32f10x_tim.o(.text)
    TIM_TIxExternalClockConfig               0x08001b13   Thumb Code    62  stm32f10x_tim.o(.text)
    TIM_ETRConfig                            0x08001b51   Thumb Code    28  stm32f10x_tim.o(.text)
    TIM_ETRClockMode1Config                  0x08001b6d   Thumb Code    54  stm32f10x_tim.o(.text)
    TIM_ETRClockMode2Config                  0x08001ba3   Thumb Code    32  stm32f10x_tim.o(.text)
    TIM_PrescalerConfig                      0x08001bc3   Thumb Code     6  stm32f10x_tim.o(.text)
    TIM_CounterModeConfig                    0x08001bc9   Thumb Code    18  stm32f10x_tim.o(.text)
    TIM_EncoderInterfaceConfig               0x08001bdb   Thumb Code    66  stm32f10x_tim.o(.text)
    TIM_ForcedOC1Config                      0x08001c1d   Thumb Code    18  stm32f10x_tim.o(.text)
    TIM_ForcedOC2Config                      0x08001c2f   Thumb Code    26  stm32f10x_tim.o(.text)
    TIM_ForcedOC3Config                      0x08001c49   Thumb Code    18  stm32f10x_tim.o(.text)
    TIM_ForcedOC4Config                      0x08001c5b   Thumb Code    26  stm32f10x_tim.o(.text)
    TIM_ARRPreloadConfig                     0x08001c75   Thumb Code    24  stm32f10x_tim.o(.text)
    TIM_SelectCOM                            0x08001c8d   Thumb Code    24  stm32f10x_tim.o(.text)
    TIM_SelectCCDMA                          0x08001ca5   Thumb Code    24  stm32f10x_tim.o(.text)
    TIM_CCPreloadControl                     0x08001cbd   Thumb Code    24  stm32f10x_tim.o(.text)
    TIM_OC1PreloadConfig                     0x08001cd5   Thumb Code    18  stm32f10x_tim.o(.text)
    TIM_OC2PreloadConfig                     0x08001ce7   Thumb Code    26  stm32f10x_tim.o(.text)
    TIM_OC3PreloadConfig                     0x08001d01   Thumb Code    18  stm32f10x_tim.o(.text)
    TIM_OC4PreloadConfig                     0x08001d13   Thumb Code    26  stm32f10x_tim.o(.text)
    TIM_OC1FastConfig                        0x08001d2d   Thumb Code    18  stm32f10x_tim.o(.text)
    TIM_OC2FastConfig                        0x08001d3f   Thumb Code    26  stm32f10x_tim.o(.text)
    TIM_OC3FastConfig                        0x08001d59   Thumb Code    18  stm32f10x_tim.o(.text)
    TIM_OC4FastConfig                        0x08001d6b   Thumb Code    26  stm32f10x_tim.o(.text)
    TIM_ClearOC1Ref                          0x08001d85   Thumb Code    18  stm32f10x_tim.o(.text)
    TIM_ClearOC2Ref                          0x08001d97   Thumb Code    24  stm32f10x_tim.o(.text)
    TIM_ClearOC3Ref                          0x08001daf   Thumb Code    18  stm32f10x_tim.o(.text)
    TIM_ClearOC4Ref                          0x08001dc1   Thumb Code    24  stm32f10x_tim.o(.text)
    TIM_OC1PolarityConfig                    0x08001dd9   Thumb Code    18  stm32f10x_tim.o(.text)
    TIM_OC1NPolarityConfig                   0x08001deb   Thumb Code    18  stm32f10x_tim.o(.text)
    TIM_OC2PolarityConfig                    0x08001dfd   Thumb Code    26  stm32f10x_tim.o(.text)
    TIM_OC2NPolarityConfig                   0x08001e17   Thumb Code    26  stm32f10x_tim.o(.text)
    TIM_OC3PolarityConfig                    0x08001e31   Thumb Code    26  stm32f10x_tim.o(.text)
    TIM_OC3NPolarityConfig                   0x08001e4b   Thumb Code    26  stm32f10x_tim.o(.text)
    TIM_OC4PolarityConfig                    0x08001e65   Thumb Code    26  stm32f10x_tim.o(.text)
    TIM_CCxCmd                               0x08001e7f   Thumb Code    30  stm32f10x_tim.o(.text)
    TIM_CCxNCmd                              0x08001e9d   Thumb Code    30  stm32f10x_tim.o(.text)
    TIM_SelectOCxM                           0x08001ebb   Thumb Code    82  stm32f10x_tim.o(.text)
    TIM_UpdateDisableConfig                  0x08001f0d   Thumb Code    24  stm32f10x_tim.o(.text)
    TIM_UpdateRequestConfig                  0x08001f25   Thumb Code    24  stm32f10x_tim.o(.text)
    TIM_SelectHallSensor                     0x08001f3d   Thumb Code    24  stm32f10x_tim.o(.text)
    TIM_SelectOnePulseMode                   0x08001f55   Thumb Code    18  stm32f10x_tim.o(.text)
    TIM_SelectOutputTrigger                  0x08001f67   Thumb Code    18  stm32f10x_tim.o(.text)
    TIM_SelectSlaveMode                      0x08001f79   Thumb Code    18  stm32f10x_tim.o(.text)
    TIM_SelectMasterSlaveMode                0x08001f8b   Thumb Code    18  stm32f10x_tim.o(.text)
    TIM_SetCounter                           0x08001f9d   Thumb Code     4  stm32f10x_tim.o(.text)
    TIM_SetAutoreload                        0x08001fa1   Thumb Code     4  stm32f10x_tim.o(.text)
    TIM_SetCompare1                          0x08001fa5   Thumb Code     4  stm32f10x_tim.o(.text)
    TIM_SetCompare2                          0x08001fa9   Thumb Code     4  stm32f10x_tim.o(.text)
    TIM_SetCompare3                          0x08001fad   Thumb Code     4  stm32f10x_tim.o(.text)
    TIM_SetCompare4                          0x08001fb1   Thumb Code     6  stm32f10x_tim.o(.text)
    TIM_SetClockDivision                     0x08001fb7   Thumb Code    18  stm32f10x_tim.o(.text)
    TIM_GetCapture1                          0x08001fc9   Thumb Code     6  stm32f10x_tim.o(.text)
    TIM_GetCapture2                          0x08001fcf   Thumb Code     6  stm32f10x_tim.o(.text)
    TIM_GetCapture3                          0x08001fd5   Thumb Code     6  stm32f10x_tim.o(.text)
    TIM_GetCapture4                          0x08001fdb   Thumb Code     8  stm32f10x_tim.o(.text)
    TIM_GetCounter                           0x08001fe3   Thumb Code     6  stm32f10x_tim.o(.text)
    TIM_GetPrescaler                         0x08001fe9   Thumb Code     6  stm32f10x_tim.o(.text)
    TIM_GetFlagStatus                        0x08001fef   Thumb Code    18  stm32f10x_tim.o(.text)
    TIM_ClearFlag                            0x08002001   Thumb Code     6  stm32f10x_tim.o(.text)
    TIM_GetITStatus                          0x08002007   Thumb Code    34  stm32f10x_tim.o(.text)
    TIM_ClearITPendingBit                    0x08002029   Thumb Code     6  stm32f10x_tim.o(.text)
    FSMC_NORSRAMDeInit                       0x08002031   Thumb Code    54  stm32f10x_fsmc.o(.text)
    FSMC_NANDDeInit                          0x08002067   Thumb Code    62  stm32f10x_fsmc.o(.text)
    FSMC_PCCARDDeInit                        0x080020a5   Thumb Code    36  stm32f10x_fsmc.o(.text)
    FSMC_NORSRAMInit                         0x080020c9   Thumb Code   230  stm32f10x_fsmc.o(.text)
    FSMC_NANDInit                            0x080021af   Thumb Code   132  stm32f10x_fsmc.o(.text)
    FSMC_PCCARDInit                          0x08002233   Thumb Code   130  stm32f10x_fsmc.o(.text)
    FSMC_NORSRAMStructInit                   0x080022b5   Thumb Code   114  stm32f10x_fsmc.o(.text)
    FSMC_NANDStructInit                      0x08002327   Thumb Code    54  stm32f10x_fsmc.o(.text)
    FSMC_PCCARDStructInit                    0x0800235d   Thumb Code    60  stm32f10x_fsmc.o(.text)
    FSMC_NORSRAMCmd                          0x08002399   Thumb Code    46  stm32f10x_fsmc.o(.text)
    FSMC_NANDCmd                             0x080023c7   Thumb Code    86  stm32f10x_fsmc.o(.text)
    FSMC_PCCARDCmd                           0x0800241d   Thumb Code    44  stm32f10x_fsmc.o(.text)
    FSMC_NANDECCCmd                          0x08002449   Thumb Code    90  stm32f10x_fsmc.o(.text)
    FSMC_GetECC                              0x080024a3   Thumb Code    24  stm32f10x_fsmc.o(.text)
    FSMC_ITConfig                            0x080024bb   Thumb Code   128  stm32f10x_fsmc.o(.text)
    FSMC_GetFlagStatus                       0x0800253b   Thumb Code    54  stm32f10x_fsmc.o(.text)
    FSMC_ClearFlag                           0x08002571   Thumb Code    62  stm32f10x_fsmc.o(.text)
    FSMC_GetITStatus                         0x080025af   Thumb Code    64  stm32f10x_fsmc.o(.text)
    FSMC_ClearITPendingBit                   0x080025ef   Thumb Code    68  stm32f10x_fsmc.o(.text)
    BKP_DeInit                               0x0800263d   Thumb Code    16  stm32f10x_bkp.o(.text)
    BKP_TamperPinLevelConfig                 0x0800264d   Thumb Code     6  stm32f10x_bkp.o(.text)
    BKP_TamperPinCmd                         0x08002653   Thumb Code     8  stm32f10x_bkp.o(.text)
    BKP_ITConfig                             0x0800265b   Thumb Code     8  stm32f10x_bkp.o(.text)
    BKP_RTCOutputConfig                      0x08002663   Thumb Code    22  stm32f10x_bkp.o(.text)
    BKP_SetRTCCalibrationValue               0x08002679   Thumb Code    22  stm32f10x_bkp.o(.text)
    BKP_WriteBackupRegister                  0x0800268f   Thumb Code    24  stm32f10x_bkp.o(.text)
    BKP_ReadBackupRegister                   0x080026a7   Thumb Code    26  stm32f10x_bkp.o(.text)
    BKP_GetFlagStatus                        0x080026c1   Thumb Code    10  stm32f10x_bkp.o(.text)
    BKP_ClearFlag                            0x080026cb   Thumb Code    18  stm32f10x_bkp.o(.text)
    BKP_GetITStatus                          0x080026dd   Thumb Code    10  stm32f10x_bkp.o(.text)
    BKP_ClearITPendingBit                    0x080026e7   Thumb Code    18  stm32f10x_bkp.o(.text)
    RTC_ITConfig                             0x08002701   Thumb Code    26  stm32f10x_rtc.o(.text)
    RTC_EnterConfigMode                      0x0800271b   Thumb Code    18  stm32f10x_rtc.o(.text)
    RTC_ExitConfigMode                       0x0800272d   Thumb Code    20  stm32f10x_rtc.o(.text)
    RTC_GetCounter                           0x08002741   Thumb Code    18  stm32f10x_rtc.o(.text)
    RTC_SetCounter                           0x08002753   Thumb Code    26  stm32f10x_rtc.o(.text)
    RTC_SetPrescaler                         0x0800276d   Thumb Code    28  stm32f10x_rtc.o(.text)
    RTC_SetAlarm                             0x08002789   Thumb Code    26  stm32f10x_rtc.o(.text)
    RTC_GetDivider                           0x080027a3   Thumb Code    22  stm32f10x_rtc.o(.text)
    RTC_WaitForLastTask                      0x080027b9   Thumb Code    18  stm32f10x_rtc.o(.text)
    RTC_WaitForSynchro                       0x080027cb   Thumb Code    36  stm32f10x_rtc.o(.text)
    RTC_GetFlagStatus                        0x080027ef   Thumb Code    22  stm32f10x_rtc.o(.text)
    RTC_ClearFlag                            0x08002805   Thumb Code    16  stm32f10x_rtc.o(.text)
    RTC_GetITStatus                          0x08002815   Thumb Code    32  stm32f10x_rtc.o(.text)
    RTC_ClearITPendingBit                    0x08002835   Thumb Code    16  stm32f10x_rtc.o(.text)
    PWR_DeInit                               0x08002849   Thumb Code    22  stm32f10x_pwr.o(.text)
    PWR_BackupAccessCmd                      0x0800285f   Thumb Code     6  stm32f10x_pwr.o(.text)
    PWR_PVDCmd                               0x08002865   Thumb Code     6  stm32f10x_pwr.o(.text)
    PWR_PVDLevelConfig                       0x0800286b   Thumb Code    18  stm32f10x_pwr.o(.text)
    PWR_WakeUpPinCmd                         0x0800287d   Thumb Code     8  stm32f10x_pwr.o(.text)
    PWR_EnterSTOPMode                        0x08002885   Thumb Code    54  stm32f10x_pwr.o(.text)
    PWR_EnterSTANDBYMode                     0x080028bb   Thumb Code    42  stm32f10x_pwr.o(.text)
    PWR_GetFlagStatus                        0x080028e5   Thumb Code    20  stm32f10x_pwr.o(.text)
    PWR_ClearFlag                            0x080028f9   Thumb Code    14  stm32f10x_pwr.o(.text)
    SPI_I2S_DeInit                           0x08002915   Thumb Code    76  stm32f10x_spi.o(.text)
    SPI_Init                                 0x08002961   Thumb Code    60  stm32f10x_spi.o(.text)
    I2S_Init                                 0x0800299d   Thumb Code   226  stm32f10x_spi.o(.text)
    SPI_StructInit                           0x08002a7f   Thumb Code    24  stm32f10x_spi.o(.text)
    I2S_StructInit                           0x08002a97   Thumb Code    20  stm32f10x_spi.o(.text)
    SPI_Cmd                                  0x08002aab   Thumb Code    24  stm32f10x_spi.o(.text)
    I2S_Cmd                                  0x08002ac3   Thumb Code    24  stm32f10x_spi.o(.text)
    SPI_I2S_ITConfig                         0x08002adb   Thumb Code    32  stm32f10x_spi.o(.text)
    SPI_I2S_DMACmd                           0x08002afb   Thumb Code    18  stm32f10x_spi.o(.text)
    SPI_I2S_SendData                         0x08002b0d   Thumb Code     4  stm32f10x_spi.o(.text)
    SPI_I2S_ReceiveData                      0x08002b11   Thumb Code     6  stm32f10x_spi.o(.text)
    SPI_NSSInternalSoftwareConfig            0x08002b17   Thumb Code    30  stm32f10x_spi.o(.text)
    SPI_SSOutputCmd                          0x08002b35   Thumb Code    24  stm32f10x_spi.o(.text)
    SPI_DataSizeConfig                       0x08002b4d   Thumb Code    18  stm32f10x_spi.o(.text)
    SPI_TransmitCRC                          0x08002b5f   Thumb Code    10  stm32f10x_spi.o(.text)
    SPI_CalculateCRC                         0x08002b69   Thumb Code    24  stm32f10x_spi.o(.text)
    SPI_GetCRC                               0x08002b81   Thumb Code    16  stm32f10x_spi.o(.text)
    SPI_GetCRCPolynomial                     0x08002b91   Thumb Code     6  stm32f10x_spi.o(.text)
    SPI_BiDirectionalLineConfig              0x08002b97   Thumb Code    28  stm32f10x_spi.o(.text)
    SPI_I2S_GetFlagStatus                    0x08002bb3   Thumb Code    18  stm32f10x_spi.o(.text)
    SPI_I2S_ClearFlag                        0x08002bc5   Thumb Code     6  stm32f10x_spi.o(.text)
    SPI_I2S_GetITStatus                      0x08002bcb   Thumb Code    52  stm32f10x_spi.o(.text)
    SPI_I2S_ClearITPendingBit                0x08002bff   Thumb Code    20  stm32f10x_spi.o(.text)
    led_init                                 0x08002c21   Thumb Code    50  led.o(.text)
    led_run                                  0x08002c53   Thumb Code   104  led.o(.text)
    TFT_GPIO_Config                          0x08002cc5   Thumb Code    74  lcd_driver.o(.text)
    TFT_FSMC_Config                          0x08002d0f   Thumb Code    86  lcd_driver.o(.text)
    TFT_WriteCmd                             0x08002d65   Thumb Code     6  lcd_driver.o(.text)
    TFT_WriteData                            0x08002d6b   Thumb Code     8  lcd_driver.o(.text)
    TFT_Init                                 0x08002d73   Thumb Code   374  lcd_driver.o(.text)
    TFT_SetWindow                            0x08002ee9   Thumb Code    74  lcd_driver.o(.text)
    TFT_ClearScreen                          0x08002f33   Thumb Code    56  lcd_driver.o(.text)
    button_init                              0x08002f7d   Thumb Code    60  button.o(.text)
    keyscan                                  0x08002fb9   Thumb Code   184  button.o(.text)
    tim3_pwm_init                            0x0800307d   Thumb Code   134  tim.o(.text)
    TIM3_Init                                0x08003103   Thumb Code    94  tim.o(.text)
    tim5_input1_init                         0x08003161   Thumb Code   140  tim.o(.text)
    TIM5_IRQHandler                          0x080031ed   Thumb Code   180  tim.o(.text)
    RTC_NVIC_Config                          0x080032b9   Thumb Code    32  rtc.o(.text)
    RTC_Get_Week                             0x080032d9   Thumb Code   116  rtc.o(.text)
    Is_Leap_Year                             0x0800334d   Thumb Code    58  rtc.o(.text)
    RTC_Get                                  0x08003387   Thumb Code   240  rtc.o(.text)
    RTC_IRQHandler                           0x08003477   Thumb Code    82  rtc.o(.text)
    RTC_Set                                  0x080034c9   Thumb Code   184  rtc.o(.text)
    rtc_init                                 0x08003581   Thumb Code   160  rtc.o(.text)
    RTC_Alarm_Set                            0x08003621   Thumb Code   184  rtc.o(.text)
    TOUCH_ReadData                           0x08003719   Thumb Code   188  touch.o(.text)
    TOUCH_ReadXY                             0x080037d5   Thumb Code   158  touch.o(.text)
    TOUCH_ReadAdjust                         0x08003873   Thumb Code    92  touch.o(.text)
    TOUCH_Adjust                             0x080038cf   Thumb Code   358  touch.o(.text)
    TOUCH_Init                               0x08003a35   Thumb Code    84  touch.o(.text)
    TOUCH_Scan                               0x08003a89   Thumb Code   202  touch.o(.text)
    SPI1_Config                              0x08003b59   Thumb Code   130  spi.o(.text)
    SPI2_Config                              0x08003bdb   Thumb Code   122  spi.o(.text)
    SPI1_SetSpeed                            0x08003c55   Thumb Code    36  spi.o(.text)
    SPI2_SetSpeed                            0x08003c79   Thumb Code    36  spi.o(.text)
    SPI1_WriteReadData                       0x08003c9d   Thumb Code    68  spi.o(.text)
    SPI2_WriteReadData                       0x08003ce1   Thumb Code    68  spi.o(.text)
    GUI_Dot                                  0x08003d35   Thumb Code    28  gui.o(.text)
    GUI_Line                                 0x08003d51   Thumb Code   172  gui.o(.text)
    LCD_DrawRectangle                        0x08003dfd   Thumb Code    74  gui.o(.text)
    LCD_Draw_Point                           0x08003e47   Thumb Code    20  gui.o(.text)
    Test_Show_CH_Font16                      0x08003e5b   Thumb Code   146  gui.o(.text)
    Test_Show_CH_Font24                      0x08003eed   Thumb Code   188  gui.o(.text)
    TEST_FONT                                0x08003fa9   Thumb Code    62  gui.o(.text)
    GUI_Box                                  0x08003fe7   Thumb Code    92  gui.o(.text)
    GUI_DrowSign                             0x08004043   Thumb Code   136  gui.o(.text)
    GUI_Show12ASCII                          0x080040cb   Thumb Code   142  gui.o(.text)
    FLASH_ReadID                             0x08004165   Thumb Code    90  flash.o(.text)
    FLASH_Init                               0x080041bf   Thumb Code    92  flash.o(.text)
    FLASH_ReadData                           0x0800426f   Thumb Code   110  flash.o(.text)
    FLASH_ChipErase                          0x08004361   Thumb Code    58  flash.o(.text)
    FLASH_WriteData                          0x08004439   Thumb Code   188  flash.o(.text)
    array_init                               0x08004501   Thumb Code    48  array.o(.text)
    array_create                             0x08004531   Thumb Code    38  array.o(.text)
    array_find_index                         0x0800458f   Thumb Code    90  array.o(.text)
    array_remove                             0x080045e9   Thumb Code    90  array.o(.text)
    array_foreach                            0x08004643   Thumb Code    64  array.o(.text)
    array_find                               0x08004683   Thumb Code    40  array.o(.text)
    array_pop                                0x080046ab   Thumb Code    30  array.o(.text)
    array_push                               0x080046c9   Thumb Code    40  array.o(.text)
    array_deinit                             0x080046f1   Thumb Code    28  array.o(.text)
    array_destroy                            0x0800470d   Thumb Code    28  array.o(.text)
    image_loader_load                        0x08004729   Thumb Code    34  bitmap.o(.text)
    bitmap_destroy                           0x0800474b   Thumb Code    22  bitmap.o(.text)
    button_set_text                          0x0800483b   Thumb Code    28  button_1.o(.text)
    button_create                            0x0800491f   Thumb Code    90  button_1.o(.text)
    canvas_translate                         0x0800497d   Thumb Code    24  canvas.o(.text)
    canvas_untranslate                       0x08004995   Thumb Code    24  canvas.o(.text)
    canvas_init                              0x080049ad   Thumb Code    34  canvas.o(.text)
    canvas_get_width                         0x080049cf   Thumb Code    14  canvas.o(.text)
    canvas_get_height                        0x080049dd   Thumb Code    14  canvas.o(.text)
    canvas_set_clip_rect                     0x080049eb   Thumb Code    58  canvas.o(.text)
    canvas_set_fill_color                    0x08004a25   Thumb Code    20  canvas.o(.text)
    canvas_set_text_color                    0x08004a39   Thumb Code    20  canvas.o(.text)
    canvas_set_stroke_color                  0x08004a4d   Thumb Code    20  canvas.o(.text)
    canvas_set_global_alpha                  0x08004a61   Thumb Code    18  canvas.o(.text)
    canvas_set_font                          0x08004a73   Thumb Code    34  canvas.o(.text)
    canvas_measure_text                      0x08004a95   Thumb Code    78  canvas.o(.text)
    canvas_begin_frame                       0x08004ae3   Thumb Code    38  canvas.o(.text)
    canvas_draw_hline                        0x08004b65   Thumb Code    38  canvas.o(.text)
    canvas_draw_vline                        0x08004be7   Thumb Code    38  canvas.o(.text)
    canvas_draw_points                       0x08004cc7   Thumb Code   120  canvas.o(.text)
    canvas_fill_rect                         0x08004dc7   Thumb Code    46  canvas.o(.text)
    canvas_stroke_rect                       0x08004e49   Thumb Code    46  canvas.o(.text)
    canvas_draw_char                         0x08004f55   Thumb Code    38  canvas.o(.text)
    canvas_draw_text                         0x08004ffb   Thumb Code    48  canvas.o(.text)
    canvas_draw_image_at                     0x08005127   Thumb Code    62  canvas.o(.text)
    canvas_draw_image                        0x08005165   Thumb Code    86  canvas.o(.text)
    canvas_draw_image_9patch                 0x080051bb   Thumb Code   540  canvas.o(.text)
    canvas_end_frame                         0x080053d7   Thumb Code    18  canvas.o(.text)
    canvas_test_paint                        0x080053e9   Thumb Code   210  canvas.o(.text)
    check_button_set_value                   0x08005509   Thumb Code    98  check_button.o(.text)
    check_button_set_text                    0x080056b5   Thumb Code    28  check_button.o(.text)
    check_button_create                      0x0800576d   Thumb Code    80  check_button.o(.text)
    check_button_create_radio                0x080057bd   Thumb Code    76  check_button.o(.text)
    color_init                               0x0800581d   Thumb Code    24  color.o(.text)
    dialog_create                            0x080059c7   Thumb Code   140  dialog.o(.text)
    dialog_set_icon                          0x08005a53   Thumb Code    46  dialog.o(.text)
    dialog_set_title                         0x08005a81   Thumb Code    28  dialog.o(.text)
    dialog_modal                             0x08005a9d   Thumb Code    68  dialog.o(.text)
    dialog_quit                              0x08005ae1   Thumb Code    34  dialog.o(.text)
    emitter_init                             0x08005b31   Thumb Code    26  emitter.o(.text)
    emitter_create                           0x08005b4b   Thumb Code    20  emitter.o(.text)
    emitter_dispatch                         0x08005b5f   Thumb Code    84  emitter.o(.text)
    emitter_on                               0x08005c0f   Thumb Code    74  emitter.o(.text)
    emitter_find                             0x08005c59   Thumb Code    50  emitter.o(.text)
    emitter_off                              0x08005c8b   Thumb Code   104  emitter.o(.text)
    emitter_off_by_func                      0x08005cf3   Thumb Code   110  emitter.o(.text)
    emitter_stop                             0x08005d61   Thumb Code    16  emitter.o(.text)
    emitter_enable                           0x08005d71   Thumb Code    16  emitter.o(.text)
    emitter_disable                          0x08005d81   Thumb Code    16  emitter.o(.text)
    emitter_deinit                           0x08005d91   Thumb Code    24  emitter.o(.text)
    emitter_destroy                          0x08005da9   Thumb Code    26  emitter.o(.text)
    font_find_glyph                          0x08005dc3   Thumb Code    32  font.o(.text)
    font_destroy                             0x08005de3   Thumb Code    22  font.o(.text)
    font_manager_create                      0x08005df9   Thumb Code    16  font_manager.o(.text)
    font_manager_init                        0x08005e09   Thumb Code    22  font_manager.o(.text)
    font_manager_add                         0x08005e1f   Thumb Code    26  font_manager.o(.text)
    font_manager_find                        0x08005e39   Thumb Code    88  font_manager.o(.text)
    font_manager_deinit                      0x08005e91   Thumb Code    20  font_manager.o(.text)
    font_manager_destroy                     0x08005ea5   Thumb Code    26  font_manager.o(.text)
    default_fm                               0x08005ebf   Thumb Code    34  font_manager.o(.text)
    group_box_create                         0x08005ee5   Thumb Code    80  group_box.o(.text)
    image_create                             0x08005fa3   Thumb Code    72  image.o(.text)
    image_set_image                          0x08005feb   Thumb Code    46  image.o(.text)
    image_set_image_name                     0x08006019   Thumb Code    48  image.o(.text)
    image_manager_init                       0x0800604d   Thumb Code    54  image_manager.o(.text)
    image_manager_create                     0x08006083   Thumb Code    20  image_manager.o(.text)
    default_im                               0x08006097   Thumb Code    22  image_manager.o(.text)
    image_manager_add_loader                 0x080060ad   Thumb Code    28  image_manager.o(.text)
    image_manager_find_image                 0x080060e1   Thumb Code    32  image_manager.o(.text)
    image_manager_load                       0x08006101   Thumb Code    72  image_manager.o(.text)
    image_manager_add_image                  0x08006149   Thumb Code    56  image_manager.o(.text)
    image_manager_deinit                     0x08006181   Thumb Code    12  image_manager.o(.text)
    image_manager_destroy                    0x0800618d   Thumb Code    26  image_manager.o(.text)
    label_set_text                           0x080062bf   Thumb Code    28  label.o(.text)
    label_set_border                         0x080062db   Thumb Code    18  label.o(.text)
    label_set_text_align_h                   0x080062ed   Thumb Code    18  label.o(.text)
    label_set_text_align_v                   0x080062ff   Thumb Code    18  label.o(.text)
    label_create                             0x08006419   Thumb Code    88  label.o(.text)
    lcd_begin_frame                          0x0800649d   Thumb Code    26  lcd.o(.text)
    lcd_draw_vline                           0x080064b7   Thumb Code    40  lcd.o(.text)
    lcd_draw_hline                           0x080064df   Thumb Code    40  lcd.o(.text)
    lcd_fill_rect                            0x08006507   Thumb Code    48  lcd.o(.text)
    lcd_draw_points                          0x08006537   Thumb Code    32  lcd.o(.text)
    lcd_draw_image                           0x08006557   Thumb Code    44  lcd.o(.text)
    lcd_draw_glyph                           0x08006583   Thumb Code    52  lcd.o(.text)
    lcd_end_frame                            0x080065b7   Thumb Code    22  lcd.o(.text)
    lcd_destroy                              0x080065cd   Thumb Code    22  lcd.o(.text)
    main_loop_run                            0x080065e5   Thumb Code    26  main_loop.o(.text)
    main_loop_quit                           0x080065ff   Thumb Code    26  main_loop.o(.text)
    main_loop_destroy                        0x08006619   Thumb Code    26  main_loop.o(.text)
    main_loop_get_default                    0x08006633   Thumb Code     6  main_loop.o(.text)
    main_loop_set_default                    0x08006639   Thumb Code    16  main_loop.o(.text)
    mem_stat                                 0x0800664d   Thumb Code    76  mem.o(.text)
    mem_info_dump                            0x08006699   Thumb Code    64  mem.o(.text)
    lftk_alloc                               0x080066d9   Thumb Code   174  mem.o(.text)
    lftk_calloc                              0x08006787   Thumb Code    36  mem.o(.text)
    lftk_free                                0x08006815   Thumb Code   110  mem.o(.text)
    lftk_realloc                             0x08006883   Thumb Code    86  mem.o(.text)
    mem_init                                 0x080068d9   Thumb Code    50  mem.o(.text)
    progress_bar_set_value                   0x08006b17   Thumb Code    50  progress_bar.o(.text)
    progress_bar_set_vertical                0x08006b49   Thumb Code    18  progress_bar.o(.text)
    progress_bar_set_show_text               0x08006b5b   Thumb Code    18  progress_bar.o(.text)
    progress_bar_create                      0x08006c3f   Thumb Code    72  progress_bar.o(.text)
    rect_merge                               0x08006cad   Thumb Code   162  rect.o(.text)
    style_get_int                            0x08006d51   Thumb Code   142  theme.o(.text)
    style_get_color                          0x08006ddf   Thumb Code    22  theme.o(.text)
    style_get_str                            0x08006df5   Thumb Code   142  theme.o(.text)
    theme_find_style                         0x08006e83   Thumb Code   232  theme.o(.text)
    theme_get_default                        0x08006f6b   Thumb Code     4  theme.o(.text)
    theme_init                               0x08006f6f   Thumb Code    20  theme.o(.text)
    value_bool                               0x08006f8d   Thumb Code    18  value.o(.text)
    value_set_bool                           0x08006f9f   Thumb Code    18  value.o(.text)
    value_set_int8                           0x08006fb1   Thumb Code    18  value.o(.text)
    value_int8                               0x08006fc3   Thumb Code    18  value.o(.text)
    value_set_uint8                          0x08006fd5   Thumb Code    18  value.o(.text)
    value_uint8                              0x08006fe7   Thumb Code    16  value.o(.text)
    value_set_int16                          0x08006ff7   Thumb Code    18  value.o(.text)
    value_int16                              0x08007009   Thumb Code    18  value.o(.text)
    value_set_uint16                         0x0800701b   Thumb Code    18  value.o(.text)
    value_uint16                             0x0800702d   Thumb Code    16  value.o(.text)
    value_set_int32                          0x0800703d   Thumb Code    18  value.o(.text)
    value_int32                              0x0800704f   Thumb Code    16  value.o(.text)
    value_set_uint32                         0x0800705f   Thumb Code    18  value.o(.text)
    value_uint32                             0x08007071   Thumb Code    16  value.o(.text)
    value_set_int64                          0x08007081   Thumb Code    20  value.o(.text)
    value_int64                              0x08007095   Thumb Code    20  value.o(.text)
    value_set_uint64                         0x080070a9   Thumb Code    20  value.o(.text)
    value_uint64                             0x080070bd   Thumb Code    20  value.o(.text)
    value_set_pointer                        0x080070d1   Thumb Code    18  value.o(.text)
    value_pointer                            0x080070e3   Thumb Code    16  value.o(.text)
    value_set_float                          0x080070f3   Thumb Code    18  value.o(.text)
    value_float                              0x08007105   Thumb Code    16  value.o(.text)
    value_set_double                         0x08007115   Thumb Code    20  value.o(.text)
    value_double                             0x08007129   Thumb Code    20  value.o(.text)
    value_set_str                            0x0800713d   Thumb Code    18  value.o(.text)
    value_set_wstr                           0x0800714f   Thumb Code    18  value.o(.text)
    value_str                                0x08007161   Thumb Code    16  value.o(.text)
    value_wstr                               0x08007171   Thumb Code    16  value.o(.text)
    value_copy                               0x08007181   Thumb Code    26  value.o(.text)
    value_is_null                            0x0800719b   Thumb Code    14  value.o(.text)
    value_int                                0x080071a9   Thumb Code   108  value.o(.text)
    value_set_int                            0x08007215   Thumb Code    16  value.o(.text)
    value_create                             0x08007225   Thumb Code    12  value.o(.text)
    value_destroy                            0x08007231   Thumb Code    12  value.o(.text)
    widget_dispatch                          0x0800723d   Thumb Code    68  widget.o(.text)
    widget_move                              0x08007281   Thumb Code    40  widget.o(.text)
    widget_resize                            0x080072a9   Thumb Code    42  widget.o(.text)
    widget_move_resize                       0x080072d3   Thumb Code    58  widget.o(.text)
    widget_set_prop                          0x0800730d   Thumb Code   344  widget.o(.text)
    widget_set_value                         0x08007465   Thumb Code    36  widget.o(.text)
    widget_set_text                          0x08007489   Thumb Code    38  widget.o(.text)
    widget_get_prop                          0x080074af   Thumb Code   264  widget.o(.text)
    widget_get_value                         0x080075b7   Thumb Code    36  widget.o(.text)
    widget_get_text                          0x080075db   Thumb Code    36  widget.o(.text)
    widget_set_name                          0x080075ff   Thumb Code    30  widget.o(.text)
    widget_invalidate                        0x0800761d   Thumb Code   156  widget.o(.text)
    widget_update_style                      0x080076b9   Thumb Code    66  widget.o(.text)
    widget_set_enable                        0x080076fb   Thumb Code    48  widget.o(.text)
    widget_set_focused                       0x0800772b   Thumb Code    48  widget.o(.text)
    widget_set_state                         0x0800775b   Thumb Code    46  widget.o(.text)
    widget_destroy                           0x08007789   Thumb Code    90  widget.o(.text)
    widget_destroy_children                  0x080077e3   Thumb Code    60  widget.o(.text)
    widget_add_child                         0x0800781f   Thumb Code    46  widget.o(.text)
    widget_remove_child                      0x0800784d   Thumb Code    44  widget.o(.text)
    widget_lookup                            0x08007915   Thumb Code    30  widget.o(.text)
    widget_set_visible                       0x080079a5   Thumb Code    30  widget.o(.text)
    widget_find_target                       0x080079c3   Thumb Code    62  widget.o(.text)
    widget_on                                0x08007a01   Thumb Code    46  widget.o(.text)
    widget_off                               0x08007a2f   Thumb Code    30  widget.o(.text)
    widget_off_by_func                       0x08007a4d   Thumb Code    44  widget.o(.text)
    widget_on_paint_children                 0x08007a79   Thumb Code    58  widget.o(.text)
    widget_on_paint_self                     0x08007ab3   Thumb Code    46  widget.o(.text)
    widget_paint                             0x08007ae1   Thumb Code    54  widget.o(.text)
    widget_on_keydown                        0x08007b17   Thumb Code    68  widget.o(.text)
    widget_on_keyup                          0x08007b5b   Thumb Code    74  widget.o(.text)
    widget_on_click                          0x08007ba5   Thumb Code    68  widget.o(.text)
    widget_on_pointer_down                   0x08007be9   Thumb Code    98  widget.o(.text)
    widget_on_pointer_move                   0x08007c4b   Thumb Code   146  widget.o(.text)
    widget_on_pointer_up                     0x08007cdd   Thumb Code    66  widget.o(.text)
    widget_grab                              0x08007d1f   Thumb Code    54  widget.o(.text)
    widget_ungrab                            0x08007d55   Thumb Code    52  widget.o(.text)
    widget_init                              0x08007d89   Thumb Code    94  widget.o(.text)
    widget_to_local                          0x08007de7   Thumb Code    42  widget.o(.text)
    widget_to_global                         0x08007e11   Thumb Code    42  widget.o(.text)
    widget_count_children                    0x08007e3b   Thumb Code    22  widget.o(.text)
    widget_get_child                         0x08007e51   Thumb Code    34  widget.o(.text)
    widget_invalidate_default                0x08007e79   Thumb Code    64  widget_vtable.o(.text)
    widget_on_event_default                  0x08007eb9   Thumb Code    14  widget_vtable.o(.text)
    widget_on_paint_self_default             0x08007ec7   Thumb Code    14  widget_vtable.o(.text)
    widget_on_paint_children_default         0x08007ed5   Thumb Code    70  widget_vtable.o(.text)
    widget_on_keydown_default                0x08007f1b   Thumb Code    14  widget_vtable.o(.text)
    widget_on_keyup_default                  0x08007f29   Thumb Code    14  widget_vtable.o(.text)
    widget_on_click_default                  0x08007f37   Thumb Code    14  widget_vtable.o(.text)
    widget_on_pointer_down_default           0x08007f45   Thumb Code    14  widget_vtable.o(.text)
    widget_on_pointer_move_default           0x08007f53   Thumb Code    14  widget_vtable.o(.text)
    widget_on_pointer_up_default             0x08007f61   Thumb Code    14  widget_vtable.o(.text)
    widget_get_prop_default                  0x08007f6f   Thumb Code    16  widget_vtable.o(.text)
    widget_set_prop_default                  0x08007f7f   Thumb Code    16  widget_vtable.o(.text)
    widget_grab_default                      0x08007f8f   Thumb Code    34  widget_vtable.o(.text)
    widget_ungrab_default                    0x08007fb1   Thumb Code    34  widget_vtable.o(.text)
    widget_find_target_default               0x08007fd3   Thumb Code   138  widget_vtable.o(.text)
    widget_destroy_default                   0x0800805d   Thumb Code     6  widget_vtable.o(.text)
    widget_vtable_default                    0x08008063   Thumb Code     4  widget_vtable.o(.text)
    window_create                            0x080080ab   Thumb Code    94  window.o(.text)
    window_manager_remove_child              0x0800810d   Thumb Code    32  window_manager.o(.text)
    window_manager_add_child                 0x08008141   Thumb Code   112  window_manager.o(.text)
    window_manager_find_target               0x080081b1   Thumb Code   164  window_manager.o(.text)
    window_manager_paint                     0x08008255   Thumb Code   144  window_manager.o(.text)
    window_manager_init                      0x080082e5   Thumb Code    40  window_manager.o(.text)
    default_wm                               0x0800830d   Thumb Code    34  window_manager.o(.text)
    window_manager_on_paint_children         0x08008357   Thumb Code   104  window_manager.o(.text)
    window_manager_resize                    0x080083bf   Thumb Code    58  window_manager.o(.text)
    wstr_init                                0x08008457   Thumb Code    36  wstr.o(.text)
    wstr_set                                 0x0800847b   Thumb Code    52  wstr.o(.text)
    wstr_set_utf8                            0x080084af   Thumb Code    14  wstr.o(.text)
    wstr_get_utf8                            0x080084bd   Thumb Code    14  wstr.o(.text)
    wstr_reset                               0x080084cb   Thumb Code    20  wstr.o(.text)
    font_bitmap_init                         0x08008575   Thumb Code    50  font_bitmap.o(.text)
    font_bitmap_create                       0x080085a7   Thumb Code    38  font_bitmap.o(.text)
    image_loader_bitmap_create               0x08008627   Thumb Code    46  image_loader_bitmap.o(.text)
    image_loader_bitmap_add                  0x08008655   Thumb Code    46  image_loader_bitmap.o(.text)
    lcd_stm32_raw_create                     0x080089ed   Thumb Code    94  lcd_stm32_raw.o(.text)
    TIM3_IRQHandler                          0x08008b17   Thumb Code    54  main_loop_stm32_raw.o(.text)
    main_loop_init                           0x08008ba1   Thumb Code    98  main_loop_stm32_raw.o(.text)
    ftk_str2bool                             0x08008c25   Thumb Code    40  utils.o(.text)
    ftk_strtol                               0x08008d13   Thumb Code    92  utils.o(.text)
    ftk_atoi                                 0x08008d6f   Thumb Code    16  utils.o(.text)
    ftk_atof                                 0x08008d7f   Thumb Code   176  utils.o(.text)
    ftk_itoa                                 0x08008ebf   Thumb Code    22  utils.o(.text)
    ftk_ftoa                                 0x08008ed5   Thumb Code   274  utils.o(.text)
    ftk_strcpy                               0x08008fe7   Thumb Code    16  utils.o(.text)
    resource_init                            0x08009015   Thumb Code   100  resource.o(.text)
    application_init                         0x080091e1   Thumb Code   532  demo1_app.o(.text)
    main                                     0x080094b1   Thumb Code    36  demo1_main.o(.text)
    log_msg                                  0x080094d9   Thumb Code    26  stm32f103ze_raw.o(.text)
    get_time_ms                              0x080094f3   Thumb Code     4  stm32f103ze_raw.o(.text)
    platform_prepare                         0x080094f7   Thumb Code    98  stm32f103ze_raw.o(.text)
    lftk_init                                0x08009569   Thumb Code    56  lftk.o(.text)
    lftk_run                                 0x080095a1   Thumb Code    26  lftk.o(.text)
    lftk_quit                                0x080095cb   Thumb Code    14  lftk.o(.text)
    timer_init                               0x080095dd   Thumb Code    16  timer.o(.text)
    timer_add                                0x0800960d   Thumb Code    82  timer.o(.text)
    timer_remove                             0x08009689   Thumb Code    52  timer.o(.text)
    timer_check                              0x080096bd   Thumb Code   172  timer.o(.text)
    timer_count                              0x08009769   Thumb Code    20  timer.o(.text)
    __use_no_semihosting                     0x08009789   Thumb Code     2  use_no_semi_2.o(.text)
    __2printf                                0x0800978d   Thumb Code    20  noretval__2printf.o(.text)
    __printf                                 0x080097a5   Thumb Code   104  __printf.o(.text)
    _printf_str                              0x0800980d   Thumb Code    82  _printf_str.o(.text)
    _printf_int_dec                          0x08009861   Thumb Code   104  _printf_dec.o(.text)
    _printf_hex_ptr                          0x080098d9   Thumb Code    78  _printf_hex_ptr.o(.text)
    _printf_longlong_hex                     0x080098d9   Thumb Code     0  _printf_hex_ptr.o(.text)
    strcpy                                   0x0800992d   Thumb Code    72  strcpy.o(.text)
    strlen                                   0x08009975   Thumb Code    62  strlen.o(.text)
    wcscpy                                   0x080099b3   Thumb Code    18  wcscpy.o(.text)
    wcslen                                   0x080099c5   Thumb Code    18  wcslen.o(.text)
    __aeabi_memcpy                           0x080099d7   Thumb Code     0  rt_memcpy_v6.o(.text)
    __rt_memcpy                              0x080099d7   Thumb Code   138  rt_memcpy_v6.o(.text)
    _memcpy_lastbytes                        0x08009a3d   Thumb Code     0  rt_memcpy_v6.o(.text)
    __aeabi_memcpy4                          0x08009a61   Thumb Code     0  rt_memcpy_w.o(.text)
    __aeabi_memcpy8                          0x08009a61   Thumb Code     0  rt_memcpy_w.o(.text)
    __rt_memcpy_w                            0x08009a61   Thumb Code   100  rt_memcpy_w.o(.text)
    _memcpy_lastbytes_aligned                0x08009aa9   Thumb Code     0  rt_memcpy_w.o(.text)
    __aeabi_memclr                           0x08009ac5   Thumb Code     0  rt_memclr.o(.text)
    __rt_memclr                              0x08009ac5   Thumb Code    68  rt_memclr.o(.text)
    _memset                                  0x08009ac9   Thumb Code     0  rt_memclr.o(.text)
    __aeabi_memclr4                          0x08009b09   Thumb Code     0  rt_memclr_w.o(.text)
    __aeabi_memclr8                          0x08009b09   Thumb Code     0  rt_memclr_w.o(.text)
    __rt_memclr_w                            0x08009b09   Thumb Code    78  rt_memclr_w.o(.text)
    _memset_w                                0x08009b0d   Thumb Code     0  rt_memclr_w.o(.text)
    strncpy                                  0x08009b57   Thumb Code    86  strncpy.o(.text)
    strcmp                                   0x08009bad   Thumb Code   128  strcmpv7m.o(.text)
    __use_two_region_memory                  0x08009c2d   Thumb Code     2  heapauxi.o(.text)
    __rt_heap_escrow$2region                 0x08009c2f   Thumb Code     2  heapauxi.o(.text)
    __rt_heap_expand$2region                 0x08009c31   Thumb Code     2  heapauxi.o(.text)
    __I$use$semihosting                      0x08009c33   Thumb Code     0  use_no_semi.o(.text)
    __use_no_semihosting_swi                 0x08009c33   Thumb Code     2  use_no_semi.o(.text)
    _printf_int_common                       0x08009c35   Thumb Code   178  _printf_intcommon.o(.text)
    _printf_cs_common                        0x08009ce7   Thumb Code    20  _printf_char.o(.text)
    _printf_char                             0x08009cfb   Thumb Code    16  _printf_char.o(.text)
    _printf_string                           0x08009d0b   Thumb Code     8  _printf_char.o(.text)
    _printf_char_file                        0x08009d15   Thumb Code    32  _printf_char_file.o(.text)
    _printf_char_common                      0x08009d43   Thumb Code    32  _printf_char_common.o(.text)
    ferror                                   0x08009d69   Thumb Code     8  ferror.o(.text)
    __user_setup_stackheap                   0x08009d71   Thumb Code    74  sys_stackheap_outer.o(.text)
    exit                                     0x08009dbb   Thumb Code    18  exit.o(.text)
    __user_libspace                          0x08009dcd   Thumb Code     8  libspace.o(.text)
    __user_perproc_libspace                  0x08009dcd   Thumb Code     0  libspace.o(.text)
    __user_perthread_libspace                0x08009dcd   Thumb Code     0  libspace.o(.text)
    __aeabi_dadd                             0x08009dd5   Thumb Code     0  daddsub_clz.o(x$fpl$dadd)
    _dadd                                    0x08009dd5   Thumb Code   332  daddsub_clz.o(x$fpl$dadd)
    __fpl_dcmp_Inf                           0x08009f25   Thumb Code    24  dcmpi.o(x$fpl$dcmpinf)
    __aeabi_ddiv                             0x08009f3d   Thumb Code     0  ddiv.o(x$fpl$ddiv)
    _ddiv                                    0x08009f3d   Thumb Code   552  ddiv.o(x$fpl$ddiv)
    __aeabi_d2iz                             0x0800a1ed   Thumb Code     0  dfix.o(x$fpl$dfix)
    _dfix                                    0x0800a1ed   Thumb Code    94  dfix.o(x$fpl$dfix)
    __aeabi_i2d                              0x0800a24b   Thumb Code     0  dflt_clz.o(x$fpl$dflt)
    _dflt                                    0x0800a24b   Thumb Code    46  dflt_clz.o(x$fpl$dflt)
    __aeabi_ui2d                             0x0800a279   Thumb Code     0  dflt_clz.o(x$fpl$dfltu)
    _dfltu                                   0x0800a279   Thumb Code    38  dflt_clz.o(x$fpl$dfltu)
    __aeabi_cdcmple                          0x0800a2a1   Thumb Code     0  dleqf.o(x$fpl$dleqf)
    _dcmple                                  0x0800a2a1   Thumb Code   120  dleqf.o(x$fpl$dleqf)
    __fpl_dcmple_InfNaN                      0x0800a303   Thumb Code     0  dleqf.o(x$fpl$dleqf)
    __aeabi_dmul                             0x0800a319   Thumb Code     0  dmul.o(x$fpl$dmul)
    _dmul                                    0x0800a319   Thumb Code   332  dmul.o(x$fpl$dmul)
    __fpl_dnaninf                            0x0800a46d   Thumb Code   156  dnaninf.o(x$fpl$dnaninf)
    __fpl_dretinf                            0x0800a509   Thumb Code    12  dretinf.o(x$fpl$dretinf)
    __aeabi_cdrcmple                         0x0800a515   Thumb Code     0  drleqf.o(x$fpl$drleqf)
    _drcmple                                 0x0800a515   Thumb Code   108  drleqf.o(x$fpl$drleqf)
    __aeabi_drsub                            0x0800a581   Thumb Code     0  daddsub_clz.o(x$fpl$drsb)
    _drsb                                    0x0800a581   Thumb Code    22  daddsub_clz.o(x$fpl$drsb)
    __aeabi_dsub                             0x0800a599   Thumb Code     0  daddsub_clz.o(x$fpl$dsub)
    _dsub                                    0x0800a599   Thumb Code   464  daddsub_clz.o(x$fpl$dsub)
    __aeabi_fadd                             0x0800a76d   Thumb Code     0  faddsub_clz.o(x$fpl$fadd)
    _fadd                                    0x0800a76d   Thumb Code   196  faddsub_clz.o(x$fpl$fadd)
    __aeabi_fdiv                             0x0800a831   Thumb Code     0  fdiv.o(x$fpl$fdiv)
    _fdiv                                    0x0800a831   Thumb Code   384  fdiv.o(x$fpl$fdiv)
    __aeabi_f2iz                             0x0800a9b5   Thumb Code     0  ffix.o(x$fpl$ffix)
    _ffix                                    0x0800a9b5   Thumb Code    54  ffix.o(x$fpl$ffix)
    __aeabi_f2uiz                            0x0800a9ed   Thumb Code     0  ffixu.o(x$fpl$ffixu)
    _ffixu                                   0x0800a9ed   Thumb Code    62  ffixu.o(x$fpl$ffixu)
    __aeabi_i2f                              0x0800aa2d   Thumb Code     0  fflt_clz.o(x$fpl$fflt)
    _fflt                                    0x0800aa2d   Thumb Code    48  fflt_clz.o(x$fpl$fflt)
    __aeabi_ui2f                             0x0800aa5d   Thumb Code     0  fflt_clz.o(x$fpl$ffltu)
    _ffltu                                   0x0800aa5d   Thumb Code    38  fflt_clz.o(x$fpl$ffltu)
    __aeabi_fmul                             0x0800aa85   Thumb Code     0  fmul.o(x$fpl$fmul)
    _fmul                                    0x0800aa85   Thumb Code   258  fmul.o(x$fpl$fmul)
    __fpl_fnaninf                            0x0800ab87   Thumb Code   140  fnaninf.o(x$fpl$fnaninf)
    __fpl_fretinf                            0x0800ac13   Thumb Code    10  fretinf.o(x$fpl$fretinf)
    __aeabi_frsub                            0x0800ac1d   Thumb Code     0  faddsub_clz.o(x$fpl$frsb)
    _frsb                                    0x0800ac1d   Thumb Code    20  faddsub_clz.o(x$fpl$frsb)
    __aeabi_fsub                             0x0800ac31   Thumb Code     0  faddsub_clz.o(x$fpl$fsub)
    _fsub                                    0x0800ac31   Thumb Code   234  faddsub_clz.o(x$fpl$fsub)
    __I$use$fp                               0x0800ad1a   Number         0  usenofp.o(x$fpl$usenofp)
    table_week                               0x0800ad1a   Data          12  rtc.o(.constdata)
    mon_table                                0x0800ad26   Data          12  rtc.o(.constdata)
    ASCII8x16                                0x0800ad32   Data        1536  gui.o(.constdata)
    tfont16                                  0x0800b332   Data         480  gui.o(.constdata)
    tfont24                                  0x0800b512   Data         360  gui.o(.constdata)
    font_font20                              0x0800b931   Data       11081  resource.o(.constdata)
    checked                                  0x0800e47a   Data        2336  resource.o(.constdata)
    earth                                    0x0800ed9a   Data        4128  resource.o(.constdata)
    info                                     0x0800fdba   Data        2336  resource.o(.constdata)
    radio_checked                            0x080106da   Data        2336  resource.o(.constdata)
    radio_unchecked                          0x08010ffa   Data        2336  resource.o(.constdata)
    unchecked                                0x0801191a   Data        2336  resource.o(.constdata)
    theme_data                               0x0801223a   Data         566  resource.o(.constdata)
    Region$$Table$$Base                      0x08012498   Number         0  anon$$obj.o(Region$$Table)
    Region$$Table$$Limit                     0x080124b8   Number         0  anon$$obj.o(Region$$Table)
    SystemCoreClock                          0x20000000   Data           4  system_stm32f10x.o(.data)
    AHBPrescTable                            0x20000004   Data          16  system_stm32f10x.o(.data)
    __stdout                                 0x20000018   Data           4  usart.o(.data)
    USART_RX_STA                             0x2000001c   Data           2  usart.o(.data)
    TIM5CH1_CAPTURE_STA                      0x20000034   Data           1  tim.o(.data)
    TIM5CH1_CAPTURE_VAL                      0x20000036   Data           2  tim.o(.data)
    rtc_data                                 0x20000038   Data           7  rtc.o(.data)
    rtc_bit                                  0x2000003f   Data           1  rtc.o(.data)
    TouchData                                0x20000042   Data           8  touch.o(.data)
    USART_RX_BUF                             0x20000070   Data         200  usart.o(.bss)
    calendar                                 0x20000138   Data          10  rtc.o(.bss)
    __libspace_start                         0x200031f8   Data          96  libspace.o(.bss)
    __temporary_stack_top$libspace           0x20003258   Data           0  libspace.o(.bss)



==============================================================================

Memory Map of the image

  Image Entry point : 0x08000131

  Load Region LR_IROM1 (Base: 0x08000000, Size: 0x00012528, Max: 0x00080000, ABSOLUTE)

    Execution Region ER_IROM1 (Exec base: 0x08000000, Load base: 0x08000000, Size: 0x000124b8, Max: 0x00080000, ABSOLUTE)

    Exec Addr    Load Addr    Size         Type   Attr      Idx    E Section Name        Object

    0x08000000   0x08000000   0x00000130   Data   RO          216    RESET               startup_stm32f10x_hd.o
    0x08000130   0x08000130   0x00000008   Code   RO         2091  * !!!main             c_w.l(__main.o)
    0x08000138   0x08000138   0x00000034   Code   RO         2324    !!!scatter          c_w.l(__scatter.o)
    0x0800016c   0x0800016c   0x0000001a   Code   RO         2326    !!handler_copy      c_w.l(__scatter_copy.o)
    0x08000186   0x08000186   0x00000002   PAD
    0x08000188   0x08000188   0x0000001c   Code   RO         2328    !!handler_zi        c_w.l(__scatter_zi.o)
    0x080001a4   0x080001a4   0x00000000   Code   RO         2068    .ARM.Collect$$_printf_percent$$00000000  c_w.l(_printf_percent.o)
    0x080001a4   0x080001a4   0x00000006   Code   RO         2066    .ARM.Collect$$_printf_percent$$00000002  c_w.l(_printf_p.o)
    0x080001aa   0x080001aa   0x00000006   Code   RO         2067    .ARM.Collect$$_printf_percent$$00000009  c_w.l(_printf_d.o)
    0x080001b0   0x080001b0   0x00000006   Code   RO         2065    .ARM.Collect$$_printf_percent$$00000014  c_w.l(_printf_s.o)
    0x080001b6   0x080001b6   0x00000004   Code   RO         2152    .ARM.Collect$$_printf_percent$$00000017  c_w.l(_printf_percent_end.o)
    0x080001ba   0x080001ba   0x00000002   Code   RO         2198    .ARM.Collect$$libinit$$00000000  c_w.l(libinit.o)
    0x080001bc   0x080001bc   0x00000000   Code   RO         2205    .ARM.Collect$$libinit$$00000002  c_w.l(libinit2.o)
    0x080001bc   0x080001bc   0x00000000   Code   RO         2207    .ARM.Collect$$libinit$$00000004  c_w.l(libinit2.o)
    0x080001bc   0x080001bc   0x00000000   Code   RO         2210    .ARM.Collect$$libinit$$0000000A  c_w.l(libinit2.o)
    0x080001bc   0x080001bc   0x00000000   Code   RO         2212    .ARM.Collect$$libinit$$0000000C  c_w.l(libinit2.o)
    0x080001bc   0x080001bc   0x00000000   Code   RO         2214    .ARM.Collect$$libinit$$0000000E  c_w.l(libinit2.o)
    0x080001bc   0x080001bc   0x00000000   Code   RO         2217    .ARM.Collect$$libinit$$00000011  c_w.l(libinit2.o)
    0x080001bc   0x080001bc   0x00000000   Code   RO         2219    .ARM.Collect$$libinit$$00000013  c_w.l(libinit2.o)
    0x080001bc   0x080001bc   0x00000000   Code   RO         2221    .ARM.Collect$$libinit$$00000015  c_w.l(libinit2.o)
    0x080001bc   0x080001bc   0x00000000   Code   RO         2223    .ARM.Collect$$libinit$$00000017  c_w.l(libinit2.o)
    0x080001bc   0x080001bc   0x00000000   Code   RO         2225    .ARM.Collect$$libinit$$00000019  c_w.l(libinit2.o)
    0x080001bc   0x080001bc   0x00000000   Code   RO         2227    .ARM.Collect$$libinit$$0000001B  c_w.l(libinit2.o)
    0x080001bc   0x080001bc   0x00000000   Code   RO         2229    .ARM.Collect$$libinit$$0000001D  c_w.l(libinit2.o)
    0x080001bc   0x080001bc   0x00000000   Code   RO         2231    .ARM.Collect$$libinit$$0000001F  c_w.l(libinit2.o)
    0x080001bc   0x080001bc   0x00000000   Code   RO         2233    .ARM.Collect$$libinit$$00000021  c_w.l(libinit2.o)
    0x080001bc   0x080001bc   0x00000000   Code   RO         2235    .ARM.Collect$$libinit$$00000023  c_w.l(libinit2.o)
    0x080001bc   0x080001bc   0x00000000   Code   RO         2237    .ARM.Collect$$libinit$$00000025  c_w.l(libinit2.o)
    0x080001bc   0x080001bc   0x00000000   Code   RO         2241    .ARM.Collect$$libinit$$0000002C  c_w.l(libinit2.o)
    0x080001bc   0x080001bc   0x00000000   Code   RO         2243    .ARM.Collect$$libinit$$0000002E  c_w.l(libinit2.o)
    0x080001bc   0x080001bc   0x00000000   Code   RO         2245    .ARM.Collect$$libinit$$00000030  c_w.l(libinit2.o)
    0x080001bc   0x080001bc   0x00000000   Code   RO         2247    .ARM.Collect$$libinit$$00000032  c_w.l(libinit2.o)
    0x080001bc   0x080001bc   0x00000002   Code   RO         2248    .ARM.Collect$$libinit$$00000033  c_w.l(libinit2.o)
    0x080001be   0x080001be   0x00000002   Code   RO         2266    .ARM.Collect$$libshutdown$$00000000  c_w.l(libshutdown.o)
    0x080001c0   0x080001c0   0x00000000   Code   RO         2276    .ARM.Collect$$libshutdown$$00000002  c_w.l(libshutdown2.o)
    0x080001c0   0x080001c0   0x00000000   Code   RO         2278    .ARM.Collect$$libshutdown$$00000004  c_w.l(libshutdown2.o)
    0x080001c0   0x080001c0   0x00000000   Code   RO         2281    .ARM.Collect$$libshutdown$$00000007  c_w.l(libshutdown2.o)
    0x080001c0   0x080001c0   0x00000000   Code   RO         2284    .ARM.Collect$$libshutdown$$0000000A  c_w.l(libshutdown2.o)
    0x080001c0   0x080001c0   0x00000000   Code   RO         2286    .ARM.Collect$$libshutdown$$0000000C  c_w.l(libshutdown2.o)
    0x080001c0   0x080001c0   0x00000000   Code   RO         2289    .ARM.Collect$$libshutdown$$0000000F  c_w.l(libshutdown2.o)
    0x080001c0   0x080001c0   0x00000002   Code   RO         2290    .ARM.Collect$$libshutdown$$00000010  c_w.l(libshutdown2.o)
    0x080001c2   0x080001c2   0x00000000   Code   RO         2145    .ARM.Collect$$rtentry$$00000000  c_w.l(__rtentry.o)
    0x080001c2   0x080001c2   0x00000000   Code   RO         2165    .ARM.Collect$$rtentry$$00000002  c_w.l(__rtentry2.o)
    0x080001c2   0x080001c2   0x00000006   Code   RO         2177    .ARM.Collect$$rtentry$$00000004  c_w.l(__rtentry4.o)
    0x080001c8   0x080001c8   0x00000000   Code   RO         2167    .ARM.Collect$$rtentry$$00000009  c_w.l(__rtentry2.o)
    0x080001c8   0x080001c8   0x00000004   Code   RO         2168    .ARM.Collect$$rtentry$$0000000A  c_w.l(__rtentry2.o)
    0x080001cc   0x080001cc   0x00000000   Code   RO         2170    .ARM.Collect$$rtentry$$0000000C  c_w.l(__rtentry2.o)
    0x080001cc   0x080001cc   0x00000008   Code   RO         2171    .ARM.Collect$$rtentry$$0000000D  c_w.l(__rtentry2.o)
    0x080001d4   0x080001d4   0x00000002   Code   RO         2202    .ARM.Collect$$rtexit$$00000000  c_w.l(rtexit.o)
    0x080001d6   0x080001d6   0x00000000   Code   RO         2250    .ARM.Collect$$rtexit$$00000002  c_w.l(rtexit2.o)
    0x080001d6   0x080001d6   0x00000004   Code   RO         2251    .ARM.Collect$$rtexit$$00000003  c_w.l(rtexit2.o)
    0x080001da   0x080001da   0x00000006   Code   RO         2252    .ARM.Collect$$rtexit$$00000004  c_w.l(rtexit2.o)
    0x080001e0   0x080001e0   0x0000001a   Code   RO            1    .text               stm32f10x_it.o
    0x080001fa   0x080001fa   0x00000002   PAD
    0x080001fc   0x080001fc   0x000001e0   Code   RO          104    .text               system_stm32f10x.o
    0x080003dc   0x080003dc   0x000000d4   Code   RO          122    .text               delay.o
    0x080004b0   0x080004b0   0x00000140   Code   RO          180    .text               usart.o
    0x080005f0   0x080005f0   0x00000040   Code   RO          217    .text               startup_stm32f10x_hd.o
    0x08000630   0x08000630   0x000000dc   Code   RO          221    .text               misc.o
    0x0800070c   0x0800070c   0x0000035c   Code   RO          233    .text               stm32f10x_gpio.o
    0x08000a68   0x08000a68   0x000003a4   Code   RO          245    .text               stm32f10x_rcc.o
    0x08000e0c   0x08000e0c   0x00000408   Code   RO          259    .text               stm32f10x_usart.o
    0x08001214   0x08001214   0x00000e1a   Code   RO          307    .text               stm32f10x_tim.o
    0x0800202e   0x0800202e   0x00000002   PAD
    0x08002030   0x08002030   0x0000060c   Code   RO          319    .text               stm32f10x_fsmc.o
    0x0800263c   0x0800263c   0x000000c4   Code   RO          331    .text               stm32f10x_bkp.o
    0x08002700   0x08002700   0x00000148   Code   RO          343    .text               stm32f10x_rtc.o
    0x08002848   0x08002848   0x000000cc   Code   RO          355    .text               stm32f10x_pwr.o
    0x08002914   0x08002914   0x0000030c   Code   RO          379    .text               stm32f10x_spi.o
    0x08002c20   0x08002c20   0x000000a4   Code   RO          415    .text               led.o
    0x08002cc4   0x08002cc4   0x000002b8   Code   RO          431    .text               lcd_driver.o
    0x08002f7c   0x08002f7c   0x00000100   Code   RO          449    .text               button.o
    0x0800307c   0x0800307c   0x0000023c   Code   RO          465    .text               tim.o
    0x080032b8   0x080032b8   0x00000460   Code   RO          484    .text               rtc.o
    0x08003718   0x08003718   0x00000440   Code   RO          512    .text               touch.o
    0x08003b58   0x08003b58   0x000001dc   Code   RO          540    .text               spi.o
    0x08003d34   0x08003d34   0x00000430   Code   RO          552    .text               gui.o
    0x08004164   0x08004164   0x0000039c   Code   RO          573    .text               flash.o
    0x08004500   0x08004500   0x00000228   Code   RO          587    .text               array.o
    0x08004728   0x08004728   0x00000038   Code   RO          624    .text               bitmap.o
    0x08004760   0x08004760   0x0000021c   Code   RO          671    .text               button_1.o
    0x0800497c   0x0800497c   0x00000b58   Code   RO          743    .text               canvas.o
    0x080054d4   0x080054d4   0x00000348   Code   RO          777    .text               check_button.o
    0x0800581c   0x0800581c   0x00000018   Code   RO          825    .text               color.o
    0x08005834   0x08005834   0x000002fc   Code   RO          844    .text               dialog.o
    0x08005b30   0x08005b30   0x00000292   Code   RO          895    .text               emitter.o
    0x08005dc2   0x08005dc2   0x00000036   Code   RO          963    .text               font.o
    0x08005df8   0x08005df8   0x000000ec   Code   RO          985    .text               font_manager.o
    0x08005ee4   0x08005ee4   0x00000054   Code   RO         1008    .text               group_box.o
    0x08005f38   0x08005f38   0x00000114   Code   RO         1047    .text               image.o
    0x0800604c   0x0800604c   0x00000164   Code   RO         1089    .text               image_manager.o
    0x080061b0   0x080061b0   0x000002ec   Code   RO         1112    .text               label.o
    0x0800649c   0x0800649c   0x00000146   Code   RO         1154    .text               lcd.o
    0x080065e2   0x080065e2   0x00000002   PAD
    0x080065e4   0x080065e4   0x00000068   Code   RO         1179    .text               main_loop.o
    0x0800664c   0x0800664c   0x00000328   Code   RO         1218    .text               mem.o
    0x08006974   0x08006974   0x00000338   Code   RO         1240    .text               progress_bar.o
    0x08006cac   0x08006cac   0x000000a2   Code   RO         1282    .text               rect.o
    0x08006d4e   0x08006d4e   0x00000002   PAD
    0x08006d50   0x08006d50   0x0000023c   Code   RO         1301    .text               theme.o
    0x08006f8c   0x08006f8c   0x000002b0   Code   RO         1350    .text               value.o
    0x0800723c   0x0800723c   0x00000c3c   Code   RO         1375    .text               widget.o
    0x08007e78   0x08007e78   0x000001f4   Code   RO         1416    .text               widget_vtable.o
    0x0800806c   0x0800806c   0x000000a0   Code   RO         1458    .text               window.o
    0x0800810c   0x0800810c   0x00000314   Code   RO         1500    .text               window_manager.o
    0x08008420   0x08008420   0x000000be   Code   RO         1540    .text               wstr.o
    0x080084de   0x080084de   0x00000002   PAD
    0x080084e0   0x080084e0   0x000000f8   Code   RO         1562    .text               font_bitmap.o
    0x080085d8   0x080085d8   0x000000b0   Code   RO         1587    .text               image_loader_bitmap.o
    0x08008688   0x08008688   0x0000040c   Code   RO         1630    .text               lcd_stm32_raw.o
    0x08008a94   0x08008a94   0x00000190   Code   RO         1663    .text               main_loop_stm32_raw.o
    0x08008c24   0x08008c24   0x000003f0   Code   RO         1720    .text               utils.o
    0x08009014   0x08009014   0x00000084   Code   RO         1739    .text               resource.o
    0x08009098   0x08009098   0x00000418   Code   RO         1808    .text               demo1_app.o
    0x080094b0   0x080094b0   0x00000028   Code   RO         1866    .text               demo1_main.o
    0x080094d8   0x080094d8   0x00000090   Code   RO         1908    .text               stm32f103ze_raw.o
    0x08009568   0x08009568   0x00000074   Code   RO         1952    .text               lftk.o
    0x080095dc   0x080095dc   0x000001ac   Code   RO         1989    .text               timer.o
    0x08009788   0x08009788   0x00000002   Code   RO         2012    .text               c_w.l(use_no_semi_2.o)
    0x0800978a   0x0800978a   0x00000002   PAD
    0x0800978c   0x0800978c   0x00000018   Code   RO         2016    .text               c_w.l(noretval__2printf.o)
    0x080097a4   0x080097a4   0x00000068   Code   RO         2018    .text               c_w.l(__printf.o)
    0x0800980c   0x0800980c   0x00000052   Code   RO         2020    .text               c_w.l(_printf_str.o)
    0x0800985e   0x0800985e   0x00000002   PAD
    0x08009860   0x08009860   0x00000078   Code   RO         2022    .text               c_w.l(_printf_dec.o)
    0x080098d8   0x080098d8   0x00000054   Code   RO         2033    .text               c_w.l(_printf_hex_ptr.o)
    0x0800992c   0x0800992c   0x00000048   Code   RO         2069    .text               c_w.l(strcpy.o)
    0x08009974   0x08009974   0x0000003e   Code   RO         2071    .text               c_w.l(strlen.o)
    0x080099b2   0x080099b2   0x00000012   Code   RO         2073    .text               c_w.l(wcscpy.o)
    0x080099c4   0x080099c4   0x00000012   Code   RO         2075    .text               c_w.l(wcslen.o)
    0x080099d6   0x080099d6   0x0000008a   Code   RO         2077    .text               c_w.l(rt_memcpy_v6.o)
    0x08009a60   0x08009a60   0x00000064   Code   RO         2079    .text               c_w.l(rt_memcpy_w.o)
    0x08009ac4   0x08009ac4   0x00000044   Code   RO         2081    .text               c_w.l(rt_memclr.o)
    0x08009b08   0x08009b08   0x0000004e   Code   RO         2083    .text               c_w.l(rt_memclr_w.o)
    0x08009b56   0x08009b56   0x00000056   Code   RO         2085    .text               c_w.l(strncpy.o)
    0x08009bac   0x08009bac   0x00000080   Code   RO         2087    .text               c_w.l(strcmpv7m.o)
    0x08009c2c   0x08009c2c   0x00000006   Code   RO         2089    .text               c_w.l(heapauxi.o)
    0x08009c32   0x08009c32   0x00000002   Code   RO         2143    .text               c_w.l(use_no_semi.o)
    0x08009c34   0x08009c34   0x000000b2   Code   RO         2146    .text               c_w.l(_printf_intcommon.o)
    0x08009ce6   0x08009ce6   0x0000002c   Code   RO         2148    .text               c_w.l(_printf_char.o)
    0x08009d12   0x08009d12   0x00000002   PAD
    0x08009d14   0x08009d14   0x00000024   Code   RO         2150    .text               c_w.l(_printf_char_file.o)
    0x08009d38   0x08009d38   0x00000030   Code   RO         2179    .text               c_w.l(_printf_char_common.o)
    0x08009d68   0x08009d68   0x00000008   Code   RO         2181    .text               c_w.l(ferror.o)
    0x08009d70   0x08009d70   0x0000004a   Code   RO         2187    .text               c_w.l(sys_stackheap_outer.o)
    0x08009dba   0x08009dba   0x00000012   Code   RO         2191    .text               c_w.l(exit.o)
    0x08009dcc   0x08009dcc   0x00000008   Code   RO         2199    .text               c_w.l(libspace.o)
    0x08009dd4   0x08009dd4   0x00000150   Code   RO         2093    x$fpl$dadd          fz_ws.l(daddsub_clz.o)
    0x08009f24   0x08009f24   0x00000018   Code   RO         2185    x$fpl$dcmpinf       fz_ws.l(dcmpi.o)
    0x08009f3c   0x08009f3c   0x000002b0   Code   RO         2100    x$fpl$ddiv          fz_ws.l(ddiv.o)
    0x0800a1ec   0x0800a1ec   0x0000005e   Code   RO         2103    x$fpl$dfix          fz_ws.l(dfix.o)
    0x0800a24a   0x0800a24a   0x0000002e   Code   RO         2108    x$fpl$dflt          fz_ws.l(dflt_clz.o)
    0x0800a278   0x0800a278   0x00000026   Code   RO         2107    x$fpl$dfltu         fz_ws.l(dflt_clz.o)
    0x0800a29e   0x0800a29e   0x00000002   PAD
    0x0800a2a0   0x0800a2a0   0x00000078   Code   RO         2153    x$fpl$dleqf         fz_ws.l(dleqf.o)
    0x0800a318   0x0800a318   0x00000154   Code   RO         2113    x$fpl$dmul          fz_ws.l(dmul.o)
    0x0800a46c   0x0800a46c   0x0000009c   Code   RO         2155    x$fpl$dnaninf       fz_ws.l(dnaninf.o)
    0x0800a508   0x0800a508   0x0000000c   Code   RO         2157    x$fpl$dretinf       fz_ws.l(dretinf.o)
    0x0800a514   0x0800a514   0x0000006c   Code   RO         2115    x$fpl$drleqf        fz_ws.l(drleqf.o)
    0x0800a580   0x0800a580   0x00000016   Code   RO         2094    x$fpl$drsb          fz_ws.l(daddsub_clz.o)
    0x0800a596   0x0800a596   0x00000002   PAD
    0x0800a598   0x0800a598   0x000001d4   Code   RO         2095    x$fpl$dsub          fz_ws.l(daddsub_clz.o)
    0x0800a76c   0x0800a76c   0x000000c4   Code   RO         2117    x$fpl$fadd          fz_ws.l(faddsub_clz.o)
    0x0800a830   0x0800a830   0x00000184   Code   RO         2124    x$fpl$fdiv          fz_ws.l(fdiv.o)
    0x0800a9b4   0x0800a9b4   0x00000036   Code   RO         2127    x$fpl$ffix          fz_ws.l(ffix.o)
    0x0800a9ea   0x0800a9ea   0x00000002   PAD
    0x0800a9ec   0x0800a9ec   0x0000003e   Code   RO         2131    x$fpl$ffixu         fz_ws.l(ffixu.o)
    0x0800aa2a   0x0800aa2a   0x00000002   PAD
    0x0800aa2c   0x0800aa2c   0x00000030   Code   RO         2136    x$fpl$fflt          fz_ws.l(fflt_clz.o)
    0x0800aa5c   0x0800aa5c   0x00000026   Code   RO         2135    x$fpl$ffltu         fz_ws.l(fflt_clz.o)
    0x0800aa82   0x0800aa82   0x00000002   PAD
    0x0800aa84   0x0800aa84   0x00000102   Code   RO         2141    x$fpl$fmul          fz_ws.l(fmul.o)
    0x0800ab86   0x0800ab86   0x0000008c   Code   RO         2159    x$fpl$fnaninf       fz_ws.l(fnaninf.o)
    0x0800ac12   0x0800ac12   0x0000000a   Code   RO         2161    x$fpl$fretinf       fz_ws.l(fretinf.o)
    0x0800ac1c   0x0800ac1c   0x00000014   Code   RO         2118    x$fpl$frsb          fz_ws.l(faddsub_clz.o)
    0x0800ac30   0x0800ac30   0x000000ea   Code   RO         2119    x$fpl$fsub          fz_ws.l(faddsub_clz.o)
    0x0800ad1a   0x0800ad1a   0x00000000   Code   RO         2163    x$fpl$usenofp       fz_ws.l(usenofp.o)
    0x0800ad1a   0x0800ad1a   0x00000018   Data   RO          486    .constdata          rtc.o
    0x0800ad32   0x0800ad32   0x00000948   Data   RO          553    .constdata          gui.o
    0x0800b67a   0x0800b67a   0x00000002   PAD
    0x0800b67c   0x0800b67c   0x00000040   Data   RO          672    .constdata          button_1.o
    0x0800b6bc   0x0800b6bc   0x00000040   Data   RO          778    .constdata          check_button.o
    0x0800b6fc   0x0800b6fc   0x0000005b   Data   RO          845    .constdata          dialog.o
    0x0800b757   0x0800b757   0x00000001   PAD
    0x0800b758   0x0800b758   0x00000040   Data   RO         1048    .constdata          image.o
    0x0800b798   0x0800b798   0x00000040   Data   RO         1113    .constdata          label.o
    0x0800b7d8   0x0800b7d8   0x0000000b   Data   RO         1220    .constdata          mem.o
    0x0800b7e3   0x0800b7e3   0x00000001   PAD
    0x0800b7e4   0x0800b7e4   0x00000040   Data   RO         1241    .constdata          progress_bar.o
    0x0800b824   0x0800b824   0x00000038   Data   RO         1376    .constdata          widget.o
    0x0800b85c   0x0800b85c   0x00000040   Data   RO         1417    .constdata          widget_vtable.o
    0x0800b89c   0x0800b89c   0x00000040   Data   RO         1459    .constdata          window.o
    0x0800b8dc   0x0800b8dc   0x00000055   Data   RO         1501    .constdata          window_manager.o
    0x0800b931   0x0800b931   0x00006b3f   Data   RO         1740    .constdata          resource.o
    0x08012470   0x08012470   0x00000028   Data   RO         2034    .constdata          c_w.l(_printf_hex_ptr.o)
    0x08012498   0x08012498   0x00000020   Data   RO         2322    Region$$Table       anon$$obj.o


    Execution Region RW_IRAM1 (Exec base: 0x20000000, Load base: 0x080124b8, Size: 0x00003858, Max: 0x00010000, ABSOLUTE)

    Exec Addr    Load Addr    Size         Type   Attr      Idx    E Section Name        Object

    0x20000000   0x080124b8   0x00000014   Data   RW          105    .data               system_stm32f10x.o
    0x20000014   0x080124cc   0x00000004   Data   RW          123    .data               delay.o
    0x20000018   0x080124d0   0x00000006   Data   RW          182    .data               usart.o
    0x2000001e   0x080124d6   0x00000014   Data   RW          246    .data               stm32f10x_rcc.o
    0x20000032   0x080124ea   0x00000001   Data   RW          416    .data               led.o
    0x20000033   0x080124eb   0x00000001   Data   RW          450    .data               button.o
    0x20000034   0x080124ec   0x00000004   Data   RW          466    .data               tim.o
    0x20000038   0x080124f0   0x0000000a   Data   RW          487    .data               rtc.o
    0x20000042   0x080124fa   0x00000008   Data   RW          514    .data               touch.o
    0x2000004a   0x08012502   0x00000002   PAD
    0x2000004c   0x08012504   0x00000004   Data   RW          986    .data               font_manager.o
    0x20000050   0x08012508   0x00000004   Data   RW         1090    .data               image_manager.o
    0x20000054   0x0801250c   0x00000004   Data   RW         1180    .data               main_loop.o
    0x20000058   0x08012510   0x00000004   Data   RW         1302    .data               theme.o
    0x2000005c   0x08012514   0x00000004   Data   RW         1502    .data               window_manager.o
    0x20000060   0x08012518   0x00000008   Data   RW         1631    .data               lcd_stm32_raw.o
    0x20000068   0x08012520   0x00000008   Data   RW         1990    .data               timer.o
    0x20000070        -       0x000000c8   Zero   RW          181    .bss                usart.o
    0x20000138        -       0x0000000a   Zero   RW          485    .bss                rtc.o
    0x20000142   0x08012528   0x00000002   PAD
    0x20000144        -       0x0000000c   Zero   RW          513    .bss                touch.o
    0x20000150        -       0x00001000   Zero   RW          574    .bss                flash.o
    0x20001150        -       0x00000040   Zero   RW         1009    .bss                group_box.o
    0x20001190        -       0x00000010   Zero   RW         1219    .bss                mem.o
    0x200011a0        -       0x00000054   Zero   RW         1664    .bss                main_loop_stm32_raw.o
    0x200011f4   0x08012528   0x00000004   PAD
    0x200011f8        -       0x00002000   Zero   RW         1867    .bss                demo1_main.o
    0x200031f8        -       0x00000060   Zero   RW         2200    .bss                c_w.l(libspace.o)
    0x20003258        -       0x00000200   Zero   RW          215    HEAP                startup_stm32f10x_hd.o
    0x20003458        -       0x00000400   Zero   RW          214    STACK               startup_stm32f10x_hd.o


==============================================================================

Image component sizes


      Code (inc. data)   RO Data    RW Data    ZI Data      Debug   Object Name

       552          0          0          0          0       7105   array.o
        56          0          0          0          0       1927   bitmap.o
       256         12          0          1          0        814   button.o
       540          4         64          0          0      16820   button_1.o
      2904         26          0          0          0      19097   canvas.o
       840         20         64          0          0      12365   check_button.o
        24          0          0          0          0        609   color.o
         0          0          0          0          0         32   core_cm3.o
       212         18          0          4          0     205723   delay.o
      1048        188          0          0          0      10223   demo1_app.o
        40          4          0          0       8192       1479   demo1_main.o
       764         46         91          0          0      11442   dialog.o
       658          0          0          0          0       8274   emitter.o
       924         12          0          0       4096       3325   flash.o
        54          0          0          0          0       2435   font.o
       248         12          0          0          0       4346   font_bitmap.o
       236          4          0          4          0       3875   font_manager.o
        84          4          0          0         64       8147   group_box.o
      1072         12       2376          0          0       5587   gui.o
       276          4         64          0          0       9448   image.o
       176          6          0          0          0       3349   image_loader_bitmap.o
       356         10          0          4          0       4285   image_manager.o
       748         44         64          0          0      11261   label.o
       326          0          0          0          0       5914   lcd.o
       696         18          0          0          0       2060   lcd_driver.o
      1036         44          0          8          0       8859   lcd_stm32_raw.o
       164         10          0          1          0        703   led.o
       116          4          0          0          0       1603   lftk.o
       104          4          0          4          0       2169   main_loop.o
       400         34          0          0         84      10385   main_loop_stm32_raw.o
       808        106         11          0         16       4080   mem.o
       220         22          0          0          0       1877   misc.o
       824         38         64          0          0      10986   progress_bar.o
       162          0          0          0          0       1201   rect.o
       132         32      27455          0          0       3212   resource.o
      1120         64         24         10         10       4383   rtc.o
       476         16          0          0          0       1796   spi.o
        64         26        304          0       1536        780   startup_stm32f10x_hd.o
       144         16          0          0          0       1415   stm32f103ze_raw.o
       196          8          0          0          0       3576   stm32f10x_bkp.o
      1548         18          0          0          0       5455   stm32f10x_fsmc.o
       860         38          0          0          0       5809   stm32f10x_gpio.o
        26          0          0          0          0      63882   stm32f10x_it.o
       204         14          0          0          0       1931   stm32f10x_pwr.o
       932         36          0         20          0       8960   stm32f10x_rcc.o
       328          4          0          0          0       2702   stm32f10x_rtc.o
       780         14          0          0          0       6690   stm32f10x_spi.o
      3610         88          0          0          0      22916   stm32f10x_tim.o
      1032         22          0          0          0       8532   stm32f10x_usart.o
       480         38          0         20          0       1795   system_stm32f10x.o
       572         10          0          4          0       4264   theme.o
       572         24          0          4          0       1897   tim.o
       428         12          0          8          0       3280   timer.o
      1088         38          0          8         12       4310   touch.o
       320         16          0          6        200       3218   usart.o
      1008         30          0          0          0       3873   utils.o
       688         12          0          0          0       9652   value.o
      3132         58         56          0          0      24863   widget.o
       500          6         64          0          0      13117   widget_vtable.o
       160          4         64          0          0       8432   window.o
       788         40         85          4          0      12161   window_manager.o
       190          0          0          0          0       3420   wstr.o

    ----------------------------------------------------------------------
     38312       1390      30886        112      14216     638126   Object Totals
         0          0         32          0          0          0   (incl. Generated)
        10          0          4          2          6          0   (incl. Padding)

    ----------------------------------------------------------------------

      Code (inc. data)   RO Data    RW Data    ZI Data      Debug   Library Member Name

         8          0          0          0          0         68   __main.o
       104          0          0          0          0         84   __printf.o
         0          0          0          0          0          0   __rtentry.o
        12          0          0          0          0          0   __rtentry2.o
         6          0          0          0          0          0   __rtentry4.o
        52          8          0          0          0          0   __scatter.o
        26          0          0          0          0          0   __scatter_copy.o
        28          0          0          0          0          0   __scatter_zi.o
        44          0          0          0          0        108   _printf_char.o
        48          6          0          0          0         96   _printf_char_common.o
        36          4          0          0          0         80   _printf_char_file.o
         6          0          0          0          0          0   _printf_d.o
       120         16          0          0          0         92   _printf_dec.o
        84          6         40          0          0         88   _printf_hex_ptr.o
       178          0          0          0          0         88   _printf_intcommon.o
         6          0          0          0          0          0   _printf_p.o
         0          0          0          0          0          0   _printf_percent.o
         4          0          0          0          0          0   _printf_percent_end.o
         6          0          0          0          0          0   _printf_s.o
        82          0          0          0          0         80   _printf_str.o
        18          0          0          0          0         80   exit.o
         8          0          0          0          0         68   ferror.o
         6          0          0          0          0        152   heapauxi.o
         2          0          0          0          0          0   libinit.o
         2          0          0          0          0          0   libinit2.o
         2          0          0          0          0          0   libshutdown.o
         2          0          0          0          0          0   libshutdown2.o
         8          4          0          0         96         68   libspace.o
        24          4          0          0          0         84   noretval__2printf.o
        68          0          0          0          0         68   rt_memclr.o
        78          0          0          0          0         80   rt_memclr_w.o
       138          0          0          0          0         68   rt_memcpy_v6.o
       100          0          0          0          0         80   rt_memcpy_w.o
         2          0          0          0          0          0   rtexit.o
        10          0          0          0          0          0   rtexit2.o
       128          0          0          0          0         68   strcmpv7m.o
        72          0          0          0          0         80   strcpy.o
        62          0          0          0          0         76   strlen.o
        86          0          0          0          0         76   strncpy.o
        74          0          0          0          0         80   sys_stackheap_outer.o
         2          0          0          0          0         68   use_no_semi.o
         2          0          0          0          0         68   use_no_semi_2.o
        18          0          0          0          0         68   wcscpy.o
        18          0          0          0          0         68   wcslen.o
       826         16          0          0          0        348   daddsub_clz.o
        24          0          0          0          0         68   dcmpi.o
       688        140          0          0          0        208   ddiv.o
        94          4          0          0          0         92   dfix.o
        84          0          0          0          0        136   dflt_clz.o
       120          4          0          0          0         92   dleqf.o
       340         12          0          0          0        104   dmul.o
       156          4          0          0          0         92   dnaninf.o
        12          0          0          0          0         68   dretinf.o
       108          0          0          0          0         80   drleqf.o
       450          8          0          0          0        236   faddsub_clz.o
       388         76          0          0          0         96   fdiv.o
        54          4          0          0          0         84   ffix.o
        62          4          0          0          0         84   ffixu.o
        86          0          0          0          0        136   fflt_clz.o
       258          4          0          0          0         84   fmul.o
       140          4          0          0          0         84   fnaninf.o
        10          0          0          0          0         68   fretinf.o
         0          0          0          0          0          0   usenofp.o

    ----------------------------------------------------------------------
      5698        328         40          0         96       4344   Library Totals
        18          0          0          0          0          0   (incl. Padding)

    ----------------------------------------------------------------------

      Code (inc. data)   RO Data    RW Data    ZI Data      Debug   Library Name

      1780         48         40          0         96       2184   c_w.l
      3900        280          0          0          0       2160   fz_ws.l

    ----------------------------------------------------------------------
      5698        328         40          0         96       4344   Library Totals

    ----------------------------------------------------------------------

==============================================================================


      Code (inc. data)   RO Data    RW Data    ZI Data      Debug   

     44010       1718      30926        112      14312     634874   Grand Totals
     44010       1718      30926        112      14312     634874   ELF Image Totals
     44010       1718      30926        112          0          0   ROM Totals

==============================================================================

    Total RO  Size (Code + RO Data)                74936 (  73.18kB)
    Total RW  Size (RW Data + ZI Data)             14424 (  14.09kB)
    Total ROM Size (Code + RO Data + RW Data)      75048 (  73.29kB)

==============================================================================

