Component: ARM Compiler 5.06 update 5 (build 528) Tool: armlink [4d35e2]

==============================================================================

Section Cross References

    system_stm32f10x.o(.text) refers to system_stm32f10x.o(.data) for SystemCoreClock
    delay.o(.text) refers to misc.o(.text) for SysTick_CLKSourceConfig
    delay.o(.text) refers to system_stm32f10x.o(.data) for SystemCoreClock
    delay.o(.text) refers to delay.o(.data) for fac_us
    sys.o(.text) refers to misc.o(.text) for NVIC_PriorityGroupConfig
    usart.o(.text) refers (Special) to use_no_semi_2.o(.text) for __use_no_semihosting
    usart.o(.text) refers to stm32f10x_rcc.o(.text) for RCC_APB2PeriphClockCmd
    usart.o(.text) refers to stm32f10x_gpio.o(.text) for GPIO_Init
    usart.o(.text) refers to misc.o(.text) for NVIC_Init
    usart.o(.text) refers to stm32f10x_usart.o(.text) for USART_Init
    usart.o(.text) refers to usart.o(.data) for USART_RX_STA
    usart.o(.text) refers to usart.o(.bss) for USART_RX_BUF
    usart.o(.bss) refers (Special) to use_no_semi_2.o(.text) for __use_no_semihosting
    usart.o(.data) refers (Special) to use_no_semi_2.o(.text) for __use_no_semihosting
    startup_stm32f10x_hd.o(STACK) refers (Special) to heapauxi.o(.text) for __use_two_region_memory
    startup_stm32f10x_hd.o(HEAP) refers (Special) to heapauxi.o(.text) for __use_two_region_memory
    startup_stm32f10x_hd.o(RESET) refers (Special) to heapauxi.o(.text) for __use_two_region_memory
    startup_stm32f10x_hd.o(RESET) refers to startup_stm32f10x_hd.o(STACK) for __initial_sp
    startup_stm32f10x_hd.o(RESET) refers to startup_stm32f10x_hd.o(.text) for Reset_Handler
    startup_stm32f10x_hd.o(RESET) refers to stm32f10x_it.o(.text) for NMI_Handler
    startup_stm32f10x_hd.o(RESET) refers to rtc.o(.text) for RTC_IRQHandler
    startup_stm32f10x_hd.o(RESET) refers to main_loop_stm32_raw.o(.text) for TIM3_IRQHandler
    startup_stm32f10x_hd.o(RESET) refers to usart.o(.text) for USART1_IRQHandler
    startup_stm32f10x_hd.o(RESET) refers to tim.o(.text) for TIM5_IRQHandler
    startup_stm32f10x_hd.o(.text) refers (Special) to heapauxi.o(.text) for __use_two_region_memory
    startup_stm32f10x_hd.o(.text) refers to system_stm32f10x.o(.text) for SystemInit
    startup_stm32f10x_hd.o(.text) refers to __main.o(!!!main) for __main
    startup_stm32f10x_hd.o(.text) refers to startup_stm32f10x_hd.o(HEAP) for Heap_Mem
    startup_stm32f10x_hd.o(.text) refers to startup_stm32f10x_hd.o(STACK) for Stack_Mem
    stm32f10x_gpio.o(.text) refers to stm32f10x_rcc.o(.text) for RCC_APB2PeriphResetCmd
    stm32f10x_rcc.o(.text) refers to stm32f10x_rcc.o(.data) for APBAHBPrescTable
    stm32f10x_usart.o(.text) refers to stm32f10x_rcc.o(.text) for RCC_APB2PeriphResetCmd
    stm32f10x_wwdg.o(.text) refers to stm32f10x_rcc.o(.text) for RCC_APB1PeriphResetCmd
    stm32f10x_tim.o(.text) refers to stm32f10x_rcc.o(.text) for RCC_APB2PeriphResetCmd
    stm32f10x_bkp.o(.text) refers to stm32f10x_rcc.o(.text) for RCC_BackupResetCmd
    stm32f10x_pwr.o(.text) refers to stm32f10x_rcc.o(.text) for RCC_APB1PeriphResetCmd
    stm32f10x_spi.o(.text) refers to stm32f10x_rcc.o(.text) for RCC_APB2PeriphResetCmd
    led.o(.text) refers to stm32f10x_rcc.o(.text) for RCC_APB2PeriphClockCmd
    led.o(.text) refers to stm32f10x_gpio.o(.text) for GPIO_Init
    led.o(.text) refers to delay.o(.text) for delay_ms
    led.o(.text) refers to led.o(.data) for i
    lcd_driver.o(.text) refers to stm32f10x_rcc.o(.text) for RCC_APB2PeriphClockCmd
    lcd_driver.o(.text) refers to stm32f10x_gpio.o(.text) for GPIO_Init
    lcd_driver.o(.text) refers to stm32f10x_fsmc.o(.text) for FSMC_NORSRAMInit
    button.o(.text) refers to stm32f10x_rcc.o(.text) for RCC_APB2PeriphClockCmd
    button.o(.text) refers to stm32f10x_gpio.o(.text) for GPIO_Init
    button.o(.text) refers to delay.o(.text) for delay_ms
    button.o(.text) refers to button.o(.data) for key_up
    tim.o(.text) refers to stm32f10x_rcc.o(.text) for RCC_APB1PeriphClockCmd
    tim.o(.text) refers to stm32f10x_gpio.o(.text) for GPIO_Init
    tim.o(.text) refers to stm32f10x_tim.o(.text) for TIM_TimeBaseInit
    tim.o(.text) refers to misc.o(.text) for NVIC_Init
    tim.o(.text) refers to tim.o(.data) for TIM5CH1_CAPTURE_STA
    rtc.o(.text) refers to _printf_percent.o(.ARM.Collect$$_printf_percent$$00000000) for _printf_percent
    rtc.o(.text) refers to _printf_d.o(.ARM.Collect$$_printf_percent$$00000009) for _printf_d
    rtc.o(.text) refers to _printf_dec.o(.text) for _printf_int_dec
    rtc.o(.text) refers to misc.o(.text) for NVIC_Init
    rtc.o(.text) refers to stm32f10x_rtc.o(.text) for RTC_GetCounter
    rtc.o(.text) refers to noretval__2printf.o(.text) for __2printf
    rtc.o(.text) refers to stm32f10x_rcc.o(.text) for RCC_APB1PeriphClockCmd
    rtc.o(.text) refers to stm32f10x_pwr.o(.text) for PWR_BackupAccessCmd
[...]
    TIM_ETRConfig                            0x08001b3d   Thumb Code    28  stm32f10x_tim.o(.text)
    TIM_ETRClockMode1Config                  0x08001b59   Thumb Code    54  stm32f10x_tim.o(.text)
    TIM_ETRClockMode2Config                  0x08001b8f   Thumb Code    32  stm32f10x_tim.o(.text)
    TIM_PrescalerConfig                      0x08001baf   Thumb Code     6  stm32f10x_tim.o(.text)
    TIM_CounterModeConfig                    0x08001bb5   Thumb Code    18  stm32f10x_tim.o(.text)
    TIM_EncoderInterfaceConfig               0x08001bc7   Thumb Code    66  stm32f10x_tim.o(.text)
    TIM_ForcedOC1Config                      0x08001c09   Thumb Code    18  stm32f10x_tim.o(.text)
    TIM_ForcedOC2Config                      0x08001c1b   Thumb Code    26  stm32f10x_tim.o(.text)
    TIM_ForcedOC3Config                      0x08001c35   Thumb Code    18  stm32f10x_tim.o(.text)
    TIM_ForcedOC4Config                      0x08001c47   Thumb Code    26  stm32f10x_tim.o(.text)
    TIM_ARRPreloadConfig                     0x08001c61   Thumb Code    24  stm32f10x_tim.o(.text)
    TIM_SelectCOM                            0x08001c79   Thumb Code    24  stm32f10x_tim.o(.text)
    TIM_SelectCCDMA                          0x08001c91   Thumb Code    24  stm32f10x_tim.o(.text)
    TIM_CCPreloadControl                     0x08001ca9   Thumb Code    24  stm32f10x_tim.o(.text)
    TIM_OC1PreloadConfig                     0x08001cc1   Thumb Code    18  stm32f10x_tim.o(.text)
    TIM_OC2PreloadConfig                     0x08001cd3   Thumb Code    26  stm32f10x_tim.o(.text)
    TIM_OC3PreloadConfig                     0x08001ced   Thumb Code    18  stm32f10x_tim.o(.text)
    TIM_OC4PreloadConfig                     0x08001cff   Thumb Code    26  stm32f10x_tim.o(.text)
    TIM_OC1FastConfig                        0x08001d19   Thumb Code    18  stm32f10x_tim.o(.text)
    TIM_OC2FastConfig                        0x08001d2b   Thumb Code    26  stm32f10x_tim.o(.text)
    TIM_OC3FastConfig                        0x08001d45   Thumb Code    18  stm32f10x_tim.o(.text)
    TIM_OC4FastConfig                        0x08001d57   Thumb Code    26  stm32f10x_tim.o(.text)
    TIM_ClearOC1Ref                          0x08001d71   Thumb Code    18  stm32f10x_tim.o(.text)
    TIM_ClearOC2Ref                          0x08001d83   Thumb Code    24  stm32f10x_tim.o(.text)
    TIM_ClearOC3Ref                          0x08001d9b   Thumb Code    18  stm32f10x_tim.o(.text)
    TIM_ClearOC4Ref                          0x08001dad   Thumb Code    24  stm32f10x_tim.o(.text)
    TIM_OC1PolarityConfig                    0x08001dc5   Thumb Code    18  stm32f10x_tim.o(.text)
    TIM_OC1NPolarityConfig                   0x08001dd7   Thumb Code    18  stm32f10x_tim.o(.text)
    TIM_OC2PolarityConfig                    0x08001de9   Thumb Code    26  stm32f10x_tim.o(.text)
    TIM_OC2NPolarityConfig                   0x08001e03   Thumb Code    26  stm32f10x_tim.o(.text)
    TIM_OC3PolarityConfig                    0x08001e1d   Thumb Code    26  stm32f10x_tim.o(.text)
    TIM_OC3NPolarityConfig                   0x08001e37   Thumb Code    26  stm32f10x_tim.o(.text)
    TIM_OC4PolarityConfig                    0x08001e51   Thumb Code    26  stm32f10x_tim.o(.text)
    TIM_CCxCmd                               0x08001e6b   Thumb Code    30  stm32f10x_tim.o(.text)
    TIM_CCxNCmd                              0x08001e89   Thumb Code    30  stm32f10x_tim.o(.text)
    TIM_SelectOCxM                           0x08001ea7   Thumb Code    82  stm32f10x_tim.o(.text)
    TIM_UpdateDisableConfig                  0x08001ef9   Thumb Code    24  stm32f10x_tim.o(.text)
    TIM_UpdateRequestConfig                  0x08001f11   Thumb Code    24  stm32f10x_tim.o(.text)
    TIM_SelectHallSensor                     0x08001f29   Thumb Code    24  stm32f10x_tim.o(.text)
    TIM_SelectOnePulseMode                   0x08001f41   Thumb Code    18  stm32f10x_tim.o(.text)
    TIM_SelectOutputTrigger                  0x08001f53   Thumb Code    18  stm32f10x_tim.o(.text)
    TIM_SelectSlaveMode                      0x08001f65   Thumb Code    18  stm32f10x_tim.o(.text)
    TIM_SelectMasterSlaveMode                0x08001f77   Thumb Code    18  stm32f10x_tim.o(.text)
    TIM_SetCounter                           0x08001f89   Thumb Code     4  stm32f10x_tim.o(.text)
    TIM_SetAutoreload                        0x08001f8d   Thumb Code     4  stm32f10x_tim.o(.text)
    TIM_SetCompare1                          0x08001f91   Thumb Code     4  stm32f10x_tim.o(.text)
    TIM_SetCompare2                          0x08001f95   Thumb Code     4  stm32f10x_tim.o(.text)
    TIM_SetCompare3                          0x08001f99   Thumb Code     4  stm32f10x_tim.o(.text)
    TIM_SetCompare4                          0x08001f9d   Thumb Code     6  stm32f10x_tim.o(.text)
    TIM_SetClockDivision                     0x08001fa3   Thumb Code    18  stm32f10x_tim.o(.text)
    TIM_GetCapture1                          0x08001fb5   Thumb Code     6  stm32f10x_tim.o(.text)
    TIM_GetCapture2                          0x08001fbb   Thumb Code     6  stm32f10x_tim.o(.text)
    TIM_GetCapture3                          0x08001fc1   Thumb Code     6  stm32f10x_tim.o(.text)
    TIM_GetCapture4                          0x08001fc7   Thumb Code     8  stm32f10x_tim.o(.text)
    TIM_GetCounter                           0x08001fcf   Thumb Code     6  stm32f10x_tim.o(.text)
    TIM_GetPrescaler                         0x08001fd5   Thumb Code     6  stm32f10x_tim.o(.text)
    TIM_GetFlagStatus                        0x08001fdb   Thumb Code    18  stm32f10x_tim.o(.text)
    TIM_ClearFlag                            0x08001fed   Thumb Code     6  stm32f10x_tim.o(.text)
    TIM_GetITStatus                          0x08001ff3   Thumb Code    34  stm32f10x_tim.o(.text)
    TIM_ClearITPendingBit                    0x08002015   Thumb Code     6  stm32f10x_tim.o(.text)
    FSMC_NORSRAMDeInit                       0x0800201d   Thumb Code    54  stm32f10x_fsmc.o(.text)
    FSMC_NANDDeInit                          0x08002053   Thumb Code    62  stm32f10x_fsmc.o(.text)
    FSMC_PCCARDDeInit                        0x08002091   Thumb Code    36  stm32f10x_fsmc.o(.text)
    FSMC_NORSRAMInit                         0x080020b5   Thumb Code   230  stm32f10x_fsmc.o(.text)
    FSMC_NANDInit                            0x0800219b   Thumb Code   132  stm32f10x_fsmc.o(.text)
    FSMC_PCCARDInit                          0x0800221f   Thumb Code   130  stm32f10x_fsmc.o(.text)
    FSMC_NORSRAMStructInit                   0x080022a1   Thumb Code   114  stm32f10x_fsmc.o(.text)
    FSMC_NANDStructInit                      0x08002313   Thumb Code    54  stm32f10x_fsmc.o(.text)
    FSMC_PCCARDStructInit                    0x08002349   Thumb Code    60  stm32f10x_fsmc.o(.text)
    FSMC_NORSRAMCmd                          0x08002385   Thumb Code    46  stm32f10x_fsmc.o(.text)
    FSMC_NANDCmd                             0x080023b3   Thumb Code    86  stm32f10x_fsmc.o(.text)
    FSMC_PCCARDCmd                           0x08002409   Thumb Code    44  stm32f10x_fsmc.o(.text)
    FSMC_NANDECCCmd                          0x08002435   Thumb Code    90  stm32f10x_fsmc.o(.text)
    FSMC_GetECC                              0x0800248f   Thumb Code    24  stm32f10x_fsmc.o(.text)
    FSMC_ITConfig                            0x080024a7   Thumb Code   128  stm32f10x_fsmc.o(.text)
    FSMC_GetFlagStatus                       0x08002527   Thumb Code    54  stm32f10x_fsmc.o(.text)
    FSMC_ClearFlag                           0x0800255d   Thumb Code    62  stm32f10x_fsmc.o(.text)
    FSMC_GetITStatus                         0x0800259b   Thumb Code    64  stm32f10x_fsmc.o(.text)
    FSMC_ClearITPendingBit                   0x080025db   Thumb Code    68  stm32f10x_fsmc.o(.text)
    BKP_DeInit                               0x08002629   Thumb Code    16  stm32f10x_bkp.o(.text)
    BKP_TamperPinLevelConfig                 0x08002639   Thumb Code     6  stm32f10x_bkp.o(.text)
    BKP_TamperPinCmd                         0x0800263f   Thumb Code     8  stm32f10x_bkp.o(.text)
    BKP_ITConfig                             0x08002647   Thumb Code     8  stm32f10x_bkp.o(.text)
    BKP_RTCOutputConfig                      0x0800264f   Thumb Code    22  stm32f10x_bkp.o(.text)
    BKP_SetRTCCalibrationValue               0x08002665   Thumb Code    22  stm32f10x_bkp.o(.text)
    BKP_WriteBackupRegister                  0x0800267b   Thumb Code    24  stm32f10x_bkp.o(.text)
    BKP_ReadBackupRegister                   0x08002693   Thumb Code    26  stm32f10x_bkp.o(.text)
    BKP_GetFlagStatus                        0x080026ad   Thumb Code    10  stm32f10x_bkp.o(.text)
    BKP_ClearFlag                            0x080026b7   Thumb Code    18  stm32f10x_bkp.o(.text)
    BKP_GetITStatus                          0x080026c9   Thumb Code    10  stm32f10x_bkp.o(.text)
    BKP_ClearITPendingBit                    0x080026d3   Thumb Code    18  stm32f10x_bkp.o(.text)
    RTC_ITConfig                             0x080026ed   Thumb Code    26  stm32f10x_rtc.o(.text)
    RTC_EnterConfigMode                      0x08002707   Thumb Code    18  stm32f10x_rtc.o(.text)
    RTC_ExitConfigMode                       0x08002719   Thumb Code    20  stm32f10x_rtc.o(.text)
    RTC_GetCounter                           0x0800272d   Thumb Code    18  stm32f10x_rtc.o(.text)
    RTC_SetCounter                           0x0800273f   Thumb Code    26  stm32f10x_rtc.o(.text)
    RTC_SetPrescaler                         0x08002759   Thumb Code    28  stm32f10x_rtc.o(.text)
    RTC_SetAlarm                             0x08002775   Thumb Code    26  stm32f10x_rtc.o(.text)
    RTC_GetDivider                           0x0800278f   Thumb Code    22  stm32f10x_rtc.o(.text)
    RTC_WaitForLastTask                      0x080027a5   Thumb Code    18  stm32f10x_rtc.o(.text)
    RTC_WaitForSynchro                       0x080027b7   Thumb Code    36  stm32f10x_rtc.o(.text)
    RTC_GetFlagStatus                        0x080027db   Thumb Code    22  stm32f10x_rtc.o(.text)
    RTC_ClearFlag                            0x080027f1   Thumb Code    16  stm32f10x_rtc.o(.text)
    RTC_GetITStatus                          0x08002801   Thumb Code    32  stm32f10x_rtc.o(.text)
    RTC_ClearITPendingBit                    0x08002821   Thumb Code    16  stm32f10x_rtc.o(.text)
    PWR_DeInit                               0x08002835   Thumb Code    22  stm32f10x_pwr.o(.text)
    PWR_BackupAccessCmd                      0x0800284b   Thumb Code     6  stm32f10x_pwr.o(.text)
    PWR_PVDCmd                               0x08002851   Thumb Code     6  stm32f10x_pwr.o(.text)
    PWR_PVDLevelConfig                       0x08002857   Thumb Code    18  stm32f10x_pwr.o(.text)
    PWR_WakeUpPinCmd                         0x08002869   Thumb Code     8  stm32f10x_pwr.o(.text)
    PWR_EnterSTOPMode                        0x08002871   Thumb Code    54  stm32f10x_pwr.o(.text)
    PWR_EnterSTANDBYMode                     0x080028a7   Thumb Code    42  stm32f10x_pwr.o(.text)
    PWR_GetFlagStatus                        0x080028d1   Thumb Code    20  stm32f10x_pwr.o(.text)
    PWR_ClearFlag                            0x080028e5   Thumb Code    14  stm32f10x_pwr.o(.text)
    SPI_I2S_DeInit                           0x08002901   Thumb Code    76  stm32f10x_spi.o(.text)
    SPI_Init                                 0x0800294d   Thumb Code    60  stm32f10x_spi.o(.text)
    I2S_Init                                 0x08002989   Thumb Code   226  stm32f10x_spi.o(.text)
    SPI_StructInit                           0x08002a6b   Thumb Code    24  stm32f10x_spi.o(.text)
    I2S_StructInit                           0x08002a83   Thumb Code    20  stm32f10x_spi.o(.text)
    SPI_Cmd                                  0x08002a97   Thumb Code    24  stm32f10x_spi.o(.text)
    I2S_Cmd                                  0x08002aaf   Thumb Code    24  stm32f10x_spi.o(.text)
    SPI_I2S_ITConfig                         0x08002ac7   Thumb Code    32  stm32f10x_spi.o(.text)
    SPI_I2S_DMACmd                           0x08002ae7   Thumb Code    18  stm32f10x_spi.o(.text)
    SPI_I2S_SendData                         0x08002af9   Thumb Code     4  stm32f10x_spi.o(.text)
    SPI_I2S_ReceiveData                      0x08002afd   Thumb Code     6  stm32f10x_spi.o(.text)
    SPI_NSSInternalSoftwareConfig            0x08002b03   Thumb Code    30  stm32f10x_spi.o(.text)
    SPI_SSOutputCmd                          0x08002b21   Thumb Code    24  stm32f10x_spi.o(.text)
    SPI_DataSizeConfig                       0x08002b39   Thumb Code    18  stm32f10x_spi.o(.text)
    SPI_TransmitCRC                          0x08002b4b   Thumb Code    10  stm32f10x_spi.o(.text)
    SPI_CalculateCRC                         0x08002b55   Thumb Code    24  stm32f10x_spi.o(.text)
    SPI_GetCRC                               0x08002b6d   Thumb Code    16  stm32f10x_spi.o(.text)
    SPI_GetCRCPolynomial                     0x08002b7d   Thumb Code     6  stm32f10x_spi.o(.text)
    SPI_BiDirectionalLineConfig              0x08002b83   Thumb Code    28  stm32f10x_spi.o(.text)
    SPI_I2S_GetFlagStatus                    0x08002b9f   Thumb Code    18  stm32f10x_spi.o(.text)
    SPI_I2S_ClearFlag                        0x08002bb1   Thumb Code     6  stm32f10x_spi.o(.text)
    SPI_I2S_GetITStatus                      0x08002bb7   Thumb Code    52  stm32f10x_spi.o(.text)
    SPI_I2S_ClearITPendingBit                0x08002beb   Thumb Code    20  stm32f10x_spi.o(.text)
    led_init                                 0x08002c0d   Thumb Code    50  led.o(.text)
    led_run                                  0x08002c3f   Thumb Code   104  led.o(.text)
    TFT_GPIO_Config                          0x08002cb1   Thumb Code    74  lcd_driver.o(.text)
    TFT_FSMC_Config                          0x08002cfb   Thumb Code    86  lcd_driver.o(.text)
    TFT_WriteCmd                             0x08002d51   Thumb Code     6  lcd_driver.o(.text)
    TFT_WriteData                            0x08002d57   Thumb Code     8  lcd_driver.o(.text)
    TFT_Init                                 0x08002d5f   Thumb Code   374  lcd_driver.o(.text)
    TFT_SetWindow                            0x08002ed5   Thumb Code    74  lcd_driver.o(.text)
    TFT_ClearScreen                          0x08002f1f   Thumb Code    56  lcd_driver.o(.text)
    button_init                              0x08002f69   Thumb Code    60  button.o(.text)
    keyscan                                  0x08002fa5   Thumb Code   184  button.o(.text)
    tim3_pwm_init                            0x08003069   Thumb Code   134  tim.o(.text)
    TIM3_Init                                0x080030ef   Thumb Code    94  tim.o(.text)
    tim5_input1_init                         0x0800314d   Thumb Code   140  tim.o(.text)
    TIM5_IRQHandler                          0x080031d9   Thumb Code   180  tim.o(.text)
    RTC_NVIC_Config                          0x080032a5   Thumb Code    32  rtc.o(.text)
    RTC_Get_Week                             0x080032c5   Thumb Code   116  rtc.o(.text)
    Is_Leap_Year                             0x08003339   Thumb Code    58  rtc.o(.text)
    RTC_Get                                  0x08003373   Thumb Code   240  rtc.o(.text)
    RTC_IRQHandler                           0x08003463   Thumb Code    82  rtc.o(.text)
    RTC_Set                                  0x080034b5   Thumb Code   184  rtc.o(.text)
    rtc_init                                 0x0800356d   Thumb Code   160  rtc.o(.text)
    RTC_Alarm_Set                            0x0800360d   Thumb Code   184  rtc.o(.text)
    TOUCH_ReadData                           0x08003705   Thumb Code   188  touch.o(.text)
    TOUCH_ReadXY                             0x080037c1   Thumb Code   158  touch.o(.text)
    TOUCH_ReadAdjust                         0x0800385f   Thumb Code    92  touch.o(.text)
    TOUCH_Adjust                             0x080038bb   Thumb Code   358  touch.o(.text)
    TOUCH_Init                               0x08003a21   Thumb Code    84  touch.o(.text)
    TOUCH_Scan                               0x08003a75   Thumb Code   202  touch.o(.text)
    SPI1_Config                              0x08003b45   Thumb Code   130  spi.o(.text)
    SPI2_Config                              0x08003bc7   Thumb Code   122  spi.o(.text)
    SPI1_SetSpeed                            0x08003c41   Thumb Code    36  spi.o(.text)
    SPI2_SetSpeed                            0x08003c65   Thumb Code    36  spi.o(.text)
    SPI1_WriteReadData                       0x08003c89   Thumb Code    68  spi.o(.text)
    SPI2_WriteReadData                       0x08003ccd   Thumb Code    68  spi.o(.text)
    GUI_Dot                                  0x08003d21   Thumb Code    28  gui.o(.text)
    GUI_Line                                 0x08003d3d   Thumb Code   172  gui.o(.text)
    LCD_DrawRectangle                        0x08003de9   Thumb Code    74  gui.o(.text)
    LCD_Draw_Point                           0x08003e33   Thumb Code    20  gui.o(.text)
    Test_Show_CH_Font16                      0x08003e47   Thumb Code   146  gui.o(.text)
    Test_Show_CH_Font24                      0x08003ed9   Thumb Code   188  gui.o(.text)
    TEST_FONT                                0x08003f95   Thumb Code    62  gui.o(.text)
    GUI_Box                                  0x08003fd3   Thumb Code    92  gui.o(.text)
    GUI_DrowSign                             0x0800402f   Thumb Code   136  gui.o(.text)
    GUI_Show12ASCII                          0x080040b7   Thumb Code   142  gui.o(.text)
    FLASH_ReadID                             0x08004151   Thumb Code    90  flash.o(.text)
    FLASH_Init                               0x080041ab   Thumb Code    92  flash.o(.text)
    FLASH_ReadData                           0x0800425b   Thumb Code   110  flash.o(.text)
    FLASH_ChipErase                          0x0800434d   Thumb Code    58  flash.o(.text)
    FLASH_WriteData                          0x08004425   Thumb Code   188  flash.o(.text)
    array_init                               0x080044ed   Thumb Code    48  array.o(.text)
    array_create                             0x0800451d   Thumb Code    38  array.o(.text)
    array_find_index                         0x0800457b   Thumb Code    90  array.o(.text)
    array_remove                             0x080045d5   Thumb Code    90  array.o(.text)
    array_foreach                            0x0800462f   Thumb Code    64  array.o(.text)
    array_find                               0x0800466f   Thumb Code    40  array.o(.text)
    array_pop                                0x08004697   Thumb Code    30  array.o(.text)
    array_push                               0x080046b5   Thumb Code    40  array.o(.text)
    array_deinit                             0x080046dd   Thumb Code    28  array.o(.text)
    array_destroy                            0x080046f9   Thumb Code    28  array.o(.text)
    image_loader_load                        0x08004715   Thumb Code    34  bitmap.o(.text)
    bitmap_destroy                           0x08004737   Thumb Code    22  bitmap.o(.text)
    button_set_text                          0x08004827   Thumb Code    28  button_1.o(.text)
    button_create                            0x0800491d   Thumb Code    90  button_1.o(.text)
    canvas_translate                         0x0800497d   Thumb Code    24  canvas.o(.text)
    canvas_untranslate                       0x08004995   Thumb Code    24  canvas.o(.text)
    canvas_init                              0x080049ad   Thumb Code    34  canvas.o(.text)
    canvas_get_width                         0x080049cf   Thumb Code    14  canvas.o(.text)
    canvas_get_height                        0x080049dd   Thumb Code    14  canvas.o(.text)
    canvas_set_clip_rect                     0x080049eb   Thumb Code    58  canvas.o(.text)
    canvas_set_fill_color                    0x08004a25   Thumb Code    20  canvas.o(.text)
    canvas_set_text_color                    0x08004a39   Thumb Code    20  canvas.o(.text)
    canvas_set_stroke_color                  0x08004a4d   Thumb Code    20  canvas.o(.text)
    canvas_set_global_alpha                  0x08004a61   Thumb Code    18  canvas.o(.text)
    canvas_set_font                          0x08004a73   Thumb Code    34  canvas.o(.text)
    canvas_measure_text                      0x08004a95   Thumb Code    78  canvas.o(.text)
    canvas_begin_frame                       0x08004ae3   Thumb Code    38  canvas.o(.text)
    canvas_draw_hline                        0x08004b65   Thumb Code    38  canvas.o(.text)
    canvas_draw_vline                        0x08004be7   Thumb Code    38  canvas.o(.text)
    canvas_draw_points                       0x08004cc7   Thumb Code   120  canvas.o(.text)
    canvas_fill_rect                         0x08004dc7   Thumb Code    46  canvas.o(.text)
    canvas_stroke_rect                       0x08004e49   Thumb Code    46  canvas.o(.text)
    canvas_draw_char                         0x08004f55   Thumb Code    38  canvas.o(.text)
    canvas_draw_text                         0x08005035   Thumb Code    48  canvas.o(.text)
    canvas_draw_image_at                     0x08005161   Thumb Code    62  canvas.o(.text)
    canvas_draw_image                        0x0800519f   Thumb Code    86  canvas.o(.text)
    canvas_draw_image_9patch                 0x080051f5   Thumb Code   540  canvas.o(.text)
    canvas_end_frame                         0x08005411   Thumb Code    18  canvas.o(.text)
    canvas_test_paint                        0x08005423   Thumb Code   210  canvas.o(.text)
    check_button_set_value                   0x08005541   Thumb Code    98  check_button.o(.text)
    check_button_set_text                    0x080056ed   Thumb Code    28  check_button.o(.text)
    check_button_create                      0x080057b7   Thumb Code    80  check_button.o(.text)
    check_button_create_radio                0x08005807   Thumb Code    76  check_button.o(.text)
    color_init                               0x08005869   Thumb Code    24  color.o(.text)
    dialog_set_icon                          0x080059d9   Thumb Code    46  dialog.o(.text)
    dialog_create                            0x08005a5d   Thumb Code   148  dialog.o(.text)
    dialog_set_title                         0x08005af1   Thumb Code    28  dialog.o(.text)
    dialog_modal                             0x08005b0d   Thumb Code    68  dialog.o(.text)
    dialog_quit                              0x08005b51   Thumb Code    34  dialog.o(.text)
    emitter_init                             0x08005bb1   Thumb Code    26  emitter.o(.text)
    emitter_create                           0x08005bcb   Thumb Code    20  emitter.o(.text)
    emitter_dispatch                         0x08005bdf   Thumb Code    84  emitter.o(.text)
    emitter_on                               0x08005c8f   Thumb Code    74  emitter.o(.text)
    emitter_find                             0x08005cd9   Thumb Code    50  emitter.o(.text)
    emitter_off                              0x08005d0b   Thumb Code   104  emitter.o(.text)
    emitter_off_by_func                      0x08005d73   Thumb Code   110  emitter.o(.text)
    emitter_stop                             0x08005de1   Thumb Code    16  emitter.o(.text)
    emitter_enable                           0x08005df1   Thumb Code    16  emitter.o(.text)
    emitter_disable                          0x08005e01   Thumb Code    16  emitter.o(.text)
    emitter_deinit                           0x08005e11   Thumb Code    24  emitter.o(.text)
    emitter_destroy                          0x08005e29   Thumb Code    26  emitter.o(.text)
    widget_name_find                         0x08005ead   Thumb Code    16  enums.o(.text)
    widget_name_find_by_value                0x08005ebd   Thumb Code    16  enums.o(.text)
    style_name_find                          0x08005ecd   Thumb Code    16  enums.o(.text)
    state_name_find                          0x08005edd   Thumb Code    16  enums.o(.text)
    align_v_name_find                        0x08005eed   Thumb Code    16  enums.o(.text)
    align_h_name_find                        0x08005efd   Thumb Code    16  enums.o(.text)
    resouce_type_name_find                   0x08005f0d   Thumb Code    16  enums.o(.text)
    resouce_type_name_find_by_value          0x08005f1d   Thumb Code    16  enums.o(.text)
    font_find_glyph                          0x08005f45   Thumb Code    32  font.o(.text)
    font_destroy                             0x08005f65   Thumb Code    22  font.o(.text)
    font_manager_create                      0x08005f7d   Thumb Code    16  font_manager.o(.text)
    font_manager_init                        0x08005f8d   Thumb Code    22  font_manager.o(.text)
    font_manager_add                         0x08005fa3   Thumb Code    26  font_manager.o(.text)
    font_manager_find                        0x08005fbd   Thumb Code    88  font_manager.o(.text)
    font_manager_deinit                      0x08006015   Thumb Code    54  font_manager.o(.text)
    font_manager_destroy                     0x0800604b   Thumb Code    26  font_manager.o(.text)
    default_fm                               0x08006065   Thumb Code    34  font_manager.o(.text)
    group_box_create                         0x0800608d   Thumb Code    80  group_box.o(.text)
    image_create                             0x0800614b   Thumb Code    72  image.o(.text)
    image_set_image                          0x08006193   Thumb Code    46  image.o(.text)
    image_set_image_name                     0x080061c1   Thumb Code    48  image.o(.text)
    image_manager_init                       0x080061f5   Thumb Code    54  image_manager.o(.text)
    image_manager_create                     0x0800622b   Thumb Code    20  image_manager.o(.text)
    default_im                               0x0800623f   Thumb Code    22  image_manager.o(.text)
    image_manager_add_loader                 0x08006255   Thumb Code    28  image_manager.o(.text)
    image_manager_find_image                 0x08006289   Thumb Code    32  image_manager.o(.text)
    image_manager_load                       0x080062a9   Thumb Code    72  image_manager.o(.text)
    image_manager_add_image                  0x080062f1   Thumb Code    56  image_manager.o(.text)
    image_manager_deinit                     0x08006329   Thumb Code    66  image_manager.o(.text)
    image_manager_destroy                    0x0800636b   Thumb Code    26  image_manager.o(.text)
    label_set_text                           0x0800649b   Thumb Code    28  label.o(.text)
    label_set_border                         0x080064b7   Thumb Code    18  label.o(.text)
    label_set_text_align_h                   0x080064c9   Thumb Code    18  label.o(.text)
    label_set_text_align_v                   0x080064db   Thumb Code    18  label.o(.text)
    label_create                             0x08006607   Thumb Code    88  label.o(.text)
    lcd_begin_frame                          0x0800668d   Thumb Code    26  lcd.o(.text)
    lcd_draw_vline                           0x080066a7   Thumb Code    40  lcd.o(.text)
    lcd_draw_hline                           0x080066cf   Thumb Code    40  lcd.o(.text)
    lcd_fill_rect                            0x080066f7   Thumb Code    48  lcd.o(.text)
    lcd_draw_points                          0x08006727   Thumb Code    32  lcd.o(.text)
    lcd_draw_image                           0x08006747   Thumb Code    44  lcd.o(.text)
    lcd_draw_glyph                           0x08006773   Thumb Code    52  lcd.o(.text)
    lcd_end_frame                            0x080067a7   Thumb Code    22  lcd.o(.text)
    lcd_destroy                              0x080067bd   Thumb Code    22  lcd.o(.text)
    main_loop_run                            0x080067d5   Thumb Code    26  main_loop.o(.text)
    main_loop_quit                           0x080067ef   Thumb Code    26  main_loop.o(.text)
    main_loop_destroy                        0x08006809   Thumb Code    26  main_loop.o(.text)
    main_loop_get_default                    0x08006823   Thumb Code     6  main_loop.o(.text)
    main_loop_set_default                    0x08006829   Thumb Code    16  main_loop.o(.text)
    mem_stat                                 0x0800683d   Thumb Code    76  mem.o(.text)
    mem_info_dump                            0x08006889   Thumb Code    64  mem.o(.text)
    lftk_alloc                               0x080068c9   Thumb Code   174  mem.o(.text)
    lftk_calloc                              0x08006977   Thumb Code    36  mem.o(.text)
    lftk_free                                0x08006a05   Thumb Code   110  mem.o(.text)
    lftk_realloc                             0x08006a73   Thumb Code    86  mem.o(.text)
    mem_init                                 0x08006ac9   Thumb Code    50  mem.o(.text)
    progress_bar_set_value                   0x08006d07   Thumb Code    50  progress_bar.o(.text)
    progress_bar_set_vertical                0x08006d39   Thumb Code    18  progress_bar.o(.text)
    progress_bar_set_show_text               0x08006d4b   Thumb Code    18  progress_bar.o(.text)
    progress_bar_create                      0x08006e2f   Thumb Code    72  progress_bar.o(.text)
    rect_merge                               0x08006e9d   Thumb Code   162  rect.o(.text)
    style_get_int                            0x08006f41   Thumb Code   142  theme.o(.text)
    style_get_color                          0x08006fcf   Thumb Code    22  theme.o(.text)
    style_get_str                            0x08006fe5   Thumb Code   142  theme.o(.text)
    theme_find_style                         0x08007073   Thumb Code   232  theme.o(.text)
    theme_get_default                        0x0800715b   Thumb Code     4  theme.o(.text)
    theme_init                               0x0800715f   Thumb Code    20  theme.o(.text)
    utf8_get_char                            0x0800717d   Thumb Code   184  utf8.o(.text)
    utf8_get_prev_char                       0x08007235   Thumb Code    60  utf8.o(.text)
    utf8_count_char                          0x08007271   Thumb Code    42  utf8.o(.text)
    unichar_to_utf8                          0x0800729b   Thumb Code   102  utf8.o(.text)
    utf16_to_utf8                            0x08007301   Thumb Code   304  utf8.o(.text)
    utf8_from_utf16                          0x08007431   Thumb Code    42  utf8.o(.text)
    utf8_to_utf16                            0x0800745b   Thumb Code    68  utf8.o(.text)
    value_bool                               0x080074f9   Thumb Code   230  value.o(.text)
    value_set_bool                           0x080075df   Thumb Code    18  value.o(.text)
    value_set_int8                           0x080075f1   Thumb Code    18  value.o(.text)
    value_int8                               0x08007603   Thumb Code    18  value.o(.text)
    value_set_uint8                          0x08007615   Thumb Code    18  value.o(.text)
    value_uint8                              0x08007627   Thumb Code    16  value.o(.text)
    value_set_int16                          0x08007637   Thumb Code    18  value.o(.text)
    value_int16                              0x08007649   Thumb Code    18  value.o(.text)
    value_set_uint16                         0x0800765b   Thumb Code    18  value.o(.text)
    value_uint16                             0x0800766d   Thumb Code    16  value.o(.text)
    value_set_int32                          0x0800767d   Thumb Code    18  value.o(.text)
    value_int32                              0x0800768f   Thumb Code    16  value.o(.text)
    value_set_uint32                         0x0800769f   Thumb Code    18  value.o(.text)
    value_uint32                             0x080076b1   Thumb Code    16  value.o(.text)
    value_set_int64                          0x080076c1   Thumb Code    20  value.o(.text)
    value_int64                              0x080076d5   Thumb Code    20  value.o(.text)
    value_set_uint64                         0x080076e9   Thumb Code    20  value.o(.text)
    value_uint64                             0x080076fd   Thumb Code    20  value.o(.text)
    value_set_pointer                        0x08007711   Thumb Code    18  value.o(.text)
    value_pointer                            0x08007723   Thumb Code    16  value.o(.text)
    value_set_float                          0x08007733   Thumb Code    18  value.o(.text)
    value_float                              0x08007745   Thumb Code    16  value.o(.text)
    value_set_double                         0x08007755   Thumb Code    20  value.o(.text)
    value_double                             0x08007769   Thumb Code    20  value.o(.text)
    value_set_str                            0x0800777d   Thumb Code    18  value.o(.text)
    value_set_wstr                           0x0800778f   Thumb Code    18  value.o(.text)
    value_str                                0x080077a1   Thumb Code    16  value.o(.text)
    value_wstr                               0x080077b1   Thumb Code    16  value.o(.text)
    value_copy                               0x080077c1   Thumb Code    26  value.o(.text)
    value_is_null                            0x080077db   Thumb Code    14  value.o(.text)
    value_int                                0x080077e9   Thumb Code   108  value.o(.text)
    value_set_int                            0x08007855   Thumb Code    16  value.o(.text)
    value_create                             0x08007865   Thumb Code    12  value.o(.text)
    value_destroy                            0x08007871   Thumb Code    12  value.o(.text)
    widget_dispatch                          0x08007885   Thumb Code    68  widget.o(.text)
    widget_move                              0x080078c9   Thumb Code    40  widget.o(.text)
    widget_resize                            0x080078f1   Thumb Code    42  widget.o(.text)
    widget_move_resize                       0x0800791b   Thumb Code    58  widget.o(.text)
    widget_set_prop                          0x08007955   Thumb Code   344  widget.o(.text)
    widget_set_value                         0x08007aad   Thumb Code    36  widget.o(.text)
    widget_set_text                          0x08007ad1   Thumb Code    38  widget.o(.text)
    widget_get_prop                          0x08007af7   Thumb Code   264  widget.o(.text)
    widget_get_value                         0x08007bff   Thumb Code    36  widget.o(.text)
    widget_get_text                          0x08007c23   Thumb Code    36  widget.o(.text)
    widget_set_name                          0x08007c47   Thumb Code    30  widget.o(.text)
    widget_invalidate                        0x08007c65   Thumb Code   156  widget.o(.text)
    widget_update_style                      0x08007d01   Thumb Code    66  widget.o(.text)
    widget_set_enable                        0x08007d43   Thumb Code    48  widget.o(.text)
    widget_set_focused                       0x08007d73   Thumb Code    48  widget.o(.text)
    widget_set_state                         0x08007da3   Thumb Code    46  widget.o(.text)
    widget_destroy                           0x08007dd1   Thumb Code    90  widget.o(.text)
    widget_destroy_children                  0x08007e2b   Thumb Code    60  widget.o(.text)
    widget_add_child                         0x08007e67   Thumb Code    46  widget.o(.text)
    widget_remove_child                      0x08007e95   Thumb Code    44  widget.o(.text)
    widget_lookup                            0x08007f5d   Thumb Code    30  widget.o(.text)
    widget_set_visible                       0x08007fed   Thumb Code    30  widget.o(.text)
    widget_find_target                       0x0800800b   Thumb Code    62  widget.o(.text)
    widget_on                                0x08008049   Thumb Code    46  widget.o(.text)
    widget_child_on                          0x08008077   Thumb Code    42  widget.o(.text)
    widget_off                               0x080080a1   Thumb Code    30  widget.o(.text)
    widget_off_by_func                       0x080080bf   Thumb Code    44  widget.o(.text)
    widget_on_paint_children                 0x080080eb   Thumb Code    58  widget.o(.text)
    widget_on_paint_self                     0x08008125   Thumb Code    46  widget.o(.text)
    widget_paint                             0x08008153   Thumb Code    54  widget.o(.text)
    widget_on_keydown                        0x08008189   Thumb Code    72  widget.o(.text)
    widget_on_keyup                          0x080081d1   Thumb Code    68  widget.o(.text)
    widget_on_click                          0x08008215   Thumb Code    68  widget.o(.text)
    widget_on_pointer_down                   0x08008259   Thumb Code    98  widget.o(.text)
    widget_on_pointer_move                   0x080082bb   Thumb Code   146  widget.o(.text)
    widget_on_pointer_up                     0x0800834d   Thumb Code    66  widget.o(.text)
    widget_grab                              0x0800838f   Thumb Code    54  widget.o(.text)
    widget_ungrab                            0x080083c5   Thumb Code    52  widget.o(.text)
    widget_init                              0x080083f9   Thumb Code    94  widget.o(.text)
    widget_to_local                          0x08008457   Thumb Code    42  widget.o(.text)
    widget_to_global                         0x08008481   Thumb Code    42  widget.o(.text)
    widget_count_children                    0x080084ab   Thumb Code    22  widget.o(.text)
    widget_get_child                         0x080084c1   Thumb Code    34  widget.o(.text)
    widget_to_xml                            0x080084e3   Thumb Code   142  widget.o(.text)
    widget_invalidate_default                0x080085bd   Thumb Code    64  widget_vtable.o(.text)
    widget_on_event_default                  0x080085fd   Thumb Code    14  widget_vtable.o(.text)
    widget_on_paint_self_default             0x0800860b   Thumb Code    14  widget_vtable.o(.text)
    widget_on_paint_children_default         0x08008619   Thumb Code    70  widget_vtable.o(.text)
    widget_on_keydown_default                0x0800865f   Thumb Code    14  widget_vtable.o(.text)
    widget_on_keyup_default                  0x0800866d   Thumb Code    14  widget_vtable.o(.text)
    widget_on_click_default                  0x0800867b   Thumb Code    14  widget_vtable.o(.text)
    widget_on_pointer_down_default           0x08008689   Thumb Code    14  widget_vtable.o(.text)
    widget_on_pointer_move_default           0x08008697   Thumb Code    14  widget_vtable.o(.text)
    widget_on_pointer_up_default             0x080086a5   Thumb Code    14  widget_vtable.o(.text)
    widget_get_prop_default                  0x080086b3   Thumb Code    16  widget_vtable.o(.text)
    widget_set_prop_default                  0x080086c3   Thumb Code    16  widget_vtable.o(.text)
    widget_grab_default                      0x080086d3   Thumb Code    34  widget_vtable.o(.text)
    widget_ungrab_default                    0x080086f5   Thumb Code    34  widget_vtable.o(.text)
    widget_find_target_default               0x08008717   Thumb Code   138  widget_vtable.o(.text)
    widget_destroy_default                   0x080087a1   Thumb Code     6  widget_vtable.o(.text)
    widget_vtable_default                    0x080087a7   Thumb Code     4  widget_vtable.o(.text)
    window_create                            0x080087ef   Thumb Code    94  window.o(.text)
    window_manager_remove_child              0x08008851   Thumb Code    32  window_manager.o(.text)
    window_manager_add_child                 0x08008885   Thumb Code   112  window_manager.o(.text)
    window_manager_find_target               0x080088f5   Thumb Code   164  window_manager.o(.text)
    window_manager_paint                     0x08008999   Thumb Code   144  window_manager.o(.text)
    window_manager_init                      0x08008a29   Thumb Code    40  window_manager.o(.text)
    default_wm                               0x08008a51   Thumb Code    34  window_manager.o(.text)
    window_manager_on_paint_children         0x08008a9b   Thumb Code   104  window_manager.o(.text)
    window_manager_resize                    0x08008b03   Thumb Code    58  window_manager.o(.text)
    wstr_init                                0x08008b9b   Thumb Code    36  wstr.o(.text)
    wstr_set                                 0x08008bbf   Thumb Code    52  wstr.o(.text)
    wstr_set_utf8                            0x08008bf3   Thumb Code    14  wstr.o(.text)
    wstr_get_utf8                            0x08008c01   Thumb Code    14  wstr.o(.text)
    wstr_reset                               0x08008c0f   Thumb Code    20  wstr.o(.text)
    font_bitmap_init                         0x08008cb9   Thumb Code    50  font_bitmap.o(.text)
    font_bitmap_create                       0x08008ceb   Thumb Code    38  font_bitmap.o(.text)
    image_loader_bitmap_create               0x08008d6b   Thumb Code    46  image_loader_bitmap.o(.text)
    image_loader_bitmap_add                  0x08008d99   Thumb Code    46  image_loader_bitmap.o(.text)
    lcd_stm32_raw_create                     0x08009131   Thumb Code    94  lcd_stm32_raw.o(.text)
    TIM3_IRQHandler                          0x0800925b   Thumb Code    54  main_loop_stm32_raw.o(.text)
    main_loop_init                           0x080092e5   Thumb Code    98  main_loop_stm32_raw.o(.text)
    ftk_str2bool                             0x08009369   Thumb Code    40  utils.o(.text)
    ftk_strtol                               0x08009457   Thumb Code    92  utils.o(.text)
    ftk_atoi                                 0x080094b3   Thumb Code    16  utils.o(.text)
    ftk_atof                                 0x080094c3   Thumb Code   176  utils.o(.text)
    ftk_itoa                                 0x08009603   Thumb Code    22  utils.o(.text)
    ftk_ftoa                                 0x08009619   Thumb Code   274  utils.o(.text)
    ftk_strcpy                               0x0800972b   Thumb Code    16  utils.o(.text)
    resource_init                            0x08009759   Thumb Code   124  resource.o(.text)
    application_init                         0x0800996b   Thumb Code   514  demo1_app.o(.text)
    get_time_ms                              0x08009c49   Thumb Code     8  stm32f103ze_raw.o(.text)
    platform_prepare                         0x08009c51   Thumb Code    66  stm32f103ze_raw.o(.text)
    lftk_init                                0x08009c95   Thumb Code    56  lftk.o(.text)
    lftk_run                                 0x08009ccd   Thumb Code    26  lftk.o(.text)
    lftk_quit                                0x08009cf7   Thumb Code    16  lftk.o(.text)
    timer_init                               0x08009d0d   Thumb Code    16  timer.o(.text)
    timer_add                                0x08009d3d   Thumb Code   102  timer.o(.text)
    timer_remove                             0x08009dbd   Thumb Code    78  timer.o(.text)
    timer_find                               0x08009e0b   Thumb Code    46  timer.o(.text)
    timer_check                              0x08009e39   Thumb Code   182  timer.o(.text)
    timer_count                              0x08009eef   Thumb Code    20  timer.o(.text)
    main                                     0x08009f15   Thumb Code    36  demo_main.o(.text)
    resource_manager_init                    0x08009f3d   Thumb Code    22  resource_manager.o(.text)
    resource_manager_ref                     0x08009f53   Thumb Code    70  resource_manager.o(.text)
    resource_manager_unref                   0x08009f99   Thumb Code    12  resource_manager.o(.text)
    resource_manager_add                     0x08009fa5   Thumb Code    28  resource_manager.o(.text)
    resource_manager_deinit                  0x08009fc1   Thumb Code    12  resource_manager.o(.text)
    __use_no_semihosting                     0x08009fd1   Thumb Code     2  use_no_semi_2.o(.text)
    __2printf                                0x08009fd5   Thumb Code    20  noretval__2printf.o(.text)
    __printf                                 0x08009fed   Thumb Code   104  __printf.o(.text)
    _printf_str                              0x0800a055   Thumb Code    82  _printf_str.o(.text)
    _printf_int_dec                          0x0800a0a9   Thumb Code   104  _printf_dec.o(.text)
    _printf_hex_ptr                          0x0800a121   Thumb Code    78  _printf_hex_ptr.o(.text)
    _printf_longlong_hex                     0x0800a121   Thumb Code     0  _printf_hex_ptr.o(.text)
    strcpy                                   0x0800a175   Thumb Code    72  strcpy.o(.text)
    strlen                                   0x0800a1bd   Thumb Code    62  strlen.o(.text)
    wcscpy                                   0x0800a1fb   Thumb Code    18  wcscpy.o(.text)
    wcslen                                   0x0800a20d   Thumb Code    18  wcslen.o(.text)
    __aeabi_memcpy                           0x0800a21f   Thumb Code     0  rt_memcpy_v6.o(.text)
    __rt_memcpy                              0x0800a21f   Thumb Code   138  rt_memcpy_v6.o(.text)
    _memcpy_lastbytes                        0x0800a285   Thumb Code     0  rt_memcpy_v6.o(.text)
    __aeabi_memcpy4                          0x0800a2a9   Thumb Code     0  rt_memcpy_w.o(.text)
    __aeabi_memcpy8                          0x0800a2a9   Thumb Code     0  rt_memcpy_w.o(.text)
    __rt_memcpy_w                            0x0800a2a9   Thumb Code   100  rt_memcpy_w.o(.text)
    _memcpy_lastbytes_aligned                0x0800a2f1   Thumb Code     0  rt_memcpy_w.o(.text)
    __aeabi_memclr                           0x0800a30d   Thumb Code     0  rt_memclr.o(.text)
    __rt_memclr                              0x0800a30d   Thumb Code    68  rt_memclr.o(.text)
    _memset                                  0x0800a311   Thumb Code     0  rt_memclr.o(.text)
    __aeabi_memclr4                          0x0800a351   Thumb Code     0  rt_memclr_w.o(.text)
    __aeabi_memclr8                          0x0800a351   Thumb Code     0  rt_memclr_w.o(.text)
    __rt_memclr_w                            0x0800a351   Thumb Code    78  rt_memclr_w.o(.text)
    _memset_w                                0x0800a355   Thumb Code     0  rt_memclr_w.o(.text)
    strncpy                                  0x0800a39f   Thumb Code    86  strncpy.o(.text)
    strcmp                                   0x0800a3f5   Thumb Code   128  strcmpv7m.o(.text)
    __use_two_region_memory                  0x0800a475   Thumb Code     2  heapauxi.o(.text)
    __rt_heap_escrow$2region                 0x0800a477   Thumb Code     2  heapauxi.o(.text)
    __rt_heap_expand$2region                 0x0800a479   Thumb Code     2  heapauxi.o(.text)
    __I$use$semihosting                      0x0800a47b   Thumb Code     0  use_no_semi.o(.text)
    __use_no_semihosting_swi                 0x0800a47b   Thumb Code     2  use_no_semi.o(.text)
    _printf_int_common                       0x0800a47d   Thumb Code   178  _printf_intcommon.o(.text)
    _printf_cs_common                        0x0800a52f   Thumb Code    20  _printf_char.o(.text)
    _printf_char                             0x0800a543   Thumb Code    16  _printf_char.o(.text)
    _printf_string                           0x0800a553   Thumb Code     8  _printf_char.o(.text)
    _printf_char_file                        0x0800a55d   Thumb Code    32  _printf_char_file.o(.text)
    __user_libspace                          0x0800a581   Thumb Code     8  libspace.o(.text)
    __user_perproc_libspace                  0x0800a581   Thumb Code     0  libspace.o(.text)
    __user_perthread_libspace                0x0800a581   Thumb Code     0  libspace.o(.text)
    _printf_char_common                      0x0800a593   Thumb Code    32  _printf_char_common.o(.text)
    ferror                                   0x0800a5b9   Thumb Code     8  ferror.o(.text)
    __user_setup_stackheap                   0x0800a5c1   Thumb Code    74  sys_stackheap_outer.o(.text)
    exit                                     0x0800a60b   Thumb Code    18  exit.o(.text)
    __aeabi_dadd                             0x0800a61d   Thumb Code     0  daddsub_clz.o(x$fpl$dadd)
    _dadd                                    0x0800a61d   Thumb Code   332  daddsub_clz.o(x$fpl$dadd)
    __fpl_dcmp_Inf                           0x0800a76d   Thumb Code    24  dcmpi.o(x$fpl$dcmpinf)
    __aeabi_ddiv                             0x0800a785   Thumb Code     0  ddiv.o(x$fpl$ddiv)
    _ddiv                                    0x0800a785   Thumb Code   552  ddiv.o(x$fpl$ddiv)
    __aeabi_cdcmpeq                          0x0800aa35   Thumb Code     0  deqf.o(x$fpl$deqf)
    _dcmpeq                                  0x0800aa35   Thumb Code   120  deqf.o(x$fpl$deqf)
    __aeabi_d2iz                             0x0800aaad   Thumb Code     0  dfix.o(x$fpl$dfix)
    _dfix                                    0x0800aaad   Thumb Code    94  dfix.o(x$fpl$dfix)
    __aeabi_i2d                              0x0800ab0b   Thumb Code     0  dflt_clz.o(x$fpl$dflt)
    _dflt                                    0x0800ab0b   Thumb Code    46  dflt_clz.o(x$fpl$dflt)
    __aeabi_ui2d                             0x0800ab39   Thumb Code     0  dflt_clz.o(x$fpl$dfltu)
    _dfltu                                   0x0800ab39   Thumb Code    38  dflt_clz.o(x$fpl$dfltu)
    __aeabi_cdcmple                          0x0800ab61   Thumb Code     0  dleqf.o(x$fpl$dleqf)
    _dcmple                                  0x0800ab61   Thumb Code   120  dleqf.o(x$fpl$dleqf)
    __fpl_dcmple_InfNaN                      0x0800abc3   Thumb Code     0  dleqf.o(x$fpl$dleqf)
    __aeabi_dmul                             0x0800abd9   Thumb Code     0  dmul.o(x$fpl$dmul)
    _dmul                                    0x0800abd9   Thumb Code   332  dmul.o(x$fpl$dmul)
    __fpl_dnaninf                            0x0800ad2d   Thumb Code   156  dnaninf.o(x$fpl$dnaninf)
    __fpl_dretinf                            0x0800adc9   Thumb Code    12  dretinf.o(x$fpl$dretinf)
    __aeabi_cdrcmple                         0x0800add5   Thumb Code     0  drleqf.o(x$fpl$drleqf)
    _drcmple                                 0x0800add5   Thumb Code   108  drleqf.o(x$fpl$drleqf)
    __aeabi_drsub                            0x0800ae41   Thumb Code     0  daddsub_clz.o(x$fpl$drsb)
    _drsb                                    0x0800ae41   Thumb Code    22  daddsub_clz.o(x$fpl$drsb)
    __aeabi_dsub                             0x0800ae59   Thumb Code     0  daddsub_clz.o(x$fpl$dsub)
    _dsub                                    0x0800ae59   Thumb Code   464  daddsub_clz.o(x$fpl$dsub)
    __aeabi_fadd                             0x0800b02d   Thumb Code     0  faddsub_clz.o(x$fpl$fadd)
    _fadd                                    0x0800b02d   Thumb Code   196  faddsub_clz.o(x$fpl$fadd)
    __fpl_fcmp_Inf                           0x0800b0f1   Thumb Code    24  fcmpi.o(x$fpl$fcmpinf)
    __aeabi_fdiv                             0x0800b109   Thumb Code     0  fdiv.o(x$fpl$fdiv)
    _fdiv                                    0x0800b109   Thumb Code   384  fdiv.o(x$fpl$fdiv)
    __aeabi_cfcmpeq                          0x0800b28d   Thumb Code     0  feqf.o(x$fpl$feqf)
    _fcmpeq                                  0x0800b28d   Thumb Code   104  feqf.o(x$fpl$feqf)
    __aeabi_f2iz                             0x0800b2f5   Thumb Code     0  ffix.o(x$fpl$ffix)
    _ffix                                    0x0800b2f5   Thumb Code    54  ffix.o(x$fpl$ffix)
    __aeabi_f2uiz                            0x0800b32d   Thumb Code     0  ffixu.o(x$fpl$ffixu)
    _ffixu                                   0x0800b32d   Thumb Code    62  ffixu.o(x$fpl$ffixu)
    __aeabi_i2f                              0x0800b36d   Thumb Code     0  fflt_clz.o(x$fpl$fflt)
    _fflt                                    0x0800b36d   Thumb Code    48  fflt_clz.o(x$fpl$fflt)
    __aeabi_ui2f                             0x0800b39d   Thumb Code     0  fflt_clz.o(x$fpl$ffltu)
    _ffltu                                   0x0800b39d   Thumb Code    38  fflt_clz.o(x$fpl$ffltu)
    __aeabi_fmul                             0x0800b3c5   Thumb Code     0  fmul.o(x$fpl$fmul)
    _fmul                                    0x0800b3c5   Thumb Code   258  fmul.o(x$fpl$fmul)
    __fpl_fnaninf                            0x0800b4c7   Thumb Code   140  fnaninf.o(x$fpl$fnaninf)
    __fpl_fretinf                            0x0800b553   Thumb Code    10  fretinf.o(x$fpl$fretinf)
    __aeabi_frsub                            0x0800b55d   Thumb Code     0  faddsub_clz.o(x$fpl$frsb)
    _frsb                                    0x0800b55d   Thumb Code    20  faddsub_clz.o(x$fpl$frsb)
    __aeabi_fsub                             0x0800b571   Thumb Code     0  faddsub_clz.o(x$fpl$fsub)
    _fsub                                    0x0800b571   Thumb Code   234  faddsub_clz.o(x$fpl$fsub)
    __I$use$fp                               0x0800b65a   Number         0  usenofp.o(x$fpl$usenofp)
    table_week                               0x0800b65a   Data          12  rtc.o(.constdata)
    mon_table                                0x0800b666   Data          12  rtc.o(.constdata)
    ASCII8x16                                0x0800b672   Data        1536  gui.o(.constdata)
    tfont16                                  0x0800bc72   Data         480  gui.o(.constdata)
    tfont24                                  0x0800be52   Data         360  gui.o(.constdata)
    g_utf8_skip                              0x0800c4a4   Data           4  utf8.o(.constdata)
    font_font20                              0x0800c5b5   Data       12946  resource.o(.constdata)
    checked                                  0x0800f847   Data        2336  resource.o(.constdata)
    earth                                    0x08010167   Data        4128  resource.o(.constdata)
    info                                     0x08011187   Data        2336  resource.o(.constdata)
    radio_checked                            0x08011aa7   Data        2336  resource.o(.constdata)
    radio_unchecked                          0x080123c7   Data        2336  resource.o(.constdata)
    unchecked                                0x08012ce7   Data        2336  resource.o(.constdata)
    theme_data                               0x08013607   Data         566  resource.o(.constdata)
    ui_window1                               0x0801383d   Data         730  resource.o(.constdata)
    ui_dialog1                               0x08013b17   Data         230  resource.o(.constdata)
    ui_dialog2                               0x08013bfd   Data         229  resource.o(.constdata)
    Region$$Table$$Base                      0x08013ef4   Number         0  anon$$obj.o(Region$$Table)
    Region$$Table$$Limit                     0x08013f14   Number         0  anon$$obj.o(Region$$Table)
    SystemCoreClock                          0x20000000   Data           4  system_stm32f10x.o(.data)
    AHBPrescTable                            0x20000004   Data          16  system_stm32f10x.o(.data)
    __stdout                                 0x20000018   Data           4  usart.o(.data)
    USART_RX_STA                             0x2000001c   Data           2  usart.o(.data)
    TIM5CH1_CAPTURE_STA                      0x20000034   Data           1  tim.o(.data)
    TIM5CH1_CAPTURE_VAL                      0x20000036   Data           2  tim.o(.data)
    rtc_data                                 0x20000038   Data           7  rtc.o(.data)
    rtc_bit                                  0x2000003f   Data           1  rtc.o(.data)
    TouchData                                0x20000042   Data           8  touch.o(.data)
    USART_RX_BUF                             0x2000007c   Data         200  usart.o(.bss)
    calendar                                 0x20000144   Data          10  rtc.o(.bss)
    __libspace_start                         0x20003200   Data          96  libspace.o(.bss)
    __temporary_stack_top$libspace           0x20003260   Data           0  libspace.o(.bss)



==============================================================================

Memory Map of the image

  Image Entry point : 0x08000131

  Load Region LR_IROM1 (Base: 0x08000000, Size: 0x00013f90, Max: 0x00080000, ABSOLUTE)

    Execution Region ER_IROM1 (Exec base: 0x08000000, Load base: 0x08000000, Size: 0x00013f14, Max: 0x00080000, ABSOLUTE)

    Exec Addr    Load Addr    Size         Type   Attr      Idx    E Section Name        Object

    0x08000000   0x08000000   0x00000130   Data   RO          216    RESET               startup_stm32f10x_hd.o
    0x08000130   0x08000130   0x00000008   Code   RO         2171  * !!!main             c_w.l(__main.o)
    0x08000138   0x08000138   0x00000034   Code   RO         2431    !!!scatter          c_w.l(__scatter.o)
    0x0800016c   0x0800016c   0x0000001a   Code   RO         2433    !!handler_copy      c_w.l(__scatter_copy.o)
    0x08000186   0x08000186   0x00000002   PAD
    0x08000188   0x08000188   0x0000001c   Code   RO         2435    !!handler_zi        c_w.l(__scatter_zi.o)
    0x080001a4   0x080001a4   0x00000000   Code   RO         2142    .ARM.Collect$$_printf_percent$$00000000  c_w.l(_printf_percent.o)
    0x080001a4   0x080001a4   0x00000006   Code   RO         2140    .ARM.Collect$$_printf_percent$$00000002  c_w.l(_printf_p.o)
    0x080001aa   0x080001aa   0x00000006   Code   RO         2141    .ARM.Collect$$_printf_percent$$00000009  c_w.l(_printf_d.o)
    0x080001b0   0x080001b0   0x00000006   Code   RO         2139    .ARM.Collect$$_printf_percent$$00000014  c_w.l(_printf_s.o)
    0x080001b6   0x080001b6   0x00000004   Code   RO         2241    .ARM.Collect$$_printf_percent$$00000017  c_w.l(_printf_percent_end.o)
    0x080001ba   0x080001ba   0x00000002   Code   RO         2308    .ARM.Collect$$libinit$$00000000  c_w.l(libinit.o)
    0x080001bc   0x080001bc   0x00000000   Code   RO         2312    .ARM.Collect$$libinit$$00000002  c_w.l(libinit2.o)
    0x080001bc   0x080001bc   0x00000000   Code   RO         2314    .ARM.Collect$$libinit$$00000004  c_w.l(libinit2.o)
    0x080001bc   0x080001bc   0x00000000   Code   RO         2317    .ARM.Collect$$libinit$$0000000A  c_w.l(libinit2.o)
    0x080001bc   0x080001bc   0x00000000   Code   RO         2319    .ARM.Collect$$libinit$$0000000C  c_w.l(libinit2.o)
    0x080001bc   0x080001bc   0x00000000   Code   RO         2321    .ARM.Collect$$libinit$$0000000E  c_w.l(libinit2.o)
    0x080001bc   0x080001bc   0x00000000   Code   RO         2324    .ARM.Collect$$libinit$$00000011  c_w.l(libinit2.o)
    0x080001bc   0x080001bc   0x00000000   Code   RO         2326    .ARM.Collect$$libinit$$00000013  c_w.l(libinit2.o)
    0x080001bc   0x080001bc   0x00000000   Code   RO         2328    .ARM.Collect$$libinit$$00000015  c_w.l(libinit2.o)
    0x080001bc   0x080001bc   0x00000000   Code   RO         2330    .ARM.Collect$$libinit$$00000017  c_w.l(libinit2.o)
    0x080001bc   0x080001bc   0x00000000   Code   RO         2332    .ARM.Collect$$libinit$$00000019  c_w.l(libinit2.o)
    0x080001bc   0x080001bc   0x00000000   Code   RO         2334    .ARM.Collect$$libinit$$0000001B  c_w.l(libinit2.o)
    0x080001bc   0x080001bc   0x00000000   Code   RO         2336    .ARM.Collect$$libinit$$0000001D  c_w.l(libinit2.o)
    0x080001bc   0x080001bc   0x00000000   Code   RO         2338    .ARM.Collect$$libinit$$0000001F  c_w.l(libinit2.o)
    0x080001bc   0x080001bc   0x00000000   Code   RO         2340    .ARM.Collect$$libinit$$00000021  c_w.l(libinit2.o)
    0x080001bc   0x080001bc   0x00000000   Code   RO         2342    .ARM.Collect$$libinit$$00000023  c_w.l(libinit2.o)
    0x080001bc   0x080001bc   0x00000000   Code   RO         2344    .ARM.Collect$$libinit$$00000025  c_w.l(libinit2.o)
    0x080001bc   0x080001bc   0x00000000   Code   RO         2348    .ARM.Collect$$libinit$$0000002C  c_w.l(libinit2.o)
    0x080001bc   0x080001bc   0x00000000   Code   RO         2350    .ARM.Collect$$libinit$$0000002E  c_w.l(libinit2.o)
    0x080001bc   0x080001bc   0x00000000   Code   RO         2352    .ARM.Collect$$libinit$$00000030  c_w.l(libinit2.o)
    0x080001bc   0x080001bc   0x00000000   Code   RO         2354    .ARM.Collect$$libinit$$00000032  c_w.l(libinit2.o)
    0x080001bc   0x080001bc   0x00000002   Code   RO         2355    .ARM.Collect$$libinit$$00000033  c_w.l(libinit2.o)
    0x080001be   0x080001be   0x00000002   Code   RO         2373    .ARM.Collect$$libshutdown$$00000000  c_w.l(libshutdown.o)
    0x080001c0   0x080001c0   0x00000000   Code   RO         2383    .ARM.Collect$$libshutdown$$00000002  c_w.l(libshutdown2.o)
    0x080001c0   0x080001c0   0x00000000   Code   RO         2385    .ARM.Collect$$libshutdown$$00000004  c_w.l(libshutdown2.o)
    0x080001c0   0x080001c0   0x00000000   Code   RO         2388    .ARM.Collect$$libshutdown$$00000007  c_w.l(libshutdown2.o)
    0x080001c0   0x080001c0   0x00000000   Code   RO         2391    .ARM.Collect$$libshutdown$$0000000A  c_w.l(libshutdown2.o)
    0x080001c0   0x080001c0   0x00000000   Code   RO         2393    .ARM.Collect$$libshutdown$$0000000C  c_w.l(libshutdown2.o)
    0x080001c0   0x080001c0   0x00000000   Code   RO         2396    .ARM.Collect$$libshutdown$$0000000F  c_w.l(libshutdown2.o)
    0x080001c0   0x080001c0   0x00000002   Code   RO         2397    .ARM.Collect$$libshutdown$$00000010  c_w.l(libshutdown2.o)
    0x080001c2   0x080001c2   0x00000000   Code   RO         2229    .ARM.Collect$$rtentry$$00000000  c_w.l(__rtentry.o)
    0x080001c2   0x080001c2   0x00000000   Code   RO         2263    .ARM.Collect$$rtentry$$00000002  c_w.l(__rtentry2.o)
    0x080001c2   0x080001c2   0x00000006   Code   RO         2275    .ARM.Collect$$rtentry$$00000004  c_w.l(__rtentry4.o)
    0x080001c8   0x080001c8   0x00000000   Code   RO         2265    .ARM.Collect$$rtentry$$00000009  c_w.l(__rtentry2.o)
    0x080001c8   0x080001c8   0x00000004   Code   RO         2266    .ARM.Collect$$rtentry$$0000000A  c_w.l(__rtentry2.o)
    0x080001cc   0x080001cc   0x00000000   Code   RO         2268    .ARM.Collect$$rtentry$$0000000C  c_w.l(__rtentry2.o)
    0x080001cc   0x080001cc   0x00000008   Code   RO         2269    .ARM.Collect$$rtentry$$0000000D  c_w.l(__rtentry2.o)
    0x080001d4   0x080001d4   0x00000002   Code   RO         2309    .ARM.Collect$$rtexit$$00000000  c_w.l(rtexit.o)
    0x080001d6   0x080001d6   0x00000000   Code   RO         2357    .ARM.Collect$$rtexit$$00000002  c_w.l(rtexit2.o)
    0x080001d6   0x080001d6   0x00000004   Code   RO         2358    .ARM.Collect$$rtexit$$00000003  c_w.l(rtexit2.o)
    0x080001da   0x080001da   0x00000006   Code   RO         2359    .ARM.Collect$$rtexit$$00000004  c_w.l(rtexit2.o)
    0x080001e0   0x080001e0   0x0000001a   Code   RO            1    .text               stm32f10x_it.o
    0x080001fa   0x080001fa   0x00000002   PAD
    0x080001fc   0x080001fc   0x000001e0   Code   RO          104    .text               system_stm32f10x.o
    0x080003dc   0x080003dc   0x000000d4   Code   RO          122    .text               delay.o
    0x080004b0   0x080004b0   0x0000012c   Code   RO          180    .text               usart.o
    0x080005dc   0x080005dc   0x00000040   Code   RO          217    .text               startup_stm32f10x_hd.o
    0x0800061c   0x0800061c   0x000000dc   Code   RO          221    .text               misc.o
    0x080006f8   0x080006f8   0x0000035c   Code   RO          233    .text               stm32f10x_gpio.o
    0x08000a54   0x08000a54   0x000003a4   Code   RO          245    .text               stm32f10x_rcc.o
    0x08000df8   0x08000df8   0x00000408   Code   RO          259    .text               stm32f10x_usart.o
    0x08001200   0x08001200   0x00000e1a   Code   RO          307    .text               stm32f10x_tim.o
    0x0800201a   0x0800201a   0x00000002   PAD
    0x0800201c   0x0800201c   0x0000060c   Code   RO          319    .text               stm32f10x_fsmc.o
    0x08002628   0x08002628   0x000000c4   Code   RO          331    .text               stm32f10x_bkp.o
    0x080026ec   0x080026ec   0x00000148   Code   RO          343    .text               stm32f10x_rtc.o
    0x08002834   0x08002834   0x000000cc   Code   RO          355    .text               stm32f10x_pwr.o
    0x08002900   0x08002900   0x0000030c   Code   RO          379    .text               stm32f10x_spi.o
    0x08002c0c   0x08002c0c   0x000000a4   Code   RO          415    .text               led.o
    0x08002cb0   0x08002cb0   0x000002b8   Code   RO          431    .text               lcd_driver.o
    0x08002f68   0x08002f68   0x00000100   Code   RO          449    .text               button.o
    0x08003068   0x08003068   0x0000023c   Code   RO          465    .text               tim.o
    0x080032a4   0x080032a4   0x00000460   Code   RO          484    .text               rtc.o
    0x08003704   0x08003704   0x00000440   Code   RO          512    .text               touch.o
    0x08003b44   0x08003b44   0x000001dc   Code   RO          540    .text               spi.o
    0x08003d20   0x08003d20   0x00000430   Code   RO          552    .text               gui.o
    0x08004150   0x08004150   0x0000039c   Code   RO          573    .text               flash.o
    0x080044ec   0x080044ec   0x00000228   Code   RO          587    .text               array.o
    0x08004714   0x08004714   0x00000038   Code   RO          624    .text               bitmap.o
    0x0800474c   0x0800474c   0x00000230   Code   RO          671    .text               button_1.o
    0x0800497c   0x0800497c   0x00000b90   Code   RO          743    .text               canvas.o
    0x0800550c   0x0800550c   0x0000035c   Code   RO          777    .text               check_button.o
    0x08005868   0x08005868   0x00000018   Code   RO          825    .text               color.o
    0x08005880   0x08005880   0x00000330   Code   RO          844    .text               dialog.o
    0x08005bb0   0x08005bb0   0x00000292   Code   RO          895    .text               emitter.o
    0x08005e42   0x08005e42   0x00000002   PAD
    0x08005e44   0x08005e44   0x00000100   Code   RO          923    .text               enums.o
    0x08005f44   0x08005f44   0x00000036   Code   RO          966    .text               font.o
    0x08005f7a   0x08005f7a   0x00000002   PAD
    0x08005f7c   0x08005f7c   0x00000110   Code   RO          988    .text               font_manager.o
    0x0800608c   0x0800608c   0x00000054   Code   RO         1011    .text               group_box.o
    0x080060e0   0x080060e0   0x00000114   Code   RO         1050    .text               image.o
    0x080061f4   0x080061f4   0x00000198   Code   RO         1092    .text               image_manager.o
    0x0800638c   0x0800638c   0x00000300   Code   RO         1115    .text               label.o
    0x0800668c   0x0800668c   0x00000146   Code   RO         1157    .text               lcd.o
    0x080067d2   0x080067d2   0x00000002   PAD
    0x080067d4   0x080067d4   0x00000068   Code   RO         1182    .text               main_loop.o
    0x0800683c   0x0800683c   0x00000328   Code   RO         1221    .text               mem.o
    0x08006b64   0x08006b64   0x00000338   Code   RO         1243    .text               progress_bar.o
    0x08006e9c   0x08006e9c   0x000000a2   Code   RO         1285    .text               rect.o
    0x08006f3e   0x08006f3e   0x00000002   PAD
    0x08006f40   0x08006f40   0x0000023c   Code   RO         1304    .text               theme.o
    0x0800717c   0x0800717c   0x0000037c   Code   RO         1328    .text               utf8.o
    0x080074f8   0x080074f8   0x0000038c   Code   RO         1353    .text               value.o
    0x08007884   0x08007884   0x00000d38   Code   RO         1378    .text               widget.o
    0x080085bc   0x080085bc   0x000001f4   Code   RO         1422    .text               widget_vtable.o
    0x080087b0   0x080087b0   0x000000a0   Code   RO         1464    .text               window.o
    0x08008850   0x08008850   0x00000314   Code   RO         1506    .text               window_manager.o
    0x08008b64   0x08008b64   0x000000be   Code   RO         1546    .text               wstr.o
    0x08008c22   0x08008c22   0x00000002   PAD
    0x08008c24   0x08008c24   0x000000f8   Code   RO         1568    .text               font_bitmap.o
    0x08008d1c   0x08008d1c   0x000000b0   Code   RO         1593    .text               image_loader_bitmap.o
    0x08008dcc   0x08008dcc   0x0000040c   Code   RO         1636    .text               lcd_stm32_raw.o
    0x080091d8   0x080091d8   0x00000190   Code   RO         1669    .text               main_loop_stm32_raw.o
    0x08009368   0x08009368   0x000003f0   Code   RO         1726    .text               utils.o
    0x08009758   0x08009758   0x000000a8   Code   RO         1745    .text               resource.o
    0x08009800   0x08009800   0x00000448   Code   RO         1820    .text               demo1_app.o
    0x08009c48   0x08009c48   0x0000004a   Code   RO         1882    .text               stm32f103ze_raw.o
    0x08009c92   0x08009c92   0x00000002   PAD
    0x08009c94   0x08009c94   0x00000078   Code   RO         1926    .text               lftk.o
    0x08009d0c   0x08009d0c   0x00000208   Code   RO         1963    .text               timer.o
    0x08009f14   0x08009f14   0x00000028   Code   RO         1984    .text               demo_main.o
    0x08009f3c   0x08009f3c   0x00000094   Code   RO         2023    .text               resource_manager.o
    0x08009fd0   0x08009fd0   0x00000002   Code   RO         2086    .text               c_w.l(use_no_semi_2.o)
    0x08009fd2   0x08009fd2   0x00000002   PAD
    0x08009fd4   0x08009fd4   0x00000018   Code   RO         2090    .text               c_w.l(noretval__2printf.o)
    0x08009fec   0x08009fec   0x00000068   Code   RO         2092    .text               c_w.l(__printf.o)
    0x0800a054   0x0800a054   0x00000052   Code   RO         2094    .text               c_w.l(_printf_str.o)
    0x0800a0a6   0x0800a0a6   0x00000002   PAD
    0x0800a0a8   0x0800a0a8   0x00000078   Code   RO         2096    .text               c_w.l(_printf_dec.o)
    0x0800a120   0x0800a120   0x00000054   Code   RO         2107    .text               c_w.l(_printf_hex_ptr.o)
    0x0800a174   0x0800a174   0x00000048   Code   RO         2149    .text               c_w.l(strcpy.o)
    0x0800a1bc   0x0800a1bc   0x0000003e   Code   RO         2151    .text               c_w.l(strlen.o)
    0x0800a1fa   0x0800a1fa   0x00000012   Code   RO         2153    .text               c_w.l(wcscpy.o)
    0x0800a20c   0x0800a20c   0x00000012   Code   RO         2155    .text               c_w.l(wcslen.o)
    0x0800a21e   0x0800a21e   0x0000008a   Code   RO         2157    .text               c_w.l(rt_memcpy_v6.o)
    0x0800a2a8   0x0800a2a8   0x00000064   Code   RO         2159    .text               c_w.l(rt_memcpy_w.o)
    0x0800a30c   0x0800a30c   0x00000044   Code   RO         2161    .text               c_w.l(rt_memclr.o)
    0x0800a350   0x0800a350   0x0000004e   Code   RO         2163    .text               c_w.l(rt_memclr_w.o)
    0x0800a39e   0x0800a39e   0x00000056   Code   RO         2165    .text               c_w.l(strncpy.o)
    0x0800a3f4   0x0800a3f4   0x00000080   Code   RO         2167    .text               c_w.l(strcmpv7m.o)
    0x0800a474   0x0800a474   0x00000006   Code   RO         2169    .text               c_w.l(heapauxi.o)
    0x0800a47a   0x0800a47a   0x00000002   Code   RO         2227    .text               c_w.l(use_no_semi.o)
    0x0800a47c   0x0800a47c   0x000000b2   Code   RO         2235    .text               c_w.l(_printf_intcommon.o)
    0x0800a52e   0x0800a52e   0x0000002c   Code   RO         2237    .text               c_w.l(_printf_char.o)
    0x0800a55a   0x0800a55a   0x00000002   PAD
    0x0800a55c   0x0800a55c   0x00000024   Code   RO         2239    .text               c_w.l(_printf_char_file.o)
    0x0800a580   0x0800a580   0x00000008   Code   RO         2259    .text               c_w.l(libspace.o)
    0x0800a588   0x0800a588   0x00000030   Code   RO         2279    .text               c_w.l(_printf_char_common.o)
    0x0800a5b8   0x0800a5b8   0x00000008   Code   RO         2283    .text               c_w.l(ferror.o)
    0x0800a5c0   0x0800a5c0   0x0000004a   Code   RO         2287    .text               c_w.l(sys_stackheap_outer.o)
    0x0800a60a   0x0800a60a   0x00000012   Code   RO         2301    .text               c_w.l(exit.o)
    0x0800a61c   0x0800a61c   0x00000150   Code   RO         2173    x$fpl$dadd          fz_ws.l(daddsub_clz.o)
    0x0800a76c   0x0800a76c   0x00000018   Code   RO         2244    x$fpl$dcmpinf       fz_ws.l(dcmpi.o)
    0x0800a784   0x0800a784   0x000002b0   Code   RO         2180    x$fpl$ddiv          fz_ws.l(ddiv.o)
    0x0800aa34   0x0800aa34   0x00000078   Code   RO         2183    x$fpl$deqf          fz_ws.l(deqf.o)
    0x0800aaac   0x0800aaac   0x0000005e   Code   RO         2185    x$fpl$dfix          fz_ws.l(dfix.o)
    0x0800ab0a   0x0800ab0a   0x0000002e   Code   RO         2190    x$fpl$dflt          fz_ws.l(dflt_clz.o)
    0x0800ab38   0x0800ab38   0x00000026   Code   RO         2189    x$fpl$dfltu         fz_ws.l(dflt_clz.o)
    0x0800ab5e   0x0800ab5e   0x00000002   PAD
    0x0800ab60   0x0800ab60   0x00000078   Code   RO         2246    x$fpl$dleqf         fz_ws.l(dleqf.o)
    0x0800abd8   0x0800abd8   0x00000154   Code   RO         2195    x$fpl$dmul          fz_ws.l(dmul.o)
    0x0800ad2c   0x0800ad2c   0x0000009c   Code   RO         2248    x$fpl$dnaninf       fz_ws.l(dnaninf.o)
    0x0800adc8   0x0800adc8   0x0000000c   Code   RO         2250    x$fpl$dretinf       fz_ws.l(dretinf.o)
    0x0800add4   0x0800add4   0x0000006c   Code   RO         2197    x$fpl$drleqf        fz_ws.l(drleqf.o)
    0x0800ae40   0x0800ae40   0x00000016   Code   RO         2174    x$fpl$drsb          fz_ws.l(daddsub_clz.o)
    0x0800ae56   0x0800ae56   0x00000002   PAD
    0x0800ae58   0x0800ae58   0x000001d4   Code   RO         2175    x$fpl$dsub          fz_ws.l(daddsub_clz.o)
    0x0800b02c   0x0800b02c   0x000000c4   Code   RO         2199    x$fpl$fadd          fz_ws.l(faddsub_clz.o)
    0x0800b0f0   0x0800b0f0   0x00000018   Code   RO         2252    x$fpl$fcmpinf       fz_ws.l(fcmpi.o)
    0x0800b108   0x0800b108   0x00000184   Code   RO         2206    x$fpl$fdiv          fz_ws.l(fdiv.o)
    0x0800b28c   0x0800b28c   0x00000068   Code   RO         2209    x$fpl$feqf          fz_ws.l(feqf.o)
    0x0800b2f4   0x0800b2f4   0x00000036   Code   RO         2211    x$fpl$ffix          fz_ws.l(ffix.o)
    0x0800b32a   0x0800b32a   0x00000002   PAD
    0x0800b32c   0x0800b32c   0x0000003e   Code   RO         2215    x$fpl$ffixu         fz_ws.l(ffixu.o)
    0x0800b36a   0x0800b36a   0x00000002   PAD
    0x0800b36c   0x0800b36c   0x00000030   Code   RO         2220    x$fpl$fflt          fz_ws.l(fflt_clz.o)
    0x0800b39c   0x0800b39c   0x00000026   Code   RO         2219    x$fpl$ffltu         fz_ws.l(fflt_clz.o)
    0x0800b3c2   0x0800b3c2   0x00000002   PAD
    0x0800b3c4   0x0800b3c4   0x00000102   Code   RO         2225    x$fpl$fmul          fz_ws.l(fmul.o)
    0x0800b4c6   0x0800b4c6   0x0000008c   Code   RO         2254    x$fpl$fnaninf       fz_ws.l(fnaninf.o)
    0x0800b552   0x0800b552   0x0000000a   Code   RO         2256    x$fpl$fretinf       fz_ws.l(fretinf.o)
    0x0800b55c   0x0800b55c   0x00000014   Code   RO         2200    x$fpl$frsb          fz_ws.l(faddsub_clz.o)
    0x0800b570   0x0800b570   0x000000ea   Code   RO         2201    x$fpl$fsub          fz_ws.l(faddsub_clz.o)
    0x0800b65a   0x0800b65a   0x00000000   Code   RO         2258    x$fpl$usenofp       fz_ws.l(usenofp.o)
    0x0800b65a   0x0800b65a   0x00000018   Data   RO          486    .constdata          rtc.o
    0x0800b672   0x0800b672   0x00000948   Data   RO          553    .constdata          gui.o
    0x0800bfba   0x0800bfba   0x00000002   PAD
    0x0800bfbc   0x0800bfbc   0x00000040   Data   RO          672    .constdata          button_1.o
    0x0800bffc   0x0800bffc   0x00000040   Data   RO          778    .constdata          check_button.o
    0x0800c03c   0x0800c03c   0x0000005b   Data   RO          845    .constdata          dialog.o
    0x0800c097   0x0800c097   0x00000001   PAD
    0x0800c098   0x0800c098   0x00000240   Data   RO          924    .constdata          enums.o
    0x0800c2d8   0x0800c2d8   0x00000040   Data   RO         1051    .constdata          image.o
    0x0800c318   0x0800c318   0x00000040   Data   RO         1116    .constdata          label.o
    0x0800c358   0x0800c358   0x0000000b   Data   RO         1223    .constdata          mem.o
    0x0800c363   0x0800c363   0x00000001   PAD
    0x0800c364   0x0800c364   0x00000040   Data   RO         1244    .constdata          progress_bar.o
    0x0800c3a4   0x0800c3a4   0x00000104   Data   RO         1329    .constdata          utf8.o
    0x0800c4a8   0x0800c4a8   0x00000038   Data   RO         1379    .constdata          widget.o
    0x0800c4e0   0x0800c4e0   0x00000040   Data   RO         1423    .constdata          widget_vtable.o
    0x0800c520   0x0800c520   0x00000040   Data   RO         1465    .constdata          window.o
    0x0800c560   0x0800c560   0x00000055   Data   RO         1507    .constdata          window_manager.o
    0x0800c5b5   0x0800c5b5   0x0000772d   Data   RO         1746    .constdata          resource.o
    0x08013ce2   0x08013ce2   0x00000028   Data   RO         2108    .constdata          c_w.l(_printf_hex_ptr.o)
    0x08013d0a   0x08013d0a   0x00000002   PAD
    0x08013d0c   0x08013d0c   0x000001e6   Data   RO          925    .conststring        enums.o
    0x08013ef2   0x08013ef2   0x00000002   PAD
    0x08013ef4   0x08013ef4   0x00000020   Data   RO         2429    Region$$Table       anon$$obj.o


    Execution Region RW_IRAM1 (Exec base: 0x20000000, Load base: 0x08013f14, Size: 0x00003860, Max: 0x00010000, ABSOLUTE)

    Exec Addr    Load Addr    Size         Type   Attr      Idx    E Section Name        Object

    0x20000000   0x08013f14   0x00000014   Data   RW          105    .data               system_stm32f10x.o
    0x20000014   0x08013f28   0x00000004   Data   RW          123    .data               delay.o
    0x20000018   0x08013f2c   0x00000006   Data   RW          182    .data               usart.o
    0x2000001e   0x08013f32   0x00000014   Data   RW          246    .data               stm32f10x_rcc.o
    0x20000032   0x08013f46   0x00000001   Data   RW          416    .data               led.o
    0x20000033   0x08013f47   0x00000001   Data   RW          450    .data               button.o
    0x20000034   0x08013f48   0x00000004   Data   RW          466    .data               tim.o
    0x20000038   0x08013f4c   0x0000000a   Data   RW          487    .data               rtc.o
    0x20000042   0x08013f56   0x00000008   Data   RW          514    .data               touch.o
    0x2000004a   0x08013f5e   0x00000002   PAD
    0x2000004c   0x08013f60   0x00000004   Data   RW          989    .data               font_manager.o
    0x20000050   0x08013f64   0x00000004   Data   RW         1093    .data               image_manager.o
    0x20000054   0x08013f68   0x00000004   Data   RW         1183    .data               main_loop.o
    0x20000058   0x08013f6c   0x00000004   Data   RW         1305    .data               theme.o
    0x2000005c   0x08013f70   0x00000004   Data   RW         1508    .data               window_manager.o
    0x20000060   0x08013f74   0x00000008   Data   RW         1637    .data               lcd_stm32_raw.o
    0x20000068   0x08013f7c   0x0000000c   Data   RW         1964    .data               timer.o
    0x20000074   0x08013f88   0x00000008   Data   RW         2024    .data               resource_manager.o
    0x2000007c        -       0x000000c8   Zero   RW          181    .bss                usart.o
    0x20000144        -       0x0000000a   Zero   RW          485    .bss                rtc.o
    0x2000014e   0x08013f90   0x00000002   PAD
    0x20000150        -       0x0000000c   Zero   RW          513    .bss                touch.o
    0x2000015c        -       0x00001000   Zero   RW          574    .bss                flash.o
    0x2000115c        -       0x00000040   Zero   RW         1012    .bss                group_box.o
    0x2000119c        -       0x00000010   Zero   RW         1222    .bss                mem.o
    0x200011ac        -       0x00000054   Zero   RW         1670    .bss                main_loop_stm32_raw.o
    0x20001200        -       0x00002000   Zero   RW         1985    .bss                demo_main.o
    0x20003200        -       0x00000060   Zero   RW         2260    .bss                c_w.l(libspace.o)
    0x20003260        -       0x00000200   Zero   RW          215    HEAP                startup_stm32f10x_hd.o
    0x20003460        -       0x00000400   Zero   RW          214    STACK               startup_stm32f10x_hd.o


==============================================================================

Image component sizes


      Code (inc. data)   RO Data    RW Data    ZI Data      Debug   Object Name

       552          0          0          0          0       7105   array.o
        56          0          0          0          0       1927   bitmap.o
       256         12          0          1          0        814   button.o
       560          6         64          0          0      17076   button_1.o
      2960         24          0          0          0      19233   canvas.o
       860         22         64          0          0      12633   check_button.o
        24          0          0          0          0        609   color.o
         0          0          0          0          0         32   core_cm3.o
       212         18          0          4          0     205723   delay.o
      1096        220          0          0          0      10387   demo1_app.o
        40          4          0          0       8192       1475   demo_main.o
       816         62         91          0          0      11518   dialog.o
       658          0          0          0          0       8274   emitter.o
       256         24       1062          0          0       4120   enums.o
       924         12          0          0       4096       3325   flash.o
        54          0          0          0          0       2435   font.o
       248         12          0          0          0       4346   font_bitmap.o
       272          6          0          4          0       4071   font_manager.o
        84          4          0          0         64       8203   group_box.o
      1072         12       2376          0          0       5587   gui.o
       276          4         64          0          0       9504   image.o
       176          6          0          0          0       3349   image_loader_bitmap.o
       408          8          0          4          0       4457   image_manager.o
       768         46         64          0          0      11517   label.o
       326          0          0          0          0       5914   lcd.o
       696         18          0          0          0       2060   lcd_driver.o
      1036         44          0          8          0       8859   lcd_stm32_raw.o
       164         10          0          1          0        703   led.o
       120          6          0          0          0       1603   lftk.o
       104          4          0          4          0       2169   main_loop.o
       400         34          0          0         84      10457   main_loop_stm32_raw.o
       808        106         11          0         16       4080   mem.o
       220         22          0          0          0       1877   misc.o
       824         38         64          0          0      11042   progress_bar.o
       162          0          0          0          0       1201   rect.o
       168         44      30509          0          0       3933   resource.o
       148          4          0          8          0       3045   resource_manager.o
      1120         64         24         10         10       4383   rtc.o
       476         16          0          0          0       1796   spi.o
        64         26        304          0       1536        780   startup_stm32f10x_hd.o
        74          0          0          0          0       1183   stm32f103ze_raw.o
       196          8          0          0          0       3576   stm32f10x_bkp.o
      1548         18          0          0          0       5455   stm32f10x_fsmc.o
       860         38          0          0          0       5809   stm32f10x_gpio.o
        26          0          0          0          0      63882   stm32f10x_it.o
       204         14          0          0          0       1931   stm32f10x_pwr.o
       932         36          0         20          0       8960   stm32f10x_rcc.o
       328          4          0          0          0       2702   stm32f10x_rtc.o
       780         14          0          0          0       6690   stm32f10x_spi.o
      3610         88          0          0          0      22916   stm32f10x_tim.o
      1032         22          0          0          0       8532   stm32f10x_usart.o
       480         38          0         20          0       1795   system_stm32f10x.o
       572         10          0          4          0       4264   theme.o
       572         24          0          4          0       1897   tim.o
       520         18          0         12          0       3531   timer.o
      1088         38          0          8         12       4310   touch.o
       300         18          0          6        200       3198   usart.o
       892         90        260          0          0       6241   utf8.o
      1008         30          0          0          0       3873   utils.o
       908         32          0          0          0       9892   value.o
      3384        126         56          0          0      25781   widget.o
       500          6         64          0          0      13173   widget_vtable.o
       160          4         64          0          0       8488   window.o
       788         40         85          4          0      12217   window_manager.o
       190          0          0          0          0       3420   wstr.o

    ----------------------------------------------------------------------
     40432       1654      35264        124      14212     655338   Object Totals
         0          0         32          0          0          0   (incl. Generated)
        16          0          6          2          2          0   (incl. Padding)

    ----------------------------------------------------------------------

      Code (inc. data)   RO Data    RW Data    ZI Data      Debug   Library Member Name

         8          0          0          0          0         68   __main.o
       104          0          0          0          0         84   __printf.o
         0          0          0          0          0          0   __rtentry.o
        12          0          0          0          0          0   __rtentry2.o
         6          0          0          0          0          0   __rtentry4.o
        52          8          0          0          0          0   __scatter.o
        26          0          0          0          0          0   __scatter_copy.o
        28          0          0          0          0          0   __scatter_zi.o
        44          0          0          0          0        108   _printf_char.o
        48          6          0          0          0         96   _printf_char_common.o
        36          4          0          0          0         80   _printf_char_file.o
         6          0          0          0          0          0   _printf_d.o
       120         16          0          0          0         92   _printf_dec.o
        84          6         40          0          0         88   _printf_hex_ptr.o
       178          0          0          0          0         88   _printf_intcommon.o
         6          0          0          0          0          0   _printf_p.o
         0          0          0          0          0          0   _printf_percent.o
         4          0          0          0          0          0   _printf_percent_end.o
         6          0          0          0          0          0   _printf_s.o
        82          0          0          0          0         80   _printf_str.o
        18          0          0          0          0         80   exit.o
         8          0          0          0          0         68   ferror.o
         6          0          0          0          0        152   heapauxi.o
         2          0          0          0          0          0   libinit.o
         2          0          0          0          0          0   libinit2.o
         2          0          0          0          0          0   libshutdown.o
         2          0          0          0          0          0   libshutdown2.o
         8          4          0          0         96         68   libspace.o
        24          4          0          0          0         84   noretval__2printf.o
        68          0          0          0          0         68   rt_memclr.o
        78          0          0          0          0         80   rt_memclr_w.o
       138          0          0          0          0         68   rt_memcpy_v6.o
       100          0          0          0          0         80   rt_memcpy_w.o
         2          0          0          0          0          0   rtexit.o
        10          0          0          0          0          0   rtexit2.o
       128          0          0          0          0         68   strcmpv7m.o
        72          0          0          0          0         80   strcpy.o
        62          0          0          0          0         76   strlen.o
        86          0          0          0          0         76   strncpy.o
        74          0          0          0          0         80   sys_stackheap_outer.o
         2          0          0          0          0         68   use_no_semi.o
         2          0          0          0          0         68   use_no_semi_2.o
        18          0          0          0          0         68   wcscpy.o
        18          0          0          0          0         68   wcslen.o
       826         16          0          0          0        348   daddsub_clz.o
        24          0          0          0          0         68   dcmpi.o
       688        140          0          0          0        208   ddiv.o
       120          4          0          0          0         92   deqf.o
        94          4          0          0          0         92   dfix.o
        84          0          0          0          0        136   dflt_clz.o
       120          4          0          0          0         92   dleqf.o
       340         12          0          0          0        104   dmul.o
       156          4          0          0          0         92   dnaninf.o
        12          0          0          0          0         68   dretinf.o
       108          0          0          0          0         80   drleqf.o
       450          8          0          0          0        236   faddsub_clz.o
        24          0          0          0          0         68   fcmpi.o
       388         76          0          0          0         96   fdiv.o
       104          4          0          0          0         84   feqf.o
        54          4          0          0          0         84   ffix.o
        62          4          0          0          0         84   ffixu.o
        86          0          0          0          0        136   fflt_clz.o
       258          4          0          0          0         84   fmul.o
       140          4          0          0          0         84   fnaninf.o
        10          0          0          0          0         68   fretinf.o
         0          0          0          0          0          0   usenofp.o

    ----------------------------------------------------------------------
      5946        336         42          0         96       4588   Library Totals
        18          0          2          0          0          0   (incl. Padding)

    ----------------------------------------------------------------------

      Code (inc. data)   RO Data    RW Data    ZI Data      Debug   Library Name

      1780         48         40          0         96       2184   c_w.l
      4148        288          0          0          0       2404   fz_ws.l

    ----------------------------------------------------------------------
      5946        336         42          0         96       4588   Library Totals

    ----------------------------------------------------------------------

==============================================================================


      Code (inc. data)   RO Data    RW Data    ZI Data      Debug   

     46378       1990      35306        124      14308     652070   Grand Totals
     46378       1990      35306        124      14308     652070   ELF Image Totals
     46378       1990      35306        124          0          0   ROM Totals

==============================================================================

    Total RO  Size (Code + RO Data)                81684 (  79.77kB)
    Total RW  Size (RW Data + ZI Data)             14432 (  14.09kB)
    Total ROM Size (Code + RO Data + RW Data)      81808 (  79.89kB)

==============================================================================

